Microsoft (R) COFF/PE Dumper Version 12.00.40629.0
Copyright (C) Microsoft Corporation.  All rights reserved.


Dump of file C:\native86\results\x86-transport-candidate-codec\x86-transport-candidate-codec.obj

File Type: COFF OBJECT

COFF SYMBOL TABLE
000 00E19EB5 ABS    notype       Static       | @comp.id
001 80000191 ABS    notype       Static       | @feat.00
002 00000000 SECT1  notype       Static       | .drectve
    Section length   C2, #relocs    0, #linenums    0, checksum        0
004 00000000 SECT2  notype       Static       | .debug$S
    Section length   A4, #relocs    0, #linenums    0, checksum        0
006 00000000 SECT3  notype       Static       | .text$mn
    Section length  E7C, #relocs   6A, #linenums    0, checksum CB5E5C5A
008 00000000 SECT4  notype       Static       | .text$x
    Section length   69, #relocs    C, #linenums    0, checksum D3612870
00A 00000000 SECT5  notype       Static       | .text$mn
    Section length    7, #relocs    0, #linenums    0, checksum F9769C6B, selection    2 (pick any)
00C 00000000 SECT6  notype       Static       | .text$mn
    Section length   2A, #relocs    3, #linenums    0, checksum DCD4EFED, selection    2 (pick any)
00E 00000000 SECT7  notype       Static       | .text$mn
    Section length   12, #relocs    0, #linenums    0, checksum FC69FD2C, selection    2 (pick any)
010 00000000 SECT8  notype       Static       | .text$mn
    Section length   3A, #relocs    2, #linenums    0, checksum C7A8FC3C, selection    2 (pick any)
012 00000000 SECT9  notype       Static       | .text$mn
    Section length   40, #relocs    2, #linenums    0, checksum 7629844C, selection    2 (pick any)
014 00000000 SECTA  notype       Static       | .text$mn
    Section length   20, #relocs    2, #linenums    0, checksum 8341FA3B, selection    2 (pick any)
016 00000000 SECTB  notype       Static       | .text$mn
    Section length   20, #relocs    2, #linenums    0, checksum 8341FA3B, selection    2 (pick any)
018 00000000 SECTC  notype       Static       | .text$mn
    Section length   52, #relocs    4, #linenums    0, checksum CA45CC3A, selection    2 (pick any)
01A 00000000 SECTD  notype       Static       | .text$mn
    Section length   52, #relocs    4, #linenums    0, checksum CA45CC3A, selection    2 (pick any)
01C 00000000 SECTE  notype       Static       | .text$mn
    Section length   36, #relocs    2, #linenums    0, checksum A0C244B2, selection    2 (pick any)
01E 00000000 SECTF  notype       Static       | .text$mn
    Section length   36, #relocs    2, #linenums    0, checksum A0C244B2, selection    2 (pick any)
020 00000000 SECT10 notype       Static       | .text$mn
    Section length   34, #relocs    2, #linenums    0, checksum  CFC7E80, selection    2 (pick any)
022 00000000 SECT11 notype       Static       | .text$mn
    Section length    5, #relocs    0, #linenums    0, checksum 672BE856, selection    2 (pick any)
024 00000000 SECT12 notype       Static       | .text$mn
    Section length    7, #relocs    0, #linenums    0, checksum 96F779C9, selection    2 (pick any)
026 00000000 SECT13 notype       Static       | .text$mn
    Section length   49, #relocs    4, #linenums    0, checksum D2AE8FAE, selection    2 (pick any)
028 00000000 SECT14 notype       Static       | .text$mn
    Section length   49, #relocs    4, #linenums    0, checksum D2AE8FAE, selection    2 (pick any)
02A 00000000 SECT15 notype       Static       | .text$mn
    Section length   32, #relocs    2, #linenums    0, checksum C71006BF, selection    2 (pick any)
02C 00000000 SECT16 notype       Static       | .text$mn
    Section length  2B5, #relocs   22, #linenums    0, checksum 1DF3AB79, selection    2 (pick any)
02E 00000000 SECT17 notype       Static       | .text$x
    Section length   23, #relocs    4, #linenums    0, checksum 9B1ED4D6, selection    5 (pick associative Section 0x16)
030 00000000 SECT18 notype       Static       | .text$mn
    Section length   13, #relocs    0, #linenums    0, checksum  3A83E6A, selection    2 (pick any)
032 00000000 SECT19 notype       Static       | .text$mn
    Section length   13, #relocs    0, #linenums    0, checksum  3A83E6A, selection    2 (pick any)
034 00000000 SECT1A notype       Static       | .text$mn
    Section length    8, #relocs    0, #linenums    0, checksum 9FC65074, selection    2 (pick any)
036 00000000 SECT1B notype       Static       | .text$mn
    Section length    8, #relocs    0, #linenums    0, checksum 9FC65074, selection    2 (pick any)
038 00000000 SECT1C notype       Static       | .text$mn
    Section length    8, #relocs    0, #linenums    0, checksum 9FC65074, selection    2 (pick any)
03A 00000000 SECT1D notype       Static       | .text$mn
    Section length    B, #relocs    0, #linenums    0, checksum 731C78BA, selection    2 (pick any)
03C 00000000 SECT1E notype       Static       | .text$mn
    Section length    B, #relocs    0, #linenums    0, checksum 731C78BA, selection    2 (pick any)
03E 00000000 SECT1F notype       Static       | .text$mn
    Section length   10, #relocs    0, #linenums    0, checksum AC55EF42, selection    2 (pick any)
040 00000000 SECT20 notype       Static       | .text$mn
    Section length   33, #relocs    3, #linenums    0, checksum 3057F233, selection    2 (pick any)
042 00000000 SECT21 notype       Static       | .text$mn
    Section length   E9, #relocs    1, #linenums    0, checksum 1067EA2D, selection    2 (pick any)
044 00000000 SECT22 notype       Static       | .text$mn
    Section length   15, #relocs    1, #linenums    0, checksum  8FF34F7, selection    2 (pick any)
046 00000000 SECT23 notype       Static       | .text$mn
    Section length   15, #relocs    1, #linenums    0, checksum  8FF34F7, selection    2 (pick any)
048 00000000 SECT24 notype       Static       | .text$mn
    Section length   33, #relocs    2, #linenums    0, checksum A0A9D5D2, selection    2 (pick any)
04A 00000000 SECT25 notype       Static       | .text$mn
    Section length   33, #relocs    2, #linenums    0, checksum A0A9D5D2, selection    2 (pick any)
04C 00000000 SECT26 notype       Static       | .text$mn
    Section length    8, #relocs    0, #linenums    0, checksum 9FC65074, selection    2 (pick any)
04E 00000000 SECT27 notype       Static       | .text$mn
    Section length    8, #relocs    0, #linenums    0, checksum 9FC65074, selection    2 (pick any)
050 00000000 SECT28 notype       Static       | .text$mn
    Section length   58, #relocs    5, #linenums    0, checksum AAF97C3B, selection    2 (pick any)
052 00000000 SECT29 notype       Static       | .text$mn
    Section length   38, #relocs    2, #linenums    0, checksum 17DF2223, selection    2 (pick any)
054 00000000 SECT2A notype       Static       | .text$mn
    Section length   58, #relocs    5, #linenums    0, checksum  928D9D7, selection    2 (pick any)
056 00000000 SECT2B notype       Static       | .text$mn
    Section length   45, #relocs    3, #linenums    0, checksum  182625D, selection    2 (pick any)
058 00000000 SECT2C notype       Static       | .text$mn
    Section length   47, #relocs    5, #linenums    0, checksum 71FACC09, selection    2 (pick any)
05A 00000000 SECT2D notype       Static       | .text$mn
    Section length   47, #relocs    5, #linenums    0, checksum 71FACC09, selection    2 (pick any)
05C 00000000 SECT2E notype       Static       | .text$mn
    Section length    7, #relocs    0, #linenums    0, checksum 96F779C9, selection    2 (pick any)
05E 00000000 SECT2F notype       Static       | .text$mn
    Section length    8, #relocs    0, #linenums    0, checksum 9FC65074, selection    2 (pick any)
060 00000000 SECT30 notype       Static       | .text$mn
    Section length   2E, #relocs    2, #linenums    0, checksum 7341AA72, selection    2 (pick any)
062 00000000 SECT31 notype       Static       | .text$mn
    Section length   D4, #relocs    B, #linenums    0, checksum  37EA6B4, selection    2 (pick any)
064 00000000 SECT32 notype       Static       | .text$mn
    Section length   D4, #relocs    B, #linenums    0, checksum  37EA6B4, selection    2 (pick any)
066 00000000 SECT33 notype       Static       | .text$mn
    Section length   2A, #relocs    2, #linenums    0, checksum DD7DBD75, selection    2 (pick any)
068 00000000 SECT34 notype       Static       | .text$mn
    Section length   86, #relocs    4, #linenums    0, checksum B6A5357C, selection    2 (pick any)
06A 00000000 SECT35 notype       Static       | .text$x
    Section length   2C, #relocs    4, #linenums    0, checksum EBB4DEC8, selection    5 (pick associative Section 0x34)
06C 00000000 SECT36 notype       Static       | .text$mn
    Section length   1E, #relocs    2, #linenums    0, checksum FD521FF5, selection    2 (pick any)
06E 00000000 SECT37 notype       Static       | .text$mn
    Section length   2A, #relocs    2, #linenums    0, checksum DD7DBD75, selection    2 (pick any)
070 00000000 SECT38 notype       Static       | .text$mn
    Section length   8C, #relocs    4, #linenums    0, checksum 2EBC7424, selection    2 (pick any)
072 00000000 SECT39 notype       Static       | .text$x
    Section length   2C, #relocs    4, #linenums    0, checksum EBB4DEC8, selection    5 (pick associative Section 0x38)
074 00000000 SECT3A notype       Static       | .text$mn
    Section length   1E, #relocs    2, #linenums    0, checksum FD521FF5, selection    2 (pick any)
076 00000000 SECT3B notype       Static       | .text$mn
    Section length   1D, #relocs    1, #linenums    0, checksum  194F6F6, selection    2 (pick any)
078 00000000 SECT3C notype       Static       | .text$mn
    Section length    D, #relocs    0, #linenums    0, checksum FEDA5EFE, selection    2 (pick any)
07A 00000000 SECT3D notype       Static       | .text$mn
    Section length   11, #relocs    1, #linenums    0, checksum 3F64F992, selection    2 (pick any)
07C 00000000 SECT3E notype       Static       | .text$mn
    Section length   3E, #relocs    2, #linenums    0, checksum B4C59283, selection    2 (pick any)
07E 00000000 SECT3F notype       Static       | .text$mn
    Section length    8, #relocs    0, #linenums    0, checksum 9FC65074, selection    2 (pick any)
080 00000000 SECT40 notype       Static       | .text$mn
    Section length    8, #relocs    0, #linenums    0, checksum 9FC65074, selection    2 (pick any)
082 00000000 SECT41 notype       Static       | .text$mn
    Section length   E1, #relocs    9, #linenums    0, checksum D3A7F5FD, selection    2 (pick any)
084 00000000 SECT42 notype       Static       | .text$x
    Section length   2B, #relocs    5, #linenums    0, checksum FB1A6C7A, selection    5 (pick associative Section 0x41)
086 00000000 SECT43 notype       Static       | .text$mn
    Section length   15, #relocs    1, #linenums    0, checksum  8FF34F7, selection    2 (pick any)
088 00000000 SECT44 notype       Static       | .text$mn
    Section length   BC, #relocs    9, #linenums    0, checksum F8B3A13B, selection    2 (pick any)
08A 00000000 SECT45 notype       Static       | .text$mn
    Section length   BC, #relocs    9, #linenums    0, checksum F8B3A13B, selection    2 (pick any)
08C 00000000 SECT46 notype       Static       | .text$mn
    Section length   E1, #relocs    B, #linenums    0, checksum D4638579, selection    2 (pick any)
08E 00000000 SECT47 notype       Static       | .text$mn
    Section length   E1, #relocs    B, #linenums    0, checksum D4638579, selection    2 (pick any)
090 00000000 SECT48 notype       Static       | .text$mn
    Section length   B1, #relocs    B, #linenums    0, checksum F7312A0D, selection    2 (pick any)
092 00000000 SECT49 notype       Static       | .text$mn
    Section length   3F, #relocs    3, #linenums    0, checksum 6BAE4636, selection    2 (pick any)
094 00000000 SECT4A notype       Static       | .text$mn
    Section length   3F, #relocs    3, #linenums    0, checksum DF9AA485, selection    2 (pick any)
096 00000000 SECT4B notype       Static       | .text$mn
    Section length   3F, #relocs    3, #linenums    0, checksum DF9AA485, selection    2 (pick any)
098 00000000 SECT4C notype       Static       | .text$mn
    Section length   1C, #relocs    1, #linenums    0, checksum F4C93157, selection    2 (pick any)
09A 00000000 SECT4D notype       Static       | .text$mn
    Section length   16, #relocs    1, #linenums    0, checksum  FE9A807, selection    2 (pick any)
09C 00000000 SECT4E notype       Static       | .text$mn
    Section length   58, #relocs    4, #linenums    0, checksum CEE6C226, selection    2 (pick any)
09E 00000000 SECT4F notype       Static       | .text$x
    Section length   23, #relocs    4, #linenums    0, checksum 5B6E1E5A, selection    5 (pick associative Section 0x4E)
0A0 00000000 SECT50 notype       Static       | .text$mn
    Section length   28, #relocs    1, #linenums    0, checksum 995C1DC8, selection    2 (pick any)
0A2 00000000 SECT51 notype       Static       | .text$mn
    Section length   65, #relocs    4, #linenums    0, checksum  B9F694A, selection    2 (pick any)
0A4 00000000 SECT52 notype       Static       | .text$x
    Section length   23, #relocs    4, #linenums    0, checksum 5B6E1E5A, selection    5 (pick associative Section 0x51)
0A6 00000000 SECT53 notype       Static       | .text$mn
    Section length   1C, #relocs    1, #linenums    0, checksum F4C93157, selection    2 (pick any)
0A8 00000000 SECT54 notype       Static       | .text$mn
    Section length   20, #relocs    1, #linenums    0, checksum 39ADB9E7, selection    2 (pick any)
0AA 00000000 SECT55 notype       Static       | .text$mn
    Section length   34, #relocs    1, #linenums    0, checksum 2B95B42E, selection    2 (pick any)
0AC 00000000 SECT56 notype       Static       | .text$mn
    Section length   16, #relocs    1, #linenums    0, checksum  FE9A807, selection    2 (pick any)
0AE 00000000 SECT57 notype       Static       | .text$mn
    Section length   16, #relocs    1, #linenums    0, checksum  FE9A807, selection    2 (pick any)
0B0 00000000 SECT58 notype       Static       | .text$mn
    Section length   10, #relocs    0, #linenums    0, checksum 4436CFFC, selection    2 (pick any)
0B2 00000000 SECT59 notype       Static       | .text$mn
    Section length    E, #relocs    0, #linenums    0, checksum 4DE4BFBE, selection    2 (pick any)
0B4 00000000 SECT5A notype       Static       | .text$mn
    Section length    E, #relocs    0, #linenums    0, checksum 4DE4BFBE, selection    2 (pick any)
0B6 00000000 SECT5B notype       Static       | .text$mn
    Section length   21, #relocs    2, #linenums    0, checksum 7FD47114, selection    2 (pick any)
0B8 00000000 SECT5C notype       Static       | .text$mn
    Section length   18, #relocs    0, #linenums    0, checksum 929BE4BF, selection    2 (pick any)
0BA 00000000 SECT5D notype       Static       | .text$mn
    Section length   18, #relocs    0, #linenums    0, checksum 3E2EABB3, selection    2 (pick any)
0BC 00000000 SECT5E notype       Static       | .text$mn
    Section length   16, #relocs    1, #linenums    0, checksum  FE9A807, selection    2 (pick any)
0BE 00000000 SECT5F notype       Static       | .text$mn
    Section length   17, #relocs    0, #linenums    0, checksum DCB33672, selection    2 (pick any)
0C0 00000000 SECT60 notype       Static       | .text$mn
    Section length   21, #relocs    0, #linenums    0, checksum  9AF886A, selection    2 (pick any)
0C2 00000000 SECT61 notype       Static       | .text$mn
    Section length   2F, #relocs    1, #linenums    0, checksum F165C871, selection    2 (pick any)
0C4 00000000 SECT62 notype       Static       | .text$mn
    Section length   21, #relocs    0, #linenums    0, checksum  9AF886A, selection    2 (pick any)
0C6 00000000 SECT63 notype       Static       | .text$mn
    Section length   13, #relocs    1, #linenums    0, checksum 58B0A1A3, selection    2 (pick any)
0C8 00000000 SECT64 notype       Static       | .text$mn
    Section length   1B, #relocs    2, #linenums    0, checksum 423E1A34, selection    2 (pick any)
0CA 00000000 SECT65 notype       Static       | .text$mn
    Section length   13, #relocs    1, #linenums    0, checksum 58B0A1A3, selection    2 (pick any)
0CC 00000000 SECT66 notype       Static       | .text$mn
    Section length   13, #relocs    1, #linenums    0, checksum 58B0A1A3, selection    2 (pick any)
0CE 00000000 SECT67 notype       Static       | .text$mn
    Section length   13, #relocs    1, #linenums    0, checksum 58B0A1A3, selection    2 (pick any)
0D0 00000000 SECT68 notype       Static       | .text$mn
    Section length   1B, #relocs    2, #linenums    0, checksum 423E1A34, selection    2 (pick any)
0D2 00000000 SECT69 notype       Static       | .text$mn
    Section length   13, #relocs    1, #linenums    0, checksum 58B0A1A3, selection    2 (pick any)
0D4 00000000 SECT6A notype       Static       | .text$mn
    Section length   13, #relocs    1, #linenums    0, checksum 58B0A1A3, selection    2 (pick any)
0D6 00000000 SECT6B notype       Static       | .text$mn
    Section length   27, #relocs    3, #linenums    0, checksum 91EAE158, selection    2 (pick any)
0D8 00000000 SECT6C notype       Static       | .text$mn
    Section length    8, #relocs    0, #linenums    0, checksum 98CFF8A8, selection    2 (pick any)
0DA 00000000 SECT6D notype       Static       | .text$mn
    Section length    5, #relocs    0, #linenums    0, checksum 672BE856, selection    2 (pick any)
0DC 00000000 SECT6E notype       Static       | .text$mn
    Section length   8C, #relocs    6, #linenums    0, checksum 701F6409, selection    2 (pick any)
0DE 00000000 SECT6F notype       Static       | .text$x
    Section length   23, #relocs    4, #linenums    0, checksum E5A4DC84, selection    5 (pick associative Section 0x6E)
0E0 00000000 SECT70 notype       Static       | .text$mn
    Section length   83, #relocs    6, #linenums    0, checksum D56A8410, selection    2 (pick any)
0E2 00000000 SECT71 notype       Static       | .text$x
    Section length   23, #relocs    4, #linenums    0, checksum 60D13B83, selection    5 (pick associative Section 0x70)
0E4 00000000 SECT72 notype       Static       | .text$mn
    Section length   C1, #relocs    F, #linenums    0, checksum A320A3EB, selection    2 (pick any)
0E6 00000000 SECT73 notype       Static       | .text$mn
    Section length   1C, #relocs    1, #linenums    0, checksum F4C93157, selection    2 (pick any)
0E8 00000000 SECT74 notype       Static       | .text$di
    Section length    D, #relocs    0, #linenums    0, checksum A512431E, selection    2 (pick any)
0EA 00000000 SECT75 notype       Static       | .text$di
    Section length    D, #relocs    0, #linenums    0, checksum A512431E, selection    2 (pick any)
0EC 00000000 SECT76 notype       Static       | .text$mn
    Section length   C0, #relocs    8, #linenums    0, checksum DAC98EE2, selection    2 (pick any)
0EE 00000000 SECT77 notype       Static       | .text$x
    Section length   2B, #relocs    5, #linenums    0, checksum E23F207C, selection    5 (pick associative Section 0x76)
0F0 00000000 SECT78 notype       Static       | .text$mn
    Section length   45, #relocs    4, #linenums    0, checksum 2D4CA28F, selection    2 (pick any)
0F2 00000000 SECT79 notype       Static       | .text$mn
    Section length   14, #relocs    0, #linenums    0, checksum CCF0F6D5, selection    2 (pick any)
0F4 00000000 SECT7A notype       Static       | .text$mn
    Section length   2F, #relocs    2, #linenums    0, checksum D117847A, selection    2 (pick any)
0F6 00000000 SECT7B notype       Static       | .text$mn
    Section length   44, #relocs    4, #linenums    0, checksum F0D9C26C, selection    2 (pick any)
0F8 00000000 SECT7C notype       Static       | .text$mn
    Section length   18, #relocs    1, #linenums    0, checksum A0744C79, selection    2 (pick any)
0FA 00000000 SECT7D notype       Static       | .text$mn
    Section length   2B, #relocs    0, #linenums    0, checksum 4B4D94AC, selection    2 (pick any)
0FC 00000000 SECT7E notype       Static       | .text$mn
    Section length   2C, #relocs    0, #linenums    0, checksum 92B32969, selection    2 (pick any)
0FE 00000000 SECT7F notype       Static       | .text$mn
    Section length   11, #relocs    0, #linenums    0, checksum A686E293, selection    2 (pick any)
100 00000000 SECT80 notype       Static       | .text$mn
    Section length   59, #relocs    2, #linenums    0, checksum E4B7F97F, selection    2 (pick any)
102 00000000 SECT81 notype       Static       | .text$mn
    Section length   38, #relocs    0, #linenums    0, checksum 5498FD17, selection    2 (pick any)
104 00000000 SECT82 notype       Static       | .text$mn
    Section length   62, #relocs    2, #linenums    0, checksum 702125DB, selection    2 (pick any)
106 00000000 SECT83 notype       Static       | .text$mn
    Section length   72, #relocs    3, #linenums    0, checksum 579872D5, selection    2 (pick any)
108 00000000 SECT84 notype       Static       | .text$mn
    Section length   B8, #relocs    8, #linenums    0, checksum 7A16F636, selection    2 (pick any)
10A 00000000 SECT85 notype       Static       | .text$x
    Section length   23, #relocs    4, #linenums    0, checksum 35C6484E, selection    5 (pick associative Section 0x84)
10C 00000000 SECT86 notype       Static       | .text$mn
    Section length  134, #relocs    E, #linenums    0, checksum 3B114ABF, selection    2 (pick any)
10E 00000000 SECT87 notype       Static       | .text$x
    Section length   1B, #relocs    3, #linenums    0, checksum 2EBA18B0, selection    5 (pick associative Section 0x86)
110 00000000 SECT88 notype       Static       | .text$mn
    Section length   5A, #relocs    7, #linenums    0, checksum 1A50E232, selection    2 (pick any)
112 00000000 SECT89 notype       Static       | .text$mn
    Section length   5F, #relocs    2, #linenums    0, checksum 580019BE, selection    2 (pick any)
114 00000000 SECT8A notype       Static       | .text$mn
    Section length   1D, #relocs    1, #linenums    0, checksum  194F6F6, selection    2 (pick any)
116 00000000 SECT8B notype       Static       | .text$mn
    Section length   79, #relocs    4, #linenums    0, checksum 4A2202E2, selection    2 (pick any)
118 00000000 SECT8C notype       Static       | .text$mn
    Section length   17, #relocs    0, #linenums    0, checksum 20C7DECC, selection    2 (pick any)
11A 00000000 SECT8D notype       Static       | .text$mn
    Section length   15, #relocs    2, #linenums    0, checksum 56CE9215, selection    2 (pick any)
11C 00000000 SECT8E notype       Static       | .text$mn
    Section length   19, #relocs    1, #linenums    0, checksum BD6B49F2, selection    2 (pick any)
11E 00000000 SECT8F notype       Static       | .text$mn
    Section length   19, #relocs    1, #linenums    0, checksum BD6B49F2, selection    2 (pick any)
120 00000000 SECT90 notype       Static       | .text$mn
    Section length   1B, #relocs    1, #linenums    0, checksum A083A8B9, selection    2 (pick any)
122 00000000 SECT91 notype       Static       | .text$mn
    Section length   1B, #relocs    1, #linenums    0, checksum A083A8B9, selection    2 (pick any)
124 00000000 SECT92 notype       Static       | .text$mn
    Section length   23, #relocs    1, #linenums    0, checksum  2B24C82, selection    2 (pick any)
126 00000000 SECT93 notype       Static       | .text$mn
    Section length   17, #relocs    0, #linenums    0, checksum E53733CD, selection    2 (pick any)
128 00000000 SECT94 notype       Static       | .text$mn
    Section length   1D, #relocs    1, #linenums    0, checksum F0D1C1B9, selection    2 (pick any)
12A 00000000 SECT95 notype       Static       | .text$mn
    Section length   1D, #relocs    1, #linenums    0, checksum F0D1C1B9, selection    2 (pick any)
12C 00000000 SECT96 notype       Static       | .text$mn
    Section length   19, #relocs    1, #linenums    0, checksum 92C9EDFA, selection    2 (pick any)
12E 00000000 SECT97 notype       Static       | .text$mn
    Section length   19, #relocs    1, #linenums    0, checksum 92C9EDFA, selection    2 (pick any)
130 00000000 SECT98 notype       Static       | .text$mn
    Section length   23, #relocs    1, #linenums    0, checksum E27B5CE5, selection    2 (pick any)
132 00000000 SECT99 notype       Static       | .text$mn
    Section length   67, #relocs    1, #linenums    0, checksum AD94408D, selection    2 (pick any)
134 00000000 SECT9A notype       Static       | .text$mn
    Section length   48, #relocs    3, #linenums    0, checksum 81091D3D, selection    2 (pick any)
136 00000000 SECT9B notype       Static       | .text$mn
    Section length   5B, #relocs    5, #linenums    0, checksum 283DBB03, selection    2 (pick any)
138 00000000 SECT9C notype       Static       | .text$mn
    Section length   48, #relocs    3, #linenums    0, checksum 81091D3D, selection    2 (pick any)
13A 00000000 SECT9D notype       Static       | .text$mn
    Section length   27, #relocs    0, #linenums    0, checksum  7547AFD, selection    2 (pick any)
13C 00000000 SECT9E notype       Static       | .text$mn
    Section length   17, #relocs    1, #linenums    0, checksum 65735477, selection    2 (pick any)
13E 00000000 SECT9F notype       Static       | .text$mn
    Section length    E, #relocs    0, #linenums    0, checksum 9B858C0F, selection    2 (pick any)
140 00000000 SECTA0 notype       Static       | .text$mn
    Section length    D, #relocs    1, #linenums    0, checksum F7352B9C, selection    2 (pick any)
142 00000000 SECTA1 notype       Static       | .text$mn
    Section length   20, #relocs    2, #linenums    0, checksum 612629E5, selection    2 (pick any)
144 00000000 SECTA2 notype       Static       | .text$mn
    Section length   47, #relocs    0, #linenums    0, checksum 41FFDB34, selection    2 (pick any)
146 00000000 SECTA3 notype       Static       | .text$mn
    Section length   A0, #relocs    7, #linenums    0, checksum E6DC0915, selection    2 (pick any)
148 00000000 SECTA4 notype       Static       | .text$x
    Section length   23, #relocs    4, #linenums    0, checksum 8512165C, selection    5 (pick associative Section 0xA3)
14A 00000000 SECTA5 notype       Static       | .text$mn
    Section length  114, #relocs    D, #linenums    0, checksum 78E1456D, selection    2 (pick any)
14C 00000000 SECTA6 notype       Static       | .text$mn
    Section length   61, #relocs    1, #linenums    0, checksum 7DF4B570, selection    2 (pick any)
14E 00000000 SECTA7 notype       Static       | .text$mn
    Section length   5C, #relocs    2, #linenums    0, checksum ACC27CFF, selection    2 (pick any)
150 00000000 SECTA8 notype       Static       | .text$mn
    Section length   17, #relocs    0, #linenums    0, checksum 617D3D37, selection    2 (pick any)
152 00000000 SECTA9 notype       Static       | .text$mn
    Section length   34, #relocs    2, #linenums    0, checksum E4B88238, selection    2 (pick any)
154 00000000 SECTAA notype       Static       | .text$mn
    Section length   36, #relocs    2, #linenums    0, checksum 85CF6359, selection    2 (pick any)
156 00000000 SECTAB notype       Static       | .text$mn
    Section length   34, #relocs    2, #linenums    0, checksum E4B88238, selection    2 (pick any)
158 00000000 SECTAC notype       Static       | .text$mn
    Section length  100, #relocs    E, #linenums    0, checksum 5C7AAF81, selection    2 (pick any)
15A 00000000 SECTAD notype       Static       | .text$mn
    Section length   15, #relocs    1, #linenums    0, checksum 71E0CF3F, selection    2 (pick any)
15C 00000000 SECTAE notype       Static       | .text$mn
    Section length   5C, #relocs    1, #linenums    0, checksum 1AF74F91, selection    2 (pick any)
15E 00000000 SECTAF notype       Static       | .text$mn
    Section length   27, #relocs    1, #linenums    0, checksum D2B43191, selection    2 (pick any)
160 00000000 UNDEF  notype ()    External     | ??2@YAPAXI@Z (void * __cdecl operator new(unsigned int))
161 00000000 UNDEF  notype ()    External     | ??3@YAXPAX@Z (void __cdecl operator delete(void *))
162 00000000 UNDEF  notype ()    External     | __invalid_parameter
163 00000000 UNDEF  notype ()    External     | ??0_Lockit@std@@QAE@H@Z (public: __thiscall std::_Lockit::_Lockit(int))
164 00000000 UNDEF  notype ()    External     | ??1_Lockit@std@@QAE@XZ (public: __thiscall std::_Lockit::~_Lockit(void))
165 00000000 UNDEF  notype ()    External     | _memmove
166 00000000 UNDEF  notype ()    External     | __hypot
167 00000000 SECTAF notype ()    External     | _hypot
168 00000000 SECT6C notype ()    External     | ??2@YAPAXIPAX@Z (void * __cdecl operator new(unsigned int,void *))
169 00000000 SECT6D notype ()    External     | ??3@YAXPAX0@Z (void __cdecl operator delete(void *,void *))
16A 00000000 UNDEF  notype ()    External     | __CrtDbgReportW
16B 00000000 SECT75 notype ()    Static       | ??__Epiecewise_construct@std@@YAXXZ (void __cdecl std::`dynamic initializer for 'piecewise_construct''(void))
16C 00000000 UNDEF  notype ()    External     | ?_Debug_message@std@@YAXPB_W0I@Z (void __cdecl std::_Debug_message(wchar_t const *,wchar_t const *,unsigned int))
16D 00000000 SECT60 notype ()    External     | ??0_Container_proxy@std@@QAE@XZ (public: __thiscall std::_Container_proxy::_Container_proxy(void))
16E 00000000 SECT5F notype ()    External     | ??0_Container_base12@std@@QAE@XZ (public: __thiscall std::_Container_base12::_Container_base12(void))
16F 00000000 SECT6A notype ()    External     | ??1_Container_base12@std@@QAE@XZ (public: __thiscall std::_Container_base12::~_Container_base12(void))
170 00000000 SECT7E notype ()    External     | ?_Getpfirst@_Container_base12@std@@QBEPAPAU_Iterator_base12@2@XZ (public: struct std::_Iterator_base12 * * __thiscall std::_Container_base12::_Getpfirst(void)const )
171 00000000 SECT82 notype ()    External     | ?_Orphan_all@_Container_base12@std@@QAEXXZ (public: void __thiscall std::_Container_base12::_Orphan_all(void))
172 00000000 SECT89 notype ()    External     | ?_Swap_all@_Container_base12@std@@QAEXAAU12@@Z (public: void __thiscall std::_Container_base12::_Swap_all(struct std::_Container_base12 &))
173 00000000 SECT62 notype ()    External     | ??0_Iterator_base12@std@@QAE@XZ (public: __thiscall std::_Iterator_base12::_Iterator_base12(void))
174 00000000 SECT61 notype ()    External     | ??0_Iterator_base12@std@@QAE@ABU01@@Z (public: __thiscall std::_Iterator_base12::_Iterator_base12(struct std::_Iterator_base12 const &))
175 00000000 SECT6E notype ()    External     | ??4_Iterator_base12@std@@QAEAAU01@ABU01@@Z (public: struct std::_Iterator_base12 & __thiscall std::_Iterator_base12::operator=(struct std::_Iterator_base12 const &))
176 00000000 SECT6B notype ()    External     | ??1_Iterator_base12@std@@QAE@XZ (public: __thiscall std::_Iterator_base12::~_Iterator_base12(void))
177 00000000 SECT76 notype ()    External     | ?_Adopt@_Iterator_base12@std@@QAEXPBU_Container_base12@2@@Z (public: void __thiscall std::_Iterator_base12::_Adopt(struct std::_Container_base12 const *))
178 00000000 SECT79 notype ()    External     | ?_Clrcont@_Iterator_base12@std@@QAEXXZ (public: void __thiscall std::_Iterator_base12::_Clrcont(void))
179 00000000 SECT7D notype ()    External     | ?_Getcont@_Iterator_base12@std@@QBEPBU_Container_base12@2@XZ (public: struct std::_Container_base12 const * __thiscall std::_Iterator_base12::_Getcont(void)const )
17A 00000000 SECT7F notype ()    External     | ?_Getpnext@_Iterator_base12@std@@QAEPAPAU12@XZ (public: struct std::_Iterator_base12 * * __thiscall std::_Iterator_base12::_Getpnext(void))
17B 00000000 SECT83 notype ()    External     | ?_Orphan_me@_Iterator_base12@std@@QAEXXZ (public: void __thiscall std::_Iterator_base12::_Orphan_me(void))
17C 00000000 SECT74 notype ()    Static       | ??__Eallocator_arg@std@@YAXXZ (void __cdecl std::`dynamic initializer for 'allocator_arg''(void))
17D 00000000 UNDEF  notype ()    External     | ?_Xbad_alloc@std@@YAXXZ (void __cdecl std::_Xbad_alloc(void))
17E 00000000 UNDEF  notype ()    External     | ?_Xlength_error@std@@YAXPBD@Z (void __cdecl std::_Xlength_error(char const *))
17F 00000000 SECT9D notype ()    External     | ?knownResource@MilesTransport@@YA_NI@Z (bool __cdecl MilesTransport::knownResource(unsigned int))
180 00000000 SECTAE notype ()    External     | ?validHandle@MilesTransport@@YA_NABUHandle@MilesWire@@@Z (bool __cdecl MilesTransport::validHandle(struct MilesWire::Handle const &))
181 00000000 SECT3  notype ()    External     | ?encodeCall@MilesTransport@@YA_NUHeader@MilesWire@@ABUCall@3@UBytes@1@2AAV?$vector@EV?$allocator@E@std@@@std@@@Z (bool __cdecl MilesTransport::encodeCall(struct MilesWire::Header,struct MilesWire::Call const &,struct MilesTransport::Bytes,struct MilesTransport::Bytes,class std::vector<unsigned char,class std::allocator<unsigned char> > &))
182 00000140 SECT3  notype ()    External     | ?encodeCallInto@MilesTransport@@YA_NUHeader@MilesWire@@ABUCall@3@UBytes@1@2PAEIAAI@Z (bool __cdecl MilesTransport::encodeCallInto(struct MilesWire::Header,struct MilesWire::Call const &,struct MilesTransport::Bytes,struct MilesTransport::Bytes,unsigned char *,unsigned int,unsigned int &))
183 00000240 SECT3  notype ()    External     | ?decodeCall@MilesTransport@@YA_NUBytes@1@AAUHeader@MilesWire@@AAUCall@4@@Z (bool __cdecl MilesTransport::decodeCall(struct MilesTransport::Bytes,struct MilesWire::Header &,struct MilesWire::Call &))
184 00000480 SECT3  notype ()    External     | ?encodeResult@MilesTransport@@YA_NUHeader@MilesWire@@ABUResult@3@UBytes@1@2AAV?$vector@EV?$allocator@E@std@@@std@@@Z (bool __cdecl MilesTransport::encodeResult(struct MilesWire::Header,struct MilesWire::Result const &,struct MilesTransport::Bytes,struct MilesTransport::Bytes,class std::vector<unsigned char,class std::allocator<unsigned char> > &))
185 000005A0 SECT3  notype ()    External     | ?encodeResultInto@MilesTransport@@YA_NUHeader@MilesWire@@ABUResult@3@UBytes@1@2PAEIAAI@Z (bool __cdecl MilesTransport::encodeResultInto(struct MilesWire::Header,struct MilesWire::Result const &,struct MilesTransport::Bytes,struct MilesTransport::Bytes,unsigned char *,unsigned int,unsigned int &))
186 00000690 SECT3  notype ()    External     | ?decodeResult@MilesTransport@@YA_NUBytes@1@AAUHeader@MilesWire@@AAUResult@4@@Z (bool __cdecl MilesTransport::decodeResult(struct MilesTransport::Bytes,struct MilesWire::Header &,struct MilesWire::Result &))
187 000008A0 SECT3  notype ()    External     | ?encodeEos@MilesTransport@@YA_NUHeader@MilesWire@@ABUEos@3@AAV?$vector@EV?$allocator@E@std@@@std@@@Z (bool __cdecl MilesTransport::encodeEos(struct MilesWire::Header,struct MilesWire::Eos const &,class std::vector<unsigned char,class std::allocator<unsigned char> > &))
188 000009A0 SECT3  notype ()    External     | ?decodeEos@MilesTransport@@YA_NUBytes@1@AAUHeader@MilesWire@@AAUEos@4@@Z (bool __cdecl MilesTransport::decodeEos(struct MilesTransport::Bytes,struct MilesWire::Header &,struct MilesWire::Eos &))
189 00000000 SECT59 notype ()    External     | ??0?$allocator@E@std@@QAE@XZ (public: __thiscall std::allocator<unsigned char>::allocator<unsigned char>(void))
18A 00000000 SECT58 notype ()    External     | ??0?$allocator@E@std@@QAE@ABV01@@Z (public: __thiscall std::allocator<unsigned char>::allocator<unsigned char>(class std::allocator<unsigned char> const &))
18B 00000000 SECT96 notype ()    External     | ?deallocate@?$allocator@E@std@@QAEXPAEI@Z (public: void __thiscall std::allocator<unsigned char>::deallocate(unsigned char *,unsigned int))
18C 00000000 SECT90 notype ()    External     | ?allocate@?$allocator@E@std@@QAEPAEI@Z (public: unsigned char * __thiscall std::allocator<unsigned char>::allocate(unsigned int))
18D 00000000 SECT9F notype ()    External     | ?max_size@?$allocator@E@std@@QBEIXZ (public: unsigned int __thiscall std::allocator<unsigned char>::max_size(void)const )
18E 00000000 SECTA0 notype ()    External     | ?max_size@?$allocator_traits@V?$allocator@E@std@@@std@@SAIABV?$allocator@E@2@@Z (public: static unsigned int __cdecl std::allocator_traits<class std::allocator<unsigned char> >::max_size(class std::allocator<unsigned char> const &))
18F 00000000 SECT56 notype ()    External     | ??0?$_Wrap_alloc@V?$allocator@E@std@@@std@@QAE@XZ (public: __thiscall std::_Wrap_alloc<class std::allocator<unsigned char> >::_Wrap_alloc<class std::allocator<unsigned char> >(void))
190 00000000 SECT8E notype ()    External     | ?allocate@?$_Wrap_alloc@V?$allocator@E@std@@@std@@QAEPAEI@Z (public: unsigned char * __thiscall std::_Wrap_alloc<class std::allocator<unsigned char> >::allocate(unsigned int))
191 00000000 SECT94 notype ()    External     | ?deallocate@?$_Wrap_alloc@V?$allocator@E@std@@@std@@QAEXPAEI@Z (public: void __thiscall std::_Wrap_alloc<class std::allocator<unsigned char> >::deallocate(unsigned char *,unsigned int))
192 00000000 SECT9E notype ()    External     | ?max_size@?$_Wrap_alloc@V?$allocator@E@std@@@std@@QBEIXZ (public: unsigned int __thiscall std::_Wrap_alloc<class std::allocator<unsigned char> >::max_size(void)const )
193 00000000 SECT55 notype ()    External     | ??0?$_Vector_val@U?$_Simple_types@E@std@@@std@@QAE@XZ (public: __thiscall std::_Vector_val<struct std::_Simple_types<unsigned char> >::_Vector_val<struct std::_Simple_types<unsigned char> >(void))
194 00000000 SECT67 notype ()    External     | ??1?$_Vector_val@U?$_Simple_types@E@std@@@std@@QAE@XZ (public: __thiscall std::_Vector_val<struct std::_Simple_types<unsigned char> >::~_Vector_val<struct std::_Simple_types<unsigned char> >(void))
195 00000000 SECT4E notype ()    External     | ??0?$_Vector_alloc@$0A@U?$_Vec_base_types@EV?$allocator@E@std@@@std@@@std@@QAE@ABV?$allocator@E@1@@Z (public: __thiscall std::_Vector_alloc<0,struct std::_Vec_base_types<unsigned char,class std::allocator<unsigned char> > >::_Vector_alloc<0,struct std::_Vec_base_types<unsigned char,class std::allocator<unsigned char> > >(class std::allocator<unsigned char> const &))
196 00000000 SECT64 notype ()    External     | ??1?$_Vector_alloc@$0A@U?$_Vec_base_types@EV?$allocator@E@std@@@std@@@std@@QAE@XZ (public: __thiscall std::_Vector_alloc<0,struct std::_Vec_base_types<unsigned char,class std::allocator<unsigned char> > >::~_Vector_alloc<0,struct std::_Vec_base_types<unsigned char,class std::allocator<unsigned char> > >(void))
197 00000000 SECT8A notype ()    External     | ?_Swap_alloc@?$_Vector_alloc@$0A@U?$_Vec_base_types@EV?$allocator@E@std@@@std@@@std@@QAEXAAV12@@Z (public: void __thiscall std::_Vector_alloc<0,struct std::_Vec_base_types<unsigned char,class std::allocator<unsigned char> > >::_Swap_alloc(class std::_Vector_alloc<0,struct std::_Vec_base_types<unsigned char,class std::allocator<unsigned char> > > &))
198 00000000 SECT78 notype ()    External     | ?_Alloc_proxy@?$_Vector_alloc@$0A@U?$_Vec_base_types@EV?$allocator@E@std@@@std@@@std@@QAEXXZ (public: void __thiscall std::_Vector_alloc<0,struct std::_Vec_base_types<unsigned char,class std::allocator<unsigned char> > >::_Alloc_proxy(void))
199 00000000 SECT7B notype ()    External     | ?_Free_proxy@?$_Vector_alloc@$0A@U?$_Vec_base_types@EV?$allocator@E@std@@@std@@@std@@QAEXXZ (public: void __thiscall std::_Vector_alloc<0,struct std::_Vec_base_types<unsigned char,class std::allocator<unsigned char> > >::_Free_proxy(void))
19A 00000000 SECT7C notype ()    External     | ?_Getal@?$_Vector_alloc@$0A@U?$_Vec_base_types@EV?$allocator@E@std@@@std@@@std@@QBE?AU?$_Wrap_alloc@V?$allocator@E@std@@@2@XZ (public: struct std::_Wrap_alloc<class std::allocator<unsigned char> > __thiscall std::_Vector_alloc<0,struct std::_Vec_base_types<unsigned char,class std::allocator<unsigned char> > >::_Getal(void)const )
19B 00000000 SECT5B notype ()    External     | ??0?$vector@EV?$allocator@E@std@@@std@@QAE@XZ (public: __thiscall std::vector<unsigned char,class std::allocator<unsigned char> >::vector<unsigned char,class std::allocator<unsigned char> >(void))
19C 00000000 SECTA5 notype ()    External     | ?push_back@?$vector@EV?$allocator@E@std@@@std@@QAEX$$QAE@Z (public: void __thiscall std::vector<unsigned char,class std::allocator<unsigned char> >::push_back(unsigned char &&))
19D 00000000 SECT68 notype ()    External     | ??1?$vector@EV?$allocator@E@std@@@std@@QAE@XZ (public: __thiscall std::vector<unsigned char,class std::allocator<unsigned char> >::~vector<unsigned char,class std::allocator<unsigned char> >(void))
19E 00000000 SECT93 notype ()    External     | ?capacity@?$vector@EV?$allocator@E@std@@@std@@QBEIXZ (public: unsigned int __thiscall std::vector<unsigned char,class std::allocator<unsigned char> >::capacity(void)const )
19F 00000000 SECT8C notype ()    External     | ?_Unused_capacity@?$vector@EV?$allocator@E@std@@@std@@QBEIXZ (public: unsigned int __thiscall std::vector<unsigned char,class std::allocator<unsigned char> >::_Unused_capacity(void)const )
1A0 00000000 SECT92 notype ()    External     | ?begin@?$vector@EV?$allocator@E@std@@@std@@QAE?AV?$_Vector_iterator@V?$_Vector_val@U?$_Simple_types@E@std@@@std@@@2@XZ (public: class std::_Vector_iterator<class std::_Vector_val<struct std::_Simple_types<unsigned char> > > __thiscall std::vector<unsigned char,class std::allocator<unsigned char> >::begin(void))
1A1 00000000 SECT98 notype ()    External     | ?end@?$vector@EV?$allocator@E@std@@@std@@QAE?AV?$_Vector_iterator@V?$_Vector_val@U?$_Simple_types@E@std@@@std@@@2@XZ (public: class std::_Vector_iterator<class std::_Vector_val<struct std::_Simple_types<unsigned char> > > __thiscall std::vector<unsigned char,class std::allocator<unsigned char> >::end(void))
1A2 00000000 SECTA8 notype ()    External     | ?size@?$vector@EV?$allocator@E@std@@@std@@QBEIXZ (public: unsigned int __thiscall std::vector<unsigned char,class std::allocator<unsigned char> >::size(void)const )
1A3 00000000 SECTA1 notype ()    External     | ?max_size@?$vector@EV?$allocator@E@std@@@std@@QBEIXZ (public: unsigned int __thiscall std::vector<unsigned char,class std::allocator<unsigned char> >::max_size(void)const )
1A4 00000000 SECTAC notype ()    External     | ?swap@?$vector@EV?$allocator@E@std@@@std@@QAEXAAV12@@Z (public: void __thiscall std::vector<unsigned char,class std::allocator<unsigned char> >::swap(class std::vector<unsigned char,class std::allocator<unsigned char> > &))
1A5 00000000 SECT7A notype ()    External     | ?_Destroy@?$vector@EV?$allocator@E@std@@@std@@IAEXPAE0@Z (protected: void __thiscall std::vector<unsigned char,class std::allocator<unsigned char> >::_Destroy(unsigned char *,unsigned char *))
1A6 00000000 SECT80 notype ()    External     | ?_Grow_to@?$vector@EV?$allocator@E@std@@@std@@IBEII@Z (protected: unsigned int __thiscall std::vector<unsigned char,class std::allocator<unsigned char> >::_Grow_to(unsigned int)const )
1A7 00000000 SECT81 notype ()    External     | ?_Inside@?$vector@EV?$allocator@E@std@@@std@@IBE_NPBE@Z (protected: bool __thiscall std::vector<unsigned char,class std::allocator<unsigned char> >::_Inside(unsigned char const *)const )
1A8 00000000 SECT86 notype ()    External     | ?_Reallocate@?$vector@EV?$allocator@E@std@@@std@@IAEXI@Z (protected: void __thiscall std::vector<unsigned char,class std::allocator<unsigned char> >::_Reallocate(unsigned int))
1A9 00000000 SECT88 notype ()    External     | ?_Reserve@?$vector@EV?$allocator@E@std@@@std@@IAEXI@Z (protected: void __thiscall std::vector<unsigned char,class std::allocator<unsigned char> >::_Reserve(unsigned int))
1AA 00000000 SECT8B notype ()    External     | ?_Tidy@?$vector@EV?$allocator@E@std@@@std@@IAEXXZ (protected: void __thiscall std::vector<unsigned char,class std::allocator<unsigned char> >::_Tidy(void))
1AB 00000000 SECT8D notype ()    External     | ?_Xlen@?$vector@EV?$allocator@E@std@@@std@@IBEXXZ (protected: void __thiscall std::vector<unsigned char,class std::allocator<unsigned char> >::_Xlen(void)const )
1AC 00000000 SECT84 notype ()    External     | ?_Orphan_range@?$vector@EV?$allocator@E@std@@@std@@IBEXPAE0@Z (protected: void __thiscall std::vector<unsigned char,class std::allocator<unsigned char> >::_Orphan_range(unsigned char *,unsigned char *)const )
1AD 00000000 SECTA7 notype ()    External     | ?put@Writer@?A0x819b97a7@MilesTransport@@QAEX_KI@Z (public: void __thiscall MilesTransport::`anonymous namespace'::Writer::put(unsigned __int64,unsigned int))
1AE 00000000 SECT9C notype ()    External     | ?handle@Writer@?A0x819b97a7@MilesTransport@@QAEXABUHandle@MilesWire@@@Z (public: void __thiscall MilesTransport::`anonymous namespace'::Writer::handle(struct MilesWire::Handle const &))
1AF 00000000 SECTAB notype ()    External     | ?span@Writer@?A0x819b97a7@MilesTransport@@QAEXABUSpan@MilesWire@@@Z (public: void __thiscall MilesTransport::`anonymous namespace'::Writer::span(struct MilesWire::Span const &))
1B0 00000000 SECTA3 notype ()    External     | ?payload@Writer@?A0x819b97a7@MilesTransport@@QAEXUBytes@3@@Z (public: void __thiscall MilesTransport::`anonymous namespace'::Writer::payload(struct MilesTransport::Bytes))
1B1 00000000 SECT5E notype ()    External     | ??0Writer@?A0x819b97a7@MilesTransport@@QAE@XZ (public: __thiscall MilesTransport::`anonymous namespace'::Writer::Writer(void))
1B2 00000000 SECT69 notype ()    External     | ??1Writer@?A0x819b97a7@MilesTransport@@QAE@XZ (public: __thiscall MilesTransport::`anonymous namespace'::Writer::~Writer(void))
1B3 00000000 SECT4D notype ()    External     | ??0?$_Iterator012@Urandom_access_iterator_tag@std@@EHPBEABEU_Iterator_base12@2@@std@@QAE@XZ (public: __thiscall std::_Iterator012<struct std::random_access_iterator_tag,unsigned char,int,unsigned char const *,unsigned char const &,struct std::_Iterator_base12>::_Iterator012<struct std::random_access_iterator_tag,unsigned char,int,unsigned char const *,unsigned char const &,struct std::_Iterator_base12>(void))
1B4 00000000 SECT63 notype ()    External     | ??1?$_Iterator012@Urandom_access_iterator_tag@std@@EHPBEABEU_Iterator_base12@2@@std@@QAE@XZ (public: __thiscall std::_Iterator012<struct std::random_access_iterator_tag,unsigned char,int,unsigned char const *,unsigned char const &,struct std::_Iterator_base12>::~_Iterator012<struct std::random_access_iterator_tag,unsigned char,int,unsigned char const *,unsigned char const &,struct std::_Iterator_base12>(void))
1B5 00000000 SECT4C notype ()    External     | ??0?$_Iterator012@Urandom_access_iterator_tag@std@@EHPBEABEU_Iterator_base12@2@@std@@QAE@ABU01@@Z (public: __thiscall std::_Iterator012<struct std::random_access_iterator_tag,unsigned char,int,unsigned char const *,unsigned char const &,struct std::_Iterator_base12>::_Iterator012<struct std::random_access_iterator_tag,unsigned char,int,unsigned char const *,unsigned char const &,struct std::_Iterator_base12>(struct std::_Iterator012<struct std::random_access_iterator_tag,unsigned char,int,unsigned char const *,unsigned char const &,struct std::_Iterator_base12> const &))
1B6 00000000 SECT51 notype ()    External     | ??0?$_Vector_const_iterator@V?$_Vector_val@U?$_Simple_types@E@std@@@std@@@std@@QAE@PAEPBU_Container_base12@1@@Z (public: __thiscall std::_Vector_const_iterator<class std::_Vector_val<struct std::_Simple_types<unsigned char> > >::_Vector_const_iterator<class std::_Vector_val<struct std::_Simple_types<unsigned char> > >(unsigned char *,struct std::_Container_base12 const *))
1B7 00000000 SECT72 notype ()    External     | ??Y?$_Vector_const_iterator@V?$_Vector_val@U?$_Simple_types@E@std@@@std@@@std@@QAEAAV01@H@Z (public: class std::_Vector_const_iterator<class std::_Vector_val<struct std::_Simple_types<unsigned char> > > & __thiscall std::_Vector_const_iterator<class std::_Vector_val<struct std::_Simple_types<unsigned char> > >::operator+=(int))
1B8 00000000 SECT65 notype ()    External     | ??1?$_Vector_const_iterator@V?$_Vector_val@U?$_Simple_types@E@std@@@std@@@std@@QAE@XZ (public: __thiscall std::_Vector_const_iterator<class std::_Vector_val<struct std::_Simple_types<unsigned char> > >::~_Vector_const_iterator<class std::_Vector_val<struct std::_Simple_types<unsigned char> > >(void))
1B9 00000000 SECT50 notype ()    External     | ??0?$_Vector_const_iterator@V?$_Vector_val@U?$_Simple_types@E@std@@@std@@@std@@QAE@ABV01@@Z (public: __thiscall std::_Vector_const_iterator<class std::_Vector_val<struct std::_Simple_types<unsigned char> > >::_Vector_const_iterator<class std::_Vector_val<struct std::_Simple_types<unsigned char> > >(class std::_Vector_const_iterator<class std::_Vector_val<struct std::_Simple_types<unsigned char> > > const &))
1BA 00000000 SECT54 notype ()    External     | ??0?$_Vector_iterator@V?$_Vector_val@U?$_Simple_types@E@std@@@std@@@std@@QAE@PAEPBU_Container_base12@1@@Z (public: __thiscall std::_Vector_iterator<class std::_Vector_val<struct std::_Simple_types<unsigned char> > >::_Vector_iterator<class std::_Vector_val<struct std::_Simple_types<unsigned char> > >(unsigned char *,struct std::_Container_base12 const *))
1BB 00000000 SECT73 notype ()    External     | ??Y?$_Vector_iterator@V?$_Vector_val@U?$_Simple_types@E@std@@@std@@@std@@QAEAAV01@H@Z (public: class std::_Vector_iterator<class std::_Vector_val<struct std::_Simple_types<unsigned char> > > & __thiscall std::_Vector_iterator<class std::_Vector_val<struct std::_Simple_types<unsigned char> > >::operator+=(int))
1BC 00000000 SECT70 notype ()    External     | ??H?$_Vector_iterator@V?$_Vector_val@U?$_Simple_types@E@std@@@std@@@std@@QBE?AV01@H@Z (public: class std::_Vector_iterator<class std::_Vector_val<struct std::_Simple_types<unsigned char> > > __thiscall std::_Vector_iterator<class std::_Vector_val<struct std::_Simple_types<unsigned char> > >::operator+(int)const )
1BD 00000000 SECT66 notype ()    External     | ??1?$_Vector_iterator@V?$_Vector_val@U?$_Simple_types@E@std@@@std@@@std@@QAE@XZ (public: __thiscall std::_Vector_iterator<class std::_Vector_val<struct std::_Simple_types<unsigned char> > >::~_Vector_iterator<class std::_Vector_val<struct std::_Simple_types<unsigned char> > >(void))
1BE 00000000 SECT53 notype ()    External     | ??0?$_Vector_iterator@V?$_Vector_val@U?$_Simple_types@E@std@@@std@@@std@@QAE@ABV01@@Z (public: __thiscall std::_Vector_iterator<class std::_Vector_val<struct std::_Simple_types<unsigned char> > >::_Vector_iterator<class std::_Vector_val<struct std::_Simple_types<unsigned char> > >(class std::_Vector_iterator<class std::_Vector_val<struct std::_Simple_types<unsigned char> > > const &))
1BF 00000000 SECT41 notype ()    External     | ??$insert@PBE@?$vector@EV?$allocator@E@std@@@std@@QAE?AV?$_Vector_iterator@V?$_Vector_val@U?$_Simple_types@E@std@@@std@@@1@V?$_Vector_const_iterator@V?$_Vector_val@U?$_Simple_types@E@std@@@std@@@1@PBE1@Z (public: class std::_Vector_iterator<class std::_Vector_val<struct std::_Simple_types<unsigned char> > > __thiscall std::vector<unsigned char,class std::allocator<unsigned char> >::insert<unsigned char const *>(class std::_Vector_const_iterator<class std::_Vector_val<struct std::_Simple_types<unsigned char> > >,unsigned char const *,unsigned char const *))
1C0 00000000 SECT5D notype ()    External     | ??0Reader@?A0x819b97a7@MilesTransport@@QAE@UBytes@2@@Z (public: __thiscall MilesTransport::`anonymous namespace'::Reader::Reader(struct MilesTransport::Bytes))
1C1 00000000 SECT99 notype ()    External     | ?get@Reader@?A0x819b97a7@MilesTransport@@QAE_KI@Z (public: unsigned __int64 __thiscall MilesTransport::`anonymous namespace'::Reader::get(unsigned int))
1C2 00000000 SECTAD notype ()    External     | ?u@Reader@?A0x819b97a7@MilesTransport@@QAEIXZ (public: unsigned int __thiscall MilesTransport::`anonymous namespace'::Reader::u(void))
1C3 00000000 SECT9B notype ()    External     | ?handle@Reader@?A0x819b97a7@MilesTransport@@QAE?AUHandle@MilesWire@@XZ (public: struct MilesWire::Handle __thiscall MilesTransport::`anonymous namespace'::Reader::handle(void))
1C4 00000000 SECTAA notype ()    External     | ?span@Reader@?A0x819b97a7@MilesTransport@@QAE?AUSpan@MilesWire@@XZ (public: struct MilesWire::Span __thiscall MilesTransport::`anonymous namespace'::Reader::span(void))
1C5 00000AE0 SECT3  notype ()    External     | ?opcode@?A0x819b97a7@MilesTransport@@YA_NI@Z (bool __cdecl MilesTransport::`anonymous namespace'::opcode(unsigned int))
1C6 00000B20 SECT3  notype ()    External     | ?envelopeOpcode@?A0x819b97a7@MilesTransport@@YA_NI@Z (bool __cdecl MilesTransport::`anonymous namespace'::envelopeOpcode(unsigned int))
1C7 00000B60 SECT3  notype ()    External     | ?header@?A0x819b97a7@MilesTransport@@YA_NABUHeader@MilesWire@@@Z (bool __cdecl MilesTransport::`anonymous namespace'::header(struct MilesWire::Header const &))
1C8 00000000 SECT5C notype ()    External     | ??0FixedWriter@?A0x819b97a7@MilesTransport@@QAE@PAE@Z (public: __thiscall MilesTransport::`anonymous namespace'::FixedWriter::FixedWriter(unsigned char *))
1C9 00000000 SECTA6 notype ()    External     | ?put@FixedWriter@?A0x819b97a7@MilesTransport@@QAEX_KI@Z (public: void __thiscall MilesTransport::`anonymous namespace'::FixedWriter::put(unsigned __int64,unsigned int))
1CA 00000000 SECT9A notype ()    External     | ?handle@FixedWriter@?A0x819b97a7@MilesTransport@@QAEXABUHandle@MilesWire@@@Z (public: void __thiscall MilesTransport::`anonymous namespace'::FixedWriter::handle(struct MilesWire::Handle const &))
1CB 00000000 SECTA9 notype ()    External     | ?span@FixedWriter@?A0x819b97a7@MilesTransport@@QAEXABUSpan@MilesWire@@@Z (public: void __thiscall MilesTransport::`anonymous namespace'::FixedWriter::span(struct MilesWire::Span const &))
1CC 00000000 SECTA2 notype ()    External     | ?payload@FixedWriter@?A0x819b97a7@MilesTransport@@QAEXUBytes@3@@Z (public: void __thiscall MilesTransport::`anonymous namespace'::FixedWriter::payload(struct MilesTransport::Bytes))
1CD 00000BB0 SECT3  notype ()    External     | ?getHeader@?A0x819b97a7@MilesTransport@@YA?AUHeader@MilesWire@@AAUReader@12@@Z (struct MilesWire::Header __cdecl MilesTransport::`anonymous namespace'::getHeader(struct MilesTransport::A0x819b97a7::Reader &))
1CE 00000C60 SECT3  notype ()    External     | ?input@?A0x819b97a7@MilesTransport@@YA_NUBytes@2@I@Z (bool __cdecl MilesTransport::`anonymous namespace'::input(struct MilesTransport::Bytes,unsigned int))
1CF 00000CA0 SECT3  notype ()    External     | ?plan@?A0x819b97a7@MilesTransport@@YA_NAAUHeader@MilesWire@@IUBytes@2@1AAUSpan@4@2@Z (bool __cdecl MilesTransport::`anonymous namespace'::plan(struct MilesWire::Header &,unsigned int,struct MilesTransport::Bytes,struct MilesTransport::Bytes,struct MilesWire::Span &,struct MilesWire::Span &))
1D0 00000D50 SECT3  notype ()    External     | ?spans@?A0x819b97a7@MilesTransport@@YA_NIIABUSpan@MilesWire@@0@Z (bool __cdecl MilesTransport::`anonymous namespace'::spans(unsigned int,unsigned int,struct MilesWire::Span const &,struct MilesWire::Span const &))
1D1 00000E00 SECT3  notype ()    External     | ?eosValid@?A0x819b97a7@MilesTransport@@YA_NABUHeader@MilesWire@@ABUEos@4@@Z (bool __cdecl MilesTransport::`anonymous namespace'::eosValid(struct MilesWire::Header const &,struct MilesWire::Eos const &))
1D2 00000000 SECT32 notype ()    External     | ??$callFields@UWriter@?A0x819b97a7@MilesTransport@@@?A0x819b97a7@MilesTransport@@YAXAAUWriter@01@ABUHeader@MilesWire@@ABUCall@4@ABUSpan@4@3UBytes@1@4@Z (void __cdecl MilesTransport::`anonymous namespace'::callFields<struct MilesTransport::`anonymous namespace'::Writer>(struct MilesTransport::A0x819b97a7::Writer &,struct MilesWire::Header const &,struct MilesWire::Call const &,struct MilesWire::Span const &,struct MilesWire::Span const &,struct MilesTransport::Bytes,struct MilesTransport::Bytes))
1D3 00000000 SECT31 notype ()    External     | ??$callFields@UFixedWriter@?A0x819b97a7@MilesTransport@@@?A0x819b97a7@MilesTransport@@YAXAAUFixedWriter@01@ABUHeader@MilesWire@@ABUCall@4@ABUSpan@4@3UBytes@1@4@Z (void __cdecl MilesTransport::`anonymous namespace'::callFields<struct MilesTransport::`anonymous namespace'::FixedWriter>(struct MilesTransport::A0x819b97a7::FixedWriter &,struct MilesWire::Header const &,struct MilesWire::Call const &,struct MilesWire::Span const &,struct MilesWire::Span const &,struct MilesTransport::Bytes,struct MilesTransport::Bytes))
1D4 00000000 SECT47 notype ()    External     | ??$resultFields@UWriter@?A0x819b97a7@MilesTransport@@@?A0x819b97a7@MilesTransport@@YAXAAUWriter@01@ABUHeader@MilesWire@@ABUResult@4@ABUSpan@4@3UBytes@1@4@Z (void __cdecl MilesTransport::`anonymous namespace'::resultFields<struct MilesTransport::`anonymous namespace'::Writer>(struct MilesTransport::A0x819b97a7::Writer &,struct MilesWire::Header const &,struct MilesWire::Result const &,struct MilesWire::Span const &,struct MilesWire::Span const &,struct MilesTransport::Bytes,struct MilesTransport::Bytes))
1D5 00000000 SECT46 notype ()    External     | ??$resultFields@UFixedWriter@?A0x819b97a7@MilesTransport@@@?A0x819b97a7@MilesTransport@@YAXAAUFixedWriter@01@ABUHeader@MilesWire@@ABUResult@4@ABUSpan@4@3UBytes@1@4@Z (void __cdecl MilesTransport::`anonymous namespace'::resultFields<struct MilesTransport::`anonymous namespace'::FixedWriter>(struct MilesTransport::A0x819b97a7::FixedWriter &,struct MilesWire::Header const &,struct MilesWire::Result const &,struct MilesWire::Span const &,struct MilesWire::Span const &,struct MilesTransport::Bytes,struct MilesTransport::Bytes))
1D6 00000000 SECT45 notype ()    External     | ??$putHeader@UWriter@?A0x819b97a7@MilesTransport@@@?A0x819b97a7@MilesTransport@@YAXAAUWriter@01@ABUHeader@MilesWire@@@Z (void __cdecl MilesTransport::`anonymous namespace'::putHeader<struct MilesTransport::`anonymous namespace'::Writer>(struct MilesTransport::A0x819b97a7::Writer &,struct MilesWire::Header const &))
1D7 00000000 SECT2F notype ()    External     | ??$addressof@E@std@@YAPAEAAE@Z (unsigned char * __cdecl std::addressof<unsigned char>(unsigned char &))
1D8 00000000 SECT3F notype ()    External     | ??$forward@E@std@@YA$$QAEAAE@Z (unsigned char && __cdecl std::forward<unsigned char>(unsigned char &))
1D9 00000000 SECT33 notype ()    External     | ??$construct@EE@?$_Wrap_alloc@V?$allocator@E@std@@@std@@QAEXPAE$$QAE@Z (public: void __thiscall std::_Wrap_alloc<class std::allocator<unsigned char> >::construct<unsigned char,unsigned char>(unsigned char *,unsigned char &&))
1DA 00000000 SECT6  notype ()    External     | ??$?8V?$allocator@E@std@@V01@@std@@YA_NABU?$_Wrap_alloc@V?$allocator@E@std@@@0@0@Z (bool __cdecl std::operator==<class std::allocator<unsigned char>,class std::allocator<unsigned char> >(struct std::_Wrap_alloc<class std::allocator<unsigned char> > const &,struct std::_Wrap_alloc<class std::allocator<unsigned char> > const &))
1DB 00000000 SECT5  notype ()    External     | ??$?8EE@std@@YA_NABV?$allocator@E@0@0@Z (bool __cdecl std::operator==<unsigned char,unsigned char>(class std::allocator<unsigned char> const &,class std::allocator<unsigned char> const &))
1DC 00000000 SECT22 notype ()    External     | ??$_Swap_adl@PAE@std@@YAXAAPAE0@Z (void __cdecl std::_Swap_adl<unsigned char *>(unsigned char * &,unsigned char * &))
1DD 00000000 SECT23 notype ()    External     | ??$_Swap_adl@PAU_Container_proxy@std@@@std@@YAXAAPAU_Container_proxy@0@0@Z (void __cdecl std::_Swap_adl<struct std::_Container_proxy *>(struct std::_Container_proxy * &,struct std::_Container_proxy * &))
1DE 00000000 SECT5A notype ()    External     | ??0?$allocator@U_Container_proxy@std@@@std@@QAE@XZ (public: __thiscall std::allocator<struct std::_Container_proxy>::allocator<struct std::_Container_proxy>(void))
1DF 00000000 SECT97 notype ()    External     | ?deallocate@?$allocator@U_Container_proxy@std@@@std@@QAEXPAU_Container_proxy@2@I@Z (public: void __thiscall std::allocator<struct std::_Container_proxy>::deallocate(struct std::_Container_proxy *,unsigned int))
1E0 00000000 SECT91 notype ()    External     | ?allocate@?$allocator@U_Container_proxy@std@@@std@@QAEPAU_Container_proxy@2@I@Z (public: struct std::_Container_proxy * __thiscall std::allocator<struct std::_Container_proxy>::allocate(unsigned int))
1E1 00000000 SECT57 notype ()    External     | ??0?$_Wrap_alloc@V?$allocator@U_Container_proxy@std@@@std@@@std@@QAE@XZ (public: __thiscall std::_Wrap_alloc<class std::allocator<struct std::_Container_proxy> >::_Wrap_alloc<class std::allocator<struct std::_Container_proxy> >(void))
1E2 00000000 SECT8F notype ()    External     | ?allocate@?$_Wrap_alloc@V?$allocator@U_Container_proxy@std@@@std@@@std@@QAEPAU_Container_proxy@2@I@Z (public: struct std::_Container_proxy * __thiscall std::_Wrap_alloc<class std::allocator<struct std::_Container_proxy> >::allocate(unsigned int))
1E3 00000000 SECT95 notype ()    External     | ?deallocate@?$_Wrap_alloc@V?$allocator@U_Container_proxy@std@@@std@@@std@@QAEXPAU_Container_proxy@2@I@Z (public: void __thiscall std::_Wrap_alloc<class std::allocator<struct std::_Container_proxy> >::deallocate(struct std::_Container_proxy *,unsigned int))
1E4 00000000 SECT37 notype ()    External     | ??$construct@U_Container_proxy@std@@U12@@?$_Wrap_alloc@V?$allocator@U_Container_proxy@std@@@std@@@std@@QAEXPAU_Container_proxy@1@$$QAU21@@Z (public: void __thiscall std::_Wrap_alloc<class std::allocator<struct std::_Container_proxy> >::construct<struct std::_Container_proxy,struct std::_Container_proxy>(struct std::_Container_proxy *,struct std::_Container_proxy &&))
1E5 00000000 SECT3B notype ()    External     | ??$destroy@U_Container_proxy@std@@@?$_Wrap_alloc@V?$allocator@U_Container_proxy@std@@@std@@@std@@QAEXPAU_Container_proxy@1@@Z (public: void __thiscall std::_Wrap_alloc<class std::allocator<struct std::_Container_proxy> >::destroy<struct std::_Container_proxy>(struct std::_Container_proxy *))
1E6 00000000 SECT10 notype ()    External     | ??$_Destroy_range@U?$_Wrap_alloc@V?$allocator@E@std@@@std@@@std@@YAXPAE0AAU?$_Wrap_alloc@V?$allocator@E@std@@@0@@Z (void __cdecl std::_Destroy_range<struct std::_Wrap_alloc<class std::allocator<unsigned char> > >(unsigned char *,unsigned char *,struct std::_Wrap_alloc<class std::allocator<unsigned char> > &))
1E7 00000000 SECT25 notype ()    External     | ??$_Umove@PAE@?$vector@EV?$allocator@E@std@@@std@@IAEPAEPAE00@Z (protected: unsigned char * __thiscall std::vector<unsigned char,class std::allocator<unsigned char> >::_Umove<unsigned char *>(unsigned char *,unsigned char *,unsigned char *))
1E8 00000000 SECT8  notype ()    External     | ??$_Allocate@E@std@@YAPAEIPAE@Z (unsigned char * __cdecl std::_Allocate<unsigned char>(unsigned int,unsigned char *))
1E9 00000000 SECT9  notype ()    External     | ??$_Allocate@U_Container_proxy@std@@@std@@YAPAU_Container_proxy@0@IPAU10@@Z (struct std::_Container_proxy * __cdecl std::_Allocate<struct std::_Container_proxy>(unsigned int,struct std::_Container_proxy *))
1EA 00000000 SECT19 notype ()    External     | ??$_Iter_cat@PBE@std@@YA?AUrandom_access_iterator_tag@0@ABQBE@Z (struct std::random_access_iterator_tag __cdecl std::_Iter_cat<unsigned char const *>(unsigned char const * const &))
1EB 00000000 SECT16 notype ()    External     | ??$_Insert@PBE@?$vector@EV?$allocator@E@std@@@std@@QAEXV?$_Vector_const_iterator@V?$_Vector_val@U?$_Simple_types@E@std@@@std@@@1@PBE1Uforward_iterator_tag@1@@Z (public: void __thiscall std::vector<unsigned char,class std::allocator<unsigned char> >::_Insert<unsigned char const *>(class std::_Vector_const_iterator<class std::_Vector_val<struct std::_Simple_types<unsigned char> > >,unsigned char const *,unsigned char const *,struct std::forward_iterator_tag))
1EC 00000000 SECT44 notype ()    External     | ??$putHeader@UFixedWriter@?A0x819b97a7@MilesTransport@@@?A0x819b97a7@MilesTransport@@YAXAAUFixedWriter@01@ABUHeader@MilesWire@@@Z (void __cdecl MilesTransport::`anonymous namespace'::putHeader<struct MilesTransport::`anonymous namespace'::FixedWriter>(struct MilesTransport::A0x819b97a7::FixedWriter &,struct MilesWire::Header const &))
1ED 00000000 SECT36 notype ()    External     | ??$construct@EE@?$allocator_traits@V?$allocator@E@std@@@std@@SAXAAV?$allocator@E@1@PAE$$QAE@Z (public: static void __cdecl std::allocator_traits<class std::allocator<unsigned char> >::construct<unsigned char,unsigned char>(class std::allocator<unsigned char> &,unsigned char *,unsigned char &&))
1EE 00000000 SECT4A notype ()    External     | ??$swap@PAE@std@@YAXAAPAE0@Z (void __cdecl std::swap<unsigned char *>(unsigned char * &,unsigned char * &))
1EF 00000000 SECT4B notype ()    External     | ??$swap@PAU_Container_proxy@std@@@std@@YAXAAPAU_Container_proxy@0@0@Z (void __cdecl std::swap<struct std::_Container_proxy *>(struct std::_Container_proxy * &,struct std::_Container_proxy * &))
1F0 00000000 SECT40 notype ()    External     | ??$forward@U_Container_proxy@std@@@std@@YA$$QAU_Container_proxy@0@AAU10@@Z (struct std::_Container_proxy && __cdecl std::forward<struct std::_Container_proxy>(struct std::_Container_proxy &))
1F1 00000000 SECT3A notype ()    External     | ??$construct@U_Container_proxy@std@@U12@@?$allocator_traits@V?$allocator@U_Container_proxy@std@@@std@@@std@@SAXAAV?$allocator@U_Container_proxy@std@@@1@PAU_Container_proxy@1@$$QAU31@@Z (public: static void __cdecl std::allocator_traits<class std::allocator<struct std::_Container_proxy> >::construct<struct std::_Container_proxy,struct std::_Container_proxy>(class std::allocator<struct std::_Container_proxy> &,struct std::_Container_proxy *,struct std::_Container_proxy &&))
1F2 00000000 SECT3D notype ()    External     | ??$destroy@U_Container_proxy@std@@@?$allocator_traits@V?$allocator@U_Container_proxy@std@@@std@@@std@@SAXAAV?$allocator@U_Container_proxy@std@@@1@PAU_Container_proxy@1@@Z (public: static void __cdecl std::allocator_traits<class std::allocator<struct std::_Container_proxy> >::destroy<struct std::_Container_proxy>(class std::allocator<struct std::_Container_proxy> &,struct std::_Container_proxy *))
1F3 00000000 SECT1E notype ()    External     | ??$_Ptr_cat@EE@std@@YA?AU_Scalar_ptr_iterator_tag@0@PBEPAE@Z (struct std::_Scalar_ptr_iterator_tag __cdecl std::_Ptr_cat<unsigned char,unsigned char>(unsigned char const *,unsigned char *))
1F4 00000000 SECT1D notype ()    External     | ??$_Ptr_cat@EE@std@@YA?AU_Scalar_ptr_iterator_tag@0@PAE0@Z (struct std::_Scalar_ptr_iterator_tag __cdecl std::_Ptr_cat<unsigned char,unsigned char>(unsigned char *,unsigned char *))
1F5 00000000 SECT11 notype ()    External     | ??$_Destroy_range@U?$_Wrap_alloc@V?$allocator@E@std@@@std@@@std@@YAXPAE0AAU?$_Wrap_alloc@V?$allocator@E@std@@@0@U_Scalar_ptr_iterator_tag@0@@Z (void __cdecl std::_Destroy_range<struct std::_Wrap_alloc<class std::allocator<unsigned char> > >(unsigned char *,unsigned char *,struct std::_Wrap_alloc<class std::allocator<unsigned char> > &,struct std::_Scalar_ptr_iterator_tag))
1F6 00000000 SECT2D notype ()    External     | ??$_Uninitialized_move@PAEPAEU?$_Wrap_alloc@V?$allocator@E@std@@@std@@@std@@YAPAEPAE00AAU?$_Wrap_alloc@V?$allocator@E@std@@@0@@Z (unsigned char * __cdecl std::_Uninitialized_move<unsigned char *,unsigned char *,struct std::_Wrap_alloc<class std::allocator<unsigned char> > >(unsigned char *,unsigned char *,unsigned char *,struct std::_Wrap_alloc<class std::allocator<unsigned char> > &))
1F7 00000000 SECTF  notype ()    External     | ??$_Debug_range@PBE@std@@YAXPBE0PB_WI@Z (void __cdecl std::_Debug_range<unsigned char const *>(unsigned char const *,unsigned char const *,wchar_t const *,unsigned int))
1F8 00000000 SECT15 notype ()    External     | ??$_Distance@PBEI@std@@YAXPBE0AAI@Z (void __cdecl std::_Distance<unsigned char const *,unsigned int>(unsigned char const *,unsigned char const *,unsigned int &))
1F9 00000000 SECT24 notype ()    External     | ??$_Ucopy@PBE@?$vector@EV?$allocator@E@std@@@std@@IAEPAEPBE0PAE@Z (protected: unsigned char * __thiscall std::vector<unsigned char,class std::allocator<unsigned char> >::_Ucopy<unsigned char const *>(unsigned char const *,unsigned char const *,unsigned char *))
1FA 00000000 SECT48 notype ()    External     | ??$rotate@PAE@std@@YAPAEPAE00@Z (unsigned char * __cdecl std::rotate<unsigned char *>(unsigned char *,unsigned char *,unsigned char *))
1FB 00000000 SECT34 notype ()    External     | ??$construct@EE@?$allocator@E@std@@QAEXPAE$$QAE@Z (public: void __thiscall std::allocator<unsigned char>::construct<unsigned char,unsigned char>(unsigned char *,unsigned char &&))
1FC 00000000 SECT1B notype ()    External     | ??$_Move@AAPAE@std@@YA$$QAPAEAAPAE@Z (unsigned char * && __cdecl std::_Move<unsigned char * &>(unsigned char * &))
1FD 00000000 SECT1C notype ()    External     | ??$_Move@AAPAU_Container_proxy@std@@@std@@YA$$QAPAU_Container_proxy@0@AAPAU10@@Z (struct std::_Container_proxy * && __cdecl std::_Move<struct std::_Container_proxy * &>(struct std::_Container_proxy * &))
1FE 00000000 SECT38 notype ()    External     | ??$construct@U_Container_proxy@std@@U12@@?$allocator@U_Container_proxy@std@@@std@@QAEXPAU_Container_proxy@1@$$QAU21@@Z (public: void __thiscall std::allocator<struct std::_Container_proxy>::construct<struct std::_Container_proxy,struct std::_Container_proxy>(struct std::_Container_proxy *,struct std::_Container_proxy &&))
1FF 00000000 SECT3C notype ()    External     | ??$destroy@U_Container_proxy@std@@@?$allocator@U_Container_proxy@std@@@std@@QAEXPAU_Container_proxy@1@@Z (public: void __thiscall std::allocator<struct std::_Container_proxy>::destroy<struct std::_Container_proxy>(struct std::_Container_proxy *))
200 00000000 SECT26 notype ()    External     | ??$_Unchecked@PAE@std@@YAPAEPAE@Z (unsigned char * __cdecl std::_Unchecked<unsigned char *>(unsigned char *))
201 00000000 SECT2B notype ()    External     | ??$_Uninit_move@PAEPAEU?$_Wrap_alloc@V?$allocator@E@std@@@std@@@std@@YAPAEPAE00AAU?$_Wrap_alloc@V?$allocator@E@std@@@0@@Z (unsigned char * __cdecl std::_Uninit_move<unsigned char *,unsigned char *,struct std::_Wrap_alloc<class std::allocator<unsigned char> > >(unsigned char *,unsigned char *,unsigned char *,struct std::_Wrap_alloc<class std::allocator<unsigned char> > &))
202 00000000 SECT1F notype ()    External     | ??$_Rechecked@PAEPAE@std@@YAAAPAEAAPAEPAE@Z (unsigned char * & __cdecl std::_Rechecked<unsigned char *,unsigned char *>(unsigned char * &,unsigned char *))
203 00000000 SECTD  notype ()    External     | ??$_Debug_range2@PBE@std@@YAXPBE0PB_WIUrandom_access_iterator_tag@0@@Z (void __cdecl std::_Debug_range2<unsigned char const *>(unsigned char const *,unsigned char const *,wchar_t const *,unsigned int,struct std::random_access_iterator_tag))
204 00000000 SECT14 notype ()    External     | ??$_Distance2@PBEI@std@@YAXPBE0AAIUrandom_access_iterator_tag@0@@Z (void __cdecl std::_Distance2<unsigned char const *,unsigned int>(unsigned char const *,unsigned char const *,unsigned int &,struct std::random_access_iterator_tag))
205 00000000 SECT2C notype ()    External     | ??$_Uninitialized_copy@PBEPAEU?$_Wrap_alloc@V?$allocator@E@std@@@std@@@std@@YAPAEPBE0PAEAAU?$_Wrap_alloc@V?$allocator@E@std@@@0@@Z (unsigned char * __cdecl std::_Uninitialized_copy<unsigned char const *,unsigned char *,struct std::_Wrap_alloc<class std::allocator<unsigned char> > >(unsigned char const *,unsigned char const *,unsigned char *,struct std::_Wrap_alloc<class std::allocator<unsigned char> > &))
206 00000000 SECTE  notype ()    External     | ??$_Debug_range@PAE@std@@YAXPAE0PB_WI@Z (void __cdecl std::_Debug_range<unsigned char *>(unsigned char *,unsigned char *,wchar_t const *,unsigned int))
207 00000000 SECT18 notype ()    External     | ??$_Iter_cat@PAE@std@@YA?AUrandom_access_iterator_tag@0@ABQAE@Z (struct std::random_access_iterator_tag __cdecl std::_Iter_cat<unsigned char *>(unsigned char * const &))
208 00000000 SECT20 notype ()    External     | ??$_Rotate@PAE@std@@YAXPAE00Urandom_access_iterator_tag@0@@Z (void __cdecl std::_Rotate<unsigned char *>(unsigned char *,unsigned char *,unsigned char *,struct std::random_access_iterator_tag))
209 00000000 SECT3E notype ()    External     | ??$distance@PAE@std@@YAHPAE0@Z (int __cdecl std::distance<unsigned char *>(unsigned char *,unsigned char *))
20A 00000000 SECT30 notype ()    External     | ??$advance@PAEH@std@@YAXAAPAEH@Z (void __cdecl std::advance<unsigned char *,int>(unsigned char * &,int))
20B 00000000 SECT2E notype ()    External     | ??$_Val_type@PAE@std@@YAPAEPAE@Z (unsigned char * __cdecl std::_Val_type<unsigned char *>(unsigned char *))
20C 00000000 SECT2A notype ()    External     | ??$_Uninit_move@EEE@std@@YAPAEPAE00AAU?$_Wrap_alloc@V?$allocator@E@std@@@0@0U_Scalar_ptr_iterator_tag@0@@Z (unsigned char * __cdecl std::_Uninit_move<unsigned char,unsigned char,unsigned char>(unsigned char *,unsigned char *,unsigned char *,struct std::_Wrap_alloc<class std::allocator<unsigned char> > &,unsigned char *,struct std::_Scalar_ptr_iterator_tag))
20D 00000000 SECTB  notype ()    External     | ??$_Debug_pointer@E@std@@YAXPBEPB_WI@Z (void __cdecl std::_Debug_pointer<unsigned char>(unsigned char const *,wchar_t const *,unsigned int))
20E 00000000 SECT27 notype ()    External     | ??$_Unchecked@PBE@std@@YAPBEPBE@Z (unsigned char const * __cdecl std::_Unchecked<unsigned char const *>(unsigned char const *))
20F 00000000 SECT29 notype ()    External     | ??$_Uninit_copy@PBEPAEU?$_Wrap_alloc@V?$allocator@E@std@@@std@@@std@@YAPAEPBE0PAEAAU?$_Wrap_alloc@V?$allocator@E@std@@@0@@Z (unsigned char * __cdecl std::_Uninit_copy<unsigned char const *,unsigned char *,struct std::_Wrap_alloc<class std::allocator<unsigned char> > >(unsigned char const *,unsigned char const *,unsigned char *,struct std::_Wrap_alloc<class std::allocator<unsigned char> > &))
210 00000000 SECTC  notype ()    External     | ??$_Debug_range2@PAE@std@@YAXPAE0PB_WIUrandom_access_iterator_tag@0@@Z (void __cdecl std::_Debug_range2<unsigned char *>(unsigned char *,unsigned char *,wchar_t const *,unsigned int,struct std::random_access_iterator_tag))
211 00000000 SECT12 notype ()    External     | ??$_Dist_type@PAE@std@@YAPAHPAE@Z (int * __cdecl std::_Dist_type<unsigned char *>(unsigned char *))
212 00000000 SECT21 notype ()    External     | ??$_Rotate@PAEHE@std@@YAXPAE00PAH0@Z (void __cdecl std::_Rotate<unsigned char *,int,unsigned char>(unsigned char *,unsigned char *,unsigned char *,int *,unsigned char *))
213 00000000 SECT13 notype ()    External     | ??$_Distance2@PAEH@std@@YAXPAE0AAHUrandom_access_iterator_tag@0@@Z (void __cdecl std::_Distance2<unsigned char *,int>(unsigned char *,unsigned char *,int &,struct std::random_access_iterator_tag))
214 00000000 SECT7  notype ()    External     | ??$_Advance@PAEH@std@@YAXAAPAEHUrandom_access_iterator_tag@0@@Z (void __cdecl std::_Advance<unsigned char *,int>(unsigned char * &,int,struct std::random_access_iterator_tag))
215 00000000 SECTA  notype ()    External     | ??$_Debug_pointer@E@std@@YAXPAEPB_WI@Z (void __cdecl std::_Debug_pointer<unsigned char>(unsigned char *,wchar_t const *,unsigned int))
216 00000000 SECT28 notype ()    External     | ??$_Uninit_copy@$$CBEE@std@@YAPAEPBE0PAEAAU?$_Wrap_alloc@V?$allocator@E@std@@@0@U_Scalar_ptr_iterator_tag@0@@Z (unsigned char * __cdecl std::_Uninit_copy<unsigned char const ,unsigned char>(unsigned char const *,unsigned char const *,unsigned char *,struct std::_Wrap_alloc<class std::allocator<unsigned char> > &,struct std::_Scalar_ptr_iterator_tag))
217 00000000 SECT43 notype ()    External     | ??$iter_swap@PAEPAE@std@@YAXPAE0@Z (void __cdecl std::iter_swap<unsigned char *,unsigned char *>(unsigned char *,unsigned char *))
218 00000000 SECT49 notype ()    External     | ??$swap@E@std@@YAXAAE0@Z (void __cdecl std::swap<unsigned char>(unsigned char &,unsigned char &))
219 00000000 SECT1A notype ()    External     | ??$_Move@AAE@std@@YA$$QAEAAE@Z (unsigned char && __cdecl std::_Move<unsigned char &>(unsigned char &))
21A 00000000 UNDEF  notype ()    External     | @__security_check_cookie@4
21B 00000000 UNDEF  notype ()    External     | __CxxThrowException@8
21C 00000000 UNDEF  notype ()    External     | ___CxxFrameHandler3
21D 00000000 UNDEF  notype ()    External     | __allshl
21E 00000000 UNDEF  notype ()    External     | __aullshr
21F 00000008 SECT6F notype ()    Static       | __ehhandler$??4_Iterator_base12@std@@QAEAAU01@ABU01@@Z
220 00000000 SECTB0 notype       Static       | .sxdata
    Section length   3C, #relocs    0, #linenums    0, checksum BAA9D425
222 00000000 SECT6F notype ()    Static       | __unwindfunclet$??4_Iterator_base12@std@@QAEAAU01@ABU01@@Z$0
223 00000010 SECT77 notype ()    Static       | __ehhandler$?_Adopt@_Iterator_base12@std@@QAEXPBU_Container_base12@2@@Z
224 00000000 SECT77 notype ()    Static       | __unwindfunclet$?_Adopt@_Iterator_base12@std@@QAEXPBU_Container_base12@2@@Z$0
225 00000008 SECT77 notype ()    Static       | __unwindfunclet$?_Adopt@_Iterator_base12@std@@QAEXPBU_Container_base12@2@@Z$1
226 00000008 SECT4  notype ()    Static       | __ehhandler$?encodeCall@MilesTransport@@YA_NUHeader@MilesWire@@ABUCall@3@UBytes@1@2AAV?$vector@EV?$allocator@E@std@@@std@@@Z
227 00000000 SECT4  notype ()    Static       | __unwindfunclet$?encodeCall@MilesTransport@@YA_NUHeader@MilesWire@@ABUCall@3@UBytes@1@2AAV?$vector@EV?$allocator@E@std@@@std@@@Z$0
228 0000002B SECT4  notype ()    Static       | __ehhandler$?encodeResult@MilesTransport@@YA_NUHeader@MilesWire@@ABUResult@3@UBytes@1@2AAV?$vector@EV?$allocator@E@std@@@std@@@Z
229 00000023 SECT4  notype ()    Static       | __unwindfunclet$?encodeResult@MilesTransport@@YA_NUHeader@MilesWire@@ABUResult@3@UBytes@1@2AAV?$vector@EV?$allocator@E@std@@@std@@@Z$0
22A 0000004E SECT4  notype ()    Static       | __ehhandler$?encodeEos@MilesTransport@@YA_NUHeader@MilesWire@@ABUEos@3@AAV?$vector@EV?$allocator@E@std@@@std@@@Z
22B 00000046 SECT4  notype ()    Static       | __unwindfunclet$?encodeEos@MilesTransport@@YA_NUHeader@MilesWire@@ABUEos@3@AAV?$vector@EV?$allocator@E@std@@@std@@@Z$0
22C 00000008 SECT4F notype ()    Static       | __ehhandler$??0?$_Vector_alloc@$0A@U?$_Vec_base_types@EV?$allocator@E@std@@@std@@@std@@QAE@ABV?$allocator@E@1@@Z
22D 00000000 SECT4F notype ()    Static       | __unwindfunclet$??0?$_Vector_alloc@$0A@U?$_Vec_base_types@EV?$allocator@E@std@@@std@@@std@@QAE@ABV?$allocator@E@1@@Z$0
22E 00000000 SECT87 notype ()    Static       | __ehhandler$?_Reallocate@?$vector@EV?$allocator@E@std@@@std@@IAEXI@Z
22F 0000006C SECT86 notype ()    Static       | __catch$?_Reallocate@?$vector@EV?$allocator@E@std@@@std@@IAEXI@Z$0
230 0000009F SECT86 notype       Label        | $LN8
231 00000008 SECT85 notype ()    Static       | __ehhandler$?_Orphan_range@?$vector@EV?$allocator@E@std@@@std@@IBEXPAE0@Z
232 00000000 SECT85 notype ()    Static       | __unwindfunclet$?_Orphan_range@?$vector@EV?$allocator@E@std@@@std@@IBEXPAE0@Z$0
233 00000008 SECTA4 notype ()    Static       | __ehhandler$?payload@Writer@?A0x819b97a7@MilesTransport@@QAEXUBytes@3@@Z
234 00000000 SECTA4 notype ()    Static       | __unwindfunclet$?payload@Writer@?A0x819b97a7@MilesTransport@@QAEXUBytes@3@@Z$0
235 00000008 SECT52 notype ()    Static       | __ehhandler$??0?$_Vector_const_iterator@V?$_Vector_val@U?$_Simple_types@E@std@@@std@@@std@@QAE@PAEPBU_Container_base12@1@@Z
236 00000000 SECT52 notype ()    Static       | __unwindfunclet$??0?$_Vector_const_iterator@V?$_Vector_val@U?$_Simple_types@E@std@@@std@@@std@@QAE@PAEPBU_Container_base12@1@@Z$0
237 00000008 SECT71 notype ()    Static       | __ehhandler$??H?$_Vector_iterator@V?$_Vector_val@U?$_Simple_types@E@std@@@std@@@std@@QBE?AV01@H@Z
238 00000000 SECT71 notype ()    Static       | __unwindfunclet$??H?$_Vector_iterator@V?$_Vector_val@U?$_Simple_types@E@std@@@std@@@std@@QBE?AV01@H@Z$0
239 00000010 SECT42 notype ()    Static       | __ehhandler$??$insert@PBE@?$vector@EV?$allocator@E@std@@@std@@QAE?AV?$_Vector_iterator@V?$_Vector_val@U?$_Simple_types@E@std@@@std@@@1@V?$_Vector_const_iterator@V?$_Vector_val@U?$_Simple_types@E@std@@@std@@@1@PBE1@Z
23A 00000000 SECT42 notype ()    Static       | __unwindfunclet$??$insert@PBE@?$vector@EV?$allocator@E@std@@@std@@QAE?AV?$_Vector_iterator@V?$_Vector_val@U?$_Simple_types@E@std@@@std@@@1@V?$_Vector_const_iterator@V?$_Vector_val@U?$_Simple_types@E@std@@@std@@@1@PBE1@Z$0
23B 00000008 SECT42 notype ()    Static       | __unwindfunclet$??$insert@PBE@?$vector@EV?$allocator@E@std@@@std@@QAE?AV?$_Vector_iterator@V?$_Vector_val@U?$_Simple_types@E@std@@@std@@@1@V?$_Vector_const_iterator@V?$_Vector_val@U?$_Simple_types@E@std@@@std@@@1@PBE1@Z$2
23C 00000008 SECT17 notype ()    Static       | __ehhandler$??$_Insert@PBE@?$vector@EV?$allocator@E@std@@@std@@QAEXV?$_Vector_const_iterator@V?$_Vector_val@U?$_Simple_types@E@std@@@std@@@1@PBE1Uforward_iterator_tag@1@@Z
23D 00000173 SECT16 notype ()    Static       | __catch$??$_Insert@PBE@?$vector@EV?$allocator@E@std@@@std@@QAEXV?$_Vector_const_iterator@V?$_Vector_val@U?$_Simple_types@E@std@@@std@@@1@PBE1Uforward_iterator_tag@1@@Z$0
23E 000001B6 SECT16 notype       Label        | $LN16
23F 00000000 SECT17 notype ()    Static       | __unwindfunclet$??$_Insert@PBE@?$vector@EV?$allocator@E@std@@@std@@QAEXV?$_Vector_const_iterator@V?$_Vector_val@U?$_Simple_types@E@std@@@std@@@1@PBE1Uforward_iterator_tag@1@@Z$2
240 00000011 SECT35 notype ()    Static       | __ehhandler$??$construct@EE@?$allocator@E@std@@QAEXPAE$$QAE@Z
241 00000000 SECT35 notype ()    Static       | __unwindfunclet$??$construct@EE@?$allocator@E@std@@QAEXPAE$$QAE@Z$0
242 00000011 SECT39 notype ()    Static       | __ehhandler$??$construct@U_Container_proxy@std@@U12@@?$allocator@U_Container_proxy@std@@@std@@QAEXPAU_Container_proxy@1@$$QAU21@@Z
243 00000000 SECT39 notype ()    Static       | __unwindfunclet$??$construct@U_Container_proxy@std@@U12@@?$allocator@U_Container_proxy@std@@@std@@QAEXPAU_Container_proxy@1@$$QAU21@@Z$0
244 00000000 SECTB1 notype       Static       | .xdata$x
    Section length   2C, #relocs    2, #linenums    0, checksum A7F7E1EC, selection    5 (pick associative Section 0x6E)
246 00000008 SECTB1 notype       Static       | __ehfuncinfo$??4_Iterator_base12@std@@QAEAAU01@ABU01@@Z
247 00000000 SECTB1 notype       Static       | __unwindtable$??4_Iterator_base12@std@@QAEAAU01@ABU01@@Z
248 00000000 SECTB2 notype       Static       | .xdata$x
    Section length   34, #relocs    3, #linenums    0, checksum 5D3C191C, selection    5 (pick associative Section 0x76)
24A 00000010 SECTB2 notype       Static       | __ehfuncinfo$?_Adopt@_Iterator_base12@std@@QAEXPBU_Container_base12@2@@Z
24B 00000000 SECTB2 notype       Static       | __unwindtable$?_Adopt@_Iterator_base12@std@@QAEXPBU_Container_base12@2@@Z
24C 00000000 SECTB3 notype       Static       | .xdata$x
    Section length   84, #relocs    6, #linenums    0, checksum E89AA51F
24E 00000060 SECTB3 notype       Static       | __ehfuncinfo$?encodeCall@MilesTransport@@YA_NUHeader@MilesWire@@ABUCall@3@UBytes@1@2AAV?$vector@EV?$allocator@E@std@@@std@@@Z
24F 00000010 SECTB3 notype       Static       | __unwindtable$?encodeCall@MilesTransport@@YA_NUHeader@MilesWire@@ABUCall@3@UBytes@1@2AAV?$vector@EV?$allocator@E@std@@@std@@@Z
250 0000003C SECTB3 notype       Static       | __ehfuncinfo$?encodeResult@MilesTransport@@YA_NUHeader@MilesWire@@ABUResult@3@UBytes@1@2AAV?$vector@EV?$allocator@E@std@@@std@@@Z
251 00000008 SECTB3 notype       Static       | __unwindtable$?encodeResult@MilesTransport@@YA_NUHeader@MilesWire@@ABUResult@3@UBytes@1@2AAV?$vector@EV?$allocator@E@std@@@std@@@Z
252 00000018 SECTB3 notype       Static       | __ehfuncinfo$?encodeEos@MilesTransport@@YA_NUHeader@MilesWire@@ABUEos@3@AAV?$vector@EV?$allocator@E@std@@@std@@@Z
253 00000000 SECTB3 notype       Static       | __unwindtable$?encodeEos@MilesTransport@@YA_NUHeader@MilesWire@@ABUEos@3@AAV?$vector@EV?$allocator@E@std@@@std@@@Z
254 00000000 SECTB4 notype       Static       | .xdata$x
    Section length   2C, #relocs    2, #linenums    0, checksum A7F7E1EC, selection    5 (pick associative Section 0x4E)
256 00000008 SECTB4 notype       Static       | __ehfuncinfo$??0?$_Vector_alloc@$0A@U?$_Vec_base_types@EV?$allocator@E@std@@@std@@@std@@QAE@ABV?$allocator@E@1@@Z
257 00000000 SECTB4 notype       Static       | __unwindtable$??0?$_Vector_alloc@$0A@U?$_Vec_base_types@EV?$allocator@E@std@@@std@@@std@@QAE@ABV?$allocator@E@1@@Z
258 00000000 SECTB5 notype       Static       | .xdata$x
    Section length   58, #relocs    4, #linenums    0, checksum D5BF5650, selection    5 (pick associative Section 0x86)
25A 00000034 SECTB5 notype       Static       | __ehfuncinfo$?_Reallocate@?$vector@EV?$allocator@E@std@@@std@@IAEXI@Z
25B 00000010 SECTB5 notype       Static       | __unwindtable$?_Reallocate@?$vector@EV?$allocator@E@std@@@std@@IAEXI@Z
25C 00000020 SECTB5 notype       Static       | __tryblocktable$?_Reallocate@?$vector@EV?$allocator@E@std@@@std@@IAEXI@Z
25D 00000000 SECTB5 notype       Static       | __catchsym$?_Reallocate@?$vector@EV?$allocator@E@std@@@std@@IAEXI@Z$2
25E 00000000 SECTB6 notype       Static       | .xdata$x
    Section length   2C, #relocs    2, #linenums    0, checksum A7F7E1EC, selection    5 (pick associative Section 0x84)
260 00000008 SECTB6 notype       Static       | __ehfuncinfo$?_Orphan_range@?$vector@EV?$allocator@E@std@@@std@@IBEXPAE0@Z
261 00000000 SECTB6 notype       Static       | __unwindtable$?_Orphan_range@?$vector@EV?$allocator@E@std@@@std@@IBEXPAE0@Z
262 00000000 SECTB7 notype       Static       | .xdata$x
    Section length   2C, #relocs    2, #linenums    0, checksum A7F7E1EC, selection    5 (pick associative Section 0xA3)
264 00000008 SECTB7 notype       Static       | __ehfuncinfo$?payload@Writer@?A0x819b97a7@MilesTransport@@QAEXUBytes@3@@Z
265 00000000 SECTB7 notype       Static       | __unwindtable$?payload@Writer@?A0x819b97a7@MilesTransport@@QAEXUBytes@3@@Z
266 00000000 SECTB8 notype       Static       | .xdata$x
    Section length   2C, #relocs    2, #linenums    0, checksum A7F7E1EC, selection    5 (pick associative Section 0x51)
268 00000008 SECTB8 notype       Static       | __ehfuncinfo$??0?$_Vector_const_iterator@V?$_Vector_val@U?$_Simple_types@E@std@@@std@@@std@@QAE@PAEPBU_Container_base12@1@@Z
269 00000000 SECTB8 notype       Static       | __unwindtable$??0?$_Vector_const_iterator@V?$_Vector_val@U?$_Simple_types@E@std@@@std@@@std@@QAE@PAEPBU_Container_base12@1@@Z
26A 00000000 SECTB9 notype       Static       | .xdata$x
    Section length   2C, #relocs    2, #linenums    0, checksum A7F7E1EC, selection    5 (pick associative Section 0x70)
26C 00000008 SECTB9 notype       Static       | __ehfuncinfo$??H?$_Vector_iterator@V?$_Vector_val@U?$_Simple_types@E@std@@@std@@@std@@QBE?AV01@H@Z
26D 00000000 SECTB9 notype       Static       | __unwindtable$??H?$_Vector_iterator@V?$_Vector_val@U?$_Simple_types@E@std@@@std@@@std@@QBE?AV01@H@Z
26E 00000000 SECTBA notype       Static       | .xdata$x
    Section length   34, #relocs    3, #linenums    0, checksum 21E780FF, selection    5 (pick associative Section 0x41)
270 00000010 SECTBA notype       Static       | __ehfuncinfo$??$insert@PBE@?$vector@EV?$allocator@E@std@@@std@@QAE?AV?$_Vector_iterator@V?$_Vector_val@U?$_Simple_types@E@std@@@std@@@1@V?$_Vector_const_iterator@V?$_Vector_val@U?$_Simple_types@E@std@@@std@@@1@PBE1@Z
271 00000000 SECTBA notype       Static       | __unwindtable$??$insert@PBE@?$vector@EV?$allocator@E@std@@@std@@QAE?AV?$_Vector_iterator@V?$_Vector_val@U?$_Simple_types@E@std@@@std@@@1@V?$_Vector_const_iterator@V?$_Vector_val@U?$_Simple_types@E@std@@@std@@@1@PBE1@Z
272 00000000 SECTBB notype       Static       | .xdata$x
    Section length   60, #relocs    5, #linenums    0, checksum F086F6C1, selection    5 (pick associative Section 0x16)
274 0000003C SECTBB notype       Static       | __ehfuncinfo$??$_Insert@PBE@?$vector@EV?$allocator@E@std@@@std@@QAEXV?$_Vector_const_iterator@V?$_Vector_val@U?$_Simple_types@E@std@@@std@@@1@PBE1Uforward_iterator_tag@1@@Z
275 00000024 SECTBB notype       Static       | __unwindtable$??$_Insert@PBE@?$vector@EV?$allocator@E@std@@@std@@QAEXV?$_Vector_const_iterator@V?$_Vector_val@U?$_Simple_types@E@std@@@std@@@1@PBE1Uforward_iterator_tag@1@@Z
276 00000010 SECTBB notype       Static       | __tryblocktable$??$_Insert@PBE@?$vector@EV?$allocator@E@std@@@std@@QAEXV?$_Vector_const_iterator@V?$_Vector_val@U?$_Simple_types@E@std@@@std@@@1@PBE1Uforward_iterator_tag@1@@Z
277 00000000 SECTBB notype       Static       | __catchsym$??$_Insert@PBE@?$vector@EV?$allocator@E@std@@@std@@QAEXV?$_Vector_const_iterator@V?$_Vector_val@U?$_Simple_types@E@std@@@std@@@1@PBE1Uforward_iterator_tag@1@@Z$3
278 00000000 SECTBC notype       Static       | .xdata$x
    Section length   2C, #relocs    2, #linenums    0, checksum A7F7E1EC, selection    5 (pick associative Section 0x34)
27A 00000008 SECTBC notype       Static       | __ehfuncinfo$??$construct@EE@?$allocator@E@std@@QAEXPAE$$QAE@Z
27B 00000000 SECTBC notype       Static       | __unwindtable$??$construct@EE@?$allocator@E@std@@QAEXPAE$$QAE@Z
27C 00000000 SECTBD notype       Static       | .xdata$x
    Section length   2C, #relocs    2, #linenums    0, checksum A7F7E1EC, selection    5 (pick associative Section 0x38)
27E 00000008 SECTBD notype       Static       | __ehfuncinfo$??$construct@U_Container_proxy@std@@U12@@?$allocator@U_Container_proxy@std@@@std@@QAEXPAU_Container_proxy@1@$$QAU21@@Z
27F 00000000 SECTBD notype       Static       | __unwindtable$??$construct@U_Container_proxy@std@@U12@@?$allocator@U_Container_proxy@std@@@std@@QAEXPAU_Container_proxy@1@$$QAU21@@Z
280 00000000 SECTBE notype       Static       | .bss
    Section length    2, #relocs    0, #linenums    0, checksum        0
282 00000001 SECTBE notype       Static       | _piecewise_construct
283 00000000 SECTBF notype       Static       | .rdata
    Section length   90, #relocs    0, #linenums    0, checksum D4D3A252, selection    2 (pick any)
285 00000000 SECTBF notype       External     | ??_C@_1JA@FLCGFIDB@?$AAC?$AA?3?$AA?2?$AAP?$AAr?$AAo?$AAg?$AAr?$AAa?$AAm?$AA?5?$AAF?$AAi?$AAl?$AAe?$AAs?$AA?5?$AA?$CI?$AAx?$AA8?$AA6?$AA?$CJ?$AA?2?$AAM?$AAi?$AAc?$AAr?$AAo?$AAs?$AAo?$AAf?$AAt@ (`string')
286 00000000 SECTC0 notype       Static       | .rdata
    Section length   32, #relocs    0, #linenums    0, checksum 1E9022EF, selection    2 (pick any)
288 00000000 SECTC0 notype       External     | ??_C@_1DC@POOIKBAO@?$AAI?$AAT?$AAE?$AAR?$AAA?$AAT?$AAO?$AAR?$AA?5?$AAL?$AAI?$AAS?$AAT?$AA?5?$AAC?$AAO?$AAR?$AAR?$AAU?$AAP?$AAT?$AAE?$AAD?$AA?$CB?$AA?$AA@ (`string')
289 00000000 SECTBE notype       Static       | _allocator_arg
28A 00000000 SECTC1 notype       Static       | .rdata
    Section length   8C, #relocs    0, #linenums    0, checksum 101D7482, selection    2 (pick any)
28C 00000000 SECTC1 notype       External     | ??_C@_1IM@CBJFJAOD@?$AAC?$AA?3?$AA?2?$AAP?$AAr?$AAo?$AAg?$AAr?$AAa?$AAm?$AA?5?$AAF?$AAi?$AAl?$AAe?$AAs?$AA?5?$AA?$CI?$AAx?$AA8?$AA6?$AA?$CJ?$AA?2?$AAM?$AAi?$AAc?$AAr?$AAo?$AAs?$AAo?$AAf?$AAt@ (`string')
28D 00000000 SECTC2 notype       Static       | .rdata
    Section length   24, #relocs    0, #linenums    0, checksum 70812DE6, selection    2 (pick any)
28F 00000000 SECTC2 notype       External     | ??_C@_0CE@OFMIGAMM@Standard?5C?$CL?$CL?5Libraries?5Out?5of?5Ra@ (`string')
290 00000000 SECTC3 notype       Static       | .rdata
    Section length   56, #relocs    0, #linenums    0, checksum 8F83C987, selection    2 (pick any)
292 00000000 SECTC3 notype       External     | ??_C@_1FG@IBPIFFN@?$AA?$CC?$AAS?$AAt?$AAa?$AAn?$AAd?$AAa?$AAr?$AAd?$AA?5?$AAC?$AA?$CL?$AA?$CL?$AA?5?$AAL?$AAi?$AAb?$AAr?$AAa?$AAr?$AAi?$AAe?$AAs?$AA?5?$AAO?$AAu?$AAt?$AA?5?$AAo?$AAf?$AA?5?$AAR@ (`string')
293 00000000 SECTC4 notype       Static       | .rdata
    Section length    6, #relocs    0, #linenums    0, checksum 2EEB9BF7, selection    2 (pick any)
295 00000000 SECTC4 notype       External     | ??_C@_15GANGMFKL@?$AA?$CF?$AAs?$AA?$AA@ (`string')
296 00000000 SECTC5 notype       Static       | .rdata
    Section length   1E, #relocs    0, #linenums    0, checksum F3B436A4, selection    2 (pick any)
298 00000000 SECTC5 notype       External     | ??_C@_1BO@MEPPHOO@?$AA?$CC?$AAo?$AAu?$AAt?$AA?5?$AAo?$AAf?$AA?5?$AAr?$AAa?$AAn?$AAg?$AAe?$AA?$CC?$AA?$AA@ (`string')
299 00000000 SECTC6 notype       Static       | .rdata
    Section length   50, #relocs    0, #linenums    0, checksum  F44E301, selection    2 (pick any)
29B 00000000 SECTC6 notype       External     | ??_C@_1FA@HOJIAEBI@?$AAv?$AAe?$AAc?$AAt?$AAo?$AAr?$AA?5?$AAc?$AAo?$AAn?$AAt?$AAa?$AAi?$AAn?$AAe?$AAr?$AAs?$AA?5?$AAi?$AAn?$AAc?$AAo?$AAm?$AAp?$AAa?$AAt?$AAi?$AAb?$AAl?$AAe?$AA?5?$AAf@ (`string')
29C 00000000 SECTC7 notype       Static       | .rdata
    Section length   13, #relocs    0, #linenums    0, checksum CEE728DA, selection    2 (pick any)
29E 00000000 SECTC7 notype       External     | ??_C@_0BD@OLBABOEK@vector?$DMT?$DO?5too?5long?$AA@ (`string')
29F 00000000 SECTC8 notype       Static       | .rdata
    Section length   4C, #relocs    0, #linenums    0, checksum 45C970A3, selection    2 (pick any)
2A1 00000000 SECTC8 notype       External     | ??_C@_1EM@FKAOCOMF@?$AAv?$AAe?$AAc?$AAt?$AAo?$AAr?$AA?5?$AAi?$AAt?$AAe?$AAr?$AAa?$AAt?$AAo?$AAr?$AA?5?$AA?$CL?$AA?5?$AAo?$AAf?$AAf?$AAs?$AAe?$AAt?$AA?5?$AAo?$AAu?$AAt?$AA?5?$AAo?$AAf?$AA?5@ (`string')
2A2 00000000 SECTC9 notype       Static       | .rdata
    Section length   DA, #relocs    0, #linenums    0, checksum  BD4891C, selection    2 (pick any)
2A4 00000000 SECTC9 notype       External     | ??_C@_1NK@KFBLJJMO@?$AAs?$AAt?$AAd?$AA?3?$AA?3?$AA_?$AAV?$AAe?$AAc?$AAt?$AAo?$AAr?$AA_?$AAc?$AAo?$AAn?$AAs?$AAt?$AA_?$AAi?$AAt?$AAe?$AAr?$AAa?$AAt?$AAo?$AAr?$AA?$DM?$AAc?$AAl?$AAa?$AAs@ (`string')
2A5 00000000 SECTCA notype       Static       | .rdata
    Section length   4A, #relocs    0, #linenums    0, checksum 2E6D7D22, selection    2 (pick any)
2A7 00000000 SECTCA notype       External     | ??_C@_1EK@EEHFMKDC@?$AAv?$AAe?$AAc?$AAt?$AAo?$AAr?$AA?5?$AAi?$AAn?$AAs?$AAe?$AAr?$AAt?$AA?5?$AAi?$AAt?$AAe?$AAr?$AAa?$AAt?$AAo?$AAr?$AA?5?$AAo?$AAu?$AAt?$AAs?$AAi?$AAd?$AAe?$AA?5?$AAr@ (`string')
2A8 00000000 SECTCB notype       Static       | .rdata
    Section length   2E, #relocs    0, #linenums    0, checksum CA385A6C, selection    2 (pick any)
2AA 00000000 SECTCB notype       External     | ??_C@_1CO@DGLIKNHI@?$AAi?$AAn?$AAv?$AAa?$AAl?$AAi?$AAd?$AA?5?$AAi?$AAt?$AAe?$AAr?$AAa?$AAt?$AAo?$AAr?$AA?5?$AAr?$AAa?$AAn?$AAg?$AAe?$AA?$AA@ (`string')
2AB 00000000 SECTCC notype       Static       | .rdata
    Section length   8E, #relocs    0, #linenums    0, checksum 6FB757B8, selection    2 (pick any)
2AD 00000000 SECTCC notype       External     | ??_C@_1IO@LEDGBKLH@?$AAC?$AA?3?$AA?2?$AAP?$AAr?$AAo?$AAg?$AAr?$AAa?$AAm?$AA?5?$AAF?$AAi?$AAl?$AAe?$AAs?$AA?5?$AA?$CI?$AAx?$AA8?$AA6?$AA?$CJ?$AA?2?$AAM?$AAi?$AAc?$AAr?$AAo?$AAs?$AAo?$AAf?$AAt@ (`string')
2AE 00000000 SECTCD notype       Static       | .rdata
    Section length   2A, #relocs    0, #linenums    0, checksum 55665FBD, selection    2 (pick any)
2B0 00000000 SECTCD notype       External     | ??_C@_1CK@EOPGIILJ@?$AAi?$AAn?$AAv?$AAa?$AAl?$AAi?$AAd?$AA?5?$AAn?$AAu?$AAl?$AAl?$AA?5?$AAp?$AAo?$AAi?$AAn?$AAt?$AAe?$AAr?$AA?$AA@ (`string')
2B1 00000000 UNDEF  notype       External     | ___security_cookie
2B2 00000000 UNDEF  notype       External     | __fltused
2B3 00000000 SECTCE notype       Static       | .CRT$XCU
    Section length    8, #relocs    2, #linenums    0, checksum        0
2B5 00000000 SECTCE notype       Static       | _piecewise_construct$initializer$
2B6 00000004 SECTCE notype       Static       | _allocator_arg$initializer$

String Table Size = 0x57E6 bytes

  Summary

           8 .CRT$XCU
           2 .bss
          A4 .debug$S
          C2 .drectve
         4A5 .rdata
          3C .sxdata
          1A .text$di
        363A .text$mn
         227 .text$x
         304 .xdata$x
