Microsoft (R) COFF/PE Dumper Version 12.00.40629.0
Copyright (C) Microsoft Corporation.  All rights reserved.


Dump of file C:\native70\results\engine_plain_probe\engine_plain_probe.obj

File Type: COFF OBJECT

COFF SYMBOL TABLE
000 00E19EB5 ABS    notype       Static       | @comp.id
001 80000190 ABS    notype       Static       | @feat.00
002 00000000 SECT1  notype       Static       | .drectve
    Section length   E8, #relocs    0, #linenums    0, checksum        0
004 00000000 SECT2  notype       Static       | .debug$S
    Section length 5910, #relocs   28, #linenums    0, checksum        0
006 00000000 SECT3  notype       Static       | .debug$T
    Section length   5C, #relocs    0, #linenums    0, checksum        0
008 00000000 SECT4  notype       Static       | .rdata
    Section length    E, #relocs    0, #linenums    0, checksum 17AD799A
00A 00000000 SECT4  notype       Static       | PI
00B 00000004 SECT4  notype       Static       | E
00C 00000008 SECT4  notype       Static       | $SG39498
00D 00000000 SECT5  notype       Static       | .text$di
    Section length   1C, #relocs    3, #linenums    0, checksum 6D53DB04, selection    2 (pick any)
00F 00000000 SECT6  notype       Static       | .debug$S
    Section length   A4, #relocs    4, #linenums    0, checksum        0, selection    5 (pick associative Section 0x5)
011 00000000 SECT7  notype       Static       | .text$di
    Section length   1C, #relocs    3, #linenums    0, checksum 6D53DB04, selection    2 (pick any)
013 00000000 SECT8  notype       Static       | .debug$S
    Section length   A4, #relocs    4, #linenums    0, checksum        0, selection    5 (pick associative Section 0x7)
015 00000000 SECT9  notype       Static       | .text$di
    Section length   1C, #relocs    3, #linenums    0, checksum 6D53DB04, selection    2 (pick any)
017 00000000 SECTA  notype       Static       | .debug$S
    Section length   A8, #relocs    4, #linenums    0, checksum        0, selection    5 (pick associative Section 0x9)
019 00000000 SECTB  notype       Static       | .text$di
    Section length   1C, #relocs    3, #linenums    0, checksum 6D53DB04, selection    2 (pick any)
01B 00000000 SECTC  notype       Static       | .debug$S
    Section length   A4, #relocs    4, #linenums    0, checksum        0, selection    5 (pick associative Section 0xB)
01D 00000000 SECTD  notype       Static       | .text$di
    Section length   1C, #relocs    3, #linenums    0, checksum 6D53DB04, selection    2 (pick any)
01F 00000000 SECTE  notype       Static       | .debug$S
    Section length   A4, #relocs    4, #linenums    0, checksum        0, selection    5 (pick associative Section 0xD)
021 00000000 SECTF  notype       Static       | .text$di
    Section length   1C, #relocs    3, #linenums    0, checksum 6D53DB04, selection    2 (pick any)
023 00000000 SECT10 notype       Static       | .debug$S
    Section length   A4, #relocs    4, #linenums    0, checksum        0, selection    5 (pick associative Section 0xF)
025 00000000 SECT11 notype       Static       | .text$di
    Section length   1C, #relocs    3, #linenums    0, checksum 6D53DB04, selection    2 (pick any)
027 00000000 SECT12 notype       Static       | .debug$S
    Section length   A4, #relocs    4, #linenums    0, checksum        0, selection    5 (pick associative Section 0x11)
029 00000000 SECT13 notype       Static       | .text$di
    Section length   1C, #relocs    3, #linenums    0, checksum 6D53DB04, selection    2 (pick any)
02B 00000000 SECT14 notype       Static       | .debug$S
    Section length   A4, #relocs    4, #linenums    0, checksum        0, selection    5 (pick associative Section 0x13)
02D 00000000 SECT15 notype       Static       | .text$di
    Section length   1C, #relocs    3, #linenums    0, checksum 90AA2371, selection    2 (pick any)
02F 00000000 SECT16 notype       Static       | .debug$S
    Section length   A4, #relocs    4, #linenums    0, checksum        0, selection    5 (pick associative Section 0x15)
031 00000000 SECT17 notype       Static       | .text$mn
    Section length   C1, #relocs   11, #linenums    0, checksum D885C55E, selection    1 (pick no duplicates)
033 00000000 SECT18 notype       Static       | .debug$S
    Section length  114, #relocs    4, #linenums    0, checksum        0, selection    5 (pick associative Section 0x17)
035 00000000 SECT19 notype       Static       | .text$mn
    Section length   35, #relocs    2, #linenums    0, checksum 2F14E23D, selection    1 (pick no duplicates)
037 00000000 SECT1A notype       Static       | .debug$S
    Section length   BC, #relocs    4, #linenums    0, checksum        0, selection    5 (pick associative Section 0x19)
039 00000000 SECT1B notype       Static       | .text$mn
    Section length   35, #relocs    2, #linenums    0, checksum 2F14E23D, selection    1 (pick no duplicates)
03B 00000000 SECT1C notype       Static       | .debug$S
    Section length   BC, #relocs    4, #linenums    0, checksum        0, selection    5 (pick associative Section 0x1B)
03D 00000000 SECT15 notype ()    Static       | ??__EPI_TIMES_2@@YAXXZ (void __cdecl `dynamic initializer for 'PI_TIMES_2''(void))
03E 00000000 SECTB  notype ()    Static       | ??__EPI_OVER_2@@YAXXZ (void __cdecl `dynamic initializer for 'PI_OVER_2''(void))
03F 00000000 SECTD  notype ()    Static       | ??__EPI_OVER_3@@YAXXZ (void __cdecl `dynamic initializer for 'PI_OVER_3''(void))
040 00000000 SECTF  notype ()    Static       | ??__EPI_OVER_4@@YAXXZ (void __cdecl `dynamic initializer for 'PI_OVER_4''(void))
041 00000000 SECT11 notype ()    Static       | ??__EPI_OVER_6@@YAXXZ (void __cdecl `dynamic initializer for 'PI_OVER_6''(void))
042 00000000 SECT13 notype ()    Static       | ??__EPI_OVER_8@@YAXXZ (void __cdecl `dynamic initializer for 'PI_OVER_8''(void))
043 00000000 SECT5  notype ()    Static       | ??__EPI_OVER_12@@YAXXZ (void __cdecl `dynamic initializer for 'PI_OVER_12''(void))
044 00000000 SECT7  notype ()    Static       | ??__EPI_OVER_16@@YAXXZ (void __cdecl `dynamic initializer for 'PI_OVER_16''(void))
045 00000000 SECT9  notype ()    Static       | ??__EPI_OVER_180@@YAXXZ (void __cdecl `dynamic initializer for 'PI_OVER_180''(void))
046 00000000 UNDEF  notype ()    External     | ?startup@ClientMiles@@YAHXZ (int __cdecl ClientMiles::startup(void))
047 00000000 UNDEF  notype ()    External     | ?shutdown@ClientMiles@@YAXXZ (void __cdecl ClientMiles::shutdown(void))
048 00000000 UNDEF  notype ()    External     | ?get_preference@ClientMiles@@YA_JI@Z (__int64 __cdecl ClientMiles::get_preference(unsigned int))
049 00000000 UNDEF  notype ()    External     | ?set_preference@ClientMiles@@YA_JI_J@Z (__int64 __cdecl ClientMiles::set_preference(unsigned int,__int64))
04A 00000000 UNDEF  notype ()    External     | ?last_error@ClientMiles@@YAPEBDXZ (char const * __cdecl ClientMiles::last_error(void))
04B 00000000 UNDEF  notype ()    External     | ?set_redist_directory@ClientMiles@@YAPEBDPEBD@Z (char const * __cdecl ClientMiles::set_redist_directory(char const *))
04C 00000000 UNDEF  notype ()    External     | ?MSS_version@ClientMiles@@YAXPEADH@Z (void __cdecl ClientMiles::MSS_version(char *,int))
04D 00000000 UNDEF  notype ()    External     | ?set_file_callbacks@ClientMiles@@YAXP6AIPEBDPEA_K@ZP6AX_K@ZP6AH3HI@ZP6AI3PEAXI@Z@Z (void __cdecl ClientMiles::set_file_callbacks(unsigned int (__cdecl*)(char const *,unsigned __int64 *),void (__cdecl*)(unsigned __int64),int (__cdecl*)(unsigned __int64,int,unsigned int),unsigned int (__cdecl*)(unsigned __int64,void *,unsigned int)))
04E 00000000 UNDEF  notype ()    External     | ?register_EOS_callback@ClientMiles@@YAP6AXPEAU_SAMPLE@@@Z0P6AX0@Z@Z (void (__cdecl*__cdecl ClientMiles::register_EOS_callback(struct _SAMPLE *,void (__cdecl*)(struct _SAMPLE *)))(struct _SAMPLE *))
04F 00000000 UNDEF  notype ()    External     | ?register_stream_callback@ClientMiles@@YAP6AXPEAU_STREAM@@@Z0P6AX0@Z@Z (void (__cdecl*__cdecl ClientMiles::register_stream_callback(struct _STREAM *,void (__cdecl*)(struct _STREAM *)))(struct _STREAM *))
050 00000000 UNDEF  notype ()    External     | ?plainProbeOpen@@YAIPEBDPEA_K@Z (unsigned int __cdecl plainProbeOpen(char const *,unsigned __int64 *))
051 00000000 UNDEF  notype ()    External     | ?plainProbeClose@@YAX_K@Z (void __cdecl plainProbeClose(unsigned __int64))
052 00000000 UNDEF  notype ()    External     | ?plainProbeSeek@@YAH_KHI@Z (int __cdecl plainProbeSeek(unsigned __int64,int,unsigned int))
053 00000000 UNDEF  notype ()    External     | ?plainProbeRead@@YAI_KPEAXI@Z (unsigned int __cdecl plainProbeRead(unsigned __int64,void *,unsigned int))
054 00000000 SECT17 notype ()    External     | ?probePlainStartupHeader@@YAXXZ (void __cdecl probePlainStartupHeader(void))
055 00000000 UNDEF  notype ()    External     | ?plainProbeSample@@YAXPEAU_SAMPLE@@@Z (void __cdecl plainProbeSample(struct _SAMPLE *))
056 00000000 UNDEF  notype ()    External     | ?plainProbeStream@@YAXPEAU_STREAM@@@Z (void __cdecl plainProbeStream(struct _STREAM *))
057 00000000 SECT19 notype ()    External     | ?probeSampleRegistration@@YAP6AXPEAU_SAMPLE@@@Z0@Z (void (__cdecl*__cdecl probeSampleRegistration(struct _SAMPLE *))(struct _SAMPLE *))
058 00000000 SECT1B notype ()    External     | ?probeStreamRegistration@@YAP6AXPEAU_STREAM@@@Z0@Z (void (__cdecl*__cdecl probeStreamRegistration(struct _STREAM *))(struct _STREAM *))
059 00000000 UNDEF  notype ()    External     | _RTC_CheckStackVars
05A 00000000 UNDEF  notype ()    External     | _RTC_InitBase
05B 00000000 UNDEF  notype ()    External     | _RTC_Shutdown
05C 00000000 UNDEF  notype ()    External     | __GSHandlerCheck
05D 00000000 UNDEF  notype ()    External     | __security_check_cookie
05E 00000000 SECT17 notype       Label        | $LN3
05F 00000000 SECT19 notype       Label        | $LN3
060 00000000 SECT1B notype       Label        | $LN3
061 00000000 SECT1D notype       Static       | .xdata
    Section length    8, #relocs    0, #linenums    0, checksum 6E9162C9, selection    5 (pick associative Section 0x15)
063 00000000 SECT1D notype       Static       | $unwind$??__EPI_TIMES_2@@YAXXZ
064 00000000 SECT1E notype       Static       | .pdata
    Section length    C, #relocs    3, #linenums    0, checksum 2B142464, selection    5 (pick associative Section 0x15)
066 00000000 SECT1E notype       Static       | $pdata$??__EPI_TIMES_2@@YAXXZ
067 00000000 SECT1F notype       Static       | .xdata
    Section length    8, #relocs    0, #linenums    0, checksum 6E9162C9, selection    5 (pick associative Section 0xB)
069 00000000 SECT1F notype       Static       | $unwind$??__EPI_OVER_2@@YAXXZ
06A 00000000 SECT20 notype       Static       | .pdata
    Section length    C, #relocs    3, #linenums    0, checksum 2B142464, selection    5 (pick associative Section 0xB)
06C 00000000 SECT20 notype       Static       | $pdata$??__EPI_OVER_2@@YAXXZ
06D 00000000 SECT21 notype       Static       | .xdata
    Section length    8, #relocs    0, #linenums    0, checksum 6E9162C9, selection    5 (pick associative Section 0xD)
06F 00000000 SECT21 notype       Static       | $unwind$??__EPI_OVER_3@@YAXXZ
070 00000000 SECT22 notype       Static       | .pdata
    Section length    C, #relocs    3, #linenums    0, checksum 2B142464, selection    5 (pick associative Section 0xD)
072 00000000 SECT22 notype       Static       | $pdata$??__EPI_OVER_3@@YAXXZ
073 00000000 SECT23 notype       Static       | .xdata
    Section length    8, #relocs    0, #linenums    0, checksum 6E9162C9, selection    5 (pick associative Section 0xF)
075 00000000 SECT23 notype       Static       | $unwind$??__EPI_OVER_4@@YAXXZ
076 00000000 SECT24 notype       Static       | .pdata
    Section length    C, #relocs    3, #linenums    0, checksum 2B142464, selection    5 (pick associative Section 0xF)
078 00000000 SECT24 notype       Static       | $pdata$??__EPI_OVER_4@@YAXXZ
079 00000000 SECT25 notype       Static       | .xdata
    Section length    8, #relocs    0, #linenums    0, checksum 6E9162C9, selection    5 (pick associative Section 0x11)
07B 00000000 SECT25 notype       Static       | $unwind$??__EPI_OVER_6@@YAXXZ
07C 00000000 SECT26 notype       Static       | .pdata
    Section length    C, #relocs    3, #linenums    0, checksum 2B142464, selection    5 (pick associative Section 0x11)
07E 00000000 SECT26 notype       Static       | $pdata$??__EPI_OVER_6@@YAXXZ
07F 00000000 SECT27 notype       Static       | .xdata
    Section length    8, #relocs    0, #linenums    0, checksum 6E9162C9, selection    5 (pick associative Section 0x13)
081 00000000 SECT27 notype       Static       | $unwind$??__EPI_OVER_8@@YAXXZ
082 00000000 SECT28 notype       Static       | .pdata
    Section length    C, #relocs    3, #linenums    0, checksum 2B142464, selection    5 (pick associative Section 0x13)
084 00000000 SECT28 notype       Static       | $pdata$??__EPI_OVER_8@@YAXXZ
085 00000000 SECT29 notype       Static       | .xdata
    Section length    8, #relocs    0, #linenums    0, checksum 6E9162C9, selection    5 (pick associative Section 0x5)
087 00000000 SECT29 notype       Static       | $unwind$??__EPI_OVER_12@@YAXXZ
088 00000000 SECT2A notype       Static       | .pdata
    Section length    C, #relocs    3, #linenums    0, checksum 2B142464, selection    5 (pick associative Section 0x5)
08A 00000000 SECT2A notype       Static       | $pdata$??__EPI_OVER_12@@YAXXZ
08B 00000000 SECT2B notype       Static       | .xdata
    Section length    8, #relocs    0, #linenums    0, checksum 6E9162C9, selection    5 (pick associative Section 0x7)
08D 00000000 SECT2B notype       Static       | $unwind$??__EPI_OVER_16@@YAXXZ
08E 00000000 SECT2C notype       Static       | .pdata
    Section length    C, #relocs    3, #linenums    0, checksum 2B142464, selection    5 (pick associative Section 0x7)
090 00000000 SECT2C notype       Static       | $pdata$??__EPI_OVER_16@@YAXXZ
091 00000000 SECT2D notype       Static       | .xdata
    Section length    8, #relocs    0, #linenums    0, checksum 6E9162C9, selection    5 (pick associative Section 0x9)
093 00000000 SECT2D notype       Static       | $unwind$??__EPI_OVER_180@@YAXXZ
094 00000000 SECT2E notype       Static       | .pdata
    Section length    C, #relocs    3, #linenums    0, checksum 2B142464, selection    5 (pick associative Section 0x9)
096 00000000 SECT2E notype       Static       | $pdata$??__EPI_OVER_180@@YAXXZ
097 00000000 SECT2F notype       Static       | .rdata
    Section length   60, #relocs    2, #linenums    0, checksum 3115B67C, selection    5 (pick associative Section 0x17)
099 00000000 SECT2F notype       Static       | ?probePlainStartupHeader@@YAXXZ$rtcName$0 (?probePlainStartupHeader@@YAXXZ$rtcName$0)
09A 00000010 SECT2F notype       Static       | ?probePlainStartupHeader@@YAXXZ$rtcVarDesc (?probePlainStartupHeader@@YAXXZ$rtcVarDesc)
09B 00000050 SECT2F notype       Static       | ?probePlainStartupHeader@@YAXXZ$rtcFrameData (?probePlainStartupHeader@@YAXXZ$rtcFrameData)
09C 00000000 SECT30 notype       Static       | .xdata
    Section length   14, #relocs    1, #linenums    0, checksum 9FC5572F, selection    5 (pick associative Section 0x17)
09E 00000000 SECT30 notype       Static       | $unwind$?probePlainStartupHeader@@YAXXZ
09F 00000000 SECT31 notype       Static       | .pdata
    Section length    C, #relocs    3, #linenums    0, checksum B60C47A9, selection    5 (pick associative Section 0x17)
0A1 00000000 SECT31 notype       Static       | $pdata$?probePlainStartupHeader@@YAXXZ
0A2 00000000 SECT32 notype       Static       | .xdata
    Section length    8, #relocs    0, #linenums    0, checksum F88E4126, selection    5 (pick associative Section 0x19)
0A4 00000000 SECT32 notype       Static       | $unwind$?probeSampleRegistration@@YAP6AXPEAU_SAMPLE@@@Z0@Z
0A5 00000000 SECT33 notype       Static       | .pdata
    Section length    C, #relocs    3, #linenums    0, checksum CD2D5D19, selection    5 (pick associative Section 0x19)
0A7 00000000 SECT33 notype       Static       | $pdata$?probeSampleRegistration@@YAP6AXPEAU_SAMPLE@@@Z0@Z
0A8 00000000 SECT34 notype       Static       | .xdata
    Section length    8, #relocs    0, #linenums    0, checksum F88E4126, selection    5 (pick associative Section 0x1B)
0AA 00000000 SECT34 notype       Static       | $unwind$?probeStreamRegistration@@YAP6AXPEAU_STREAM@@@Z0@Z
0AB 00000000 SECT35 notype       Static       | .pdata
    Section length    C, #relocs    3, #linenums    0, checksum CD2D5D19, selection    5 (pick associative Section 0x1B)
0AD 00000000 SECT35 notype       Static       | $pdata$?probeStreamRegistration@@YAP6AXPEAU_STREAM@@@Z0@Z
0AE 00000000 SECT36 notype       Static       | .bss
    Section length   24, #relocs    0, #linenums    0, checksum        0
0B0 00000014 SECT36 notype       Static       | PI_TIMES_2
0B1 00000010 SECT36 notype       Static       | PI_OVER_2
0B2 00000000 SECT36 notype       Static       | PI_OVER_3
0B3 00000020 SECT36 notype       Static       | PI_OVER_4
0B4 0000000C SECT36 notype       Static       | PI_OVER_6
0B5 00000004 SECT36 notype       Static       | PI_OVER_8
0B6 00000008 SECT36 notype       Static       | PI_OVER_12
0B7 00000018 SECT36 notype       Static       | PI_OVER_16
0B8 0000001C SECT36 notype       Static       | PI_OVER_180
0B9 00000000 SECT37 notype       Static       | .rtc$IMZ
    Section length    8, #relocs    1, #linenums    0, checksum        0, selection    2 (pick any)
0BB 00000000 SECT37 notype       Static       | _RTC_InitBase.rtc$IMZ
0BC 00000000 SECT38 notype       Static       | .rtc$TMZ
    Section length    8, #relocs    1, #linenums    0, checksum        0, selection    2 (pick any)
0BE 00000000 SECT38 notype       Static       | _RTC_Shutdown.rtc$TMZ
0BF 00000000 SECT39 notype       Static       | .rdata
    Section length    4, #relocs    0, #linenums    0, checksum 76DC4190, selection    2 (pick any)
0C1 00000000 SECT39 notype       External     | __real@40000000
0C2 00000000 SECT3A notype       Static       | .rdata
    Section length    4, #relocs    0, #linenums    0, checksum 86A50E95, selection    2 (pick any)
0C4 00000000 SECT3A notype       External     | __real@40400000
0C5 00000000 SECT3B notype       Static       | .rdata
    Section length    4, #relocs    0, #linenums    0, checksum 4D5FD9DB, selection    2 (pick any)
0C7 00000000 SECT3B notype       External     | __real@40800000
0C8 00000000 SECT3C notype       Static       | .rdata
    Section length    4, #relocs    0, #linenums    0, checksum BD2696DE, selection    2 (pick any)
0CA 00000000 SECT3C notype       External     | __real@40c00000
0CB 00000000 SECT3D notype       Static       | .rdata
    Section length    4, #relocs    0, #linenums    0, checksum  1DB7106, selection    2 (pick any)
0CD 00000000 SECT3D notype       External     | __real@41000000
0CE 00000000 SECT3E notype       Static       | .rdata
    Section length    4, #relocs    0, #linenums    0, checksum F1A23E03, selection    2 (pick any)
0D0 00000000 SECT3E notype       External     | __real@41400000
0D1 00000000 SECT3F notype       Static       | .rdata
    Section length    4, #relocs    0, #linenums    0, checksum 3A58E94D, selection    2 (pick any)
0D3 00000000 SECT3F notype       External     | __real@41800000
0D4 00000000 SECT40 notype       Static       | .rdata
    Section length    4, #relocs    0, #linenums    0, checksum 54FFE3DD, selection    2 (pick any)
0D6 00000000 SECT40 notype       External     | __real@43340000
0D7 00000000 UNDEF  notype       External     | __security_cookie
0D8 00000000 UNDEF  notype       External     | _fltused
0D9 00000000 SECT41 notype       Static       | .CRT$XCU
    Section length   48, #relocs    9, #linenums    0, checksum        0
0DB 00000000 SECT41 notype       Static       | PI_TIMES_2$initializer$
0DC 00000008 SECT41 notype       Static       | PI_OVER_2$initializer$
0DD 00000010 SECT41 notype       Static       | PI_OVER_3$initializer$
0DE 00000018 SECT41 notype       Static       | PI_OVER_4$initializer$
0DF 00000020 SECT41 notype       Static       | PI_OVER_6$initializer$
0E0 00000028 SECT41 notype       Static       | PI_OVER_8$initializer$
0E1 00000030 SECT41 notype       Static       | PI_OVER_12$initializer$
0E2 00000038 SECT41 notype       Static       | PI_OVER_16$initializer$
0E3 00000040 SECT41 notype       Static       | PI_OVER_180$initializer$

String Table Size = 0xA10 bytes

  Summary

          48 .CRT$XCU
          24 .bss
        6164 .debug$S
          5C .debug$T
          E8 .drectve
          90 .pdata
          8E .rdata
           8 .rtc$IMZ
           8 .rtc$TMZ
          FC .text$di
         12B .text$mn
          6C .xdata
