controller-frequency=10000000 tid=400
ALSA lib control.c:1575:(snd_ctl_open_noupdate) [error.control] Invalid CTL hw:0
ALSA lib control.c:1575:(snd_ctl_open_noupdate) [error.control] Invalid CTL hw:1
ALSA lib control.c:1575:(snd_ctl_open_noupdate) [error.control] Invalid CTL hw:0
ALSA lib control.c:1575:(snd_ctl_open_noupdate) [error.control] Invalid CTL hw:1
reply id=1 kind=0 result=0 slot=1 gen=1 event=0 status=-1 total=-1 pos=-1 begin=1934350552651 end=1934351833359 tid=400
reply id=2 kind=0 result=0 slot=1 gen=1 event=0 status=-1 total=-1 pos=-1 begin=1934351833671 end=1934351834671 tid=400
reply id=3 kind=0 result=0 slot=1 gen=1 event=0 status=-1 total=-1 pos=-1 begin=1934352335379 end=1934352336904 tid=400
reply id=4 kind=0 result=0 slot=1 gen=1 event=0 status=4 total=-1 pos=-1 begin=1934352337157 end=1934352338047 tid=400
reply id=5 kind=0 result=0 slot=1 gen=1 event=0 status=-1 total=204 pos=104 begin=1934352338123 end=1934352338926 tid=400
reply id=6 kind=0 result=0 slot=1 gen=1 event=0 status=-1 total=-1 pos=-1 begin=1934352839625 end=1934352841157 tid=400
reply id=7 kind=0 result=0 slot=1 gen=1 event=0 status=4 total=-1 pos=-1 begin=1934352841431 end=1934352842166 tid=400
reply id=8 kind=0 result=0 slot=1 gen=1 event=0 status=-1 total=204 pos=161 begin=1934352842228 end=1934352842855 tid=400
reply id=9 kind=1 result=0 slot=1 gen=1 event=16 status=-1 total=-1 pos=-1 begin=1934353343560 end=1934353344911 tid=400
reply id=9 kind=0 result=0 slot=1 gen=1 event=0 status=-1 total=-1 pos=-1 begin=1934353343560 end=1934353345350 tid=400
reply id=10 kind=0 result=0 slot=1 gen=1 event=0 status=2 total=-1 pos=-1 begin=1934353345420 end=1934353346054 tid=400
reply id=11 kind=0 result=0 slot=1 gen=1 event=0 status=-1 total=204 pos=204 begin=1934353346117 end=1934353346744 tid=400
reply id=12 kind=0 result=0 slot=1 gen=1 event=0 status=-1 total=-1 pos=-1 begin=1934353847448 end=1934353848918 tid=400
reply id=13 kind=0 result=0 slot=1 gen=1 event=0 status=2 total=-1 pos=-1 begin=1934353849212 end=1934353849863 tid=400
reply id=14 kind=0 result=0 slot=1 gen=1 event=0 status=-1 total=204 pos=204 begin=1934353849918 end=1934353850613 tid=400
reply id=15 kind=0 result=0 slot=1 gen=1 event=0 status=-1 total=-1 pos=-1 begin=1934354351344 end=1934354352738 tid=400
reply id=16 kind=0 result=0 slot=1 gen=1 event=0 status=2 total=-1 pos=-1 begin=1934354352998 end=1934354353706 tid=400
reply id=17 kind=0 result=0 slot=1 gen=1 event=0 status=-1 total=204 pos=204 begin=1934354353767 end=1934354354389 tid=400
reply id=18 kind=0 result=0 slot=1 gen=1 event=0 status=-1 total=-1 pos=-1 begin=1934354855076 end=1934354856436 tid=400
reply id=19 kind=0 result=0 slot=1 gen=1 event=0 status=2 total=-1 pos=-1 begin=1934354856709 end=1934354857412 tid=400
reply id=20 kind=0 result=0 slot=1 gen=1 event=0 status=-1 total=204 pos=204 begin=1934354857487 end=1934354858107 tid=400
reply id=21 kind=0 result=0 slot=1 gen=1 event=0 status=-1 total=-1 pos=-1 begin=1934355358819 end=1934355360317 tid=400
reply id=22 kind=0 result=0 slot=1 gen=1 event=0 status=2 total=-1 pos=-1 begin=1934355360604 end=1934355361767 tid=400
reply id=23 kind=0 result=0 slot=1 gen=1 event=0 status=-1 total=204 pos=204 begin=1934355361864 end=1934355362689 tid=400
reply id=24 kind=0 result=0 slot=1 gen=1 event=0 status=-1 total=-1 pos=-1 begin=1934355863381 end=1934355864865 tid=400
reply id=25 kind=0 result=0 slot=1 gen=1 event=0 status=2 total=-1 pos=-1 begin=1934355865135 end=1934355865847 tid=400
reply id=26 kind=0 result=0 slot=1 gen=1 event=0 status=-1 total=204 pos=204 begin=1934355865900 end=1934355866563 tid=400
reply id=27 kind=0 result=0 slot=1 gen=1 event=0 status=-1 total=-1 pos=-1 begin=1934356367308 end=1934356368917 tid=400
reply id=28 kind=0 result=0 slot=1 gen=1 event=0 status=2 total=-1 pos=-1 begin=1934356369184 end=1934356369924 tid=400
reply id=29 kind=0 result=0 slot=1 gen=1 event=0 status=-1 total=204 pos=204 begin=1934356370060 end=1934356370802 tid=400
reply id=30 kind=0 result=0 slot=1 gen=1 event=0 status=-1 total=-1 pos=-1 begin=1934356871523 end=1934356872841 tid=400
reply id=31 kind=0 result=0 slot=1 gen=1 event=0 status=2 total=-1 pos=-1 begin=1934356873181 end=1934356873876 tid=400
reply id=32 kind=0 result=0 slot=1 gen=1 event=0 status=-1 total=204 pos=204 begin=1934356874009 end=1934356874666 tid=400
reply id=33 kind=0 result=0 slot=1 gen=1 event=0 status=-1 total=-1 pos=-1 begin=1934357375359 end=1934357376849 tid=400
reply id=34 kind=0 result=0 slot=1 gen=1 event=0 status=2 total=-1 pos=-1 begin=1934357377037 end=1934357377744 tid=400
reply id=35 kind=0 result=0 slot=1 gen=1 event=0 status=-1 total=204 pos=204 begin=1934357377797 end=1934357378461 tid=400
reply id=36 kind=0 result=0 slot=1 gen=1 event=0 status=-1 total=-1 pos=-1 begin=1934357879144 end=1934357880626 tid=400
reply id=37 kind=0 result=0 slot=1 gen=1 event=0 status=2 total=-1 pos=-1 begin=1934357880836 end=1934357881449 tid=400
reply id=38 kind=0 result=0 slot=1 gen=1 event=0 status=-1 total=204 pos=204 begin=1934357881501 end=1934357882095 tid=400
reply id=39 kind=0 result=0 slot=1 gen=1 event=0 status=-1 total=-1 pos=-1 begin=1934358382778 end=1934358384254 tid=400
reply id=40 kind=0 result=0 slot=1 gen=1 event=0 status=2 total=-1 pos=-1 begin=1934358384489 end=1934358385175 tid=400
reply id=41 kind=0 result=0 slot=1 gen=1 event=0 status=-1 total=204 pos=204 begin=1934358385230 end=1934358385850 tid=400
reply id=42 kind=0 result=0 slot=1 gen=1 event=0 status=-1 total=-1 pos=-1 begin=1934358886534 end=1934358888092 tid=400
reply id=43 kind=0 result=0 slot=1 gen=1 event=0 status=2 total=-1 pos=-1 begin=1934358888351 end=1934358888960 tid=400
reply id=44 kind=0 result=0 slot=1 gen=1 event=0 status=-1 total=204 pos=204 begin=1934358889017 end=1934358889732 tid=400
reply id=45 kind=0 result=0 slot=1 gen=1 event=0 status=-1 total=-1 pos=-1 begin=1934359390291 end=1934359391734 tid=400
reply id=46 kind=0 result=0 slot=1 gen=1 event=0 status=2 total=-1 pos=-1 begin=1934359391980 end=1934359392658 tid=400
reply id=47 kind=0 result=0 slot=1 gen=1 event=0 status=-1 total=204 pos=204 begin=1934359392713 end=1934359393358 tid=400
reply id=48 kind=0 result=0 slot=1 gen=1 event=0 status=-1 total=-1 pos=-1 begin=1934359894018 end=1934359895517 tid=400
reply id=49 kind=0 result=0 slot=1 gen=1 event=0 status=2 total=-1 pos=-1 begin=1934359895809 end=1934359896481 tid=400
reply id=50 kind=0 result=0 slot=1 gen=1 event=0 status=-1 total=204 pos=204 begin=1934359896560 end=1934359897191 tid=400
reply id=51 kind=0 result=0 slot=1 gen=1 event=0 status=-1 total=-1 pos=-1 begin=1934360397852 end=1934360399354 tid=400
reply id=52 kind=0 result=0 slot=1 gen=1 event=0 status=2 total=-1 pos=-1 begin=1934360399637 end=1934360400612 tid=400
reply id=53 kind=0 result=0 slot=1 gen=1 event=0 status=-1 total=204 pos=204 begin=1934360400692 end=1934360401338 tid=400
reply id=54 kind=0 result=0 slot=1 gen=1 event=0 status=-1 total=-1 pos=-1 begin=1934360902046 end=1934360903418 tid=400
reply id=55 kind=0 result=0 slot=1 gen=1 event=0 status=2 total=-1 pos=-1 begin=1934360903661 end=1934360904386 tid=400
reply id=56 kind=0 result=0 slot=1 gen=1 event=0 status=-1 total=204 pos=204 begin=1934360904509 end=1934360905176 tid=400
reply id=57 kind=0 result=0 slot=1 gen=1 event=0 status=-1 total=-1 pos=-1 begin=1934361405860 end=1934361407386 tid=400
reply id=58 kind=0 result=0 slot=1 gen=1 event=0 status=2 total=-1 pos=-1 begin=1934361407671 end=1934361408376 tid=400
reply id=59 kind=0 result=0 slot=1 gen=1 event=0 status=-1 total=204 pos=204 begin=1934361408443 end=1934361409389 tid=400
reply id=60 kind=0 result=0 slot=1 gen=1 event=0 status=-1 total=-1 pos=-1 begin=1934361910147 end=1934361911676 tid=400
reply id=61 kind=0 result=0 slot=1 gen=1 event=0 status=2 total=-1 pos=-1 begin=1934361911982 end=1934361912690 tid=400
reply id=62 kind=0 result=0 slot=1 gen=1 event=0 status=-1 total=204 pos=204 begin=1934361912767 end=1934361913508 tid=400
reply id=63 kind=0 result=0 slot=1 gen=1 event=0 status=-1 total=-1 pos=-1 begin=1934361913647 end=1934361914412 tid=400
reply id=64 kind=0 result=0 slot=1 gen=2 event=0 status=-1 total=-1 pos=-1 begin=1934361914481 end=1934361915176 tid=400
reply id=65 kind=0 result=1 slot=1 gen=2 event=0 status=-1 total=-1 pos=-1 begin=1934361915303 end=1934361915931 tid=400
reply id=66 kind=0 result=0 slot=1 gen=2 event=0 status=-1 total=-1 pos=-1 begin=1934361916060 end=1934361916677 tid=400
host main=408 frequency=10000000 loaded=C:\rpc-private\Mss32.dll mode=sample
event seq=0 id=1 op=1 tid=408 eos=0 qpc=1934351832286 cw=027f sw=0120 mx=00001f80
event seq=1 id=1 op=1 tid=408 eos=0 qpc=1934351832663 cw=027f sw=4020 mx=00001f80
event seq=2 id=2 op=2 tid=408 eos=0 qpc=1934351834035 cw=027f sw=4020 mx=00001f80
event seq=3 id=2 op=2 tid=408 eos=0 qpc=1934351834052 cw=027f sw=0020 mx=00001f80
event seq=4 id=3 op=3 tid=408 eos=0 qpc=1934352336248 cw=027f sw=0020 mx=00001f80
event seq=5 id=3 op=3 tid=408 eos=0 qpc=1934352336333 cw=027f sw=0020 mx=00001f80
event seq=6 id=4 op=4 tid=408 eos=0 qpc=1934352337577 cw=027f sw=0020 mx=00001f80
event seq=7 id=4 op=4 tid=408 eos=0 qpc=1934352337579 cw=027f sw=0020 mx=00001f80
event seq=8 id=5 op=5 tid=408 eos=0 qpc=1934352338503 cw=027f sw=0020 mx=00001f80
event seq=9 id=5 op=5 tid=408 eos=0 qpc=1934352338508 cw=027f sw=0020 mx=00001f80
event seq=10 id=6 op=3 tid=408 eos=0 qpc=1934352840576 cw=027f sw=0020 mx=00001f80
event seq=11 id=6 op=3 tid=408 eos=0 qpc=1934352840742 cw=027f sw=0020 mx=00001f80
event seq=12 id=7 op=4 tid=408 eos=0 qpc=1934352841797 cw=027f sw=0020 mx=00001f80
event seq=13 id=7 op=4 tid=408 eos=0 qpc=1934352841800 cw=027f sw=0020 mx=00001f80
event seq=14 id=8 op=5 tid=408 eos=0 qpc=1934352842547 cw=027f sw=0020 mx=00001f80
event seq=15 id=8 op=5 tid=408 eos=0 qpc=1934352842552 cw=027f sw=0220 mx=00001f80
event seq=16 id=8 op=5 tid=428 eos=1 qpc=1934353335161 cw=027f sw=0020 mx=00001f80
event seq=17 id=9 op=3 tid=408 eos=0 qpc=1934353344365 cw=027f sw=0220 mx=00001f80
event seq=18 id=9 op=3 tid=408 eos=0 qpc=1934353344493 cw=027f sw=0220 mx=00001f80
event seq=19 id=10 op=4 tid=408 eos=0 qpc=1934353345727 cw=027f sw=0220 mx=00001f80
event seq=20 id=10 op=4 tid=408 eos=0 qpc=1934353345734 cw=027f sw=0220 mx=00001f80
event seq=21 id=11 op=5 tid=408 eos=0 qpc=1934353346439 cw=027f sw=0220 mx=00001f80
event seq=22 id=11 op=5 tid=408 eos=0 qpc=1934353346448 cw=027f sw=0220 mx=00001f80
event seq=23 id=12 op=3 tid=408 eos=0 qpc=1934353848308 cw=027f sw=0220 mx=00001f80
event seq=24 id=12 op=3 tid=408 eos=0 qpc=1934353848442 cw=027f sw=0220 mx=00001f80
event seq=25 id=13 op=4 tid=408 eos=0 qpc=1934353849524 cw=027f sw=0220 mx=00001f80
event seq=26 id=13 op=4 tid=408 eos=0 qpc=1934353849531 cw=027f sw=0220 mx=00001f80
event seq=27 id=14 op=5 tid=408 eos=0 qpc=1934353850289 cw=027f sw=0220 mx=00001f80
event seq=28 id=14 op=5 tid=408 eos=0 qpc=1934353850297 cw=027f sw=0220 mx=00001f80
event seq=29 id=15 op=3 tid=408 eos=0 qpc=1934354352189 cw=027f sw=0220 mx=00001f80
event seq=30 id=15 op=3 tid=408 eos=0 qpc=1934354352335 cw=027f sw=0220 mx=00001f80
event seq=31 id=16 op=4 tid=408 eos=0 qpc=1934354353341 cw=027f sw=0220 mx=00001f80
event seq=32 id=16 op=4 tid=408 eos=0 qpc=1934354353344 cw=027f sw=0220 mx=00001f80
event seq=33 id=17 op=5 tid=408 eos=0 qpc=1934354354065 cw=027f sw=0220 mx=00001f80
event seq=34 id=17 op=5 tid=408 eos=0 qpc=1934354354071 cw=027f sw=0220 mx=00001f80
event seq=35 id=18 op=3 tid=408 eos=0 qpc=1934354855899 cw=027f sw=0220 mx=00001f80
event seq=36 id=18 op=3 tid=408 eos=0 qpc=1934354856037 cw=027f sw=0220 mx=00001f80
event seq=37 id=19 op=4 tid=408 eos=0 qpc=1934354857080 cw=027f sw=0220 mx=00001f80
event seq=38 id=19 op=4 tid=408 eos=0 qpc=1934354857084 cw=027f sw=0220 mx=00001f80
event seq=39 id=20 op=5 tid=408 eos=0 qpc=1934354857789 cw=027f sw=0220 mx=00001f80
event seq=40 id=20 op=5 tid=408 eos=0 qpc=1934354857795 cw=027f sw=0220 mx=00001f80
event seq=41 id=21 op=3 tid=408 eos=0 qpc=1934355359655 cw=027f sw=0220 mx=00001f80
event seq=42 id=21 op=3 tid=408 eos=0 qpc=1934355359786 cw=027f sw=0220 mx=00001f80
event seq=43 id=22 op=4 tid=408 eos=0 qpc=1934355360952 cw=027f sw=0220 mx=00001f80
event seq=44 id=22 op=4 tid=408 eos=0 qpc=1934355360959 cw=027f sw=0220 mx=00001f80
event seq=45 id=23 op=5 tid=408 eos=0 qpc=1934355362277 cw=027f sw=0220 mx=00001f80
event seq=46 id=23 op=5 tid=408 eos=0 qpc=1934355362288 cw=027f sw=0220 mx=00001f80
event seq=47 id=24 op=3 tid=408 eos=0 qpc=1934355864324 cw=027f sw=0220 mx=00001f80
event seq=48 id=24 op=3 tid=408 eos=0 qpc=1934355864455 cw=027f sw=0220 mx=00001f80
event seq=49 id=25 op=4 tid=408 eos=0 qpc=1934355865497 cw=027f sw=0220 mx=00001f80
event seq=50 id=25 op=4 tid=408 eos=0 qpc=1934355865505 cw=027f sw=0220 mx=00001f80
event seq=51 id=26 op=5 tid=408 eos=0 qpc=1934355866232 cw=027f sw=0220 mx=00001f80
event seq=52 id=26 op=5 tid=408 eos=0 qpc=1934355866241 cw=027f sw=0220 mx=00001f80
event seq=53 id=27 op=3 tid=408 eos=0 qpc=1934356368237 cw=027f sw=0220 mx=00001f80
event seq=54 id=27 op=3 tid=408 eos=0 qpc=1934356368424 cw=027f sw=0220 mx=00001f80
event seq=55 id=28 op=4 tid=408 eos=0 qpc=1934356369551 cw=027f sw=0220 mx=00001f80
event seq=56 id=28 op=4 tid=408 eos=0 qpc=1934356369554 cw=027f sw=0220 mx=00001f80
event seq=57 id=29 op=5 tid=408 eos=0 qpc=1934356370428 cw=027f sw=0220 mx=00001f80
event seq=58 id=29 op=5 tid=408 eos=0 qpc=1934356370436 cw=027f sw=0220 mx=00001f80
event seq=59 id=30 op=3 tid=408 eos=0 qpc=1934356872344 cw=027f sw=0220 mx=00001f80
event seq=60 id=30 op=3 tid=408 eos=0 qpc=1934356872468 cw=027f sw=0220 mx=00001f80
event seq=61 id=31 op=4 tid=408 eos=0 qpc=1934356873538 cw=027f sw=0220 mx=00001f80
event seq=62 id=31 op=4 tid=408 eos=0 qpc=1934356873546 cw=027f sw=0220 mx=00001f80
event seq=63 id=32 op=5 tid=408 eos=0 qpc=1934356874331 cw=027f sw=0220 mx=00001f80
event seq=64 id=32 op=5 tid=408 eos=0 qpc=1934356874340 cw=027f sw=0220 mx=00001f80
event seq=65 id=33 op=3 tid=408 eos=0 qpc=1934357376290 cw=027f sw=0220 mx=00001f80
event seq=66 id=33 op=3 tid=408 eos=0 qpc=1934357376437 cw=027f sw=0220 mx=00001f80
event seq=67 id=34 op=4 tid=408 eos=0 qpc=1934357377389 cw=027f sw=0220 mx=00001f80
event seq=68 id=34 op=4 tid=408 eos=0 qpc=1934357377397 cw=027f sw=0220 mx=00001f80
event seq=69 id=35 op=5 tid=408 eos=0 qpc=1934357378139 cw=027f sw=0220 mx=00001f80
event seq=70 id=35 op=5 tid=408 eos=0 qpc=1934357378148 cw=027f sw=0220 mx=00001f80
event seq=71 id=36 op=3 tid=408 eos=0 qpc=1934357880102 cw=027f sw=0220 mx=00001f80
event seq=72 id=36 op=3 tid=408 eos=0 qpc=1934357880236 cw=027f sw=0220 mx=00001f80
event seq=73 id=37 op=4 tid=408 eos=0 qpc=1934357881149 cw=027f sw=0220 mx=00001f80
event seq=74 id=37 op=4 tid=408 eos=0 qpc=1934357881156 cw=027f sw=0220 mx=00001f80
event seq=75 id=38 op=5 tid=408 eos=0 qpc=1934357881800 cw=027f sw=0220 mx=00001f80
event seq=76 id=38 op=5 tid=408 eos=0 qpc=1934357881808 cw=027f sw=0220 mx=00001f80
event seq=77 id=39 op=3 tid=408 eos=0 qpc=1934358383717 cw=027f sw=0220 mx=00001f80
event seq=78 id=39 op=3 tid=408 eos=0 qpc=1934358383850 cw=027f sw=0220 mx=00001f80
event seq=79 id=40 op=4 tid=408 eos=0 qpc=1934358384853 cw=027f sw=0220 mx=00001f80
event seq=80 id=40 op=4 tid=408 eos=0 qpc=1934358384859 cw=027f sw=0220 mx=00001f80
event seq=81 id=41 op=5 tid=408 eos=0 qpc=1934358385526 cw=027f sw=0220 mx=00001f80
event seq=82 id=41 op=5 tid=408 eos=0 qpc=1934358385535 cw=027f sw=0220 mx=00001f80
event seq=83 id=42 op=3 tid=408 eos=0 qpc=1934358887488 cw=027f sw=0220 mx=00001f80
event seq=84 id=42 op=3 tid=408 eos=0 qpc=1934358887615 cw=027f sw=0220 mx=00001f80
event seq=85 id=43 op=4 tid=408 eos=0 qpc=1934358888656 cw=027f sw=0220 mx=00001f80
event seq=86 id=43 op=4 tid=408 eos=0 qpc=1934358888663 cw=027f sw=0220 mx=00001f80
event seq=87 id=44 op=5 tid=408 eos=0 qpc=1934358889352 cw=027f sw=0220 mx=00001f80
event seq=88 id=44 op=5 tid=408 eos=0 qpc=1934358889411 cw=027f sw=0220 mx=00001f80
event seq=89 id=45 op=3 tid=408 eos=0 qpc=1934359391206 cw=027f sw=0220 mx=00001f80
event seq=90 id=45 op=3 tid=408 eos=0 qpc=1934359391330 cw=027f sw=0220 mx=00001f80
event seq=91 id=46 op=4 tid=408 eos=0 qpc=1934359392320 cw=027f sw=0220 mx=00001f80
event seq=92 id=46 op=4 tid=408 eos=0 qpc=1934359392327 cw=027f sw=0220 mx=00001f80
event seq=93 id=47 op=5 tid=408 eos=0 qpc=1934359393033 cw=027f sw=0220 mx=00001f80
event seq=94 id=47 op=5 tid=408 eos=0 qpc=1934359393041 cw=027f sw=0220 mx=00001f80
event seq=95 id=48 op=3 tid=408 eos=0 qpc=1934359894891 cw=027f sw=0220 mx=00001f80
event seq=96 id=48 op=3 tid=408 eos=0 qpc=1934359895052 cw=027f sw=0220 mx=00001f80
event seq=97 id=49 op=4 tid=408 eos=0 qpc=1934359896155 cw=027f sw=0220 mx=00001f80
event seq=98 id=49 op=4 tid=408 eos=0 qpc=1934359896157 cw=027f sw=0220 mx=00001f80
event seq=99 id=50 op=5 tid=408 eos=0 qpc=1934359896865 cw=027f sw=0220 mx=00001f80
event seq=100 id=50 op=5 tid=408 eos=0 qpc=1934359896873 cw=027f sw=0220 mx=00001f80
event seq=101 id=51 op=3 tid=408 eos=0 qpc=1934360398737 cw=027f sw=0220 mx=00001f80
event seq=102 id=51 op=3 tid=408 eos=0 qpc=1934360398898 cw=027f sw=0220 mx=00001f80
event seq=103 id=52 op=4 tid=408 eos=0 qpc=1934360399970 cw=027f sw=0220 mx=00001f80
event seq=104 id=52 op=4 tid=408 eos=0 qpc=1934360399973 cw=027f sw=0220 mx=00001f80
event seq=105 id=53 op=5 tid=408 eos=0 qpc=1934360401003 cw=027f sw=0220 mx=00001f80
event seq=106 id=53 op=5 tid=408 eos=0 qpc=1934360401013 cw=027f sw=0220 mx=00001f80
event seq=107 id=54 op=3 tid=408 eos=0 qpc=1934360902902 cw=027f sw=0220 mx=00001f80
event seq=108 id=54 op=3 tid=408 eos=0 qpc=1934360903026 cw=027f sw=0220 mx=00001f80
event seq=109 id=55 op=4 tid=408 eos=0 qpc=1934360904024 cw=027f sw=0220 mx=00001f80
event seq=110 id=55 op=4 tid=408 eos=0 qpc=1934360904030 cw=027f sw=0220 mx=00001f80
event seq=111 id=56 op=5 tid=408 eos=0 qpc=1934360904838 cw=027f sw=0220 mx=00001f80
event seq=112 id=56 op=5 tid=408 eos=0 qpc=1934360904846 cw=027f sw=0220 mx=00001f80
event seq=113 id=57 op=3 tid=408 eos=0 qpc=1934361406791 cw=027f sw=0220 mx=00001f80
event seq=114 id=57 op=3 tid=408 eos=0 qpc=1934361406914 cw=027f sw=0220 mx=00001f80
event seq=115 id=58 op=4 tid=408 eos=0 qpc=1934361408019 cw=027f sw=0220 mx=00001f80
event seq=116 id=58 op=4 tid=408 eos=0 qpc=1934361408026 cw=027f sw=0220 mx=00001f80
event seq=117 id=59 op=5 tid=408 eos=0 qpc=1934361408757 cw=027f sw=0220 mx=00001f80
event seq=118 id=59 op=5 tid=408 eos=0 qpc=1934361408766 cw=027f sw=0220 mx=00001f80
event seq=119 id=60 op=3 tid=408 eos=0 qpc=1934361911036 cw=027f sw=0220 mx=00001f80
event seq=120 id=60 op=3 tid=408 eos=0 qpc=1934361911186 cw=027f sw=0220 mx=00001f80
event seq=121 id=61 op=4 tid=408 eos=0 qpc=1934361912351 cw=027f sw=0220 mx=00001f80
event seq=122 id=61 op=4 tid=408 eos=0 qpc=1934361912360 cw=027f sw=0220 mx=00001f80
event seq=123 id=62 op=5 tid=408 eos=0 qpc=1934361913120 cw=027f sw=0220 mx=00001f80
event seq=124 id=62 op=5 tid=408 eos=0 qpc=1934361913128 cw=027f sw=0220 mx=00001f80
event seq=125 id=63 op=6 tid=408 eos=0 qpc=1934361914036 cw=027f sw=0220 mx=00001f80
event seq=126 id=63 op=6 tid=408 eos=0 qpc=1934361914073 cw=027f sw=0220 mx=00001f80
event seq=127 id=64 op=7 tid=408 eos=0 qpc=1934361914783 cw=027f sw=0220 mx=00001f80
event seq=128 id=64 op=7 tid=408 eos=0 qpc=1934361914861 cw=027f sw=0220 mx=00001f80
event seq=129 id=65 op=4 tid=408 eos=0 qpc=1934361915630 cw=027f sw=0220 mx=00001f80
event seq=130 id=65 op=4 tid=408 eos=0 qpc=1934361915631 cw=027f sw=0220 mx=00001f80
event seq=131 id=66 op=8 tid=408 eos=0 qpc=1934361916365 cw=027f sw=0220 mx=00001f80
event seq=132 id=66 op=8 tid=408 eos=0 qpc=1934361916367 cw=027f sw=0220 mx=00001f80
summary events=133 eos=1 ok=1 generation=2
controller replies=66 events=1 host_exit=0 ok=1
