controller-frequency=10000000 tid=364
ALSA lib control.c:1575:(snd_ctl_open_noupdate) [error.control] Invalid CTL hw:0
ALSA lib control.c:1575:(snd_ctl_open_noupdate) [error.control] Invalid CTL hw:1
ALSA lib control.c:1575:(snd_ctl_open_noupdate) [error.control] Invalid CTL hw:0
ALSA lib control.c:1575:(snd_ctl_open_noupdate) [error.control] Invalid CTL hw:1
reply id=1 kind=0 result=0 slot=1 gen=1 event=0 status=-1 total=-1 pos=-1 begin=1934338807953 end=1934340059665 tid=364
reply id=2 kind=0 result=0 slot=1 gen=1 event=0 status=-1 total=-1 pos=-1 begin=1934340059984 end=1934340061411 tid=364
reply id=3 kind=0 result=0 slot=1 gen=1 event=0 status=-1 total=-1 pos=-1 begin=1934340562306 end=1934340563735 tid=364
reply id=4 kind=0 result=0 slot=1 gen=1 event=0 status=4 total=-1 pos=-1 begin=1934340563974 end=1934340564671 tid=364
reply id=5 kind=0 result=0 slot=1 gen=1 event=0 status=-1 total=204 pos=104 begin=1934340564720 end=1934340565330 tid=364
reply id=6 kind=0 result=0 slot=1 gen=1 event=0 status=-1 total=-1 pos=-1 begin=1934341066022 end=1934341067523 tid=364
reply id=7 kind=0 result=0 slot=1 gen=1 event=0 status=4 total=-1 pos=-1 begin=1934341067808 end=1934341068448 tid=364
reply id=8 kind=0 result=0 slot=1 gen=1 event=0 status=-1 total=204 pos=161 begin=1934341068510 end=1934341069139 tid=364
reply id=9 kind=1 result=0 slot=1 gen=1 event=16 status=-1 total=-1 pos=-1 begin=1934341569831 end=1934341571390 tid=364
reply id=9 kind=0 result=0 slot=1 gen=1 event=0 status=-1 total=-1 pos=-1 begin=1934341569831 end=1934341571803 tid=364
reply id=10 kind=0 result=0 slot=1 gen=1 event=0 status=2 total=-1 pos=-1 begin=1934341571849 end=1934341572467 tid=364
reply id=11 kind=0 result=0 slot=1 gen=1 event=0 status=-1 total=204 pos=204 begin=1934341572513 end=1934341573142 tid=364
reply id=12 kind=0 result=0 slot=1 gen=1 event=0 status=-1 total=-1 pos=-1 begin=1934342073827 end=1934342075427 tid=364
reply id=13 kind=0 result=0 slot=1 gen=1 event=0 status=2 total=-1 pos=-1 begin=1934342075710 end=1934342076418 tid=364
reply id=14 kind=0 result=0 slot=1 gen=1 event=0 status=-1 total=204 pos=204 begin=1934342076475 end=1934342077120 tid=364
reply id=15 kind=0 result=0 slot=1 gen=1 event=0 status=-1 total=-1 pos=-1 begin=1934342577860 end=1934342579502 tid=364
reply id=16 kind=0 result=0 slot=1 gen=1 event=0 status=2 total=-1 pos=-1 begin=1934342579782 end=1934342580669 tid=364
reply id=17 kind=0 result=0 slot=1 gen=1 event=0 status=-1 total=204 pos=204 begin=1934342580730 end=1934342581870 tid=364
reply id=18 kind=0 result=0 slot=1 gen=1 event=0 status=-1 total=-1 pos=-1 begin=1934343082700 end=1934343088122 tid=364
reply id=19 kind=0 result=0 slot=1 gen=1 event=0 status=2 total=-1 pos=-1 begin=1934343088408 end=1934343089824 tid=364
reply id=20 kind=0 result=0 slot=1 gen=1 event=0 status=-1 total=204 pos=204 begin=1934343089931 end=1934343091078 tid=364
reply id=21 kind=0 result=0 slot=1 gen=1 event=0 status=-1 total=-1 pos=-1 begin=1934343591759 end=1934343593457 tid=364
reply id=22 kind=0 result=0 slot=1 gen=1 event=0 status=2 total=-1 pos=-1 begin=1934343593659 end=1934343594366 tid=364
reply id=23 kind=0 result=0 slot=1 gen=1 event=0 status=-1 total=204 pos=204 begin=1934343594414 end=1934343595096 tid=364
reply id=24 kind=0 result=0 slot=1 gen=1 event=0 status=-1 total=-1 pos=-1 begin=1934344095738 end=1934344097202 tid=364
reply id=25 kind=0 result=0 slot=1 gen=1 event=0 status=2 total=-1 pos=-1 begin=1934344097355 end=1934344098075 tid=364
reply id=26 kind=0 result=0 slot=1 gen=1 event=0 status=-1 total=204 pos=204 begin=1934344098123 end=1934344098804 tid=364
reply id=27 kind=0 result=0 slot=1 gen=1 event=0 status=-1 total=-1 pos=-1 begin=1934344599435 end=1934344601114 tid=364
reply id=28 kind=0 result=0 slot=1 gen=1 event=0 status=2 total=-1 pos=-1 begin=1934344601244 end=1934344602072 tid=364
reply id=29 kind=0 result=0 slot=1 gen=1 event=0 status=-1 total=204 pos=204 begin=1934344602120 end=1934344602951 tid=364
reply id=30 kind=0 result=0 slot=1 gen=1 event=0 status=-1 total=-1 pos=-1 begin=1934345103603 end=1934345105177 tid=364
reply id=31 kind=0 result=0 slot=1 gen=1 event=0 status=2 total=-1 pos=-1 begin=1934345105416 end=1934345106176 tid=364
reply id=32 kind=0 result=0 slot=1 gen=1 event=0 status=-1 total=204 pos=204 begin=1934345106302 end=1934345107059 tid=364
reply id=33 kind=0 result=0 slot=1 gen=1 event=0 status=-1 total=-1 pos=-1 begin=1934345607703 end=1934345609745 tid=364
reply id=34 kind=0 result=0 slot=1 gen=1 event=0 status=2 total=-1 pos=-1 begin=1934345609915 end=1934345610814 tid=364
reply id=35 kind=0 result=0 slot=1 gen=1 event=0 status=-1 total=204 pos=204 begin=1934345610861 end=1934345611666 tid=364
reply id=36 kind=0 result=0 slot=1 gen=1 event=0 status=-1 total=-1 pos=-1 begin=1934346112327 end=1934346113942 tid=364
reply id=37 kind=0 result=0 slot=1 gen=1 event=0 status=2 total=-1 pos=-1 begin=1934346114179 end=1934346114956 tid=364
reply id=38 kind=0 result=0 slot=1 gen=1 event=0 status=-1 total=204 pos=204 begin=1934346115007 end=1934346115814 tid=364
reply id=39 kind=0 result=0 slot=1 gen=1 event=0 status=-1 total=-1 pos=-1 begin=1934346616259 end=1934346617758 tid=364
reply id=40 kind=0 result=0 slot=1 gen=1 event=0 status=2 total=-1 pos=-1 begin=1934346617969 end=1934346618698 tid=364
reply id=41 kind=0 result=0 slot=1 gen=1 event=0 status=-1 total=204 pos=204 begin=1934346618748 end=1934346619490 tid=364
reply id=42 kind=0 result=0 slot=1 gen=1 event=0 status=-1 total=-1 pos=-1 begin=1934347120156 end=1934347121742 tid=364
reply id=43 kind=0 result=0 slot=1 gen=1 event=0 status=2 total=-1 pos=-1 begin=1934347121889 end=1934347122585 tid=364
reply id=44 kind=0 result=0 slot=1 gen=1 event=0 status=-1 total=204 pos=204 begin=1934347122637 end=1934347123572 tid=364
reply id=45 kind=0 result=0 slot=1 gen=1 event=0 status=-1 total=-1 pos=-1 begin=1934347624196 end=1934347625943 tid=364
reply id=46 kind=0 result=0 slot=1 gen=1 event=0 status=2 total=-1 pos=-1 begin=1934347626147 end=1934347627006 tid=364
reply id=47 kind=0 result=0 slot=1 gen=1 event=0 status=-1 total=204 pos=204 begin=1934347627058 end=1934347627885 tid=364
reply id=48 kind=0 result=0 slot=1 gen=1 event=0 status=-1 total=-1 pos=-1 begin=1934348128517 end=1934348130289 tid=364
reply id=49 kind=0 result=0 slot=1 gen=1 event=0 status=2 total=-1 pos=-1 begin=1934348130436 end=1934348131338 tid=364
reply id=50 kind=0 result=0 slot=1 gen=1 event=0 status=-1 total=204 pos=204 begin=1934348131386 end=1934348132213 tid=364
reply id=51 kind=0 result=0 slot=1 gen=1 event=0 status=-1 total=-1 pos=-1 begin=1934348632848 end=1934348634563 tid=364
reply id=52 kind=0 result=0 slot=1 gen=1 event=0 status=2 total=-1 pos=-1 begin=1934348634695 end=1934348636060 tid=364
reply id=53 kind=0 result=0 slot=1 gen=1 event=0 status=-1 total=204 pos=204 begin=1934348636107 end=1934348636945 tid=364
reply id=54 kind=0 result=0 slot=1 gen=1 event=0 status=-1 total=-1 pos=-1 begin=1934349137607 end=1934349139238 tid=364
reply id=55 kind=0 result=0 slot=1 gen=1 event=0 status=2 total=-1 pos=-1 begin=1934349139378 end=1934349140311 tid=364
reply id=56 kind=0 result=0 slot=1 gen=1 event=0 status=-1 total=204 pos=204 begin=1934349140361 end=1934349141158 tid=364
reply id=57 kind=0 result=0 slot=1 gen=1 event=0 status=-1 total=-1 pos=-1 begin=1934349641885 end=1934349643676 tid=364
reply id=58 kind=0 result=0 slot=1 gen=1 event=0 status=2 total=-1 pos=-1 begin=1934349643901 end=1934349644637 tid=364
reply id=59 kind=0 result=0 slot=1 gen=1 event=0 status=-1 total=204 pos=204 begin=1934349644686 end=1934349645411 tid=364
reply id=60 kind=0 result=0 slot=1 gen=1 event=0 status=-1 total=-1 pos=-1 begin=1934350146085 end=1934350147524 tid=364
reply id=61 kind=0 result=0 slot=1 gen=1 event=0 status=2 total=-1 pos=-1 begin=1934350147701 end=1934350148461 tid=364
reply id=62 kind=0 result=0 slot=1 gen=1 event=0 status=-1 total=204 pos=204 begin=1934350148509 end=1934350149207 tid=364
reply id=63 kind=0 result=0 slot=1 gen=1 event=0 status=-1 total=-1 pos=-1 begin=1934350149250 end=1934350149928 tid=364
reply id=64 kind=0 result=0 slot=1 gen=2 event=0 status=-1 total=-1 pos=-1 begin=1934350149969 end=1934350151168 tid=364
reply id=65 kind=0 result=1 slot=1 gen=2 event=0 status=-1 total=-1 pos=-1 begin=1934350151334 end=1934350153117 tid=364
reply id=66 kind=0 result=0 slot=1 gen=2 event=0 status=-1 total=-1 pos=-1 begin=1934350153445 end=1934350154270 tid=364
host main=372 frequency=10000000 loaded=C:\rpc-private\Mss32.dll mode=sample
event seq=0 id=1 op=1 tid=372 eos=0 qpc=1934340058523 cw=027f sw=0120 mx=00001f80
event seq=1 id=1 op=1 tid=372 eos=0 qpc=1934340059009 cw=027f sw=4020 mx=00001f80
event seq=2 id=2 op=2 tid=372 eos=0 qpc=1934340060693 cw=027f sw=4020 mx=00001f80
event seq=3 id=2 op=2 tid=372 eos=0 qpc=1934340060720 cw=027f sw=0020 mx=00001f80
event seq=4 id=3 op=3 tid=372 eos=0 qpc=1934340563142 cw=027f sw=0020 mx=00001f80
event seq=5 id=3 op=3 tid=372 eos=0 qpc=1934340563303 cw=027f sw=0020 mx=00001f80
event seq=6 id=4 op=4 tid=372 eos=0 qpc=1934340564365 cw=027f sw=0020 mx=00001f80
event seq=7 id=4 op=4 tid=372 eos=0 qpc=1934340564369 cw=027f sw=0020 mx=00001f80
event seq=8 id=5 op=5 tid=372 eos=0 qpc=1934340565032 cw=027f sw=0020 mx=00001f80
event seq=9 id=5 op=5 tid=372 eos=0 qpc=1934340565037 cw=027f sw=0020 mx=00001f80
event seq=10 id=6 op=3 tid=372 eos=0 qpc=1934341066902 cw=027f sw=0020 mx=00001f80
event seq=11 id=6 op=3 tid=372 eos=0 qpc=1934341067111 cw=027f sw=0020 mx=00001f80
event seq=12 id=7 op=4 tid=372 eos=0 qpc=1934341068124 cw=027f sw=0020 mx=00001f80
event seq=13 id=7 op=4 tid=372 eos=0 qpc=1934341068127 cw=027f sw=0020 mx=00001f80
event seq=14 id=8 op=5 tid=372 eos=0 qpc=1934341068817 cw=027f sw=0020 mx=00001f80
event seq=15 id=8 op=5 tid=372 eos=0 qpc=1934341068823 cw=027f sw=0220 mx=00001f80
event seq=16 id=8 op=5 tid=392 eos=1 qpc=1934341562301 cw=027f sw=0020 mx=00001f80
event seq=17 id=9 op=3 tid=372 eos=0 qpc=1934341570836 cw=027f sw=0220 mx=00001f80
event seq=18 id=9 op=3 tid=372 eos=0 qpc=1934341570981 cw=027f sw=0220 mx=00001f80
event seq=19 id=10 op=4 tid=372 eos=0 qpc=1934341572156 cw=027f sw=0220 mx=00001f80
event seq=20 id=10 op=4 tid=372 eos=0 qpc=1934341572162 cw=027f sw=0220 mx=00001f80
event seq=21 id=11 op=5 tid=372 eos=0 qpc=1934341572835 cw=027f sw=0220 mx=00001f80
event seq=22 id=11 op=5 tid=372 eos=0 qpc=1934341572844 cw=027f sw=0220 mx=00001f80
event seq=23 id=12 op=3 tid=372 eos=0 qpc=1934342074772 cw=027f sw=0220 mx=00001f80
event seq=24 id=12 op=3 tid=372 eos=0 qpc=1934342074923 cw=027f sw=0220 mx=00001f80
event seq=25 id=13 op=4 tid=372 eos=0 qpc=1934342076075 cw=027f sw=0220 mx=00001f80
event seq=26 id=13 op=4 tid=372 eos=0 qpc=1934342076082 cw=027f sw=0220 mx=00001f80
event seq=27 id=14 op=5 tid=372 eos=0 qpc=1934342076783 cw=027f sw=0220 mx=00001f80
event seq=28 id=14 op=5 tid=372 eos=0 qpc=1934342076791 cw=027f sw=0220 mx=00001f80
event seq=29 id=15 op=3 tid=372 eos=0 qpc=1934342578867 cw=027f sw=0220 mx=00001f80
event seq=30 id=15 op=3 tid=372 eos=0 qpc=1934342579033 cw=027f sw=0220 mx=00001f80
event seq=31 id=16 op=4 tid=372 eos=0 qpc=1934342580290 cw=027f sw=0220 mx=00001f80
event seq=32 id=16 op=4 tid=372 eos=0 qpc=1934342580293 cw=027f sw=0220 mx=00001f80
event seq=33 id=17 op=5 tid=372 eos=0 qpc=1934342581165 cw=027f sw=0220 mx=00001f80
event seq=34 id=17 op=5 tid=372 eos=0 qpc=1934342581174 cw=027f sw=0220 mx=00001f80
event seq=35 id=18 op=3 tid=372 eos=0 qpc=1934343083956 cw=027f sw=0220 mx=00001f80
event seq=36 id=18 op=3 tid=372 eos=0 qpc=1934343084104 cw=027f sw=0220 mx=00001f80
event seq=37 id=19 op=4 tid=372 eos=0 qpc=1934343089101 cw=027f sw=0220 mx=00001f80
event seq=38 id=19 op=4 tid=372 eos=0 qpc=1934343089111 cw=027f sw=0220 mx=00001f80
event seq=39 id=20 op=5 tid=372 eos=0 qpc=1934343090330 cw=027f sw=0220 mx=00001f80
event seq=40 id=20 op=5 tid=372 eos=0 qpc=1934343090339 cw=027f sw=0220 mx=00001f80
event seq=41 id=21 op=3 tid=372 eos=0 qpc=1934343592831 cw=027f sw=0220 mx=00001f80
event seq=42 id=21 op=3 tid=372 eos=0 qpc=1934343592987 cw=027f sw=0220 mx=00001f80
event seq=43 id=22 op=4 tid=372 eos=0 qpc=1934343593992 cw=027f sw=0220 mx=00001f80
event seq=44 id=22 op=4 tid=372 eos=0 qpc=1934343593999 cw=027f sw=0220 mx=00001f80
event seq=45 id=23 op=5 tid=372 eos=0 qpc=1934343594731 cw=027f sw=0220 mx=00001f80
event seq=46 id=23 op=5 tid=372 eos=0 qpc=1934343594739 cw=027f sw=0220 mx=00001f80
event seq=47 id=24 op=3 tid=372 eos=0 qpc=1934344096605 cw=027f sw=0220 mx=00001f80
event seq=48 id=24 op=3 tid=372 eos=0 qpc=1934344096740 cw=027f sw=0220 mx=00001f80
event seq=49 id=25 op=4 tid=372 eos=0 qpc=1934344097685 cw=027f sw=0220 mx=00001f80
event seq=50 id=25 op=4 tid=372 eos=0 qpc=1934344097691 cw=027f sw=0220 mx=00001f80
event seq=51 id=26 op=5 tid=372 eos=0 qpc=1934344098439 cw=027f sw=0220 mx=00001f80
event seq=52 id=26 op=5 tid=372 eos=0 qpc=1934344098448 cw=027f sw=0220 mx=00001f80
event seq=53 id=27 op=3 tid=372 eos=0 qpc=1934344600365 cw=027f sw=0220 mx=00001f80
event seq=54 id=27 op=3 tid=372 eos=0 qpc=1934344600550 cw=027f sw=0220 mx=00001f80
event seq=55 id=28 op=4 tid=372 eos=0 qpc=1934344601657 cw=027f sw=0220 mx=00001f80
event seq=56 id=28 op=4 tid=372 eos=0 qpc=1934344601661 cw=027f sw=0220 mx=00001f80
event seq=57 id=29 op=5 tid=372 eos=0 qpc=1934344602482 cw=027f sw=0220 mx=00001f80
event seq=58 id=29 op=5 tid=372 eos=0 qpc=1934344602489 cw=027f sw=0220 mx=00001f80
event seq=59 id=30 op=3 tid=372 eos=0 qpc=1934345104580 cw=027f sw=0220 mx=00001f80
event seq=60 id=30 op=3 tid=372 eos=0 qpc=1934345104715 cw=027f sw=0220 mx=00001f80
event seq=61 id=31 op=4 tid=372 eos=0 qpc=1934345105789 cw=027f sw=0220 mx=00001f80
event seq=62 id=31 op=4 tid=372 eos=0 qpc=1934345105795 cw=027f sw=0220 mx=00001f80
event seq=63 id=32 op=5 tid=372 eos=0 qpc=1934345106646 cw=027f sw=0220 mx=00001f80
event seq=64 id=32 op=5 tid=372 eos=0 qpc=1934345106656 cw=027f sw=0220 mx=00001f80
event seq=65 id=33 op=3 tid=372 eos=0 qpc=1934345608932 cw=027f sw=0220 mx=00001f80
event seq=66 id=33 op=3 tid=372 eos=0 qpc=1934345609069 cw=027f sw=0220 mx=00001f80
event seq=67 id=34 op=4 tid=372 eos=0 qpc=1934345610362 cw=027f sw=0220 mx=00001f80
event seq=68 id=34 op=4 tid=372 eos=0 qpc=1934345610370 cw=027f sw=0220 mx=00001f80
event seq=69 id=35 op=5 tid=372 eos=0 qpc=1934345611236 cw=027f sw=0220 mx=00001f80
event seq=70 id=35 op=5 tid=372 eos=0 qpc=1934345611243 cw=027f sw=0220 mx=00001f80
event seq=71 id=36 op=3 tid=372 eos=0 qpc=1934346113262 cw=027f sw=0220 mx=00001f80
event seq=72 id=36 op=3 tid=372 eos=0 qpc=1934346113396 cw=027f sw=0220 mx=00001f80
event seq=73 id=37 op=4 tid=372 eos=0 qpc=1934346114550 cw=027f sw=0220 mx=00001f80
event seq=74 id=37 op=4 tid=372 eos=0 qpc=1934346114555 cw=027f sw=0220 mx=00001f80
event seq=75 id=38 op=5 tid=372 eos=0 qpc=1934346115380 cw=027f sw=0220 mx=00001f80
event seq=76 id=38 op=5 tid=372 eos=0 qpc=1934346115389 cw=027f sw=0220 mx=00001f80
event seq=77 id=39 op=3 tid=372 eos=0 qpc=1934346617156 cw=027f sw=0220 mx=00001f80
event seq=78 id=39 op=3 tid=372 eos=0 qpc=1934346617297 cw=027f sw=0220 mx=00001f80
event seq=79 id=40 op=4 tid=372 eos=0 qpc=1934346618328 cw=027f sw=0220 mx=00001f80
event seq=80 id=40 op=4 tid=372 eos=0 qpc=1934346618334 cw=027f sw=0220 mx=00001f80
event seq=81 id=41 op=5 tid=372 eos=0 qpc=1934346619054 cw=027f sw=0220 mx=00001f80
event seq=82 id=41 op=5 tid=372 eos=0 qpc=1934346619064 cw=027f sw=0220 mx=00001f80
event seq=83 id=42 op=3 tid=372 eos=0 qpc=1934347121151 cw=027f sw=0220 mx=00001f80
event seq=84 id=42 op=3 tid=372 eos=0 qpc=1934347121287 cw=027f sw=0220 mx=00001f80
event seq=85 id=43 op=4 tid=372 eos=0 qpc=1934347122202 cw=027f sw=0220 mx=00001f80
event seq=86 id=43 op=4 tid=372 eos=0 qpc=1934347122209 cw=027f sw=0220 mx=00001f80
event seq=87 id=44 op=5 tid=372 eos=0 qpc=1934347122979 cw=027f sw=0220 mx=00001f80
event seq=88 id=44 op=5 tid=372 eos=0 qpc=1934347123049 cw=027f sw=0220 mx=00001f80
event seq=89 id=45 op=3 tid=372 eos=0 qpc=1934347625257 cw=027f sw=0220 mx=00001f80
event seq=90 id=45 op=3 tid=372 eos=0 qpc=1934347625408 cw=027f sw=0220 mx=00001f80
event seq=91 id=46 op=4 tid=372 eos=0 qpc=1934347626563 cw=027f sw=0220 mx=00001f80
event seq=92 id=46 op=4 tid=372 eos=0 qpc=1934347626570 cw=027f sw=0220 mx=00001f80
event seq=93 id=47 op=5 tid=372 eos=0 qpc=1934347627439 cw=027f sw=0220 mx=00001f80
event seq=94 id=47 op=5 tid=372 eos=0 qpc=1934347627448 cw=027f sw=0220 mx=00001f80
event seq=95 id=48 op=3 tid=372 eos=0 qpc=1934348129534 cw=027f sw=0220 mx=00001f80
event seq=96 id=48 op=3 tid=372 eos=0 qpc=1934348129698 cw=027f sw=0220 mx=00001f80
event seq=97 id=49 op=4 tid=372 eos=0 qpc=1934348130892 cw=027f sw=0220 mx=00001f80
event seq=98 id=49 op=4 tid=372 eos=0 qpc=1934348130895 cw=027f sw=0220 mx=00001f80
event seq=99 id=50 op=5 tid=372 eos=0 qpc=1934348131772 cw=027f sw=0220 mx=00001f80
event seq=100 id=50 op=5 tid=372 eos=0 qpc=1934348131779 cw=027f sw=0220 mx=00001f80
event seq=101 id=51 op=3 tid=372 eos=0 qpc=1934348633822 cw=027f sw=0220 mx=00001f80
event seq=102 id=51 op=3 tid=372 eos=0 qpc=1934348633956 cw=027f sw=0220 mx=00001f80
event seq=103 id=52 op=4 tid=372 eos=0 qpc=1934348635624 cw=027f sw=0220 mx=00001f80
event seq=104 id=52 op=4 tid=372 eos=0 qpc=1934348635631 cw=027f sw=0220 mx=00001f80
event seq=105 id=53 op=5 tid=372 eos=0 qpc=1934348636573 cw=027f sw=0220 mx=00001f80
event seq=106 id=53 op=5 tid=372 eos=0 qpc=1934348636582 cw=027f sw=0220 mx=00001f80
event seq=107 id=54 op=3 tid=372 eos=0 qpc=1934349138618 cw=027f sw=0220 mx=00001f80
event seq=108 id=54 op=3 tid=372 eos=0 qpc=1934349138763 cw=027f sw=0220 mx=00001f80
event seq=109 id=55 op=4 tid=372 eos=0 qpc=1934349139882 cw=027f sw=0220 mx=00001f80
event seq=110 id=55 op=4 tid=372 eos=0 qpc=1934349139888 cw=027f sw=0220 mx=00001f80
event seq=111 id=56 op=5 tid=372 eos=0 qpc=1934349140789 cw=027f sw=0220 mx=00001f80
event seq=112 id=56 op=5 tid=372 eos=0 qpc=1934349140797 cw=027f sw=0220 mx=00001f80
event seq=113 id=57 op=3 tid=372 eos=0 qpc=1934349642910 cw=027f sw=0220 mx=00001f80
event seq=114 id=57 op=3 tid=372 eos=0 qpc=1934349643063 cw=027f sw=0220 mx=00001f80
event seq=115 id=58 op=4 tid=372 eos=0 qpc=1934349644321 cw=027f sw=0220 mx=00001f80
event seq=116 id=58 op=4 tid=372 eos=0 qpc=1934349644329 cw=027f sw=0220 mx=00001f80
event seq=117 id=59 op=5 tid=372 eos=0 qpc=1934349645105 cw=027f sw=0220 mx=00001f80
event seq=118 id=59 op=5 tid=372 eos=0 qpc=1934349645115 cw=027f sw=0220 mx=00001f80
event seq=119 id=60 op=3 tid=372 eos=0 qpc=1934350146969 cw=027f sw=0220 mx=00001f80
event seq=120 id=60 op=3 tid=372 eos=0 qpc=1934350147113 cw=027f sw=0220 mx=00001f80
event seq=121 id=61 op=4 tid=372 eos=0 qpc=1934350148135 cw=027f sw=0220 mx=00001f80
event seq=122 id=61 op=4 tid=372 eos=0 qpc=1934350148141 cw=027f sw=0220 mx=00001f80
event seq=123 id=62 op=5 tid=372 eos=0 qpc=1934350148885 cw=027f sw=0220 mx=00001f80
event seq=124 id=62 op=5 tid=372 eos=0 qpc=1934350148894 cw=027f sw=0220 mx=00001f80
event seq=125 id=63 op=6 tid=372 eos=0 qpc=1934350149592 cw=027f sw=0220 mx=00001f80
event seq=126 id=63 op=6 tid=372 eos=0 qpc=1934350149610 cw=027f sw=0220 mx=00001f80
event seq=127 id=64 op=7 tid=372 eos=0 qpc=1934350150644 cw=027f sw=0220 mx=00001f80
event seq=128 id=64 op=7 tid=372 eos=0 qpc=1934350150733 cw=027f sw=0220 mx=00001f80
event seq=129 id=65 op=4 tid=372 eos=0 qpc=1934350151931 cw=027f sw=0220 mx=00001f80
event seq=130 id=65 op=4 tid=372 eos=0 qpc=1934350151933 cw=027f sw=0220 mx=00001f80
event seq=131 id=66 op=8 tid=372 eos=0 qpc=1934350153918 cw=027f sw=0220 mx=00001f80
event seq=132 id=66 op=8 tid=372 eos=0 qpc=1934350153919 cw=027f sw=0220 mx=00001f80
summary events=133 eos=1 ok=1 generation=2
controller replies=66 events=1 host_exit=0 ok=1
