controller-frequency=10000000 tid=516
ALSA lib control.c:1575:(snd_ctl_open_noupdate) [error.control] Invalid CTL hw:0
ALSA lib control.c:1575:(snd_ctl_open_noupdate) [error.control] Invalid CTL hw:1
ALSA lib control.c:1575:(snd_ctl_open_noupdate) [error.control] Invalid CTL hw:0
ALSA lib control.c:1575:(snd_ctl_open_noupdate) [error.control] Invalid CTL hw:1
reply id=1 kind=0 result=0 slot=1 gen=1 event=0 status=-1 total=-1 pos=-1 begin=1934386629785 end=1934387867929 tid=516
reply id=2 kind=0 result=0 slot=1 gen=1 event=0 status=-1 total=-1 pos=-1 begin=1934387868247 end=1934387868920 tid=516
reply id=3 kind=0 result=0 slot=1 gen=1 event=0 status=-1 total=-1 pos=-1 begin=1934388369601 end=1934388370945 tid=516
reply id=4 kind=0 result=0 slot=1 gen=1 event=0 status=4 total=-1 pos=-1 begin=1934388371182 end=1934388371829 tid=516
reply id=5 kind=0 result=0 slot=1 gen=1 event=0 status=-1 total=204 pos=0 begin=1934388371876 end=1934388372525 tid=516
reply id=6 kind=0 result=0 slot=1 gen=1 event=0 status=-1 total=-1 pos=-1 begin=1934388873193 end=1934388874407 tid=516
reply id=7 kind=0 result=0 slot=1 gen=1 event=0 status=4 total=-1 pos=-1 begin=1934388874648 end=1934388875268 tid=516
reply id=8 kind=0 result=0 slot=1 gen=1 event=0 status=-1 total=204 pos=32 begin=1934388875315 end=1934388875934 tid=516
reply id=9 kind=0 result=0 slot=1 gen=1 event=0 status=-1 total=-1 pos=-1 begin=1934389376641 end=1934389378254 tid=516
reply id=10 kind=0 result=0 slot=1 gen=1 event=0 status=4 total=-1 pos=-1 begin=1934389378524 end=1934389379431 tid=516
reply id=11 kind=0 result=0 slot=1 gen=1 event=0 status=-1 total=204 pos=80 begin=1934389379567 end=1934389380410 tid=516
reply id=12 kind=0 result=0 slot=1 gen=1 event=0 status=-1 total=-1 pos=-1 begin=1934389881090 end=1934389882301 tid=516
reply id=13 kind=0 result=0 slot=1 gen=1 event=0 status=4 total=-1 pos=-1 begin=1934389882495 end=1934389883789 tid=516
reply id=14 kind=0 result=0 slot=1 gen=1 event=0 status=-1 total=204 pos=128 begin=1934389883907 end=1934389884549 tid=516
reply id=15 kind=0 result=0 slot=1 gen=1 event=0 status=-1 total=-1 pos=-1 begin=1934390385206 end=1934390386475 tid=516
reply id=16 kind=0 result=0 slot=1 gen=1 event=0 status=4 total=-1 pos=-1 begin=1934390386663 end=1934390387452 tid=516
reply id=17 kind=0 result=0 slot=1 gen=1 event=0 status=-1 total=204 pos=177 begin=1934390387500 end=1934390388212 tid=516
reply id=18 kind=1 result=0 slot=1 gen=1 event=34 status=-1 total=-1 pos=-1 begin=1934390888874 end=1934390890156 tid=516
reply id=18 kind=0 result=0 slot=1 gen=1 event=0 status=-1 total=-1 pos=-1 begin=1934390888874 end=1934390890508 tid=516
reply id=19 kind=0 result=0 slot=1 gen=1 event=0 status=2 total=-1 pos=-1 begin=1934390890563 end=1934390891235 tid=516
reply id=20 kind=0 result=0 slot=1 gen=1 event=0 status=-1 total=204 pos=204 begin=1934390891288 end=1934390891951 tid=516
reply id=21 kind=0 result=0 slot=1 gen=1 event=0 status=-1 total=-1 pos=-1 begin=1934391392605 end=1934391393818 tid=516
reply id=22 kind=0 result=0 slot=1 gen=1 event=0 status=2 total=-1 pos=-1 begin=1934391394015 end=1934391394678 tid=516
reply id=23 kind=0 result=0 slot=1 gen=1 event=0 status=-1 total=204 pos=204 begin=1934391394734 end=1934391395377 tid=516
reply id=24 kind=0 result=0 slot=1 gen=1 event=0 status=-1 total=-1 pos=-1 begin=1934391896152 end=1934391897418 tid=516
reply id=25 kind=0 result=0 slot=1 gen=1 event=0 status=2 total=-1 pos=-1 begin=1934391897657 end=1934391898446 tid=516
reply id=26 kind=0 result=0 slot=1 gen=1 event=0 status=-1 total=204 pos=204 begin=1934391898505 end=1934391899239 tid=516
reply id=27 kind=0 result=0 slot=1 gen=1 event=0 status=-1 total=-1 pos=-1 begin=1934392399908 end=1934392401061 tid=516
reply id=28 kind=0 result=0 slot=1 gen=1 event=0 status=2 total=-1 pos=-1 begin=1934392401245 end=1934392401856 tid=516
reply id=29 kind=0 result=0 slot=1 gen=1 event=0 status=-1 total=204 pos=204 begin=1934392401904 end=1934392402514 tid=516
reply id=30 kind=0 result=0 slot=1 gen=1 event=0 status=-1 total=-1 pos=-1 begin=1934392903180 end=1934392904337 tid=516
reply id=31 kind=0 result=0 slot=1 gen=1 event=0 status=2 total=-1 pos=-1 begin=1934392904628 end=1934392905274 tid=516
reply id=32 kind=0 result=0 slot=1 gen=1 event=0 status=-1 total=204 pos=204 begin=1934392905415 end=1934392905996 tid=516
reply id=33 kind=0 result=0 slot=1 gen=1 event=0 status=-1 total=-1 pos=-1 begin=1934393406694 end=1934393407936 tid=516
reply id=34 kind=0 result=0 slot=1 gen=1 event=0 status=2 total=-1 pos=-1 begin=1934393408109 end=1934393408734 tid=516
reply id=35 kind=0 result=0 slot=1 gen=1 event=0 status=-1 total=204 pos=204 begin=1934393408796 end=1934393409449 tid=516
reply id=36 kind=0 result=0 slot=1 gen=1 event=0 status=-1 total=-1 pos=-1 begin=1934393910156 end=1934393911363 tid=516
reply id=37 kind=0 result=0 slot=1 gen=1 event=0 status=2 total=-1 pos=-1 begin=1934393911588 end=1934393912216 tid=516
reply id=38 kind=0 result=0 slot=1 gen=1 event=0 status=-1 total=204 pos=204 begin=1934393912264 end=1934393912883 tid=516
reply id=39 kind=0 result=0 slot=1 gen=1 event=0 status=-1 total=-1 pos=-1 begin=1934394413637 end=1934394414880 tid=516
reply id=40 kind=0 result=0 slot=1 gen=1 event=0 status=2 total=-1 pos=-1 begin=1934394415038 end=1934394415800 tid=516
reply id=41 kind=0 result=0 slot=1 gen=1 event=0 status=-1 total=204 pos=204 begin=1934394415869 end=1934394416597 tid=516
reply id=42 kind=0 result=0 slot=1 gen=1 event=0 status=-1 total=-1 pos=-1 begin=1934394917280 end=1934394918396 tid=516
reply id=43 kind=0 result=0 slot=1 gen=1 event=0 status=2 total=-1 pos=-1 begin=1934394918605 end=1934394919258 tid=516
reply id=44 kind=0 result=0 slot=1 gen=1 event=0 status=-1 total=204 pos=204 begin=1934394919318 end=1934394919987 tid=516
reply id=45 kind=0 result=0 slot=1 gen=1 event=0 status=-1 total=-1 pos=-1 begin=1934395420582 end=1934395421880 tid=516
reply id=46 kind=0 result=0 slot=1 gen=1 event=0 status=2 total=-1 pos=-1 begin=1934395422056 end=1934395422765 tid=516
reply id=47 kind=0 result=0 slot=1 gen=1 event=0 status=-1 total=204 pos=204 begin=1934395422814 end=1934395423526 tid=516
reply id=48 kind=0 result=0 slot=1 gen=1 event=0 status=-1 total=-1 pos=-1 begin=1934395924274 end=1934395925470 tid=516
reply id=49 kind=0 result=0 slot=1 gen=1 event=0 status=2 total=-1 pos=-1 begin=1934395925686 end=1934395926305 tid=516
reply id=50 kind=0 result=0 slot=1 gen=1 event=0 status=-1 total=204 pos=204 begin=1934395926353 end=1934395926966 tid=516
reply id=51 kind=0 result=0 slot=1 gen=1 event=0 status=-1 total=-1 pos=-1 begin=1934396427619 end=1934396428846 tid=516
reply id=52 kind=0 result=0 slot=1 gen=1 event=0 status=2 total=-1 pos=-1 begin=1934396429044 end=1934396430315 tid=516
reply id=53 kind=0 result=0 slot=1 gen=1 event=0 status=-1 total=204 pos=204 begin=1934396430602 end=1934396431503 tid=516
reply id=54 kind=0 result=0 slot=1 gen=1 event=0 status=-1 total=-1 pos=-1 begin=1934396932141 end=1934396933609 tid=516
reply id=55 kind=0 result=0 slot=1 gen=1 event=0 status=2 total=-1 pos=-1 begin=1934396933846 end=1934396934516 tid=516
reply id=56 kind=0 result=0 slot=1 gen=1 event=0 status=-1 total=204 pos=204 begin=1934396934579 end=1934396935255 tid=516
reply id=57 kind=0 result=0 slot=1 gen=1 event=0 status=-1 total=-1 pos=-1 begin=1934397435949 end=1934397437265 tid=516
reply id=58 kind=0 result=0 slot=1 gen=1 event=0 status=2 total=-1 pos=-1 begin=1934397437495 end=1934397438170 tid=516
reply id=59 kind=0 result=0 slot=1 gen=1 event=0 status=-1 total=204 pos=204 begin=1934397438232 end=1934397438905 tid=516
reply id=60 kind=0 result=0 slot=1 gen=1 event=0 status=-1 total=-1 pos=-1 begin=1934397939604 end=1934397940971 tid=516
reply id=61 kind=0 result=0 slot=1 gen=1 event=0 status=2 total=-1 pos=-1 begin=1934397941150 end=1934397941802 tid=516
reply id=62 kind=0 result=0 slot=1 gen=1 event=0 status=-1 total=204 pos=204 begin=1934397941866 end=1934397942549 tid=516
reply id=63 kind=0 result=0 slot=1 gen=1 event=0 status=-1 total=-1 pos=-1 begin=1934397942607 end=1934397943264 tid=516
reply id=64 kind=0 result=0 slot=1 gen=2 event=0 status=-1 total=-1 pos=-1 begin=1934397943318 end=1934397944087 tid=516
reply id=65 kind=0 result=1 slot=1 gen=2 event=0 status=-1 total=-1 pos=-1 begin=1934397944185 end=1934397944832 tid=516
reply id=66 kind=0 result=0 slot=1 gen=2 event=0 status=-1 total=-1 pos=-1 begin=1934397944939 end=1934397945638 tid=516
host main=524 frequency=10000000 loaded=C:\rpc-private\Mss32.dll mode=stream
event seq=0 id=1 op=1 tid=524 eos=0 qpc=1934387864078 cw=027f sw=0120 mx=00001f80
event seq=1 id=1 op=1 tid=524 eos=0 qpc=1934387867322 cw=027f sw=4020 mx=00001f80
event seq=2 id=2 op=2 tid=524 eos=0 qpc=1934387868590 cw=027f sw=4020 mx=00001f80
event seq=3 id=2 op=2 tid=524 eos=0 qpc=1934387868622 cw=027f sw=4020 mx=00001f80
event seq=4 id=3 op=3 tid=524 eos=0 qpc=1934388370449 cw=027f sw=4020 mx=00001f80
event seq=5 id=3 op=3 tid=524 eos=0 qpc=1934388370536 cw=027f sw=4020 mx=00001f80
event seq=6 id=4 op=4 tid=524 eos=0 qpc=1934388371518 cw=027f sw=4020 mx=00001f80
event seq=7 id=4 op=4 tid=524 eos=0 qpc=1934388371523 cw=027f sw=4020 mx=00001f80
event seq=8 id=5 op=5 tid=524 eos=0 qpc=1934388372198 cw=027f sw=4020 mx=00001f80
event seq=9 id=5 op=5 tid=524 eos=0 qpc=1934388372227 cw=027f sw=4020 mx=00001f80
event seq=10 id=6 op=3 tid=524 eos=0 qpc=1934388873925 cw=027f sw=4020 mx=00001f80
event seq=11 id=6 op=3 tid=524 eos=0 qpc=1934388874004 cw=027f sw=0020 mx=00001f80
event seq=12 id=7 op=4 tid=524 eos=0 qpc=1934388874965 cw=027f sw=0020 mx=00001f80
event seq=13 id=7 op=4 tid=524 eos=0 qpc=1934388874970 cw=027f sw=0020 mx=00001f80
event seq=14 id=8 op=5 tid=524 eos=0 qpc=1934388875623 cw=027f sw=0020 mx=00001f80
event seq=15 id=8 op=5 tid=524 eos=0 qpc=1934388875643 cw=027f sw=0020 mx=00001f80
event seq=16 id=9 op=3 tid=524 eos=0 qpc=1934389377600 cw=027f sw=0020 mx=00001f80
event seq=17 id=9 op=3 tid=524 eos=0 qpc=1934389377660 cw=027f sw=0020 mx=00001f80
event seq=18 id=10 op=4 tid=524 eos=0 qpc=1934389379018 cw=027f sw=0020 mx=00001f80
event seq=19 id=10 op=4 tid=524 eos=0 qpc=1934389379023 cw=027f sw=0020 mx=00001f80
event seq=20 id=11 op=5 tid=524 eos=0 qpc=1934389379953 cw=027f sw=0020 mx=00001f80
event seq=21 id=11 op=5 tid=524 eos=0 qpc=1934389379982 cw=027f sw=0020 mx=00001f80
event seq=22 id=12 op=3 tid=524 eos=0 qpc=1934389881878 cw=027f sw=0020 mx=00001f80
event seq=23 id=12 op=3 tid=524 eos=0 qpc=1934389881944 cw=027f sw=0020 mx=00001f80
event seq=24 id=13 op=4 tid=524 eos=0 qpc=1934389883444 cw=027f sw=0020 mx=00001f80
event seq=25 id=13 op=4 tid=524 eos=0 qpc=1934389883450 cw=027f sw=0020 mx=00001f80
event seq=26 id=14 op=5 tid=524 eos=0 qpc=1934389884218 cw=027f sw=0020 mx=00001f80
event seq=27 id=14 op=5 tid=524 eos=0 qpc=1934389884245 cw=027f sw=0020 mx=00001f80
event seq=28 id=15 op=3 tid=524 eos=0 qpc=1934390385981 cw=027f sw=0020 mx=00001f80
event seq=29 id=15 op=3 tid=524 eos=0 qpc=1934390386068 cw=027f sw=0020 mx=00001f80
event seq=30 id=16 op=4 tid=524 eos=0 qpc=1934390387058 cw=027f sw=0020 mx=00001f80
event seq=31 id=16 op=4 tid=524 eos=0 qpc=1934390387062 cw=027f sw=0020 mx=00001f80
event seq=32 id=17 op=5 tid=524 eos=0 qpc=1934390387869 cw=027f sw=0020 mx=00001f80
event seq=33 id=17 op=5 tid=524 eos=0 qpc=1934390387893 cw=027f sw=0220 mx=00001f80
event seq=34 id=17 op=5 tid=544 eos=1 qpc=1934390671976 cw=027f sw=0020 mx=00001f80
event seq=35 id=18 op=3 tid=524 eos=0 qpc=1934390889607 cw=027f sw=0220 mx=00001f80
event seq=36 id=18 op=3 tid=524 eos=0 qpc=1934390889683 cw=027f sw=0220 mx=00001f80
event seq=37 id=19 op=4 tid=524 eos=0 qpc=1934390890897 cw=027f sw=0220 mx=00001f80
event seq=38 id=19 op=4 tid=524 eos=0 qpc=1934390890902 cw=027f sw=0220 mx=00001f80
event seq=39 id=20 op=5 tid=524 eos=0 qpc=1934390891600 cw=027f sw=0220 mx=00001f80
event seq=40 id=20 op=5 tid=524 eos=0 qpc=1934390891625 cw=027f sw=0220 mx=00001f80
event seq=41 id=21 op=3 tid=524 eos=0 qpc=1934391393335 cw=027f sw=0220 mx=00001f80
event seq=42 id=21 op=3 tid=524 eos=0 qpc=1934391393393 cw=027f sw=0220 mx=00001f80
event seq=43 id=22 op=4 tid=524 eos=0 qpc=1934391394339 cw=027f sw=0220 mx=00001f80
event seq=44 id=22 op=4 tid=524 eos=0 qpc=1934391394344 cw=027f sw=0220 mx=00001f80
event seq=45 id=23 op=5 tid=524 eos=0 qpc=1934391395038 cw=027f sw=0220 mx=00001f80
event seq=46 id=23 op=5 tid=524 eos=0 qpc=1934391395059 cw=027f sw=0220 mx=00001f80
event seq=47 id=24 op=3 tid=524 eos=0 qpc=1934391896878 cw=027f sw=0220 mx=00001f80
event seq=48 id=24 op=3 tid=524 eos=0 qpc=1934391896937 cw=027f sw=0220 mx=00001f80
event seq=49 id=25 op=4 tid=524 eos=0 qpc=1934391898073 cw=027f sw=0220 mx=00001f80
event seq=50 id=25 op=4 tid=524 eos=0 qpc=1934391898078 cw=027f sw=0220 mx=00001f80
event seq=51 id=26 op=5 tid=524 eos=0 qpc=1934391898861 cw=027f sw=0220 mx=00001f80
event seq=52 id=26 op=5 tid=524 eos=0 qpc=1934391898881 cw=027f sw=0220 mx=00001f80
event seq=53 id=27 op=3 tid=524 eos=0 qpc=1934392400612 cw=027f sw=0220 mx=00001f80
event seq=54 id=27 op=3 tid=524 eos=0 qpc=1934392400680 cw=027f sw=0220 mx=00001f80
event seq=55 id=28 op=4 tid=524 eos=0 qpc=1934392401559 cw=027f sw=0220 mx=00001f80
event seq=56 id=28 op=4 tid=524 eos=0 qpc=1934392401562 cw=027f sw=0220 mx=00001f80
event seq=57 id=29 op=5 tid=524 eos=0 qpc=1934392402205 cw=027f sw=0220 mx=00001f80
event seq=58 id=29 op=5 tid=524 eos=0 qpc=1934392402227 cw=027f sw=0220 mx=00001f80
event seq=59 id=30 op=3 tid=524 eos=0 qpc=1934392903883 cw=027f sw=0220 mx=00001f80
event seq=60 id=30 op=3 tid=524 eos=0 qpc=1934392903941 cw=027f sw=0220 mx=00001f80
event seq=61 id=31 op=4 tid=524 eos=0 qpc=1934392904940 cw=027f sw=0220 mx=00001f80
event seq=62 id=31 op=4 tid=524 eos=0 qpc=1934392904944 cw=027f sw=0220 mx=00001f80
event seq=63 id=32 op=5 tid=524 eos=0 qpc=1934392905699 cw=027f sw=0220 mx=00001f80
event seq=64 id=32 op=5 tid=524 eos=0 qpc=1934392905720 cw=027f sw=0220 mx=00001f80
event seq=65 id=33 op=3 tid=524 eos=0 qpc=1934393407493 cw=027f sw=0220 mx=00001f80
event seq=66 id=33 op=3 tid=524 eos=0 qpc=1934393407556 cw=027f sw=0220 mx=00001f80
event seq=67 id=34 op=4 tid=524 eos=0 qpc=1934393408423 cw=027f sw=0220 mx=00001f80
event seq=68 id=34 op=4 tid=524 eos=0 qpc=1934393408429 cw=027f sw=0220 mx=00001f80
event seq=69 id=35 op=5 tid=524 eos=0 qpc=1934393409099 cw=027f sw=0220 mx=00001f80
event seq=70 id=35 op=5 tid=524 eos=0 qpc=1934393409123 cw=027f sw=0220 mx=00001f80
event seq=71 id=36 op=3 tid=524 eos=0 qpc=1934393910881 cw=027f sw=0220 mx=00001f80
event seq=72 id=36 op=3 tid=524 eos=0 qpc=1934393910941 cw=027f sw=0220 mx=00001f80
event seq=73 id=37 op=4 tid=524 eos=0 qpc=1934393911915 cw=027f sw=0220 mx=00001f80
event seq=74 id=37 op=4 tid=524 eos=0 qpc=1934393911920 cw=027f sw=0220 mx=00001f80
event seq=75 id=38 op=5 tid=524 eos=0 qpc=1934393912566 cw=027f sw=0220 mx=00001f80
event seq=76 id=38 op=5 tid=524 eos=0 qpc=1934393912588 cw=027f sw=0220 mx=00001f80
event seq=77 id=39 op=3 tid=524 eos=0 qpc=1934394414371 cw=027f sw=0220 mx=00001f80
event seq=78 id=39 op=3 tid=524 eos=0 qpc=1934394414430 cw=027f sw=0220 mx=00001f80
event seq=79 id=40 op=4 tid=524 eos=0 qpc=1934394415402 cw=027f sw=0220 mx=00001f80
event seq=80 id=40 op=4 tid=524 eos=0 qpc=1934394415406 cw=027f sw=0220 mx=00001f80
event seq=81 id=41 op=5 tid=524 eos=0 qpc=1934394416218 cw=027f sw=0220 mx=00001f80
event seq=82 id=41 op=5 tid=524 eos=0 qpc=1934394416238 cw=027f sw=0220 mx=00001f80
event seq=83 id=42 op=3 tid=524 eos=0 qpc=1934394917929 cw=027f sw=0220 mx=00001f80
event seq=84 id=42 op=3 tid=524 eos=0 qpc=1934394917986 cw=027f sw=0220 mx=00001f80
event seq=85 id=43 op=4 tid=524 eos=0 qpc=1934394918925 cw=027f sw=0220 mx=00001f80
event seq=86 id=43 op=4 tid=524 eos=0 qpc=1934394918929 cw=027f sw=0220 mx=00001f80
event seq=87 id=44 op=5 tid=524 eos=0 qpc=1934394919619 cw=027f sw=0220 mx=00001f80
event seq=88 id=44 op=5 tid=524 eos=0 qpc=1934394919678 cw=027f sw=0220 mx=00001f80
event seq=89 id=45 op=3 tid=524 eos=0 qpc=1934395421427 cw=027f sw=0220 mx=00001f80
event seq=90 id=45 op=3 tid=524 eos=0 qpc=1934395421497 cw=027f sw=0220 mx=00001f80
event seq=91 id=46 op=4 tid=524 eos=0 qpc=1934395422434 cw=027f sw=0220 mx=00001f80
event seq=92 id=46 op=4 tid=524 eos=0 qpc=1934395422439 cw=027f sw=0220 mx=00001f80
event seq=93 id=47 op=5 tid=524 eos=0 qpc=1934395423186 cw=027f sw=0220 mx=00001f80
event seq=94 id=47 op=5 tid=524 eos=0 qpc=1934395423212 cw=027f sw=0220 mx=00001f80
event seq=95 id=48 op=3 tid=524 eos=0 qpc=1934395925010 cw=027f sw=0220 mx=00001f80
event seq=96 id=48 op=3 tid=524 eos=0 qpc=1934395925080 cw=027f sw=0220 mx=00001f80
event seq=97 id=49 op=4 tid=524 eos=0 qpc=1934395926004 cw=027f sw=0220 mx=00001f80
event seq=98 id=49 op=4 tid=524 eos=0 qpc=1934395926010 cw=027f sw=0220 mx=00001f80
event seq=99 id=50 op=5 tid=524 eos=0 qpc=1934395926656 cw=027f sw=0220 mx=00001f80
event seq=100 id=50 op=5 tid=524 eos=0 qpc=1934395926678 cw=027f sw=0220 mx=00001f80
event seq=101 id=51 op=3 tid=524 eos=0 qpc=1934396428324 cw=027f sw=0220 mx=00001f80
event seq=102 id=51 op=3 tid=524 eos=0 qpc=1934396428405 cw=027f sw=0220 mx=00001f80
event seq=103 id=52 op=4 tid=524 eos=0 qpc=1934396429373 cw=027f sw=0220 mx=00001f80
event seq=104 id=52 op=4 tid=524 eos=0 qpc=1934396429379 cw=027f sw=0220 mx=00001f80
event seq=105 id=53 op=5 tid=524 eos=0 qpc=1934396431084 cw=027f sw=0220 mx=00001f80
event seq=106 id=53 op=5 tid=524 eos=0 qpc=1934396431154 cw=027f sw=0220 mx=00001f80
event seq=107 id=54 op=3 tid=524 eos=0 qpc=1934396932994 cw=027f sw=0220 mx=00001f80
event seq=108 id=54 op=3 tid=524 eos=0 qpc=1934396933134 cw=027f sw=0220 mx=00001f80
event seq=109 id=55 op=4 tid=524 eos=0 qpc=1934396934182 cw=027f sw=0220 mx=00001f80
event seq=110 id=55 op=4 tid=524 eos=0 qpc=1934396934190 cw=027f sw=0220 mx=00001f80
event seq=111 id=56 op=5 tid=524 eos=0 qpc=1934396934905 cw=027f sw=0220 mx=00001f80
event seq=112 id=56 op=5 tid=524 eos=0 qpc=1934396934935 cw=027f sw=0220 mx=00001f80
event seq=113 id=57 op=3 tid=524 eos=0 qpc=1934397436749 cw=027f sw=0220 mx=00001f80
event seq=114 id=57 op=3 tid=524 eos=0 qpc=1934397436876 cw=027f sw=0220 mx=00001f80
event seq=115 id=58 op=4 tid=524 eos=0 qpc=1934397437831 cw=027f sw=0220 mx=00001f80
event seq=116 id=58 op=4 tid=524 eos=0 qpc=1934397437839 cw=027f sw=0220 mx=00001f80
event seq=117 id=59 op=5 tid=524 eos=0 qpc=1934397438558 cw=027f sw=0220 mx=00001f80
event seq=118 id=59 op=5 tid=524 eos=0 qpc=1934397438586 cw=027f sw=0220 mx=00001f80
event seq=119 id=60 op=3 tid=524 eos=0 qpc=1934397940425 cw=027f sw=0220 mx=00001f80
event seq=120 id=60 op=3 tid=524 eos=0 qpc=1934397940566 cw=027f sw=0220 mx=00001f80
event seq=121 id=61 op=4 tid=524 eos=0 qpc=1934397941480 cw=027f sw=0220 mx=00001f80
event seq=122 id=61 op=4 tid=524 eos=0 qpc=1934397941487 cw=027f sw=0220 mx=00001f80
event seq=123 id=62 op=5 tid=524 eos=0 qpc=1934397942200 cw=027f sw=0220 mx=00001f80
event seq=124 id=62 op=5 tid=524 eos=0 qpc=1934397942229 cw=027f sw=0220 mx=00001f80
event seq=125 id=63 op=6 tid=524 eos=0 qpc=1934397942919 cw=027f sw=0220 mx=00001f80
event seq=126 id=63 op=6 tid=524 eos=0 qpc=1934397942941 cw=027f sw=0220 mx=00001f80
event seq=127 id=64 op=7 tid=524 eos=0 qpc=1934397943645 cw=027f sw=0220 mx=00001f80
event seq=128 id=64 op=7 tid=524 eos=0 qpc=1934397943761 cw=027f sw=0220 mx=00001f80
event seq=129 id=65 op=4 tid=524 eos=0 qpc=1934397944509 cw=027f sw=0220 mx=00001f80
event seq=130 id=65 op=4 tid=524 eos=0 qpc=1934397944511 cw=027f sw=0220 mx=00001f80
event seq=131 id=66 op=8 tid=524 eos=0 qpc=1934397945264 cw=027f sw=0220 mx=00001f80
event seq=132 id=66 op=8 tid=524 eos=0 qpc=1934397945266 cw=027f sw=0220 mx=00001f80
summary events=133 eos=1 ok=1 generation=2
controller replies=66 events=1 host_exit=0 ok=1
