controller-frequency=10000000 tid=556
ALSA lib control.c:1575:(snd_ctl_open_noupdate) [error.control] Invalid CTL hw:0
ALSA lib control.c:1575:(snd_ctl_open_noupdate) [error.control] Invalid CTL hw:1
ALSA lib control.c:1575:(snd_ctl_open_noupdate) [error.control] Invalid CTL hw:0
ALSA lib control.c:1575:(snd_ctl_open_noupdate) [error.control] Invalid CTL hw:1
reply id=1 kind=0 result=0 slot=1 gen=1 event=0 status=-1 total=-1 pos=-1 begin=1934398483562 end=1934399736877 tid=556
reply id=2 kind=0 result=0 slot=1 gen=1 event=0 status=-1 total=-1 pos=-1 begin=1934399737264 end=1934399738522 tid=556
reply id=3 kind=0 result=0 slot=1 gen=1 event=0 status=-1 total=-1 pos=-1 begin=1934400239288 end=1934400240802 tid=556
reply id=4 kind=0 result=0 slot=1 gen=1 event=0 status=4 total=-1 pos=-1 begin=1934400241051 end=1934400242087 tid=556
reply id=5 kind=0 result=0 slot=1 gen=1 event=0 status=-1 total=204 pos=0 begin=1934400242180 end=1934400243105 tid=556
reply id=6 kind=0 result=0 slot=1 gen=1 event=0 status=-1 total=-1 pos=-1 begin=1934400743823 end=1934400745336 tid=556
reply id=7 kind=0 result=0 slot=1 gen=1 event=0 status=4 total=-1 pos=-1 begin=1934400745554 end=1934400746342 tid=556
reply id=8 kind=0 result=0 slot=1 gen=1 event=0 status=-1 total=204 pos=32 begin=1934400746426 end=1934400747283 tid=556
reply id=9 kind=0 result=0 slot=1 gen=1 event=0 status=-1 total=-1 pos=-1 begin=1934401248031 end=1934401249594 tid=556
reply id=10 kind=0 result=0 slot=1 gen=1 event=0 status=4 total=-1 pos=-1 begin=1934401249823 end=1934401251661 tid=556
reply id=11 kind=0 result=0 slot=1 gen=1 event=0 status=-1 total=204 pos=80 begin=1934401251816 end=1934401252718 tid=556
reply id=12 kind=0 result=0 slot=1 gen=1 event=0 status=-1 total=-1 pos=-1 begin=1934401753400 end=1934401754864 tid=556
reply id=13 kind=0 result=0 slot=1 gen=1 event=0 status=4 total=-1 pos=-1 begin=1934401755077 end=1934401755698 tid=556
reply id=14 kind=0 result=0 slot=1 gen=1 event=0 status=-1 total=204 pos=128 begin=1934401755753 end=1934401756377 tid=556
reply id=15 kind=0 result=0 slot=1 gen=1 event=0 status=-1 total=-1 pos=-1 begin=1934402257068 end=1934402258439 tid=556
reply id=16 kind=0 result=0 slot=1 gen=1 event=0 status=4 total=-1 pos=-1 begin=1934402258663 end=1934402259290 tid=556
reply id=17 kind=0 result=0 slot=1 gen=1 event=0 status=-1 total=204 pos=177 begin=1934402259345 end=1934402260338 tid=556
reply id=18 kind=1 result=0 slot=1 gen=1 event=34 status=-1 total=-1 pos=-1 begin=1934402761158 end=1934402762602 tid=556
reply id=18 kind=0 result=0 slot=1 gen=1 event=0 status=-1 total=-1 pos=-1 begin=1934402761158 end=1934402762948 tid=556
reply id=19 kind=0 result=0 slot=1 gen=1 event=0 status=2 total=-1 pos=-1 begin=1934402762998 end=1934402763644 tid=556
reply id=20 kind=0 result=0 slot=1 gen=1 event=0 status=-1 total=204 pos=204 begin=1934402763692 end=1934402765226 tid=556
reply id=21 kind=0 result=0 slot=1 gen=1 event=0 status=-1 total=-1 pos=-1 begin=1934403265992 end=1934403267380 tid=556
reply id=22 kind=0 result=0 slot=1 gen=1 event=0 status=2 total=-1 pos=-1 begin=1934403267634 end=1934403268275 tid=556
reply id=23 kind=0 result=0 slot=1 gen=1 event=0 status=-1 total=204 pos=204 begin=1934403268331 end=1934403268981 tid=556
reply id=24 kind=0 result=0 slot=1 gen=1 event=0 status=-1 total=-1 pos=-1 begin=1934403769685 end=1934403771260 tid=556
reply id=25 kind=0 result=0 slot=1 gen=1 event=0 status=2 total=-1 pos=-1 begin=1934403771582 end=1934403772303 tid=556
reply id=26 kind=0 result=0 slot=1 gen=1 event=0 status=-1 total=204 pos=204 begin=1934403772363 end=1934403773030 tid=556
reply id=27 kind=0 result=0 slot=1 gen=1 event=0 status=-1 total=-1 pos=-1 begin=1934404273756 end=1934404275282 tid=556
reply id=28 kind=0 result=0 slot=1 gen=1 event=0 status=2 total=-1 pos=-1 begin=1934404275567 end=1934404276211 tid=556
reply id=29 kind=0 result=0 slot=1 gen=1 event=0 status=-1 total=204 pos=204 begin=1934404276266 end=1934404276877 tid=556
reply id=30 kind=0 result=0 slot=1 gen=1 event=0 status=-1 total=-1 pos=-1 begin=1934404777580 end=1934404779128 tid=556
reply id=31 kind=0 result=0 slot=1 gen=1 event=0 status=2 total=-1 pos=-1 begin=1934404779561 end=1934404780321 tid=556
reply id=32 kind=0 result=0 slot=1 gen=1 event=0 status=-1 total=204 pos=204 begin=1934404780507 end=1934404781154 tid=556
reply id=33 kind=0 result=0 slot=1 gen=1 event=0 status=-1 total=-1 pos=-1 begin=1934405281699 end=1934405283196 tid=556
reply id=34 kind=0 result=0 slot=1 gen=1 event=0 status=2 total=-1 pos=-1 begin=1934405283460 end=1934405284430 tid=556
reply id=35 kind=0 result=0 slot=1 gen=1 event=0 status=-1 total=204 pos=204 begin=1934405284570 end=1934405285211 tid=556
reply id=36 kind=0 result=0 slot=1 gen=1 event=0 status=-1 total=-1 pos=-1 begin=1934405785928 end=1934405787301 tid=556
reply id=37 kind=0 result=0 slot=1 gen=1 event=0 status=2 total=-1 pos=-1 begin=1934405787570 end=1934405788190 tid=556
reply id=38 kind=0 result=0 slot=1 gen=1 event=0 status=-1 total=204 pos=204 begin=1934405788330 end=1934405789235 tid=556
reply id=39 kind=0 result=0 slot=1 gen=1 event=0 status=-1 total=-1 pos=-1 begin=1934406289781 end=1934406291679 tid=556
reply id=40 kind=0 result=0 slot=1 gen=1 event=0 status=2 total=-1 pos=-1 begin=1934406292041 end=1934406293488 tid=556
reply id=41 kind=0 result=0 slot=1 gen=1 event=0 status=-1 total=204 pos=204 begin=1934406293574 end=1934406294397 tid=556
reply id=42 kind=0 result=0 slot=1 gen=1 event=0 status=-1 total=-1 pos=-1 begin=1934406795093 end=1934406796964 tid=556
reply id=43 kind=0 result=0 slot=1 gen=1 event=0 status=2 total=-1 pos=-1 begin=1934406797286 end=1934406798218 tid=556
reply id=44 kind=0 result=0 slot=1 gen=1 event=0 status=-1 total=204 pos=204 begin=1934406798289 end=1934406799121 tid=556
reply id=45 kind=0 result=0 slot=1 gen=1 event=0 status=-1 total=-1 pos=-1 begin=1934407299848 end=1934407307956 tid=556
reply id=46 kind=0 result=0 slot=1 gen=1 event=0 status=2 total=-1 pos=-1 begin=1934407308152 end=1934407309187 tid=556
reply id=47 kind=0 result=0 slot=1 gen=1 event=0 status=-1 total=204 pos=204 begin=1934407309275 end=1934407310127 tid=556
reply id=48 kind=0 result=0 slot=1 gen=1 event=0 status=-1 total=-1 pos=-1 begin=1934407810870 end=1934407812639 tid=556
reply id=49 kind=0 result=0 slot=1 gen=1 event=0 status=2 total=-1 pos=-1 begin=1934407812970 end=1934407813984 tid=556
reply id=50 kind=0 result=0 slot=1 gen=1 event=0 status=-1 total=204 pos=204 begin=1934407814144 end=1934407814978 tid=556
reply id=51 kind=0 result=0 slot=1 gen=1 event=0 status=-1 total=-1 pos=-1 begin=1934408315755 end=1934408317693 tid=556
reply id=52 kind=0 result=0 slot=1 gen=1 event=0 status=2 total=-1 pos=-1 begin=1934408318049 end=1934408318791 tid=556
reply id=53 kind=0 result=0 slot=1 gen=1 event=0 status=-1 total=204 pos=204 begin=1934408318878 end=1934408319606 tid=556
reply id=54 kind=0 result=0 slot=1 gen=1 event=0 status=-1 total=-1 pos=-1 begin=1934408820239 end=1934408821875 tid=556
reply id=55 kind=0 result=0 slot=1 gen=1 event=0 status=2 total=-1 pos=-1 begin=1934408822170 end=1934408822815 tid=556
reply id=56 kind=0 result=0 slot=1 gen=1 event=0 status=-1 total=204 pos=204 begin=1934408822880 end=1934408823544 tid=556
reply id=57 kind=0 result=0 slot=1 gen=1 event=0 status=-1 total=-1 pos=-1 begin=1934409324321 end=1934409326072 tid=556
reply id=58 kind=0 result=0 slot=1 gen=1 event=0 status=2 total=-1 pos=-1 begin=1934409326379 end=1934409327037 tid=556
reply id=59 kind=0 result=0 slot=1 gen=1 event=0 status=-1 total=204 pos=204 begin=1934409327115 end=1934409327805 tid=556
reply id=60 kind=0 result=0 slot=1 gen=1 event=0 status=-1 total=-1 pos=-1 begin=1934409828540 end=1934409830465 tid=556
reply id=61 kind=0 result=0 slot=1 gen=1 event=0 status=2 total=-1 pos=-1 begin=1934409830789 end=1934409831608 tid=556
reply id=62 kind=0 result=0 slot=1 gen=1 event=0 status=-1 total=204 pos=204 begin=1934409831661 end=1934409832966 tid=556
reply id=63 kind=0 result=0 slot=1 gen=1 event=0 status=-1 total=-1 pos=-1 begin=1934409833155 end=1934409834318 tid=556
reply id=64 kind=0 result=0 slot=1 gen=2 event=0 status=-1 total=-1 pos=-1 begin=1934409834425 end=1934409835358 tid=556
reply id=65 kind=0 result=1 slot=1 gen=2 event=0 status=-1 total=-1 pos=-1 begin=1934409835522 end=1934409836640 tid=556
reply id=66 kind=0 result=0 slot=1 gen=2 event=0 status=-1 total=-1 pos=-1 begin=1934409836870 end=1934409837861 tid=556
host main=564 frequency=10000000 loaded=C:\rpc-private\Mss32.dll mode=stream
event seq=0 id=1 op=1 tid=564 eos=0 qpc=1934399733287 cw=027f sw=0120 mx=00001f80
event seq=1 id=1 op=1 tid=564 eos=0 qpc=1934399736120 cw=027f sw=4020 mx=00001f80
event seq=2 id=2 op=2 tid=564 eos=0 qpc=1934399737700 cw=027f sw=4020 mx=00001f80
event seq=3 id=2 op=2 tid=564 eos=0 qpc=1934399737733 cw=027f sw=4020 mx=00001f80
event seq=4 id=3 op=3 tid=564 eos=0 qpc=1934400240222 cw=027f sw=4020 mx=00001f80
event seq=5 id=3 op=3 tid=564 eos=0 qpc=1934400240320 cw=027f sw=4020 mx=00001f80
event seq=6 id=4 op=4 tid=564 eos=0 qpc=1934400241563 cw=027f sw=4020 mx=00001f80
event seq=7 id=4 op=4 tid=564 eos=0 qpc=1934400241567 cw=027f sw=4020 mx=00001f80
event seq=8 id=5 op=5 tid=564 eos=0 qpc=1934400242665 cw=027f sw=4020 mx=00001f80
event seq=9 id=5 op=5 tid=564 eos=0 qpc=1934400242714 cw=027f sw=4020 mx=00001f80
event seq=10 id=6 op=3 tid=564 eos=0 qpc=1934400744699 cw=027f sw=4020 mx=00001f80
event seq=11 id=6 op=3 tid=564 eos=0 qpc=1934400744791 cw=027f sw=0020 mx=00001f80
event seq=12 id=7 op=4 tid=564 eos=0 qpc=1934400745920 cw=027f sw=0020 mx=00001f80
event seq=13 id=7 op=4 tid=564 eos=0 qpc=1934400745925 cw=027f sw=0020 mx=00001f80
event seq=14 id=8 op=5 tid=564 eos=0 qpc=1934400746809 cw=027f sw=0020 mx=00001f80
event seq=15 id=8 op=5 tid=564 eos=0 qpc=1934400746831 cw=027f sw=0020 mx=00001f80
event seq=16 id=9 op=3 tid=564 eos=0 qpc=1934401249016 cw=027f sw=0020 mx=00001f80
event seq=17 id=9 op=3 tid=564 eos=0 qpc=1934401249095 cw=027f sw=0020 mx=00001f80
event seq=18 id=10 op=4 tid=564 eos=0 qpc=1934401250755 cw=027f sw=0020 mx=00001f80
event seq=19 id=10 op=4 tid=564 eos=0 qpc=1934401250770 cw=027f sw=0020 mx=00001f80
event seq=20 id=11 op=5 tid=564 eos=0 qpc=1934401252310 cw=027f sw=0020 mx=00001f80
event seq=21 id=11 op=5 tid=564 eos=0 qpc=1934401252377 cw=027f sw=0020 mx=00001f80
event seq=22 id=12 op=3 tid=564 eos=0 qpc=1934401754356 cw=027f sw=0020 mx=00001f80
event seq=23 id=12 op=3 tid=564 eos=0 qpc=1934401754487 cw=027f sw=0020 mx=00001f80
event seq=24 id=13 op=4 tid=564 eos=0 qpc=1934401755392 cw=027f sw=0020 mx=00001f80
event seq=25 id=13 op=4 tid=564 eos=0 qpc=1934401755401 cw=027f sw=0020 mx=00001f80
event seq=26 id=14 op=5 tid=564 eos=0 qpc=1934401756058 cw=027f sw=0020 mx=00001f80
event seq=27 id=14 op=5 tid=564 eos=0 qpc=1934401756083 cw=027f sw=0020 mx=00001f80
event seq=28 id=15 op=3 tid=564 eos=0 qpc=1934402257897 cw=027f sw=0020 mx=00001f80
event seq=29 id=15 op=3 tid=564 eos=0 qpc=1934402258066 cw=027f sw=0020 mx=00001f80
event seq=30 id=16 op=4 tid=564 eos=0 qpc=1934402258989 cw=027f sw=0020 mx=00001f80
event seq=31 id=16 op=4 tid=564 eos=0 qpc=1934402258994 cw=027f sw=0020 mx=00001f80
event seq=32 id=17 op=5 tid=564 eos=0 qpc=1934402259714 cw=027f sw=0020 mx=00001f80
event seq=33 id=17 op=5 tid=564 eos=0 qpc=1934402259762 cw=027f sw=0220 mx=00001f80
event seq=34 id=17 op=5 tid=584 eos=1 qpc=1934402539389 cw=027f sw=0020 mx=00001f80
event seq=35 id=18 op=3 tid=564 eos=0 qpc=1934402762065 cw=027f sw=0220 mx=00001f80
event seq=36 id=18 op=3 tid=564 eos=0 qpc=1934402762224 cw=027f sw=0220 mx=00001f80
event seq=37 id=19 op=4 tid=564 eos=0 qpc=1934402763341 cw=027f sw=0220 mx=00001f80
event seq=38 id=19 op=4 tid=564 eos=0 qpc=1934402763348 cw=027f sw=0220 mx=00001f80
event seq=39 id=20 op=5 tid=564 eos=0 qpc=1934402764534 cw=027f sw=0220 mx=00001f80
event seq=40 id=20 op=5 tid=564 eos=0 qpc=1934402764585 cw=027f sw=0220 mx=00001f80
event seq=41 id=21 op=3 tid=564 eos=0 qpc=1934403266844 cw=027f sw=0220 mx=00001f80
event seq=42 id=21 op=3 tid=564 eos=0 qpc=1934403266968 cw=027f sw=0220 mx=00001f80
event seq=43 id=22 op=4 tid=564 eos=0 qpc=1934403267960 cw=027f sw=0220 mx=00001f80
event seq=44 id=22 op=4 tid=564 eos=0 qpc=1934403267969 cw=027f sw=0220 mx=00001f80
event seq=45 id=23 op=5 tid=564 eos=0 qpc=1934403268638 cw=027f sw=0220 mx=00001f80
event seq=46 id=23 op=5 tid=564 eos=0 qpc=1934403268678 cw=027f sw=0220 mx=00001f80
event seq=47 id=24 op=3 tid=564 eos=0 qpc=1934403770704 cw=027f sw=0220 mx=00001f80
event seq=48 id=24 op=3 tid=564 eos=0 qpc=1934403770845 cw=027f sw=0220 mx=00001f80
event seq=49 id=25 op=4 tid=564 eos=0 qpc=1934403771984 cw=027f sw=0220 mx=00001f80
event seq=50 id=25 op=4 tid=564 eos=0 qpc=1934403771995 cw=027f sw=0220 mx=00001f80
event seq=51 id=26 op=5 tid=564 eos=0 qpc=1934403772699 cw=027f sw=0220 mx=00001f80
event seq=52 id=26 op=5 tid=564 eos=0 qpc=1934403772737 cw=027f sw=0220 mx=00001f80
event seq=53 id=27 op=3 tid=564 eos=0 qpc=1934404274689 cw=027f sw=0220 mx=00001f80
event seq=54 id=27 op=3 tid=564 eos=0 qpc=1934404274855 cw=027f sw=0220 mx=00001f80
event seq=55 id=28 op=4 tid=564 eos=0 qpc=1934404275892 cw=027f sw=0220 mx=00001f80
event seq=56 id=28 op=4 tid=564 eos=0 qpc=1934404275898 cw=027f sw=0220 mx=00001f80
event seq=57 id=29 op=5 tid=564 eos=0 qpc=1934404276566 cw=027f sw=0220 mx=00001f80
event seq=58 id=29 op=5 tid=564 eos=0 qpc=1934404276589 cw=027f sw=0220 mx=00001f80
event seq=59 id=30 op=3 tid=564 eos=0 qpc=1934404778508 cw=027f sw=0220 mx=00001f80
event seq=60 id=30 op=3 tid=564 eos=0 qpc=1934404778664 cw=027f sw=0220 mx=00001f80
event seq=61 id=31 op=4 tid=564 eos=0 qpc=1934404779942 cw=027f sw=0220 mx=00001f80
event seq=62 id=31 op=4 tid=564 eos=0 qpc=1934404779951 cw=027f sw=0220 mx=00001f80
event seq=63 id=32 op=5 tid=564 eos=0 qpc=1934404780820 cw=027f sw=0220 mx=00001f80
event seq=64 id=32 op=5 tid=564 eos=0 qpc=1934404780844 cw=027f sw=0220 mx=00001f80
event seq=65 id=33 op=3 tid=564 eos=0 qpc=1934405282521 cw=027f sw=0220 mx=00001f80
event seq=66 id=33 op=3 tid=564 eos=0 qpc=1934405282654 cw=027f sw=0220 mx=00001f80
event seq=67 id=34 op=4 tid=564 eos=0 qpc=1934405283925 cw=027f sw=0220 mx=00001f80
event seq=68 id=34 op=4 tid=564 eos=0 qpc=1934405283934 cw=027f sw=0220 mx=00001f80
event seq=69 id=35 op=5 tid=564 eos=0 qpc=1934405284876 cw=027f sw=0220 mx=00001f80
event seq=70 id=35 op=5 tid=564 eos=0 qpc=1934405284902 cw=027f sw=0220 mx=00001f80
event seq=71 id=36 op=3 tid=564 eos=0 qpc=1934405786803 cw=027f sw=0220 mx=00001f80
event seq=72 id=36 op=3 tid=564 eos=0 qpc=1934405786931 cw=027f sw=0220 mx=00001f80
event seq=73 id=37 op=4 tid=564 eos=0 qpc=1934405787989 cw=027f sw=0220 mx=00001f80
event seq=74 id=37 op=4 tid=564 eos=0 qpc=1934405787997 cw=027f sw=0220 mx=00001f80
event seq=75 id=38 op=5 tid=564 eos=0 qpc=1934405788819 cw=027f sw=0220 mx=00001f80
event seq=76 id=38 op=5 tid=564 eos=0 qpc=1934405788851 cw=027f sw=0220 mx=00001f80
event seq=77 id=39 op=3 tid=564 eos=0 qpc=1934406290977 cw=027f sw=0220 mx=00001f80
event seq=78 id=39 op=3 tid=564 eos=0 qpc=1934406291123 cw=027f sw=0220 mx=00001f80
event seq=79 id=40 op=4 tid=564 eos=0 qpc=1934406293082 cw=027f sw=0220 mx=00001f80
event seq=80 id=40 op=4 tid=564 eos=0 qpc=1934406293097 cw=027f sw=0220 mx=00001f80
event seq=81 id=41 op=5 tid=564 eos=0 qpc=1934406294014 cw=027f sw=0220 mx=00001f80
event seq=82 id=41 op=5 tid=564 eos=0 qpc=1934406294070 cw=027f sw=0220 mx=00001f80
event seq=83 id=42 op=3 tid=564 eos=0 qpc=1934406796290 cw=027f sw=0220 mx=00001f80
event seq=84 id=42 op=3 tid=564 eos=0 qpc=1934406796426 cw=027f sw=0220 mx=00001f80
event seq=85 id=43 op=4 tid=564 eos=0 qpc=1934406797825 cw=027f sw=0220 mx=00001f80
event seq=86 id=43 op=4 tid=564 eos=0 qpc=1934406797835 cw=027f sw=0220 mx=00001f80
event seq=87 id=44 op=5 tid=564 eos=0 qpc=1934406798646 cw=027f sw=0220 mx=00001f80
event seq=88 id=44 op=5 tid=564 eos=0 qpc=1934406798757 cw=027f sw=0220 mx=00001f80
event seq=89 id=45 op=3 tid=564 eos=0 qpc=1934407305984 cw=027f sw=0220 mx=00001f80
event seq=90 id=45 op=3 tid=564 eos=0 qpc=1934407306048 cw=027f sw=0220 mx=00001f80
event seq=91 id=46 op=4 tid=564 eos=0 qpc=1934407308770 cw=027f sw=0220 mx=00001f80
event seq=92 id=46 op=4 tid=564 eos=0 qpc=1934407308785 cw=027f sw=0220 mx=00001f80
event seq=93 id=47 op=5 tid=564 eos=0 qpc=1934407309637 cw=027f sw=0220 mx=00001f80
event seq=94 id=47 op=5 tid=564 eos=0 qpc=1934407309713 cw=027f sw=0220 mx=00001f80
event seq=95 id=48 op=3 tid=564 eos=0 qpc=1934407812053 cw=027f sw=0220 mx=00001f80
event seq=96 id=48 op=3 tid=564 eos=0 qpc=1934407812211 cw=027f sw=0220 mx=00001f80
event seq=97 id=49 op=4 tid=564 eos=0 qpc=1934407813425 cw=027f sw=0220 mx=00001f80
event seq=98 id=49 op=4 tid=564 eos=0 qpc=1934407813436 cw=027f sw=0220 mx=00001f80
event seq=99 id=50 op=5 tid=564 eos=0 qpc=1934407814572 cw=027f sw=0220 mx=00001f80
event seq=100 id=50 op=5 tid=564 eos=0 qpc=1934407814615 cw=027f sw=0220 mx=00001f80
event seq=101 id=51 op=3 tid=564 eos=0 qpc=1934408316935 cw=027f sw=0220 mx=00001f80
event seq=102 id=51 op=3 tid=564 eos=0 qpc=1934408317083 cw=027f sw=0220 mx=00001f80
event seq=103 id=52 op=4 tid=564 eos=0 qpc=1934408318418 cw=027f sw=0220 mx=00001f80
event seq=104 id=52 op=4 tid=564 eos=0 qpc=1934408318428 cw=027f sw=0220 mx=00001f80
event seq=105 id=53 op=5 tid=564 eos=0 qpc=1934408319214 cw=027f sw=0220 mx=00001f80
event seq=106 id=53 op=5 tid=564 eos=0 qpc=1934408319246 cw=027f sw=0220 mx=00001f80
event seq=107 id=54 op=3 tid=564 eos=0 qpc=1934408821305 cw=027f sw=0220 mx=00001f80
event seq=108 id=54 op=3 tid=564 eos=0 qpc=1934408821441 cw=027f sw=0220 mx=00001f80
event seq=109 id=55 op=4 tid=564 eos=0 qpc=1934408822492 cw=027f sw=0220 mx=00001f80
event seq=110 id=55 op=4 tid=564 eos=0 qpc=1934408822501 cw=027f sw=0220 mx=00001f80
event seq=111 id=56 op=5 tid=564 eos=0 qpc=1934408823183 cw=027f sw=0220 mx=00001f80
event seq=112 id=56 op=5 tid=564 eos=0 qpc=1934408823208 cw=027f sw=0220 mx=00001f80
event seq=113 id=57 op=3 tid=564 eos=0 qpc=1934409325494 cw=027f sw=0220 mx=00001f80
event seq=114 id=57 op=3 tid=564 eos=0 qpc=1934409325640 cw=027f sw=0220 mx=00001f80
event seq=115 id=58 op=4 tid=564 eos=0 qpc=1934409326705 cw=027f sw=0220 mx=00001f80
event seq=116 id=58 op=4 tid=564 eos=0 qpc=1934409326713 cw=027f sw=0220 mx=00001f80
event seq=117 id=59 op=5 tid=564 eos=0 qpc=1934409327439 cw=027f sw=0220 mx=00001f80
event seq=118 id=59 op=5 tid=564 eos=0 qpc=1934409327473 cw=027f sw=0220 mx=00001f80
event seq=119 id=60 op=3 tid=564 eos=0 qpc=1934409829598 cw=027f sw=0220 mx=00001f80
event seq=120 id=60 op=3 tid=564 eos=0 qpc=1934409829765 cw=027f sw=0220 mx=00001f80
event seq=121 id=61 op=4 tid=564 eos=0 qpc=1934409831275 cw=027f sw=0220 mx=00001f80
event seq=122 id=61 op=4 tid=564 eos=0 qpc=1934409831283 cw=027f sw=0220 mx=00001f80
event seq=123 id=62 op=5 tid=564 eos=0 qpc=1934409832237 cw=027f sw=0220 mx=00001f80
event seq=124 id=62 op=5 tid=564 eos=0 qpc=1934409832285 cw=027f sw=0220 mx=00001f80
event seq=125 id=63 op=6 tid=564 eos=0 qpc=1934409833868 cw=027f sw=0220 mx=00001f80
event seq=126 id=63 op=6 tid=564 eos=0 qpc=1934409833900 cw=027f sw=0220 mx=00001f80
event seq=127 id=64 op=7 tid=564 eos=0 qpc=1934409834912 cw=027f sw=0220 mx=00001f80
event seq=128 id=64 op=7 tid=564 eos=0 qpc=1934409835031 cw=027f sw=0220 mx=00001f80
event seq=129 id=65 op=4 tid=564 eos=0 qpc=1934409836098 cw=027f sw=0220 mx=00001f80
event seq=130 id=65 op=4 tid=564 eos=0 qpc=1934409836099 cw=027f sw=0220 mx=00001f80
event seq=131 id=66 op=8 tid=564 eos=0 qpc=1934409837360 cw=027f sw=0220 mx=00001f80
event seq=132 id=66 op=8 tid=564 eos=0 qpc=1934409837362 cw=027f sw=0220 mx=00001f80
summary events=133 eos=1 ok=1 generation=2
controller replies=66 events=1 host_exit=0 ok=1
