ALSA lib control.c:1575:(snd_ctl_open_noupdate) [error.control] Invalid CTL hw:0
ALSA lib control.c:1575:(snd_ctl_open_noupdate) [error.control] Invalid CTL hw:1
ALSA lib control.c:1575:(snd_ctl_open_noupdate) [error.control] Invalid CTL hw:0
ALSA lib control.c:1575:(snd_ctl_open_noupdate) [error.control] Invalid CTL hw:1
reply id=1 kind=0 result=0 slot=1 gen=1 event=0 status=-1 total=-1 pos=-1 begin=1934328314066 end=1934328314467 tid=336
reply id=2 kind=0 result=0 slot=1 gen=1 event=0 status=-1 total=-1 pos=-1 begin=1934328314773 end=1934328314794 tid=336
reply id=3 kind=0 result=0 slot=1 gen=1 event=0 status=-1 total=-1 pos=-1 begin=1934328815284 end=1934328815434 tid=336
reply id=4 kind=0 result=0 slot=1 gen=1 event=0 status=4 total=-1 pos=-1 begin=1934328815785 end=1934328815791 tid=336
reply id=5 kind=0 result=0 slot=1 gen=1 event=0 status=-1 total=204 pos=104 begin=1934328815867 end=1934328815876 tid=336
reply id=6 kind=0 result=0 slot=1 gen=1 event=0 status=-1 total=-1 pos=-1 begin=1934329316607 end=1934329316753 tid=336
reply id=7 kind=0 result=0 slot=1 gen=1 event=0 status=4 total=-1 pos=-1 begin=1934329317094 end=1934329317102 tid=336
reply id=8 kind=0 result=0 slot=1 gen=1 event=0 status=-1 total=204 pos=161 begin=1934329317172 end=1934329317182 tid=336
reply id=9 kind=1 result=0 slot=1 gen=1 event=17 status=-1 total=-1 pos=-1 begin=1934329817886 end=1934329818031 tid=336
reply id=9 kind=0 result=0 slot=1 gen=1 event=0 status=-1 total=-1 pos=-1 begin=1934329817886 end=1934329818303 tid=336
reply id=10 kind=0 result=0 slot=1 gen=1 event=0 status=2 total=-1 pos=-1 begin=1934329818359 end=1934329818364 tid=336
reply id=11 kind=0 result=0 slot=1 gen=1 event=0 status=-1 total=204 pos=204 begin=1934329818408 end=1934329818418 tid=336
reply id=12 kind=0 result=0 slot=1 gen=1 event=0 status=-1 total=-1 pos=-1 begin=1934330319126 end=1934330319275 tid=336
reply id=13 kind=0 result=0 slot=1 gen=1 event=0 status=2 total=-1 pos=-1 begin=1934330319579 end=1934330319585 tid=336
reply id=14 kind=0 result=0 slot=1 gen=1 event=0 status=-1 total=204 pos=204 begin=1934330319653 end=1934330319663 tid=336
reply id=15 kind=0 result=0 slot=1 gen=1 event=0 status=-1 total=-1 pos=-1 begin=1934330820251 end=1934330821954 tid=336
reply id=16 kind=0 result=0 slot=1 gen=1 event=0 status=2 total=-1 pos=-1 begin=1934330822230 end=1934330822238 tid=336
reply id=17 kind=0 result=0 slot=1 gen=1 event=0 status=-1 total=204 pos=204 begin=1934330822295 end=1934330822304 tid=336
reply id=18 kind=0 result=0 slot=1 gen=1 event=0 status=-1 total=-1 pos=-1 begin=1934331322874 end=1934331323022 tid=336
reply id=19 kind=0 result=0 slot=1 gen=1 event=0 status=2 total=-1 pos=-1 begin=1934331323290 end=1934331323296 tid=336
reply id=20 kind=0 result=0 slot=1 gen=1 event=0 status=-1 total=204 pos=204 begin=1934331323351 end=1934331323363 tid=336
reply id=21 kind=0 result=0 slot=1 gen=1 event=0 status=-1 total=-1 pos=-1 begin=1934331824029 end=1934331824172 tid=336
reply id=22 kind=0 result=0 slot=1 gen=1 event=0 status=2 total=-1 pos=-1 begin=1934331824420 end=1934331824426 tid=336
reply id=23 kind=0 result=0 slot=1 gen=1 event=0 status=-1 total=204 pos=204 begin=1934331824480 end=1934331824488 tid=336
reply id=24 kind=0 result=0 slot=1 gen=1 event=0 status=-1 total=-1 pos=-1 begin=1934332325176 end=1934332325331 tid=336
reply id=25 kind=0 result=0 slot=1 gen=1 event=0 status=2 total=-1 pos=-1 begin=1934332325623 end=1934332325629 tid=336
reply id=26 kind=0 result=0 slot=1 gen=1 event=0 status=-1 total=204 pos=204 begin=1934332325684 end=1934332325694 tid=336
reply id=27 kind=0 result=0 slot=1 gen=1 event=0 status=-1 total=-1 pos=-1 begin=1934332826365 end=1934332826522 tid=336
reply id=28 kind=0 result=0 slot=1 gen=1 event=0 status=2 total=-1 pos=-1 begin=1934332826760 end=1934332826766 tid=336
reply id=29 kind=0 result=0 slot=1 gen=1 event=0 status=-1 total=204 pos=204 begin=1934332826820 end=1934332826831 tid=336
reply id=30 kind=0 result=0 slot=1 gen=1 event=0 status=-1 total=-1 pos=-1 begin=1934333327514 end=1934333327660 tid=336
reply id=31 kind=0 result=0 slot=1 gen=1 event=0 status=2 total=-1 pos=-1 begin=1934333327980 end=1934333327987 tid=336
reply id=32 kind=0 result=0 slot=1 gen=1 event=0 status=-1 total=204 pos=204 begin=1934333328100 end=1934333328109 tid=336
reply id=33 kind=0 result=0 slot=1 gen=1 event=0 status=-1 total=-1 pos=-1 begin=1934333828772 end=1934333828917 tid=336
reply id=34 kind=0 result=0 slot=1 gen=1 event=0 status=2 total=-1 pos=-1 begin=1934333829172 end=1934333829177 tid=336
reply id=35 kind=0 result=0 slot=1 gen=1 event=0 status=-1 total=204 pos=204 begin=1934333829233 end=1934333829243 tid=336
reply id=36 kind=0 result=0 slot=1 gen=1 event=0 status=-1 total=-1 pos=-1 begin=1934334329904 end=1934334330042 tid=336
reply id=37 kind=0 result=0 slot=1 gen=1 event=0 status=2 total=-1 pos=-1 begin=1934334330335 end=1934334330340 tid=336
reply id=38 kind=0 result=0 slot=1 gen=1 event=0 status=-1 total=204 pos=204 begin=1934334330392 end=1934334330400 tid=336
reply id=39 kind=0 result=0 slot=1 gen=1 event=0 status=-1 total=-1 pos=-1 begin=1934334831038 end=1934334831120 tid=336
reply id=40 kind=0 result=0 slot=1 gen=1 event=0 status=2 total=-1 pos=-1 begin=1934334831279 end=1934334831287 tid=336
reply id=41 kind=0 result=0 slot=1 gen=1 event=0 status=-1 total=204 pos=204 begin=1934334831339 end=1934334831345 tid=336
reply id=42 kind=0 result=0 slot=1 gen=1 event=0 status=-1 total=-1 pos=-1 begin=1934335331981 end=1934335332083 tid=336
reply id=43 kind=0 result=0 slot=1 gen=1 event=0 status=2 total=-1 pos=-1 begin=1934335332245 end=1934335332250 tid=336
reply id=44 kind=0 result=0 slot=1 gen=1 event=0 status=-1 total=204 pos=204 begin=1934335332303 end=1934335332347 tid=336
reply id=45 kind=0 result=0 slot=1 gen=1 event=0 status=-1 total=-1 pos=-1 begin=1934335832979 end=1934335833091 tid=336
reply id=46 kind=0 result=0 slot=1 gen=1 event=0 status=2 total=-1 pos=-1 begin=1934335833242 end=1934335833248 tid=336
reply id=47 kind=0 result=0 slot=1 gen=1 event=0 status=-1 total=204 pos=204 begin=1934335833300 end=1934335833307 tid=336
reply id=48 kind=0 result=0 slot=1 gen=1 event=0 status=-1 total=-1 pos=-1 begin=1934336333952 end=1934336334060 tid=336
reply id=49 kind=0 result=0 slot=1 gen=1 event=0 status=2 total=-1 pos=-1 begin=1934336334240 end=1934336334245 tid=336
reply id=50 kind=0 result=0 slot=1 gen=1 event=0 status=-1 total=204 pos=204 begin=1934336334297 end=1934336334305 tid=336
reply id=51 kind=0 result=0 slot=1 gen=1 event=0 status=-1 total=-1 pos=-1 begin=1934336834961 end=1934336835081 tid=336
reply id=52 kind=0 result=0 slot=1 gen=1 event=0 status=2 total=-1 pos=-1 begin=1934336835253 end=1934336835258 tid=336
reply id=53 kind=0 result=0 slot=1 gen=1 event=0 status=-1 total=204 pos=204 begin=1934336835321 end=1934336835328 tid=336
reply id=54 kind=0 result=0 slot=1 gen=1 event=0 status=-1 total=-1 pos=-1 begin=1934337336022 end=1934337336178 tid=336
reply id=55 kind=0 result=0 slot=1 gen=1 event=0 status=2 total=-1 pos=-1 begin=1934337336460 end=1934337336468 tid=336
reply id=56 kind=0 result=0 slot=1 gen=1 event=0 status=-1 total=204 pos=204 begin=1934337336523 end=1934337336534 tid=336
reply id=57 kind=0 result=0 slot=1 gen=1 event=0 status=-1 total=-1 pos=-1 begin=1934337837191 end=1934337837311 tid=336
reply id=58 kind=0 result=0 slot=1 gen=1 event=0 status=2 total=-1 pos=-1 begin=1934337837516 end=1934337837521 tid=336
reply id=59 kind=0 result=0 slot=1 gen=1 event=0 status=-1 total=204 pos=204 begin=1934337837573 end=1934337837580 tid=336
reply id=60 kind=0 result=0 slot=1 gen=1 event=0 status=-1 total=-1 pos=-1 begin=1934338338215 end=1934338338314 tid=336
reply id=61 kind=0 result=0 slot=1 gen=1 event=0 status=2 total=-1 pos=-1 begin=1934338338454 end=1934338338460 tid=336
reply id=62 kind=0 result=0 slot=1 gen=1 event=0 status=-1 total=204 pos=204 begin=1934338338517 end=1934338338523 tid=336
reply id=63 kind=0 result=0 slot=1 gen=1 event=0 status=-1 total=-1 pos=-1 begin=1934338338570 end=1934338338592 tid=336
reply id=64 kind=0 result=0 slot=1 gen=2 event=0 status=-1 total=-1 pos=-1 begin=1934338338635 end=1934338338710 tid=336
reply id=65 kind=0 result=1 slot=1 gen=2 event=0 status=-1 total=-1 pos=-1 begin=1934338338823 end=1934338338827 tid=336
reply id=66 kind=0 result=0 slot=1 gen=2 event=0 status=-1 total=-1 pos=-1 begin=1934338338949 end=1934338338953 tid=336
host main=336 frequency=10000000 loaded=C:\rpc-private\Mss32.dll mode=sample
event seq=0 id=1 op=1 tid=336 eos=0 qpc=1934328314070 cw=027f sw=0120 mx=00001f80
event seq=1 id=1 op=1 tid=336 eos=0 qpc=1934328314461 cw=027f sw=4020 mx=00001f80
event seq=2 id=2 op=2 tid=336 eos=0 qpc=1934328314774 cw=027f sw=4020 mx=00001f80
event seq=3 id=2 op=2 tid=336 eos=0 qpc=1934328314792 cw=027f sw=0020 mx=00001f80
event seq=4 id=3 op=3 tid=336 eos=0 qpc=1934328815294 cw=027f sw=0020 mx=00001f80
event seq=5 id=3 op=3 tid=336 eos=0 qpc=1934328815425 cw=027f sw=0020 mx=00001f80
event seq=6 id=4 op=4 tid=336 eos=0 qpc=1934328815787 cw=027f sw=0020 mx=00001f80
event seq=7 id=4 op=4 tid=336 eos=0 qpc=1934328815790 cw=027f sw=0020 mx=00001f80
event seq=8 id=5 op=5 tid=336 eos=0 qpc=1934328815868 cw=027f sw=0020 mx=00001f80
event seq=9 id=5 op=5 tid=336 eos=0 qpc=1934328815874 cw=027f sw=0020 mx=00001f80
event seq=10 id=6 op=3 tid=336 eos=0 qpc=1934329316618 cw=027f sw=0020 mx=00001f80
event seq=11 id=6 op=3 tid=336 eos=0 qpc=1934329316742 cw=027f sw=0020 mx=00001f80
event seq=12 id=7 op=4 tid=336 eos=0 qpc=1934329317096 cw=027f sw=0020 mx=00001f80
event seq=13 id=7 op=4 tid=336 eos=0 qpc=1934329317100 cw=027f sw=0020 mx=00001f80
event seq=14 id=8 op=5 tid=336 eos=0 qpc=1934329317173 cw=027f sw=0020 mx=00001f80
event seq=15 id=8 op=5 tid=336 eos=0 qpc=1934329317180 cw=027f sw=0220 mx=00001f80
event seq=16 id=9 op=3 tid=336 eos=0 qpc=1934329817896 cw=027f sw=0220 mx=00001f80
event seq=17 id=9 op=3 tid=336 eos=1 qpc=1934329818002 cw=027f sw=0020 mx=00001f80
event seq=18 id=9 op=3 tid=336 eos=0 qpc=1934329818021 cw=027f sw=0020 mx=00001f80
event seq=19 id=10 op=4 tid=336 eos=0 qpc=1934329818360 cw=027f sw=0020 mx=00001f80
event seq=20 id=10 op=4 tid=336 eos=0 qpc=1934329818363 cw=027f sw=0020 mx=00001f80
event seq=21 id=11 op=5 tid=336 eos=0 qpc=1934329818410 cw=027f sw=0020 mx=00001f80
event seq=22 id=11 op=5 tid=336 eos=0 qpc=1934329818417 cw=027f sw=0220 mx=00001f80
event seq=23 id=12 op=3 tid=336 eos=0 qpc=1934330319136 cw=027f sw=0220 mx=00001f80
event seq=24 id=12 op=3 tid=336 eos=0 qpc=1934330319266 cw=027f sw=0220 mx=00001f80
event seq=25 id=13 op=4 tid=336 eos=0 qpc=1934330319581 cw=027f sw=0220 mx=00001f80
event seq=26 id=13 op=4 tid=336 eos=0 qpc=1934330319583 cw=027f sw=0220 mx=00001f80
event seq=27 id=14 op=5 tid=336 eos=0 qpc=1934330319654 cw=027f sw=0220 mx=00001f80
event seq=28 id=14 op=5 tid=336 eos=0 qpc=1934330319661 cw=027f sw=0220 mx=00001f80
event seq=29 id=15 op=3 tid=336 eos=0 qpc=1934330820259 cw=027f sw=0220 mx=00001f80
event seq=30 id=15 op=3 tid=336 eos=0 qpc=1934330821944 cw=027f sw=0220 mx=00001f80
event seq=31 id=16 op=4 tid=336 eos=0 qpc=1934330822232 cw=027f sw=0220 mx=00001f80
event seq=32 id=16 op=4 tid=336 eos=0 qpc=1934330822237 cw=027f sw=0220 mx=00001f80
event seq=33 id=17 op=5 tid=336 eos=0 qpc=1934330822296 cw=027f sw=0220 mx=00001f80
event seq=34 id=17 op=5 tid=336 eos=0 qpc=1934330822303 cw=027f sw=0220 mx=00001f80
event seq=35 id=18 op=3 tid=336 eos=0 qpc=1934331322879 cw=027f sw=0220 mx=00001f80
event seq=36 id=18 op=3 tid=336 eos=0 qpc=1934331323012 cw=027f sw=0220 mx=00001f80
event seq=37 id=19 op=4 tid=336 eos=0 qpc=1934331323292 cw=027f sw=0220 mx=00001f80
event seq=38 id=19 op=4 tid=336 eos=0 qpc=1934331323295 cw=027f sw=0220 mx=00001f80
event seq=39 id=20 op=5 tid=336 eos=0 qpc=1934331323353 cw=027f sw=0220 mx=00001f80
event seq=40 id=20 op=5 tid=336 eos=0 qpc=1934331323361 cw=027f sw=0220 mx=00001f80
event seq=41 id=21 op=3 tid=336 eos=0 qpc=1934331824034 cw=027f sw=0220 mx=00001f80
event seq=42 id=21 op=3 tid=336 eos=0 qpc=1934331824164 cw=027f sw=0220 mx=00001f80
event seq=43 id=22 op=4 tid=336 eos=0 qpc=1934331824422 cw=027f sw=0220 mx=00001f80
event seq=44 id=22 op=4 tid=336 eos=0 qpc=1934331824425 cw=027f sw=0220 mx=00001f80
event seq=45 id=23 op=5 tid=336 eos=0 qpc=1934331824482 cw=027f sw=0220 mx=00001f80
event seq=46 id=23 op=5 tid=336 eos=0 qpc=1934331824487 cw=027f sw=0220 mx=00001f80
event seq=47 id=24 op=3 tid=336 eos=0 qpc=1934332325183 cw=027f sw=0220 mx=00001f80
event seq=48 id=24 op=3 tid=336 eos=0 qpc=1934332325323 cw=027f sw=0220 mx=00001f80
event seq=49 id=25 op=4 tid=336 eos=0 qpc=1934332325625 cw=027f sw=0220 mx=00001f80
event seq=50 id=25 op=4 tid=336 eos=0 qpc=1934332325627 cw=027f sw=0220 mx=00001f80
event seq=51 id=26 op=5 tid=336 eos=0 qpc=1934332325685 cw=027f sw=0220 mx=00001f80
event seq=52 id=26 op=5 tid=336 eos=0 qpc=1934332325692 cw=027f sw=0220 mx=00001f80
event seq=53 id=27 op=3 tid=336 eos=0 qpc=1934332826373 cw=027f sw=0220 mx=00001f80
event seq=54 id=27 op=3 tid=336 eos=0 qpc=1934332826512 cw=027f sw=0220 mx=00001f80
event seq=55 id=28 op=4 tid=336 eos=0 qpc=1934332826762 cw=027f sw=0220 mx=00001f80
event seq=56 id=28 op=4 tid=336 eos=0 qpc=1934332826765 cw=027f sw=0220 mx=00001f80
event seq=57 id=29 op=5 tid=336 eos=0 qpc=1934332826821 cw=027f sw=0220 mx=00001f80
event seq=58 id=29 op=5 tid=336 eos=0 qpc=1934332826830 cw=027f sw=0220 mx=00001f80
event seq=59 id=30 op=3 tid=336 eos=0 qpc=1934333327521 cw=027f sw=0220 mx=00001f80
event seq=60 id=30 op=3 tid=336 eos=0 qpc=1934333327649 cw=027f sw=0220 mx=00001f80
event seq=61 id=31 op=4 tid=336 eos=0 qpc=1934333327983 cw=027f sw=0220 mx=00001f80
event seq=62 id=31 op=4 tid=336 eos=0 qpc=1934333327986 cw=027f sw=0220 mx=00001f80
event seq=63 id=32 op=5 tid=336 eos=0 qpc=1934333328102 cw=027f sw=0220 mx=00001f80
event seq=64 id=32 op=5 tid=336 eos=0 qpc=1934333328107 cw=027f sw=0220 mx=00001f80
event seq=65 id=33 op=3 tid=336 eos=0 qpc=1934333828779 cw=027f sw=0220 mx=00001f80
event seq=66 id=33 op=3 tid=336 eos=0 qpc=1934333828909 cw=027f sw=0220 mx=00001f80
event seq=67 id=34 op=4 tid=336 eos=0 qpc=1934333829173 cw=027f sw=0220 mx=00001f80
event seq=68 id=34 op=4 tid=336 eos=0 qpc=1934333829176 cw=027f sw=0220 mx=00001f80
event seq=69 id=35 op=5 tid=336 eos=0 qpc=1934333829234 cw=027f sw=0220 mx=00001f80
event seq=70 id=35 op=5 tid=336 eos=0 qpc=1934333829241 cw=027f sw=0220 mx=00001f80
event seq=71 id=36 op=3 tid=336 eos=0 qpc=1934334329910 cw=027f sw=0220 mx=00001f80
event seq=72 id=36 op=3 tid=336 eos=0 qpc=1934334330034 cw=027f sw=0220 mx=00001f80
event seq=73 id=37 op=4 tid=336 eos=0 qpc=1934334330337 cw=027f sw=0220 mx=00001f80
event seq=74 id=37 op=4 tid=336 eos=0 qpc=1934334330339 cw=027f sw=0220 mx=00001f80
event seq=75 id=38 op=5 tid=336 eos=0 qpc=1934334330394 cw=027f sw=0220 mx=00001f80
event seq=76 id=38 op=5 tid=336 eos=0 qpc=1934334330398 cw=027f sw=0220 mx=00001f80
event seq=77 id=39 op=3 tid=336 eos=0 qpc=1934334831043 cw=027f sw=0220 mx=00001f80
event seq=78 id=39 op=3 tid=336 eos=0 qpc=1934334831117 cw=027f sw=0220 mx=00001f80
event seq=79 id=40 op=4 tid=336 eos=0 qpc=1934334831281 cw=027f sw=0220 mx=00001f80
event seq=80 id=40 op=4 tid=336 eos=0 qpc=1934334831286 cw=027f sw=0220 mx=00001f80
event seq=81 id=41 op=5 tid=336 eos=0 qpc=1934334831340 cw=027f sw=0220 mx=00001f80
event seq=82 id=41 op=5 tid=336 eos=0 qpc=1934334831343 cw=027f sw=0220 mx=00001f80
event seq=83 id=42 op=3 tid=336 eos=0 qpc=1934335331986 cw=027f sw=0220 mx=00001f80
event seq=84 id=42 op=3 tid=336 eos=0 qpc=1934335332078 cw=027f sw=0220 mx=00001f80
event seq=85 id=43 op=4 tid=336 eos=0 qpc=1934335332247 cw=027f sw=0220 mx=00001f80
event seq=86 id=43 op=4 tid=336 eos=0 qpc=1934335332248 cw=027f sw=0220 mx=00001f80
event seq=87 id=44 op=5 tid=336 eos=0 qpc=1934335332304 cw=027f sw=0220 mx=00001f80
event seq=88 id=44 op=5 tid=336 eos=0 qpc=1934335332346 cw=027f sw=0220 mx=00001f80
event seq=89 id=45 op=3 tid=336 eos=0 qpc=1934335832986 cw=027f sw=0220 mx=00001f80
event seq=90 id=45 op=3 tid=336 eos=0 qpc=1934335833086 cw=027f sw=0220 mx=00001f80
event seq=91 id=46 op=4 tid=336 eos=0 qpc=1934335833244 cw=027f sw=0220 mx=00001f80
event seq=92 id=46 op=4 tid=336 eos=0 qpc=1934335833247 cw=027f sw=0220 mx=00001f80
event seq=93 id=47 op=5 tid=336 eos=0 qpc=1934335833302 cw=027f sw=0220 mx=00001f80
event seq=94 id=47 op=5 tid=336 eos=0 qpc=1934335833306 cw=027f sw=0220 mx=00001f80
event seq=95 id=48 op=3 tid=336 eos=0 qpc=1934336333957 cw=027f sw=0220 mx=00001f80
event seq=96 id=48 op=3 tid=336 eos=0 qpc=1934336334055 cw=027f sw=0220 mx=00001f80
event seq=97 id=49 op=4 tid=336 eos=0 qpc=1934336334242 cw=027f sw=0220 mx=00001f80
event seq=98 id=49 op=4 tid=336 eos=0 qpc=1934336334243 cw=027f sw=0220 mx=00001f80
event seq=99 id=50 op=5 tid=336 eos=0 qpc=1934336334300 cw=027f sw=0220 mx=00001f80
event seq=100 id=50 op=5 tid=336 eos=0 qpc=1934336334304 cw=027f sw=0220 mx=00001f80
event seq=101 id=51 op=3 tid=336 eos=0 qpc=1934336834967 cw=027f sw=0220 mx=00001f80
event seq=102 id=51 op=3 tid=336 eos=0 qpc=1934336835077 cw=027f sw=0220 mx=00001f80
event seq=103 id=52 op=4 tid=336 eos=0 qpc=1934336835254 cw=027f sw=0220 mx=00001f80
event seq=104 id=52 op=4 tid=336 eos=0 qpc=1934336835257 cw=027f sw=0220 mx=00001f80
event seq=105 id=53 op=5 tid=336 eos=0 qpc=1934336835323 cw=027f sw=0220 mx=00001f80
event seq=106 id=53 op=5 tid=336 eos=0 qpc=1934336835326 cw=027f sw=0220 mx=00001f80
event seq=107 id=54 op=3 tid=336 eos=0 qpc=1934337336030 cw=027f sw=0220 mx=00001f80
event seq=108 id=54 op=3 tid=336 eos=0 qpc=1934337336169 cw=027f sw=0220 mx=00001f80
event seq=109 id=55 op=4 tid=336 eos=0 qpc=1934337336463 cw=027f sw=0220 mx=00001f80
event seq=110 id=55 op=4 tid=336 eos=0 qpc=1934337336466 cw=027f sw=0220 mx=00001f80
event seq=111 id=56 op=5 tid=336 eos=0 qpc=1934337336524 cw=027f sw=0220 mx=00001f80
event seq=112 id=56 op=5 tid=336 eos=0 qpc=1934337336532 cw=027f sw=0220 mx=00001f80
event seq=113 id=57 op=3 tid=336 eos=0 qpc=1934337837197 cw=027f sw=0220 mx=00001f80
event seq=114 id=57 op=3 tid=336 eos=0 qpc=1934337837303 cw=027f sw=0220 mx=00001f80
event seq=115 id=58 op=4 tid=336 eos=0 qpc=1934337837518 cw=027f sw=0220 mx=00001f80
event seq=116 id=58 op=4 tid=336 eos=0 qpc=1934337837519 cw=027f sw=0220 mx=00001f80
event seq=117 id=59 op=5 tid=336 eos=0 qpc=1934337837575 cw=027f sw=0220 mx=00001f80
event seq=118 id=59 op=5 tid=336 eos=0 qpc=1934337837578 cw=027f sw=0220 mx=00001f80
event seq=119 id=60 op=3 tid=336 eos=0 qpc=1934338338221 cw=027f sw=0220 mx=00001f80
event seq=120 id=60 op=3 tid=336 eos=0 qpc=1934338338311 cw=027f sw=0220 mx=00001f80
event seq=121 id=61 op=4 tid=336 eos=0 qpc=1934338338455 cw=027f sw=0220 mx=00001f80
event seq=122 id=61 op=4 tid=336 eos=0 qpc=1934338338458 cw=027f sw=0220 mx=00001f80
event seq=123 id=62 op=5 tid=336 eos=0 qpc=1934338338519 cw=027f sw=0220 mx=00001f80
event seq=124 id=62 op=5 tid=336 eos=0 qpc=1934338338521 cw=027f sw=0220 mx=00001f80
event seq=125 id=63 op=6 tid=336 eos=0 qpc=1934338338572 cw=027f sw=0220 mx=00001f80
event seq=126 id=63 op=6 tid=336 eos=0 qpc=1934338338590 cw=027f sw=0220 mx=00001f80
event seq=127 id=64 op=7 tid=336 eos=0 qpc=1934338338636 cw=027f sw=0220 mx=00001f80
event seq=128 id=64 op=7 tid=336 eos=0 qpc=1934338338708 cw=027f sw=0220 mx=00001f80
event seq=129 id=65 op=4 tid=336 eos=0 qpc=1934338338825 cw=027f sw=0220 mx=00001f80
event seq=130 id=65 op=4 tid=336 eos=0 qpc=1934338338826 cw=027f sw=0220 mx=00001f80
event seq=131 id=66 op=8 tid=336 eos=0 qpc=1934338338951 cw=027f sw=0220 mx=00001f80
event seq=132 id=66 op=8 tid=336 eos=0 qpc=1934338338952 cw=027f sw=0220 mx=00001f80
summary events=133 eos=1 ok=1 generation=2
