ALSA lib control.c:1575:(snd_ctl_open_noupdate) [error.control] Invalid CTL hw:0
ALSA lib control.c:1575:(snd_ctl_open_noupdate) [error.control] Invalid CTL hw:1
ALSA lib control.c:1575:(snd_ctl_open_noupdate) [error.control] Invalid CTL hw:0
ALSA lib control.c:1575:(snd_ctl_open_noupdate) [error.control] Invalid CTL hw:1
reply id=1 kind=0 result=0 slot=1 gen=1 event=0 status=-1 total=-1 pos=-1 begin=1934376094276 end=1934376097184 tid=484
reply id=2 kind=0 result=0 slot=1 gen=1 event=0 status=-1 total=-1 pos=-1 begin=1934376097437 end=1934376097475 tid=484
reply id=3 kind=0 result=0 slot=1 gen=1 event=0 status=-1 total=-1 pos=-1 begin=1934376598106 end=1934376598174 tid=484
reply id=4 kind=0 result=0 slot=1 gen=1 event=0 status=4 total=-1 pos=-1 begin=1934376598395 end=1934376598400 tid=484
reply id=5 kind=0 result=0 slot=1 gen=1 event=0 status=-1 total=204 pos=0 begin=1934376598453 end=1934376598479 tid=484
reply id=6 kind=0 result=0 slot=1 gen=1 event=0 status=-1 total=-1 pos=-1 begin=1934377099105 end=1934377099180 tid=484
reply id=7 kind=0 result=0 slot=1 gen=1 event=0 status=4 total=-1 pos=-1 begin=1934377099375 end=1934377099381 tid=484
reply id=8 kind=0 result=0 slot=1 gen=1 event=0 status=-1 total=204 pos=32 begin=1934377099432 end=1934377099455 tid=484
reply id=9 kind=0 result=0 slot=1 gen=1 event=0 status=-1 total=-1 pos=-1 begin=1934377600065 end=1934377600121 tid=484
reply id=10 kind=0 result=0 slot=1 gen=1 event=0 status=4 total=-1 pos=-1 begin=1934377600472 end=1934377600482 tid=484
reply id=11 kind=0 result=0 slot=1 gen=1 event=0 status=-1 total=204 pos=80 begin=1934377600538 end=1934377600577 tid=484
reply id=12 kind=0 result=0 slot=1 gen=1 event=0 status=-1 total=-1 pos=-1 begin=1934378101225 end=1934378101318 tid=484
reply id=13 kind=0 result=0 slot=1 gen=1 event=0 status=4 total=-1 pos=-1 begin=1934378101606 end=1934378101615 tid=484
reply id=14 kind=0 result=0 slot=1 gen=1 event=0 status=-1 total=204 pos=128 begin=1934378101683 end=1934378101712 tid=484
reply id=15 kind=0 result=0 slot=1 gen=1 event=0 status=-1 total=-1 pos=-1 begin=1934378602383 end=1934378602501 tid=484
reply id=16 kind=0 result=0 slot=1 gen=1 event=0 status=4 total=-1 pos=-1 begin=1934378602808 end=1934378602817 tid=484
reply id=17 kind=0 result=0 slot=1 gen=1 event=0 status=-1 total=204 pos=177 begin=1934378602884 end=1934378602915 tid=484
reply id=18 kind=1 result=0 slot=1 gen=1 event=34 status=-1 total=-1 pos=-1 begin=1934379105188 end=1934379105293 tid=484
reply id=18 kind=0 result=0 slot=1 gen=1 event=0 status=-1 total=-1 pos=-1 begin=1934379105188 end=1934379105605 tid=484
reply id=19 kind=0 result=0 slot=1 gen=1 event=0 status=2 total=-1 pos=-1 begin=1934379105673 end=1934379105683 tid=484
reply id=20 kind=0 result=0 slot=1 gen=1 event=0 status=-1 total=204 pos=204 begin=1934379105739 end=1934379105770 tid=484
reply id=21 kind=0 result=0 slot=1 gen=1 event=0 status=-1 total=-1 pos=-1 begin=1934379606450 end=1934379606530 tid=484
reply id=22 kind=0 result=0 slot=1 gen=1 event=0 status=2 total=-1 pos=-1 begin=1934379606735 end=1934379606744 tid=484
reply id=23 kind=0 result=0 slot=1 gen=1 event=0 status=-1 total=204 pos=204 begin=1934379606798 end=1934379606821 tid=484
reply id=24 kind=0 result=0 slot=1 gen=1 event=0 status=-1 total=-1 pos=-1 begin=1934380107542 end=1934380107623 tid=484
reply id=25 kind=0 result=0 slot=1 gen=1 event=0 status=2 total=-1 pos=-1 begin=1934380107869 end=1934380107878 tid=484
reply id=26 kind=0 result=0 slot=1 gen=1 event=0 status=-1 total=204 pos=204 begin=1934380107931 end=1934380107957 tid=484
reply id=27 kind=0 result=0 slot=1 gen=1 event=0 status=-1 total=-1 pos=-1 begin=1934380608702 end=1934380608817 tid=484
reply id=28 kind=0 result=0 slot=1 gen=1 event=0 status=2 total=-1 pos=-1 begin=1934380609075 end=1934380609084 tid=484
reply id=29 kind=0 result=0 slot=1 gen=1 event=0 status=-1 total=204 pos=204 begin=1934380609151 end=1934380609182 tid=484
reply id=30 kind=0 result=0 slot=1 gen=1 event=0 status=-1 total=-1 pos=-1 begin=1934381109850 end=1934381109931 tid=484
reply id=31 kind=0 result=0 slot=1 gen=1 event=0 status=2 total=-1 pos=-1 begin=1934381110497 end=1934381110506 tid=484
reply id=32 kind=0 result=0 slot=1 gen=1 event=0 status=-1 total=204 pos=204 begin=1934381110638 end=1934381110668 tid=484
reply id=33 kind=0 result=0 slot=1 gen=1 event=0 status=-1 total=-1 pos=-1 begin=1934381611400 end=1934381611487 tid=484
reply id=34 kind=0 result=0 slot=1 gen=1 event=0 status=2 total=-1 pos=-1 begin=1934381611681 end=1934381611689 tid=484
reply id=35 kind=0 result=0 slot=1 gen=1 event=0 status=-1 total=204 pos=204 begin=1934381611756 end=1934381611784 tid=484
reply id=36 kind=0 result=0 slot=1 gen=1 event=0 status=-1 total=-1 pos=-1 begin=1934382112529 end=1934382112603 tid=484
reply id=37 kind=0 result=0 slot=1 gen=1 event=0 status=2 total=-1 pos=-1 begin=1934382112782 end=1934382112789 tid=484
reply id=38 kind=0 result=0 slot=1 gen=1 event=0 status=-1 total=204 pos=204 begin=1934382112843 end=1934382112866 tid=484
reply id=39 kind=0 result=0 slot=1 gen=1 event=0 status=-1 total=-1 pos=-1 begin=1934382613568 end=1934382613651 tid=484
reply id=40 kind=0 result=0 slot=1 gen=1 event=0 status=2 total=-1 pos=-1 begin=1934382613815 end=1934382613822 tid=484
reply id=41 kind=0 result=0 slot=1 gen=1 event=0 status=-1 total=204 pos=204 begin=1934382613888 end=1934382613915 tid=484
reply id=42 kind=0 result=0 slot=1 gen=1 event=0 status=-1 total=-1 pos=-1 begin=1934383114550 end=1934383114630 tid=484
reply id=43 kind=0 result=0 slot=1 gen=1 event=0 status=2 total=-1 pos=-1 begin=1934383114801 end=1934383114808 tid=484
reply id=44 kind=0 result=0 slot=1 gen=1 event=0 status=-1 total=204 pos=204 begin=1934383114862 end=1934383114924 tid=484
reply id=45 kind=0 result=0 slot=1 gen=1 event=0 status=-1 total=-1 pos=-1 begin=1934383615577 end=1934383615678 tid=484
reply id=46 kind=0 result=0 slot=1 gen=1 event=0 status=2 total=-1 pos=-1 begin=1934383615858 end=1934383615864 tid=484
reply id=47 kind=0 result=0 slot=1 gen=1 event=0 status=-1 total=204 pos=204 begin=1934383615927 end=1934383615956 tid=484
reply id=48 kind=0 result=0 slot=1 gen=1 event=0 status=-1 total=-1 pos=-1 begin=1934384116603 end=1934384116703 tid=484
reply id=49 kind=0 result=0 slot=1 gen=1 event=0 status=2 total=-1 pos=-1 begin=1934384116934 end=1934384116942 tid=484
reply id=50 kind=0 result=0 slot=1 gen=1 event=0 status=-1 total=204 pos=204 begin=1934384117007 end=1934384117034 tid=484
reply id=51 kind=0 result=0 slot=1 gen=1 event=0 status=-1 total=-1 pos=-1 begin=1934384617762 end=1934384617870 tid=484
reply id=52 kind=0 result=0 slot=1 gen=1 event=0 status=2 total=-1 pos=-1 begin=1934384618096 end=1934384618104 tid=484
reply id=53 kind=0 result=0 slot=1 gen=1 event=0 status=-1 total=204 pos=204 begin=1934384618172 end=1934384618202 tid=484
reply id=54 kind=0 result=0 slot=1 gen=1 event=0 status=-1 total=-1 pos=-1 begin=1934385118963 end=1934385119063 tid=484
reply id=55 kind=0 result=0 slot=1 gen=1 event=0 status=2 total=-1 pos=-1 begin=1934385119317 end=1934385119326 tid=484
reply id=56 kind=0 result=0 slot=1 gen=1 event=0 status=-1 total=204 pos=204 begin=1934385119394 end=1934385119427 tid=484
reply id=57 kind=0 result=0 slot=1 gen=1 event=0 status=-1 total=-1 pos=-1 begin=1934385620289 end=1934385620370 tid=484
reply id=58 kind=0 result=0 slot=1 gen=1 event=0 status=2 total=-1 pos=-1 begin=1934385620617 end=1934385620623 tid=484
reply id=59 kind=0 result=0 slot=1 gen=1 event=0 status=-1 total=204 pos=204 begin=1934385620676 end=1934385620701 tid=484
reply id=60 kind=0 result=0 slot=1 gen=1 event=0 status=-1 total=-1 pos=-1 begin=1934386121337 end=1934386121422 tid=484
reply id=61 kind=0 result=0 slot=1 gen=1 event=0 status=2 total=-1 pos=-1 begin=1934386121604 end=1934386121611 tid=484
reply id=62 kind=0 result=0 slot=1 gen=1 event=0 status=-1 total=204 pos=204 begin=1934386121674 end=1934386121703 tid=484
reply id=63 kind=0 result=0 slot=1 gen=1 event=0 status=-1 total=-1 pos=-1 begin=1934386121759 end=1934386121783 tid=484
reply id=64 kind=0 result=0 slot=1 gen=2 event=0 status=-1 total=-1 pos=-1 begin=1934386121836 end=1934386121960 tid=484
reply id=65 kind=0 result=1 slot=1 gen=2 event=0 status=-1 total=-1 pos=-1 begin=1934386122073 end=1934386122079 tid=484
reply id=66 kind=0 result=0 slot=1 gen=2 event=0 status=-1 total=-1 pos=-1 begin=1934386122187 end=1934386122191 tid=484
host main=484 frequency=10000000 loaded=C:\rpc-private\Mss32.dll mode=stream
event seq=0 id=1 op=1 tid=484 eos=0 qpc=1934376094280 cw=027f sw=0120 mx=00001f80
event seq=1 id=1 op=1 tid=484 eos=0 qpc=1934376097179 cw=027f sw=4020 mx=00001f80
event seq=2 id=2 op=2 tid=484 eos=0 qpc=1934376097438 cw=027f sw=4020 mx=00001f80
event seq=3 id=2 op=2 tid=484 eos=0 qpc=1934376097474 cw=027f sw=4020 mx=00001f80
event seq=4 id=3 op=3 tid=484 eos=0 qpc=1934376598112 cw=027f sw=4020 mx=00001f80
event seq=5 id=3 op=3 tid=484 eos=0 qpc=1934376598167 cw=027f sw=4020 mx=00001f80
event seq=6 id=4 op=4 tid=484 eos=0 qpc=1934376598396 cw=027f sw=4020 mx=00001f80
event seq=7 id=4 op=4 tid=484 eos=0 qpc=1934376598399 cw=027f sw=4020 mx=00001f80
event seq=8 id=5 op=5 tid=484 eos=0 qpc=1934376598454 cw=027f sw=4020 mx=00001f80
event seq=9 id=5 op=5 tid=484 eos=0 qpc=1934376598478 cw=027f sw=4020 mx=00001f80
event seq=10 id=6 op=3 tid=484 eos=0 qpc=1934377099110 cw=027f sw=4020 mx=00001f80
event seq=11 id=6 op=3 tid=484 eos=0 qpc=1934377099173 cw=027f sw=0020 mx=00001f80
event seq=12 id=7 op=4 tid=484 eos=0 qpc=1934377099377 cw=027f sw=0020 mx=00001f80
event seq=13 id=7 op=4 tid=484 eos=0 qpc=1934377099380 cw=027f sw=0020 mx=00001f80
event seq=14 id=8 op=5 tid=484 eos=0 qpc=1934377099433 cw=027f sw=0020 mx=00001f80
event seq=15 id=8 op=5 tid=484 eos=0 qpc=1934377099453 cw=027f sw=0020 mx=00001f80
event seq=16 id=9 op=3 tid=484 eos=0 qpc=1934377600071 cw=027f sw=0020 mx=00001f80
event seq=17 id=9 op=3 tid=484 eos=0 qpc=1934377600113 cw=027f sw=0020 mx=00001f80
event seq=18 id=10 op=4 tid=484 eos=0 qpc=1934377600475 cw=027f sw=0020 mx=00001f80
event seq=19 id=10 op=4 tid=484 eos=0 qpc=1934377600479 cw=027f sw=0020 mx=00001f80
event seq=20 id=11 op=5 tid=484 eos=0 qpc=1934377600539 cw=027f sw=0020 mx=00001f80
event seq=21 id=11 op=5 tid=484 eos=0 qpc=1934377600575 cw=027f sw=0020 mx=00001f80
event seq=22 id=12 op=3 tid=484 eos=0 qpc=1934378101231 cw=027f sw=0020 mx=00001f80
event seq=23 id=12 op=3 tid=484 eos=0 qpc=1934378101310 cw=027f sw=0020 mx=00001f80
event seq=24 id=13 op=4 tid=484 eos=0 qpc=1934378101608 cw=027f sw=0020 mx=00001f80
event seq=25 id=13 op=4 tid=484 eos=0 qpc=1934378101613 cw=027f sw=0020 mx=00001f80
event seq=26 id=14 op=5 tid=484 eos=0 qpc=1934378101684 cw=027f sw=0020 mx=00001f80
event seq=27 id=14 op=5 tid=484 eos=0 qpc=1934378101711 cw=027f sw=0020 mx=00001f80
event seq=28 id=15 op=3 tid=484 eos=0 qpc=1934378602391 cw=027f sw=0020 mx=00001f80
event seq=29 id=15 op=3 tid=484 eos=0 qpc=1934378602492 cw=027f sw=0020 mx=00001f80
event seq=30 id=16 op=4 tid=484 eos=0 qpc=1934378602810 cw=027f sw=0020 mx=00001f80
event seq=31 id=16 op=4 tid=484 eos=0 qpc=1934378602815 cw=027f sw=0020 mx=00001f80
event seq=32 id=17 op=5 tid=484 eos=0 qpc=1934378602885 cw=027f sw=0020 mx=00001f80
event seq=33 id=17 op=5 tid=484 eos=0 qpc=1934378602914 cw=027f sw=0220 mx=00001f80
event seq=34 id=17 op=5 tid=504 eos=1 qpc=1934378900535 cw=027f sw=0020 mx=00001f80
event seq=35 id=18 op=3 tid=484 eos=0 qpc=1934379105195 cw=027f sw=0220 mx=00001f80
event seq=36 id=18 op=3 tid=484 eos=0 qpc=1934379105285 cw=027f sw=0220 mx=00001f80
event seq=37 id=19 op=4 tid=484 eos=0 qpc=1934379105676 cw=027f sw=0220 mx=00001f80
event seq=38 id=19 op=4 tid=484 eos=0 qpc=1934379105681 cw=027f sw=0220 mx=00001f80
event seq=39 id=20 op=5 tid=484 eos=0 qpc=1934379105741 cw=027f sw=0220 mx=00001f80
event seq=40 id=20 op=5 tid=484 eos=0 qpc=1934379105768 cw=027f sw=0220 mx=00001f80
event seq=41 id=21 op=3 tid=484 eos=0 qpc=1934379606456 cw=027f sw=0220 mx=00001f80
event seq=42 id=21 op=3 tid=484 eos=0 qpc=1934379606523 cw=027f sw=0220 mx=00001f80
event seq=43 id=22 op=4 tid=484 eos=0 qpc=1934379606737 cw=027f sw=0220 mx=00001f80
event seq=44 id=22 op=4 tid=484 eos=0 qpc=1934379606742 cw=027f sw=0220 mx=00001f80
event seq=45 id=23 op=5 tid=484 eos=0 qpc=1934379606800 cw=027f sw=0220 mx=00001f80
event seq=46 id=23 op=5 tid=484 eos=0 qpc=1934379606819 cw=027f sw=0220 mx=00001f80
event seq=47 id=24 op=3 tid=484 eos=0 qpc=1934380107548 cw=027f sw=0220 mx=00001f80
event seq=48 id=24 op=3 tid=484 eos=0 qpc=1934380107615 cw=027f sw=0220 mx=00001f80
event seq=49 id=25 op=4 tid=484 eos=0 qpc=1934380107871 cw=027f sw=0220 mx=00001f80
event seq=50 id=25 op=4 tid=484 eos=0 qpc=1934380107876 cw=027f sw=0220 mx=00001f80
event seq=51 id=26 op=5 tid=484 eos=0 qpc=1934380107933 cw=027f sw=0220 mx=00001f80
event seq=52 id=26 op=5 tid=484 eos=0 qpc=1934380107956 cw=027f sw=0220 mx=00001f80
event seq=53 id=27 op=3 tid=484 eos=0 qpc=1934380608711 cw=027f sw=0220 mx=00001f80
event seq=54 id=27 op=3 tid=484 eos=0 qpc=1934380608808 cw=027f sw=0220 mx=00001f80
event seq=55 id=28 op=4 tid=484 eos=0 qpc=1934380609077 cw=027f sw=0220 mx=00001f80
event seq=56 id=28 op=4 tid=484 eos=0 qpc=1934380609082 cw=027f sw=0220 mx=00001f80
event seq=57 id=29 op=5 tid=484 eos=0 qpc=1934380609153 cw=027f sw=0220 mx=00001f80
event seq=58 id=29 op=5 tid=484 eos=0 qpc=1934380609180 cw=027f sw=0220 mx=00001f80
event seq=59 id=30 op=3 tid=484 eos=0 qpc=1934381109857 cw=027f sw=0220 mx=00001f80
event seq=60 id=30 op=3 tid=484 eos=0 qpc=1934381109923 cw=027f sw=0220 mx=00001f80
event seq=61 id=31 op=4 tid=484 eos=0 qpc=1934381110498 cw=027f sw=0220 mx=00001f80
event seq=62 id=31 op=4 tid=484 eos=0 qpc=1934381110504 cw=027f sw=0220 mx=00001f80
event seq=63 id=32 op=5 tid=484 eos=0 qpc=1934381110640 cw=027f sw=0220 mx=00001f80
event seq=64 id=32 op=5 tid=484 eos=0 qpc=1934381110667 cw=027f sw=0220 mx=00001f80
event seq=65 id=33 op=3 tid=484 eos=0 qpc=1934381611406 cw=027f sw=0220 mx=00001f80
event seq=66 id=33 op=3 tid=484 eos=0 qpc=1934381611481 cw=027f sw=0220 mx=00001f80
event seq=67 id=34 op=4 tid=484 eos=0 qpc=1934381611684 cw=027f sw=0220 mx=00001f80
event seq=68 id=34 op=4 tid=484 eos=0 qpc=1934381611688 cw=027f sw=0220 mx=00001f80
event seq=69 id=35 op=5 tid=484 eos=0 qpc=1934381611757 cw=027f sw=0220 mx=00001f80
event seq=70 id=35 op=5 tid=484 eos=0 qpc=1934381611782 cw=027f sw=0220 mx=00001f80
event seq=71 id=36 op=3 tid=484 eos=0 qpc=1934382112532 cw=027f sw=0220 mx=00001f80
event seq=72 id=36 op=3 tid=484 eos=0 qpc=1934382112597 cw=027f sw=0220 mx=00001f80
event seq=73 id=37 op=4 tid=484 eos=0 qpc=1934382112783 cw=027f sw=0220 mx=00001f80
event seq=74 id=37 op=4 tid=484 eos=0 qpc=1934382112788 cw=027f sw=0220 mx=00001f80
event seq=75 id=38 op=5 tid=484 eos=0 qpc=1934382112845 cw=027f sw=0220 mx=00001f80
event seq=76 id=38 op=5 tid=484 eos=0 qpc=1934382112865 cw=027f sw=0220 mx=00001f80
event seq=77 id=39 op=3 tid=484 eos=0 qpc=1934382613572 cw=027f sw=0220 mx=00001f80
event seq=78 id=39 op=3 tid=484 eos=0 qpc=1934382613644 cw=027f sw=0220 mx=00001f80
event seq=79 id=40 op=4 tid=484 eos=0 qpc=1934382613817 cw=027f sw=0220 mx=00001f80
event seq=80 id=40 op=4 tid=484 eos=0 qpc=1934382613821 cw=027f sw=0220 mx=00001f80
event seq=81 id=41 op=5 tid=484 eos=0 qpc=1934382613890 cw=027f sw=0220 mx=00001f80
event seq=82 id=41 op=5 tid=484 eos=0 qpc=1934382613913 cw=027f sw=0220 mx=00001f80
event seq=83 id=42 op=3 tid=484 eos=0 qpc=1934383114554 cw=027f sw=0220 mx=00001f80
event seq=84 id=42 op=3 tid=484 eos=0 qpc=1934383114626 cw=027f sw=0220 mx=00001f80
event seq=85 id=43 op=4 tid=484 eos=0 qpc=1934383114803 cw=027f sw=0220 mx=00001f80
event seq=86 id=43 op=4 tid=484 eos=0 qpc=1934383114806 cw=027f sw=0220 mx=00001f80
event seq=87 id=44 op=5 tid=484 eos=0 qpc=1934383114863 cw=027f sw=0220 mx=00001f80
event seq=88 id=44 op=5 tid=484 eos=0 qpc=1934383114922 cw=027f sw=0220 mx=00001f80
event seq=89 id=45 op=3 tid=484 eos=0 qpc=1934383615583 cw=027f sw=0220 mx=00001f80
event seq=90 id=45 op=3 tid=484 eos=0 qpc=1934383615671 cw=027f sw=0220 mx=00001f80
event seq=91 id=46 op=4 tid=484 eos=0 qpc=1934383615859 cw=027f sw=0220 mx=00001f80
event seq=92 id=46 op=4 tid=484 eos=0 qpc=1934383615863 cw=027f sw=0220 mx=00001f80
event seq=93 id=47 op=5 tid=484 eos=0 qpc=1934383615928 cw=027f sw=0220 mx=00001f80
event seq=94 id=47 op=5 tid=484 eos=0 qpc=1934383615954 cw=027f sw=0220 mx=00001f80
event seq=95 id=48 op=3 tid=484 eos=0 qpc=1934384116610 cw=027f sw=0220 mx=00001f80
event seq=96 id=48 op=3 tid=484 eos=0 qpc=1934384116695 cw=027f sw=0220 mx=00001f80
event seq=97 id=49 op=4 tid=484 eos=0 qpc=1934384116936 cw=027f sw=0220 mx=00001f80
event seq=98 id=49 op=4 tid=484 eos=0 qpc=1934384116940 cw=027f sw=0220 mx=00001f80
event seq=99 id=50 op=5 tid=484 eos=0 qpc=1934384117008 cw=027f sw=0220 mx=00001f80
event seq=100 id=50 op=5 tid=484 eos=0 qpc=1934384117032 cw=027f sw=0220 mx=00001f80
event seq=101 id=51 op=3 tid=484 eos=0 qpc=1934384617769 cw=027f sw=0220 mx=00001f80
event seq=102 id=51 op=3 tid=484 eos=0 qpc=1934384617863 cw=027f sw=0220 mx=00001f80
event seq=103 id=52 op=4 tid=484 eos=0 qpc=1934384618098 cw=027f sw=0220 mx=00001f80
event seq=104 id=52 op=4 tid=484 eos=0 qpc=1934384618102 cw=027f sw=0220 mx=00001f80
event seq=105 id=53 op=5 tid=484 eos=0 qpc=1934384618173 cw=027f sw=0220 mx=00001f80
event seq=106 id=53 op=5 tid=484 eos=0 qpc=1934384618200 cw=027f sw=0220 mx=00001f80
event seq=107 id=54 op=3 tid=484 eos=0 qpc=1934385118970 cw=027f sw=0220 mx=00001f80
event seq=108 id=54 op=3 tid=484 eos=0 qpc=1934385119056 cw=027f sw=0220 mx=00001f80
event seq=109 id=55 op=4 tid=484 eos=0 qpc=1934385119319 cw=027f sw=0220 mx=00001f80
event seq=110 id=55 op=4 tid=484 eos=0 qpc=1934385119324 cw=027f sw=0220 mx=00001f80
event seq=111 id=56 op=5 tid=484 eos=0 qpc=1934385119396 cw=027f sw=0220 mx=00001f80
event seq=112 id=56 op=5 tid=484 eos=0 qpc=1934385119425 cw=027f sw=0220 mx=00001f80
event seq=113 id=57 op=3 tid=484 eos=0 qpc=1934385620297 cw=027f sw=0220 mx=00001f80
event seq=114 id=57 op=3 tid=484 eos=0 qpc=1934385620362 cw=027f sw=0220 mx=00001f80
event seq=115 id=58 op=4 tid=484 eos=0 qpc=1934385620618 cw=027f sw=0220 mx=00001f80
event seq=116 id=58 op=4 tid=484 eos=0 qpc=1934385620622 cw=027f sw=0220 mx=00001f80
event seq=117 id=59 op=5 tid=484 eos=0 qpc=1934385620678 cw=027f sw=0220 mx=00001f80
event seq=118 id=59 op=5 tid=484 eos=0 qpc=1934385620700 cw=027f sw=0220 mx=00001f80
event seq=119 id=60 op=3 tid=484 eos=0 qpc=1934386121343 cw=027f sw=0220 mx=00001f80
event seq=120 id=60 op=3 tid=484 eos=0 qpc=1934386121415 cw=027f sw=0220 mx=00001f80
event seq=121 id=61 op=4 tid=484 eos=0 qpc=1934386121606 cw=027f sw=0220 mx=00001f80
event seq=122 id=61 op=4 tid=484 eos=0 qpc=1934386121609 cw=027f sw=0220 mx=00001f80
event seq=123 id=62 op=5 tid=484 eos=0 qpc=1934386121676 cw=027f sw=0220 mx=00001f80
event seq=124 id=62 op=5 tid=484 eos=0 qpc=1934386121702 cw=027f sw=0220 mx=00001f80
event seq=125 id=63 op=6 tid=484 eos=0 qpc=1934386121760 cw=027f sw=0220 mx=00001f80
event seq=126 id=63 op=6 tid=484 eos=0 qpc=1934386121781 cw=027f sw=0220 mx=00001f80
event seq=127 id=64 op=7 tid=484 eos=0 qpc=1934386121837 cw=027f sw=0220 mx=00001f80
event seq=128 id=64 op=7 tid=484 eos=0 qpc=1934386121959 cw=027f sw=0220 mx=00001f80
event seq=129 id=65 op=4 tid=484 eos=0 qpc=1934386122075 cw=027f sw=0220 mx=00001f80
event seq=130 id=65 op=4 tid=484 eos=0 qpc=1934386122077 cw=027f sw=0220 mx=00001f80
event seq=131 id=66 op=8 tid=484 eos=0 qpc=1934386122188 cw=027f sw=0220 mx=00001f80
event seq=132 id=66 op=8 tid=484 eos=0 qpc=1934386122190 cw=027f sw=0220 mx=00001f80
summary events=133 eos=1 ok=1 generation=2
