ALSA lib control.c:1575:(snd_ctl_open_noupdate) [error.control] Invalid CTL hw:0
ALSA lib control.c:1575:(snd_ctl_open_noupdate) [error.control] Invalid CTL hw:1
ALSA lib control.c:1575:(snd_ctl_open_noupdate) [error.control] Invalid CTL hw:0
ALSA lib control.c:1575:(snd_ctl_open_noupdate) [error.control] Invalid CTL hw:1
reply id=1 kind=0 result=0 slot=1 gen=1 event=0 status=-1 total=-1 pos=-1 begin=1934363981335 end=1934363984537 tid=444
reply id=2 kind=0 result=0 slot=1 gen=1 event=0 status=-1 total=-1 pos=-1 begin=1934363984792 end=1934363984829 tid=444
reply id=3 kind=0 result=0 slot=1 gen=1 event=0 status=-1 total=-1 pos=-1 begin=1934364485500 end=1934364485610 tid=444
reply id=4 kind=0 result=0 slot=1 gen=1 event=0 status=4 total=-1 pos=-1 begin=1934364485871 end=1934364485877 tid=444
reply id=5 kind=0 result=0 slot=1 gen=1 event=0 status=-1 total=204 pos=0 begin=1934364485932 end=1934364485961 tid=444
reply id=6 kind=0 result=0 slot=1 gen=1 event=0 status=-1 total=-1 pos=-1 begin=1934364986636 end=1934364986749 tid=444
reply id=7 kind=0 result=0 slot=1 gen=1 event=0 status=4 total=-1 pos=-1 begin=1934364987020 end=1934364987027 tid=444
reply id=8 kind=0 result=0 slot=1 gen=1 event=0 status=-1 total=204 pos=32 begin=1934364987081 end=1934364987105 tid=444
reply id=9 kind=0 result=0 slot=1 gen=1 event=0 status=-1 total=-1 pos=-1 begin=1934365487773 end=1934365487861 tid=444
reply id=10 kind=0 result=0 slot=1 gen=1 event=0 status=4 total=-1 pos=-1 begin=1934365488103 end=1934365488112 tid=444
reply id=11 kind=0 result=0 slot=1 gen=1 event=0 status=-1 total=204 pos=80 begin=1934365488169 end=1934365488193 tid=444
reply id=12 kind=0 result=0 slot=1 gen=1 event=0 status=-1 total=-1 pos=-1 begin=1934365988785 end=1934365988868 tid=444
reply id=13 kind=0 result=0 slot=1 gen=1 event=0 status=4 total=-1 pos=-1 begin=1934365989097 end=1934365989104 tid=444
reply id=14 kind=0 result=0 slot=1 gen=1 event=0 status=-1 total=204 pos=128 begin=1934365989158 end=1934365989182 tid=444
reply id=15 kind=0 result=0 slot=1 gen=1 event=0 status=-1 total=-1 pos=-1 begin=1934366489860 end=1934366489967 tid=444
reply id=16 kind=0 result=0 slot=1 gen=1 event=0 status=4 total=-1 pos=-1 begin=1934366490320 end=1934366490332 tid=444
reply id=17 kind=0 result=0 slot=1 gen=1 event=0 status=-1 total=204 pos=177 begin=1934366490384 end=1934366490432 tid=444
reply id=18 kind=1 result=0 slot=1 gen=1 event=34 status=-1 total=-1 pos=-1 begin=1934366991099 end=1934366991181 tid=444
reply id=18 kind=0 result=0 slot=1 gen=1 event=0 status=-1 total=-1 pos=-1 begin=1934366991099 end=1934366991350 tid=444
reply id=19 kind=0 result=0 slot=1 gen=1 event=0 status=2 total=-1 pos=-1 begin=1934366991402 end=1934366991410 tid=444
reply id=20 kind=0 result=0 slot=1 gen=1 event=0 status=-1 total=204 pos=204 begin=1934366991453 end=1934366991479 tid=444
reply id=21 kind=0 result=0 slot=1 gen=1 event=0 status=-1 total=-1 pos=-1 begin=1934367492109 end=1934367492198 tid=444
reply id=22 kind=0 result=0 slot=1 gen=1 event=0 status=2 total=-1 pos=-1 begin=1934367492444 end=1934367492452 tid=444
reply id=23 kind=0 result=0 slot=1 gen=1 event=0 status=-1 total=204 pos=204 begin=1934367492507 end=1934367492534 tid=444
reply id=24 kind=0 result=0 slot=1 gen=1 event=0 status=-1 total=-1 pos=-1 begin=1934367993204 end=1934367993291 tid=444
reply id=25 kind=0 result=0 slot=1 gen=1 event=0 status=2 total=-1 pos=-1 begin=1934367993507 end=1934367993513 tid=444
reply id=26 kind=0 result=0 slot=1 gen=1 event=0 status=-1 total=204 pos=204 begin=1934367993565 end=1934367993590 tid=444
reply id=27 kind=0 result=0 slot=1 gen=1 event=0 status=-1 total=-1 pos=-1 begin=1934368494065 end=1934368494156 tid=444
reply id=28 kind=0 result=0 slot=1 gen=1 event=0 status=2 total=-1 pos=-1 begin=1934368494303 end=1934368494307 tid=444
reply id=29 kind=0 result=0 slot=1 gen=1 event=0 status=-1 total=204 pos=204 begin=1934368494358 end=1934368494380 tid=444
reply id=30 kind=0 result=0 slot=1 gen=1 event=0 status=-1 total=-1 pos=-1 begin=1934368995043 end=1934368995151 tid=444
reply id=31 kind=0 result=0 slot=1 gen=1 event=0 status=2 total=-1 pos=-1 begin=1934368995418 end=1934368995430 tid=444
reply id=32 kind=0 result=0 slot=1 gen=1 event=0 status=-1 total=204 pos=204 begin=1934368995619 end=1934368995654 tid=444
reply id=33 kind=0 result=0 slot=1 gen=1 event=0 status=-1 total=-1 pos=-1 begin=1934369496344 end=1934369496466 tid=444
reply id=34 kind=0 result=0 slot=1 gen=1 event=0 status=2 total=-1 pos=-1 begin=1934369496683 end=1934369496691 tid=444
reply id=35 kind=0 result=0 slot=1 gen=1 event=0 status=-1 total=204 pos=204 begin=1934369496772 end=1934369496805 tid=444
reply id=36 kind=0 result=0 slot=1 gen=1 event=0 status=-1 total=-1 pos=-1 begin=1934369997517 end=1934369997649 tid=444
reply id=37 kind=0 result=0 slot=1 gen=1 event=0 status=2 total=-1 pos=-1 begin=1934369997854 end=1934369997862 tid=444
reply id=38 kind=0 result=0 slot=1 gen=1 event=0 status=-1 total=204 pos=204 begin=1934369997927 end=1934369997954 tid=444
reply id=39 kind=0 result=0 slot=1 gen=1 event=0 status=-1 total=-1 pos=-1 begin=1934370498725 end=1934370498863 tid=444
reply id=40 kind=0 result=0 slot=1 gen=1 event=0 status=2 total=-1 pos=-1 begin=1934370499090 end=1934370499101 tid=444
reply id=41 kind=0 result=0 slot=1 gen=1 event=0 status=-1 total=204 pos=204 begin=1934370499166 end=1934370499193 tid=444
reply id=42 kind=0 result=0 slot=1 gen=1 event=0 status=-1 total=-1 pos=-1 begin=1934370999878 end=1934371000089 tid=444
reply id=43 kind=0 result=0 slot=1 gen=1 event=0 status=2 total=-1 pos=-1 begin=1934371000284 end=1934371000293 tid=444
reply id=44 kind=0 result=0 slot=1 gen=1 event=0 status=-1 total=204 pos=204 begin=1934371000359 end=1934371000541 tid=444
reply id=45 kind=0 result=0 slot=1 gen=1 event=0 status=-1 total=-1 pos=-1 begin=1934371501300 end=1934371501445 tid=444
reply id=46 kind=0 result=0 slot=1 gen=1 event=0 status=2 total=-1 pos=-1 begin=1934371501634 end=1934371501640 tid=444
reply id=47 kind=0 result=0 slot=1 gen=1 event=0 status=-1 total=204 pos=204 begin=1934371501693 end=1934371501719 tid=444
reply id=48 kind=0 result=0 slot=1 gen=1 event=0 status=-1 total=-1 pos=-1 begin=1934372002460 end=1934372002580 tid=444
reply id=49 kind=0 result=0 slot=1 gen=1 event=0 status=2 total=-1 pos=-1 begin=1934372002752 end=1934372002760 tid=444
reply id=50 kind=0 result=0 slot=1 gen=1 event=0 status=-1 total=204 pos=204 begin=1934372002825 end=1934372002851 tid=444
reply id=51 kind=0 result=0 slot=1 gen=1 event=0 status=-1 total=-1 pos=-1 begin=1934372503534 end=1934372503639 tid=444
reply id=52 kind=0 result=0 slot=1 gen=1 event=0 status=2 total=-1 pos=-1 begin=1934372503778 end=1934372503783 tid=444
reply id=53 kind=0 result=0 slot=1 gen=1 event=0 status=-1 total=204 pos=204 begin=1934372503836 end=1934372503858 tid=444
reply id=54 kind=0 result=0 slot=1 gen=1 event=0 status=-1 total=-1 pos=-1 begin=1934373004608 end=1934373004737 tid=444
reply id=55 kind=0 result=0 slot=1 gen=1 event=0 status=2 total=-1 pos=-1 begin=1934373004935 end=1934373004942 tid=444
reply id=56 kind=0 result=0 slot=1 gen=1 event=0 status=-1 total=204 pos=204 begin=1934373005001 end=1934373005030 tid=444
reply id=57 kind=0 result=0 slot=1 gen=1 event=0 status=-1 total=-1 pos=-1 begin=1934373505719 end=1934373505870 tid=444
reply id=58 kind=0 result=0 slot=1 gen=1 event=0 status=2 total=-1 pos=-1 begin=1934373506077 end=1934373506086 tid=444
reply id=59 kind=0 result=0 slot=1 gen=1 event=0 status=-1 total=204 pos=204 begin=1934373506157 end=1934373506185 tid=444
reply id=60 kind=0 result=0 slot=1 gen=1 event=0 status=-1 total=-1 pos=-1 begin=1934374006878 end=1934374007033 tid=444
reply id=61 kind=0 result=0 slot=1 gen=1 event=0 status=2 total=-1 pos=-1 begin=1934374007280 end=1934374007288 tid=444
reply id=62 kind=0 result=0 slot=1 gen=1 event=0 status=-1 total=204 pos=204 begin=1934374007354 end=1934374007381 tid=444
reply id=63 kind=0 result=0 slot=1 gen=1 event=0 status=-1 total=-1 pos=-1 begin=1934374007439 end=1934374007465 tid=444
reply id=64 kind=0 result=0 slot=1 gen=2 event=0 status=-1 total=-1 pos=-1 begin=1934374007528 end=1934374007673 tid=444
reply id=65 kind=0 result=1 slot=1 gen=2 event=0 status=-1 total=-1 pos=-1 begin=1934374007807 end=1934374007811 tid=444
reply id=66 kind=0 result=0 slot=1 gen=2 event=0 status=-1 total=-1 pos=-1 begin=1934374007979 end=1934374007984 tid=444
host main=444 frequency=10000000 loaded=C:\rpc-private\Mss32.dll mode=stream
event seq=0 id=1 op=1 tid=444 eos=0 qpc=1934363981339 cw=027f sw=0120 mx=00001f80
event seq=1 id=1 op=1 tid=444 eos=0 qpc=1934363984531 cw=027f sw=4020 mx=00001f80
event seq=2 id=2 op=2 tid=444 eos=0 qpc=1934363984793 cw=027f sw=4020 mx=00001f80
event seq=3 id=2 op=2 tid=444 eos=0 qpc=1934363984828 cw=027f sw=4020 mx=00001f80
event seq=4 id=3 op=3 tid=444 eos=0 qpc=1934364485508 cw=027f sw=4020 mx=00001f80
event seq=5 id=3 op=3 tid=444 eos=0 qpc=1934364485602 cw=027f sw=4020 mx=00001f80
event seq=6 id=4 op=4 tid=444 eos=0 qpc=1934364485872 cw=027f sw=4020 mx=00001f80
event seq=7 id=4 op=4 tid=444 eos=0 qpc=1934364485875 cw=027f sw=4020 mx=00001f80
event seq=8 id=5 op=5 tid=444 eos=0 qpc=1934364485934 cw=027f sw=4020 mx=00001f80
event seq=9 id=5 op=5 tid=444 eos=0 qpc=1934364485959 cw=027f sw=4020 mx=00001f80
event seq=10 id=6 op=3 tid=444 eos=0 qpc=1934364986644 cw=027f sw=4020 mx=00001f80
event seq=11 id=6 op=3 tid=444 eos=0 qpc=1934364986740 cw=027f sw=0020 mx=00001f80
event seq=12 id=7 op=4 tid=444 eos=0 qpc=1934364987021 cw=027f sw=0020 mx=00001f80
event seq=13 id=7 op=4 tid=444 eos=0 qpc=1934364987026 cw=027f sw=0020 mx=00001f80
event seq=14 id=8 op=5 tid=444 eos=0 qpc=1934364987082 cw=027f sw=0020 mx=00001f80
event seq=15 id=8 op=5 tid=444 eos=0 qpc=1934364987104 cw=027f sw=0020 mx=00001f80
event seq=16 id=9 op=3 tid=444 eos=0 qpc=1934365487782 cw=027f sw=0020 mx=00001f80
event seq=17 id=9 op=3 tid=444 eos=0 qpc=1934365487852 cw=027f sw=0020 mx=00001f80
event seq=18 id=10 op=4 tid=444 eos=0 qpc=1934365488104 cw=027f sw=0020 mx=00001f80
event seq=19 id=10 op=4 tid=444 eos=0 qpc=1934365488111 cw=027f sw=0020 mx=00001f80
event seq=20 id=11 op=5 tid=444 eos=0 qpc=1934365488170 cw=027f sw=0020 mx=00001f80
event seq=21 id=11 op=5 tid=444 eos=0 qpc=1934365488191 cw=027f sw=0020 mx=00001f80
event seq=22 id=12 op=3 tid=444 eos=0 qpc=1934365988792 cw=027f sw=0020 mx=00001f80
event seq=23 id=12 op=3 tid=444 eos=0 qpc=1934365988859 cw=027f sw=0020 mx=00001f80
event seq=24 id=13 op=4 tid=444 eos=0 qpc=1934365989099 cw=027f sw=0020 mx=00001f80
event seq=25 id=13 op=4 tid=444 eos=0 qpc=1934365989102 cw=027f sw=0020 mx=00001f80
event seq=26 id=14 op=5 tid=444 eos=0 qpc=1934365989159 cw=027f sw=0020 mx=00001f80
event seq=27 id=14 op=5 tid=444 eos=0 qpc=1934365989181 cw=027f sw=0020 mx=00001f80
event seq=28 id=15 op=3 tid=444 eos=0 qpc=1934366489868 cw=027f sw=0020 mx=00001f80
event seq=29 id=15 op=3 tid=444 eos=0 qpc=1934366489958 cw=027f sw=0020 mx=00001f80
event seq=30 id=16 op=4 tid=444 eos=0 qpc=1934366490323 cw=027f sw=0020 mx=00001f80
event seq=31 id=16 op=4 tid=444 eos=0 qpc=1934366490330 cw=027f sw=0020 mx=00001f80
event seq=32 id=17 op=5 tid=444 eos=0 qpc=1934366490386 cw=027f sw=0020 mx=00001f80
event seq=33 id=17 op=5 tid=444 eos=0 qpc=1934366490430 cw=027f sw=0220 mx=00001f80
event seq=34 id=17 op=5 tid=464 eos=1 qpc=1934366791365 cw=027f sw=0020 mx=00001f80
event seq=35 id=18 op=3 tid=444 eos=0 qpc=1934366991102 cw=027f sw=0220 mx=00001f80
event seq=36 id=18 op=3 tid=444 eos=0 qpc=1934366991174 cw=027f sw=0220 mx=00001f80
event seq=37 id=19 op=4 tid=444 eos=0 qpc=1934366991405 cw=027f sw=0220 mx=00001f80
event seq=38 id=19 op=4 tid=444 eos=0 qpc=1934366991408 cw=027f sw=0220 mx=00001f80
event seq=39 id=20 op=5 tid=444 eos=0 qpc=1934366991455 cw=027f sw=0220 mx=00001f80
event seq=40 id=20 op=5 tid=444 eos=0 qpc=1934366991477 cw=027f sw=0220 mx=00001f80
event seq=41 id=21 op=3 tid=444 eos=0 qpc=1934367492116 cw=027f sw=0220 mx=00001f80
event seq=42 id=21 op=3 tid=444 eos=0 qpc=1934367492189 cw=027f sw=0220 mx=00001f80
event seq=43 id=22 op=4 tid=444 eos=0 qpc=1934367492446 cw=027f sw=0220 mx=00001f80
event seq=44 id=22 op=4 tid=444 eos=0 qpc=1934367492451 cw=027f sw=0220 mx=00001f80
event seq=45 id=23 op=5 tid=444 eos=0 qpc=1934367492508 cw=027f sw=0220 mx=00001f80
event seq=46 id=23 op=5 tid=444 eos=0 qpc=1934367492532 cw=027f sw=0220 mx=00001f80
event seq=47 id=24 op=3 tid=444 eos=0 qpc=1934367993211 cw=027f sw=0220 mx=00001f80
event seq=48 id=24 op=3 tid=444 eos=0 qpc=1934367993283 cw=027f sw=0220 mx=00001f80
event seq=49 id=25 op=4 tid=444 eos=0 qpc=1934367993508 cw=027f sw=0220 mx=00001f80
event seq=50 id=25 op=4 tid=444 eos=0 qpc=1934367993512 cw=027f sw=0220 mx=00001f80
event seq=51 id=26 op=5 tid=444 eos=0 qpc=1934367993566 cw=027f sw=0220 mx=00001f80
event seq=52 id=26 op=5 tid=444 eos=0 qpc=1934367993588 cw=027f sw=0220 mx=00001f80
event seq=53 id=27 op=3 tid=444 eos=0 qpc=1934368494070 cw=027f sw=0220 mx=00001f80
event seq=54 id=27 op=3 tid=444 eos=0 qpc=1934368494150 cw=027f sw=0220 mx=00001f80
event seq=55 id=28 op=4 tid=444 eos=0 qpc=1934368494304 cw=027f sw=0220 mx=00001f80
event seq=56 id=28 op=4 tid=444 eos=0 qpc=1934368494306 cw=027f sw=0220 mx=00001f80
event seq=57 id=29 op=5 tid=444 eos=0 qpc=1934368494359 cw=027f sw=0220 mx=00001f80
event seq=58 id=29 op=5 tid=444 eos=0 qpc=1934368494378 cw=027f sw=0220 mx=00001f80
event seq=59 id=30 op=3 tid=444 eos=0 qpc=1934368995049 cw=027f sw=0220 mx=00001f80
event seq=60 id=30 op=3 tid=444 eos=0 qpc=1934368995144 cw=027f sw=0220 mx=00001f80
event seq=61 id=31 op=4 tid=444 eos=0 qpc=1934368995421 cw=027f sw=0220 mx=00001f80
event seq=62 id=31 op=4 tid=444 eos=0 qpc=1934368995427 cw=027f sw=0220 mx=00001f80
event seq=63 id=32 op=5 tid=444 eos=0 qpc=1934368995621 cw=027f sw=0220 mx=00001f80
event seq=64 id=32 op=5 tid=444 eos=0 qpc=1934368995651 cw=027f sw=0220 mx=00001f80
event seq=65 id=33 op=3 tid=444 eos=0 qpc=1934369496348 cw=027f sw=0220 mx=00001f80
event seq=66 id=33 op=3 tid=444 eos=0 qpc=1934369496459 cw=027f sw=0220 mx=00001f80
event seq=67 id=34 op=4 tid=444 eos=0 qpc=1934369496685 cw=027f sw=0220 mx=00001f80
event seq=68 id=34 op=4 tid=444 eos=0 qpc=1934369496690 cw=027f sw=0220 mx=00001f80
event seq=69 id=35 op=5 tid=444 eos=0 qpc=1934369496774 cw=027f sw=0220 mx=00001f80
event seq=70 id=35 op=5 tid=444 eos=0 qpc=1934369496803 cw=027f sw=0220 mx=00001f80
event seq=71 id=36 op=3 tid=444 eos=0 qpc=1934369997522 cw=027f sw=0220 mx=00001f80
event seq=72 id=36 op=3 tid=444 eos=0 qpc=1934369997643 cw=027f sw=0220 mx=00001f80
event seq=73 id=37 op=4 tid=444 eos=0 qpc=1934369997855 cw=027f sw=0220 mx=00001f80
event seq=74 id=37 op=4 tid=444 eos=0 qpc=1934369997860 cw=027f sw=0220 mx=00001f80
event seq=75 id=38 op=5 tid=444 eos=0 qpc=1934369997929 cw=027f sw=0220 mx=00001f80
event seq=76 id=38 op=5 tid=444 eos=0 qpc=1934369997952 cw=027f sw=0220 mx=00001f80
event seq=77 id=39 op=3 tid=444 eos=0 qpc=1934370498732 cw=027f sw=0220 mx=00001f80
event seq=78 id=39 op=3 tid=444 eos=0 qpc=1934370498854 cw=027f sw=0220 mx=00001f80
event seq=79 id=40 op=4 tid=444 eos=0 qpc=1934370499092 cw=027f sw=0220 mx=00001f80
event seq=80 id=40 op=4 tid=444 eos=0 qpc=1934370499099 cw=027f sw=0220 mx=00001f80
event seq=81 id=41 op=5 tid=444 eos=0 qpc=1934370499167 cw=027f sw=0220 mx=00001f80
event seq=82 id=41 op=5 tid=444 eos=0 qpc=1934370499191 cw=027f sw=0220 mx=00001f80
event seq=83 id=42 op=3 tid=444 eos=0 qpc=1934370999885 cw=027f sw=0220 mx=00001f80
event seq=84 id=42 op=3 tid=444 eos=0 qpc=1934371000081 cw=027f sw=0220 mx=00001f80
event seq=85 id=43 op=4 tid=444 eos=0 qpc=1934371000287 cw=027f sw=0220 mx=00001f80
event seq=86 id=43 op=4 tid=444 eos=0 qpc=1934371000292 cw=027f sw=0220 mx=00001f80
event seq=87 id=44 op=5 tid=444 eos=0 qpc=1934371000361 cw=027f sw=0220 mx=00001f80
event seq=88 id=44 op=5 tid=444 eos=0 qpc=1934371000537 cw=027f sw=0220 mx=00001f80
event seq=89 id=45 op=3 tid=444 eos=0 qpc=1934371501306 cw=027f sw=0220 mx=00001f80
event seq=90 id=45 op=3 tid=444 eos=0 qpc=1934371501439 cw=027f sw=0220 mx=00001f80
event seq=91 id=46 op=4 tid=444 eos=0 qpc=1934371501635 cw=027f sw=0220 mx=00001f80
event seq=92 id=46 op=4 tid=444 eos=0 qpc=1934371501639 cw=027f sw=0220 mx=00001f80
event seq=93 id=47 op=5 tid=444 eos=0 qpc=1934371501694 cw=027f sw=0220 mx=00001f80
event seq=94 id=47 op=5 tid=444 eos=0 qpc=1934371501717 cw=027f sw=0220 mx=00001f80
event seq=95 id=48 op=3 tid=444 eos=0 qpc=1934372002466 cw=027f sw=0220 mx=00001f80
event seq=96 id=48 op=3 tid=444 eos=0 qpc=1934372002576 cw=027f sw=0220 mx=00001f80
event seq=97 id=49 op=4 tid=444 eos=0 qpc=1934372002754 cw=027f sw=0220 mx=00001f80
event seq=98 id=49 op=4 tid=444 eos=0 qpc=1934372002758 cw=027f sw=0220 mx=00001f80
event seq=99 id=50 op=5 tid=444 eos=0 qpc=1934372002826 cw=027f sw=0220 mx=00001f80
event seq=100 id=50 op=5 tid=444 eos=0 qpc=1934372002850 cw=027f sw=0220 mx=00001f80
event seq=101 id=51 op=3 tid=444 eos=0 qpc=1934372503538 cw=027f sw=0220 mx=00001f80
event seq=102 id=51 op=3 tid=444 eos=0 qpc=1934372503636 cw=027f sw=0220 mx=00001f80
event seq=103 id=52 op=4 tid=444 eos=0 qpc=1934372503779 cw=027f sw=0220 mx=00001f80
event seq=104 id=52 op=4 tid=444 eos=0 qpc=1934372503782 cw=027f sw=0220 mx=00001f80
event seq=105 id=53 op=5 tid=444 eos=0 qpc=1934372503838 cw=027f sw=0220 mx=00001f80
event seq=106 id=53 op=5 tid=444 eos=0 qpc=1934372503856 cw=027f sw=0220 mx=00001f80
event seq=107 id=54 op=3 tid=444 eos=0 qpc=1934373004613 cw=027f sw=0220 mx=00001f80
event seq=108 id=54 op=3 tid=444 eos=0 qpc=1934373004732 cw=027f sw=0220 mx=00001f80
event seq=109 id=55 op=4 tid=444 eos=0 qpc=1934373004937 cw=027f sw=0220 mx=00001f80
event seq=110 id=55 op=4 tid=444 eos=0 qpc=1934373004941 cw=027f sw=0220 mx=00001f80
event seq=111 id=56 op=5 tid=444 eos=0 qpc=1934373005002 cw=027f sw=0220 mx=00001f80
event seq=112 id=56 op=5 tid=444 eos=0 qpc=1934373005028 cw=027f sw=0220 mx=00001f80
event seq=113 id=57 op=3 tid=444 eos=0 qpc=1934373505723 cw=027f sw=0220 mx=00001f80
event seq=114 id=57 op=3 tid=444 eos=0 qpc=1934373505864 cw=027f sw=0220 mx=00001f80
event seq=115 id=58 op=4 tid=444 eos=0 qpc=1934373506079 cw=027f sw=0220 mx=00001f80
event seq=116 id=58 op=4 tid=444 eos=0 qpc=1934373506085 cw=027f sw=0220 mx=00001f80
event seq=117 id=59 op=5 tid=444 eos=0 qpc=1934373506159 cw=027f sw=0220 mx=00001f80
event seq=118 id=59 op=5 tid=444 eos=0 qpc=1934373506183 cw=027f sw=0220 mx=00001f80
event seq=119 id=60 op=3 tid=444 eos=0 qpc=1934374006884 cw=027f sw=0220 mx=00001f80
event seq=120 id=60 op=3 tid=444 eos=0 qpc=1934374007028 cw=027f sw=0220 mx=00001f80
event seq=121 id=61 op=4 tid=444 eos=0 qpc=1934374007282 cw=027f sw=0220 mx=00001f80
event seq=122 id=61 op=4 tid=444 eos=0 qpc=1934374007287 cw=027f sw=0220 mx=00001f80
event seq=123 id=62 op=5 tid=444 eos=0 qpc=1934374007356 cw=027f sw=0220 mx=00001f80
event seq=124 id=62 op=5 tid=444 eos=0 qpc=1934374007379 cw=027f sw=0220 mx=00001f80
event seq=125 id=63 op=6 tid=444 eos=0 qpc=1934374007442 cw=027f sw=0220 mx=00001f80
event seq=126 id=63 op=6 tid=444 eos=0 qpc=1934374007464 cw=027f sw=0220 mx=00001f80
event seq=127 id=64 op=7 tid=444 eos=0 qpc=1934374007530 cw=027f sw=0220 mx=00001f80
event seq=128 id=64 op=7 tid=444 eos=0 qpc=1934374007671 cw=027f sw=0220 mx=00001f80
event seq=129 id=65 op=4 tid=444 eos=0 qpc=1934374007808 cw=027f sw=0220 mx=00001f80
event seq=130 id=65 op=4 tid=444 eos=0 qpc=1934374007810 cw=027f sw=0220 mx=00001f80
event seq=131 id=66 op=8 tid=444 eos=0 qpc=1934374007981 cw=027f sw=0220 mx=00001f80
event seq=132 id=66 op=8 tid=444 eos=0 qpc=1934374007983 cw=027f sw=0220 mx=00001f80
summary events=133 eos=1 ok=1 generation=2
