ALSA lib control.c:1575:(snd_ctl_open_noupdate) [error.control] Invalid CTL hw:0
ALSA lib control.c:1575:(snd_ctl_open_noupdate) [error.control] Invalid CTL hw:1
ALSA lib control.c:1575:(snd_ctl_open_noupdate) [error.control] Invalid CTL hw:0
ALSA lib control.c:1575:(snd_ctl_open_noupdate) [error.control] Invalid CTL hw:1
reply id=1 kind=0 result=0 slot=1 gen=1 event=0 status=-1 total=-1 pos=-1 begin=1934316095875 end=1934316096257 tid=300
reply id=2 kind=0 result=0 slot=1 gen=1 event=0 status=-1 total=-1 pos=-1 begin=1934316096524 end=1934316096545 tid=300
reply id=3 kind=0 result=0 slot=1 gen=1 event=0 status=-1 total=-1 pos=-1 begin=1934316597223 end=1934316597405 tid=300
reply id=4 kind=0 result=0 slot=1 gen=1 event=0 status=4 total=-1 pos=-1 begin=1934316597660 end=1934316597665 tid=300
reply id=5 kind=0 result=0 slot=1 gen=1 event=0 status=-1 total=204 pos=104 begin=1934316597717 end=1934316597725 tid=300
reply id=6 kind=0 result=0 slot=1 gen=1 event=0 status=-1 total=-1 pos=-1 begin=1934317098433 end=1934317098642 tid=300
reply id=7 kind=0 result=0 slot=1 gen=1 event=0 status=4 total=-1 pos=-1 begin=1934317098906 end=1934317098914 tid=300
reply id=8 kind=0 result=0 slot=1 gen=1 event=0 status=-1 total=204 pos=161 begin=1934317099006 end=1934317099017 tid=300
reply id=9 kind=1 result=0 slot=1 gen=1 event=17 status=-1 total=-1 pos=-1 begin=1934317599650 end=1934317599865 tid=300
reply id=9 kind=0 result=0 slot=1 gen=1 event=0 status=-1 total=-1 pos=-1 begin=1934317599650 end=1934317600219 tid=300
reply id=10 kind=0 result=0 slot=1 gen=1 event=0 status=2 total=-1 pos=-1 begin=1934317600274 end=1934317600280 tid=300
reply id=11 kind=0 result=0 slot=1 gen=1 event=0 status=-1 total=204 pos=204 begin=1934317600324 end=1934317600332 tid=300
reply id=12 kind=0 result=0 slot=1 gen=1 event=0 status=-1 total=-1 pos=-1 begin=1934318101008 end=1934318101128 tid=300
reply id=13 kind=0 result=0 slot=1 gen=1 event=0 status=2 total=-1 pos=-1 begin=1934318101420 end=1934318101425 tid=300
reply id=14 kind=0 result=0 slot=1 gen=1 event=0 status=-1 total=204 pos=204 begin=1934318101482 end=1934318101491 tid=300
reply id=15 kind=0 result=0 slot=1 gen=1 event=0 status=-1 total=-1 pos=-1 begin=1934318602198 end=1934318602330 tid=300
reply id=16 kind=0 result=0 slot=1 gen=1 event=0 status=2 total=-1 pos=-1 begin=1934318602621 end=1934318602626 tid=300
reply id=17 kind=0 result=0 slot=1 gen=1 event=0 status=-1 total=204 pos=204 begin=1934318602682 end=1934318602692 tid=300
reply id=18 kind=0 result=0 slot=1 gen=1 event=0 status=-1 total=-1 pos=-1 begin=1934319103383 end=1934319103501 tid=300
reply id=19 kind=0 result=0 slot=1 gen=1 event=0 status=2 total=-1 pos=-1 begin=1934319103787 end=1934319103795 tid=300
reply id=20 kind=0 result=0 slot=1 gen=1 event=0 status=-1 total=204 pos=204 begin=1934319103851 end=1934319103862 tid=300
reply id=21 kind=0 result=0 slot=1 gen=1 event=0 status=-1 total=-1 pos=-1 begin=1934319604537 end=1934319604665 tid=300
reply id=22 kind=0 result=0 slot=1 gen=1 event=0 status=2 total=-1 pos=-1 begin=1934319604985 end=1934319604991 tid=300
reply id=23 kind=0 result=0 slot=1 gen=1 event=0 status=-1 total=204 pos=204 begin=1934319605048 end=1934319605059 tid=300
reply id=24 kind=0 result=0 slot=1 gen=1 event=0 status=-1 total=-1 pos=-1 begin=1934320105740 end=1934320105865 tid=300
reply id=25 kind=0 result=0 slot=1 gen=1 event=0 status=2 total=-1 pos=-1 begin=1934320106168 end=1934320106174 tid=300
reply id=26 kind=0 result=0 slot=1 gen=1 event=0 status=-1 total=204 pos=204 begin=1934320106233 end=1934320106243 tid=300
reply id=27 kind=0 result=0 slot=1 gen=1 event=0 status=-1 total=-1 pos=-1 begin=1934320606726 end=1934320606884 tid=300
reply id=28 kind=0 result=0 slot=1 gen=1 event=0 status=2 total=-1 pos=-1 begin=1934320607264 end=1934320607271 tid=300
reply id=29 kind=0 result=0 slot=1 gen=1 event=0 status=-1 total=204 pos=204 begin=1934320607343 end=1934320607353 tid=300
reply id=30 kind=0 result=0 slot=1 gen=1 event=0 status=-1 total=-1 pos=-1 begin=1934321108078 end=1934321108220 tid=300
reply id=31 kind=0 result=0 slot=1 gen=1 event=0 status=2 total=-1 pos=-1 begin=1934321108658 end=1934321108665 tid=300
reply id=32 kind=0 result=0 slot=1 gen=1 event=0 status=-1 total=204 pos=204 begin=1934321108857 end=1934321108868 tid=300
reply id=33 kind=0 result=0 slot=1 gen=1 event=0 status=-1 total=-1 pos=-1 begin=1934321609598 end=1934321609720 tid=300
reply id=34 kind=0 result=0 slot=1 gen=1 event=0 status=2 total=-1 pos=-1 begin=1934321610209 end=1934321610217 tid=300
reply id=35 kind=0 result=0 slot=1 gen=1 event=0 status=-1 total=204 pos=204 begin=1934321610292 end=1934321610305 tid=300
reply id=36 kind=0 result=0 slot=1 gen=1 event=0 status=-1 total=-1 pos=-1 begin=1934322111004 end=1934322111121 tid=300
reply id=37 kind=0 result=0 slot=1 gen=1 event=0 status=2 total=-1 pos=-1 begin=1934322111439 end=1934322111445 tid=300
reply id=38 kind=0 result=0 slot=1 gen=1 event=0 status=-1 total=204 pos=204 begin=1934322111502 end=1934322111513 tid=300
reply id=39 kind=0 result=0 slot=1 gen=1 event=0 status=-1 total=-1 pos=-1 begin=1934322612236 end=1934322612346 tid=300
reply id=40 kind=0 result=0 slot=1 gen=1 event=0 status=2 total=-1 pos=-1 begin=1934322612712 end=1934322612721 tid=300
reply id=41 kind=0 result=0 slot=1 gen=1 event=0 status=-1 total=204 pos=204 begin=1934322612799 end=1934322612812 tid=300
reply id=42 kind=0 result=0 slot=1 gen=1 event=0 status=-1 total=-1 pos=-1 begin=1934323113623 end=1934323113757 tid=300
reply id=43 kind=0 result=0 slot=1 gen=1 event=0 status=2 total=-1 pos=-1 begin=1934323114152 end=1934323114160 tid=300
reply id=44 kind=0 result=0 slot=1 gen=1 event=0 status=-1 total=204 pos=204 begin=1934323114239 end=1934323114372 tid=300
reply id=45 kind=0 result=0 slot=1 gen=1 event=0 status=-1 total=-1 pos=-1 begin=1934323615142 end=1934323615319 tid=300
reply id=46 kind=0 result=0 slot=1 gen=1 event=0 status=2 total=-1 pos=-1 begin=1934323615621 end=1934323615628 tid=300
reply id=47 kind=0 result=0 slot=1 gen=1 event=0 status=-1 total=204 pos=204 begin=1934323615696 end=1934323615707 tid=300
reply id=48 kind=0 result=0 slot=1 gen=1 event=0 status=-1 total=-1 pos=-1 begin=1934324116476 end=1934324116676 tid=300
reply id=49 kind=0 result=0 slot=1 gen=1 event=0 status=2 total=-1 pos=-1 begin=1934324116993 end=1934324116999 tid=300
reply id=50 kind=0 result=0 slot=1 gen=1 event=0 status=-1 total=204 pos=204 begin=1934324117056 end=1934324117066 tid=300
reply id=51 kind=0 result=0 slot=1 gen=1 event=0 status=-1 total=-1 pos=-1 begin=1934324617833 end=1934324618063 tid=300
reply id=52 kind=0 result=0 slot=1 gen=1 event=0 status=2 total=-1 pos=-1 begin=1934324618364 end=1934324618369 tid=300
reply id=53 kind=0 result=0 slot=1 gen=1 event=0 status=-1 total=204 pos=204 begin=1934324618427 end=1934324618438 tid=300
reply id=54 kind=0 result=0 slot=1 gen=1 event=0 status=-1 total=-1 pos=-1 begin=1934325119222 end=1934325119454 tid=300
reply id=55 kind=0 result=0 slot=1 gen=1 event=0 status=2 total=-1 pos=-1 begin=1934325119786 end=1934325119793 tid=300
reply id=56 kind=0 result=0 slot=1 gen=1 event=0 status=-1 total=204 pos=204 begin=1934325119897 end=1934325119908 tid=300
reply id=57 kind=0 result=0 slot=1 gen=1 event=0 status=-1 total=-1 pos=-1 begin=1934325620858 end=1934325621070 tid=300
reply id=58 kind=0 result=0 slot=1 gen=1 event=0 status=2 total=-1 pos=-1 begin=1934325621412 end=1934325621418 tid=300
reply id=59 kind=0 result=0 slot=1 gen=1 event=0 status=-1 total=204 pos=204 begin=1934325621476 end=1934325621487 tid=300
reply id=60 kind=0 result=0 slot=1 gen=1 event=0 status=-1 total=-1 pos=-1 begin=1934326122310 end=1934326122541 tid=300
reply id=61 kind=0 result=0 slot=1 gen=1 event=0 status=2 total=-1 pos=-1 begin=1934326122910 end=1934326122916 tid=300
reply id=62 kind=0 result=0 slot=1 gen=1 event=0 status=-1 total=204 pos=204 begin=1934326122987 end=1934326123002 tid=300
reply id=63 kind=0 result=0 slot=1 gen=1 event=0 status=-1 total=-1 pos=-1 begin=1934326123057 end=1934326123082 tid=300
reply id=64 kind=0 result=0 slot=1 gen=2 event=0 status=-1 total=-1 pos=-1 begin=1934326123133 end=1934326123223 tid=300
reply id=65 kind=0 result=1 slot=1 gen=2 event=0 status=-1 total=-1 pos=-1 begin=1934326123413 end=1934326123418 tid=300
reply id=66 kind=0 result=0 slot=1 gen=2 event=0 status=-1 total=-1 pos=-1 begin=1934326123593 end=1934326123598 tid=300
host main=300 frequency=10000000 loaded=C:\rpc-private\Mss32.dll mode=sample
event seq=0 id=1 op=1 tid=300 eos=0 qpc=1934316095878 cw=027f sw=0120 mx=00001f80
event seq=1 id=1 op=1 tid=300 eos=0 qpc=1934316096250 cw=027f sw=4020 mx=00001f80
event seq=2 id=2 op=2 tid=300 eos=0 qpc=1934316096525 cw=027f sw=4020 mx=00001f80
event seq=3 id=2 op=2 tid=300 eos=0 qpc=1934316096544 cw=027f sw=0020 mx=00001f80
event seq=4 id=3 op=3 tid=300 eos=0 qpc=1934316597232 cw=027f sw=0020 mx=00001f80
event seq=5 id=3 op=3 tid=300 eos=0 qpc=1934316597397 cw=027f sw=0020 mx=00001f80
event seq=6 id=4 op=4 tid=300 eos=0 qpc=1934316597661 cw=027f sw=0020 mx=00001f80
event seq=7 id=4 op=4 tid=300 eos=0 qpc=1934316597664 cw=027f sw=0020 mx=00001f80
event seq=8 id=5 op=5 tid=300 eos=0 qpc=1934316597718 cw=027f sw=0020 mx=00001f80
event seq=9 id=5 op=5 tid=300 eos=0 qpc=1934316597723 cw=027f sw=0020 mx=00001f80
event seq=10 id=6 op=3 tid=300 eos=0 qpc=1934317098444 cw=027f sw=0020 mx=00001f80
event seq=11 id=6 op=3 tid=300 eos=0 qpc=1934317098631 cw=027f sw=0020 mx=00001f80
event seq=12 id=7 op=4 tid=300 eos=0 qpc=1934317098908 cw=027f sw=0020 mx=00001f80
event seq=13 id=7 op=4 tid=300 eos=0 qpc=1934317098912 cw=027f sw=0020 mx=00001f80
event seq=14 id=8 op=5 tid=300 eos=0 qpc=1934317099008 cw=027f sw=0020 mx=00001f80
event seq=15 id=8 op=5 tid=300 eos=0 qpc=1934317099015 cw=027f sw=0220 mx=00001f80
event seq=16 id=9 op=3 tid=300 eos=0 qpc=1934317599659 cw=027f sw=0220 mx=00001f80
event seq=17 id=9 op=3 tid=320 eos=1 qpc=1934317599785 cw=027f sw=0020 mx=00001f80
event seq=18 id=9 op=3 tid=300 eos=0 qpc=1934317599856 cw=027f sw=0220 mx=00001f80
event seq=19 id=10 op=4 tid=300 eos=0 qpc=1934317600275 cw=027f sw=0220 mx=00001f80
event seq=20 id=10 op=4 tid=300 eos=0 qpc=1934317600278 cw=027f sw=0220 mx=00001f80
event seq=21 id=11 op=5 tid=300 eos=0 qpc=1934317600325 cw=027f sw=0220 mx=00001f80
event seq=22 id=11 op=5 tid=300 eos=0 qpc=1934317600330 cw=027f sw=0220 mx=00001f80
event seq=23 id=12 op=3 tid=300 eos=0 qpc=1934318101015 cw=027f sw=0220 mx=00001f80
event seq=24 id=12 op=3 tid=300 eos=0 qpc=1934318101119 cw=027f sw=0220 mx=00001f80
event seq=25 id=13 op=4 tid=300 eos=0 qpc=1934318101421 cw=027f sw=0220 mx=00001f80
event seq=26 id=13 op=4 tid=300 eos=0 qpc=1934318101424 cw=027f sw=0220 mx=00001f80
event seq=27 id=14 op=5 tid=300 eos=0 qpc=1934318101483 cw=027f sw=0220 mx=00001f80
event seq=28 id=14 op=5 tid=300 eos=0 qpc=1934318101489 cw=027f sw=0220 mx=00001f80
event seq=29 id=15 op=3 tid=300 eos=0 qpc=1934318602208 cw=027f sw=0220 mx=00001f80
event seq=30 id=15 op=3 tid=300 eos=0 qpc=1934318602322 cw=027f sw=0220 mx=00001f80
event seq=31 id=16 op=4 tid=300 eos=0 qpc=1934318602623 cw=027f sw=0220 mx=00001f80
event seq=32 id=16 op=4 tid=300 eos=0 qpc=1934318602625 cw=027f sw=0220 mx=00001f80
event seq=33 id=17 op=5 tid=300 eos=0 qpc=1934318602683 cw=027f sw=0220 mx=00001f80
event seq=34 id=17 op=5 tid=300 eos=0 qpc=1934318602691 cw=027f sw=0220 mx=00001f80
event seq=35 id=18 op=3 tid=300 eos=0 qpc=1934319103391 cw=027f sw=0220 mx=00001f80
event seq=36 id=18 op=3 tid=300 eos=0 qpc=1934319103491 cw=027f sw=0220 mx=00001f80
event seq=37 id=19 op=4 tid=300 eos=0 qpc=1934319103789 cw=027f sw=0220 mx=00001f80
event seq=38 id=19 op=4 tid=300 eos=0 qpc=1934319103793 cw=027f sw=0220 mx=00001f80
event seq=39 id=20 op=5 tid=300 eos=0 qpc=1934319103852 cw=027f sw=0220 mx=00001f80
event seq=40 id=20 op=5 tid=300 eos=0 qpc=1934319103861 cw=027f sw=0220 mx=00001f80
event seq=41 id=21 op=3 tid=300 eos=0 qpc=1934319604548 cw=027f sw=0220 mx=00001f80
event seq=42 id=21 op=3 tid=300 eos=0 qpc=1934319604656 cw=027f sw=0220 mx=00001f80
event seq=43 id=22 op=4 tid=300 eos=0 qpc=1934319604987 cw=027f sw=0220 mx=00001f80
event seq=44 id=22 op=4 tid=300 eos=0 qpc=1934319604990 cw=027f sw=0220 mx=00001f80
event seq=45 id=23 op=5 tid=300 eos=0 qpc=1934319605050 cw=027f sw=0220 mx=00001f80
event seq=46 id=23 op=5 tid=300 eos=0 qpc=1934319605057 cw=027f sw=0220 mx=00001f80
event seq=47 id=24 op=3 tid=300 eos=0 qpc=1934320105750 cw=027f sw=0220 mx=00001f80
event seq=48 id=24 op=3 tid=300 eos=0 qpc=1934320105854 cw=027f sw=0220 mx=00001f80
event seq=49 id=25 op=4 tid=300 eos=0 qpc=1934320106169 cw=027f sw=0220 mx=00001f80
event seq=50 id=25 op=4 tid=300 eos=0 qpc=1934320106172 cw=027f sw=0220 mx=00001f80
event seq=51 id=26 op=5 tid=300 eos=0 qpc=1934320106234 cw=027f sw=0220 mx=00001f80
event seq=52 id=26 op=5 tid=300 eos=0 qpc=1934320106242 cw=027f sw=0220 mx=00001f80
event seq=53 id=27 op=3 tid=300 eos=0 qpc=1934320606736 cw=027f sw=0220 mx=00001f80
event seq=54 id=27 op=3 tid=300 eos=0 qpc=1934320606875 cw=027f sw=0220 mx=00001f80
event seq=55 id=28 op=4 tid=300 eos=0 qpc=1934320607265 cw=027f sw=0220 mx=00001f80
event seq=56 id=28 op=4 tid=300 eos=0 qpc=1934320607269 cw=027f sw=0220 mx=00001f80
event seq=57 id=29 op=5 tid=300 eos=0 qpc=1934320607344 cw=027f sw=0220 mx=00001f80
event seq=58 id=29 op=5 tid=300 eos=0 qpc=1934320607351 cw=027f sw=0220 mx=00001f80
event seq=59 id=30 op=3 tid=300 eos=0 qpc=1934321108087 cw=027f sw=0220 mx=00001f80
event seq=60 id=30 op=3 tid=300 eos=0 qpc=1934321108211 cw=027f sw=0220 mx=00001f80
event seq=61 id=31 op=4 tid=300 eos=0 qpc=1934321108661 cw=027f sw=0220 mx=00001f80
event seq=62 id=31 op=4 tid=300 eos=0 qpc=1934321108664 cw=027f sw=0220 mx=00001f80
event seq=63 id=32 op=5 tid=300 eos=0 qpc=1934321108858 cw=027f sw=0220 mx=00001f80
event seq=64 id=32 op=5 tid=300 eos=0 qpc=1934321108866 cw=027f sw=0220 mx=00001f80
event seq=65 id=33 op=3 tid=300 eos=0 qpc=1934321609607 cw=027f sw=0220 mx=00001f80
event seq=66 id=33 op=3 tid=300 eos=0 qpc=1934321609712 cw=027f sw=0220 mx=00001f80
event seq=67 id=34 op=4 tid=300 eos=0 qpc=1934321610212 cw=027f sw=0220 mx=00001f80
event seq=68 id=34 op=4 tid=300 eos=0 qpc=1934321610215 cw=027f sw=0220 mx=00001f80
event seq=69 id=35 op=5 tid=300 eos=0 qpc=1934321610293 cw=027f sw=0220 mx=00001f80
event seq=70 id=35 op=5 tid=300 eos=0 qpc=1934321610302 cw=027f sw=0220 mx=00001f80
event seq=71 id=36 op=3 tid=300 eos=0 qpc=1934322111014 cw=027f sw=0220 mx=00001f80
event seq=72 id=36 op=3 tid=300 eos=0 qpc=1934322111113 cw=027f sw=0220 mx=00001f80
event seq=73 id=37 op=4 tid=300 eos=0 qpc=1934322111441 cw=027f sw=0220 mx=00001f80
event seq=74 id=37 op=4 tid=300 eos=0 qpc=1934322111443 cw=027f sw=0220 mx=00001f80
event seq=75 id=38 op=5 tid=300 eos=0 qpc=1934322111503 cw=027f sw=0220 mx=00001f80
event seq=76 id=38 op=5 tid=300 eos=0 qpc=1934322111512 cw=027f sw=0220 mx=00001f80
event seq=77 id=39 op=3 tid=300 eos=0 qpc=1934322612246 cw=027f sw=0220 mx=00001f80
event seq=78 id=39 op=3 tid=300 eos=0 qpc=1934322612337 cw=027f sw=0220 mx=00001f80
event seq=79 id=40 op=4 tid=300 eos=0 qpc=1934322612713 cw=027f sw=0220 mx=00001f80
event seq=80 id=40 op=4 tid=300 eos=0 qpc=1934322612720 cw=027f sw=0220 mx=00001f80
event seq=81 id=41 op=5 tid=300 eos=0 qpc=1934322612801 cw=027f sw=0220 mx=00001f80
event seq=82 id=41 op=5 tid=300 eos=0 qpc=1934322612811 cw=027f sw=0220 mx=00001f80
event seq=83 id=42 op=3 tid=300 eos=0 qpc=1934323113635 cw=027f sw=0220 mx=00001f80
event seq=84 id=42 op=3 tid=300 eos=0 qpc=1934323113748 cw=027f sw=0220 mx=00001f80
event seq=85 id=43 op=4 tid=300 eos=0 qpc=1934323114154 cw=027f sw=0220 mx=00001f80
event seq=86 id=43 op=4 tid=300 eos=0 qpc=1934323114159 cw=027f sw=0220 mx=00001f80
event seq=87 id=44 op=5 tid=300 eos=0 qpc=1934323114241 cw=027f sw=0220 mx=00001f80
event seq=88 id=44 op=5 tid=300 eos=0 qpc=1934323114370 cw=027f sw=0220 mx=00001f80
event seq=89 id=45 op=3 tid=300 eos=0 qpc=1934323615152 cw=027f sw=0220 mx=00001f80
event seq=90 id=45 op=3 tid=300 eos=0 qpc=1934323615309 cw=027f sw=0220 mx=00001f80
event seq=91 id=46 op=4 tid=300 eos=0 qpc=1934323615623 cw=027f sw=0220 mx=00001f80
event seq=92 id=46 op=4 tid=300 eos=0 qpc=1934323615626 cw=027f sw=0220 mx=00001f80
event seq=93 id=47 op=5 tid=300 eos=0 qpc=1934323615697 cw=027f sw=0220 mx=00001f80
event seq=94 id=47 op=5 tid=300 eos=0 qpc=1934323615704 cw=027f sw=0220 mx=00001f80
event seq=95 id=48 op=3 tid=300 eos=0 qpc=1934324116487 cw=027f sw=0220 mx=00001f80
event seq=96 id=48 op=3 tid=300 eos=0 qpc=1934324116667 cw=027f sw=0220 mx=00001f80
event seq=97 id=49 op=4 tid=300 eos=0 qpc=1934324116995 cw=027f sw=0220 mx=00001f80
event seq=98 id=49 op=4 tid=300 eos=0 qpc=1934324116997 cw=027f sw=0220 mx=00001f80
event seq=99 id=50 op=5 tid=300 eos=0 qpc=1934324117057 cw=027f sw=0220 mx=00001f80
event seq=100 id=50 op=5 tid=300 eos=0 qpc=1934324117065 cw=027f sw=0220 mx=00001f80
event seq=101 id=51 op=3 tid=300 eos=0 qpc=1934324617843 cw=027f sw=0220 mx=00001f80
event seq=102 id=51 op=3 tid=300 eos=0 qpc=1934324618054 cw=027f sw=0220 mx=00001f80
event seq=103 id=52 op=4 tid=300 eos=0 qpc=1934324618365 cw=027f sw=0220 mx=00001f80
event seq=104 id=52 op=4 tid=300 eos=0 qpc=1934324618368 cw=027f sw=0220 mx=00001f80
event seq=105 id=53 op=5 tid=300 eos=0 qpc=1934324618428 cw=027f sw=0220 mx=00001f80
event seq=106 id=53 op=5 tid=300 eos=0 qpc=1934324618436 cw=027f sw=0220 mx=00001f80
event seq=107 id=54 op=3 tid=300 eos=0 qpc=1934325119233 cw=027f sw=0220 mx=00001f80
event seq=108 id=54 op=3 tid=300 eos=0 qpc=1934325119444 cw=027f sw=0220 mx=00001f80
event seq=109 id=55 op=4 tid=300 eos=0 qpc=1934325119789 cw=027f sw=0220 mx=00001f80
event seq=110 id=55 op=4 tid=300 eos=0 qpc=1934325119792 cw=027f sw=0220 mx=00001f80
event seq=111 id=56 op=5 tid=300 eos=0 qpc=1934325119899 cw=027f sw=0220 mx=00001f80
event seq=112 id=56 op=5 tid=300 eos=0 qpc=1934325119906 cw=027f sw=0220 mx=00001f80
event seq=113 id=57 op=3 tid=300 eos=0 qpc=1934325620868 cw=027f sw=0220 mx=00001f80
event seq=114 id=57 op=3 tid=300 eos=0 qpc=1934325621059 cw=027f sw=0220 mx=00001f80
event seq=115 id=58 op=4 tid=300 eos=0 qpc=1934325621414 cw=027f sw=0220 mx=00001f80
event seq=116 id=58 op=4 tid=300 eos=0 qpc=1934325621416 cw=027f sw=0220 mx=00001f80
event seq=117 id=59 op=5 tid=300 eos=0 qpc=1934325621477 cw=027f sw=0220 mx=00001f80
event seq=118 id=59 op=5 tid=300 eos=0 qpc=1934325621485 cw=027f sw=0220 mx=00001f80
event seq=119 id=60 op=3 tid=300 eos=0 qpc=1934326122320 cw=027f sw=0220 mx=00001f80
event seq=120 id=60 op=3 tid=300 eos=0 qpc=1934326122532 cw=027f sw=0220 mx=00001f80
event seq=121 id=61 op=4 tid=300 eos=0 qpc=1934326122912 cw=027f sw=0220 mx=00001f80
event seq=122 id=61 op=4 tid=300 eos=0 qpc=1934326122914 cw=027f sw=0220 mx=00001f80
event seq=123 id=62 op=5 tid=300 eos=0 qpc=1934326122990 cw=027f sw=0220 mx=00001f80
event seq=124 id=62 op=5 tid=300 eos=0 qpc=1934326123000 cw=027f sw=0220 mx=00001f80
event seq=125 id=63 op=6 tid=300 eos=0 qpc=1934326123058 cw=027f sw=0220 mx=00001f80
event seq=126 id=63 op=6 tid=300 eos=0 qpc=1934326123080 cw=027f sw=0220 mx=00001f80
event seq=127 id=64 op=7 tid=300 eos=0 qpc=1934326123135 cw=027f sw=0220 mx=00001f80
event seq=128 id=64 op=7 tid=300 eos=0 qpc=1934326123222 cw=027f sw=0220 mx=00001f80
event seq=129 id=65 op=4 tid=300 eos=0 qpc=1934326123414 cw=027f sw=0220 mx=00001f80
event seq=130 id=65 op=4 tid=300 eos=0 qpc=1934326123416 cw=027f sw=0220 mx=00001f80
event seq=131 id=66 op=8 tid=300 eos=0 qpc=1934326123595 cw=027f sw=0220 mx=00001f80
event seq=132 id=66 op=8 tid=300 eos=0 qpc=1934326123597 cw=027f sw=0220 mx=00001f80
summary events=133 eos=1 ok=1 generation=2
