probe.c
Note: including file: C:\pcre-native-v3\x86-Release\pcre-4.1\pcre.h
Note: including file:  C:\Program Files (x86)\Microsoft Visual Studio 12.0\VC\INCLUDE\stdlib.h
Note: including file:   C:\Program Files (x86)\Microsoft Visual Studio 12.0\VC\INCLUDE\crtdefs.h
Note: including file:    C:\Program Files (x86)\Microsoft Visual Studio 12.0\VC\INCLUDE\sal.h
Note: including file:     C:\Program Files (x86)\Microsoft Visual Studio 12.0\VC\INCLUDE\ConcurrencySal.h
Note: including file:    C:\Program Files (x86)\Microsoft Visual Studio 12.0\VC\INCLUDE\vadefs.h
Note: including file:   C:\Program Files (x86)\Microsoft Visual Studio 12.0\VC\INCLUDE\limits.h
Note: including file:    C:\Program Files (x86)\Microsoft Visual Studio 12.0\VC\INCLUDE\crtdefs.h
Note: including file: C:\Program Files (x86)\Microsoft Visual Studio 12.0\VC\INCLUDE\stdio.h
Note: including file:  C:\Program Files (x86)\Microsoft Visual Studio 12.0\VC\INCLUDE\crtdefs.h
Note: including file:  C:\Program Files (x86)\Microsoft Visual Studio 12.0\VC\INCLUDE\swprintf.inl
Note: including file: C:\Program Files (x86)\Microsoft Visual Studio 12.0\VC\INCLUDE\string.h
Note: including file:  C:\Program Files (x86)\Microsoft Visual Studio 12.0\VC\INCLUDE\crtdefs.h
Note: including file: C:\pr-pcre18-revision2\results\original-Win32-Release\capacity.h
legacy-libpcre.a
C:\xml-pcre-next\legacy-libpcre.a(1) : error C2059: syntax error : '!'
C:\xml-pcre-next\legacy-libpcre.a(2) : error C2018: unknown character '0x60'
C:\xml-pcre-next\legacy-libpcre.a(3) : error C2018: unknown character '0x17'
C:\xml-pcre-next\legacy-libpcre.a(3) : error C2018: unknown character '0x2'
C:\xml-pcre-next\legacy-libpcre.a(3) : error C2018: unknown character '0x18'
C:\xml-pcre-next\legacy-libpcre.a(3) : error C2018: unknown character '0x13'
C:\xml-pcre-next\legacy-libpcre.a(3) : error C2018: unknown character '0x1f'
C:\xml-pcre-next\legacy-libpcre.a(3) : error C2018: unknown character '0x1'
C:\xml-pcre-next\legacy-libpcre.a(3) : error C2018: unknown character '0x60'
C:\xml-pcre-next\legacy-libpcre.a(4) : error C2018: unknown character '0x1'
C:\xml-pcre-next\legacy-libpcre.a(4) : error C2018: unknown character '0x3'
C:\xml-pcre-next\legacy-libpcre.a(4) : error C2018: unknown character '0x8'
C:\xml-pcre-next\legacy-libpcre.a(4) : error C2018: unknown character '0x12'
C:\xml-pcre-next\legacy-libpcre.a(4) : error C2018: unknown character '0x4'
C:\xml-pcre-next\legacy-libpcre.a(4) : error C2018: unknown character '0x10'
C:\xml-pcre-next\legacy-libpcre.a(4) : error C2018: unknown character '0x6'
C:\xml-pcre-next\legacy-libpcre.a(4) : error C2018: unknown character '0x60'
C:\xml-pcre-next\legacy-libpcre.a(4) : error C2018: unknown character '0x40'
C:\xml-pcre-next\legacy-libpcre.a(4) : error C2018: unknown character '0x18'
C:\xml-pcre-next\legacy-libpcre.a(4) : error C2018: unknown character '0x15'
C:\xml-pcre-next\legacy-libpcre.a(4) : error C2018: unknown character '0xf'
C:\xml-pcre-next\legacy-libpcre.a(4) : error C2061: syntax error : identifier 'VFŠ%–ŸŽ'
C:\xml-pcre-next\legacy-libpcre.a(4) : error C2059: syntax error : ';'
C:\xml-pcre-next\legacy-libpcre.a(4) : error C2143: syntax error : missing '{' before '~'
C:\xml-pcre-next\legacy-libpcre.a(4) : error C2059: syntax error : '~'
C:\xml-pcre-next\legacy-libpcre.a(4) : error C2018: unknown character '0x7f'
C:\xml-pcre-next\legacy-libpcre.a(4) : error C2018: unknown character '0x5'
C:\xml-pcre-next\legacy-libpcre.a(4) : error C2018: unknown character '0x2'
C:\xml-pcre-next\legacy-libpcre.a(4) : error C3872: '0x4': this character is not allowed in an identifier
C:\xml-pcre-next\legacy-libpcre.a(4) : error C3872: '0x24': this character is not allowed in an identifier
C:\xml-pcre-next\legacy-libpcre.a(4) : error C2018: unknown character '0x7'
C:\xml-pcre-next\legacy-libpcre.a(4) : error C3872: '0xa0': this character is not allowed in an identifier
C:\xml-pcre-next\legacy-libpcre.a(4) : error C2001: newline in constant
C:\xml-pcre-next\legacy-libpcre.a(4) : error C2015: too many characters in constant
C:\xml-pcre-next\legacy-libpcre.a(5) : error C2018: unknown character '0x6'
C:\xml-pcre-next\legacy-libpcre.a(5) : error C2018: unknown character '0x10'
C:\xml-pcre-next\legacy-libpcre.a(5) : error C2018: unknown character '0x14'
C:\xml-pcre-next\legacy-libpcre.a(5) : error C2018: unknown character '0x11'
C:\xml-pcre-next\legacy-libpcre.a(5) : error C2018: unknown character '0xf'
C:\xml-pcre-next\legacy-libpcre.a(5) : error C2018: unknown character '0x1'
C:\xml-pcre-next\legacy-libpcre.a(5) : error C2018: unknown character '0x15'
C:\xml-pcre-next\legacy-libpcre.a(5) : error C2018: unknown character '0x2'
C:\xml-pcre-next\legacy-libpcre.a(5) : error C2018: unknown character '0x3'
C:\xml-pcre-next\legacy-libpcre.a(5) : error C2018: unknown character '0x7f'
C:\xml-pcre-next\legacy-libpcre.a(5) : error C2018: unknown character '0x4'
C:\xml-pcre-next\legacy-libpcre.a(5) : error C2018: unknown character '0xe'
C:\xml-pcre-next\legacy-libpcre.a(5) : error C3872: '0x4': this character is not allowed in an identifier
C:\xml-pcre-next\legacy-libpcre.a(5) : error C2018: unknown character '0x1d'
C:\xml-pcre-next\legacy-libpcre.a(5) : error C2018: unknown character '0x5'
C:\xml-pcre-next\legacy-libpcre.a(5) : error C2001: newline in constant
C:\xml-pcre-next\legacy-libpcre.a(6) : error C2018: unknown character '0x60'
C:\xml-pcre-next\legacy-libpcre.a(7) : error C2018: unknown character '0x1'
C:\xml-pcre-next\legacy-libpcre.a(7) : error C2018: unknown character '0x3'
C:\xml-pcre-next\legacy-libpcre.a(8) : error C2018: unknown character '0x4'
C:\xml-pcre-next\legacy-libpcre.a(8) : error C2018: unknown character '0x16'
C:\xml-pcre-next\legacy-libpcre.a(8) : error C2018: unknown character '0x10'
C:\xml-pcre-next\legacy-libpcre.a(8) : error C2018: unknown character '0x3'
C:\xml-pcre-next\legacy-libpcre.a(8) : error C2018: unknown character '0x60'
C:\xml-pcre-next\legacy-libpcre.a(8) : error C2018: unknown character '0x40'
C:\xml-pcre-next\legacy-libpcre.a(8) : error C2018: unknown character '0x8'
C:\xml-pcre-next\legacy-libpcre.a(8) : error C2018: unknown character '0x1c'
C:\xml-pcre-next\legacy-libpcre.a(8) : error C2018: unknown character '0x7'
C:\xml-pcre-next\legacy-libpcre.a(8) : error C2018: unknown character '0x1'
C:\xml-pcre-next\legacy-libpcre.a(8) : error C2018: unknown character '0x1f'
C:\xml-pcre-next\legacy-libpcre.a(8) : error C2018: unknown character '0x2'
C:\xml-pcre-next\legacy-libpcre.a(8) : error C2018: unknown character '0xf'
C:\xml-pcre-next\legacy-libpcre.a(8) : error C2018: unknown character '0x1d'
C:\xml-pcre-next\legacy-libpcre.a(8) : error C2018: unknown character '0x14'
C:\xml-pcre-next\legacy-libpcre.a(8) : error C2018: unknown character '0x7f'
C:\xml-pcre-next\legacy-libpcre.a(8) : error C2018: unknown character '0x6'
C:\xml-pcre-next\legacy-libpcre.a(8) : error C2018: unknown character '0x18'
C:\xml-pcre-next\legacy-libpcre.a(8) : error C2018: unknown character '0x5'
C:\xml-pcre-next\legacy-libpcre.a(8) : error C2018: unknown character '0x11'
C:\xml-pcre-next\legacy-libpcre.a(8) : error C2017: illegal escape sequence
C:\xml-pcre-next\legacy-libpcre.a(8) : error C3872: '0x4': this character is not allowed in an identifier
C:\xml-pcre-next\legacy-libpcre.a(8) : error C2021: expected exponent value, not ''
C:\xml-pcre-next\legacy-libpcre.a(8) : error C2061: syntax error : identifier '<'
C:\xml-pcre-next\legacy-libpcre.a(8) : error C2059: syntax error : ';'
C:\xml-pcre-next\legacy-libpcre.a(8) : error C2059: syntax error : ']'
C:\xml-pcre-next\legacy-libpcre.a(8) : error C3872: '0x24': this character is not allowed in an identifier
C:\xml-pcre-next\legacy-libpcre.a(8) : error C2018: unknown character '0x1b'
C:\xml-pcre-next\legacy-libpcre.a(8) : error C2018: unknown character '0x19'
C:\xml-pcre-next\legacy-libpcre.a(8) : error C2059: syntax error : '}'
C:\xml-pcre-next\legacy-libpcre.a(8) : error C2018: unknown character '0x15'
C:\xml-pcre-next\legacy-libpcre.a(8) : error C2018: unknown character '0x1e'
C:\xml-pcre-next\legacy-libpcre.a(8) : error C2018: unknown character '0x13'
C:\xml-pcre-next\legacy-libpcre.a(8) : error C2059: syntax error : ')'
C:\xml-pcre-next\legacy-libpcre.a(8) : error C2143: syntax error : missing '{' before '|'
C:\xml-pcre-next\legacy-libpcre.a(8) : error C2059: syntax error : '|'
C:\xml-pcre-next\legacy-libpcre.a(8) : error C2018: unknown character '0x12'
C:\xml-pcre-next\legacy-libpcre.a(9) : error C2018: unknown character '0x1'
C:\xml-pcre-next\legacy-libpcre.a(9) : error C2018: unknown character '0x3'
C:\xml-pcre-next\legacy-libpcre.a(9) : error C2018: unknown character '0x4'
C:\xml-pcre-next\legacy-libpcre.a(9) : error C2018: unknown character '0x7'
C:\xml-pcre-next\legacy-libpcre.a(9) : error C2017: illegal escape sequence
C:\xml-pcre-next\legacy-libpcre.a(9) : error C2018: unknown character '0x60'
C:\xml-pcre-next\legacy-libpcre.a(9) : error C2018: unknown character '0x40'
C:\xml-pcre-next\legacy-libpcre.a(9) : error C2018: unknown character '0x8'
C:\xml-pcre-next\legacy-libpcre.a(9) : error C2018: unknown character '0x18'
C:\xml-pcre-next\legacy-libpcre.a(9) : error C2018: unknown character '0x10'
C:\xml-pcre-next\legacy-libpcre.a(9) : error C2018: unknown character '0x14'
C:\xml-pcre-next\legacy-libpcre.a(9) : fatal error C1003: error count exceeds 100; stopping compilation
Generating Code...
