Microsoft (R) COFF/PE Dumper Version 12.00.40629.0
Copyright (C) Microsoft Corporation.  All rights reserved.


Dump of file C:\pipe-live27\build-v1\x86-Release\host.exe

File Type: EXECUTABLE IMAGE

  Section contains the following imports:

    USER32.dll
                41B134 Import Address Table
                422138 Import Name Table
                     0 time date stamp
                     0 Index of first forwarder reference

                  22F LoadStringA

    mss32.dll
                41B13C Import Address Table
                422140 Import Name Table
                     0 time date stamp
                     0 Index of first forwarder reference

                   69 _AIL_last_error@0
                  104 _AIL_set_preference@8
                   64 _AIL_get_preference@4
                   FE _AIL_set_listener_3D_orientation@28
                  101 _AIL_set_listener_3D_velocity_vector@16
                   FF _AIL_set_listener_3D_position@16
                  10C _AIL_set_sample_3D_velocity_vector@16
                  10A _AIL_set_sample_3D_position@16
                  108 _AIL_set_sample_3D_distances@16
                  11B _AIL_set_sample_occlusion@8
                  11A _AIL_set_sample_obstruction@8
                   F3 _AIL_set_3D_rolloff_factor@8
                  106 _AIL_set_room_type@8
                  143 _AIL_stream_ms_position@12
                  12C _AIL_set_stream_ms_position@8
                  146 _AIL_stream_status@4
                  12A _AIL_set_stream_loop_block@12
                  12B _AIL_set_stream_loop_count@8
                  13A _AIL_start_stream@4
                   D8 _AIL_sample_ms_position@12
                  119 _AIL_set_sample_ms_position@8
                   2A _AIL_active_sample_count@4
                   DD _AIL_sample_position@4
                  11D _AIL_set_sample_position@8
                  105 _AIL_set_redist_directory@4
                   E3 _AIL_sample_volume_levels@12
                   DC _AIL_sample_playback_rate@4
                   E1 _AIL_sample_status@4
                  116 _AIL_set_sample_loop_block@12
                  117 _AIL_set_sample_loop_count@8
                  11F _AIL_set_sample_reverb_levels@12
                  121 _AIL_set_sample_volume_levels@12
                  11C _AIL_set_sample_playback_rate@8
                   4D _AIL_end_sample@4
                  13E _AIL_stop_sample@4
                  138 _AIL_start_sample@4
                   48 _AIL_digital_latency@4
                   43 _AIL_digital_CPU_percent@4
                   57 _AIL_file_error@0
                   EF _AIL_serve@0
                   65 _AIL_get_timer_highest_delay@0
                   6D _AIL_listener_3D_orientation@28
                   6F _AIL_listener_3D_velocity@16
                   6E _AIL_listener_3D_position@16
                   19 _AIL_3D_rolloff_factor@4
                   C6 _AIL_room_type@4
                  135 _AIL_speaker_configuration@20
                   81 _AIL_open_digital_driver@16
                  133 _AIL_shutdown@0
                  13C _AIL_startup@0
                   DF _AIL_sample_reverb_levels@12

    KERNEL32.dll
                41B000 Import Address Table
                422004 Import Name Table
                     0 time date stamp
                     0 Index of first forwarder reference

                  121 EncodePointer
                  44E ReadConsoleW
                  4EA SetEndOfFile
                   C2 CreateFileW
                  5E0 WriteConsoleW
                  522 SetStdHandle
                  3FA OutputDebugStringW
                  4FD SetFilePointerEx
                  1EE GetConsoleMode
                  1DC GetConsoleCP
                  192 FlushFileBuffers
                  2C5 GetStringTypeW
                  336 HeapReAlloc
                  3A7 LoadLibraryExW
                  396 LCMapStringW
                  267 GetModuleHandleW
                  574 TlsFree
                  576 TlsSetValue
                  575 TlsGetValue
                  573 TlsAlloc
                  561 TerminateProcess
                  209 GetCurrentProcess
                  552 Sleep
                  348 InitializeCriticalSectionAndSpinCount
                  543 SetUnhandledExceptionFilter
                  582 UnhandledExceptionFilter
                  19D FreeEnvironmentStringsW
                  227 GetEnvironmentStringsW
                  2D6 GetSystemTimeAsFileTime
                  20A GetCurrentProcessId
                  42D QueryPerformanceCounter
                  263 GetModuleFileNameW
                  2A2 GetProcessHeap
                  2BE GetStartupInfoW
                  23E GetFileType
                  2C0 GetStdHandle
                  105 DeleteCriticalSection
                  1B3 GetCPInfo
                  286 GetOEMCP
                  1A4 GetACP
                  372 IsValidCodePage
                  338 HeapSize
                  450 ReadFile
                  5E1 WriteFile
                   7F CloseHandle
                  250 GetLastError
                  287 GetOverlappedResult
                   6B CancelIoEx
                  4A2 ResetEvent
                   B3 CreateEventA
                  2F3 GetTickCount64
                  5A9 WaitForMultipleObjects
                   BA CreateFileA
                  55C SwitchToThread
                  19E FreeLibrary
                  262 GetModuleFileNameA
                  265 GetModuleHandleExA
                  272 GetNamedPipeServerProcessId
                  440 RaiseException
                  4AD RtlUnwind
                   FE DecodePointer
                  125 EnterCriticalSection
                  3A2 LeaveCriticalSection
                  1C8 GetCommandLineA
                  32F HeapAlloc
                  333 HeapFree
                  36D IsProcessorFeaturePresent
                  367 IsDebuggerPresent
                  50B SetLastError
                  20E GetCurrentThreadId
                  151 ExitProcess
                  266 GetModuleHandleExW
                  29D GetProcAddress
                   1B AreFileApisANSI
                  3D1 MultiByteToWideChar
                  5CD WideCharToMultiByte

  Summary

        4000 .data
        8000 .rdata
        2000 .reloc
       1A000 .text
