
Searching libraries
    Searching R:\repo\src\compile\deps\v120\x64\Release\stlport.lib:
    Searching ..\..\..\..\..\..\..\src\compile\x64\archive\Release\archive.lib:
    Searching ..\..\..\..\..\..\..\src\compile\x64\blat\Release\blat.lib:
    Searching ..\..\..\..\..\..\..\src\compile\x64\clientAnimation\Release\clientAnimation.lib:
    Searching ..\..\..\..\..\..\..\src\compile\x64\clientAudio\Release\clientAudio.lib:
    Searching ..\..\..\..\..\..\..\src\compile\x64\clientBugReporting\Release\clientBugReporting.lib:
    Searching ..\..\..\..\..\..\..\src\compile\x64\clientDirectInput\Release\clientDirectInput.lib:
    Searching ..\..\..\..\..\..\..\src\compile\x64\clientGame\Release\clientGame.lib:
    Searching ..\..\..\..\..\..\..\src\compile\x64\clientGraphics\Release\clientGraphics.lib:
    Searching ..\..\..\..\..\..\..\src\compile\x64\clientObject\Release\clientObject.lib:
    Searching ..\..\..\..\..\..\..\src\compile\x64\clientParticle\Release\clientParticle.lib:
    Searching ..\..\..\..\..\..\..\src\compile\x64\clientSkeletalAnimation\Release\clientSkeletalAnimation.lib:
    Searching ..\..\..\..\..\..\..\src\compile\x64\clientTerrain\Release\clientTerrain.lib:
    Searching ..\..\..\..\..\..\..\src\compile\x64\clientTextureRenderer\Release\clientTextureRenderer.lib:
    Searching ..\..\..\..\..\..\..\src\compile\x64\clientUserInterface\Release\clientUserInterface.lib:
    Searching ..\..\..\..\..\..\..\src\compile\x64\crypto\Release\crypto.lib:
    Searching ..\..\..\..\..\..\..\src\compile\x64\Direct3d9\Release\gl05_r.lib:
    Searching ..\..\..\..\..\..\..\src\compile\x64\Direct3d9_ffp\Release\gl06_r.lib:
    Searching ..\..\..\..\..\..\..\src\compile\x64\Direct3d9_vsps\Release\gl07_r.lib:
    Searching ..\..\..\..\..\..\..\src\compile\x64\fileInterface\Release\fileInterface.lib:
    Searching ..\..\..\..\..\..\..\src\compile\x64\lcdui\Release\lcdui.lib:
    Searching ..\..\..\..\..\..\..\src\compile\x64\libEverQuestTCG\Release\libEverQuestTCG.lib:
    Searching ..\..\..\..\..\..\..\src\compile\x64\localization\Release\localization.lib:
    Searching ..\..\..\..\..\..\..\src\compile\x64\localizationArchive\Release\localizationArchive.lib:
    Searching ..\..\..\..\..\..\..\src\compile\x64\sharedCollision\Release\sharedCollision.lib:
    Searching ..\..\..\..\..\..\..\src\compile\x64\sharedCommandParser\Release\sharedCommandParser.lib:
    Searching ..\..\..\..\..\..\..\src\compile\x64\sharedCompression\Release\sharedCompression.lib:
    Searching ..\..\..\..\..\..\..\src\compile\x64\sharedFile\Release\sharedFile.lib:
    Searching ..\..\..\..\..\..\..\src\compile\x64\sharedFoundation\Release\sharedFoundation.lib:
    Searching ..\..\..\..\..\..\..\src\compile\x64\sharedFractal\Release\sharedFractal.lib:
    Searching ..\..\..\..\..\..\..\src\compile\x64\sharedGame\Release\sharedGame.lib:
    Searching ..\..\..\..\..\..\..\src\compile\x64\sharedImage\Release\sharedImage.lib:
    Searching ..\..\..\..\..\..\..\src\compile\x64\sharedInputMap\Release\sharedInputMap.lib:
    Searching ..\..\..\..\..\..\..\src\compile\x64\sharedIoWin\Release\sharedIoWin.lib:
    Searching ..\..\..\..\..\..\..\src\compile\x64\sharedLog\Release\sharedLog.lib:
    Searching ..\..\..\..\..\..\..\src\compile\x64\sharedMath\Release\sharedMath.lib:
    Searching ..\..\..\..\..\..\..\src\compile\x64\sharedMemoryManager\Release\sharedMemoryManager.lib:
    Searching ..\..\..\..\..\..\..\src\compile\x64\sharedMessageDispatch\Release\sharedMessageDispatch.lib:
    Searching ..\..\..\..\..\..\..\src\compile\x64\sharedNetwork\Release\sharedNetwork.lib:
    Searching ..\..\..\..\..\..\..\src\compile\x64\sharedNetworkMessages\Release\sharedNetworkMessages.lib:
    Searching ..\..\..\..\..\..\..\src\compile\x64\sharedObject\Release\sharedObject.lib:
    Searching ..\..\..\..\..\..\..\src\compile\x64\sharedPathfinding\Release\sharedPathfinding.lib:
    Searching ..\..\..\..\..\..\..\src\compile\x64\sharedRandom\Release\sharedRandom.lib:
    Searching ..\..\..\..\..\..\..\src\compile\x64\sharedRegex\Release\sharedRegex.lib:
    Searching ..\..\..\..\..\..\..\src\compile\x64\sharedSkillSystem\Release\sharedSkillSystem.lib:
    Searching ..\..\..\..\..\..\..\src\compile\x64\sharedStatusWindow\Release\sharedStatusWindow.lib:
    Searching ..\..\..\..\..\..\..\src\compile\x64\sharedSwitcher\Release\sharedSwitcher.lib:
    Searching ..\..\..\..\..\..\..\src\compile\x64\sharedSynchronization\Release\sharedSynchronization.lib:
    Searching ..\..\..\..\..\..\..\src\compile\x64\sharedTerrain\Release\sharedTerrain.lib:
    Searching ..\..\..\..\..\..\..\src\compile\x64\sharedThread\Release\sharedThread.lib:
    Searching ..\..\..\..\..\..\..\src\compile\x64\sharedUtility\Release\sharedUtility.lib:
    Searching ..\..\..\..\..\..\..\src\compile\x64\sharedXml\Release\sharedXml.lib:
    Searching ..\..\..\..\..\..\..\src\compile\x64\swgClientUserInterface\Release\swgClientUserInterface.lib:
    Searching ..\..\..\..\..\..\..\src\compile\x64\swgSharedNetworkMessages\Release\swgSharedNetworkMessages.lib:
    Searching ..\..\..\..\..\..\..\src\compile\x64\swgSharedUtility\Release\swgSharedUtility.lib:
    Searching ..\..\..\..\..\..\..\src\compile\x64\udplibrary\Release\udplibrary.lib:
    Searching ..\..\..\..\..\..\..\src\compile\x64\ui\Release\ui.lib:
    Searching ..\..\..\..\..\..\..\src\compile\x64\unicode\Release\unicode.lib:
    Searching ..\..\..\..\..\..\..\src\compile\x64\unicodeArchive\Release\unicodeArchive.lib:
    Searching ..\..\..\..\..\..\..\src\compile\x64\sharedDebug\Release\sharedDebug.lib:
    Searching ..\..\..\..\..\..\..\src\compile\x64\zlib\Release\zlib.lib:
    Searching ..\..\..\..\..\..\..\src\external\3rd\library\ati_compress\ATI_Compress.lib:
    Searching ..\..\..\..\..\..\..\src\external\3rd\library\atlmfc\lib\atldload.lib:
    Searching ..\..\..\..\..\..\..\src\external\3rd\library\atlmfc\lib\atlsd.lib:
    Searching ..\..\..\..\..\..\..\src\external\3rd\library\atlmfc\lib\eafxisd.lib:
    Searching ..\..\..\..\..\..\..\src\external\3rd\library\atlmfc\lib\atl.lib:
    Searching ..\..\..\..\..\..\..\src\external\3rd\library\atlmfc\lib\MFCM80D.lib:
    Searching ..\..\..\..\..\..\..\src\external\3rd\library\atlmfc\lib\MFCM80UD.lib:
    Searching ..\..\..\..\..\..\..\src\external\3rd\library\atlmfc\lib\MFCS80D.lib:
    Searching ..\..\..\..\..\..\..\src\external\3rd\library\atlmfc\lib\MFCS80UD.lib:
    Searching ..\..\..\..\..\..\..\src\external\3rd\library\atlmfc\lib\NafxcWD.lib:
    Searching ..\..\..\..\..\..\..\src\external\3rd\library\atlmfc\lib\NAFXISD.lib:
    Searching ..\..\..\..\..\..\..\src\external\3rd\library\atlmfc\lib\UafxcWD.lib:
    Searching ..\..\..\..\..\..\..\src\external\3rd\library\atlmfc\lib\mfc80d.lib:
    Searching ..\..\..\..\..\..\..\src\external\3rd\library\atlmfc\lib\mfc80ud.lib:
    Searching ..\..\..\..\..\..\..\src\external\3rd\library\atlmfc\lib\mfcdload.lib:
    Searching ..\..\..\..\..\..\..\src\external\3rd\library\bink\lib\win32\binkw32.lib:
    Searching ..\..\..\..\..\..\..\src\external\3rd\library\DejaInsight\DejaDLL.Win32.lib:
    Searching ..\..\..\..\..\..\..\src\external\3rd\library\DejaInsight\DejaLib.Win32.lib:
    Searching ..\..\..\..\..\..\..\src\external\3rd\library\DejaInsight\DejaLib.X360.lib:
    Searching C:/SDKs/DXSDK\Lib\x64\d3d9.lib:
    Searching ..\..\..\..\..\..\..\src\external\3rd\library\directx9\lib\d3dx.lib:
    Searching C:/SDKs/DXSDK\Lib\x64\d3dx9.lib:
    Searching ..\..\..\..\..\..\..\src\external\3rd\library\directx9\lib\d3dx9dt.lib:
    Searching ..\..\..\..\..\..\..\src\external\3rd\library\directx9\lib\ddraw.lib:
    Searching C:/SDKs/DXSDK\Lib\x64\dinput8.lib:
    Searching ..\..\..\..\..\..\..\src\external\3rd\library\directx9\lib\dsetup.lib:
    Searching C:/SDKs/DXSDK\Lib\x64\dsound.lib:
    Searching ..\..\..\..\..\..\..\src\external\3rd\library\directx9\lib\DxErr9.lib:
    Searching C:/SDKs/DXSDK\Lib\x64\dxguid.lib:
    Searching ..\..\..\..\..\..\..\src\compile\x64\dpvs\Release\dpvs.lib:
    Searching ..\..\..\..\..\..\..\src\external\3rd\library\lcdui\lib\lgLcd.lib:
    Searching ..\..\..\..\..\..\..\src\external\3rd\library\libjpeg\lib\libjpeg.lib:
    Searching ..\..\..\..\..\..\..\src\external\3rd\library\libxml2-2.6.7.win32\lib\libxml2-win32-release.lib:
    Searching ..\..\..\..\..\..\..\src\external\3rd\library\miles\lib\win\Mss32.lib:
    Searching ..\..\..\..\..\..\..\src\external\3rd\library\ms_unicode\unicows.lib:
    Searching ..\..\..\..\..\..\..\src\external\3rd\library\nvtristrip\NvTriStrip.lib:
    Searching ..\..\..\..\..\..\..\src\external\3rd\library\soePlatform\libs\Win32-Release\Base.lib:
    Searching ..\..\..\..\..\..\..\src\external\3rd\library\soePlatform\libs\Win32-Release\Base_vchat.lib:
    Searching ..\..\..\..\..\..\..\src\external\3rd\library\soePlatform\libs\Win32-Release\ChatAPI.lib:
    Searching ..\..\..\..\..\..\..\src\external\3rd\library\soePlatform\libs\Win32-Release\ChatMono.lib:
    Searching ..\..\..\..\..\..\..\src\external\3rd\library\soePlatform\libs\Win32-Release\CommodityAPI.lib:
    Searching ..\..\..\..\..\..\..\src\external\3rd\library\soePlatform\libs\Win32-Release\dbgutil.lib:
    Searching ..\..\..\..\..\..\..\src\external\3rd\library\soePlatform\libs\Win32-Release\monapi.lib:
    Searching ..\..\..\..\..\..\..\src\external\3rd\library\soePlatform\libs\Win32-Release\Network.lib:
    Searching ..\..\..\..\..\..\..\src\external\3rd\library\soePlatform\libs\Win32-Release\rdp.lib:
    Searching ..\..\..\..\..\..\..\src\external\3rd\library\soePlatform\libs\Win32-Release\TcpLibrary.lib:
    Searching ..\..\..\..\..\..\..\src\external\3rd\library\soePlatform\libs\Win32-Release\VChatAPI.lib:
    Searching ..\..\..\..\..\..\..\src\external\3rd\library\stationapi\989crypt.lib:
    Searching ..\..\..\..\..\..\..\src\external\3rd\library\tinyxml\lib\tinyxmld.lib:
    Searching ..\..\..\..\..\..\..\src\external\3rd\library\tinyxml\lib\tinyxmld_STL.lib:
    Searching ..\..\..\..\..\..\..\src\external\3rd\library\videocapture\AudioCapture\lib\win32\AudioCapture.lib:
    Searching ..\..\..\..\..\..\..\src\external\3rd\library\videocapture\CaptureCommon\lib\win32\CaptureCommon_release.lib:
    Searching ..\..\..\..\..\..\..\src\external\3rd\library\videocapture\ImageCapture\lib\win32\ImageCapture_release.lib:
    Searching ..\..\..\..\..\..\..\src\external\3rd\library\videocapture\PICTools\Lib\win32\picn20md.lib:
    Searching ..\..\..\..\..\..\..\src\external\3rd\library\videocapture\Smart\lib\win32\Smart_debug.lib:
    Searching ..\..\..\..\..\..\..\src\external\3rd\library\videocapture\SoeUtil\lib\win32\SoeUtil_debug.lib:
    Searching ..\..\..\..\..\..\..\src\external\3rd\library\videocapture\VideoCapture\lib\win32\VideoCapture_release.lib:
    Searching ..\..\..\..\..\..\..\src\external\3rd\library\videocapture\ZlibUtil\lib\win32\ZlibUtil_release.lib:
    Searching ..\..\..\..\..\..\..\src\external\3rd\library\vivox\lib\libsndfile-1.lib:
    Searching ..\..\..\..\..\..\..\src\external\3rd\library\vivox\lib\vivoxplatform.lib:
    Searching ..\..\..\..\..\..\..\src\external\3rd\library\vivox\lib\vivoxsdk.lib:
    Searching ..\..\..\..\..\..\..\src\external\3rd\library\vivoxSharedWrapper\lib\vivoxSharedWrapper_Release.lib:
vivoxSharedWrapper_Release.lib(vivox.obj) : fatal error LNK1112: module machine type 'X86' conflicts with target machine type 'x64'
