reply request=1 opcode=4096 status=0 bytes=128 sha256=ef71e2da96c837c76cf5a738ed46873cd52d4a023f741ed495048510cddd68f0 return_bits=0 value3=0 null_mask=0 text_hex=-
reply request=2 opcode=4101 status=0 bytes=133 sha256=856937200827297c8bfcbf7215f5506299e43fae098b398cbb64541b1ab5129b return_bits=0 value3=0 null_mask=0 text_hex=372e326100
reply request=3 opcode=34 status=0 bytes=129 sha256=54a606e6f19a22c34d2a92bdc54c97805bd66ba9cbe68501c8811b4dc3d898ca return_bits=0 value3=0 null_mask=0 text_hex=00
reply request=4 opcode=34 status=0 bytes=135 sha256=27ed54c425aed89d3e634c9a9bb4075b9c2e179dcba464132c2f804687843d48 return_bits=0 value3=0 null_mask=0 text_hex=6d696c65732f00
reply request=5 opcode=34 status=3 bytes=128 sha256=64b63476a17f39f7b611737a23b382f117ce65e07058eeae6a94d795b6bffd02 return_bits=0 value3=0 null_mask=0 text_hex=-
reply request=6 opcode=56 status=0 bytes=128 sha256=d859168d75e7848155d1e42f74e0c85228343c8c6fec8a92b63f23ef27654afd return_bits=1 value3=0 null_mask=0 text_hex=-
reply request=7 opcode=10 status=0 bytes=128 sha256=a63e34330595dfa8ed56a00a8fbc7e41c12eed7d5af6c5eaa36e5d59e491c8a3 return_bits=64 value3=0 null_mask=0 text_hex=-
mixer=64
reply request=8 opcode=10 status=0 bytes=128 sha256=deb5b77e5e46072ac35f9941b5ba53259b42ec2aafafbc4feafe218a01eee4de return_bits=8 value3=0 null_mask=0 text_hex=-
reply request=9 opcode=12 status=0 bytes=151 sha256=13ceb7b50af8e8be41153b9497fce8459a2d98a8a98db0a473909e66b9678eb7 return_bits=0 value3=0 null_mask=0 text_hex=7374617274757020627269646765323320666972737400
reply request=10 opcode=12 status=0 bytes=153 sha256=cbd469330be91f4923c648534507b2c34c8e6e31da68612ae77064cf88be2c01 return_bits=0 value3=0 null_mask=0 text_hex=73746172747570206272696467653233206368616e67656400
reply request=11 opcode=33 status=0 bytes=128 sha256=792fa02f13f1906a67392fd98beba9e29423287a4af0d3a289c5d406e9943083 return_bits=8 value3=0 null_mask=0 text_hex=-
reply request=12 opcode=10 status=0 bytes=128 sha256=e76c6742aa7fcfe16eeefd964d486ca47b7755330026a211cd9cc10942c84dfe return_bits=16 value3=0 null_mask=0 text_hex=-
reply request=13 opcode=33 status=0 bytes=128 sha256=ce1f63acf3e320253580e36161067b9677bafeaf64138fad0b3b8fba11d6817e return_bits=16 value3=0 null_mask=0 text_hex=-
reply request=14 opcode=10 status=0 bytes=128 sha256=7733d6b8cdf64d0281dec5e2e76c42f488d9b43e351130de4b2b676fe04fa015 return_bits=64 value3=0 null_mask=0 text_hex=-
reply request=15 opcode=33 status=3 bytes=128 sha256=d7d266ef63a4d73e6b39bf62a783d7667fb59060c5e77d20857b7746942c9e01 return_bits=0 value3=0 null_mask=0 text_hex=-
reply request=16 opcode=10 status=0 bytes=128 sha256=6055d6bf854ca1da937a7f6b07619c64fc6143bbc9329a8d73f4c0e636223d19 return_bits=64 value3=0 null_mask=0 text_hex=-
ALSA lib control.c:1575:(snd_ctl_open_noupdate) [error.control] Invalid CTL hw:0
ALSA lib control.c:1575:(snd_ctl_open_noupdate) [error.control] Invalid CTL hw:1
ALSA lib control.c:1575:(snd_ctl_open_noupdate) [error.control] Invalid CTL hw:0
ALSA lib control.c:1575:(snd_ctl_open_noupdate) [error.control] Invalid CTL hw:1
reply request=17 opcode=14 status=0 bytes=128 sha256=10c9fee2c2723e74b9e2eb8e1e92e349a5166546de191e7db6bb2f909b970bd4 return_bits=0 value3=0 null_mask=0 text_hex=-
reply request=18 opcode=53 status=3 bytes=128 sha256=09ba5af0908077bc4e9ff5d6fd823b3a5da02e071619c064b51d22dab723321a return_bits=0 value3=0 null_mask=0 text_hex=-
reply request=19 opcode=53 status=2 bytes=128 sha256=f32ec4809ee3ab8eff9be3b573f56430c72b3c265aeededa0476aec6d50c8388 return_bits=0 value3=0 null_mask=0 text_hex=-
reply request=20 opcode=53 status=0 bytes=128 sha256=6747a711782e4bf606eca60f0004c415441c7396f2bc3684e2ac3cae2c0dc794 return_bits=0 value3=2 null_mask=0 text_hex=-
reply request=21 opcode=52 status=0 bytes=128 sha256=e758ce54e492439dd388ebfff0105d37f1b146b3e7f5536f64a8124da130eea8 return_bits=0 value3=0 null_mask=0 text_hex=-
reply request=22 opcode=10 status=4097 bytes=128 sha256=cd3eba243a6a7b1dfb942fdf245658e0ed87511223bffa4aec7e24726c3d845c return_bits=0 value3=0 null_mask=0 text_hex=-
reply request=23 opcode=4109 status=0 bytes=128 sha256=f7296b97374f6a1ee276a77263cf6e3794556c0fd2b69341f9ed769c4cd9e284 return_bits=0 value3=0 null_mask=0 text_hex=-
PASS 23 framed requests; real64to32 startup metadata; no samples/playback
