event=entry tick=188726049 thread=684 cw=027f mxcsr=00001f80
ALSA lib control.c:1575:(snd_ctl_open_noupdate) [error.control] Invalid CTL hw:0
ALSA lib control.c:1575:(snd_ctl_open_noupdate) [error.control] Invalid CTL hw:1
ALSA lib control.c:1575:(snd_ctl_open_noupdate) [error.control] Invalid CTL hw:0
ALSA lib control.c:1575:(snd_ctl_open_noupdate) [error.control] Invalid CTL hw:1
runtime-resource-version=7.2a wave-devices=1
startup=1 error=
event=startup tick=188726220 thread=684 cw=027f mxcsr=00001f80
event=decode-start tick=188726220 thread=684 cw=027f mxcsr=00001f80
decode-okay=1 bytes=428588 error=
event=decode-end tick=188726221 thread=684 cw=027f mxcsr=00001fa0
module=C:\vendor-miles-probe\probe-drain-isolated.exe
module=C:\windows\system32\ntdll.dll
module=C:\windows\system32\kernel32.dll
module=C:\windows\system32\kernelbase.dll
module=C:\windows\system32\WINMM.dll
module=C:\windows\system32\advapi32.dll
module=C:\windows\system32\msvcrt.dll
module=C:\windows\system32\sechost.dll
module=C:\windows\system32\ucrtbase.dll
module=C:\windows\system32\msacm32.dll
module=C:\windows\system32\user32.dll
module=C:\windows\system32\gdi32.dll
module=C:\windows\system32\win32u.dll
module=C:\windows\system32\ole32.dll
module=C:\windows\system32\combase.dll
module=C:\windows\system32\rpcrt4.dll
module=C:\windows\system32\cryptbase.dll
module=C:\windows\system32\coml2.dll
module=C:\windows\system32\imm32.dll
module=C:\vendor-miles-probe\Mss32.dll
module=c:\windows\system32\winex11.drv
module=C:\windows\system32\uxtheme.dll
module=C:\windows\system32\mmdevapi.dll
module=C:\windows\system32\oleaut32.dll
module=C:\windows\system32\version.dll
module=C:\vendor-miles-probe\miles\mssmp3.asi
module=C:\vendor-miles-probe\miles\mssogg.asi
module=C:\vendor-miles-probe\miles\mssvoice.asi
driver=00837E20 error=
module=C:\vendor-miles-probe\probe-drain-isolated.exe
module=C:\windows\system32\ntdll.dll
module=C:\windows\system32\kernel32.dll
module=C:\windows\system32\kernelbase.dll
module=C:\windows\system32\WINMM.dll
module=C:\windows\system32\advapi32.dll
module=C:\windows\system32\msvcrt.dll
module=C:\windows\system32\sechost.dll
module=C:\windows\system32\ucrtbase.dll
module=C:\windows\system32\msacm32.dll
module=C:\windows\system32\user32.dll
module=C:\windows\system32\gdi32.dll
module=C:\windows\system32\win32u.dll
module=C:\windows\system32\ole32.dll
module=C:\windows\system32\combase.dll
module=C:\windows\system32\rpcrt4.dll
module=C:\windows\system32\cryptbase.dll
module=C:\windows\system32\coml2.dll
module=C:\windows\system32\imm32.dll
module=C:\vendor-miles-probe\Mss32.dll
module=c:\windows\system32\winex11.drv
module=C:\windows\system32\uxtheme.dll
module=C:\windows\system32\mmdevapi.dll
module=C:\windows\system32\oleaut32.dll
module=C:\windows\system32\version.dll
module=C:\vendor-miles-probe\miles\mssmp3.asi
module=C:\vendor-miles-probe\miles\mssogg.asi
module=C:\vendor-miles-probe\miles\mssvoice.asi
module=C:\windows\system32\DSOUND.DLL
stream=00889A00 error=
event=stream-start tick=188726318 thread=684 cw=027f mxcsr=00001fa0
stream tick=188726319 status=4
stream tick=188726319 status=4
stream tick=188726335 status=4
stream tick=188726335 status=4
stream tick=188726360 status=4
stream tick=188726360 status=4
stream tick=188726376 status=4
stream tick=188726376 status=4
stream tick=188726392 status=4
stream tick=188726408 status=4
stream tick=188726408 status=4
stream tick=188726424 status=4
stream tick=188726440 status=4
stream tick=188726440 status=4
stream tick=188726457 status=4
stream tick=188726473 status=4
stream tick=188726473 status=4
stream tick=188726489 status=4
stream tick=188726505 status=4
stream tick=188726505 status=4
stream tick=188726521 status=4
stream tick=188726521 status=4
stream tick=188726537 status=4
stream tick=188726553 status=4
stream tick=188726553 status=4
stream tick=188726569 status=4
stream tick=188726585 status=4
stream tick=188726585 status=4
event=stream-eos tick=188726601 thread=732 cw=027f mxcsr=00001f80
event=stream-drain-start tick=188726601 thread=684 cw=027f mxcsr=00001fa0
event=stream-drain-end tick=188727116 thread=684 cw=027f mxcsr=00001fa0
module=C:\vendor-miles-probe\probe-drain-isolated.exe
module=C:\windows\system32\ntdll.dll
module=C:\windows\system32\kernel32.dll
module=C:\windows\system32\kernelbase.dll
module=C:\windows\system32\WINMM.dll
module=C:\windows\system32\advapi32.dll
module=C:\windows\system32\msvcrt.dll
module=C:\windows\system32\sechost.dll
module=C:\windows\system32\ucrtbase.dll
module=C:\windows\system32\msacm32.dll
module=C:\windows\system32\user32.dll
module=C:\windows\system32\gdi32.dll
module=C:\windows\system32\win32u.dll
module=C:\windows\system32\ole32.dll
module=C:\windows\system32\combase.dll
module=C:\windows\system32\rpcrt4.dll
module=C:\windows\system32\cryptbase.dll
module=C:\windows\system32\coml2.dll
module=C:\windows\system32\imm32.dll
module=C:\vendor-miles-probe\Mss32.dll
module=c:\windows\system32\winex11.drv
module=C:\windows\system32\uxtheme.dll
module=C:\windows\system32\mmdevapi.dll
module=C:\windows\system32\oleaut32.dll
module=C:\windows\system32\version.dll
module=C:\vendor-miles-probe\miles\mssmp3.asi
module=C:\vendor-miles-probe\miles\mssogg.asi
module=C:\vendor-miles-probe\miles\mssvoice.asi
module=C:\windows\system32\DSOUND.DLL
event=shutdown tick=188727142 thread=684 cw=027f mxcsr=00001fa0
sample-eos=0 stream-eos=1
