[
  {
    "arch": "x86",
    "config": "Debug",
    "variant": "actual",
    "build_exit": 2
  },
  {
    "arch": "x86",
    "config": "Debug",
    "variant": "premature-seal",
    "build_exit": 2
  },
  {
    "arch": "x86",
    "config": "Release",
    "variant": "actual",
    "build_exit": 2
  },
  {
    "arch": "x86",
    "config": "Release",
    "variant": "premature-seal",
    "build_exit": 2
  },
  {
    "arch": "amd64",
    "config": "Debug",
    "variant": "actual",
    "build_exit": 2
  },
  {
    "arch": "amd64",
    "config": "Debug",
    "variant": "premature-seal",
    "build_exit": 2
  },
  {
    "arch": "amd64",
    "config": "Release",
    "variant": "actual",
    "build_exit": 2
  },
  {
    "arch": "amd64",
    "config": "Release",
    "variant": "premature-seal",
    "build_exit": 2
  }
]
C:\miles-upload-parent17\run.py:4: DeprecationWarning: Python 3.14 will, by default, filter extracted tar archives and reject files or modify their metadata. Use the filter argument to control this behavior.
  with tarfile.open(r/'input.tar') as t:t.extractall(r)
