Microsoft (R) COFF/PE Dumper Version 12.00.40629.0
Copyright (C) Microsoft Corporation.  All rights reserved.


Dump of file C:\native-runtime58\results\x86\host-thunks\host-thunks.obj

File Type: COFF OBJECT

COFF SYMBOL TABLE
000 00E19EB5 ABS    notype       Static       | @comp.id
001 80000191 ABS    notype       Static       | @feat.00
002 00000000 SECT1  notype       Static       | .drectve
    Section length  31C, #relocs    0, #linenums    0, checksum        0
004 00000000 SECT2  notype       Static       | .debug$S
    Section length 83E8, #relocs    8, #linenums    0, checksum        0
006 00000000 SECT3  notype       Static       | .debug$T
    Section length   58, #relocs    0, #linenums    0, checksum        0
008 00000000 SECT4  notype       Static       | .bss
    Section length    6, #relocs    0, #linenums    0, checksum        0
00A 00000000 SECT4  notype       External     | ?published@?A0x06616879@MilesHostRuntime50@@3RAVRuntime@2@A (class MilesHostRuntime50::Runtime * MilesHostRuntime50::`anonymous namespace'::published)
00B 00000000 SECT5  notype       Static       | .text$mn
    Section length   4B, #relocs    3, #linenums    0, checksum F1E8E6C1, selection    2 (pick any)
00D 00000000 SECT6  notype       Static       | .debug$S
    Section length  130, #relocs    5, #linenums    0, checksum        0, selection    5 (pick associative Section 0x5)
00F 00000000 SECT7  notype       Static       | .text$mn
    Section length   51, #relocs    3, #linenums    0, checksum D5437DAA, selection    2 (pick any)
011 00000000 SECT8  notype       Static       | .debug$S
    Section length  140, #relocs    5, #linenums    0, checksum        0, selection    5 (pick associative Section 0x7)
013 00000000 SECT9  notype       Static       | .text$mn
    Section length   27, #relocs    3, #linenums    0, checksum B60A734C, selection    2 (pick any)
015 00000000 SECTA  notype       Static       | .debug$S
    Section length  114, #relocs    5, #linenums    0, checksum        0, selection    5 (pick associative Section 0x9)
017 00000000 SECTB  notype       Static       | .text$mn
    Section length    8, #relocs    0, #linenums    0, checksum 9FC65074, selection    2 (pick any)
019 00000000 SECTC  notype       Static       | .debug$S
    Section length   E0, #relocs    5, #linenums    0, checksum        0, selection    5 (pick associative Section 0xB)
01B 00000000 SECTD  notype       Static       | .text$mn
    Section length   3B, #relocs    3, #linenums    0, checksum 23F3260B, selection    2 (pick any)
01D 00000000 SECTE  notype       Static       | .debug$S
    Section length  138, #relocs    5, #linenums    0, checksum        0, selection    5 (pick associative Section 0xD)
01F 00000000 SECTF  notype       Static       | .text$mn
    Section length   A1, #relocs    5, #linenums    0, checksum E5CE102A, selection    2 (pick any)
021 00000000 SECT10 notype       Static       | .debug$S
    Section length  1E0, #relocs    B, #linenums    0, checksum        0, selection    5 (pick associative Section 0xF)
023 00000000 SECT11 notype       Static       | .text$x
    Section length   2C, #relocs    4, #linenums    0, checksum E967D733, selection    5 (pick associative Section 0xF)
025 00000000 SECT12 notype       Static       | .text$mn
    Section length   25, #relocs    3, #linenums    0, checksum C0012756, selection    2 (pick any)
027 00000000 SECT13 notype       Static       | .debug$S
    Section length  13C, #relocs    5, #linenums    0, checksum        0, selection    5 (pick associative Section 0x12)
029 00000000 SECT14 notype       Static       | .text$mn
    Section length   A7, #relocs    5, #linenums    0, checksum F91A38B1, selection    2 (pick any)
02B 00000000 SECT15 notype       Static       | .debug$S
    Section length  288, #relocs    B, #linenums    0, checksum        0, selection    5 (pick associative Section 0x14)
02D 00000000 SECT16 notype       Static       | .text$x
    Section length   2C, #relocs    4, #linenums    0, checksum E967D733, selection    5 (pick associative Section 0x14)
02F 00000000 SECT17 notype       Static       | .text$mn
    Section length   2E, #relocs    2, #linenums    0, checksum 6D820241, selection    2 (pick any)
031 00000000 SECT18 notype       Static       | .debug$S
    Section length  114, #relocs    5, #linenums    0, checksum        0, selection    5 (pick associative Section 0x17)
033 00000000 SECT19 notype       Static       | .text$mn
    Section length   14, #relocs    0, #linenums    0, checksum F845166C, selection    2 (pick any)
035 00000000 SECT1A notype       Static       | .debug$S
    Section length   FC, #relocs    5, #linenums    0, checksum        0, selection    5 (pick associative Section 0x19)
037 00000000 SECT1B notype       Static       | .text$mn
    Section length   18, #relocs    2, #linenums    0, checksum BC28C609, selection    2 (pick any)
039 00000000 SECT1C notype       Static       | .debug$S
    Section length  118, #relocs    5, #linenums    0, checksum        0, selection    5 (pick associative Section 0x1B)
03B 00000000 SECT1D notype       Static       | .text$mn
    Section length   14, #relocs    0, #linenums    0, checksum F845166C, selection    2 (pick any)
03D 00000000 SECT1E notype       Static       | .debug$S
    Section length  11C, #relocs    5, #linenums    0, checksum        0, selection    5 (pick associative Section 0x1D)
03F 00000000 SECT1F notype       Static       | .text$mn
    Section length    8, #relocs    0, #linenums    0, checksum 9FC65074, selection    2 (pick any)
041 00000000 SECT20 notype       Static       | .debug$S
    Section length   E4, #relocs    5, #linenums    0, checksum        0, selection    5 (pick associative Section 0x1F)
043 00000000 SECT21 notype       Static       | .text$mn
    Section length    8, #relocs    0, #linenums    0, checksum 9FC65074, selection    2 (pick any)
045 00000000 SECT22 notype       Static       | .debug$S
    Section length   F0, #relocs    5, #linenums    0, checksum        0, selection    5 (pick associative Section 0x21)
047 00000000 SECT23 notype       Static       | .text$mn
    Section length   69, #relocs    5, #linenums    0, checksum CFA5136E, selection    2 (pick any)
049 00000000 SECT24 notype       Static       | .debug$S
    Section length  28C, #relocs    B, #linenums    0, checksum        0, selection    5 (pick associative Section 0x23)
04B 00000000 SECT25 notype       Static       | .text$x
    Section length   23, #relocs    4, #linenums    0, checksum 5B6E1E5A, selection    5 (pick associative Section 0x23)
04D 00000000 SECT26 notype       Static       | .text$mn
    Section length   3B, #relocs    2, #linenums    0, checksum D880BDC7, selection    2 (pick any)
04F 00000000 SECT27 notype       Static       | .debug$S
    Section length  128, #relocs    5, #linenums    0, checksum        0, selection    5 (pick associative Section 0x26)
051 00000000 SECT28 notype       Static       | .text$mn
    Section length   27, #relocs    2, #linenums    0, checksum 44D871D1, selection    2 (pick any)
053 00000000 SECT29 notype       Static       | .debug$S
    Section length  110, #relocs    5, #linenums    0, checksum        0, selection    5 (pick associative Section 0x28)
055 00000000 SECT2A notype       Static       | .text$mn
    Section length   15, #relocs    0, #linenums    0, checksum 53E3D29E, selection    2 (pick any)
057 00000000 SECT2B notype       Static       | .debug$S
    Section length   E8, #relocs    5, #linenums    0, checksum        0, selection    5 (pick associative Section 0x2A)
059 00000000 SECT2C notype       Static       | .text$mn
    Section length   15, #relocs    0, #linenums    0, checksum 53E3D29E, selection    2 (pick any)
05B 00000000 SECT2D notype       Static       | .debug$S
    Section length  10C, #relocs    5, #linenums    0, checksum        0, selection    5 (pick associative Section 0x2C)
05D 00000000 SECT2E notype       Static       | .text$mn
    Section length   8B, #relocs    7, #linenums    0, checksum 6D509D33, selection    2 (pick any)
05F 00000000 SECT2F notype       Static       | .debug$S
    Section length  248, #relocs    B, #linenums    0, checksum        0, selection    5 (pick associative Section 0x2E)
061 00000000 SECT30 notype       Static       | .text$x
    Section length   23, #relocs    4, #linenums    0, checksum 47976750, selection    5 (pick associative Section 0x2E)
063 00000000 SECT31 notype       Static       | .text$mn
    Section length   1E, #relocs    0, #linenums    0, checksum E9D75CDE, selection    2 (pick any)
065 00000000 SECT32 notype       Static       | .debug$S
    Section length   EC, #relocs    5, #linenums    0, checksum        0, selection    5 (pick associative Section 0x31)
067 00000000 SECT33 notype       Static       | .text$mn
    Section length   28, #relocs    0, #linenums    0, checksum DD7C4DBB, selection    2 (pick any)
069 00000000 SECT34 notype       Static       | .debug$S
    Section length   EC, #relocs    5, #linenums    0, checksum        0, selection    5 (pick associative Section 0x33)
06B 00000000 SECT35 notype       Static       | .text$mn
    Section length   30, #relocs    3, #linenums    0, checksum D9E33CC6, selection    2 (pick any)
06D 00000000 SECT36 notype       Static       | .debug$S
    Section length   F8, #relocs    5, #linenums    0, checksum        0, selection    5 (pick associative Section 0x35)
06F 00000000 SECT37 notype       Static       | .text$mn
    Section length   30, #relocs    3, #linenums    0, checksum D9E33CC6, selection    2 (pick any)
071 00000000 SECT38 notype       Static       | .debug$S
    Section length   FC, #relocs    5, #linenums    0, checksum        0, selection    5 (pick associative Section 0x37)
073 00000000 SECT39 notype       Static       | .text$mn
    Section length   30, #relocs    3, #linenums    0, checksum D9E33CC6, selection    2 (pick any)
075 00000000 SECT3A notype       Static       | .debug$S
    Section length   F8, #relocs    5, #linenums    0, checksum        0, selection    5 (pick associative Section 0x39)
077 00000000 SECT3B notype       Static       | .text$mn
    Section length   1E, #relocs    1, #linenums    0, checksum E9D75CDE, selection    2 (pick any)
079 00000000 SECT3C notype       Static       | .debug$S
    Section length   E8, #relocs    5, #linenums    0, checksum        0, selection    5 (pick associative Section 0x3B)
07B 00000000 SECT3D notype       Static       | .text$mn
    Section length   28, #relocs    0, #linenums    0, checksum D33D4548, selection    2 (pick any)
07D 00000000 SECT3E notype       Static       | .debug$S
    Section length  10C, #relocs    5, #linenums    0, checksum        0, selection    5 (pick associative Section 0x3D)
07F 00000000 SECT3F notype       Static       | .text$mn
    Section length   1F, #relocs    0, #linenums    0, checksum 4DCE6F16, selection    2 (pick any)
081 00000000 SECT40 notype       Static       | .debug$S
    Section length   E8, #relocs    5, #linenums    0, checksum        0, selection    5 (pick associative Section 0x3F)
083 00000000 SECT41 notype       Static       | .text$mn
    Section length   2C, #relocs    3, #linenums    0, checksum C258F268, selection    2 (pick any)
085 00000000 SECT42 notype       Static       | .debug$S
    Section length  160, #relocs    5, #linenums    0, checksum        0, selection    5 (pick associative Section 0x41)
087 00000000 SECT43 notype       Static       | .text$mn
    Section length   24, #relocs    2, #linenums    0, checksum A79E98C0, selection    2 (pick any)
089 00000000 SECT44 notype       Static       | .debug$S
    Section length   E8, #relocs    3, #linenums    0, checksum        0, selection    5 (pick associative Section 0x43)
08B 00000000 SECT45 notype       Static       | .text$mn
    Section length   24, #relocs    2, #linenums    0, checksum A79E98C0, selection    2 (pick any)
08D 00000000 SECT46 notype       Static       | .debug$S
    Section length   F8, #relocs    5, #linenums    0, checksum        0, selection    5 (pick associative Section 0x45)
08F 00000000 SECT47 notype       Static       | .text$mn
    Section length   24, #relocs    2, #linenums    0, checksum A79E98C0, selection    2 (pick any)
091 00000000 SECT48 notype       Static       | .debug$S
    Section length   CC, #relocs    3, #linenums    0, checksum        0, selection    5 (pick associative Section 0x47)
093 00000000 SECT49 notype       Static       | .text$mn
    Section length   24, #relocs    2, #linenums    0, checksum A79E98C0, selection    2 (pick any)
095 00000000 SECT4A notype       Static       | .debug$S
    Section length   CC, #relocs    3, #linenums    0, checksum        0, selection    5 (pick associative Section 0x49)
097 00000000 SECT4B notype       Static       | .text$mn
    Section length   24, #relocs    2, #linenums    0, checksum A79E98C0, selection    2 (pick any)
099 00000000 SECT4C notype       Static       | .debug$S
    Section length   C8, #relocs    3, #linenums    0, checksum        0, selection    5 (pick associative Section 0x4B)
09B 00000000 SECT4D notype       Static       | .text$mn
    Section length   1B, #relocs    1, #linenums    0, checksum 2191F6DC, selection    2 (pick any)
09D 00000000 SECT4E notype       Static       | .debug$S
    Section length   E8, #relocs    5, #linenums    0, checksum        0, selection    5 (pick associative Section 0x4D)
09F 00000000 SECT4F notype       Static       | .text$mn
    Section length    8, #relocs    0, #linenums    0, checksum 98CFF8A8, selection    2 (pick any)
0A1 00000000 SECT50 notype       Static       | .debug$S
    Section length   F0, #relocs    5, #linenums    0, checksum        0, selection    5 (pick associative Section 0x4F)
0A3 00000000 SECT51 notype       Static       | .text$mn
    Section length    5, #relocs    0, #linenums    0, checksum 672BE856, selection    2 (pick any)
0A5 00000000 SECT52 notype       Static       | .debug$S
    Section length   EC, #relocs    5, #linenums    0, checksum        0, selection    5 (pick associative Section 0x51)
0A7 00000000 SECT53 notype       Static       | .text$mn
    Section length   38, #relocs    0, #linenums    0, checksum  93E3247, selection    2 (pick any)
0A9 00000000 SECT54 notype       Static       | .debug$S
    Section length  100, #relocs    5, #linenums    0, checksum        0, selection    5 (pick associative Section 0x53)
0AB 00000000 SECT55 notype       Static       | .text$mn
    Section length   71, #relocs    6, #linenums    0, checksum 9A9DAB5D, selection    2 (pick any)
0AD 00000000 SECT56 notype       Static       | .debug$S
    Section length  100, #relocs    5, #linenums    0, checksum        0, selection    5 (pick associative Section 0x55)
0AF 00000000 SECT57 notype       Static       | .text$mn
    Section length   3D, #relocs    3, #linenums    0, checksum 298AA6C8, selection    2 (pick any)
0B1 00000000 SECT58 notype       Static       | .debug$S
    Section length   D0, #relocs    3, #linenums    0, checksum        0, selection    5 (pick associative Section 0x57)
0B3 00000000 SECT59 notype       Static       | .text$mn
    Section length   3D, #relocs    3, #linenums    0, checksum 298AA6C8, selection    2 (pick any)
0B5 00000000 SECT5A notype       Static       | .debug$S
    Section length   D0, #relocs    3, #linenums    0, checksum        0, selection    5 (pick associative Section 0x59)
0B7 00000000 SECT5B notype       Static       | .text$mn
    Section length   3D, #relocs    3, #linenums    0, checksum 298AA6C8, selection    2 (pick any)
0B9 00000000 SECT5C notype       Static       | .debug$S
    Section length   CC, #relocs    3, #linenums    0, checksum        0, selection    5 (pick associative Section 0x5B)
0BB 00000000 SECT5D notype       Static       | .text$mn
    Section length   3D, #relocs    3, #linenums    0, checksum 298AA6C8, selection    2 (pick any)
0BD 00000000 SECT5E notype       Static       | .debug$S
    Section length   C4, #relocs    3, #linenums    0, checksum        0, selection    5 (pick associative Section 0x5D)
0BF 00000000 SECT5F notype       Static       | .text$di
    Section length   23, #relocs    5, #linenums    0, checksum FDBCDD64, selection    2 (pick any)
0C1 00000000 SECT60 notype       Static       | .debug$S
    Section length   F0, #relocs    5, #linenums    0, checksum        0, selection    5 (pick associative Section 0x5F)
0C3 00000000 SECT61 notype       Static       | .text$di
    Section length   23, #relocs    5, #linenums    0, checksum FDBCDD64, selection    2 (pick any)
0C5 00000000 SECT62 notype       Static       | .debug$S
    Section length   F0, #relocs    5, #linenums    0, checksum        0, selection    5 (pick associative Section 0x61)
0C7 00000000 SECT63 notype       Static       | .text$di
    Section length   23, #relocs    5, #linenums    0, checksum FDBCDD64, selection    2 (pick any)
0C9 00000000 SECT64 notype       Static       | .debug$S
    Section length   F0, #relocs    5, #linenums    0, checksum        0, selection    5 (pick associative Section 0x63)
0CB 00000000 SECT65 notype       Static       | .text$di
    Section length   18, #relocs    3, #linenums    0, checksum 8ED2534E, selection    2 (pick any)
0CD 00000000 SECT66 notype       Static       | .debug$S
    Section length  140, #relocs    5, #linenums    0, checksum        0, selection    5 (pick associative Section 0x65)
0CF 00000000 SECT67 notype       Static       | .text$di
    Section length   18, #relocs    3, #linenums    0, checksum 8ED2534E, selection    2 (pick any)
0D1 00000000 SECT68 notype       Static       | .debug$S
    Section length  168, #relocs    5, #linenums    0, checksum        0, selection    5 (pick associative Section 0x67)
0D3 00000000 SECT69 notype       Static       | .text$di
    Section length   18, #relocs    3, #linenums    0, checksum 8ED2534E, selection    2 (pick any)
0D5 00000000 SECT6A notype       Static       | .debug$S
    Section length   E0, #relocs    5, #linenums    0, checksum        0, selection    5 (pick associative Section 0x69)
0D7 00000000 SECT6B notype       Static       | .text$di
    Section length   18, #relocs    3, #linenums    0, checksum 8ED2534E, selection    2 (pick any)
0D9 00000000 SECT6C notype       Static       | .debug$S
    Section length   E8, #relocs    5, #linenums    0, checksum        0, selection    5 (pick associative Section 0x6B)
0DB 00000000 SECT6D notype       Static       | .text$di
    Section length   14, #relocs    0, #linenums    0, checksum A38D0B8C, selection    2 (pick any)
0DD 00000000 SECT6E notype       Static       | .debug$S
    Section length   D8, #relocs    5, #linenums    0, checksum        0, selection    5 (pick associative Section 0x6D)
0DF 00000000 SECT6F notype       Static       | .text$di
    Section length   14, #relocs    0, #linenums    0, checksum A38D0B8C, selection    2 (pick any)
0E1 00000000 SECT70 notype       Static       | .debug$S
    Section length   E0, #relocs    5, #linenums    0, checksum        0, selection    5 (pick associative Section 0x6F)
0E3 00000000 SECT71 notype       Static       | .text$yd
    Section length   16, #relocs    3, #linenums    0, checksum DBE34586, selection    2 (pick any)
0E5 00000000 SECT72 notype       Static       | .debug$S
    Section length   D0, #relocs    3, #linenums    0, checksum        0, selection    5 (pick associative Section 0x71)
0E7 00000000 SECT73 notype       Static       | .text$yd
    Section length   16, #relocs    3, #linenums    0, checksum DBE34586, selection    2 (pick any)
0E9 00000000 SECT74 notype       Static       | .debug$S
    Section length   D0, #relocs    3, #linenums    0, checksum        0, selection    5 (pick associative Section 0x73)
0EB 00000000 SECT75 notype       Static       | .text$yd
    Section length   16, #relocs    3, #linenums    0, checksum DBE34586, selection    2 (pick any)
0ED 00000000 SECT76 notype       Static       | .debug$S
    Section length   CC, #relocs    3, #linenums    0, checksum        0, selection    5 (pick associative Section 0x75)
0EF 00000000 SECT77 notype       Static       | .text$mn
    Section length   95, #relocs    9, #linenums    0, checksum 68CF987B, selection    2 (pick any)
0F1 00000000 SECT78 notype       Static       | .debug$S
    Section length  180, #relocs    B, #linenums    0, checksum        0, selection    5 (pick associative Section 0x77)
0F3 00000000 SECT79 notype       Static       | .text$mn
    Section length  1FD, #relocs   18, #linenums    0, checksum 65963060, selection    2 (pick any)
0F5 00000000 SECT7A notype       Static       | .debug$S
    Section length  3B8, #relocs   17, #linenums    0, checksum        0, selection    5 (pick associative Section 0x79)
0F7 00000000 SECT7B notype       Static       | .text$x
    Section length   1B, #relocs    3, #linenums    0, checksum 1748EAA4, selection    5 (pick associative Section 0x79)
0F9 00000000 SECT7C notype       Static       | .text$mn
    Section length   4C, #relocs    3, #linenums    0, checksum 8AAE295C, selection    2 (pick any)
0FB 00000000 SECT7D notype       Static       | .debug$S
    Section length  12C, #relocs    5, #linenums    0, checksum        0, selection    5 (pick associative Section 0x7C)
0FD 00000000 SECT7E notype       Static       | .text$mn
    Section length   8D, #relocs    9, #linenums    0, checksum 58D5CC0E, selection    2 (pick any)
0FF 00000000 SECT7F notype       Static       | .debug$S
    Section length  184, #relocs    B, #linenums    0, checksum        0, selection    5 (pick associative Section 0x7E)
101 00000000 SECT80 notype       Static       | .text$mn
    Section length   29, #relocs    2, #linenums    0, checksum 723CF548, selection    2 (pick any)
103 00000000 SECT81 notype       Static       | .debug$S
    Section length  120, #relocs    5, #linenums    0, checksum        0, selection    5 (pick associative Section 0x80)
105 00000000 SECT82 notype       Static       | .text$mn
    Section length   C6, #relocs    6, #linenums    0, checksum 94C5E5A7, selection    2 (pick any)
107 00000000 SECT83 notype       Static       | .debug$S
    Section length  180, #relocs    5, #linenums    0, checksum        0, selection    5 (pick associative Section 0x82)
109 00000000 SECT84 notype       Static       | .text$mn
    Section length   4C, #relocs    3, #linenums    0, checksum 230AB07E, selection    2 (pick any)
10B 00000000 SECT85 notype       Static       | .debug$S
    Section length  144, #relocs    5, #linenums    0, checksum        0, selection    5 (pick associative Section 0x84)
10D 00000000 SECT86 notype       Static       | .text$mn
    Section length   4E, #relocs    2, #linenums    0, checksum 266B3295, selection    2 (pick any)
10F 00000000 SECT87 notype       Static       | .debug$S
    Section length  100, #relocs    5, #linenums    0, checksum        0, selection    5 (pick associative Section 0x86)
111 00000000 SECT88 notype       Static       | .text$mn
    Section length   4E, #relocs    2, #linenums    0, checksum 266B3295, selection    2 (pick any)
113 00000000 SECT89 notype       Static       | .debug$S
    Section length  100, #relocs    5, #linenums    0, checksum        0, selection    5 (pick associative Section 0x88)
115 00000000 SECT8A notype       Static       | .text$mn
    Section length   AE, #relocs    7, #linenums    0, checksum  861DE04, selection    2 (pick any)
117 00000000 SECT8B notype       Static       | .debug$S
    Section length  1A8, #relocs    F, #linenums    0, checksum        0, selection    5 (pick associative Section 0x8A)
119 00000000 SECT8C notype       Static       | .text$mn
    Section length   C1, #relocs    8, #linenums    0, checksum 3B7F1558, selection    2 (pick any)
11B 00000000 SECT8D notype       Static       | .debug$S
    Section length  1AC, #relocs    7, #linenums    0, checksum        0, selection    5 (pick associative Section 0x8C)
11D 00000000 SECT8E notype       Static       | .text$mn
    Section length   26, #relocs    3, #linenums    0, checksum D91705D2, selection    2 (pick any)
11F 00000000 SECT8F notype       Static       | .debug$S
    Section length  118, #relocs    5, #linenums    0, checksum        0, selection    5 (pick associative Section 0x8E)
121 00000000 SECT90 notype       Static       | .text$mn
    Section length   26, #relocs    3, #linenums    0, checksum D91705D2, selection    2 (pick any)
123 00000000 SECT91 notype       Static       | .debug$S
    Section length  118, #relocs    5, #linenums    0, checksum        0, selection    5 (pick associative Section 0x90)
125 00000000 SECT92 notype       Static       | .text$mn
    Section length   2A, #relocs    2, #linenums    0, checksum  7F1BB4D, selection    2 (pick any)
127 00000000 SECT93 notype       Static       | .debug$S
    Section length  110, #relocs    5, #linenums    0, checksum        0, selection    5 (pick associative Section 0x92)
129 00000000 SECT94 notype       Static       | .text$mn
    Section length   2C, #relocs    2, #linenums    0, checksum 4BD00D9C, selection    2 (pick any)
12B 00000000 SECT95 notype       Static       | .debug$S
    Section length   FC, #relocs    5, #linenums    0, checksum        0, selection    5 (pick associative Section 0x94)
12D 00000000 SECT96 notype       Static       | .text$mn
    Section length   2C, #relocs    2, #linenums    0, checksum 4BD00D9C, selection    2 (pick any)
12F 00000000 SECT97 notype       Static       | .debug$S
    Section length  110, #relocs    5, #linenums    0, checksum        0, selection    5 (pick associative Section 0x96)
131 00000000 SECT98 notype       Static       | .text$mn
    Section length   C4, #relocs    B, #linenums    0, checksum 7FDD6C03, selection    2 (pick any)
133 00000000 SECT99 notype       Static       | .debug$S
    Section length  1B0, #relocs    5, #linenums    0, checksum        0, selection    5 (pick associative Section 0x98)
135 00000000 SECT9A notype       Static       | .text$mn
    Section length   4D, #relocs    5, #linenums    0, checksum E044E0D3, selection    2 (pick any)
137 00000000 SECT9B notype       Static       | .debug$S
    Section length  130, #relocs    5, #linenums    0, checksum        0, selection    5 (pick associative Section 0x9A)
139 00000000 SECT9C notype       Static       | .text$mn
    Section length   AA, #relocs    A, #linenums    0, checksum 67FAF04C, selection    2 (pick any)
13B 00000000 SECT9D notype       Static       | .debug$S
    Section length  174, #relocs    5, #linenums    0, checksum        0, selection    5 (pick associative Section 0x9C)
13D 00000000 SECT9E notype       Static       | .text$mn
    Section length    F, #relocs    0, #linenums    0, checksum AACBD152, selection    2 (pick any)
13F 00000000 SECT9F notype       Static       | .debug$S
    Section length  100, #relocs    5, #linenums    0, checksum        0, selection    5 (pick associative Section 0x9E)
141 00000000 SECTA0 notype       Static       | .text$mn
    Section length   18, #relocs    0, #linenums    0, checksum FDA37E9B, selection    2 (pick any)
143 00000000 SECTA1 notype       Static       | .debug$S
    Section length   E4, #relocs    5, #linenums    0, checksum        0, selection    5 (pick associative Section 0xA0)
145 00000000 SECTA2 notype       Static       | .text$mn
    Section length   18, #relocs    0, #linenums    0, checksum FDA37E9B, selection    2 (pick any)
147 00000000 SECTA3 notype       Static       | .debug$S
    Section length   EC, #relocs    5, #linenums    0, checksum        0, selection    5 (pick associative Section 0xA2)
149 00000000 SECTA4 notype       Static       | .text$mn
    Section length   D7, #relocs    B, #linenums    0, checksum 1E771611, selection    1 (pick no duplicates)
14B 00000000 SECTA5 notype       Static       | .debug$S
    Section length  224, #relocs   15, #linenums    0, checksum        0, selection    5 (pick associative Section 0xA4)
14D 00000000 SECTA6 notype       Static       | .text$x
    Section length   1B, #relocs    3, #linenums    0, checksum 2EBA18B0, selection    5 (pick associative Section 0xA4)
14F 00000000 SECTA7 notype       Static       | .text$mn
    Section length   41, #relocs    2, #linenums    0, checksum F1690509, selection    2 (pick any)
151 00000000 SECTA8 notype       Static       | .debug$S
    Section length  114, #relocs    5, #linenums    0, checksum        0, selection    5 (pick associative Section 0xA7)
153 00000000 SECTA9 notype       Static       | .text$mn
    Section length   2E, #relocs    2, #linenums    0, checksum 42A80C1E, selection    2 (pick any)
155 00000000 SECTAA notype       Static       | .debug$S
    Section length  124, #relocs    5, #linenums    0, checksum        0, selection    5 (pick associative Section 0xA9)
157 00000000 SECTAB notype       Static       | .text$mn
    Section length   2A, #relocs    2, #linenums    0, checksum D54C8350, selection    2 (pick any)
159 00000000 SECTAC notype       Static       | .debug$S
    Section length  114, #relocs    5, #linenums    0, checksum        0, selection    5 (pick associative Section 0xAB)
15B 00000000 SECTAD notype       Static       | .text$mn
    Section length   2A, #relocs    2, #linenums    0, checksum D54C8350, selection    2 (pick any)
15D 00000000 SECTAE notype       Static       | .debug$S
    Section length  124, #relocs    5, #linenums    0, checksum        0, selection    5 (pick associative Section 0xAD)
15F 00000000 SECTAF notype       Static       | .text$mn
    Section length   5C, #relocs    6, #linenums    0, checksum DA6BB444, selection    2 (pick any)
161 00000000 SECTB0 notype       Static       | .debug$S
    Section length  12C, #relocs    5, #linenums    0, checksum        0, selection    5 (pick associative Section 0xAF)
163 00000000 SECTB1 notype       Static       | .text$mn
    Section length   31, #relocs    2, #linenums    0, checksum 8FEE3653, selection    2 (pick any)
165 00000000 SECTB2 notype       Static       | .debug$S
    Section length  10C, #relocs    5, #linenums    0, checksum        0, selection    5 (pick associative Section 0xB1)
167 00000000 SECTB3 notype       Static       | .text$mn
    Section length   5F, #relocs    4, #linenums    0, checksum  DBC6ADD, selection    2 (pick any)
169 00000000 SECTB4 notype       Static       | .debug$S
    Section length  110, #relocs    5, #linenums    0, checksum        0, selection    5 (pick associative Section 0xB3)
16B 00000000 SECTB5 notype       Static       | .text$mn
    Section length   59, #relocs    3, #linenums    0, checksum 430C7F4F, selection    2 (pick any)
16D 00000000 SECTB6 notype       Static       | .debug$S
    Section length  120, #relocs    7, #linenums    0, checksum        0, selection    5 (pick associative Section 0xB5)
16F 00000000 SECTB7 notype       Static       | .text$mn
    Section length   40, #relocs    3, #linenums    0, checksum 58E27DFC, selection    2 (pick any)
171 00000000 SECTB8 notype       Static       | .debug$S
    Section length  140, #relocs    5, #linenums    0, checksum        0, selection    5 (pick associative Section 0xB7)
173 00000000 SECTB9 notype       Static       | .text$mn
    Section length   A6, #relocs    6, #linenums    0, checksum 77187E8D, selection    2 (pick any)
175 00000000 SECTBA notype       Static       | .debug$S
    Section length  1C4, #relocs    7, #linenums    0, checksum        0, selection    5 (pick associative Section 0xB9)
177 00000000 SECTBB notype       Static       | .text$mn
    Section length    A, #relocs    1, #linenums    0, checksum 71A05264, selection    2 (pick any)
179 00000000 SECTBC notype       Static       | .debug$S
    Section length   D0, #relocs    5, #linenums    0, checksum        0, selection    5 (pick associative Section 0xBB)
17B 00000000 SECTBD notype       Static       | .text$mn
    Section length   4E, #relocs    9, #linenums    0, checksum E91ABC99, selection    1 (pick no duplicates)
17D 00000000 SECTBE notype       Static       | .debug$S
    Section length  118, #relocs    7, #linenums    0, checksum        0, selection    5 (pick associative Section 0xBD)
17F 00000000 SECTBF notype       Static       | .text$mn
    Section length   3E, #relocs    2, #linenums    0, checksum 62B30416, selection    2 (pick any)
181 00000000 SECTC0 notype       Static       | .debug$S
    Section length   EC, #relocs    5, #linenums    0, checksum        0, selection    5 (pick associative Section 0xBF)
183 00000000 SECTC1 notype       Static       | .text$mn
    Section length   28, #relocs    2, #linenums    0, checksum EFF389E7, selection    2 (pick any)
185 00000000 SECTC2 notype       Static       | .debug$S
    Section length   FC, #relocs    5, #linenums    0, checksum        0, selection    5 (pick associative Section 0xC1)
187 00000000 SECTC3 notype       Static       | .text$mn
    Section length   15, #relocs    0, #linenums    0, checksum 8582E12F, selection    2 (pick any)
189 00000000 SECTC4 notype       Static       | .debug$S
    Section length   EC, #relocs    5, #linenums    0, checksum        0, selection    5 (pick associative Section 0xC3)
18B 00000000 SECTC5 notype       Static       | .text$mn
    Section length   14, #relocs    2, #linenums    0, checksum  56B20E2, selection    2 (pick any)
18D 00000000 SECTC6 notype       Static       | .debug$S
    Section length  100, #relocs    5, #linenums    0, checksum        0, selection    5 (pick associative Section 0xC5)
18F 00000000 SECTC7 notype       Static       | .text$mn
    Section length   59, #relocs    3, #linenums    0, checksum 719CC457, selection    2 (pick any)
191 00000000 SECTC8 notype       Static       | .debug$S
    Section length  134, #relocs    5, #linenums    0, checksum        0, selection    5 (pick associative Section 0xC7)
193 00000000 SECTC9 notype       Static       | .text$mn
    Section length   6D, #relocs    4, #linenums    0, checksum BCBE5C7E, selection    2 (pick any)
195 00000000 SECTCA notype       Static       | .debug$S
    Section length  120, #relocs    5, #linenums    0, checksum        0, selection    5 (pick associative Section 0xC9)
197 00000000 SECTCB notype       Static       | .text$mn
    Section length   6D, #relocs    4, #linenums    0, checksum 993A9801, selection    2 (pick any)
199 00000000 SECTCC notype       Static       | .debug$S
    Section length  120, #relocs    5, #linenums    0, checksum        0, selection    5 (pick associative Section 0xCB)
19B 00000000 SECTCD notype       Static       | .text$mn
    Section length   6D, #relocs    4, #linenums    0, checksum BCBE5C7E, selection    2 (pick any)
19D 00000000 SECTCE notype       Static       | .debug$S
    Section length  120, #relocs    5, #linenums    0, checksum        0, selection    5 (pick associative Section 0xCD)
19F 00000000 SECTCF notype       Static       | .text$mn
    Section length   41, #relocs    2, #linenums    0, checksum F1690509, selection    2 (pick any)
1A1 00000000 SECTD0 notype       Static       | .debug$S
    Section length  114, #relocs    5, #linenums    0, checksum        0, selection    5 (pick associative Section 0xCF)
1A3 00000000 SECTD1 notype       Static       | .text$mn
    Section length   17, #relocs    1, #linenums    0, checksum F4C4E70C, selection    2 (pick any)
1A5 00000000 SECTD2 notype       Static       | .debug$S
    Section length   F0, #relocs    5, #linenums    0, checksum        0, selection    5 (pick associative Section 0xD1)
1A7 00000000 SECTD3 notype       Static       | .text$mn
    Section length   17, #relocs    1, #linenums    0, checksum F4C4E70C, selection    2 (pick any)
1A9 00000000 SECTD4 notype       Static       | .debug$S
    Section length   F0, #relocs    5, #linenums    0, checksum        0, selection    5 (pick associative Section 0xD3)
1AB 00000000 SECTD5 notype       Static       | .text$mn
    Section length   17, #relocs    1, #linenums    0, checksum F4C4E70C, selection    2 (pick any)
1AD 00000000 SECTD6 notype       Static       | .debug$S
    Section length   EC, #relocs    5, #linenums    0, checksum        0, selection    5 (pick associative Section 0xD5)
1AF 00000000 SECTD7 notype       Static       | .text$mn
    Section length  102, #relocs    C, #linenums    0, checksum F7C5AAEF, selection    1 (pick no duplicates)
1B1 00000000 SECTD8 notype       Static       | .debug$S
    Section length  274, #relocs   15, #linenums    0, checksum        0, selection    5 (pick associative Section 0xD7)
1B3 00000000 SECTD9 notype       Static       | .text$x
    Section length   1B, #relocs    3, #linenums    0, checksum 39EBB6BC, selection    5 (pick associative Section 0xD7)
1B5 00000000 SECTDA notype       Static       | .text$mn
    Section length   E7, #relocs    B, #linenums    0, checksum D2A57E0F, selection    1 (pick no duplicates)
1B7 00000000 SECTDB notype       Static       | .debug$S
    Section length  250, #relocs   15, #linenums    0, checksum        0, selection    5 (pick associative Section 0xDA)
1B9 00000000 SECTDC notype       Static       | .text$x
    Section length   1B, #relocs    3, #linenums    0, checksum 2512CFB6, selection    5 (pick associative Section 0xDA)
1BB 00000000 SECTDD notype       Static       | .text$mn
    Section length   3B, #relocs    4, #linenums    0, checksum EF0D478E, selection    1 (pick no duplicates)
1BD 00000000 SECTDE notype       Static       | .debug$S
    Section length  104, #relocs    5, #linenums    0, checksum        0, selection    5 (pick associative Section 0xDD)
1BF 00000000 SECTDF notype       Static       | .text$mn
    Section length  11B, #relocs    E, #linenums    0, checksum B8377017, selection    1 (pick no duplicates)
1C1 00000000 SECTE0 notype       Static       | .debug$S
    Section length  29C, #relocs   19, #linenums    0, checksum        0, selection    5 (pick associative Section 0xDF)
1C3 00000000 SECTE1 notype       Static       | .text$x
    Section length   1B, #relocs    3, #linenums    0, checksum 1CE03DA2, selection    5 (pick associative Section 0xDF)
1C5 00000000 SECTE2 notype       Static       | .text$mn
    Section length   18, #relocs    0, #linenums    0, checksum 9D43E919, selection    2 (pick any)
1C7 00000000 SECTE3 notype       Static       | .debug$S
    Section length  118, #relocs    5, #linenums    0, checksum        0, selection    5 (pick associative Section 0xE2)
1C9 00000000 SECTE4 notype       Static       | .text$mn
    Section length    A, #relocs    1, #linenums    0, checksum 71A05264, selection    2 (pick any)
1CB 00000000 SECTE5 notype       Static       | .debug$S
    Section length   D0, #relocs    5, #linenums    0, checksum        0, selection    5 (pick associative Section 0xE4)
1CD 00000000 SECTE6 notype       Static       | .text$mn
    Section length   17, #relocs    0, #linenums    0, checksum 55AC6324, selection    2 (pick any)
1CF 00000000 SECTE7 notype       Static       | .debug$S
    Section length   E4, #relocs    5, #linenums    0, checksum        0, selection    5 (pick associative Section 0xE6)
1D1 00000000 SECTE8 notype       Static       | .text$mn
    Section length   17, #relocs    0, #linenums    0, checksum 55AC6324, selection    2 (pick any)
1D3 00000000 SECTE9 notype       Static       | .debug$S
    Section length   E8, #relocs    5, #linenums    0, checksum        0, selection    5 (pick associative Section 0xE8)
1D5 00000000 SECTEA notype       Static       | .text$mn
    Section length   12, #relocs    0, #linenums    0, checksum 9AEDEF99, selection    2 (pick any)
1D7 00000000 SECTEB notype       Static       | .debug$S
    Section length  128, #relocs    5, #linenums    0, checksum        0, selection    5 (pick associative Section 0xEA)
1D9 00000000 SECTEC notype       Static       | .text$mn
    Section length   2E, #relocs    2, #linenums    0, checksum DD9BA6F1, selection    2 (pick any)
1DB 00000000 SECTED notype       Static       | .debug$S
    Section length   E0, #relocs    5, #linenums    0, checksum        0, selection    5 (pick associative Section 0xEC)
1DD 00000000 UNDEF  notype ()    External     | __purecall
1DE 00000000 UNDEF  notype ()    External     | ??2@YAPAXI@Z (void * __cdecl operator new(unsigned int))
1DF 00000000 UNDEF  notype ()    External     | ??3@YAXPAX@Z (void __cdecl operator delete(void *))
1E0 00000000 UNDEF  notype ()    External     | _atexit
1E1 00000000 UNDEF  notype       External     | __imp__AIL_set_file_callbacks@16
1E2 00000000 UNDEF  notype ()    External     | _memcpy
1E3 00000000 UNDEF  notype ()    External     | _strlen
1E4 00000000 UNDEF  notype ()    External     | _memmove
1E5 00000000 SECTEA notype ()    External     | __InlineInterlockedCompareExchangePointer
1E6 00000000 UNDEF  notype ()    External     | ??0_Lockit@std@@QAE@H@Z (public: __thiscall std::_Lockit::_Lockit(int))
1E7 00000000 UNDEF  notype ()    External     | ??1_Lockit@std@@QAE@XZ (public: __thiscall std::_Lockit::~_Lockit(void))
1E8 00000000 UNDEF  notype ()    External     | __hypot
1E9 00000000 SECTEC notype ()    External     | _hypot
1EA 00000000 SECT4F notype ()    External     | ??2@YAPAXIPAX@Z (void * __cdecl operator new(unsigned int,void *))
1EB 00000000 SECT51 notype ()    External     | ??3@YAXPAX0@Z (void __cdecl operator delete(void *,void *))
1EC 00000000 SECTBF notype ()    External     | ?length@?$char_traits@D@std@@SAIPBD@Z (public: static unsigned int __cdecl std::char_traits<char>::length(char const *))
1ED 00000000 SECTA7 notype ()    External     | ?copy@?$char_traits@D@std@@SAPADPADPBDI@Z (public: static char * __cdecl std::char_traits<char>::copy(char *,char const *,unsigned int))
1EE 00000000 SECTCF notype ()    External     | ?move@?$char_traits@D@std@@SAPADPADPBDI@Z (public: static char * __cdecl std::char_traits<char>::move(char *,char const *,unsigned int))
1EF 00000000 SECT9E notype ()    External     | ?assign@?$char_traits@D@std@@SAXAADABD@Z (public: static void __cdecl std::char_traits<char>::assign(char &,char const &))
1F0 00000000 SECT6F notype ()    Static       | ??__Epiecewise_construct@std@@YAXXZ (void __cdecl std::`dynamic initializer for 'piecewise_construct''(void))
1F1 00000000 UNDEF  notype ()    External     | ?_Debug_message@std@@YAXPBG0I@Z (void __cdecl std::_Debug_message(unsigned short const *,unsigned short const *,unsigned int))
1F2 00000000 SECT33 notype ()    External     | ??0_Container_proxy@std@@QAE@XZ (public: __thiscall std::_Container_proxy::_Container_proxy(void))
1F3 00000000 SECT31 notype ()    External     | ??0_Container_base12@std@@QAE@XZ (public: __thiscall std::_Container_base12::_Container_base12(void))
1F4 00000000 SECT45 notype ()    External     | ??1_Container_base12@std@@QAE@XZ (public: __thiscall std::_Container_base12::~_Container_base12(void))
1F5 00000000 SECT8A notype ()    External     | ?_Orphan_all@_Container_base12@std@@QAEXXZ (public: void __thiscall std::_Container_base12::_Orphan_all(void))
1F6 00000000 SECT6D notype ()    Static       | ??__Eallocator_arg@std@@YAXXZ (void __cdecl std::`dynamic initializer for 'allocator_arg''(void))
1F7 00000000 UNDEF  notype ()    External     | ?_Xbad_alloc@std@@YAXXZ (void __cdecl std::_Xbad_alloc(void))
1F8 00000000 UNDEF  notype ()    External     | ?_Xlength_error@std@@YAXPBD@Z (void __cdecl std::_Xlength_error(char const *))
1F9 00000000 UNDEF  notype ()    External     | ?_Xout_of_range@std@@YAXPBD@Z (void __cdecl std::_Xout_of_range(char const *))
1FA 00000000 SECT2A notype ()    External     | ??0?$allocator@D@std@@QAE@XZ (public: __thiscall std::allocator<char>::allocator<char>(void))
1FB 00000000 SECTAB notype ()    External     | ?deallocate@?$allocator@D@std@@QAEXPADI@Z (public: void __thiscall std::allocator<char>::deallocate(char *,unsigned int))
1FC 00000000 SECT94 notype ()    External     | ?allocate@?$allocator@D@std@@QAEPADI@Z (public: char * __thiscall std::allocator<char>::allocate(unsigned int))
1FD 00000000 SECTC3 notype ()    External     | ?max_size@?$allocator@D@std@@QBEIXZ (public: unsigned int __thiscall std::allocator<char>::max_size(void)const )
1FE 00000000 SECTC5 notype ()    External     | ?max_size@?$allocator_traits@V?$allocator@D@std@@@std@@SAIABV?$allocator@D@2@@Z (public: static unsigned int __cdecl std::allocator_traits<class std::allocator<char> >::max_size(class std::allocator<char> const &))
1FF 00000000 SECT28 notype ()    External     | ??0?$_Wrap_alloc@V?$allocator@D@std@@@std@@QAE@XZ (public: __thiscall std::_Wrap_alloc<class std::allocator<char> >::_Wrap_alloc<class std::allocator<char> >(void))
200 00000000 SECT92 notype ()    External     | ?allocate@?$_Wrap_alloc@V?$allocator@D@std@@@std@@QAEPADI@Z (public: char * __thiscall std::_Wrap_alloc<class std::allocator<char> >::allocate(unsigned int))
201 00000000 SECTA9 notype ()    External     | ?deallocate@?$_Wrap_alloc@V?$allocator@D@std@@@std@@QAEXPADI@Z (public: void __thiscall std::_Wrap_alloc<class std::allocator<char> >::deallocate(char *,unsigned int))
202 00000000 SECTC1 notype ()    External     | ?max_size@?$_Wrap_alloc@V?$allocator@D@std@@@std@@QBEIXZ (public: unsigned int __thiscall std::_Wrap_alloc<class std::allocator<char> >::max_size(void)const )
203 00000000 SECT26 notype ()    External     | ??0?$_String_val@U?$_Simple_types@D@std@@@std@@QAE@XZ (public: __thiscall std::_String_val<struct std::_Simple_types<char> >::_String_val<struct std::_Simple_types<char> >(void))
204 00000000 SECT86 notype ()    External     | ?_Myptr@?$_String_val@U?$_Simple_types@D@std@@@std@@QAEPADXZ (public: char * __thiscall std::_String_val<struct std::_Simple_types<char> >::_Myptr(void))
205 00000000 SECT88 notype ()    External     | ?_Myptr@?$_String_val@U?$_Simple_types@D@std@@@std@@QBEPBDXZ (public: char const * __thiscall std::_String_val<struct std::_Simple_types<char> >::_Myptr(void)const )
206 00000000 SECT43 notype ()    External     | ??1?$_String_val@U?$_Simple_types@D@std@@@std@@QAE@XZ (public: __thiscall std::_String_val<struct std::_Simple_types<char> >::~_String_val<struct std::_Simple_types<char> >(void))
207 00000000 SECT23 notype ()    External     | ??0?$_String_alloc@$0A@U?$_String_base_types@DV?$allocator@D@std@@@std@@@std@@QAE@ABV?$allocator@D@1@@Z (public: __thiscall std::_String_alloc<0,struct std::_String_base_types<char,class std::allocator<char> > >::_String_alloc<0,struct std::_String_base_types<char,class std::allocator<char> > >(class std::allocator<char> const &))
208 00000000 SECT41 notype ()    External     | ??1?$_String_alloc@$0A@U?$_String_base_types@DV?$allocator@D@std@@@std@@@std@@QAE@XZ (public: __thiscall std::_String_alloc<0,struct std::_String_base_types<char,class std::allocator<char> > >::~_String_alloc<0,struct std::_String_base_types<char,class std::allocator<char> > >(void))
209 00000000 SECT77 notype ()    External     | ?_Alloc_proxy@?$_String_alloc@$0A@U?$_String_base_types@DV?$allocator@D@std@@@std@@@std@@QAEXXZ (public: void __thiscall std::_String_alloc<0,struct std::_String_base_types<char,class std::allocator<char> > >::_Alloc_proxy(void))
20A 00000000 SECT7E notype ()    External     | ?_Free_proxy@?$_String_alloc@$0A@U?$_String_base_types@DV?$allocator@D@std@@@std@@@std@@QAEXXZ (public: void __thiscall std::_String_alloc<0,struct std::_String_base_types<char,class std::allocator<char> > >::_Free_proxy(void))
20B 00000000 SECT80 notype ()    External     | ?_Getal@?$_String_alloc@$0A@U?$_String_base_types@DV?$allocator@D@std@@@std@@@std@@QBE?AU?$_Wrap_alloc@V?$allocator@D@std@@@2@XZ (public: struct std::_Wrap_alloc<class std::allocator<char> > __thiscall std::_String_alloc<0,struct std::_String_base_types<char,class std::allocator<char> > >::_Getal(void)const )
20C 00000000 SECT2E notype ()    External     | ??0?$basic_string@DU?$char_traits@D@std@@V?$allocator@D@2@@std@@QAE@PBD@Z (public: __thiscall std::basic_string<char,struct std::char_traits<char>,class std::allocator<char> >::basic_string<char,struct std::char_traits<char>,class std::allocator<char> >(char const *))
20D 00000000 SECT98 notype ()    External     | ?assign@?$basic_string@DU?$char_traits@D@std@@V?$allocator@D@2@@std@@QAEAAV12@ABV12@II@Z (public: class std::basic_string<char,struct std::char_traits<char>,class std::allocator<char> > & __thiscall std::basic_string<char,struct std::char_traits<char>,class std::allocator<char> >::assign(class std::basic_string<char,struct std::char_traits<char>,class std::allocator<char> > const &,unsigned int,unsigned int))
20E 00000000 SECT9C notype ()    External     | ?assign@?$basic_string@DU?$char_traits@D@std@@V?$allocator@D@2@@std@@QAEAAV12@PBDI@Z (public: class std::basic_string<char,struct std::char_traits<char>,class std::allocator<char> > & __thiscall std::basic_string<char,struct std::char_traits<char>,class std::allocator<char> >::assign(char const *,unsigned int))
20F 00000000 SECT9A notype ()    External     | ?assign@?$basic_string@DU?$char_traits@D@std@@V?$allocator@D@2@@std@@QAEAAV12@PBD@Z (public: class std::basic_string<char,struct std::char_traits<char>,class std::allocator<char> > & __thiscall std::basic_string<char,struct std::char_traits<char>,class std::allocator<char> >::assign(char const *))
210 00000000 SECTB7 notype ()    External     | ?erase@?$basic_string@DU?$char_traits@D@std@@V?$allocator@D@2@@std@@QAEAAV12@I@Z (public: class std::basic_string<char,struct std::char_traits<char>,class std::allocator<char> > & __thiscall std::basic_string<char,struct std::char_traits<char>,class std::allocator<char> >::erase(unsigned int))
211 00000000 SECTB9 notype ()    External     | ?erase@?$basic_string@DU?$char_traits@D@std@@V?$allocator@D@2@@std@@QAEAAV12@II@Z (public: class std::basic_string<char,struct std::char_traits<char>,class std::allocator<char> > & __thiscall std::basic_string<char,struct std::char_traits<char>,class std::allocator<char> >::erase(unsigned int,unsigned int))
212 00000000 SECTE2 notype ()    External     | ?size@?$basic_string@DU?$char_traits@D@std@@V?$allocator@D@2@@std@@QBEIXZ (public: unsigned int __thiscall std::basic_string<char,struct std::char_traits<char>,class std::allocator<char> >::size(void)const )
213 00000000 SECTC7 notype ()    External     | ?max_size@?$basic_string@DU?$char_traits@D@std@@V?$allocator@D@2@@std@@QBEIXZ (public: unsigned int __thiscall std::basic_string<char,struct std::char_traits<char>,class std::allocator<char> >::max_size(void)const )
214 00000000 SECT79 notype ()    External     | ?_Copy@?$basic_string@DU?$char_traits@D@std@@V?$allocator@D@2@@std@@QAEXII@Z (public: void __thiscall std::basic_string<char,struct std::char_traits<char>,class std::allocator<char> >::_Copy(unsigned int,unsigned int))
215 00000000 SECT7C notype ()    External     | ?_Eos@?$basic_string@DU?$char_traits@D@std@@V?$allocator@D@2@@std@@QAEXI@Z (public: void __thiscall std::basic_string<char,struct std::char_traits<char>,class std::allocator<char> >::_Eos(unsigned int))
216 00000000 SECT82 notype ()    External     | ?_Grow@?$basic_string@DU?$char_traits@D@std@@V?$allocator@D@2@@std@@QAE_NI_N@Z (public: bool __thiscall std::basic_string<char,struct std::char_traits<char>,class std::allocator<char> >::_Grow(unsigned int,bool))
217 00000000 SECT84 notype ()    External     | ?_Inside@?$basic_string@DU?$char_traits@D@std@@V?$allocator@D@2@@std@@QAE_NPBD@Z (public: bool __thiscall std::basic_string<char,struct std::char_traits<char>,class std::allocator<char> >::_Inside(char const *))
218 00000000 SECT8C notype ()    External     | ?_Tidy@?$basic_string@DU?$char_traits@D@std@@V?$allocator@D@2@@std@@QAEX_NI@Z (public: void __thiscall std::basic_string<char,struct std::char_traits<char>,class std::allocator<char> >::_Tidy(bool,unsigned int))
219 00000000 SECT8E notype ()    External     | ?_Xlen@?$basic_string@DU?$char_traits@D@std@@V?$allocator@D@2@@std@@QBEXXZ (public: void __thiscall std::basic_string<char,struct std::char_traits<char>,class std::allocator<char> >::_Xlen(void)const )
21A 00000000 SECT90 notype ()    External     | ?_Xran@?$basic_string@DU?$char_traits@D@std@@V?$allocator@D@2@@std@@QBEXXZ (public: void __thiscall std::basic_string<char,struct std::char_traits<char>,class std::allocator<char> >::_Xran(void)const )
21B 00000000 SECT3F notype ()    External     | ??0id@locale@std@@QAE@I@Z (public: __thiscall std::locale::id::id(unsigned int))
21C 00000000 SECT9  notype ()    External     | ??$_Debug_pointer@D@std@@YAXPBDPBGI@Z (void __cdecl std::_Debug_pointer<char>(char const *,unsigned short const *,unsigned int))
21D 00000000 SECTBB notype ()    External     | ?generic_category@std@@YAABVerror_category@1@XZ (class std::error_category const & __cdecl std::generic_category(void))
21E 00000000 SECTE4 notype ()    External     | ?system_category@std@@YAABVerror_category@1@XZ (class std::error_category const & __cdecl std::system_category(void))
21F 00000000 SECT3B notype ()    External     | ??0error_category@std@@QAE@XZ (public: __thiscall std::error_category::error_category(void))
220 00000000 SECT4D notype ()    External     | ??1error_category@std@@UAE@XZ (public: virtual __thiscall std::error_category::~error_category(void))
221 00000000 SECTB1 notype ()    External     | ?default_error_condition@error_category@std@@UBE?AVerror_condition@2@H@Z (public: virtual class std::error_condition __thiscall std::error_category::default_error_condition(int)const )
222 00000000 SECTB5 notype ()    External     | ?equivalent@error_category@std@@UBE_NHABVerror_condition@2@@Z (public: virtual bool __thiscall std::error_category::equivalent(int,class std::error_condition const &)const )
223 00000000 SECTB3 notype ()    External     | ?equivalent@error_category@std@@UBE_NABVerror_code@2@H@Z (public: virtual bool __thiscall std::error_category::equivalent(class std::error_code const &,int)const )
224 00000000 SECT53 notype ()    External     | ??8error_category@std@@QBE_NABV01@@Z (public: bool __thiscall std::error_category::operator==(class std::error_category const &)const )
225 00000000 SECT5D notype ()    External     | ??_Gerror_category@std@@UAEPAXI@Z (public: virtual void * __thiscall std::error_category::`scalar deleting destructor'(unsigned int))
226 00000000 UNDEF  notype ()    WeakExternal | ??_Eerror_category@std@@UAEPAXI@Z (public: virtual void * __thiscall std::error_category::`vector deleting destructor'(unsigned int))
    Default index      225 library search
228 00000000 SECTE6 notype ()    External     | ?value@error_code@std@@QBEHXZ (public: int __thiscall std::error_code::value(void)const )
229 00000000 SECTA0 notype ()    External     | ?category@error_code@std@@QBEABVerror_category@2@XZ (public: class std::error_category const & __thiscall std::error_code::category(void)const )
22A 00000000 SECT3D notype ()    External     | ??0error_condition@std@@QAE@HABVerror_category@1@@Z (public: __thiscall std::error_condition::error_condition(int,class std::error_category const &))
22B 00000000 SECTE8 notype ()    External     | ?value@error_condition@std@@QBEHXZ (public: int __thiscall std::error_condition::value(void)const )
22C 00000000 SECTA2 notype ()    External     | ?category@error_condition@std@@QBEABVerror_category@2@XZ (public: class std::error_category const & __thiscall std::error_condition::category(void)const )
22D 00000000 SECT55 notype ()    External     | ??8error_condition@std@@QBE_NABV01@@Z (public: bool __thiscall std::error_condition::operator==(class std::error_condition const &)const )
22E 00000000 UNDEF  notype ()    External     | ?_Syserror_map@std@@YAPBDH@Z (char const * __cdecl std::_Syserror_map(int))
22F 00000000 UNDEF  notype ()    External     | ?_Winerror_map@std@@YAPBDH@Z (char const * __cdecl std::_Winerror_map(int))
230 00000000 SECT35 notype ()    External     | ??0_Generic_error_category@std@@QAE@XZ (public: __thiscall std::_Generic_error_category::_Generic_error_category(void))
231 00000000 SECTD1 notype ()    External     | ?name@_Generic_error_category@std@@UBEPBDXZ (public: virtual char const * __thiscall std::_Generic_error_category::name(void)const )
232 00000000 SECTC9 notype ()    External     | ?message@_Generic_error_category@std@@UBE?AV?$basic_string@DU?$char_traits@D@std@@V?$allocator@D@2@@2@H@Z (public: virtual class std::basic_string<char,struct std::char_traits<char>,class std::allocator<char> > __thiscall std::_Generic_error_category::message(int)const )
233 00000000 SECT47 notype ()    External     | ??1_Generic_error_category@std@@UAE@XZ (public: virtual __thiscall std::_Generic_error_category::~_Generic_error_category(void))
234 00000000 SECT57 notype ()    External     | ??_G_Generic_error_category@std@@UAEPAXI@Z (public: virtual void * __thiscall std::_Generic_error_category::`scalar deleting destructor'(unsigned int))
235 00000000 UNDEF  notype ()    WeakExternal | ??_E_Generic_error_category@std@@UAEPAXI@Z (public: virtual void * __thiscall std::_Generic_error_category::`vector deleting destructor'(unsigned int))
    Default index      234 library search
237 00000000 SECT37 notype ()    External     | ??0_Iostream_error_category@std@@QAE@XZ (public: __thiscall std::_Iostream_error_category::_Iostream_error_category(void))
238 00000000 SECTD3 notype ()    External     | ?name@_Iostream_error_category@std@@UBEPBDXZ (public: virtual char const * __thiscall std::_Iostream_error_category::name(void)const )
239 00000000 SECTCB notype ()    External     | ?message@_Iostream_error_category@std@@UBE?AV?$basic_string@DU?$char_traits@D@std@@V?$allocator@D@2@@2@H@Z (public: virtual class std::basic_string<char,struct std::char_traits<char>,class std::allocator<char> > __thiscall std::_Iostream_error_category::message(int)const )
23A 00000000 SECT49 notype ()    External     | ??1_Iostream_error_category@std@@UAE@XZ (public: virtual __thiscall std::_Iostream_error_category::~_Iostream_error_category(void))
23B 00000000 SECT59 notype ()    External     | ??_G_Iostream_error_category@std@@UAEPAXI@Z (public: virtual void * __thiscall std::_Iostream_error_category::`scalar deleting destructor'(unsigned int))
23C 00000000 UNDEF  notype ()    WeakExternal | ??_E_Iostream_error_category@std@@UAEPAXI@Z (public: virtual void * __thiscall std::_Iostream_error_category::`vector deleting destructor'(unsigned int))
    Default index      23B library search
23E 00000000 SECT39 notype ()    External     | ??0_System_error_category@std@@QAE@XZ (public: __thiscall std::_System_error_category::_System_error_category(void))
23F 00000000 SECTD5 notype ()    External     | ?name@_System_error_category@std@@UBEPBDXZ (public: virtual char const * __thiscall std::_System_error_category::name(void)const )
240 00000000 SECTCD notype ()    External     | ?message@_System_error_category@std@@UBE?AV?$basic_string@DU?$char_traits@D@std@@V?$allocator@D@2@@2@H@Z (public: virtual class std::basic_string<char,struct std::char_traits<char>,class std::allocator<char> > __thiscall std::_System_error_category::message(int)const )
241 00000000 SECTAF notype ()    External     | ?default_error_condition@_System_error_category@std@@UBE?AVerror_condition@2@H@Z (public: virtual class std::error_condition __thiscall std::_System_error_category::default_error_condition(int)const )
242 00000000 SECT4B notype ()    External     | ??1_System_error_category@std@@UAE@XZ (public: virtual __thiscall std::_System_error_category::~_System_error_category(void))
243 00000000 SECT5B notype ()    External     | ??_G_System_error_category@std@@UAEPAXI@Z (public: virtual void * __thiscall std::_System_error_category::`scalar deleting destructor'(unsigned int))
244 00000000 UNDEF  notype ()    WeakExternal | ??_E_System_error_category@std@@UAEPAXI@Z (public: virtual void * __thiscall std::_System_error_category::`vector deleting destructor'(unsigned int))
    Default index      243 library search
246 00000000 UNDEF  notype ()    External     | ?fatal@MilesHostRuntime50@@YAXXZ (void __cdecl MilesHostRuntime50::fatal(void))
247 00000000 UNDEF  notype ()    External     | ?invoke@Runtime@MilesHostRuntime50@@QAEIIIPBDHIPAXAAI@Z (public: unsigned int __thiscall MilesHostRuntime50::Runtime::invoke(unsigned int,unsigned int,char const *,int,unsigned int,void *,unsigned int &))
248 00000000 SECTBD notype ()    External     | ?installSdkCallbacks@MilesHostRuntime50@@YA_NAAVRuntime@1@@Z (bool __cdecl MilesHostRuntime50::installSdkCallbacks(class MilesHostRuntime50::Runtime &))
249 00000000 SECTDD notype ()    External     | ?runtime@?A0x06616879@MilesHostRuntime50@@YAAAVRuntime@2@XZ (class MilesHostRuntime50::Runtime & __cdecl MilesHostRuntime50::`anonymous namespace'::runtime(void))
24A 00000000 SECTD7 notype ()    External     | ?openFile@?A0x06616879@MilesHostRuntime50@@YGIPBDPAI@Z (unsigned int __stdcall MilesHostRuntime50::`anonymous namespace'::openFile(char const *,unsigned int *))
24B 00000000 SECTA4 notype ()    External     | ?closeFile@?A0x06616879@MilesHostRuntime50@@YGXI@Z (void __stdcall MilesHostRuntime50::`anonymous namespace'::closeFile(unsigned int))
24C 00000000 SECTDF notype ()    External     | ?seekFile@?A0x06616879@MilesHostRuntime50@@YGHIHI@Z (int __stdcall MilesHostRuntime50::`anonymous namespace'::seekFile(unsigned int,int,unsigned int))
24D 00000000 SECTDA notype ()    External     | ?readFile@?A0x06616879@MilesHostRuntime50@@YGIIPAXI@Z (unsigned int __stdcall MilesHostRuntime50::`anonymous namespace'::readFile(unsigned int,void *,unsigned int))
24E 00000000 SECTD  notype ()    External     | ??$construct@PADAAPAD@?$_Wrap_alloc@V?$allocator@D@std@@@std@@QAEXPAPADAAPAD@Z (public: void __thiscall std::_Wrap_alloc<class std::allocator<char> >::construct<char *,char * &>(char * *,char * &))
24F 00000000 SECT17 notype ()    External     | ??$destroy@PAD@?$_Wrap_alloc@V?$allocator@D@std@@@std@@QAEXPAPAD@Z (public: void __thiscall std::_Wrap_alloc<class std::allocator<char> >::destroy<char *>(char * *))
250 00000000 SECTB  notype ()    External     | ??$addressof@D@std@@YAPADAAD@Z (char * __cdecl std::addressof<char>(char &))
251 00000000 SECT2C notype ()    External     | ??0?$allocator@U_Container_proxy@std@@@std@@QAE@XZ (public: __thiscall std::allocator<struct std::_Container_proxy>::allocator<struct std::_Container_proxy>(void))
252 00000000 SECTAD notype ()    External     | ?deallocate@?$allocator@U_Container_proxy@std@@@std@@QAEXPAU_Container_proxy@2@I@Z (public: void __thiscall std::allocator<struct std::_Container_proxy>::deallocate(struct std::_Container_proxy *,unsigned int))
253 00000000 SECT96 notype ()    External     | ?allocate@?$allocator@U_Container_proxy@std@@@std@@QAEPAU_Container_proxy@2@I@Z (public: struct std::_Container_proxy * __thiscall std::allocator<struct std::_Container_proxy>::allocate(unsigned int))
254 00000000 SECT14 notype ()    External     | ??$construct@U_Container_proxy@std@@U12@@?$allocator@U_Container_proxy@std@@@std@@QAEXPAU_Container_proxy@1@$$QAU21@@Z (public: void __thiscall std::allocator<struct std::_Container_proxy>::construct<struct std::_Container_proxy,struct std::_Container_proxy>(struct std::_Container_proxy *,struct std::_Container_proxy &&))
255 00000000 SECT1D notype ()    External     | ??$destroy@U_Container_proxy@std@@@?$allocator@U_Container_proxy@std@@@std@@QAEXPAU_Container_proxy@1@@Z (public: void __thiscall std::allocator<struct std::_Container_proxy>::destroy<struct std::_Container_proxy>(struct std::_Container_proxy *))
256 00000000 SECT7  notype ()    External     | ??$_Allocate@U_Container_proxy@std@@@std@@YAPAU_Container_proxy@0@IPAU10@@Z (struct std::_Container_proxy * __cdecl std::_Allocate<struct std::_Container_proxy>(unsigned int,struct std::_Container_proxy *))
257 00000000 SECT5  notype ()    External     | ??$_Allocate@D@std@@YAPADIPAD@Z (char * __cdecl std::_Allocate<char>(unsigned int,char *))
258 00000000 SECT5F notype ()    Static       | ??__E?_Generic_object@?$_Error_objects@H@std@@2V_Generic_error_category@2@A@@YAXXZ (void __cdecl `dynamic initializer for 'public: static class std::_Generic_error_category std::_Error_objects<int>::_Generic_object''(void))
259 00000000 SECT71 notype ()    Static       | ??__F?_Generic_object@?$_Error_objects@H@std@@2V_Generic_error_category@2@A@@YAXXZ (void __cdecl `dynamic atexit destructor for 'public: static class std::_Generic_error_category std::_Error_objects<int>::_Generic_object''(void))
25A 00000000 SECT61 notype ()    Static       | ??__E?_Iostream_object@?$_Error_objects@H@std@@2V_Iostream_error_category@2@A@@YAXXZ (void __cdecl `dynamic initializer for 'public: static class std::_Iostream_error_category std::_Error_objects<int>::_Iostream_object''(void))
25B 00000000 SECT73 notype ()    Static       | ??__F?_Iostream_object@?$_Error_objects@H@std@@2V_Iostream_error_category@2@A@@YAXXZ (void __cdecl `dynamic atexit destructor for 'public: static class std::_Iostream_error_category std::_Error_objects<int>::_Iostream_object''(void))
25C 00000000 SECT63 notype ()    Static       | ??__E?_System_object@?$_Error_objects@H@std@@2V_System_error_category@2@A@@YAXXZ (void __cdecl `dynamic initializer for 'public: static class std::_System_error_category std::_Error_objects<int>::_System_object''(void))
25D 00000000 SECT75 notype ()    Static       | ??__F?_System_object@?$_Error_objects@H@std@@2V_System_error_category@2@A@@YAXXZ (void __cdecl `dynamic atexit destructor for 'public: static class std::_System_error_category std::_Error_objects<int>::_System_object''(void))
25E 00000000 SECT1F notype ()    External     | ??$forward@AAPAD@std@@YAAAPADAAPAD@Z (char * & __cdecl std::forward<char * &>(char * &))
25F 00000000 SECT12 notype ()    External     | ??$construct@PADAAPAD@?$allocator_traits@V?$allocator@D@std@@@std@@SAXAAV?$allocator@D@1@PAPADAAPAD@Z (public: static void __cdecl std::allocator_traits<class std::allocator<char> >::construct<char *,char * &>(class std::allocator<char> &,char * *,char * &))
260 00000000 SECT1B notype ()    External     | ??$destroy@PAD@?$allocator_traits@V?$allocator@D@std@@@std@@SAXAAV?$allocator@D@1@PAPAD@Z (public: static void __cdecl std::allocator_traits<class std::allocator<char> >::destroy<char *>(class std::allocator<char> &,char * *))
261 00000000 SECT21 notype ()    External     | ??$forward@U_Container_proxy@std@@@std@@YA$$QAU_Container_proxy@0@AAU10@@Z (struct std::_Container_proxy && __cdecl std::forward<struct std::_Container_proxy>(struct std::_Container_proxy &))
262 00000000 SECT65 notype ()    Static       | ??__E?id@?$num_put@DV?$back_insert_iterator@V?$basic_string@DU?$char_traits@D@std@@V?$allocator@D@2@@std@@@std@@@std@@2V0locale@2@A@@YAXXZ (void __cdecl `dynamic initializer for 'public: static class std::locale::id std::num_put<char,class std::back_insert_iterator<class std::basic_string<char,struct std::char_traits<char>,class std::allocator<char> > > >::id''(void))
263 00000000 SECT67 notype ()    Static       | ??__E?id@?$num_put@GV?$back_insert_iterator@V?$basic_string@GU?$char_traits@G@std@@V?$allocator@G@2@@std@@@std@@@std@@2V0locale@2@A@@YAXXZ (void __cdecl `dynamic initializer for 'public: static class std::locale::id std::num_put<unsigned short,class std::back_insert_iterator<class std::basic_string<unsigned short,struct std::char_traits<unsigned short>,class std::allocator<unsigned short> > > >::id''(void))
264 00000000 SECT69 notype ()    Static       | ??__E?id@?$numpunct@D@std@@2V0locale@2@A@@YAXXZ (void __cdecl `dynamic initializer for 'public: static class std::locale::id std::numpunct<char>::id''(void))
265 00000000 SECT6B notype ()    Static       | ??__E?id@?$numpunct@G@std@@2V0locale@2@A@@YAXXZ (void __cdecl `dynamic initializer for 'public: static class std::locale::id std::numpunct<unsigned short>::id''(void))
266 00000000 SECTF  notype ()    External     | ??$construct@PADAAPAD@?$allocator@D@std@@QAEXPAPADAAPAD@Z (public: void __thiscall std::allocator<char>::construct<char *,char * &>(char * *,char * &))
267 00000000 SECT19 notype ()    External     | ??$destroy@PAD@?$allocator@D@std@@QAEXPAPAD@Z (public: void __thiscall std::allocator<char>::destroy<char *>(char * *))
268 00000000 UNDEF  notype ()    External     | @_RTC_CheckStackVars@8
269 00000000 UNDEF  notype ()    External     | @__security_check_cookie@4
26A 00000000 UNDEF  notype ()    External     | __CxxThrowException@8
26B 00000000 UNDEF  notype ()    External     | __RTC_CheckEsp
26C 00000000 UNDEF  notype ()    External     | __RTC_InitBase
26D 00000000 UNDEF  notype ()    External     | __RTC_Shutdown
26E 00000000 UNDEF  notype ()    External     | ___CxxFrameHandler3
26F 00000094 SECT8A notype       Static       | $LN10
270 0000009C SECT8A notype       Static       | $LN9
271 000000A8 SECT8A notype       Static       | $LN8
272 00000008 SECT25 notype ()    Static       | __ehhandler$??0?$_String_alloc@$0A@U?$_String_base_types@DV?$allocator@D@std@@@std@@@std@@QAE@ABV?$allocator@D@1@@Z
273 00000000 SECTEE notype       Static       | .sxdata
    Section length   24, #relocs    0, #linenums    0, checksum 78EED93E
275 00000000 SECT25 notype ()    Static       | __unwindfunclet$??0?$_String_alloc@$0A@U?$_String_base_types@DV?$allocator@D@std@@@std@@@std@@QAE@ABV?$allocator@D@1@@Z$0
276 00000078 SECT77 notype       Static       | $LN5
277 00000080 SECT77 notype       Static       | $LN4
278 0000008C SECT77 notype       Static       | $LN3
279 00000070 SECT7E notype       Static       | $LN5
27A 00000078 SECT7E notype       Static       | $LN4
27B 00000084 SECT7E notype       Static       | $LN3
27C 00000008 SECT30 notype ()    Static       | __ehhandler$??0?$basic_string@DU?$char_traits@D@std@@V?$allocator@D@2@@std@@QAE@PBD@Z
27D 00000000 SECT30 notype ()    Static       | __unwindfunclet$??0?$basic_string@DU?$char_traits@D@std@@V?$allocator@D@2@@std@@QAE@PBD@Z$0
27E 00000000 SECT7B notype ()    Static       | __ehhandler$?_Copy@?$basic_string@DU?$char_traits@D@std@@V?$allocator@D@2@@std@@QAEXII@Z
27F 000000E0 SECT79 notype ()    Static       | __catch$?_Copy@?$basic_string@DU?$char_traits@D@std@@V?$allocator@D@2@@std@@QAEXII@Z$0
280 00000116 SECT79 notype ()    Static       | __catch$?_Copy@?$basic_string@DU?$char_traits@D@std@@V?$allocator@D@2@@std@@QAEXII@Z$1
281 0000013A SECT79 notype       Label        | $LN17
282 00000150 SECT79 notype       Label        | $LN19
283 000001E4 SECT79 notype       Static       | $LN23
284 000001EC SECT79 notype       Static       | $LN22
285 000001F8 SECT79 notype       Static       | $LN20
286 00000000 SECTD9 notype ()    Static       | __ehhandler$?openFile@?A0x06616879@MilesHostRuntime50@@YGIPBDPAI@Z
287 0000009D SECTD7 notype ()    Static       | __catch$?openFile@?A0x06616879@MilesHostRuntime50@@YGIPBDPAI@Z$0
288 000000B1 SECTD7 notype       Label        | $LN9
289 000000E8 SECTD7 notype       Static       | $LN13
28A 000000F0 SECTD7 notype       Static       | $LN12
28B 000000FC SECTD7 notype       Static       | $LN10
28C 00000000 SECTA6 notype ()    Static       | __ehhandler$?closeFile@?A0x06616879@MilesHostRuntime50@@YGXI@Z
28D 00000072 SECTA4 notype ()    Static       | __catch$?closeFile@?A0x06616879@MilesHostRuntime50@@YGXI@Z$0
28E 00000086 SECTA4 notype       Label        | $LN7
28F 000000BC SECTA4 notype       Static       | $LN11
290 000000C4 SECTA4 notype       Static       | $LN10
291 000000D0 SECTA4 notype       Static       | $LN8
292 00000000 SECTE1 notype ()    Static       | __ehhandler$?seekFile@?A0x06616879@MilesHostRuntime50@@YGHIHI@Z
293 00000092 SECTDF notype ()    Static       | __catch$?seekFile@?A0x06616879@MilesHostRuntime50@@YGHIHI@Z$0
294 000000A6 SECTDF notype       Label        | $LN7
295 000000DC SECTDF notype       Static       | $LN13
296 000000E4 SECTDF notype       Static       | $LN12
297 00000114 SECTDF notype       Static       | $LN8
298 0000010F SECTDF notype       Static       | $LN9
299 00000108 SECTDF notype       Static       | $LN10
29A 00000000 SECTDC notype ()    Static       | __ehhandler$?readFile@?A0x06616879@MilesHostRuntime50@@YGIIPAXI@Z
29B 0000007F SECTDA notype ()    Static       | __catch$?readFile@?A0x06616879@MilesHostRuntime50@@YGIIPAXI@Z$0
29C 00000093 SECTDA notype       Label        | $LN7
29D 000000CC SECTDA notype       Static       | $LN11
29E 000000D4 SECTDA notype       Static       | $LN10
29F 000000E0 SECTDA notype       Static       | $LN8
2A0 00000011 SECT16 notype ()    Static       | __ehhandler$??$construct@U_Container_proxy@std@@U12@@?$allocator@U_Container_proxy@std@@@std@@QAEXPAU_Container_proxy@1@$$QAU21@@Z
2A1 00000000 SECT16 notype ()    Static       | __unwindfunclet$??$construct@U_Container_proxy@std@@U12@@?$allocator@U_Container_proxy@std@@@std@@QAEXPAU_Container_proxy@1@$$QAU21@@Z$0
2A2 00000011 SECT11 notype ()    Static       | __ehhandler$??$construct@PADAAPAD@?$allocator@D@std@@QAEXPAPADAAPAD@Z
2A3 00000000 SECT11 notype ()    Static       | __unwindfunclet$??$construct@PADAAPAD@?$allocator@D@std@@QAEXPAPADAAPAD@Z$0
2A4 00000000 SECTEF notype       Static       | .xdata$x
    Section length   2C, #relocs    2, #linenums    0, checksum A7F7E1EC, selection    5 (pick associative Section 0x23)
2A6 00000008 SECTEF notype       Static       | __ehfuncinfo$??0?$_String_alloc@$0A@U?$_String_base_types@DV?$allocator@D@std@@@std@@@std@@QAE@ABV?$allocator@D@1@@Z
2A7 00000000 SECTEF notype       Static       | __unwindtable$??0?$_String_alloc@$0A@U?$_String_base_types@DV?$allocator@D@std@@@std@@@std@@QAE@ABV?$allocator@D@1@@Z
2A8 00000000 SECTF0 notype       Static       | .xdata$x
    Section length   2C, #relocs    2, #linenums    0, checksum A7F7E1EC, selection    5 (pick associative Section 0x2E)
2AA 00000008 SECTF0 notype       Static       | __ehfuncinfo$??0?$basic_string@DU?$char_traits@D@std@@V?$allocator@D@2@@std@@QAE@PBD@Z
2AB 00000000 SECTF0 notype       Static       | __unwindtable$??0?$basic_string@DU?$char_traits@D@std@@V?$allocator@D@2@@std@@QAE@PBD@Z
2AC 00000000 SECTF1 notype       Static       | .xdata$x
    Section length   8C, #relocs    6, #linenums    0, checksum EB9508FD, selection    5 (pick associative Section 0x79)
2AE 00000040 SECTF1 notype       Static       | __ehfuncinfo$?_Copy@?$basic_string@DU?$char_traits@D@std@@V?$allocator@D@2@@std@@QAEXII@Z
2AF 00000020 SECTF1 notype       Static       | __unwindtable$?_Copy@?$basic_string@DU?$char_traits@D@std@@V?$allocator@D@2@@std@@QAEXII@Z
2B0 00000064 SECTF1 notype       Static       | __tryblocktable$?_Copy@?$basic_string@DU?$char_traits@D@std@@V?$allocator@D@2@@std@@QAEXII@Z
2B1 00000010 SECTF1 notype       Static       | __catchsym$?_Copy@?$basic_string@DU?$char_traits@D@std@@V?$allocator@D@2@@std@@QAEXII@Z$4
2B2 00000000 SECTF1 notype       Static       | __catchsym$?_Copy@?$basic_string@DU?$char_traits@D@std@@V?$allocator@D@2@@std@@QAEXII@Z$5
2B3 00000000 SECTF2 notype       Static       | .xdata$x
    Section length   58, #relocs    4, #linenums    0, checksum D5BF5650, selection    5 (pick associative Section 0xD7)
2B5 00000034 SECTF2 notype       Static       | __ehfuncinfo$?openFile@?A0x06616879@MilesHostRuntime50@@YGIPBDPAI@Z
2B6 00000010 SECTF2 notype       Static       | __unwindtable$?openFile@?A0x06616879@MilesHostRuntime50@@YGIPBDPAI@Z
2B7 00000020 SECTF2 notype       Static       | __tryblocktable$?openFile@?A0x06616879@MilesHostRuntime50@@YGIPBDPAI@Z
2B8 00000000 SECTF2 notype       Static       | __catchsym$?openFile@?A0x06616879@MilesHostRuntime50@@YGIPBDPAI@Z$2
2B9 00000000 SECTF3 notype       Static       | .xdata$x
    Section length   58, #relocs    4, #linenums    0, checksum D5BF5650, selection    5 (pick associative Section 0xA4)
2BB 00000034 SECTF3 notype       Static       | __ehfuncinfo$?closeFile@?A0x06616879@MilesHostRuntime50@@YGXI@Z
2BC 00000010 SECTF3 notype       Static       | __unwindtable$?closeFile@?A0x06616879@MilesHostRuntime50@@YGXI@Z
2BD 00000020 SECTF3 notype       Static       | __tryblocktable$?closeFile@?A0x06616879@MilesHostRuntime50@@YGXI@Z
2BE 00000000 SECTF3 notype       Static       | __catchsym$?closeFile@?A0x06616879@MilesHostRuntime50@@YGXI@Z$2
2BF 00000000 SECTF4 notype       Static       | .xdata$x
    Section length   58, #relocs    4, #linenums    0, checksum D5BF5650, selection    5 (pick associative Section 0xDF)
2C1 00000034 SECTF4 notype       Static       | __ehfuncinfo$?seekFile@?A0x06616879@MilesHostRuntime50@@YGHIHI@Z
2C2 00000010 SECTF4 notype       Static       | __unwindtable$?seekFile@?A0x06616879@MilesHostRuntime50@@YGHIHI@Z
2C3 00000020 SECTF4 notype       Static       | __tryblocktable$?seekFile@?A0x06616879@MilesHostRuntime50@@YGHIHI@Z
2C4 00000000 SECTF4 notype       Static       | __catchsym$?seekFile@?A0x06616879@MilesHostRuntime50@@YGHIHI@Z$2
2C5 00000000 SECTF5 notype       Static       | .xdata$x
    Section length   58, #relocs    4, #linenums    0, checksum D5BF5650, selection    5 (pick associative Section 0xDA)
2C7 00000034 SECTF5 notype       Static       | __ehfuncinfo$?readFile@?A0x06616879@MilesHostRuntime50@@YGIIPAXI@Z
2C8 00000010 SECTF5 notype       Static       | __unwindtable$?readFile@?A0x06616879@MilesHostRuntime50@@YGIIPAXI@Z
2C9 00000020 SECTF5 notype       Static       | __tryblocktable$?readFile@?A0x06616879@MilesHostRuntime50@@YGIIPAXI@Z
2CA 00000000 SECTF5 notype       Static       | __catchsym$?readFile@?A0x06616879@MilesHostRuntime50@@YGIIPAXI@Z$2
2CB 00000000 SECTF6 notype       Static       | .xdata$x
    Section length   2C, #relocs    2, #linenums    0, checksum A7F7E1EC, selection    5 (pick associative Section 0x14)
2CD 00000008 SECTF6 notype       Static       | __ehfuncinfo$??$construct@U_Container_proxy@std@@U12@@?$allocator@U_Container_proxy@std@@@std@@QAEXPAU_Container_proxy@1@$$QAU21@@Z
2CE 00000000 SECTF6 notype       Static       | __unwindtable$??$construct@U_Container_proxy@std@@U12@@?$allocator@U_Container_proxy@std@@@std@@QAEXPAU_Container_proxy@1@$$QAU21@@Z
2CF 00000000 SECTF7 notype       Static       | .xdata$x
    Section length   2C, #relocs    2, #linenums    0, checksum A7F7E1EC, selection    5 (pick associative Section 0xF)
2D1 00000008 SECTF7 notype       Static       | __ehfuncinfo$??$construct@PADAAPAD@?$allocator@D@std@@QAEXPAPADAAPAD@Z
2D2 00000000 SECTF7 notype       Static       | __unwindtable$??$construct@PADAAPAD@?$allocator@D@std@@QAEXPAPADAAPAD@Z
2D3 00000005 SECT4  notype       Static       | _piecewise_construct
2D4 00000004 SECT4  notype       Static       | _allocator_arg
2D5 00000000 UNDEF  notype       External     | ??_7type_info@@6B@ (const type_info::`vftable')
2D6 00000000 SECTF8 notype       Static       | .rdata
    Section length   1C, #relocs    7, #linenums    0, checksum        0, selection    6 (pick largest)
2D8 00000004 SECTF8 notype       External     | ??_7error_category@std@@6B@ (const std::error_category::`vftable')
2D9 00000000 SECTF9 notype       Static       | .rdata
    Section length   1C, #relocs    7, #linenums    0, checksum        0, selection    6 (pick largest)
2DB 00000004 SECTF9 notype       External     | ??_7_Generic_error_category@std@@6B@ (const std::_Generic_error_category::`vftable')
2DC 00000000 SECTFA notype       Static       | .rdata
    Section length    8, #relocs    0, #linenums    0, checksum A86CFC2B, selection    2 (pick any)
2DE 00000000 SECTFA notype       External     | ??_C@_07DCLBNMLN@generic?$AA@ (`string')
2DF 00000000 SECTFB notype       Static       | .rdata
    Section length    E, #relocs    0, #linenums    0, checksum 3BD6D632, selection    2 (pick any)
2E1 00000000 SECTFB notype       External     | ??_C@_0O@BFJCFAAK@unknown?5error?$AA@ (`string')
2E2 00000000 SECTFC notype       Static       | .rdata
    Section length   1C, #relocs    7, #linenums    0, checksum        0, selection    6 (pick largest)
2E4 00000004 SECTFC notype       External     | ??_7_Iostream_error_category@std@@6B@ (const std::_Iostream_error_category::`vftable')
2E5 00000000 SECTFD notype       Static       | .rdata
    Section length    9, #relocs    0, #linenums    0, checksum A29400EA, selection    2 (pick any)
2E7 00000000 SECTFD notype       External     | ??_C@_08LLGCOLLL@iostream?$AA@ (`string')
2E8 00000000 SECTFE notype       Static       | .rdata
    Section length   16, #relocs    0, #linenums    0, checksum A7E7FC63, selection    2 (pick any)
2EA 00000000 SECTFE notype       External     | ??_C@_0BG@PADBLCHM@iostream?5stream?5error?$AA@ (`string')
2EB 00000000 SECTFF notype       Static       | .rdata
    Section length   1C, #relocs    7, #linenums    0, checksum        0, selection    6 (pick largest)
2ED 00000004 SECTFF notype       External     | ??_7_System_error_category@std@@6B@ (const std::_System_error_category::`vftable')
2EE 00000000 SECT100 notype       Static      | .rdata
    Section length    7, #relocs    0, #linenums    0, checksum 35CD274A, selection    2 (pick any)
2F0 00000000 SECT100 notype       External    | ??_C@_06FHFOAHML@system?$AA@ (`string')
2F1 00000000 SECT101 notype       Static      | .bss
    Section length    4, #relocs    0, #linenums    0, checksum        0, selection    2 (pick any)
2F3 00000000 SECT101 notype       External    | ?_Generic_object@?$_Error_objects@H@std@@2V_Generic_error_category@2@A (public: static class std::_Generic_error_category std::_Error_objects<int>::_Generic_object)
2F4 00000000 SECT102 notype       Static      | .bss
    Section length    4, #relocs    0, #linenums    0, checksum        0, selection    2 (pick any)
2F6 00000000 SECT102 notype       External    | ?_Iostream_object@?$_Error_objects@H@std@@2V_Iostream_error_category@2@A (public: static class std::_Iostream_error_category std::_Error_objects<int>::_Iostream_object)
2F7 00000000 SECT103 notype       Static      | .bss
    Section length    4, #relocs    0, #linenums    0, checksum        0, selection    2 (pick any)
2F9 00000000 SECT103 notype       External    | ?_System_object@?$_Error_objects@H@std@@2V_System_error_category@2@A (public: static class std::_System_error_category std::_Error_objects<int>::_System_object)
2FA 00000000 SECT104 notype       Static      | .bss
    Section length    4, #relocs    0, #linenums    0, checksum        0, selection    2 (pick any)
2FC 00000000 SECT104 notype       External    | ?id@?$num_put@DV?$back_insert_iterator@V?$basic_string@DU?$char_traits@D@std@@V?$allocator@D@2@@std@@@std@@@std@@2V0locale@2@A (public: static class std::locale::id std::num_put<char,class std::back_insert_iterator<class std::basic_string<char,struct std::char_traits<char>,class std::allocator<char> > > >::id)
2FD 00000000 SECT105 notype       Static      | .bss
    Section length    4, #relocs    0, #linenums    0, checksum        0, selection    2 (pick any)
2FF 00000000 SECT105 notype       External    | ?id@?$num_put@GV?$back_insert_iterator@V?$basic_string@GU?$char_traits@G@std@@V?$allocator@G@2@@std@@@std@@@std@@2V0locale@2@A (public: static class std::locale::id std::num_put<unsigned short,class std::back_insert_iterator<class std::basic_string<unsigned short,struct std::char_traits<unsigned short>,class std::allocator<unsigned short> > > >::id)
300 00000000 SECT106 notype       Static      | .rdata
    Section length   8E, #relocs    0, #linenums    0, checksum 4072BEFC, selection    2 (pick any)
302 00000000 SECT106 notype       External    | ??_C@_1IO@JLPDPDPD@?$AAc?$AA?3?$AA?2?$AAp?$AAr?$AAo?$AAg?$AAr?$AAa?$AAm?$AA?5?$AAf?$AAi?$AAl?$AAe?$AAs?$AA?5?$AA?$CI?$AAx?$AA8?$AA6?$AA?$CJ?$AA?2?$AAm?$AAi?$AAc?$AAr?$AAo?$AAs?$AAo?$AAf?$AAt@ (`string')
303 00000000 SECT107 notype       Static      | .bss
    Section length    4, #relocs    0, #linenums    0, checksum        0, selection    2 (pick any)
305 00000000 SECT107 notype       External    | ?id@?$numpunct@D@std@@2V0locale@2@A (public: static class std::locale::id std::numpunct<char>::id)
306 00000000 SECT108 notype       Static      | .bss
    Section length    4, #relocs    0, #linenums    0, checksum        0, selection    2 (pick any)
308 00000000 SECT108 notype       External    | ?id@?$numpunct@G@std@@2V0locale@2@A (public: static class std::locale::id std::numpunct<unsigned short>::id)
309 00000000 SECT109 notype       Static      | .rdata
    Section length   10, #relocs    0, #linenums    0, checksum 869C5FA0, selection    2 (pick any)
30B 00000000 SECT109 notype       External    | ??_C@_0BA@JFNIOLAK@string?5too?5long?$AA@ (`string')
30C 00000000 SECT10A notype       Static      | .rdata
    Section length   18, #relocs    0, #linenums    0, checksum 79C52538, selection    2 (pick any)
30E 00000000 SECT10A notype       External    | ??_C@_0BI@CFPLBAOH@invalid?5string?5position?$AA@ (`string')
30F 00000000 SECT10B notype       Static      | .rdata
    Section length   2A, #relocs    0, #linenums    0, checksum 55665FBD, selection    2 (pick any)
311 00000000 SECT10B notype       External    | ??_C@_1CK@EOPGIILJ@?$AAi?$AAn?$AAv?$AAa?$AAl?$AAi?$AAd?$AA?5?$AAn?$AAu?$AAl?$AAl?$AA?5?$AAp?$AAo?$AAi?$AAn?$AAt?$AAe?$AAr?$AA?$AA@ (`string')
312 00000000 SECT10C notype       Static      | .rdata$r
    Section length   14, #relocs    2, #linenums    0, checksum        0, selection    2 (pick any)
314 00000000 SECT10C notype       External    | ??_R4error_category@std@@6B@ (const std::error_category::`RTTI Complete Object Locator')
315 00000000 SECT10D notype       Static      | .data$r
    Section length   21, #relocs    1, #linenums    0, checksum 57781CE5, selection    2 (pick any)
317 00000000 SECT10D notype       External    | ??_R0?AVerror_category@std@@@8 (class std::error_category `RTTI Type Descriptor')
318 00000000 SECT10E notype       Static      | .rdata$r
    Section length   10, #relocs    1, #linenums    0, checksum CCAA009E, selection    2 (pick any)
31A 00000000 SECT10E notype       External    | ??_R3error_category@std@@8 (std::error_category::`RTTI Class Hierarchy Descriptor')
31B 00000000 SECT10F notype       Static      | .rdata$r
    Section length    5, #relocs    1, #linenums    0, checksum        0, selection    2 (pick any)
31D 00000000 SECT10F notype       External    | ??_R2error_category@std@@8 (std::error_category::`RTTI Base Class Array')
31E 00000000 SECT110 notype       Static      | .rdata$r
    Section length   1C, #relocs    2, #linenums    0, checksum 3AD97647, selection    2 (pick any)
320 00000000 SECT110 notype       External    | ??_R1A@?0A@EA@error_category@std@@8 (std::error_category::`RTTI Base Class Descriptor at (0,-1,0,64)')
321 00000000 SECT111 notype       Static      | .rdata$r
    Section length   14, #relocs    2, #linenums    0, checksum        0, selection    2 (pick any)
323 00000000 SECT111 notype       External    | ??_R4_Generic_error_category@std@@6B@ (const std::_Generic_error_category::`RTTI Complete Object Locator')
324 00000000 SECT112 notype       Static      | .data$r
    Section length   2A, #relocs    1, #linenums    0, checksum 61E25741, selection    2 (pick any)
326 00000000 SECT112 notype       External    | ??_R0?AV_Generic_error_category@std@@@8 (class std::_Generic_error_category `RTTI Type Descriptor')
327 00000000 SECT113 notype       Static      | .rdata$r
    Section length   10, #relocs    1, #linenums    0, checksum 4225077D, selection    2 (pick any)
329 00000000 SECT113 notype       External    | ??_R3_Generic_error_category@std@@8 (std::_Generic_error_category::`RTTI Class Hierarchy Descriptor')
32A 00000000 SECT114 notype       Static      | .rdata$r
    Section length    9, #relocs    2, #linenums    0, checksum        0, selection    2 (pick any)
32C 00000000 SECT114 notype       External    | ??_R2_Generic_error_category@std@@8 (std::_Generic_error_category::`RTTI Base Class Array')
32D 00000000 SECT115 notype       Static      | .rdata$r
    Section length   1C, #relocs    2, #linenums    0, checksum BBFC1360, selection    2 (pick any)
32F 00000000 SECT115 notype       External    | ??_R1A@?0A@EA@_Generic_error_category@std@@8 (std::_Generic_error_category::`RTTI Base Class Descriptor at (0,-1,0,64)')
330 00000000 SECT116 notype       Static      | .rdata$r
    Section length   14, #relocs    2, #linenums    0, checksum        0, selection    2 (pick any)
332 00000000 SECT116 notype       External    | ??_R4_Iostream_error_category@std@@6B@ (const std::_Iostream_error_category::`RTTI Complete Object Locator')
333 00000000 SECT117 notype       Static      | .data$r
    Section length   2B, #relocs    1, #linenums    0, checksum 9ABBB05D, selection    2 (pick any)
335 00000000 SECT117 notype       External    | ??_R0?AV_Iostream_error_category@std@@@8 (class std::_Iostream_error_category `RTTI Type Descriptor')
336 00000000 SECT118 notype       Static      | .rdata$r
    Section length   10, #relocs    1, #linenums    0, checksum 8E8F07E3, selection    2 (pick any)
338 00000000 SECT118 notype       External    | ??_R3_Iostream_error_category@std@@8 (std::_Iostream_error_category::`RTTI Class Hierarchy Descriptor')
339 00000000 SECT119 notype       Static      | .rdata$r
    Section length    D, #relocs    3, #linenums    0, checksum        0, selection    2 (pick any)
33B 00000000 SECT119 notype       External    | ??_R2_Iostream_error_category@std@@8 (std::_Iostream_error_category::`RTTI Base Class Array')
33C 00000000 SECT11A notype       Static      | .rdata$r
    Section length   1C, #relocs    2, #linenums    0, checksum E3E2BA48, selection    2 (pick any)
33E 00000000 SECT11A notype       External    | ??_R1A@?0A@EA@_Iostream_error_category@std@@8 (std::_Iostream_error_category::`RTTI Base Class Descriptor at (0,-1,0,64)')
33F 00000000 SECT11B notype       Static      | .rdata$r
    Section length   14, #relocs    2, #linenums    0, checksum        0, selection    2 (pick any)
341 00000000 SECT11B notype       External    | ??_R4_System_error_category@std@@6B@ (const std::_System_error_category::`RTTI Complete Object Locator')
342 00000000 SECT11C notype       Static      | .data$r
    Section length   29, #relocs    1, #linenums    0, checksum FF15FF41, selection    2 (pick any)
344 00000000 SECT11C notype       External    | ??_R0?AV_System_error_category@std@@@8 (class std::_System_error_category `RTTI Type Descriptor')
345 00000000 SECT11D notype       Static      | .rdata$r
    Section length   10, #relocs    1, #linenums    0, checksum 8E8F07E3, selection    2 (pick any)
347 00000000 SECT11D notype       External    | ??_R3_System_error_category@std@@8 (std::_System_error_category::`RTTI Class Hierarchy Descriptor')
348 00000000 SECT11E notype       Static      | .rdata$r
    Section length    D, #relocs    3, #linenums    0, checksum        0, selection    2 (pick any)
34A 00000000 SECT11E notype       External    | ??_R2_System_error_category@std@@8 (std::_System_error_category::`RTTI Base Class Array')
34B 00000000 SECT11F notype       Static      | .rdata$r
    Section length   1C, #relocs    2, #linenums    0, checksum E3E2BA48, selection    2 (pick any)
34D 00000000 SECT11F notype       External    | ??_R1A@?0A@EA@_System_error_category@std@@8 (std::_System_error_category::`RTTI Base Class Descriptor at (0,-1,0,64)')
34E 00000000 SECT120 notype       Static      | .rtc$IMZ
    Section length    4, #relocs    1, #linenums    0, checksum        0, selection    2 (pick any)
350 00000000 SECT120 notype       Static      | __RTC_InitBase.rtc$IMZ
351 00000000 SECT121 notype       Static      | .rtc$TMZ
    Section length    4, #relocs    1, #linenums    0, checksum        0, selection    2 (pick any)
353 00000000 SECT121 notype       Static      | __RTC_Shutdown.rtc$TMZ
354 00000000 UNDEF  notype       External     | ___security_cookie
355 00000000 UNDEF  notype       External     | __fltused
356 00000000 SECT122 notype       Static      | .CRT$XCU
    Section length    8, #relocs    2, #linenums    0, checksum        0
358 00000000 SECT122 notype       Static      | _piecewise_construct$initializer$
359 00000004 SECT122 notype       Static      | _allocator_arg$initializer$
35A 00000000 SECT123 notype       Static      | .CRT$XCU
    Section length    4, #relocs    1, #linenums    0, checksum        0, selection    5 (pick associative Section 0x101)
35C 00000000 SECT123 notype       Static      | ?_Generic_object$initializer$@?$_Error_objects@H@std@@2P6AXXZA (public: static void (__cdecl* std::_Error_objects<int>::_Generic_object$initializer$)(void))
35D 00000000 SECT124 notype       Static      | .CRT$XCU
    Section length    4, #relocs    1, #linenums    0, checksum        0, selection    5 (pick associative Section 0x102)
35F 00000000 SECT124 notype       Static      | ?_Iostream_object$initializer$@?$_Error_objects@H@std@@2P6AXXZA (public: static void (__cdecl* std::_Error_objects<int>::_Iostream_object$initializer$)(void))
360 00000000 SECT125 notype       Static      | .CRT$XCU
    Section length    4, #relocs    1, #linenums    0, checksum        0, selection    5 (pick associative Section 0x103)
362 00000000 SECT125 notype       Static      | ?_System_object$initializer$@?$_Error_objects@H@std@@2P6AXXZA (public: static void (__cdecl* std::_Error_objects<int>::_System_object$initializer$)(void))
363 00000000 SECT126 notype       Static      | .CRT$XCU
    Section length    4, #relocs    1, #linenums    0, checksum        0, selection    5 (pick associative Section 0x104)
365 00000000 SECT126 notype       Static      | ?id$initializer$@?$num_put@DV?$back_insert_iterator@V?$basic_string@DU?$char_traits@D@std@@V?$allocator@D@2@@std@@@std@@@std@@2P6AXXZA (public: static void (__cdecl* std::num_put<char,class std::back_insert_iterator<class std::basic_string<char,struct std::char_traits<char>,class std::allocator<char> > > >::id$initializer$)(void))
366 00000000 SECT127 notype       Static      | .CRT$XCU
    Section length    4, #relocs    1, #linenums    0, checksum        0, selection    5 (pick associative Section 0x105)
368 00000000 SECT127 notype       Static      | ?id$initializer$@?$num_put@GV?$back_insert_iterator@V?$basic_string@GU?$char_traits@G@std@@V?$allocator@G@2@@std@@@std@@@std@@2P6AXXZA (public: static void (__cdecl* std::num_put<unsigned short,class std::back_insert_iterator<class std::basic_string<unsigned short,struct std::char_traits<unsigned short>,class std::allocator<unsigned short> > > >::id$initializer$)(void))
369 00000000 SECT128 notype       Static      | .CRT$XCU
    Section length    4, #relocs    1, #linenums    0, checksum        0, selection    5 (pick associative Section 0x107)
36B 00000000 SECT128 notype       Static      | ?id$initializer$@?$numpunct@D@std@@2P6AXXZA (public: static void (__cdecl* std::numpunct<char>::id$initializer$)(void))
36C 00000000 SECT129 notype       Static      | .CRT$XCU
    Section length    4, #relocs    1, #linenums    0, checksum        0, selection    5 (pick associative Section 0x108)
36E 00000000 SECT129 notype       Static      | ?id$initializer$@?$numpunct@G@std@@2P6AXXZA (public: static void (__cdecl* std::numpunct<unsigned short>::id$initializer$)(void))
36F 00000000 SECT12A notype       Static      | .debug$S
    Section length  130, #relocs    4, #linenums    0, checksum        0, selection    5 (pick associative Section 0x104)
371 00000000 SECT12B notype       Static      | .debug$S
    Section length   94, #relocs    4, #linenums    0, checksum        0, selection    5 (pick associative Section 0x101)
373 00000000 SECT12C notype       Static      | .debug$S
    Section length   98, #relocs    4, #linenums    0, checksum        0, selection    5 (pick associative Section 0x102)
375 00000000 SECT12D notype       Static      | .debug$S
    Section length   90, #relocs    4, #linenums    0, checksum        0, selection    5 (pick associative Section 0x103)
377 00000000 SECT12E notype       Static      | .debug$S
    Section length   70, #relocs    4, #linenums    0, checksum        0, selection    5 (pick associative Section 0x107)
379 00000000 SECT12F notype       Static      | .debug$S
    Section length  180, #relocs    4, #linenums    0, checksum        0, selection    5 (pick associative Section 0x105)
37B 00000000 SECT130 notype       Static      | .debug$S
    Section length   84, #relocs    4, #linenums    0, checksum        0, selection    5 (pick associative Section 0x108)

String Table Size = 0x379C bytes

  Summary

          24 .CRT$XCU
          22 .bss
          9F .data$r
       10C18 .debug$S
          58 .debug$T
         31C .drectve
         18C .rdata
         128 .rdata$r
           4 .rtc$IMZ
           4 .rtc$TMZ
          24 .sxdata
          F1 .text$di
        1C6B .text$mn
         125 .text$x
          42 .text$yd
         29C .xdata$x
