Microsoft (R) COFF/PE Dumper Version 12.00.40629.0
Copyright (C) Microsoft Corporation.  All rights reserved.


Dump of file C:\stream-native38\native-v1\02\unit.obj

File Type: COFF OBJECT

COFF SYMBOL TABLE
000 00E19EB5 ABS    notype       Static       | @comp.id
001 80000190 ABS    notype       Static       | @feat.00
002 00000000 SECT1  notype       Static       | .drectve
    Section length  320, #relocs    0, #linenums    0, checksum        0
004 00000000 SECT2  notype       Static       | .debug$S
    Section length   7C, #relocs    0, #linenums    0, checksum        0
006 00000000 SECT3  notype       Static       | .text$mn
    Section length   26, #relocs    2, #linenums    0, checksum ACD6AFDA, selection    2 (pick any)
008 00000000 SECT4  notype       Static       | .text$mn
    Section length    4, #relocs    0, #linenums    0, checksum 634CF1B6, selection    2 (pick any)
00A 00000000 SECT5  notype       Static       | .text$mn
    Section length    C, #relocs    0, #linenums    0, checksum 25E6E91D, selection    2 (pick any)
00C 00000000 SECT6  notype       Static       | .text$mn
    Section length    C, #relocs    0, #linenums    0, checksum 25E6E91D, selection    2 (pick any)
00E 00000000 SECT7  notype       Static       | .text$mn
    Section length    C, #relocs    0, #linenums    0, checksum 25E6E91D, selection    2 (pick any)
010 00000000 SECT8  notype       Static       | .text$mn
    Section length    3, #relocs    0, #linenums    0, checksum 922B422E, selection    2 (pick any)
012 00000000 SECT9  notype       Static       | .text$mn
    Section length    3, #relocs    0, #linenums    0, checksum 922B422E, selection    2 (pick any)
014 00000000 SECTA  notype       Static       | .text$mn
    Section length    3, #relocs    0, #linenums    0, checksum 922B422E, selection    2 (pick any)
016 00000000 SECTB  notype       Static       | .text$mn
    Section length    4, #relocs    0, #linenums    0, checksum 634CF1B6, selection    2 (pick any)
018 00000000 SECTC  notype       Static       | .text$mn
    Section length    E, #relocs    0, #linenums    0, checksum 3D05B36D, selection    2 (pick any)
01A 00000000 SECTD  notype       Static       | .text$mn
    Section length    E, #relocs    0, #linenums    0, checksum 3D05B36D, selection    2 (pick any)
01C 00000000 SECTE  notype       Static       | .text$mn
    Section length    4, #relocs    0, #linenums    0, checksum 634CF1B6, selection    2 (pick any)
01E 00000000 SECTF  notype       Static       | .text$mn
    Section length    4, #relocs    0, #linenums    0, checksum 634CF1B6, selection    2 (pick any)
020 00000000 SECT10 notype       Static       | .text$mn
    Section length   3C, #relocs    1, #linenums    0, checksum 76EAF9E1, selection    2 (pick any)
022 00000000 SECT11 notype       Static       | .text$mn
    Section length    E, #relocs    1, #linenums    0, checksum 1D727DB6, selection    2 (pick any)
024 00000000 SECT12 notype       Static       | .text$mn
    Section length    E, #relocs    1, #linenums    0, checksum 1D727DB6, selection    2 (pick any)
026 00000000 SECT13 notype       Static       | .text$mn
    Section length    E, #relocs    1, #linenums    0, checksum 1D727DB6, selection    2 (pick any)
028 00000000 SECT14 notype       Static       | .text$mn
    Section length    E, #relocs    1, #linenums    0, checksum 1D727DB6, selection    2 (pick any)
02A 00000000 SECT15 notype       Static       | .text$mn
    Section length    A, #relocs    0, #linenums    0, checksum 552F6FC4, selection    2 (pick any)
02C 00000000 SECT16 notype       Static       | .text$mn
    Section length    7, #relocs    0, #linenums    0, checksum 7097318A, selection    2 (pick any)
02E 00000000 SECT17 notype       Static       | .text$mn
    Section length   31, #relocs    1, #linenums    0, checksum 6A044D3B, selection    2 (pick any)
030 00000000 SECT18 notype       Static       | .text$mn
    Section length    B, #relocs    1, #linenums    0, checksum 9ED5CDC2, selection    2 (pick any)
032 00000000 SECT19 notype       Static       | .text$mn
    Section length    B, #relocs    1, #linenums    0, checksum 9ED5CDC2, selection    2 (pick any)
034 00000000 SECT1A notype       Static       | .text$mn
    Section length    B, #relocs    1, #linenums    0, checksum 9ED5CDC2, selection    2 (pick any)
036 00000000 SECT1B notype       Static       | .text$mn
    Section length    B, #relocs    1, #linenums    0, checksum 9ED5CDC2, selection    2 (pick any)
038 00000000 SECT1C notype       Static       | .text$mn
    Section length    4, #relocs    0, #linenums    0, checksum 4861A275, selection    2 (pick any)
03A 00000000 SECT1D notype       Static       | .text$mn
    Section length    3, #relocs    0, #linenums    0, checksum 922B422E, selection    2 (pick any)
03C 00000000 SECT1E notype       Static       | .text$mn
    Section length    7, #relocs    0, #linenums    0, checksum D1127834, selection    2 (pick any)
03E 00000000 SECT1F notype       Static       | .text$mn
    Section length   16, #relocs    0, #linenums    0, checksum  84D1194, selection    2 (pick any)
040 00000000 SECT20 notype       Static       | .text$mn
    Section length   26, #relocs    2, #linenums    0, checksum 8D85D357, selection    2 (pick any)
042 00000000 SECT21 notype       Static       | .text$mn
    Section length   26, #relocs    2, #linenums    0, checksum 8D85D357, selection    2 (pick any)
044 00000000 SECT22 notype       Static       | .text$mn
    Section length   26, #relocs    2, #linenums    0, checksum 8D85D357, selection    2 (pick any)
046 00000000 SECT23 notype       Static       | .text$mn
    Section length   26, #relocs    2, #linenums    0, checksum 8D85D357, selection    2 (pick any)
048 00000000 SECT24 notype       Static       | .text$di
    Section length    C, #relocs    2, #linenums    0, checksum 5A209788, selection    2 (pick any)
04A 00000000 SECT25 notype       Static       | .text$di
    Section length    C, #relocs    2, #linenums    0, checksum 5A209788, selection    2 (pick any)
04C 00000000 SECT26 notype       Static       | .text$di
    Section length    C, #relocs    2, #linenums    0, checksum 5A209788, selection    2 (pick any)
04E 00000000 SECT27 notype       Static       | .text$yd
    Section length    F, #relocs    2, #linenums    0, checksum 9982EF90, selection    2 (pick any)
050 00000000 SECT28 notype       Static       | .text$yd
    Section length    F, #relocs    2, #linenums    0, checksum 9982EF90, selection    2 (pick any)
052 00000000 SECT29 notype       Static       | .text$yd
    Section length    F, #relocs    2, #linenums    0, checksum 9982EF90, selection    2 (pick any)
054 00000000 SECT2A notype       Static       | .text$mn
    Section length  101, #relocs    4, #linenums    0, checksum EF933E80, selection    2 (pick any)
056 00000000 SECT2B notype       Static       | .text$x
    Section length   81, #relocs    5, #linenums    0, checksum D566DCAD, selection    5 (pick associative Section 0x2A)
058 00000000 SECT2C notype       Static       | .text$mn
    Section length   18, #relocs    0, #linenums    0, checksum E48843A0, selection    2 (pick any)
05A 00000000 SECT2D notype       Static       | .text$mn
    Section length    4, #relocs    0, #linenums    0, checksum 4861A275, selection    2 (pick any)
05C 00000000 SECT2E notype       Static       | .text$mn
    Section length   CA, #relocs    5, #linenums    0, checksum BDA3FE7B, selection    2 (pick any)
05E 00000000 SECT2F notype       Static       | .text$mn
    Section length   3D, #relocs    0, #linenums    0, checksum 8BC45D8F, selection    2 (pick any)
060 00000000 SECT30 notype       Static       | .text$mn
    Section length    F, #relocs    0, #linenums    0, checksum BA7F8787, selection    2 (pick any)
062 00000000 SECT31 notype       Static       | .text$mn
    Section length    F, #relocs    0, #linenums    0, checksum BA7F8787, selection    2 (pick any)
064 00000000 SECT32 notype       Static       | .text$mn
    Section length   58, #relocs    2, #linenums    0, checksum A4FE17E4, selection    2 (pick any)
066 00000000 SECT33 notype       Static       | .text$mn
    Section length   11, #relocs    2, #linenums    0, checksum C3A57F85, selection    2 (pick any)
068 00000000 SECT34 notype       Static       | .text$mn
    Section length   11, #relocs    2, #linenums    0, checksum C3A57F85, selection    2 (pick any)
06A 00000000 SECT35 notype       Static       | .text$mn
    Section length   29, #relocs    2, #linenums    0, checksum 7FB1E8A3, selection    2 (pick any)
06C 00000000 SECT36 notype       Static       | .text$mn
    Section length   29, #relocs    2, #linenums    0, checksum 7FB1E8A3, selection    2 (pick any)
06E 00000000 SECT37 notype       Static       | .text$mn
    Section length  12B, #relocs    9, #linenums    0, checksum 1F4C19F6, selection    2 (pick any)
070 00000000 SECT38 notype       Static       | .text$mn
    Section length   20, #relocs    2, #linenums    0, checksum 3680069B, selection    2 (pick any)
072 00000000 SECT39 notype       Static       | .text$mn
    Section length  132, #relocs    5, #linenums    0, checksum F4AA980A, selection    2 (pick any)
074 00000000 SECT3A notype       Static       | .text$mn
    Section length    6, #relocs    0, #linenums    0, checksum 30886F99, selection    2 (pick any)
076 00000000 SECT3B notype       Static       | .text$mn
    Section length    5, #relocs    0, #linenums    0, checksum E937DC47, selection    2 (pick any)
078 00000000 SECT3C notype       Static       | .text$mn
    Section length    5, #relocs    0, #linenums    0, checksum E937DC47, selection    2 (pick any)
07A 00000000 SECT3D notype       Static       | .text$mn
    Section length   1C, #relocs    1, #linenums    0, checksum 94C8F01D, selection    2 (pick any)
07C 00000000 SECT3E notype       Static       | .text$mn
    Section length    8, #relocs    1, #linenums    0, checksum E5DEFF2C, selection    2 (pick any)
07E 00000000 SECT3F notype       Static       | .text$mn
    Section length    8, #relocs    1, #linenums    0, checksum E5DEFF2C, selection    2 (pick any)
080 00000000 SECT40 notype       Static       | .text$mn
    Section length   3F, #relocs    3, #linenums    0, checksum D4103894, selection    2 (pick any)
082 00000000 SECT41 notype       Static       | .text$mn
    Section length    B, #relocs    0, #linenums    0, checksum 6353D6E7, selection    2 (pick any)
084 00000000 SECT42 notype       Static       | .text$mn
    Section length   11, #relocs    0, #linenums    0, checksum 8B1C85E7, selection    2 (pick any)
086 00000000 SECT43 notype       Static       | .text$mn
    Section length   37, #relocs    0, #linenums    0, checksum 49911EBE, selection    2 (pick any)
088 00000000 SECT44 notype       Static       | .text$mn
    Section length   CB, #relocs    3, #linenums    0, checksum  9BF8609, selection    2 (pick any)
08A 00000000 SECT45 notype       Static       | .text$mn
    Section length   3D, #relocs    2, #linenums    0, checksum 267D4410, selection    2 (pick any)
08C 00000000 SECT46 notype       Static       | .text$mn
    Section length    8, #relocs    1, #linenums    0, checksum 411950D3, selection    2 (pick any)
08E 00000000 SECT47 notype       Static       | .text$mn
    Section length   1A, #relocs    0, #linenums    0, checksum C56B2586, selection    2 (pick any)
090 00000000 SECT48 notype       Static       | .text$mn
    Section length    5, #relocs    0, #linenums    0, checksum 999AA3DD, selection    2 (pick any)
092 00000000 SECT49 notype       Static       | .text$mn
    Section length    5, #relocs    0, #linenums    0, checksum 999AA3DD, selection    2 (pick any)
094 00000000 SECT4A notype       Static       | .text$mn
    Section length    5, #relocs    0, #linenums    0, checksum 999AA3DD, selection    2 (pick any)
096 00000000 SECT4B notype       Static       | .text$mn
    Section length    8, #relocs    0, #linenums    0, checksum E4FAD4B1, selection    2 (pick any)
098 00000000 SECT4C notype       Static       | .text$mn
    Section length   62, #relocs    3, #linenums    0, checksum D76CD647, selection    2 (pick any)
09A 00000000 SECT4D notype       Static       | .text$mn
    Section length   4D, #relocs    3, #linenums    0, checksum 1A40C351, selection    2 (pick any)
09C 00000000 SECT4E notype       Static       | .text$mn
    Section length   62, #relocs    3, #linenums    0, checksum D76CD647, selection    2 (pick any)
09E 00000000 SECT4F notype       Static       | .text$mn
    Section length    E, #relocs    1, #linenums    0, checksum 2EF5F26D, selection    2 (pick any)
0A0 00000000 SECT50 notype       Static       | .text$mn
    Section length    8, #relocs    1, #linenums    0, checksum 411950D3, selection    2 (pick any)
0A2 00000000 SECT51 notype       Static       | .text$mn
    Section length    8, #relocs    1, #linenums    0, checksum 411950D3, selection    2 (pick any)
0A4 00000000 SECT52 notype       Static       | .text$mn
    Section length    8, #relocs    1, #linenums    0, checksum 411950D3, selection    2 (pick any)
0A6 00000000 SECT53 notype       Static       | .text$mn
    Section length    5, #relocs    0, #linenums    0, checksum 6B2C441E, selection    2 (pick any)
0A8 00000000 SECT54 notype       Static       | .text$mn
    Section length   A9, #relocs    B, #linenums    0, checksum 2B1B48FB, selection    1 (pick no duplicates)
0AA 00000000 SECT55 notype       Static       | .text$mn
    Section length    8, #relocs    1, #linenums    0, checksum 411950D3, selection    2 (pick any)
0AC 00000000 SECT56 notype       Static       | .text$mn
    Section length    3, #relocs    0, #linenums    0, checksum F616562A, selection    2 (pick any)
0AE 00000000 SECT57 notype       Static       | .text$mn
    Section length    3, #relocs    0, #linenums    0, checksum F616562A, selection    2 (pick any)
0B0 00000000 SECT58 notype       Static       | .text$mn
    Section length    5, #relocs    1, #linenums    0, checksum 25C4A5AE, selection    2 (pick any)
0B2 00000000 UNDEF  notype ()    External     | _purecall
0B3 00000000 UNDEF  notype ()    External     | ??2@YAPEAX_K@Z (void * __cdecl operator new(unsigned __int64))
0B4 00000000 UNDEF  notype ()    External     | ??3@YAXPEAX@Z (void __cdecl operator delete(void *))
0B5 00000000 UNDEF  notype ()    External     | atexit
0B6 00000000 UNDEF  notype ()    External     | memmove
0B7 00000000 UNDEF  notype ()    External     | _hypot
0B8 00000000 SECT58 notype ()    External     | hypot
0B9 00000000 SECT1C notype ()    External     | ??2@YAPEAX_KPEAX@Z (void * __cdecl operator new(unsigned __int64,void *))
0BA 00000000 SECT1D notype ()    External     | ??3@YAXPEAX0@Z (void __cdecl operator delete(void *,void *))
0BB 00000000 SECT47 notype ()    External     | ?length@?$char_traits@D@std@@SA_KPEBD@Z (public: static unsigned __int64 __cdecl std::char_traits<char>::length(char const *))
0BC 00000000 SECT3D notype ()    External     | ?copy@?$char_traits@D@std@@SAPEADPEADPEBD_K@Z (public: static char * __cdecl std::char_traits<char>::copy(char *,char const *,unsigned __int64))
0BD 00000000 SECT4F notype ()    External     | ?move@?$char_traits@D@std@@SAPEADPEADPEBD_K@Z (public: static char * __cdecl std::char_traits<char>::move(char *,char const *,unsigned __int64))
0BE 00000000 SECT3A notype ()    External     | ?assign@?$char_traits@D@std@@SAXAEADAEBD@Z (public: static void __cdecl std::char_traits<char>::assign(char &,char const &))
0BF 00000000 UNDEF  notype ()    External     | ?_Xbad_alloc@std@@YAXXZ (void __cdecl std::_Xbad_alloc(void))
0C0 00000000 UNDEF  notype ()    External     | ?_Xlength_error@std@@YAXPEBD@Z (void __cdecl std::_Xlength_error(char const *))
0C1 00000000 UNDEF  notype ()    External     | ?_Xout_of_range@std@@YAXPEBD@Z (void __cdecl std::_Xout_of_range(char const *))
0C2 00000000 SECTF  notype ()    External     | ??0?$allocator@D@std@@QEAA@XZ (public: __cdecl std::allocator<char>::allocator<char>(void))
0C3 00000000 SECT3F notype ()    External     | ?deallocate@?$allocator@D@std@@QEAAXPEAD_K@Z (public: void __cdecl std::allocator<char>::deallocate(char *,unsigned __int64))
0C4 00000000 SECT36 notype ()    External     | ?allocate@?$allocator@D@std@@QEAAPEAD_K@Z (public: char * __cdecl std::allocator<char>::allocate(unsigned __int64))
0C5 00000000 SECT49 notype ()    External     | ?max_size@?$allocator@D@std@@QEBA_KXZ (public: unsigned __int64 __cdecl std::allocator<char>::max_size(void)const )
0C6 00000000 SECT4A notype ()    External     | ?max_size@?$allocator_traits@V?$allocator@D@std@@@std@@SA_KAEBV?$allocator@D@2@@Z (public: static unsigned __int64 __cdecl std::allocator_traits<class std::allocator<char> >::max_size(class std::allocator<char> const &))
0C7 00000000 SECTE  notype ()    External     | ??0?$_Wrap_alloc@V?$allocator@D@std@@@std@@QEAA@XZ (public: __cdecl std::_Wrap_alloc<class std::allocator<char> >::_Wrap_alloc<class std::allocator<char> >(void))
0C8 00000000 SECT35 notype ()    External     | ?allocate@?$_Wrap_alloc@V?$allocator@D@std@@@std@@QEAAPEAD_K@Z (public: char * __cdecl std::_Wrap_alloc<class std::allocator<char> >::allocate(unsigned __int64))
0C9 00000000 SECT3E notype ()    External     | ?deallocate@?$_Wrap_alloc@V?$allocator@D@std@@@std@@QEAAXPEAD_K@Z (public: void __cdecl std::_Wrap_alloc<class std::allocator<char> >::deallocate(char *,unsigned __int64))
0CA 00000000 SECT48 notype ()    External     | ?max_size@?$_Wrap_alloc@V?$allocator@D@std@@@std@@QEBA_KXZ (public: unsigned __int64 __cdecl std::_Wrap_alloc<class std::allocator<char> >::max_size(void)const )
0CB 00000000 SECTD  notype ()    External     | ??0?$_String_val@U?$_Simple_types@D@std@@@std@@QEAA@XZ (public: __cdecl std::_String_val<struct std::_Simple_types<char> >::_String_val<struct std::_Simple_types<char> >(void))
0CC 00000000 SECT30 notype ()    External     | ?_Myptr@?$_String_val@U?$_Simple_types@D@std@@@std@@QEAAPEADXZ (public: char * __cdecl std::_String_val<struct std::_Simple_types<char> >::_Myptr(void))
0CD 00000000 SECT31 notype ()    External     | ?_Myptr@?$_String_val@U?$_Simple_types@D@std@@@std@@QEBAPEBDXZ (public: char const * __cdecl std::_String_val<struct std::_Simple_types<char> >::_Myptr(void)const )
0CE 00000000 SECTC  notype ()    External     | ??0?$_String_alloc@$0A@U?$_String_base_types@DV?$allocator@D@std@@@std@@@std@@QEAA@AEBV?$allocator@D@1@@Z (public: __cdecl std::_String_alloc<0,struct std::_String_base_types<char,class std::allocator<char> > >::_String_alloc<0,struct std::_String_base_types<char,class std::allocator<char> > >(class std::allocator<char> const &))
0CF 00000000 SECT2D notype ()    External     | ?_Getal@?$_String_alloc@$0A@U?$_String_base_types@DV?$allocator@D@std@@@std@@@std@@QEBA?AU?$_Wrap_alloc@V?$allocator@D@std@@@2@XZ (public: struct std::_Wrap_alloc<class std::allocator<char> > __cdecl std::_String_alloc<0,struct std::_String_base_types<char,class std::allocator<char> > >::_Getal(void)const )
0D0 00000000 SECT10 notype ()    External     | ??0?$basic_string@DU?$char_traits@D@std@@V?$allocator@D@2@@std@@QEAA@PEBD@Z (public: __cdecl std::basic_string<char,struct std::char_traits<char>,class std::allocator<char> >::basic_string<char,struct std::char_traits<char>,class std::allocator<char> >(char const *))
0D1 00000000 SECT17 notype ()    External     | ??1?$basic_string@DU?$char_traits@D@std@@V?$allocator@D@2@@std@@QEAA@XZ (public: __cdecl std::basic_string<char,struct std::char_traits<char>,class std::allocator<char> >::~basic_string<char,struct std::char_traits<char>,class std::allocator<char> >(void))
0D2 00000000 SECT37 notype ()    External     | ?assign@?$basic_string@DU?$char_traits@D@std@@V?$allocator@D@2@@std@@QEAAAEAV12@AEBV12@_K1@Z (public: class std::basic_string<char,struct std::char_traits<char>,class std::allocator<char> > & __cdecl std::basic_string<char,struct std::char_traits<char>,class std::allocator<char> >::assign(class std::basic_string<char,struct std::char_traits<char>,class std::allocator<char> > const &,unsigned __int64,unsigned __int64))
0D3 00000000 SECT39 notype ()    External     | ?assign@?$basic_string@DU?$char_traits@D@std@@V?$allocator@D@2@@std@@QEAAAEAV12@PEBD_K@Z (public: class std::basic_string<char,struct std::char_traits<char>,class std::allocator<char> > & __cdecl std::basic_string<char,struct std::char_traits<char>,class std::allocator<char> >::assign(char const *,unsigned __int64))
0D4 00000000 SECT38 notype ()    External     | ?assign@?$basic_string@DU?$char_traits@D@std@@V?$allocator@D@2@@std@@QEAAAEAV12@PEBD@Z (public: class std::basic_string<char,struct std::char_traits<char>,class std::allocator<char> > & __cdecl std::basic_string<char,struct std::char_traits<char>,class std::allocator<char> >::assign(char const *))
0D5 00000000 SECT45 notype ()    External     | ?erase@?$basic_string@DU?$char_traits@D@std@@V?$allocator@D@2@@std@@QEAAAEAV12@_K@Z (public: class std::basic_string<char,struct std::char_traits<char>,class std::allocator<char> > & __cdecl std::basic_string<char,struct std::char_traits<char>,class std::allocator<char> >::erase(unsigned __int64))
0D6 00000000 SECT44 notype ()    External     | ?erase@?$basic_string@DU?$char_traits@D@std@@V?$allocator@D@2@@std@@QEAAAEAV12@_K0@Z (public: class std::basic_string<char,struct std::char_traits<char>,class std::allocator<char> > & __cdecl std::basic_string<char,struct std::char_traits<char>,class std::allocator<char> >::erase(unsigned __int64,unsigned __int64))
0D7 00000000 SECT53 notype ()    External     | ?size@?$basic_string@DU?$char_traits@D@std@@V?$allocator@D@2@@std@@QEBA_KXZ (public: unsigned __int64 __cdecl std::basic_string<char,struct std::char_traits<char>,class std::allocator<char> >::size(void)const )
0D8 00000000 SECT4B notype ()    External     | ?max_size@?$basic_string@DU?$char_traits@D@std@@V?$allocator@D@2@@std@@QEBA_KXZ (public: unsigned __int64 __cdecl std::basic_string<char,struct std::char_traits<char>,class std::allocator<char> >::max_size(void)const )
0D9 00000000 SECT2A notype ()    External     | ?_Copy@?$basic_string@DU?$char_traits@D@std@@V?$allocator@D@2@@std@@QEAAX_K0@Z (public: void __cdecl std::basic_string<char,struct std::char_traits<char>,class std::allocator<char> >::_Copy(unsigned __int64,unsigned __int64))
0DA 00000000 SECT2C notype ()    External     | ?_Eos@?$basic_string@DU?$char_traits@D@std@@V?$allocator@D@2@@std@@QEAAX_K@Z (public: void __cdecl std::basic_string<char,struct std::char_traits<char>,class std::allocator<char> >::_Eos(unsigned __int64))
0DB 00000000 SECT2E notype ()    External     | ?_Grow@?$basic_string@DU?$char_traits@D@std@@V?$allocator@D@2@@std@@QEAA_N_K_N@Z (public: bool __cdecl std::basic_string<char,struct std::char_traits<char>,class std::allocator<char> >::_Grow(unsigned __int64,bool))
0DC 00000000 SECT2F notype ()    External     | ?_Inside@?$basic_string@DU?$char_traits@D@std@@V?$allocator@D@2@@std@@QEAA_NPEBD@Z (public: bool __cdecl std::basic_string<char,struct std::char_traits<char>,class std::allocator<char> >::_Inside(char const *))
0DD 00000000 SECT32 notype ()    External     | ?_Tidy@?$basic_string@DU?$char_traits@D@std@@V?$allocator@D@2@@std@@QEAAX_N_K@Z (public: void __cdecl std::basic_string<char,struct std::char_traits<char>,class std::allocator<char> >::_Tidy(bool,unsigned __int64))
0DE 00000000 SECT33 notype ()    External     | ?_Xlen@?$basic_string@DU?$char_traits@D@std@@V?$allocator@D@2@@std@@QEBAXXZ (public: void __cdecl std::basic_string<char,struct std::char_traits<char>,class std::allocator<char> >::_Xlen(void)const )
0DF 00000000 SECT34 notype ()    External     | ?_Xran@?$basic_string@DU?$char_traits@D@std@@V?$allocator@D@2@@std@@QEBAXXZ (public: void __cdecl std::basic_string<char,struct std::char_traits<char>,class std::allocator<char> >::_Xran(void)const )
0E0 00000000 SECT16 notype ()    External     | ??0id@locale@std@@QEAA@_K@Z (public: __cdecl std::locale::id::id(unsigned __int64))
0E1 00000000 SECT46 notype ()    External     | ?generic_category@std@@YAAEBVerror_category@1@XZ (class std::error_category const & __cdecl std::generic_category(void))
0E2 00000000 SECT55 notype ()    External     | ?system_category@std@@YAAEBVerror_category@1@XZ (class std::error_category const & __cdecl std::system_category(void))
0E3 00000000 SECT14 notype ()    External     | ??0error_category@std@@QEAA@XZ (public: __cdecl std::error_category::error_category(void))
0E4 00000000 SECT1B notype ()    External     | ??1error_category@std@@UEAA@XZ (public: virtual __cdecl std::error_category::~error_category(void))
0E5 00000000 SECT41 notype ()    External     | ?default_error_condition@error_category@std@@UEBA?AVerror_condition@2@H@Z (public: virtual class std::error_condition __cdecl std::error_category::default_error_condition(int)const )
0E6 00000000 SECT43 notype ()    External     | ?equivalent@error_category@std@@UEBA_NHAEBVerror_condition@2@@Z (public: virtual bool __cdecl std::error_category::equivalent(int,class std::error_condition const &)const )
0E7 00000000 SECT42 notype ()    External     | ?equivalent@error_category@std@@UEBA_NAEBVerror_code@2@H@Z (public: virtual bool __cdecl std::error_category::equivalent(class std::error_code const &,int)const )
0E8 00000000 SECT1E notype ()    External     | ??8error_category@std@@QEBA_NAEBV01@@Z (public: bool __cdecl std::error_category::operator==(class std::error_category const &)const )
0E9 00000000 SECT23 notype ()    External     | ??_Gerror_category@std@@UEAAPEAXI@Z (public: virtual void * __cdecl std::error_category::`scalar deleting destructor'(unsigned int))
0EA 00000000 UNDEF  notype ()    WeakExternal | ??_Eerror_category@std@@UEAAPEAXI@Z (public: virtual void * __cdecl std::error_category::`vector deleting destructor'(unsigned int))
    Default index       E9 library search
0EC 00000000 SECT56 notype ()    External     | ?value@error_code@std@@QEBAHXZ (public: int __cdecl std::error_code::value(void)const )
0ED 00000000 SECT3B notype ()    External     | ?category@error_code@std@@QEBAAEBVerror_category@2@XZ (public: class std::error_category const & __cdecl std::error_code::category(void)const )
0EE 00000000 SECT15 notype ()    External     | ??0error_condition@std@@QEAA@HAEBVerror_category@1@@Z (public: __cdecl std::error_condition::error_condition(int,class std::error_category const &))
0EF 00000000 SECT57 notype ()    External     | ?value@error_condition@std@@QEBAHXZ (public: int __cdecl std::error_condition::value(void)const )
0F0 00000000 SECT3C notype ()    External     | ?category@error_condition@std@@QEBAAEBVerror_category@2@XZ (public: class std::error_category const & __cdecl std::error_condition::category(void)const )
0F1 00000000 SECT1F notype ()    External     | ??8error_condition@std@@QEBA_NAEBV01@@Z (public: bool __cdecl std::error_condition::operator==(class std::error_condition const &)const )
0F2 00000000 UNDEF  notype ()    External     | ?_Syserror_map@std@@YAPEBDH@Z (char const * __cdecl std::_Syserror_map(int))
0F3 00000000 UNDEF  notype ()    External     | ?_Winerror_map@std@@YAPEBDH@Z (char const * __cdecl std::_Winerror_map(int))
0F4 00000000 SECT11 notype ()    External     | ??0_Generic_error_category@std@@QEAA@XZ (public: __cdecl std::_Generic_error_category::_Generic_error_category(void))
0F5 00000000 SECT50 notype ()    External     | ?name@_Generic_error_category@std@@UEBAPEBDXZ (public: virtual char const * __cdecl std::_Generic_error_category::name(void)const )
0F6 00000000 SECT4C notype ()    External     | ?message@_Generic_error_category@std@@UEBA?AV?$basic_string@DU?$char_traits@D@std@@V?$allocator@D@2@@2@H@Z (public: virtual class std::basic_string<char,struct std::char_traits<char>,class std::allocator<char> > __cdecl std::_Generic_error_category::message(int)const )
0F7 00000000 SECT18 notype ()    External     | ??1_Generic_error_category@std@@UEAA@XZ (public: virtual __cdecl std::_Generic_error_category::~_Generic_error_category(void))
0F8 00000000 SECT20 notype ()    External     | ??_G_Generic_error_category@std@@UEAAPEAXI@Z (public: virtual void * __cdecl std::_Generic_error_category::`scalar deleting destructor'(unsigned int))
0F9 00000000 UNDEF  notype ()    WeakExternal | ??_E_Generic_error_category@std@@UEAAPEAXI@Z (public: virtual void * __cdecl std::_Generic_error_category::`vector deleting destructor'(unsigned int))
    Default index       F8 library search
0FB 00000000 SECT12 notype ()    External     | ??0_Iostream_error_category@std@@QEAA@XZ (public: __cdecl std::_Iostream_error_category::_Iostream_error_category(void))
0FC 00000000 SECT51 notype ()    External     | ?name@_Iostream_error_category@std@@UEBAPEBDXZ (public: virtual char const * __cdecl std::_Iostream_error_category::name(void)const )
0FD 00000000 SECT4D notype ()    External     | ?message@_Iostream_error_category@std@@UEBA?AV?$basic_string@DU?$char_traits@D@std@@V?$allocator@D@2@@2@H@Z (public: virtual class std::basic_string<char,struct std::char_traits<char>,class std::allocator<char> > __cdecl std::_Iostream_error_category::message(int)const )
0FE 00000000 SECT19 notype ()    External     | ??1_Iostream_error_category@std@@UEAA@XZ (public: virtual __cdecl std::_Iostream_error_category::~_Iostream_error_category(void))
0FF 00000000 SECT21 notype ()    External     | ??_G_Iostream_error_category@std@@UEAAPEAXI@Z (public: virtual void * __cdecl std::_Iostream_error_category::`scalar deleting destructor'(unsigned int))
100 00000000 UNDEF  notype ()    WeakExternal | ??_E_Iostream_error_category@std@@UEAAPEAXI@Z (public: virtual void * __cdecl std::_Iostream_error_category::`vector deleting destructor'(unsigned int))
    Default index       FF library search
102 00000000 SECT13 notype ()    External     | ??0_System_error_category@std@@QEAA@XZ (public: __cdecl std::_System_error_category::_System_error_category(void))
103 00000000 SECT52 notype ()    External     | ?name@_System_error_category@std@@UEBAPEBDXZ (public: virtual char const * __cdecl std::_System_error_category::name(void)const )
104 00000000 SECT4E notype ()    External     | ?message@_System_error_category@std@@UEBA?AV?$basic_string@DU?$char_traits@D@std@@V?$allocator@D@2@@2@H@Z (public: virtual class std::basic_string<char,struct std::char_traits<char>,class std::allocator<char> > __cdecl std::_System_error_category::message(int)const )
105 00000000 SECT40 notype ()    External     | ?default_error_condition@_System_error_category@std@@UEBA?AVerror_condition@2@H@Z (public: virtual class std::error_condition __cdecl std::_System_error_category::default_error_condition(int)const )
106 00000000 SECT1A notype ()    External     | ??1_System_error_category@std@@UEAA@XZ (public: virtual __cdecl std::_System_error_category::~_System_error_category(void))
107 00000000 SECT22 notype ()    External     | ??_G_System_error_category@std@@UEAAPEAXI@Z (public: virtual void * __cdecl std::_System_error_category::`scalar deleting destructor'(unsigned int))
108 00000000 UNDEF  notype ()    WeakExternal | ??_E_System_error_category@std@@UEAAPEAXI@Z (public: virtual void * __cdecl std::_System_error_category::`vector deleting destructor'(unsigned int))
    Default index      107 library search
10A 00000000 UNDEF  notype ()    External     | ?stream_sample_handle@ClientMiles@@YAPEAUSample@1@PEAUOwnedStream@1@@Z (struct ClientMiles::Sample * __cdecl ClientMiles::stream_sample_handle(struct ClientMiles::OwnedStream *))
10B 00000000 UNDEF  notype ()    External     | ?set_sample_playback_rate@ClientMiles@@YAXPEAUSample@1@H@Z (void __cdecl ClientMiles::set_sample_playback_rate(struct ClientMiles::Sample *,int))
10C 00000000 UNDEF  notype ()    External     | ?sample_playback_rate@ClientMiles@@YAHPEAUSample@1@@Z (int __cdecl ClientMiles::sample_playback_rate(struct ClientMiles::Sample *))
10D 00000000 UNDEF  notype ()    External     | ?set_sample_volume_levels@ClientMiles@@YAXPEAUSample@1@MM@Z (void __cdecl ClientMiles::set_sample_volume_levels(struct ClientMiles::Sample *,float,float))
10E 00000000 UNDEF  notype ()    External     | ?sample_volume_levels@ClientMiles@@YAXPEAUSample@1@PEAM1@Z (void __cdecl ClientMiles::sample_volume_levels(struct ClientMiles::Sample *,float *,float *))
10F 00000000 UNDEF  notype ()    External     | ?set_sample_reverb_levels@ClientMiles@@YAXPEAUSample@1@MM@Z (void __cdecl ClientMiles::set_sample_reverb_levels(struct ClientMiles::Sample *,float,float))
110 00000000 SECT54 notype ()    External     | ?streamControlShapes32@@YAXPEAUOwnedStream@ClientMiles@@MMHPEAM1PEAH@Z (void __cdecl streamControlShapes32(struct ClientMiles::OwnedStream *,float,float,int,float *,float *,int *))
111 00000000 SECT5  notype ()    External     | ??$construct@PEADAEAPEAD@?$_Wrap_alloc@V?$allocator@D@std@@@std@@QEAAXPEAPEADAEAPEAD@Z (public: void __cdecl std::_Wrap_alloc<class std::allocator<char> >::construct<char *,char * &>(char * *,char * &))
112 00000000 SECT8  notype ()    External     | ??$destroy@PEAD@?$_Wrap_alloc@V?$allocator@D@std@@@std@@QEAAXPEAPEAD@Z (public: void __cdecl std::_Wrap_alloc<class std::allocator<char> >::destroy<char *>(char * *))
113 00000000 SECT4  notype ()    External     | ??$addressof@D@std@@YAPEADAEAD@Z (char * __cdecl std::addressof<char>(char &))
114 00000000 SECT3  notype ()    External     | ??$_Allocate@D@std@@YAPEAD_KPEAD@Z (char * __cdecl std::_Allocate<char>(unsigned __int64,char *))
115 00000000 SECT24 notype ()    Static       | ??__E?_Generic_object@?$_Error_objects@H@std@@2V_Generic_error_category@2@A@@YAXXZ (void __cdecl `dynamic initializer for 'public: static class std::_Generic_error_category std::_Error_objects<int>::_Generic_object''(void))
116 00000000 SECT27 notype ()    Static       | ??__F?_Generic_object@?$_Error_objects@H@std@@2V_Generic_error_category@2@A@@YAXXZ (void __cdecl `dynamic atexit destructor for 'public: static class std::_Generic_error_category std::_Error_objects<int>::_Generic_object''(void))
117 00000000 SECT25 notype ()    Static       | ??__E?_Iostream_object@?$_Error_objects@H@std@@2V_Iostream_error_category@2@A@@YAXXZ (void __cdecl `dynamic initializer for 'public: static class std::_Iostream_error_category std::_Error_objects<int>::_Iostream_object''(void))
118 00000000 SECT28 notype ()    Static       | ??__F?_Iostream_object@?$_Error_objects@H@std@@2V_Iostream_error_category@2@A@@YAXXZ (void __cdecl `dynamic atexit destructor for 'public: static class std::_Iostream_error_category std::_Error_objects<int>::_Iostream_object''(void))
119 00000000 SECT26 notype ()    Static       | ??__E?_System_object@?$_Error_objects@H@std@@2V_System_error_category@2@A@@YAXXZ (void __cdecl `dynamic initializer for 'public: static class std::_System_error_category std::_Error_objects<int>::_System_object''(void))
11A 00000000 SECT29 notype ()    Static       | ??__F?_System_object@?$_Error_objects@H@std@@2V_System_error_category@2@A@@YAXXZ (void __cdecl `dynamic atexit destructor for 'public: static class std::_System_error_category std::_Error_objects<int>::_System_object''(void))
11B 00000000 SECTB  notype ()    External     | ??$forward@AEAPEAD@std@@YAAEAPEADAEAPEAD@Z (char * & __cdecl std::forward<char * &>(char * &))
11C 00000000 SECT7  notype ()    External     | ??$construct@PEADAEAPEAD@?$allocator_traits@V?$allocator@D@std@@@std@@SAXAEAV?$allocator@D@1@PEAPEADAEAPEAD@Z (public: static void __cdecl std::allocator_traits<class std::allocator<char> >::construct<char *,char * &>(class std::allocator<char> &,char * *,char * &))
11D 00000000 SECTA  notype ()    External     | ??$destroy@PEAD@?$allocator_traits@V?$allocator@D@std@@@std@@SAXAEAV?$allocator@D@1@PEAPEAD@Z (public: static void __cdecl std::allocator_traits<class std::allocator<char> >::destroy<char *>(class std::allocator<char> &,char * *))
11E 00000000 SECT6  notype ()    External     | ??$construct@PEADAEAPEAD@?$allocator@D@std@@QEAAXPEAPEADAEAPEAD@Z (public: void __cdecl std::allocator<char>::construct<char *,char * &>(char * *,char * &))
11F 00000000 SECT9  notype ()    External     | ??$destroy@PEAD@?$allocator@D@std@@QEAAXPEAPEAD@Z (public: void __cdecl std::allocator<char>::destroy<char *>(char * *))
120 00000043 SECT2B notype ()    Static       | ?catch$0@?0??_Copy@?$basic_string@DU?$char_traits@D@std@@V?$allocator@D@2@@std@@QEAAX_K0@Z@4HA (int `public: void __cdecl std::basic_string<char,struct std::char_traits<char>,class std::allocator<char> >::_Copy(unsigned __int64,unsigned __int64)'::`1'::catch$0)
121 00000000 SECT2B notype ()    Static       | ?catch$1@?0??_Copy@?$basic_string@DU?$char_traits@D@std@@V?$allocator@D@2@@std@@QEAAX_K0@Z@4HA (int `public: void __cdecl std::basic_string<char,struct std::char_traits<char>,class std::allocator<char> >::_Copy(unsigned __int64,unsigned __int64)'::`1'::catch$1)
122 00000000 UNDEF  notype ()    External     | _CxxThrowException
123 00000000 UNDEF  notype ()    External     | __CxxFrameHandler3
124 00000000 UNDEF  notype ()    External     | memcpy
125 00000000 SECT3D notype       Label        | $LN7
126 00000029 SECT36 notype       Label        | $LN10
127 00000000 SECT36 notype       Label        | $LN13
128 00000029 SECT35 notype       Label        | $LN13
129 00000000 SECT35 notype       Label        | $LN16
12A 00000000 SECT10 notype       Label        | $LN47
12B 00000000 SECT17 notype       Label        | $LN34
12C 0000012B SECT37 notype       Label        | $LN122
12D 00000000 SECT37 notype       Label        | $LN129
12E 00000132 SECT39 notype       Label        | $LN115
12F 00000000 SECT39 notype       Label        | $LN118
130 0000003D SECT45 notype       Label        | $LN17
131 00000000 SECT45 notype       Label        | $LN20
132 000000CB SECT44 notype       Label        | $LN40
133 00000000 SECT44 notype       Label        | $LN43
134 00000095 SECT2A notype       Label        | $LN19
135 00000101 SECT2A notype       Label        | $LN183
136 0000000D SECT2B notype ()    Static       | __catch$?_Copy@?$basic_string@DU?$char_traits@D@std@@V?$allocator@D@2@@std@@QEAAX_K0@Z$0
137 00000051 SECT2B notype ()    Static       | __catch$?_Copy@?$basic_string@DU?$char_traits@D@std@@V?$allocator@D@2@@std@@QEAAX_K0@Z$1
138 00000000 SECT2A notype       Label        | $LN185
139 000000CA SECT2E notype       Label        | $LN66
13A 00000000 SECT2E notype       Label        | $LN69
13B 00000000 SECT32 notype       Label        | $LN32
13C 00000011 SECT33 notype       Label        | $LN3
13D 00000000 SECT33 notype       Label        | $LN4
13E 00000011 SECT34 notype       Label        | $LN3
13F 00000000 SECT34 notype       Label        | $LN4
140 00000000 SECT43 notype       Label        | $LN18
141 00000000 SECT23 notype       Label        | $LN8
142 00000000 SECT4C notype       Label        | $LN51
143 00000000 SECT20 notype       Label        | $LN10
144 00000000 SECT4D notype       Label        | $LN53
145 00000000 SECT21 notype       Label        | $LN12
146 00000000 SECT4E notype       Label        | $LN51
147 00000000 SECT40 notype       Label        | $LN15
148 00000000 SECT22 notype       Label        | $LN12
149 00000000 SECT54 notype       Label        | $LN4
14A 00000026 SECT3  notype       Label        | $LN7
14B 00000000 SECT3  notype       Label        | $LN10
14C 00000000 SECT59 notype       Static       | .xdata
    Section length    8, #relocs    0, #linenums    0, checksum F4D9A8A3, selection    5 (pick associative Section 0x3D)
14E 00000000 SECT59 notype       Static       | $unwind$?copy@?$char_traits@D@std@@SAPEADPEADPEBD_K@Z
14F 00000000 SECT5A notype       Static       | .pdata
    Section length    C, #relocs    3, #linenums    0, checksum 2B142464, selection    5 (pick associative Section 0x3D)
151 00000000 SECT5A notype       Static       | $pdata$?copy@?$char_traits@D@std@@SAPEADPEADPEBD_K@Z
152 00000000 SECT5B notype       Static       | .xdata
    Section length    8, #relocs    0, #linenums    0, checksum  FC539D1, selection    5 (pick associative Section 0x36)
154 00000000 SECT5B notype       Static       | $unwind$?allocate@?$allocator@D@std@@QEAAPEAD_K@Z
155 00000000 SECT5C notype       Static       | .pdata
    Section length    C, #relocs    3, #linenums    0, checksum E639797D, selection    5 (pick associative Section 0x36)
157 00000000 SECT5C notype       Static       | $pdata$?allocate@?$allocator@D@std@@QEAAPEAD_K@Z
158 00000000 SECT5D notype       Static       | .xdata
    Section length    8, #relocs    0, #linenums    0, checksum  FC539D1, selection    5 (pick associative Section 0x35)
15A 00000000 SECT5D notype       Static       | $unwind$?allocate@?$_Wrap_alloc@V?$allocator@D@std@@@std@@QEAAPEAD_K@Z
15B 00000000 SECT5E notype       Static       | .pdata
    Section length    C, #relocs    3, #linenums    0, checksum E639797D, selection    5 (pick associative Section 0x35)
15D 00000000 SECT5E notype       Static       | $pdata$?allocate@?$_Wrap_alloc@V?$allocator@D@std@@@std@@QEAAPEAD_K@Z
15E 00000000 SECT5F notype       Static       | .xdata
    Section length    8, #relocs    0, #linenums    0, checksum F4D9A8A3, selection    5 (pick associative Section 0x10)
160 00000000 SECT5F notype       Static       | $unwind$??0?$basic_string@DU?$char_traits@D@std@@V?$allocator@D@2@@std@@QEAA@PEBD@Z
161 00000000 SECT60 notype       Static       | .pdata
    Section length    C, #relocs    3, #linenums    0, checksum D2624632, selection    5 (pick associative Section 0x10)
163 00000000 SECT60 notype       Static       | $pdata$??0?$basic_string@DU?$char_traits@D@std@@V?$allocator@D@2@@std@@QEAA@PEBD@Z
164 00000000 SECT61 notype       Static       | .xdata
    Section length    8, #relocs    0, #linenums    0, checksum F4D9A8A3, selection    5 (pick associative Section 0x17)
166 00000000 SECT61 notype       Static       | $unwind$??1?$basic_string@DU?$char_traits@D@std@@V?$allocator@D@2@@std@@QEAA@XZ
167 00000000 SECT62 notype       Static       | .pdata
    Section length    C, #relocs    3, #linenums    0, checksum 496753E3, selection    5 (pick associative Section 0x17)
169 00000000 SECT62 notype       Static       | $pdata$??1?$basic_string@DU?$char_traits@D@std@@V?$allocator@D@2@@std@@QEAA@XZ
16A 00000000 SECT63 notype       Static       | .xdata
    Section length   14, #relocs    0, #linenums    0, checksum F4634387, selection    5 (pick associative Section 0x37)
16C 00000000 SECT63 notype       Static       | $unwind$?assign@?$basic_string@DU?$char_traits@D@std@@V?$allocator@D@2@@std@@QEAAAEAV12@AEBV12@_K1@Z
16D 00000000 SECT64 notype       Static       | .pdata
    Section length    C, #relocs    3, #linenums    0, checksum  26B75B4, selection    5 (pick associative Section 0x37)
16F 00000000 SECT64 notype       Static       | $pdata$?assign@?$basic_string@DU?$char_traits@D@std@@V?$allocator@D@2@@std@@QEAAAEAV12@AEBV12@_K1@Z
170 00000000 SECT65 notype       Static       | .xdata
    Section length   10, #relocs    0, #linenums    0, checksum ED4F81A7, selection    5 (pick associative Section 0x39)
172 00000000 SECT65 notype       Static       | $unwind$?assign@?$basic_string@DU?$char_traits@D@std@@V?$allocator@D@2@@std@@QEAAAEAV12@PEBD_K@Z
173 00000000 SECT66 notype       Static       | .pdata
    Section length    C, #relocs    3, #linenums    0, checksum 619F5FB4, selection    5 (pick associative Section 0x39)
175 00000000 SECT66 notype       Static       | $pdata$?assign@?$basic_string@DU?$char_traits@D@std@@V?$allocator@D@2@@std@@QEAAAEAV12@PEBD_K@Z
176 00000000 SECT67 notype       Static       | .xdata
    Section length    8, #relocs    0, #linenums    0, checksum  FC539D1, selection    5 (pick associative Section 0x45)
178 00000000 SECT67 notype       Static       | $unwind$?erase@?$basic_string@DU?$char_traits@D@std@@V?$allocator@D@2@@std@@QEAAAEAV12@_K@Z
179 00000000 SECT68 notype       Static       | .pdata
    Section length    C, #relocs    3, #linenums    0, checksum 1EC846AC, selection    5 (pick associative Section 0x45)
17B 00000000 SECT68 notype       Static       | $pdata$?erase@?$basic_string@DU?$char_traits@D@std@@V?$allocator@D@2@@std@@QEAAAEAV12@_K@Z
17C 00000000 SECT69 notype       Static       | .xdata
    Section length    C, #relocs    0, #linenums    0, checksum 2559CD25, selection    5 (pick associative Section 0x44)
17E 00000000 SECT69 notype       Static       | $unwind$?erase@?$basic_string@DU?$char_traits@D@std@@V?$allocator@D@2@@std@@QEAAAEAV12@_K0@Z
17F 00000000 SECT6A notype       Static       | .pdata
    Section length    C, #relocs    3, #linenums    0, checksum 27CC5B61, selection    5 (pick associative Section 0x44)
181 00000000 SECT6A notype       Static       | $pdata$?erase@?$basic_string@DU?$char_traits@D@std@@V?$allocator@D@2@@std@@QEAAAEAV12@_K0@Z
182 00000000 SECT6B notype       Static       | .xdata
    Section length   18, #relocs    2, #linenums    0, checksum C6FCA17F, selection    5 (pick associative Section 0x2A)
184 00000000 SECT6B notype       Static       | $unwind$?_Copy@?$basic_string@DU?$char_traits@D@std@@V?$allocator@D@2@@std@@QEAAX_K0@Z
185 00000000 SECT6C notype       Static       | .pdata
    Section length    C, #relocs    3, #linenums    0, checksum 6ADD0B2A, selection    5 (pick associative Section 0x2A)
187 00000000 SECT6C notype       Static       | $pdata$?_Copy@?$basic_string@DU?$char_traits@D@std@@V?$allocator@D@2@@std@@QEAAX_K0@Z
188 00000000 SECT6D notype       Static       | .rdata
    Section length   28, #relocs    3, #linenums    0, checksum 750655C5, selection    5 (pick associative Section 0x2A)
18A 00000000 SECT6D notype       Static       | $cppxdata$?_Copy@?$basic_string@DU?$char_traits@D@std@@V?$allocator@D@2@@std@@QEAAX_K0@Z
18B 00000000 SECT6E notype       Static       | .xdata
    Section length   20, #relocs    0, #linenums    0, checksum D8090E82, selection    5 (pick associative Section 0x2A)
18D 00000000 SECT6E notype       Static       | $stateUnwindMap$?_Copy@?$basic_string@DU?$char_traits@D@std@@V?$allocator@D@2@@std@@QEAAX_K0@Z
18E 00000000 SECT6F notype       Static       | .xdata
    Section length   28, #relocs    2, #linenums    0, checksum 3EF07423, selection    5 (pick associative Section 0x2A)
190 00000000 SECT6F notype       Static       | $tryMap$?_Copy@?$basic_string@DU?$char_traits@D@std@@V?$allocator@D@2@@std@@QEAAX_K0@Z
191 00000000 SECT70 notype       Static       | .xdata
    Section length   14, #relocs    1, #linenums    0, checksum   677058, selection    5 (pick associative Section 0x2A)
193 00000000 SECT70 notype       Static       | $handlerMap$0$?_Copy@?$basic_string@DU?$char_traits@D@std@@V?$allocator@D@2@@std@@QEAAX_K0@Z
194 00000000 SECT71 notype       Static       | .xdata
    Section length   14, #relocs    1, #linenums    0, checksum 6B58D0C4, selection    5 (pick associative Section 0x2A)
196 00000000 SECT71 notype       Static       | $handlerMap$1$?_Copy@?$basic_string@DU?$char_traits@D@std@@V?$allocator@D@2@@std@@QEAAX_K0@Z
197 00000000 SECT72 notype       Static       | .xdata
    Section length   40, #relocs    8, #linenums    0, checksum 6B037065, selection    5 (pick associative Section 0x2A)
199 00000000 SECT72 notype       Static       | $ip2state$?_Copy@?$basic_string@DU?$char_traits@D@std@@V?$allocator@D@2@@std@@QEAAX_K0@Z
19A 00000000 SECT73 notype       Static       | .xdata
    Section length   10, #relocs    2, #linenums    0, checksum 5840A276, selection    5 (pick associative Section 0x2A)
19C 00000000 SECT73 notype       Static       | $unwind$?catch$1@?0??_Copy@?$basic_string@DU?$char_traits@D@std@@V?$allocator@D@2@@std@@QEAAX_K0@Z@4HA
19D 00000000 SECT74 notype       Static       | .pdata
    Section length    C, #relocs    3, #linenums    0, checksum A712C50E, selection    5 (pick associative Section 0x2A)
19F 00000000 SECT74 notype       Static       | $pdata$?catch$1@?0??_Copy@?$basic_string@DU?$char_traits@D@std@@V?$allocator@D@2@@std@@QEAAX_K0@Z@4HA
1A0 00000000 SECT75 notype       Static       | .xdata
    Section length   14, #relocs    2, #linenums    0, checksum CBBD9283, selection    5 (pick associative Section 0x2A)
1A2 00000000 SECT75 notype       Static       | $unwind$?catch$0@?0??_Copy@?$basic_string@DU?$char_traits@D@std@@V?$allocator@D@2@@std@@QEAAX_K0@Z@4HA
1A3 00000000 SECT76 notype       Static       | .pdata
    Section length    C, #relocs    3, #linenums    0, checksum 9047414F, selection    5 (pick associative Section 0x2A)
1A5 00000000 SECT76 notype       Static       | $pdata$?catch$0@?0??_Copy@?$basic_string@DU?$char_traits@D@std@@V?$allocator@D@2@@std@@QEAAX_K0@Z@4HA
1A6 00000000 SECT77 notype       Static       | .xdata
    Section length    C, #relocs    0, #linenums    0, checksum D40F7FF0, selection    5 (pick associative Section 0x2E)
1A8 00000000 SECT77 notype       Static       | $unwind$?_Grow@?$basic_string@DU?$char_traits@D@std@@V?$allocator@D@2@@std@@QEAA_N_K_N@Z
1A9 00000000 SECT78 notype       Static       | .pdata
    Section length    C, #relocs    3, #linenums    0, checksum 69312319, selection    5 (pick associative Section 0x2E)
1AB 00000000 SECT78 notype       Static       | $pdata$?_Grow@?$basic_string@DU?$char_traits@D@std@@V?$allocator@D@2@@std@@QEAA_N_K_N@Z
1AC 00000000 SECT79 notype       Static       | .xdata
    Section length   14, #relocs    3, #linenums    0, checksum AB8AB99C, selection    5 (pick associative Section 0x2E)
1AE 00000000 SECT79 notype       Static       | $chain$0$?_Grow@?$basic_string@DU?$char_traits@D@std@@V?$allocator@D@2@@std@@QEAA_N_K_N@Z
1AF 00000000 SECT7A notype       Static       | .pdata
    Section length    C, #relocs    3, #linenums    0, checksum CCB4FC0F, selection    5 (pick associative Section 0x2E)
1B1 00000000 SECT7A notype       Static       | $pdata$0$?_Grow@?$basic_string@DU?$char_traits@D@std@@V?$allocator@D@2@@std@@QEAA_N_K_N@Z
1B2 00000000 SECT7B notype       Static       | .xdata
    Section length   14, #relocs    3, #linenums    0, checksum 5FA7262D, selection    5 (pick associative Section 0x2E)
1B4 00000000 SECT7B notype       Static       | $chain$1$?_Grow@?$basic_string@DU?$char_traits@D@std@@V?$allocator@D@2@@std@@QEAA_N_K_N@Z
1B5 00000000 SECT7C notype       Static       | .pdata
    Section length    C, #relocs    3, #linenums    0, checksum A32A4DB1, selection    5 (pick associative Section 0x2E)
1B7 00000000 SECT7C notype       Static       | $pdata$1$?_Grow@?$basic_string@DU?$char_traits@D@std@@V?$allocator@D@2@@std@@QEAA_N_K_N@Z
1B8 00000000 SECT7D notype       Static       | .xdata
    Section length   14, #relocs    3, #linenums    0, checksum 282AD3DE, selection    5 (pick associative Section 0x2E)
1BA 00000000 SECT7D notype       Static       | $chain$2$?_Grow@?$basic_string@DU?$char_traits@D@std@@V?$allocator@D@2@@std@@QEAA_N_K_N@Z
1BB 00000000 SECT7E notype       Static       | .pdata
    Section length    C, #relocs    3, #linenums    0, checksum 227C722A, selection    5 (pick associative Section 0x2E)
1BD 00000000 SECT7E notype       Static       | $pdata$2$?_Grow@?$basic_string@DU?$char_traits@D@std@@V?$allocator@D@2@@std@@QEAA_N_K_N@Z
1BE 00000000 SECT7F notype       Static       | .xdata
    Section length   10, #relocs    3, #linenums    0, checksum 1A7DA75D, selection    5 (pick associative Section 0x2E)
1C0 00000000 SECT7F notype       Static       | $chain$3$?_Grow@?$basic_string@DU?$char_traits@D@std@@V?$allocator@D@2@@std@@QEAA_N_K_N@Z
1C1 00000000 SECT80 notype       Static       | .pdata
    Section length    C, #relocs    3, #linenums    0, checksum 387D9676, selection    5 (pick associative Section 0x2E)
1C3 00000000 SECT80 notype       Static       | $pdata$3$?_Grow@?$basic_string@DU?$char_traits@D@std@@V?$allocator@D@2@@std@@QEAA_N_K_N@Z
1C4 00000000 SECT81 notype       Static       | .xdata
    Section length   10, #relocs    3, #linenums    0, checksum 75E316E3, selection    5 (pick associative Section 0x2E)
1C6 00000000 SECT81 notype       Static       | $chain$4$?_Grow@?$basic_string@DU?$char_traits@D@std@@V?$allocator@D@2@@std@@QEAA_N_K_N@Z
1C7 00000000 SECT82 notype       Static       | .pdata
    Section length    C, #relocs    3, #linenums    0, checksum CD17DFF5, selection    5 (pick associative Section 0x2E)
1C9 00000000 SECT82 notype       Static       | $pdata$4$?_Grow@?$basic_string@DU?$char_traits@D@std@@V?$allocator@D@2@@std@@QEAA_N_K_N@Z
1CA 00000000 SECT83 notype       Static       | .xdata
    Section length   10, #relocs    3, #linenums    0, checksum D066C9F5, selection    5 (pick associative Section 0x2E)
1CC 00000000 SECT83 notype       Static       | $chain$5$?_Grow@?$basic_string@DU?$char_traits@D@std@@V?$allocator@D@2@@std@@QEAA_N_K_N@Z
1CD 00000000 SECT84 notype       Static       | .pdata
    Section length    C, #relocs    3, #linenums    0, checksum  12703F5, selection    5 (pick associative Section 0x2E)
1CF 00000000 SECT84 notype       Static       | $pdata$5$?_Grow@?$basic_string@DU?$char_traits@D@std@@V?$allocator@D@2@@std@@QEAA_N_K_N@Z
1D0 00000000 SECT85 notype       Static       | .xdata
    Section length    C, #relocs    0, #linenums    0, checksum EE051E80, selection    5 (pick associative Section 0x32)
1D2 00000000 SECT85 notype       Static       | $unwind$?_Tidy@?$basic_string@DU?$char_traits@D@std@@V?$allocator@D@2@@std@@QEAAX_N_K@Z
1D3 00000000 SECT86 notype       Static       | .pdata
    Section length    C, #relocs    3, #linenums    0, checksum 21D12D7D, selection    5 (pick associative Section 0x32)
1D5 00000000 SECT86 notype       Static       | $pdata$?_Tidy@?$basic_string@DU?$char_traits@D@std@@V?$allocator@D@2@@std@@QEAAX_N_K@Z
1D6 00000000 SECT87 notype       Static       | .xdata
    Section length   14, #relocs    3, #linenums    0, checksum 2FCD1629, selection    5 (pick associative Section 0x32)
1D8 00000000 SECT87 notype       Static       | $chain$0$?_Tidy@?$basic_string@DU?$char_traits@D@std@@V?$allocator@D@2@@std@@QEAAX_N_K@Z
1D9 00000000 SECT88 notype       Static       | .pdata
    Section length    C, #relocs    3, #linenums    0, checksum 63420F5E, selection    5 (pick associative Section 0x32)
1DB 00000000 SECT88 notype       Static       | $pdata$0$?_Tidy@?$basic_string@DU?$char_traits@D@std@@V?$allocator@D@2@@std@@QEAAX_N_K@Z
1DC 00000000 SECT89 notype       Static       | .xdata
    Section length   10, #relocs    3, #linenums    0, checksum 9886C791, selection    5 (pick associative Section 0x32)
1DE 00000000 SECT89 notype       Static       | $chain$1$?_Tidy@?$basic_string@DU?$char_traits@D@std@@V?$allocator@D@2@@std@@QEAAX_N_K@Z
1DF 00000000 SECT8A notype       Static       | .pdata
    Section length    C, #relocs    3, #linenums    0, checksum  C45DF99, selection    5 (pick associative Section 0x32)
1E1 00000000 SECT8A notype       Static       | $pdata$1$?_Tidy@?$basic_string@DU?$char_traits@D@std@@V?$allocator@D@2@@std@@QEAAX_N_K@Z
1E2 00000000 SECT8B notype       Static       | .xdata
    Section length    8, #relocs    0, #linenums    0, checksum  FC539D1, selection    5 (pick associative Section 0x33)
1E4 00000000 SECT8B notype       Static       | $unwind$?_Xlen@?$basic_string@DU?$char_traits@D@std@@V?$allocator@D@2@@std@@QEBAXXZ
1E5 00000000 SECT8C notype       Static       | .pdata
    Section length    C, #relocs    3, #linenums    0, checksum B01131B5, selection    5 (pick associative Section 0x33)
1E7 00000000 SECT8C notype       Static       | $pdata$?_Xlen@?$basic_string@DU?$char_traits@D@std@@V?$allocator@D@2@@std@@QEBAXXZ
1E8 00000000 SECT8D notype       Static       | .xdata
    Section length    8, #relocs    0, #linenums    0, checksum  FC539D1, selection    5 (pick associative Section 0x34)
1EA 00000000 SECT8D notype       Static       | $unwind$?_Xran@?$basic_string@DU?$char_traits@D@std@@V?$allocator@D@2@@std@@QEBAXXZ
1EB 00000000 SECT8E notype       Static       | .pdata
    Section length    C, #relocs    3, #linenums    0, checksum B01131B5, selection    5 (pick associative Section 0x34)
1ED 00000000 SECT8E notype       Static       | $pdata$?_Xran@?$basic_string@DU?$char_traits@D@std@@V?$allocator@D@2@@std@@QEBAXXZ
1EE 00000000 SECT8F notype       Static       | .xdata
    Section length    8, #relocs    0, #linenums    0, checksum BC0E6383, selection    5 (pick associative Section 0x43)
1F0 00000000 SECT8F notype       Static       | $unwind$?equivalent@error_category@std@@UEBA_NHAEBVerror_condition@2@@Z
1F1 00000000 SECT90 notype       Static       | .pdata
    Section length    C, #relocs    3, #linenums    0, checksum 8F085A64, selection    5 (pick associative Section 0x43)
1F3 00000000 SECT90 notype       Static       | $pdata$?equivalent@error_category@std@@UEBA_NHAEBVerror_condition@2@@Z
1F4 00000000 SECT91 notype       Static       | .xdata
    Section length    8, #relocs    0, #linenums    0, checksum F4D9A8A3, selection    5 (pick associative Section 0x23)
1F6 00000000 SECT91 notype       Static       | $unwind$??_Gerror_category@std@@UEAAPEAXI@Z
1F7 00000000 SECT92 notype       Static       | .pdata
    Section length    C, #relocs    3, #linenums    0, checksum 3F196BD1, selection    5 (pick associative Section 0x23)
1F9 00000000 SECT92 notype       Static       | $pdata$??_Gerror_category@std@@UEAAPEAXI@Z
1FA 00000000 SECT93 notype       Static       | .xdata
    Section length    C, #relocs    0, #linenums    0, checksum 57846775, selection    5 (pick associative Section 0x4C)
1FC 00000000 SECT93 notype       Static       | $unwind$?message@_Generic_error_category@std@@UEBA?AV?$basic_string@DU?$char_traits@D@std@@V?$allocator@D@2@@2@H@Z
1FD 00000000 SECT94 notype       Static       | .pdata
    Section length    C, #relocs    3, #linenums    0, checksum 92CEA7C6, selection    5 (pick associative Section 0x4C)
1FF 00000000 SECT94 notype       Static       | $pdata$?message@_Generic_error_category@std@@UEBA?AV?$basic_string@DU?$char_traits@D@std@@V?$allocator@D@2@@2@H@Z
200 00000000 SECT95 notype       Static       | .xdata
    Section length    8, #relocs    0, #linenums    0, checksum F4D9A8A3, selection    5 (pick associative Section 0x20)
202 00000000 SECT95 notype       Static       | $unwind$??_G_Generic_error_category@std@@UEAAPEAXI@Z
203 00000000 SECT96 notype       Static       | .pdata
    Section length    C, #relocs    3, #linenums    0, checksum 3F196BD1, selection    5 (pick associative Section 0x20)
205 00000000 SECT96 notype       Static       | $pdata$??_G_Generic_error_category@std@@UEAAPEAXI@Z
206 00000000 SECT97 notype       Static       | .xdata
    Section length    8, #relocs    0, #linenums    0, checksum BC0E6383, selection    5 (pick associative Section 0x4D)
208 00000000 SECT97 notype       Static       | $unwind$?message@_Iostream_error_category@std@@UEBA?AV?$basic_string@DU?$char_traits@D@std@@V?$allocator@D@2@@2@H@Z
209 00000000 SECT98 notype       Static       | .pdata
    Section length    C, #relocs    3, #linenums    0, checksum B298D73C, selection    5 (pick associative Section 0x4D)
20B 00000000 SECT98 notype       Static       | $pdata$?message@_Iostream_error_category@std@@UEBA?AV?$basic_string@DU?$char_traits@D@std@@V?$allocator@D@2@@2@H@Z
20C 00000000 SECT99 notype       Static       | .xdata
    Section length    8, #relocs    0, #linenums    0, checksum F4D9A8A3, selection    5 (pick associative Section 0x21)
20E 00000000 SECT99 notype       Static       | $unwind$??_G_Iostream_error_category@std@@UEAAPEAXI@Z
20F 00000000 SECT9A notype       Static       | .pdata
    Section length    C, #relocs    3, #linenums    0, checksum 3F196BD1, selection    5 (pick associative Section 0x21)
211 00000000 SECT9A notype       Static       | $pdata$??_G_Iostream_error_category@std@@UEAAPEAXI@Z
212 00000000 SECT9B notype       Static       | .xdata
    Section length    C, #relocs    0, #linenums    0, checksum 57846775, selection    5 (pick associative Section 0x4E)
214 00000000 SECT9B notype       Static       | $unwind$?message@_System_error_category@std@@UEBA?AV?$basic_string@DU?$char_traits@D@std@@V?$allocator@D@2@@2@H@Z
215 00000000 SECT9C notype       Static       | .pdata
    Section length    C, #relocs    3, #linenums    0, checksum 92CEA7C6, selection    5 (pick associative Section 0x4E)
217 00000000 SECT9C notype       Static       | $pdata$?message@_System_error_category@std@@UEBA?AV?$basic_string@DU?$char_traits@D@std@@V?$allocator@D@2@@2@H@Z
218 00000000 SECT9D notype       Static       | .xdata
    Section length    C, #relocs    0, #linenums    0, checksum 2559CD25, selection    5 (pick associative Section 0x40)
21A 00000000 SECT9D notype       Static       | $unwind$?default_error_condition@_System_error_category@std@@UEBA?AVerror_condition@2@H@Z
21B 00000000 SECT9E notype       Static       | .pdata
    Section length    C, #relocs    3, #linenums    0, checksum 5CED41D1, selection    5 (pick associative Section 0x40)
21D 00000000 SECT9E notype       Static       | $pdata$?default_error_condition@_System_error_category@std@@UEBA?AVerror_condition@2@H@Z
21E 00000000 SECT9F notype       Static       | .xdata
    Section length    8, #relocs    0, #linenums    0, checksum F4D9A8A3, selection    5 (pick associative Section 0x22)
220 00000000 SECT9F notype       Static       | $unwind$??_G_System_error_category@std@@UEAAPEAXI@Z
221 00000000 SECTA0 notype       Static       | .pdata
    Section length    C, #relocs    3, #linenums    0, checksum 3F196BD1, selection    5 (pick associative Section 0x22)
223 00000000 SECTA0 notype       Static       | $pdata$??_G_System_error_category@std@@UEAAPEAXI@Z
224 00000000 SECTA1 notype       Static       | .xdata
    Section length   14, #relocs    0, #linenums    0, checksum B3E5643D, selection    5 (pick associative Section 0x54)
226 00000000 SECTA1 notype       Static       | $unwind$?streamControlShapes32@@YAXPEAUOwnedStream@ClientMiles@@MMHPEAM1PEAH@Z
227 00000000 SECTA2 notype       Static       | .pdata
    Section length    C, #relocs    3, #linenums    0, checksum B502FCA7, selection    5 (pick associative Section 0x54)
229 00000000 SECTA2 notype       Static       | $pdata$?streamControlShapes32@@YAXPEAUOwnedStream@ClientMiles@@MMHPEAM1PEAH@Z
22A 00000000 SECTA3 notype       Static       | .xdata
    Section length    8, #relocs    0, #linenums    0, checksum  FC539D1, selection    5 (pick associative Section 0x3)
22C 00000000 SECTA3 notype       Static       | $unwind$??$_Allocate@D@std@@YAPEAD_KPEAD@Z
22D 00000000 SECTA4 notype       Static       | .pdata
    Section length    C, #relocs    3, #linenums    0, checksum 3F196BD1, selection    5 (pick associative Section 0x3)
22F 00000000 SECTA4 notype       Static       | $pdata$??$_Allocate@D@std@@YAPEAD_KPEAD@Z
230 00000000 SECTA5 notype       Static       | .bss
    Section length    2, #relocs    0, #linenums    0, checksum        0
232 00000001 SECTA5 notype       Static       | piecewise_construct
233 00000000 SECTA5 notype       Static       | allocator_arg
234 00000000 UNDEF  notype       External     | ??_7type_info@@6B@ (const type_info::`vftable')
235 00000000 SECTA6 notype       Static       | .rdata
    Section length   38, #relocs    7, #linenums    0, checksum        0, selection    6 (pick largest)
237 00000008 SECTA6 notype       External     | ??_7error_category@std@@6B@ (const std::error_category::`vftable')
238 00000000 SECTA7 notype       Static       | .rdata
    Section length   38, #relocs    7, #linenums    0, checksum        0, selection    6 (pick largest)
23A 00000008 SECTA7 notype       External     | ??_7_Generic_error_category@std@@6B@ (const std::_Generic_error_category::`vftable')
23B 00000000 SECTA8 notype       Static       | .rdata
    Section length    8, #relocs    0, #linenums    0, checksum A86CFC2B, selection    2 (pick any)
23D 00000000 SECTA8 notype       External     | ??_C@_07DCLBNMLN@generic?$AA@ (`string')
23E 00000000 SECTA9 notype       Static       | .rdata
    Section length    E, #relocs    0, #linenums    0, checksum 3BD6D632, selection    2 (pick any)
240 00000000 SECTA9 notype       External     | ??_C@_0O@BFJCFAAK@unknown?5error?$AA@ (`string')
241 00000000 SECTAA notype       Static       | .rdata
    Section length   38, #relocs    7, #linenums    0, checksum        0, selection    6 (pick largest)
243 00000008 SECTAA notype       External     | ??_7_Iostream_error_category@std@@6B@ (const std::_Iostream_error_category::`vftable')
244 00000000 SECTAB notype       Static       | .rdata
    Section length    9, #relocs    0, #linenums    0, checksum A29400EA, selection    2 (pick any)
246 00000000 SECTAB notype       External     | ??_C@_08LLGCOLLL@iostream?$AA@ (`string')
247 00000000 SECTAC notype       Static       | .rdata
    Section length   16, #relocs    0, #linenums    0, checksum A7E7FC63, selection    2 (pick any)
249 00000000 SECTAC notype       External     | ??_C@_0BG@PADBLCHM@iostream?5stream?5error?$AA@ (`string')
24A 00000000 SECTAD notype       Static       | .rdata
    Section length   38, #relocs    7, #linenums    0, checksum        0, selection    6 (pick largest)
24C 00000008 SECTAD notype       External     | ??_7_System_error_category@std@@6B@ (const std::_System_error_category::`vftable')
24D 00000000 SECTAE notype       Static       | .rdata
    Section length    7, #relocs    0, #linenums    0, checksum 35CD274A, selection    2 (pick any)
24F 00000000 SECTAE notype       External     | ??_C@_06FHFOAHML@system?$AA@ (`string')
250 00000000 SECTAF notype       Static       | .data
    Section length    8, #relocs    1, #linenums    0, checksum        0, selection    2 (pick any)
252 00000000 SECTAF notype       External     | ?_Generic_object@?$_Error_objects@H@std@@2V_Generic_error_category@2@A (public: static class std::_Generic_error_category std::_Error_objects<int>::_Generic_object)
253 00000000 SECTB0 notype       Static       | .data
    Section length    8, #relocs    1, #linenums    0, checksum        0, selection    2 (pick any)
255 00000000 SECTB0 notype       External     | ?_Iostream_object@?$_Error_objects@H@std@@2V_Iostream_error_category@2@A (public: static class std::_Iostream_error_category std::_Error_objects<int>::_Iostream_object)
256 00000000 SECTB1 notype       Static       | .data
    Section length    8, #relocs    1, #linenums    0, checksum        0, selection    2 (pick any)
258 00000000 SECTB1 notype       External     | ?_System_object@?$_Error_objects@H@std@@2V_System_error_category@2@A (public: static class std::_System_error_category std::_Error_objects<int>::_System_object)
259 00000000 SECTB2 notype       Static       | .bss
    Section length    8, #relocs    0, #linenums    0, checksum        0, selection    2 (pick any)
25B 00000000 SECTB2 notype       External     | ?id@?$num_put@DV?$back_insert_iterator@V?$basic_string@DU?$char_traits@D@std@@V?$allocator@D@2@@std@@@std@@@std@@2V0locale@2@A (public: static class std::locale::id std::num_put<char,class std::back_insert_iterator<class std::basic_string<char,struct std::char_traits<char>,class std::allocator<char> > > >::id)
25C 00000000 SECTB3 notype       Static       | .bss
    Section length    8, #relocs    0, #linenums    0, checksum        0, selection    2 (pick any)
25E 00000000 SECTB3 notype       External     | ?id@?$num_put@_WV?$back_insert_iterator@V?$basic_string@_WU?$char_traits@_W@std@@V?$allocator@_W@2@@std@@@std@@@std@@2V0locale@2@A (public: static class std::locale::id std::num_put<wchar_t,class std::back_insert_iterator<class std::basic_string<wchar_t,struct std::char_traits<wchar_t>,class std::allocator<wchar_t> > > >::id)
25F 00000000 SECTB4 notype       Static       | .bss
    Section length    8, #relocs    0, #linenums    0, checksum        0, selection    2 (pick any)
261 00000000 SECTB4 notype       External     | ?id@?$numpunct@D@std@@2V0locale@2@A (public: static class std::locale::id std::numpunct<char>::id)
262 00000000 SECTB5 notype       Static       | .bss
    Section length    8, #relocs    0, #linenums    0, checksum        0, selection    2 (pick any)
264 00000000 SECTB5 notype       External     | ?id@?$numpunct@_W@std@@2V0locale@2@A (public: static class std::locale::id std::numpunct<wchar_t>::id)
265 00000000 SECTB6 notype       Static       | .rdata
    Section length   10, #relocs    0, #linenums    0, checksum 869C5FA0, selection    2 (pick any)
267 00000000 SECTB6 notype       External     | ??_C@_0BA@JFNIOLAK@string?5too?5long?$AA@ (`string')
268 00000000 SECTB7 notype       Static       | .rdata
    Section length   18, #relocs    0, #linenums    0, checksum 79C52538, selection    2 (pick any)
26A 00000000 SECTB7 notype       External     | ??_C@_0BI@CFPLBAOH@invalid?5string?5position?$AA@ (`string')
26B 00000000 SECTB8 notype       Static       | .rdata$r
    Section length   24, #relocs    3, #linenums    0, checksum 81256527, selection    2 (pick any)
26D 00000000 SECTB8 notype       External     | ??_R4error_category@std@@6B@ (const std::error_category::`RTTI Complete Object Locator')
26E 00000000 SECTB9 notype       Static       | .data$r
    Section length   29, #relocs    1, #linenums    0, checksum 57781CE5, selection    2 (pick any)
270 00000000 SECTB9 notype       External     | ??_R0?AVerror_category@std@@@8 (class std::error_category `RTTI Type Descriptor')
271 00000000 SECTBA notype       Static       | .rdata$r
    Section length   14, #relocs    1, #linenums    0, checksum CCAA009E, selection    2 (pick any)
273 00000000 SECTBA notype       External     | ??_R3error_category@std@@8 (std::error_category::`RTTI Class Hierarchy Descriptor')
274 00000000 SECTBB notype       Static       | .rdata$r
    Section length    C, #relocs    1, #linenums    0, checksum        0, selection    2 (pick any)
276 00000000 SECTBB notype       External     | ??_R2error_category@std@@8 (std::error_category::`RTTI Base Class Array')
277 00000000 SECTBC notype       Static       | .rdata$r
    Section length   24, #relocs    2, #linenums    0, checksum 3AD97647, selection    2 (pick any)
279 00000000 SECTBC notype       External     | ??_R1A@?0A@EA@error_category@std@@8 (std::error_category::`RTTI Base Class Descriptor at (0,-1,0,64)')
27A 00000000 SECTBD notype       Static       | .rdata$r
    Section length   24, #relocs    3, #linenums    0, checksum 81256527, selection    2 (pick any)
27C 00000000 SECTBD notype       External     | ??_R4_Generic_error_category@std@@6B@ (const std::_Generic_error_category::`RTTI Complete Object Locator')
27D 00000000 SECTBE notype       Static       | .data$r
    Section length   32, #relocs    1, #linenums    0, checksum 61E25741, selection    2 (pick any)
27F 00000000 SECTBE notype       External     | ??_R0?AV_Generic_error_category@std@@@8 (class std::_Generic_error_category `RTTI Type Descriptor')
280 00000000 SECTBF notype       Static       | .rdata$r
    Section length   14, #relocs    1, #linenums    0, checksum 4225077D, selection    2 (pick any)
282 00000000 SECTBF notype       External     | ??_R3_Generic_error_category@std@@8 (std::_Generic_error_category::`RTTI Class Hierarchy Descriptor')
283 00000000 SECTC0 notype       Static       | .rdata$r
    Section length   14, #relocs    2, #linenums    0, checksum        0, selection    2 (pick any)
285 00000000 SECTC0 notype       External     | ??_R2_Generic_error_category@std@@8 (std::_Generic_error_category::`RTTI Base Class Array')
286 00000000 SECTC1 notype       Static       | .rdata$r
    Section length   24, #relocs    2, #linenums    0, checksum BBFC1360, selection    2 (pick any)
288 00000000 SECTC1 notype       External     | ??_R1A@?0A@EA@_Generic_error_category@std@@8 (std::_Generic_error_category::`RTTI Base Class Descriptor at (0,-1,0,64)')
289 00000000 SECTC2 notype       Static       | .rdata$r
    Section length   24, #relocs    3, #linenums    0, checksum 81256527, selection    2 (pick any)
28B 00000000 SECTC2 notype       External     | ??_R4_Iostream_error_category@std@@6B@ (const std::_Iostream_error_category::`RTTI Complete Object Locator')
28C 00000000 SECTC3 notype       Static       | .data$r
    Section length   33, #relocs    1, #linenums    0, checksum 9ABBB05D, selection    2 (pick any)
28E 00000000 SECTC3 notype       External     | ??_R0?AV_Iostream_error_category@std@@@8 (class std::_Iostream_error_category `RTTI Type Descriptor')
28F 00000000 SECTC4 notype       Static       | .rdata$r
    Section length   14, #relocs    1, #linenums    0, checksum 8E8F07E3, selection    2 (pick any)
291 00000000 SECTC4 notype       External     | ??_R3_Iostream_error_category@std@@8 (std::_Iostream_error_category::`RTTI Class Hierarchy Descriptor')
292 00000000 SECTC5 notype       Static       | .rdata$r
    Section length   1C, #relocs    3, #linenums    0, checksum        0, selection    2 (pick any)
294 00000000 SECTC5 notype       External     | ??_R2_Iostream_error_category@std@@8 (std::_Iostream_error_category::`RTTI Base Class Array')
295 00000000 SECTC6 notype       Static       | .rdata$r
    Section length   24, #relocs    2, #linenums    0, checksum E3E2BA48, selection    2 (pick any)
297 00000000 SECTC6 notype       External     | ??_R1A@?0A@EA@_Iostream_error_category@std@@8 (std::_Iostream_error_category::`RTTI Base Class Descriptor at (0,-1,0,64)')
298 00000000 SECTC7 notype       Static       | .rdata$r
    Section length   24, #relocs    3, #linenums    0, checksum 81256527, selection    2 (pick any)
29A 00000000 SECTC7 notype       External     | ??_R4_System_error_category@std@@6B@ (const std::_System_error_category::`RTTI Complete Object Locator')
29B 00000000 SECTC8 notype       Static       | .data$r
    Section length   31, #relocs    1, #linenums    0, checksum FF15FF41, selection    2 (pick any)
29D 00000000 SECTC8 notype       External     | ??_R0?AV_System_error_category@std@@@8 (class std::_System_error_category `RTTI Type Descriptor')
29E 00000000 SECTC9 notype       Static       | .rdata$r
    Section length   14, #relocs    1, #linenums    0, checksum 8E8F07E3, selection    2 (pick any)
2A0 00000000 SECTC9 notype       External     | ??_R3_System_error_category@std@@8 (std::_System_error_category::`RTTI Class Hierarchy Descriptor')
2A1 00000000 SECTCA notype       Static       | .rdata$r
    Section length   1C, #relocs    3, #linenums    0, checksum        0, selection    2 (pick any)
2A3 00000000 SECTCA notype       External     | ??_R2_System_error_category@std@@8 (std::_System_error_category::`RTTI Base Class Array')
2A4 00000000 SECTCB notype       Static       | .rdata$r
    Section length   24, #relocs    2, #linenums    0, checksum E3E2BA48, selection    2 (pick any)
2A6 00000000 SECTCB notype       External     | ??_R1A@?0A@EA@_System_error_category@std@@8 (std::_System_error_category::`RTTI Base Class Descriptor at (0,-1,0,64)')
2A7 00000000 SECTCC notype       Static       | .rdata
    Section length    4, #relocs    0, #linenums    0, checksum 8DE5B576, selection    2 (pick any)
2A9 00000000 SECTCC notype       External     | __real@3f800000
2AA 00000000 UNDEF  notype       External     | _fltused
2AB 00000000 SECTCD notype       Static       | .CRT$XCU
    Section length    8, #relocs    1, #linenums    0, checksum        0, selection    5 (pick associative Section 0xAF)
2AD 00000000 SECTCD notype       Static       | ?_Generic_object$initializer$@?$_Error_objects@H@std@@2P6AXXZEA (public: static void (__cdecl* std::_Error_objects<int>::_Generic_object$initializer$)(void))
2AE 00000000 SECTCE notype       Static       | .CRT$XCU
    Section length    8, #relocs    1, #linenums    0, checksum        0, selection    5 (pick associative Section 0xB0)
2B0 00000000 SECTCE notype       Static       | ?_Iostream_object$initializer$@?$_Error_objects@H@std@@2P6AXXZEA (public: static void (__cdecl* std::_Error_objects<int>::_Iostream_object$initializer$)(void))
2B1 00000000 SECTCF notype       Static       | .CRT$XCU
    Section length    8, #relocs    1, #linenums    0, checksum        0, selection    5 (pick associative Section 0xB1)
2B3 00000000 SECTCF notype       Static       | ?_System_object$initializer$@?$_Error_objects@H@std@@2P6AXXZEA (public: static void (__cdecl* std::_Error_objects<int>::_System_object$initializer$)(void))

String Table Size = 0x391A bytes

  Summary

          18 .CRT$XCU
          22 .bss
          18 .data
          BF .data$r
          7C .debug$S
         320 .drectve
         1A4 .pdata
         170 .rdata
         1C8 .rdata$r
          24 .text$di
         BAF .text$mn
          81 .text$x
          2D .text$yd
         274 .xdata
