codec.cpp
Note: including file: C:\native41-owner\require-v120.h
Note: including file: c:\native41-owner\candidate\transport-candidate\codec.h
Note: including file:  c:\native41-owner\candidate\transport-candidate\resource_registry.h
Note: including file:   c:\native41-owner\candidate\transport-candidate\../protocol-candidate/miles_wire.h
Note: including file:    C:\Program Files (x86)\Microsoft Visual Studio 12.0\VC\INCLUDE\stdint.h
Note: including file:     C:\Program Files (x86)\Microsoft Visual Studio 12.0\VC\INCLUDE\crtdefs.h
Note: including file:      C:\Program Files (x86)\Microsoft Visual Studio 12.0\VC\INCLUDE\sal.h
Note: including file:       C:\Program Files (x86)\Microsoft Visual Studio 12.0\VC\INCLUDE\ConcurrencySal.h
Note: including file:      C:\Program Files (x86)\Microsoft Visual Studio 12.0\VC\INCLUDE\vadefs.h
Note: including file:    C:\Program Files (x86)\Microsoft Visual Studio 12.0\VC\INCLUDE\stddef.h
Note: including file:     C:\Program Files (x86)\Microsoft Visual Studio 12.0\VC\INCLUDE\crtdefs.h
Note: including file:   C:\Program Files (x86)\Microsoft Visual Studio 12.0\VC\INCLUDE\stdexcept
Note: including file:    C:\Program Files (x86)\Microsoft Visual Studio 12.0\VC\INCLUDE\exception
Note: including file:     C:\Program Files (x86)\Microsoft Visual Studio 12.0\VC\INCLUDE\xstddef
Note: including file:      C:\Program Files (x86)\Microsoft Visual Studio 12.0\VC\INCLUDE\stdlib.h
Note: including file:       C:\Program Files (x86)\Microsoft Visual Studio 12.0\VC\INCLUDE\crtdefs.h
Note: including file:       C:\Program Files (x86)\Microsoft Visual Studio 12.0\VC\INCLUDE\limits.h
Note: including file:        C:\Program Files (x86)\Microsoft Visual Studio 12.0\VC\INCLUDE\crtdefs.h
Note: including file:      C:\Program Files (x86)\Microsoft Visual Studio 12.0\VC\INCLUDE\cstddef
Note: including file:       C:\Program Files (x86)\Microsoft Visual Studio 12.0\VC\INCLUDE\yvals.h
Note: including file:        C:\Program Files (x86)\Microsoft Visual Studio 12.0\VC\INCLUDE\xkeycheck.h
Note: including file:        C:\Program Files (x86)\Microsoft Visual Studio 12.0\VC\INCLUDE\crtdefs.h
Note: including file:        C:\Program Files (x86)\Microsoft Visual Studio 12.0\VC\INCLUDE\use_ansi.h
Note: including file:      C:\Program Files (x86)\Microsoft Visual Studio 12.0\VC\INCLUDE\initializer_list
Note: including file:      C:\Program Files (x86)\Microsoft Visual Studio 12.0\VC\INCLUDE\xtr1common
Note: including file:     C:\Program Files (x86)\Microsoft Visual Studio 12.0\VC\INCLUDE\eh.h
Note: including file:      C:\Program Files (x86)\Microsoft Visual Studio 12.0\VC\INCLUDE\crtdefs.h
Note: including file:     C:\Program Files (x86)\Microsoft Visual Studio 12.0\VC\INCLUDE\malloc.h
Note: including file:      C:\Program Files (x86)\Microsoft Visual Studio 12.0\VC\INCLUDE\crtdefs.h
Note: including file:     C:\Program Files (x86)\Microsoft Visual Studio 12.0\VC\INCLUDE\string.h
Note: including file:      C:\Program Files (x86)\Microsoft Visual Studio 12.0\VC\INCLUDE\crtdefs.h
Note: including file:    C:\Program Files (x86)\Microsoft Visual Studio 12.0\VC\INCLUDE\xstring
Note: including file:     C:\Program Files (x86)\Microsoft Visual Studio 12.0\VC\INCLUDE\xmemory0
Note: including file:      C:\Program Files (x86)\Microsoft Visual Studio 12.0\VC\INCLUDE\cstdlib
Note: including file:      C:\Program Files (x86)\Microsoft Visual Studio 12.0\VC\INCLUDE\limits
Note: including file:       C:\Program Files (x86)\Microsoft Visual Studio 12.0\VC\INCLUDE\ymath.h
Note: including file:       C:\Program Files (x86)\Microsoft Visual Studio 12.0\VC\INCLUDE\cfloat
Note: including file:        C:\Program Files (x86)\Microsoft Visual Studio 12.0\VC\INCLUDE\float.h
Note: including file:         C:\Program Files (x86)\Microsoft Visual Studio 12.0\VC\INCLUDE\crtdefs.h
Note: including file:         C:\Program Files (x86)\Microsoft Visual Studio 12.0\VC\INCLUDE\crtwrn.h
Note: including file:          C:\Program Files (x86)\Microsoft Visual Studio 12.0\VC\INCLUDE\crtdefs.h
Note: including file:       C:\Program Files (x86)\Microsoft Visual Studio 12.0\VC\INCLUDE\climits
Note: including file:       C:\Program Files (x86)\Microsoft Visual Studio 12.0\VC\INCLUDE\cmath
Note: including file:        C:\Program Files (x86)\Microsoft Visual Studio 12.0\VC\INCLUDE\math.h
Note: including file:         C:\Program Files (x86)\Microsoft Visual Studio 12.0\VC\INCLUDE\crtdefs.h
Note: including file:        C:\Program Files (x86)\Microsoft Visual Studio 12.0\VC\INCLUDE\xtgmath.h
Note: including file:       C:\Program Files (x86)\Microsoft Visual Studio 12.0\VC\INCLUDE\cwchar
Note: including file:        C:\Program Files (x86)\Microsoft Visual Studio 12.0\VC\INCLUDE\wchar.h
Note: including file:         C:\Program Files (x86)\Microsoft Visual Studio 12.0\VC\INCLUDE\crtdefs.h
Note: including file:         C:\Program Files (x86)\Microsoft Visual Studio 12.0\VC\INCLUDE\swprintf.inl
Note: including file:         C:\Program Files (x86)\Microsoft Visual Studio 12.0\VC\INCLUDE\wtime.inl
Note: including file:      C:\Program Files (x86)\Microsoft Visual Studio 12.0\VC\INCLUDE\new
Note: including file:      C:\Program Files (x86)\Microsoft Visual Studio 12.0\VC\INCLUDE\xutility
Note: including file:       C:\Program Files (x86)\Microsoft Visual Studio 12.0\VC\INCLUDE\utility
Note: including file:        C:\Program Files (x86)\Microsoft Visual Studio 12.0\VC\INCLUDE\iosfwd
Note: including file:         C:\Program Files (x86)\Microsoft Visual Studio 12.0\VC\INCLUDE\cstdio
Note: including file:          C:\Program Files (x86)\Microsoft Visual Studio 12.0\VC\INCLUDE\stdio.h
Note: including file:           C:\Program Files (x86)\Microsoft Visual Studio 12.0\VC\INCLUDE\crtdefs.h
Note: including file:         C:\Program Files (x86)\Microsoft Visual Studio 12.0\VC\INCLUDE\cstring
Note: including file:         C:\Program Files (x86)\Microsoft Visual Studio 12.0\VC\INCLUDE\crtdbg.h
Note: including file:          C:\Program Files (x86)\Microsoft Visual Studio 12.0\VC\INCLUDE\crtdefs.h
Note: including file:        C:\Program Files (x86)\Microsoft Visual Studio 12.0\VC\INCLUDE\type_traits
Note: including file:         C:\Program Files (x86)\Microsoft Visual Studio 12.0\VC\INCLUDE\xrefwrap
Note: including file:      C:\Program Files (x86)\Microsoft Visual Studio 12.0\VC\INCLUDE\xatomic0.h
Note: including file:      C:\Program Files (x86)\Microsoft Visual Studio 12.0\VC\INCLUDE\intrin.h
Note: including file:       C:\Program Files (x86)\Microsoft Visual Studio 12.0\VC\INCLUDE\crtdefs.h
Note: including file:       C:\Program Files (x86)\Microsoft Visual Studio 12.0\VC\INCLUDE\setjmp.h
Note: including file:        C:\Program Files (x86)\Microsoft Visual Studio 12.0\VC\INCLUDE\crtdefs.h
Note: including file:       C:\Program Files (x86)\Microsoft Visual Studio 12.0\VC\INCLUDE\immintrin.h
Note: including file:        C:\Program Files (x86)\Microsoft Visual Studio 12.0\VC\INCLUDE\wmmintrin.h
Note: including file:         C:\Program Files (x86)\Microsoft Visual Studio 12.0\VC\INCLUDE\nmmintrin.h
Note: including file:          C:\Program Files (x86)\Microsoft Visual Studio 12.0\VC\INCLUDE\smmintrin.h
Note: including file:           C:\Program Files (x86)\Microsoft Visual Studio 12.0\VC\INCLUDE\tmmintrin.h
Note: including file:            C:\Program Files (x86)\Microsoft Visual Studio 12.0\VC\INCLUDE\pmmintrin.h
Note: including file:             C:\Program Files (x86)\Microsoft Visual Studio 12.0\VC\INCLUDE\emmintrin.h
Note: including file:              C:\Program Files (x86)\Microsoft Visual Studio 12.0\VC\INCLUDE\xmmintrin.h
Note: including file:               C:\Program Files (x86)\Microsoft Visual Studio 12.0\VC\INCLUDE\mmintrin.h
Note: including file:                C:\Program Files (x86)\Microsoft Visual Studio 12.0\VC\INCLUDE\crtdefs.h
Note: including file:       C:\Program Files (x86)\Microsoft Visual Studio 12.0\VC\INCLUDE\ammintrin.h
Note: including file:   C:\Program Files (x86)\Microsoft Visual Studio 12.0\VC\INCLUDE\vector
Note: including file:    C:\Program Files (x86)\Microsoft Visual Studio 12.0\VC\INCLUDE\xmemory
