Microsoft (R) COFF/PE Dumper Version 12.00.40629.0
Copyright (C) Microsoft Corporation.  All rights reserved.


Dump of file C:\native86\results\x86-startup-metadata-v4-metadata_host\x86-startup-metadata-v4-metadata_host.obj

File Type: COFF OBJECT

COFF SYMBOL TABLE
000 00E19EB5 ABS    notype       Static       | @comp.id
001 80000191 ABS    notype       Static       | @feat.00
002 00000000 SECT1  notype       Static       | .drectve
    Section length   C2, #relocs    0, #linenums    0, checksum        0
004 00000000 SECT2  notype       Static       | .debug$S
    Section length   B4, #relocs    0, #linenums    0, checksum        0
006 00000000 SECT3  notype       Static       | .text$mn
    Section length  2BD, #relocs   1D, #linenums    0, checksum 68475CE1
008 00000000 SECT4  notype       Static       | .text$x
    Section length   30, #relocs    5, #linenums    0, checksum C1626CB2
00A 00000000 SECT5  notype       Static       | .text$mn
    Section length    7, #relocs    0, #linenums    0, checksum F9769C6B, selection    2 (pick any)
00C 00000000 SECT6  notype       Static       | .text$mn
    Section length   2A, #relocs    3, #linenums    0, checksum DCD4EFED, selection    2 (pick any)
00E 00000000 SECT7  notype       Static       | .text$mn
    Section length   34, #relocs    2, #linenums    0, checksum  CFC7E80, selection    2 (pick any)
010 00000000 SECT8  notype       Static       | .text$mn
    Section length    5, #relocs    0, #linenums    0, checksum 672BE856, selection    2 (pick any)
012 00000000 SECT9  notype       Static       | .text$mn
    Section length    8, #relocs    0, #linenums    0, checksum 9FC65074, selection    2 (pick any)
014 00000000 SECTA  notype       Static       | .text$mn
    Section length    8, #relocs    0, #linenums    0, checksum 9FC65074, selection    2 (pick any)
016 00000000 SECTB  notype       Static       | .text$mn
    Section length    B, #relocs    0, #linenums    0, checksum 731C78BA, selection    2 (pick any)
018 00000000 SECTC  notype       Static       | .text$mn
    Section length   15, #relocs    1, #linenums    0, checksum  8FF34F7, selection    2 (pick any)
01A 00000000 SECTD  notype       Static       | .text$mn
    Section length   15, #relocs    1, #linenums    0, checksum  8FF34F7, selection    2 (pick any)
01C 00000000 SECTE  notype       Static       | .text$mn
    Section length   1D, #relocs    1, #linenums    0, checksum  194F6F6, selection    2 (pick any)
01E 00000000 SECTF  notype       Static       | .text$mn
    Section length    D, #relocs    0, #linenums    0, checksum FEDA5EFE, selection    2 (pick any)
020 00000000 SECT10 notype       Static       | .text$mn
    Section length   11, #relocs    1, #linenums    0, checksum 3F64F992, selection    2 (pick any)
022 00000000 SECT11 notype       Static       | .text$mn
    Section length   3F, #relocs    3, #linenums    0, checksum DF9AA485, selection    2 (pick any)
024 00000000 SECT12 notype       Static       | .text$mn
    Section length   3F, #relocs    3, #linenums    0, checksum DF9AA485, selection    2 (pick any)
026 00000000 SECT13 notype       Static       | .text$mn
    Section length   16, #relocs    1, #linenums    0, checksum  FE9A807, selection    2 (pick any)
028 00000000 SECT14 notype       Static       | .text$mn
    Section length   16, #relocs    1, #linenums    0, checksum  FE9A807, selection    2 (pick any)
02A 00000000 SECT15 notype       Static       | .text$mn
    Section length   10, #relocs    0, #linenums    0, checksum 4436CFFC, selection    2 (pick any)
02C 00000000 SECT16 notype       Static       | .text$mn
    Section length    E, #relocs    0, #linenums    0, checksum 4DE4BFBE, selection    2 (pick any)
02E 00000000 SECT17 notype       Static       | .text$mn
    Section length    E, #relocs    0, #linenums    0, checksum 4DE4BFBE, selection    2 (pick any)
030 00000000 SECT18 notype       Static       | .text$mn
    Section length   21, #relocs    0, #linenums    0, checksum  7EE8099, selection    2 (pick any)
032 00000000 SECT19 notype       Static       | .text$mn
    Section length   1B, #relocs    2, #linenums    0, checksum 423E1A34, selection    2 (pick any)
034 00000000 SECT1A notype       Static       | .text$mn
    Section length   13, #relocs    1, #linenums    0, checksum 58B0A1A3, selection    2 (pick any)
036 00000000 SECT1B notype       Static       | .text$mn
    Section length   1B, #relocs    2, #linenums    0, checksum 423E1A34, selection    2 (pick any)
038 00000000 SECT1C notype       Static       | .text$mn
    Section length   16, #relocs    1, #linenums    0, checksum 56B4AE81, selection    2 (pick any)
03A 00000000 SECT1D notype       Static       | .text$mn
    Section length   13, #relocs    1, #linenums    0, checksum 58B0A1A3, selection    2 (pick any)
03C 00000000 SECT1E notype       Static       | .text$di
    Section length    D, #relocs    0, #linenums    0, checksum A512431E, selection    2 (pick any)
03E 00000000 SECT1F notype       Static       | .text$di
    Section length    D, #relocs    0, #linenums    0, checksum A512431E, selection    2 (pick any)
040 00000000 SECT20 notype       Static       | .text$mn
    Section length   2F, #relocs    2, #linenums    0, checksum D117847A, selection    2 (pick any)
042 00000000 SECT21 notype       Static       | .text$mn
    Section length   44, #relocs    4, #linenums    0, checksum F0D9C26C, selection    2 (pick any)
044 00000000 SECT22 notype       Static       | .text$mn
    Section length   18, #relocs    1, #linenums    0, checksum A0744C79, selection    2 (pick any)
046 00000000 SECT23 notype       Static       | .text$mn
    Section length   62, #relocs    2, #linenums    0, checksum 702125DB, selection    2 (pick any)
048 00000000 SECT24 notype       Static       | .text$mn
    Section length   5F, #relocs    2, #linenums    0, checksum 580019BE, selection    2 (pick any)
04A 00000000 SECT25 notype       Static       | .text$mn
    Section length   1D, #relocs    1, #linenums    0, checksum  194F6F6, selection    2 (pick any)
04C 00000000 SECT26 notype       Static       | .text$mn
    Section length   79, #relocs    4, #linenums    0, checksum 4A2202E2, selection    2 (pick any)
04E 00000000 SECT27 notype       Static       | .text$mn
    Section length   1D, #relocs    1, #linenums    0, checksum F0D1C1B9, selection    2 (pick any)
050 00000000 SECT28 notype       Static       | .text$mn
    Section length   1D, #relocs    1, #linenums    0, checksum F0D1C1B9, selection    2 (pick any)
052 00000000 SECT29 notype       Static       | .text$mn
    Section length   19, #relocs    1, #linenums    0, checksum 92C9EDFA, selection    2 (pick any)
054 00000000 SECT2A notype       Static       | .text$mn
    Section length   19, #relocs    1, #linenums    0, checksum 92C9EDFA, selection    2 (pick any)
056 00000000 SECT2B notype       Static       | .text$mn
    Section length  100, #relocs    E, #linenums    0, checksum 5C7AAF81, selection    2 (pick any)
058 00000000 SECT2C notype       Static       | .text$mn
    Section length   27, #relocs    1, #linenums    0, checksum D2B43191, selection    2 (pick any)
05A 00000000 UNDEF  notype ()    External     | ??3@YAXPAX@Z (void __cdecl operator delete(void *))
05B 00000000 UNDEF  notype ()    External     | ??0_Lockit@std@@QAE@H@Z (public: __thiscall std::_Lockit::_Lockit(int))
05C 00000000 UNDEF  notype ()    External     | ??1_Lockit@std@@QAE@XZ (public: __thiscall std::_Lockit::~_Lockit(void))
05D 00000000 UNDEF  notype ()    External     | _memcpy
05E 00000000 UNDEF  notype ()    External     | __hypot
05F 00000000 SECT2C notype ()    External     | _hypot
060 00000000 SECT1F notype ()    Static       | ??__Epiecewise_construct@std@@YAXXZ (void __cdecl std::`dynamic initializer for 'piecewise_construct''(void))
061 00000000 UNDEF  notype ()    External     | ?_Debug_message@std@@YAXPB_W0I@Z (void __cdecl std::_Debug_message(wchar_t const *,wchar_t const *,unsigned int))
062 00000000 SECT1D notype ()    External     | ??1_Container_base12@std@@QAE@XZ (public: __thiscall std::_Container_base12::~_Container_base12(void))
063 00000000 SECT23 notype ()    External     | ?_Orphan_all@_Container_base12@std@@QAEXXZ (public: void __thiscall std::_Container_base12::_Orphan_all(void))
064 00000000 SECT24 notype ()    External     | ?_Swap_all@_Container_base12@std@@QAEXAAU12@@Z (public: void __thiscall std::_Container_base12::_Swap_all(struct std::_Container_base12 &))
065 00000000 SECT1E notype ()    Static       | ??__Eallocator_arg@std@@YAXXZ (void __cdecl std::`dynamic initializer for 'allocator_arg''(void))
066 00000000 SECT18 notype ()    External     | ??0Bytes@MilesTransport@@QAE@PBXI@Z (public: __thiscall MilesTransport::Bytes::Bytes(void const *,unsigned int))
067 00000000 UNDEF  notype ()    External     | ?retain@SessionInputs@MilesStartup@@QAEPBDUBytes@MilesTransport@@@Z (public: char const * __thiscall MilesStartup::SessionInputs::retain(struct MilesTransport::Bytes))
068 00000000 SECT16 notype ()    External     | ??0?$allocator@E@std@@QAE@XZ (public: __thiscall std::allocator<unsigned char>::allocator<unsigned char>(void))
069 00000000 SECT15 notype ()    External     | ??0?$allocator@E@std@@QAE@ABV01@@Z (public: __thiscall std::allocator<unsigned char>::allocator<unsigned char>(class std::allocator<unsigned char> const &))
06A 00000000 SECT29 notype ()    External     | ?deallocate@?$allocator@E@std@@QAEXPAEI@Z (public: void __thiscall std::allocator<unsigned char>::deallocate(unsigned char *,unsigned int))
06B 00000000 SECT13 notype ()    External     | ??0?$_Wrap_alloc@V?$allocator@E@std@@@std@@QAE@XZ (public: __thiscall std::_Wrap_alloc<class std::allocator<unsigned char> >::_Wrap_alloc<class std::allocator<unsigned char> >(void))
06C 00000000 SECT27 notype ()    External     | ?deallocate@?$_Wrap_alloc@V?$allocator@E@std@@@std@@QAEXPAEI@Z (public: void __thiscall std::_Wrap_alloc<class std::allocator<unsigned char> >::deallocate(unsigned char *,unsigned int))
06D 00000000 SECT1A notype ()    External     | ??1?$_Vector_val@U?$_Simple_types@E@std@@@std@@QAE@XZ (public: __thiscall std::_Vector_val<struct std::_Simple_types<unsigned char> >::~_Vector_val<struct std::_Simple_types<unsigned char> >(void))
06E 00000000 SECT19 notype ()    External     | ??1?$_Vector_alloc@$0A@U?$_Vec_base_types@EV?$allocator@E@std@@@std@@@std@@QAE@XZ (public: __thiscall std::_Vector_alloc<0,struct std::_Vec_base_types<unsigned char,class std::allocator<unsigned char> > >::~_Vector_alloc<0,struct std::_Vec_base_types<unsigned char,class std::allocator<unsigned char> > >(void))
06F 00000000 SECT25 notype ()    External     | ?_Swap_alloc@?$_Vector_alloc@$0A@U?$_Vec_base_types@EV?$allocator@E@std@@@std@@@std@@QAEXAAV12@@Z (public: void __thiscall std::_Vector_alloc<0,struct std::_Vec_base_types<unsigned char,class std::allocator<unsigned char> > >::_Swap_alloc(class std::_Vector_alloc<0,struct std::_Vec_base_types<unsigned char,class std::allocator<unsigned char> > > &))
070 00000000 SECT21 notype ()    External     | ?_Free_proxy@?$_Vector_alloc@$0A@U?$_Vec_base_types@EV?$allocator@E@std@@@std@@@std@@QAEXXZ (public: void __thiscall std::_Vector_alloc<0,struct std::_Vec_base_types<unsigned char,class std::allocator<unsigned char> > >::_Free_proxy(void))
071 00000000 SECT22 notype ()    External     | ?_Getal@?$_Vector_alloc@$0A@U?$_Vec_base_types@EV?$allocator@E@std@@@std@@@std@@QBE?AU?$_Wrap_alloc@V?$allocator@E@std@@@2@XZ (public: struct std::_Wrap_alloc<class std::allocator<unsigned char> > __thiscall std::_Vector_alloc<0,struct std::_Vec_base_types<unsigned char,class std::allocator<unsigned char> > >::_Getal(void)const )
072 00000000 SECT1B notype ()    External     | ??1?$vector@EV?$allocator@E@std@@@std@@QAE@XZ (public: __thiscall std::vector<unsigned char,class std::allocator<unsigned char> >::~vector<unsigned char,class std::allocator<unsigned char> >(void))
073 00000000 SECT2B notype ()    External     | ?swap@?$vector@EV?$allocator@E@std@@@std@@QAEXAAV12@@Z (public: void __thiscall std::vector<unsigned char,class std::allocator<unsigned char> >::swap(class std::vector<unsigned char,class std::allocator<unsigned char> > &))
074 00000000 SECT20 notype ()    External     | ?_Destroy@?$vector@EV?$allocator@E@std@@@std@@IAEXPAE0@Z (protected: void __thiscall std::vector<unsigned char,class std::allocator<unsigned char> >::_Destroy(unsigned char *,unsigned char *))
075 00000000 SECT26 notype ()    External     | ?_Tidy@?$vector@EV?$allocator@E@std@@@std@@IAEXXZ (protected: void __thiscall std::vector<unsigned char,class std::allocator<unsigned char> >::_Tidy(void))
076 00000000 UNDEF  notype ()    External     | ??0Reply@MilesStartup@@QAE@XZ (public: __thiscall MilesStartup::Reply::Reply(void))
077 00000000 SECT1C notype ()    External     | ??1Reply@MilesStartup@@QAE@XZ (public: __thiscall MilesStartup::Reply::~Reply(void))
078 00000000 UNDEF  notype ()    External     | ?signedValue@MilesStartup@@YA_JI@Z (__int64 __cdecl MilesStartup::signedValue(unsigned int))
079 00000000 UNDEF  notype ()    External     | ?validate@MilesStartup@@YA?AW4Status@1@IABUCall@MilesWire@@UBytes@MilesTransport@@@Z (enum MilesStartup::Status __cdecl MilesStartup::validate(unsigned int,struct MilesWire::Call const &,struct MilesTransport::Bytes))
07A 00000000 UNDEF  notype ()    External     | ?copyText@MilesStartup@@YA_NPBDAAUReply@1@@Z (bool __cdecl MilesStartup::copyText(char const *,struct MilesStartup::Reply &))
07B 00000000 SECT3  notype ()    External     | ?dispatch@MilesStartup@@YA?AW4Status@1@IABUCall@MilesWire@@UBytes@MilesTransport@@AAUReply@1@AAUResolver@MilesHost@@AAVSessionInputs@1@@Z (enum MilesStartup::Status __cdecl MilesStartup::dispatch(unsigned int,struct MilesWire::Call const &,struct MilesTransport::Bytes,struct MilesStartup::Reply &,struct MilesHost::Resolver &,class MilesStartup::SessionInputs &))
07C 00000000 UNDEF  notype       External     | __imp__AIL_get_preference@4
07D 00000000 UNDEF  notype       External     | __imp__AIL_set_preference@8
07E 00000000 UNDEF  notype       External     | __imp__AIL_last_error@0
07F 00000000 UNDEF  notype       External     | __imp__AIL_set_redist_directory@4
080 00000000 UNDEF  notype       External     | __imp__AIL_speaker_configuration@20
081 000002A0 SECT3  notype ()    External     | ?bits@?A0xa21aaa67@MilesStartup@@YAIH@Z (unsigned int __cdecl MilesStartup::`anonymous namespace'::bits(int))
082 00000000 SECT6  notype ()    External     | ??$?8V?$allocator@E@std@@V01@@std@@YA_NABU?$_Wrap_alloc@V?$allocator@E@std@@@0@0@Z (bool __cdecl std::operator==<class std::allocator<unsigned char>,class std::allocator<unsigned char> >(struct std::_Wrap_alloc<class std::allocator<unsigned char> > const &,struct std::_Wrap_alloc<class std::allocator<unsigned char> > const &))
083 00000000 SECT5  notype ()    External     | ??$?8EE@std@@YA_NABV?$allocator@E@0@0@Z (bool __cdecl std::operator==<unsigned char,unsigned char>(class std::allocator<unsigned char> const &,class std::allocator<unsigned char> const &))
084 00000000 SECTC  notype ()    External     | ??$_Swap_adl@PAE@std@@YAXAAPAE0@Z (void __cdecl std::_Swap_adl<unsigned char *>(unsigned char * &,unsigned char * &))
085 00000000 SECTD  notype ()    External     | ??$_Swap_adl@PAU_Container_proxy@std@@@std@@YAXAAPAU_Container_proxy@0@0@Z (void __cdecl std::_Swap_adl<struct std::_Container_proxy *>(struct std::_Container_proxy * &,struct std::_Container_proxy * &))
086 00000000 SECT17 notype ()    External     | ??0?$allocator@U_Container_proxy@std@@@std@@QAE@XZ (public: __thiscall std::allocator<struct std::_Container_proxy>::allocator<struct std::_Container_proxy>(void))
087 00000000 SECT2A notype ()    External     | ?deallocate@?$allocator@U_Container_proxy@std@@@std@@QAEXPAU_Container_proxy@2@I@Z (public: void __thiscall std::allocator<struct std::_Container_proxy>::deallocate(struct std::_Container_proxy *,unsigned int))
088 00000000 SECT14 notype ()    External     | ??0?$_Wrap_alloc@V?$allocator@U_Container_proxy@std@@@std@@@std@@QAE@XZ (public: __thiscall std::_Wrap_alloc<class std::allocator<struct std::_Container_proxy> >::_Wrap_alloc<class std::allocator<struct std::_Container_proxy> >(void))
089 00000000 SECT28 notype ()    External     | ?deallocate@?$_Wrap_alloc@V?$allocator@U_Container_proxy@std@@@std@@@std@@QAEXPAU_Container_proxy@2@I@Z (public: void __thiscall std::_Wrap_alloc<class std::allocator<struct std::_Container_proxy> >::deallocate(struct std::_Container_proxy *,unsigned int))
08A 00000000 SECTE  notype ()    External     | ??$destroy@U_Container_proxy@std@@@?$_Wrap_alloc@V?$allocator@U_Container_proxy@std@@@std@@@std@@QAEXPAU_Container_proxy@1@@Z (public: void __thiscall std::_Wrap_alloc<class std::allocator<struct std::_Container_proxy> >::destroy<struct std::_Container_proxy>(struct std::_Container_proxy *))
08B 00000000 SECT7  notype ()    External     | ??$_Destroy_range@U?$_Wrap_alloc@V?$allocator@E@std@@@std@@@std@@YAXPAE0AAU?$_Wrap_alloc@V?$allocator@E@std@@@0@@Z (void __cdecl std::_Destroy_range<struct std::_Wrap_alloc<class std::allocator<unsigned char> > >(unsigned char *,unsigned char *,struct std::_Wrap_alloc<class std::allocator<unsigned char> > &))
08C 00000000 SECT11 notype ()    External     | ??$swap@PAE@std@@YAXAAPAE0@Z (void __cdecl std::swap<unsigned char *>(unsigned char * &,unsigned char * &))
08D 00000000 SECT12 notype ()    External     | ??$swap@PAU_Container_proxy@std@@@std@@YAXAAPAU_Container_proxy@0@0@Z (void __cdecl std::swap<struct std::_Container_proxy *>(struct std::_Container_proxy * &,struct std::_Container_proxy * &))
08E 00000000 SECT10 notype ()    External     | ??$destroy@U_Container_proxy@std@@@?$allocator_traits@V?$allocator@U_Container_proxy@std@@@std@@@std@@SAXAAV?$allocator@U_Container_proxy@std@@@1@PAU_Container_proxy@1@@Z (public: static void __cdecl std::allocator_traits<class std::allocator<struct std::_Container_proxy> >::destroy<struct std::_Container_proxy>(class std::allocator<struct std::_Container_proxy> &,struct std::_Container_proxy *))
08F 00000000 SECTB  notype ()    External     | ??$_Ptr_cat@EE@std@@YA?AU_Scalar_ptr_iterator_tag@0@PAE0@Z (struct std::_Scalar_ptr_iterator_tag __cdecl std::_Ptr_cat<unsigned char,unsigned char>(unsigned char *,unsigned char *))
090 00000000 SECT8  notype ()    External     | ??$_Destroy_range@U?$_Wrap_alloc@V?$allocator@E@std@@@std@@@std@@YAXPAE0AAU?$_Wrap_alloc@V?$allocator@E@std@@@0@U_Scalar_ptr_iterator_tag@0@@Z (void __cdecl std::_Destroy_range<struct std::_Wrap_alloc<class std::allocator<unsigned char> > >(unsigned char *,unsigned char *,struct std::_Wrap_alloc<class std::allocator<unsigned char> > &,struct std::_Scalar_ptr_iterator_tag))
091 00000000 SECT9  notype ()    External     | ??$_Move@AAPAE@std@@YA$$QAPAEAAPAE@Z (unsigned char * && __cdecl std::_Move<unsigned char * &>(unsigned char * &))
092 00000000 SECTA  notype ()    External     | ??$_Move@AAPAU_Container_proxy@std@@@std@@YA$$QAPAU_Container_proxy@0@AAPAU10@@Z (struct std::_Container_proxy * && __cdecl std::_Move<struct std::_Container_proxy * &>(struct std::_Container_proxy * &))
093 00000000 SECTF  notype ()    External     | ??$destroy@U_Container_proxy@std@@@?$allocator@U_Container_proxy@std@@@std@@QAEXPAU_Container_proxy@1@@Z (public: void __thiscall std::allocator<struct std::_Container_proxy>::destroy<struct std::_Container_proxy>(struct std::_Container_proxy *))
094 00000000 UNDEF  notype ()    External     | @__security_check_cookie@4
095 00000000 UNDEF  notype ()    External     | ___CxxFrameHandler3
096 00000008 SECT4  notype ()    Static       | __ehhandler$?dispatch@MilesStartup@@YA?AW4Status@1@IABUCall@MilesWire@@UBytes@MilesTransport@@AAUReply@1@AAUResolver@MilesHost@@AAVSessionInputs@1@@Z
097 00000000 SECT2D notype       Static       | .sxdata
    Section length    4, #relocs    0, #linenums    0, checksum 982BBE78
099 0000026C SECT3  notype       Static       | $LN18
09A 00000254 SECT3  notype       Static       | $LN20
09B 0000008B SECT3  notype       Label        | $LN11
09C 000000B2 SECT3  notype       Label        | $LN10
09D 000000F2 SECT3  notype       Label        | $LN9
09E 00000118 SECT3  notype       Label        | $LN7
09F 0000017F SECT3  notype       Label        | $LN4
0A0 000001F1 SECT3  notype       Label        | $LN1
0A1 00000000 SECT4  notype ()    Static       | __unwindfunclet$?dispatch@MilesStartup@@YA?AW4Status@1@IABUCall@MilesWire@@UBytes@MilesTransport@@AAUReply@1@AAUResolver@MilesHost@@AAVSessionInputs@1@@Z$0
0A2 00000000 SECT2E notype       Static       | .xdata$x
    Section length   2C, #relocs    2, #linenums    0, checksum A7F7E1EC
0A4 00000008 SECT2E notype       Static       | __ehfuncinfo$?dispatch@MilesStartup@@YA?AW4Status@1@IABUCall@MilesWire@@UBytes@MilesTransport@@AAUReply@1@AAUResolver@MilesHost@@AAVSessionInputs@1@@Z
0A5 00000000 SECT2E notype       Static       | __unwindtable$?dispatch@MilesStartup@@YA?AW4Status@1@IABUCall@MilesWire@@UBytes@MilesTransport@@AAUReply@1@AAUResolver@MilesHost@@AAVSessionInputs@1@@Z
0A6 00000000 SECT2F notype       Static       | .bss
    Section length    2, #relocs    0, #linenums    0, checksum        0
0A8 00000001 SECT2F notype       Static       | _piecewise_construct
0A9 00000000 SECT2F notype       Static       | _allocator_arg
0AA 00000000 SECT30 notype       Static       | .rdata
    Section length   8C, #relocs    0, #linenums    0, checksum 101D7482, selection    2 (pick any)
0AC 00000000 SECT30 notype       External     | ??_C@_1IM@CBJFJAOD@?$AAC?$AA?3?$AA?2?$AAP?$AAr?$AAo?$AAg?$AAr?$AAa?$AAm?$AA?5?$AAF?$AAi?$AAl?$AAe?$AAs?$AA?5?$AA?$CI?$AAx?$AA8?$AA6?$AA?$CJ?$AA?2?$AAM?$AAi?$AAc?$AAr?$AAo?$AAs?$AAo?$AAf?$AAt@ (`string')
0AD 00000000 SECT31 notype       Static       | .rdata
    Section length   50, #relocs    0, #linenums    0, checksum  F44E301, selection    2 (pick any)
0AF 00000000 SECT31 notype       External     | ??_C@_1FA@HOJIAEBI@?$AAv?$AAe?$AAc?$AAt?$AAo?$AAr?$AA?5?$AAc?$AAo?$AAn?$AAt?$AAa?$AAi?$AAn?$AAe?$AAr?$AAs?$AA?5?$AAi?$AAn?$AAc?$AAo?$AAm?$AAp?$AAa?$AAt?$AAi?$AAb?$AAl?$AAe?$AA?5?$AAf@ (`string')
0B0 00000000 UNDEF  notype       External     | ___security_cookie
0B1 00000000 UNDEF  notype       External     | __fltused
0B2 00000000 SECT32 notype       Static       | .CRT$XCU
    Section length    8, #relocs    2, #linenums    0, checksum        0
0B4 00000000 SECT32 notype       Static       | _piecewise_construct$initializer$
0B5 00000004 SECT32 notype       Static       | _allocator_arg$initializer$

String Table Size = 0x116B bytes

  Summary

           8 .CRT$XCU
           2 .bss
          B4 .debug$S
          C2 .drectve
          DC .rdata
           4 .sxdata
          1A .text$di
         885 .text$mn
          30 .text$x
          2C .xdata$x
