{"configuration": "Debug", "platform": "Win32", "unit": "engine-worker", "status": "compiled", "exit_code": 0, "include_boundary_ok": true}
{"configuration": "Debug", "platform": "Win32", "unit": "invocation-job", "status": "compiled", "exit_code": 0, "include_boundary_ok": true}
{"configuration": "Debug", "platform": "Win32", "unit": "file-channel", "status": "compiled", "exit_code": 0, "include_boundary_ok": true}
{"configuration": "Debug", "platform": "Win32", "unit": "canonical-services", "status": "compiled", "exit_code": 0, "include_boundary_ok": true}
{"configuration": "Debug", "platform": "Win32", "unit": "codec", "status": "compiled", "exit_code": 0, "include_boundary_ok": true}
{"configuration": "Debug", "platform": "x64", "unit": "engine-worker", "status": "compiled", "exit_code": 0, "include_boundary_ok": true}
{"configuration": "Debug", "platform": "x64", "unit": "invocation-job", "status": "compiled", "exit_code": 0, "include_boundary_ok": true}
{"configuration": "Debug", "platform": "x64", "unit": "file-channel", "status": "compiled", "exit_code": 0, "include_boundary_ok": true}
{"configuration": "Debug", "platform": "x64", "unit": "canonical-services", "status": "compiled", "exit_code": 0, "include_boundary_ok": true}
{"configuration": "Debug", "platform": "x64", "unit": "codec", "status": "compiled", "exit_code": 0, "include_boundary_ok": true}
{"configuration": "Release", "platform": "Win32", "unit": "engine-worker", "status": "compiled", "exit_code": 0, "include_boundary_ok": true}
{"configuration": "Release", "platform": "Win32", "unit": "invocation-job", "status": "compiled", "exit_code": 0, "include_boundary_ok": true}
{"configuration": "Release", "platform": "Win32", "unit": "file-channel", "status": "compiled", "exit_code": 0, "include_boundary_ok": true}
{"configuration": "Release", "platform": "Win32", "unit": "canonical-services", "status": "compiled", "exit_code": 0, "include_boundary_ok": true}
{"configuration": "Release", "platform": "Win32", "unit": "codec", "status": "compiled", "exit_code": 0, "include_boundary_ok": true}
{"configuration": "Release", "platform": "x64", "unit": "engine-worker", "status": "compiled", "exit_code": 0, "include_boundary_ok": true}
{"configuration": "Release", "platform": "x64", "unit": "invocation-job", "status": "compiled", "exit_code": 0, "include_boundary_ok": true}
{"configuration": "Release", "platform": "x64", "unit": "file-channel", "status": "compiled", "exit_code": 0, "include_boundary_ok": true}
{"configuration": "Release", "platform": "x64", "unit": "canonical-services", "status": "compiled", "exit_code": 0, "include_boundary_ok": true}
{"configuration": "Release", "platform": "x64", "unit": "codec", "status": "compiled", "exit_code": 0, "include_boundary_ok": true}
