ALSA lib control.c:1575:(snd_ctl_open_noupdate) [error.control] Invalid CTL hw:0
ALSA lib control.c:1575:(snd_ctl_open_noupdate) [error.control] Invalid CTL hw:1
ALSA lib control.c:1575:(snd_ctl_open_noupdate) [error.control] Invalid CTL hw:0
ALSA lib control.c:1575:(snd_ctl_open_noupdate) [error.control] Invalid CTL hw:1
observer epoch=0 qpc=1942221113879 seen=0
observer epoch=1 qpc=1942221123881 seen=0
observer epoch=2 qpc=1942221133876 seen=0
observer epoch=3 qpc=1942221143880 seen=0
observer epoch=4 qpc=1942221153878 seen=0
observer epoch=5 qpc=1942221163880 seen=0
observer epoch=6 qpc=1942221173878 seen=0
observer epoch=7 qpc=1942221183873 seen=0
observer epoch=8 qpc=1942221193876 seen=0
observer epoch=9 qpc=1942221203880 seen=0
observer epoch=10 qpc=1942221213871 seen=0
observer epoch=11 qpc=1942221223876 seen=0
observer epoch=12 qpc=1942221233879 seen=0
observer epoch=13 qpc=1942221243873 seen=0
observer epoch=14 qpc=1942221253874 seen=0
observer epoch=15 qpc=1942221263875 seen=0
observer epoch=16 qpc=1942221273874 seen=0
observer epoch=17 qpc=1942221283880 seen=0
observer epoch=18 qpc=1942221293877 seen=0
observer epoch=19 qpc=1942221303870 seen=0
observer epoch=20 qpc=1942221313873 seen=0
observer epoch=21 qpc=1942221323880 seen=0
observer epoch=22 qpc=1942221333876 seen=0
observer epoch=23 qpc=1942221343878 seen=0
observer epoch=24 qpc=1942221353872 seen=0
observer epoch=25 qpc=1942221363882 seen=0
observer epoch=26 qpc=1942221373869 seen=0
observer epoch=27 qpc=1942221383872 seen=0
observer epoch=28 qpc=1942221393882 seen=0
observer epoch=29 qpc=1942221403879 seen=0
observer epoch=30 qpc=1942221413871 seen=0
observer epoch=31 qpc=1942221423870 seen=0
observer epoch=32 qpc=1942221433872 seen=0
observer epoch=33 qpc=1942221443881 seen=0
observer epoch=34 qpc=1942221453869 seen=0
observer epoch=35 qpc=1942221463879 seen=0
observer epoch=36 qpc=1942221473876 seen=0
observer epoch=37 qpc=1942221483869 seen=0
observer epoch=38 qpc=1942221493870 seen=0
observer epoch=39 qpc=1942221503882 seen=0
observer epoch=40 qpc=1942221513879 seen=0
observer epoch=41 qpc=1942221523878 seen=0
observer epoch=42 qpc=1942221533875 seen=0
observer epoch=43 qpc=1942221543874 seen=0
observer epoch=44 qpc=1942221553871 seen=0
observer epoch=45 qpc=1942221563871 seen=0
observer epoch=46 qpc=1942221573878 seen=0
observer epoch=47 qpc=1942221583876 seen=0
observer epoch=48 qpc=1942221593873 seen=0
observer epoch=49 qpc=1942221603880 seen=0
observer epoch=50 qpc=1942221613881 seen=0
observer epoch=51 qpc=1942221623880 seen=0
observer epoch=52 qpc=1942221633880 seen=0
observer epoch=53 qpc=1942221643878 seen=0
observer epoch=54 qpc=1942221653882 seen=0
observer epoch=55 qpc=1942221663877 seen=0
observer epoch=56 qpc=1942221673876 seen=0
observer epoch=57 qpc=1942221683872 seen=0
observer epoch=58 qpc=1942221693876 seen=0
observer epoch=59 qpc=1942221703876 seen=0
observer epoch=60 qpc=1942221713872 seen=0
observer epoch=61 qpc=1942221723881 seen=0
observer epoch=62 qpc=1942221733873 seen=0
observer epoch=63 qpc=1942221743880 seen=0
observer epoch=64 qpc=1942221753878 seen=0
observer epoch=65 qpc=1942221763878 seen=0
observer epoch=66 qpc=1942221773874 seen=0
observer epoch=67 qpc=1942221783881 seen=0
observer epoch=68 qpc=1942221793879 seen=0
observer epoch=69 qpc=1942221803878 seen=0
observer epoch=70 qpc=1942221813878 seen=0
observer epoch=71 qpc=1942221823879 seen=0
observer epoch=72 qpc=1942221833878 seen=0
observer epoch=73 qpc=1942221843881 seen=0
observer epoch=74 qpc=1942221853871 seen=0
observer epoch=75 qpc=1942221863870 seen=0
observer epoch=76 qpc=1942221873874 seen=0
observer epoch=77 qpc=1942221883869 seen=0
observer epoch=78 qpc=1942221893880 seen=0
observer epoch=79 qpc=1942221903874 seen=0
observer epoch=80 qpc=1942221913872 seen=0
observer epoch=81 qpc=1942221923880 seen=0
observer epoch=82 qpc=1942221933872 seen=0
observer epoch=83 qpc=1942221943875 seen=0
observer epoch=84 qpc=1942221953877 seen=0
observer epoch=85 qpc=1942221963874 seen=0
observer epoch=86 qpc=1942221973870 seen=0
observer epoch=87 qpc=1942221983878 seen=0
observer epoch=88 qpc=1942221993879 seen=0
observer epoch=89 qpc=1942222003872 seen=0
observer epoch=90 qpc=1942222013875 seen=0
observer epoch=91 qpc=1942222023879 seen=0
observer epoch=92 qpc=1942222033869 seen=0
observer epoch=93 qpc=1942222043879 seen=0
observer epoch=94 qpc=1942222053869 seen=0
observer epoch=95 qpc=1942222063874 seen=0
observer epoch=96 qpc=1942222073880 seen=0
observer epoch=97 qpc=1942222083873 seen=0
observer epoch=98 qpc=1942222093877 seen=0
observer epoch=99 qpc=1942222103879 seen=0
observer epoch=100 qpc=1942222113873 seen=0
observer epoch=101 qpc=1942222123873 seen=0
observer epoch=102 qpc=1942222133871 seen=0
observer epoch=103 qpc=1942222143877 seen=0
observer epoch=104 qpc=1942222153876 seen=0
observer epoch=105 qpc=1942222163881 seen=0
observer epoch=106 qpc=1942222173882 seen=0
observer epoch=107 qpc=1942222183872 seen=0
observer epoch=108 qpc=1942222193873 seen=0
observer epoch=109 qpc=1942222203880 seen=0
observer epoch=110 qpc=1942222213871 seen=0
observer epoch=111 qpc=1942222223876 seen=0
observer epoch=112 qpc=1942222233880 seen=0
observer epoch=113 qpc=1942222243882 seen=0
observer epoch=114 qpc=1942222253875 seen=0
observer epoch=115 qpc=1942222263869 seen=0
observer epoch=116 qpc=1942222273869 seen=0
observer epoch=117 qpc=1942222283869 seen=0
observer epoch=118 qpc=1942222293876 seen=0
observer epoch=119 qpc=1942222303879 seen=0
observer epoch=120 qpc=1942222313872 seen=0
observer epoch=121 qpc=1942222323881 seen=0
observer epoch=122 qpc=1942222333882 seen=0
observer epoch=123 qpc=1942222343871 seen=0
observer epoch=124 qpc=1942222353876 seen=0
observer epoch=125 qpc=1942222363870 seen=0
observer epoch=126 qpc=1942222373869 seen=0
observer epoch=127 qpc=1942222383877 seen=0
observer epoch=128 qpc=1942222393876 seen=0
observer epoch=129 qpc=1942222403887 seen=0
observer epoch=130 qpc=1942222413878 seen=0
observer epoch=131 qpc=1942222423882 seen=0
observer epoch=132 qpc=1942222433880 seen=0
observer epoch=133 qpc=1942222443870 seen=0
observer epoch=134 qpc=1942222453873 seen=0
observer epoch=135 qpc=1942222463872 seen=0
observer epoch=136 qpc=1942222473875 seen=0
observer epoch=137 qpc=1942222483874 seen=0
observer epoch=138 qpc=1942222493878 seen=0
observer epoch=139 qpc=1942222503875 seen=0
observer epoch=140 qpc=1942222513877 seen=0
observer epoch=141 qpc=1942222523878 seen=0
observer epoch=142 qpc=1942222533871 seen=0
observer epoch=143 qpc=1942222543878 seen=0
observer epoch=144 qpc=1942222553879 seen=0
observer epoch=145 qpc=1942222563870 seen=0
observer epoch=146 qpc=1942222573881 seen=0
observer epoch=147 qpc=1942222583873 seen=0
observer epoch=148 qpc=1942222593876 seen=0
observer epoch=149 qpc=1942222603875 seen=0
observer epoch=150 qpc=1942222613877 seen=0
observer epoch=151 qpc=1942222623879 seen=0
observer epoch=152 qpc=1942222633873 seen=0
observer epoch=153 qpc=1942222643873 seen=0
observer epoch=154 qpc=1942222653875 seen=0
observer epoch=155 qpc=1942222663873 seen=0
observer epoch=156 qpc=1942222673869 seen=0
observer epoch=157 qpc=1942222683872 seen=0
observer epoch=158 qpc=1942222693869 seen=0
observer epoch=159 qpc=1942222703877 seen=0
observer epoch=160 qpc=1942222713871 seen=0
observer epoch=161 qpc=1942222723882 seen=0
observer epoch=162 qpc=1942222733869 seen=0
observer epoch=163 qpc=1942222743870 seen=0
observer epoch=164 qpc=1942222753881 seen=0
observer epoch=165 qpc=1942222763880 seen=0
observer epoch=166 qpc=1942222773879 seen=0
observer epoch=167 qpc=1942222783876 seen=0
observer epoch=168 qpc=1942222793873 seen=0
observer epoch=169 qpc=1942222803886 seen=0
observer epoch=170 qpc=1942222813874 seen=0
observer epoch=171 qpc=1942222823871 seen=0
observer epoch=172 qpc=1942222833869 seen=0
observer epoch=173 qpc=1942222843879 seen=0
observer epoch=174 qpc=1942222853873 seen=0
observer epoch=175 qpc=1942222863881 seen=0
observer epoch=176 qpc=1942222873872 seen=0
observer epoch=177 qpc=1942222883874 seen=0
observer epoch=178 qpc=1942222893881 seen=0
observer epoch=179 qpc=1942222903876 seen=0
observer epoch=180 qpc=1942222913881 seen=0
observer epoch=181 qpc=1942222923873 seen=0
observer epoch=182 qpc=1942222933881 seen=0
observer epoch=183 qpc=1942222943879 seen=0
observer epoch=184 qpc=1942222953880 seen=0
observer epoch=185 qpc=1942222963872 seen=0
observer epoch=186 qpc=1942222973879 seen=0
observer epoch=187 qpc=1942222983871 seen=0
observer epoch=188 qpc=1942222993880 seen=0
observer epoch=189 qpc=1942223003881 seen=0
observer epoch=190 qpc=1942223013877 seen=0
observer epoch=191 qpc=1942223023873 seen=0
observer epoch=192 qpc=1942223033870 seen=0
observer epoch=193 qpc=1942223043871 seen=0
observer epoch=194 qpc=1942223053881 seen=0
observer epoch=195 qpc=1942223063877 seen=0
observer epoch=196 qpc=1942223073877 seen=0
observer epoch=197 qpc=1942223083873 seen=0
observer epoch=198 qpc=1942223093875 seen=0
observer epoch=199 qpc=1942223103871 seen=0
observer epoch=200 qpc=1942223113875 seen=0
observer epoch=201 qpc=1942223123875 seen=0
observer epoch=202 qpc=1942223133871 seen=0
observer epoch=203 qpc=1942223143869 seen=0
observer epoch=204 qpc=1942223153880 seen=0
observer epoch=205 qpc=1942223163877 seen=0
observer epoch=206 qpc=1942223173874 seen=0
observer epoch=207 qpc=1942223183874 seen=0
observer epoch=208 qpc=1942223193869 seen=0
observer epoch=209 qpc=1942223203870 seen=0
observer epoch=210 qpc=1942223213874 seen=0
observer epoch=211 qpc=1942223223873 seen=0
observer epoch=212 qpc=1942223233875 seen=0
observer epoch=213 qpc=1942223243880 seen=0
observer epoch=214 qpc=1942223253872 seen=0
observer epoch=215 qpc=1942223263874 seen=0
observer epoch=216 qpc=1942223273874 seen=0
observer epoch=217 qpc=1942223283875 seen=0
observer epoch=218 qpc=1942223293881 seen=0
observer epoch=219 qpc=1942223303878 seen=0
observer epoch=220 qpc=1942223313880 seen=0
observer epoch=221 qpc=1942223323872 seen=0
observer epoch=222 qpc=1942223333869 seen=0
observer epoch=223 qpc=1942223343880 seen=0
observer epoch=224 qpc=1942223353870 seen=0
observer epoch=225 qpc=1942223363874 seen=0
observer epoch=226 qpc=1942223373879 seen=0
observer epoch=227 qpc=1942223383869 seen=0
observer epoch=228 qpc=1942223393872 seen=0
observer epoch=229 qpc=1942223403884 seen=0
observer epoch=230 qpc=1942223413877 seen=0
observer epoch=231 qpc=1942223423875 seen=0
observer epoch=232 qpc=1942223433881 seen=0
observer epoch=233 qpc=1942223443870 seen=0
observer epoch=234 qpc=1942223453870 seen=0
observer epoch=235 qpc=1942223463877 seen=0
observer epoch=236 qpc=1942223473876 seen=0
observer epoch=237 qpc=1942223483871 seen=0
observer epoch=238 qpc=1942223493877 seen=0
observer epoch=239 qpc=1942223503880 seen=0
observer epoch=240 qpc=1942223513873 seen=0
observer epoch=241 qpc=1942223523878 seen=0
observer epoch=242 qpc=1942223533877 seen=0
observer epoch=243 qpc=1942223543869 seen=0
observer epoch=244 qpc=1942223553870 seen=0
observer epoch=245 qpc=1942223563880 seen=0
observer epoch=246 qpc=1942223573882 seen=0
observer epoch=247 qpc=1942223583880 seen=0
observer epoch=248 qpc=1942223593871 seen=0
observer epoch=249 qpc=1942223603878 seen=0
observer epoch=250 qpc=1942223613874 seen=0
observer epoch=251 qpc=1942223623870 seen=0
observer epoch=252 qpc=1942223633873 seen=0
observer epoch=253 qpc=1942223643876 seen=0
observer epoch=254 qpc=1942223653878 seen=0
observer epoch=255 qpc=1942223663870 seen=0
observer epoch=256 qpc=1942223673871 seen=0
observer epoch=257 qpc=1942223683869 seen=0
observer epoch=258 qpc=1942223693872 seen=0
observer epoch=259 qpc=1942223703869 seen=0
observer epoch=260 qpc=1942223713874 seen=1
observer epoch=261 qpc=1942223723877 seen=1
observer epoch=262 qpc=1942223733872 seen=1
observer epoch=263 qpc=1942223743882 seen=1
observer epoch=264 qpc=1942223753880 seen=1
observer epoch=265 qpc=1942223763880 seen=1
observer epoch=266 qpc=1942223773873 seen=1
observer epoch=267 qpc=1942223783872 seen=1
observer epoch=268 qpc=1942223793877 seen=1
observer epoch=269 qpc=1942223803869 seen=1
observer epoch=270 qpc=1942223813869 seen=1
observer epoch=271 qpc=1942223823872 seen=1
observer epoch=272 qpc=1942223833873 seen=1
observer epoch=273 qpc=1942223843881 seen=1
observer epoch=274 qpc=1942223853876 seen=1
observer epoch=275 qpc=1942223863881 seen=1
observer epoch=276 qpc=1942223873877 seen=1
observer epoch=277 qpc=1942223883872 seen=1
observer epoch=278 qpc=1942223893872 seen=1
observer epoch=279 qpc=1942223903878 seen=1
observer epoch=280 qpc=1942223913874 seen=1
observer epoch=281 qpc=1942223923874 seen=1
observer epoch=282 qpc=1942223933879 seen=1
observer epoch=283 qpc=1942223943870 seen=1
observer epoch=284 qpc=1942223953879 seen=1
observer epoch=285 qpc=1942223963874 seen=1
observer epoch=286 qpc=1942223973879 seen=1
observer epoch=287 qpc=1942223983875 seen=1
observer epoch=288 qpc=1942223993877 seen=1
observer epoch=289 qpc=1942224003871 seen=1
observer epoch=290 qpc=1942224013877 seen=1
observer epoch=291 qpc=1942224023872 seen=1
observer epoch=292 qpc=1942224033869 seen=1
observer epoch=293 qpc=1942224043876 seen=1
observer epoch=294 qpc=1942224053882 seen=1
observer epoch=295 qpc=1942224063881 seen=1
observer epoch=296 qpc=1942224073871 seen=1
observer epoch=297 qpc=1942224083870 seen=1
observer epoch=298 qpc=1942224093870 seen=1
observer epoch=299 qpc=1942224103876 seen=1
observer epoch=300 qpc=1942224113873 seen=1
observer epoch=301 qpc=1942224123871 seen=1
observer epoch=302 qpc=1942224133879 seen=1
observer epoch=303 qpc=1942224143879 seen=1
observer epoch=304 qpc=1942224153876 seen=1
observer epoch=305 qpc=1942224163877 seen=1
observer epoch=306 qpc=1942224173879 seen=1
observer epoch=307 qpc=1942224183875 seen=1
observer epoch=308 qpc=1942224193882 seen=1
observer epoch=309 qpc=1942224203871 seen=1
observer epoch=310 qpc=1942224213877 seen=1
observer epoch=311 qpc=1942224223870 seen=1
observer epoch=312 qpc=1942224233878 seen=1
observer epoch=313 qpc=1942224243882 seen=1
observer epoch=314 qpc=1942224253872 seen=1
observer epoch=315 qpc=1942224263872 seen=1
observer epoch=316 qpc=1942224273873 seen=1
observer epoch=317 qpc=1942224283870 seen=1
observer epoch=318 qpc=1942224293882 seen=1
observer epoch=319 qpc=1942224303874 seen=1
observer epoch=320 qpc=1942224313878 seen=1
observer epoch=321 qpc=1942224323875 seen=1
observer epoch=322 qpc=1942224333877 seen=1
observer epoch=323 qpc=1942224343875 seen=1
observer epoch=324 qpc=1942224353878 seen=1
observer epoch=325 qpc=1942224363881 seen=1
observer epoch=326 qpc=1942224373877 seen=1
observer epoch=327 qpc=1942224383871 seen=1
observer epoch=328 qpc=1942224393871 seen=1
observer epoch=329 qpc=1942224403877 seen=1
observer epoch=330 qpc=1942224413877 seen=1
observer epoch=331 qpc=1942224423881 seen=1
observer epoch=332 qpc=1942224433874 seen=1
observer epoch=333 qpc=1942224443880 seen=1
observer epoch=334 qpc=1942224453873 seen=1
observer epoch=335 qpc=1942224463873 seen=1
observer epoch=336 qpc=1942224473877 seen=1
observer epoch=337 qpc=1942224483880 seen=1
observer epoch=338 qpc=1942224493872 seen=1
observer epoch=339 qpc=1942224503881 seen=1
observer epoch=340 qpc=1942224513870 seen=1
observer epoch=341 qpc=1942224523875 seen=1
observer epoch=342 qpc=1942224533874 seen=1
observer epoch=343 qpc=1942224543880 seen=1
observer epoch=344 qpc=1942224553871 seen=1
observer epoch=345 qpc=1942224563871 seen=1
observer epoch=346 qpc=1942224573880 seen=1
observer epoch=347 qpc=1942224583879 seen=1
observer epoch=348 qpc=1942224593880 seen=1
observer epoch=349 qpc=1942224603881 seen=1
observer epoch=350 qpc=1942224613869 seen=1
observer epoch=351 qpc=1942224623875 seen=1
observer epoch=352 qpc=1942224633880 seen=1
observer epoch=353 qpc=1942224643878 seen=1
observer epoch=354 qpc=1942224653870 seen=1
observer epoch=355 qpc=1942224663869 seen=1
observer epoch=356 qpc=1942224673877 seen=1
observer epoch=357 qpc=1942224683874 seen=1
observer epoch=358 qpc=1942224693876 seen=1
observer epoch=359 qpc=1942224703878 seen=1
observer epoch=360 qpc=1942224713869 seen=1
observer epoch=361 qpc=1942224723879 seen=1
observer epoch=362 qpc=1942224733881 seen=1
observer epoch=363 qpc=1942224743872 seen=1
observer epoch=364 qpc=1942224753876 seen=1
observer epoch=365 qpc=1942224763877 seen=1
observer epoch=366 qpc=1942224773878 seen=1
observer epoch=367 qpc=1942224783870 seen=1
observer epoch=368 qpc=1942224793870 seen=1
observer epoch=369 qpc=1942224803871 seen=1
observer epoch=370 qpc=1942224813880 seen=1
observer epoch=371 qpc=1942224823878 seen=1
observer epoch=372 qpc=1942224833869 seen=1
observer epoch=373 qpc=1942224843874 seen=1
observer epoch=374 qpc=1942224853882 seen=1
observer epoch=375 qpc=1942224863874 seen=1
observer epoch=376 qpc=1942224873871 seen=1
observer epoch=377 qpc=1942224883879 seen=1
observer epoch=378 qpc=1942224893871 seen=1
observer epoch=379 qpc=1942224903875 seen=1
observer epoch=380 qpc=1942224913873 seen=1
observer epoch=381 qpc=1942224923875 seen=1
observer epoch=382 qpc=1942224933877 seen=1
observer epoch=383 qpc=1942224943870 seen=1
observer epoch=384 qpc=1942224953878 seen=1
observer epoch=385 qpc=1942224963879 seen=1
observer epoch=386 qpc=1942224973873 seen=1
observer epoch=387 qpc=1942224983879 seen=1
observer epoch=388 qpc=1942224993882 seen=1
observer epoch=389 qpc=1942225003872 seen=1
observer epoch=390 qpc=1942225013870 seen=1
observer epoch=391 qpc=1942225023876 seen=1
observer epoch=392 qpc=1942225033876 seen=1
observer epoch=393 qpc=1942225043871 seen=1
observer epoch=394 qpc=1942225053876 seen=1
observer epoch=395 qpc=1942225063874 seen=1
observer epoch=396 qpc=1942225073869 seen=1
observer epoch=397 qpc=1942225083873 seen=1
observer epoch=398 qpc=1942225093882 seen=1
observer epoch=399 qpc=1942225103872 seen=1
observer epoch=400 qpc=1942225113878 seen=1
observer epoch=401 qpc=1942225123877 seen=1
observer epoch=402 qpc=1942225133878 seen=1
observer epoch=403 qpc=1942225143874 seen=1
observer epoch=404 qpc=1942225153876 seen=1
observer epoch=405 qpc=1942225163876 seen=1
observer epoch=406 qpc=1942225173870 seen=1
observer epoch=407 qpc=1942225183875 seen=1
observer epoch=408 qpc=1942225193874 seen=1
observer epoch=409 qpc=1942225203881 seen=1
observer epoch=410 qpc=1942225213877 seen=1
observer epoch=411 qpc=1942225223872 seen=1
observer epoch=412 qpc=1942225233878 seen=1
observer epoch=413 qpc=1942225243881 seen=1
observer epoch=414 qpc=1942225253871 seen=1
observer epoch=415 qpc=1942225263873 seen=1
observer epoch=416 qpc=1942225273877 seen=1
observer epoch=417 qpc=1942225283876 seen=1
observer epoch=418 qpc=1942225293870 seen=1
observer epoch=419 qpc=1942225303880 seen=1
observer epoch=420 qpc=1942225313877 seen=1
observer epoch=421 qpc=1942225323876 seen=1
observer epoch=422 qpc=1942225333881 seen=1
observer epoch=423 qpc=1942225343876 seen=1
observer epoch=424 qpc=1942225353872 seen=1
observer epoch=425 qpc=1942225363880 seen=1
observer epoch=426 qpc=1942225373869 seen=1
observer epoch=427 qpc=1942225383882 seen=1
observer epoch=428 qpc=1942225393879 seen=1
observer epoch=429 qpc=1942225403878 seen=1
observer epoch=430 qpc=1942225413871 seen=1
observer epoch=431 qpc=1942225423881 seen=1
observer epoch=432 qpc=1942225433870 seen=1
observer epoch=433 qpc=1942225443877 seen=1
observer epoch=434 qpc=1942225453879 seen=1
observer epoch=435 qpc=1942225463880 seen=1
observer epoch=436 qpc=1942225473881 seen=1
observer epoch=437 qpc=1942225483872 seen=1
observer epoch=438 qpc=1942225493877 seen=1
observer epoch=439 qpc=1942225503879 seen=1
observer epoch=440 qpc=1942225513879 seen=1
observer epoch=441 qpc=1942225523873 seen=1
observer epoch=442 qpc=1942225533872 seen=1
observer epoch=443 qpc=1942225543870 seen=1
observer epoch=444 qpc=1942225553872 seen=1
observer epoch=445 qpc=1942225563881 seen=1
observer epoch=446 qpc=1942225573870 seen=1
observer epoch=447 qpc=1942225583871 seen=1
observer epoch=448 qpc=1942225593873 seen=1
observer epoch=449 qpc=1942225603882 seen=1
observer epoch=450 qpc=1942225613881 seen=1
observer epoch=451 qpc=1942225623878 seen=1
observer epoch=452 qpc=1942225633875 seen=1
observer epoch=453 qpc=1942225643880 seen=1
observer epoch=454 qpc=1942225653874 seen=1
observer epoch=455 qpc=1942225663881 seen=1
observer epoch=456 qpc=1942225673877 seen=1
observer epoch=457 qpc=1942225683873 seen=1
observer epoch=458 qpc=1942225693882 seen=1
observer epoch=459 qpc=1942225703881 seen=1
observer epoch=460 qpc=1942225713875 seen=1
observer epoch=461 qpc=1942225723872 seen=1
observer epoch=462 qpc=1942225733873 seen=1
observer epoch=463 qpc=1942225743877 seen=1
observer epoch=464 qpc=1942225753869 seen=1
observer epoch=465 qpc=1942225763873 seen=1
observer epoch=466 qpc=1942225773878 seen=1
observer epoch=467 qpc=1942225783874 seen=1
observer epoch=468 qpc=1942225793871 seen=1
observer epoch=469 qpc=1942225803874 seen=1
observer epoch=470 qpc=1942225813874 seen=1
observer epoch=471 qpc=1942225823878 seen=1
observer epoch=472 qpc=1942225833881 seen=1
observer epoch=473 qpc=1942225843874 seen=1
observer epoch=474 qpc=1942225853872 seen=1
observer epoch=475 qpc=1942225863874 seen=1
observer epoch=476 qpc=1942225873877 seen=1
observer epoch=477 qpc=1942225883877 seen=1
observer epoch=478 qpc=1942225893879 seen=1
observer epoch=479 qpc=1942225903881 seen=1
observer epoch=480 qpc=1942225913874 seen=1
observer epoch=481 qpc=1942225923873 seen=1
observer epoch=482 qpc=1942225933876 seen=1
observer epoch=483 qpc=1942225943870 seen=1
observer epoch=484 qpc=1942225953870 seen=1
observer epoch=485 qpc=1942225963880 seen=1
observer epoch=486 qpc=1942225973874 seen=1
observer epoch=487 qpc=1942225983875 seen=1
observer epoch=488 qpc=1942225993873 seen=1
observer epoch=489 qpc=1942226003869 seen=1
observer epoch=490 qpc=1942226013875 seen=1
observer epoch=491 qpc=1942226023875 seen=1
observer epoch=492 qpc=1942226033872 seen=1
observer epoch=493 qpc=1942226043870 seen=1
observer epoch=494 qpc=1942226053874 seen=1
observer epoch=495 qpc=1942226063873 seen=1
observer epoch=496 qpc=1942226073870 seen=1
observer epoch=497 qpc=1942226083872 seen=1
observer epoch=498 qpc=1942226093873 seen=1
observer epoch=499 qpc=1942226103874 seen=1
observer epoch=500 qpc=1942226113872 seen=1
observer epoch=501 qpc=1942226123880 seen=1
observer epoch=502 qpc=1942226133872 seen=1
observer epoch=503 qpc=1942226143879 seen=1
observer epoch=504 qpc=1942226153881 seen=1
observer epoch=505 qpc=1942226163869 seen=1
observer epoch=506 qpc=1942226173874 seen=1
observer epoch=507 qpc=1942226183882 seen=1
observer epoch=508 qpc=1942226193878 seen=1
observer epoch=509 qpc=1942226203869 seen=1
observer epoch=510 qpc=1942226213873 seen=1
observer epoch=511 qpc=1942226223874 seen=1
observer epoch=512 qpc=1942226233879 seen=1
observer epoch=513 qpc=1942226243880 seen=1
observer epoch=514 qpc=1942226253881 seen=1
observer epoch=515 qpc=1942226263871 seen=1
observer epoch=516 qpc=1942226273871 seen=1
observer epoch=517 qpc=1942226283876 seen=1
observer epoch=518 qpc=1942226293870 seen=1
observer epoch=519 qpc=1942226303881 seen=1
observer epoch=520 qpc=1942226313879 seen=1
observer epoch=521 qpc=1942226323877 seen=1
observer epoch=522 qpc=1942226333873 seen=1
observer epoch=523 qpc=1942226343880 seen=1
observer epoch=524 qpc=1942226353869 seen=1
observer epoch=525 qpc=1942226363880 seen=1
observer epoch=526 qpc=1942226373876 seen=1
observer epoch=527 qpc=1942226383875 seen=1
observer epoch=528 qpc=1942226393876 seen=1
observer epoch=529 qpc=1942226403872 seen=1
observer epoch=530 qpc=1942226413873 seen=1
observer epoch=531 qpc=1942226423877 seen=1
observer epoch=532 qpc=1942226433876 seen=1
observer epoch=533 qpc=1942226443882 seen=1
observer epoch=534 qpc=1942226453876 seen=1
observer epoch=535 qpc=1942226463878 seen=1
observer epoch=536 qpc=1942226473872 seen=1
observer epoch=537 qpc=1942226483872 seen=1
observer epoch=538 qpc=1942226493870 seen=1
observer epoch=539 qpc=1942226503872 seen=1
observer epoch=540 qpc=1942226513880 seen=1
observer epoch=541 qpc=1942226523881 seen=1
observer epoch=542 qpc=1942226533880 seen=1
observer epoch=543 qpc=1942226543876 seen=1
observer epoch=544 qpc=1942226553876 seen=1
observer epoch=545 qpc=1942226563879 seen=1
observer epoch=546 qpc=1942226573873 seen=1
observer epoch=547 qpc=1942226583876 seen=1
observer epoch=548 qpc=1942226593871 seen=1
observer epoch=549 qpc=1942226603873 seen=1
observer epoch=550 qpc=1942226613874 seen=1
observer epoch=551 qpc=1942226623874 seen=1
observer epoch=552 qpc=1942226633870 seen=1
observer epoch=553 qpc=1942226643873 seen=1
observer epoch=554 qpc=1942226653879 seen=1
observer epoch=555 qpc=1942226663879 seen=1
observer epoch=556 qpc=1942226673872 seen=1
observer epoch=557 qpc=1942226683873 seen=1
observer epoch=558 qpc=1942226693870 seen=1
observer epoch=559 qpc=1942226703878 seen=1
observer epoch=560 qpc=1942226713875 seen=1
observer epoch=561 qpc=1942226723869 seen=1
observer epoch=562 qpc=1942226733873 seen=1
observer epoch=563 qpc=1942226743869 seen=1
observer epoch=564 qpc=1942226753876 seen=1
observer epoch=565 qpc=1942226763881 seen=1
observer epoch=566 qpc=1942226773872 seen=1
observer epoch=567 qpc=1942226783877 seen=1
observer epoch=568 qpc=1942226793876 seen=1
observer epoch=569 qpc=1942226803872 seen=1
observer epoch=570 qpc=1942226813871 seen=1
observer epoch=571 qpc=1942226823881 seen=1
observer epoch=572 qpc=1942226833873 seen=1
observer epoch=573 qpc=1942226843881 seen=1
observer epoch=574 qpc=1942226853870 seen=1
observer epoch=575 qpc=1942226863869 seen=1
observer epoch=576 qpc=1942226873876 seen=1
observer epoch=577 qpc=1942226883873 seen=1
observer epoch=578 qpc=1942226893880 seen=1
observer epoch=579 qpc=1942226903880 seen=1
observer epoch=580 qpc=1942226913881 seen=1
observer epoch=581 qpc=1942226923871 seen=1
observer epoch=582 qpc=1942226933873 seen=1
observer epoch=583 qpc=1942226943871 seen=1
observer epoch=584 qpc=1942226953882 seen=1
observer epoch=585 qpc=1942226963878 seen=1
observer epoch=586 qpc=1942226973872 seen=1
observer epoch=587 qpc=1942226983880 seen=1
observer epoch=588 qpc=1942226993878 seen=1
observer epoch=589 qpc=1942227003877 seen=1
observer epoch=590 qpc=1942227013877 seen=1
observer epoch=591 qpc=1942227023870 seen=1
observer epoch=592 qpc=1942227033870 seen=1
observer epoch=593 qpc=1942227043869 seen=1
observer epoch=594 qpc=1942227053881 seen=1
observer epoch=595 qpc=1942227063875 seen=1
observer epoch=596 qpc=1942227073874 seen=1
observer epoch=597 qpc=1942227083875 seen=1
observer epoch=598 qpc=1942227093873 seen=1
observer epoch=599 qpc=1942227103882 seen=1
observer_summary first=260 published=1942223712882 start=1942221108868 frequency=10000000 phase_us=500
host loaded=C:\eos-private\Mss32.dll tid=884 frequency=10000000 arm=0 phase=500
start begin=1942221108874 end=1942221108965
serve epoch=1 begin=1942221615784 end=1942221615924
serve epoch=2 begin=1942222113008 end=1942222113141
serve epoch=3 begin=1942222610662 end=1942222610785
serve epoch=4 begin=1942223108931 end=1942223109113
serve epoch=5 begin=1942223616874 end=1942223616987
serve epoch=6 begin=1942224113510 end=1942224113662
serve epoch=7 begin=1942224610211 end=1942224610360
serve epoch=8 begin=1942225117243 end=1942225117385
serve epoch=9 begin=1942225612240 end=1942225612339
serve epoch=10 begin=1942226108945 end=1942226109061
serve epoch=11 begin=1942226615655 end=1942226615722
serve epoch=12 begin=1942227113011 end=1942227113105
serve epoch=13 begin=1942227609053 end=1942227609160
completion count=1 callback=1942223712879 callback_end=1942223712883 thread=904 sent=0 status=2 total=204 pos=204 worker=0 send_ok=1
