ALSA lib control.c:1575:(snd_ctl_open_noupdate) [error.control] Invalid CTL hw:0
ALSA lib control.c:1575:(snd_ctl_open_noupdate) [error.control] Invalid CTL hw:1
ALSA lib control.c:1575:(snd_ctl_open_noupdate) [error.control] Invalid CTL hw:0
ALSA lib control.c:1575:(snd_ctl_open_noupdate) [error.control] Invalid CTL hw:1
observer epoch=0 qpc=1942103386106 seen=0
observer epoch=1 qpc=1942103396090 seen=0
observer epoch=2 qpc=1942103409673 seen=0
observer epoch=3 qpc=1942103416089 seen=0
observer epoch=4 qpc=1942103426094 seen=0
observer epoch=5 qpc=1942103436097 seen=0
observer epoch=6 qpc=1942103446093 seen=0
observer epoch=7 qpc=1942103456100 seen=0
observer epoch=8 qpc=1942103466100 seen=0
observer epoch=9 qpc=1942103476091 seen=0
observer epoch=10 qpc=1942103486089 seen=0
observer epoch=11 qpc=1942103496102 seen=0
observer epoch=12 qpc=1942103506100 seen=0
observer epoch=13 qpc=1942103519021 seen=0
observer epoch=14 qpc=1942103527290 seen=0
observer epoch=15 qpc=1942103536790 seen=0
observer epoch=16 qpc=1942103546100 seen=0
observer epoch=17 qpc=1942103556088 seen=0
observer epoch=18 qpc=1942103566091 seen=0
observer epoch=19 qpc=1942103576098 seen=0
observer epoch=20 qpc=1942103586089 seen=0
observer epoch=21 qpc=1942103596104 seen=0
observer epoch=22 qpc=1942103606104 seen=0
observer epoch=23 qpc=1942103616092 seen=0
observer epoch=24 qpc=1942103626101 seen=0
observer epoch=25 qpc=1942103636098 seen=0
observer epoch=26 qpc=1942103646088 seen=0
observer epoch=27 qpc=1942103656092 seen=0
observer epoch=28 qpc=1942103666091 seen=0
observer epoch=29 qpc=1942103676096 seen=0
observer epoch=30 qpc=1942103686089 seen=0
observer epoch=31 qpc=1942103696098 seen=0
observer epoch=32 qpc=1942103706104 seen=0
observer epoch=33 qpc=1942103716105 seen=0
observer epoch=34 qpc=1942103726105 seen=0
observer epoch=35 qpc=1942103736097 seen=0
observer epoch=36 qpc=1942103746100 seen=0
observer epoch=37 qpc=1942103756102 seen=0
observer epoch=38 qpc=1942103766100 seen=0
observer epoch=39 qpc=1942103776101 seen=0
observer epoch=40 qpc=1942103786092 seen=0
observer epoch=41 qpc=1942103796098 seen=0
observer epoch=42 qpc=1942103816084 seen=0
observer epoch=43 qpc=1942103816089 seen=0
observer epoch=44 qpc=1942103826091 seen=0
observer epoch=45 qpc=1942103836092 seen=0
observer epoch=46 qpc=1942103846090 seen=0
observer epoch=47 qpc=1942103856099 seen=0
observer epoch=48 qpc=1942103866099 seen=0
observer epoch=49 qpc=1942103876098 seen=0
observer epoch=50 qpc=1942103886089 seen=0
observer epoch=51 qpc=1942103896095 seen=0
observer epoch=52 qpc=1942103906096 seen=0
observer epoch=53 qpc=1942103916103 seen=0
observer epoch=54 qpc=1942103926101 seen=0
observer epoch=55 qpc=1942103936103 seen=0
observer epoch=56 qpc=1942103946098 seen=0
observer epoch=57 qpc=1942103956091 seen=0
observer epoch=58 qpc=1942103966093 seen=0
observer epoch=59 qpc=1942103976097 seen=0
observer epoch=60 qpc=1942103986094 seen=0
observer epoch=61 qpc=1942103996092 seen=0
observer epoch=62 qpc=1942104006091 seen=0
observer epoch=63 qpc=1942104016096 seen=0
observer epoch=64 qpc=1942104026090 seen=0
observer epoch=65 qpc=1942104036104 seen=0
observer epoch=66 qpc=1942104046095 seen=0
observer epoch=67 qpc=1942104056095 seen=0
observer epoch=68 qpc=1942104066094 seen=0
observer epoch=69 qpc=1942104076101 seen=0
observer epoch=70 qpc=1942104086107 seen=0
observer epoch=71 qpc=1942104096097 seen=0
observer epoch=72 qpc=1942104106099 seen=0
observer epoch=73 qpc=1942104116094 seen=0
observer epoch=74 qpc=1942104126092 seen=0
observer epoch=75 qpc=1942104136090 seen=0
observer epoch=76 qpc=1942104146107 seen=0
observer epoch=77 qpc=1942104156091 seen=0
observer epoch=78 qpc=1942104166099 seen=0
observer epoch=79 qpc=1942104176102 seen=0
observer epoch=80 qpc=1942104186094 seen=0
observer epoch=81 qpc=1942104196092 seen=0
observer epoch=82 qpc=1942104206107 seen=0
observer epoch=83 qpc=1942104216088 seen=0
observer epoch=84 qpc=1942104226089 seen=0
observer epoch=85 qpc=1942104236090 seen=0
observer epoch=86 qpc=1942104246093 seen=0
observer epoch=87 qpc=1942104256100 seen=0
observer epoch=88 qpc=1942104266090 seen=0
observer epoch=89 qpc=1942104276103 seen=0
observer epoch=90 qpc=1942104286094 seen=0
observer epoch=91 qpc=1942104296098 seen=0
observer epoch=92 qpc=1942104306091 seen=0
observer epoch=93 qpc=1942104316099 seen=0
observer epoch=94 qpc=1942104326094 seen=0
observer epoch=95 qpc=1942104336096 seen=0
observer epoch=96 qpc=1942104346096 seen=0
observer epoch=97 qpc=1942104356104 seen=0
observer epoch=98 qpc=1942104366107 seen=0
observer epoch=99 qpc=1942104376094 seen=0
observer epoch=100 qpc=1942104386105 seen=0
observer epoch=101 qpc=1942104396097 seen=0
observer epoch=102 qpc=1942104406093 seen=0
observer epoch=103 qpc=1942104416103 seen=0
observer epoch=104 qpc=1942104426098 seen=0
observer epoch=105 qpc=1942104436093 seen=0
observer epoch=106 qpc=1942104446102 seen=0
observer epoch=107 qpc=1942104456096 seen=0
observer epoch=108 qpc=1942104466102 seen=0
observer epoch=109 qpc=1942104476098 seen=0
observer epoch=110 qpc=1942104486105 seen=0
observer epoch=111 qpc=1942104496090 seen=0
observer epoch=112 qpc=1942104506105 seen=0
observer epoch=113 qpc=1942104516105 seen=0
observer epoch=114 qpc=1942104526091 seen=0
observer epoch=115 qpc=1942104536100 seen=0
observer epoch=116 qpc=1942104546089 seen=0
observer epoch=117 qpc=1942104556106 seen=0
observer epoch=118 qpc=1942104566095 seen=0
observer epoch=119 qpc=1942104576094 seen=0
observer epoch=120 qpc=1942104586094 seen=0
observer epoch=121 qpc=1942104596093 seen=0
observer epoch=122 qpc=1942104606091 seen=0
observer epoch=123 qpc=1942104616096 seen=0
observer epoch=124 qpc=1942104626102 seen=0
observer epoch=125 qpc=1942104636103 seen=0
observer epoch=126 qpc=1942104646092 seen=0
observer epoch=127 qpc=1942104656099 seen=0
observer epoch=128 qpc=1942104666101 seen=0
observer epoch=129 qpc=1942104676102 seen=0
observer epoch=130 qpc=1942104686100 seen=0
observer epoch=131 qpc=1942104696102 seen=0
observer epoch=132 qpc=1942104706103 seen=0
observer epoch=133 qpc=1942104716105 seen=0
observer epoch=134 qpc=1942104726095 seen=0
observer epoch=135 qpc=1942104736097 seen=0
observer epoch=136 qpc=1942104746106 seen=0
observer epoch=137 qpc=1942104756092 seen=0
observer epoch=138 qpc=1942104766102 seen=0
observer epoch=139 qpc=1942104776088 seen=0
observer epoch=140 qpc=1942104786106 seen=0
observer epoch=141 qpc=1942104796101 seen=0
observer epoch=142 qpc=1942104806090 seen=0
observer epoch=143 qpc=1942104816097 seen=0
observer epoch=144 qpc=1942104826094 seen=0
observer epoch=145 qpc=1942104836090 seen=0
observer epoch=146 qpc=1942104846091 seen=0
observer epoch=147 qpc=1942104856095 seen=0
observer epoch=148 qpc=1942104866091 seen=0
observer epoch=149 qpc=1942104876103 seen=0
observer epoch=150 qpc=1942104886099 seen=0
observer epoch=151 qpc=1942104896107 seen=0
observer epoch=152 qpc=1942104906099 seen=0
observer epoch=153 qpc=1942104916095 seen=0
observer epoch=154 qpc=1942104926096 seen=0
observer epoch=155 qpc=1942104936095 seen=0
observer epoch=156 qpc=1942104946089 seen=0
observer epoch=157 qpc=1942104956102 seen=0
observer epoch=158 qpc=1942104966090 seen=0
observer epoch=159 qpc=1942104976107 seen=0
observer epoch=160 qpc=1942104986092 seen=0
observer epoch=161 qpc=1942104996097 seen=0
observer epoch=162 qpc=1942105006093 seen=0
observer epoch=163 qpc=1942105016101 seen=0
observer epoch=164 qpc=1942105026098 seen=0
observer epoch=165 qpc=1942105036100 seen=0
observer epoch=166 qpc=1942105046095 seen=0
observer epoch=167 qpc=1942105056088 seen=0
observer epoch=168 qpc=1942105066092 seen=0
observer epoch=169 qpc=1942105076092 seen=0
observer epoch=170 qpc=1942105086094 seen=0
observer epoch=171 qpc=1942105096090 seen=0
observer epoch=172 qpc=1942105106095 seen=0
observer epoch=173 qpc=1942105116096 seen=0
observer epoch=174 qpc=1942105126103 seen=0
observer epoch=175 qpc=1942105136102 seen=0
observer epoch=176 qpc=1942105146092 seen=0
observer epoch=177 qpc=1942105156095 seen=0
observer epoch=178 qpc=1942105166100 seen=0
observer epoch=179 qpc=1942105176089 seen=0
observer epoch=180 qpc=1942105186091 seen=0
observer epoch=181 qpc=1942105196100 seen=0
observer epoch=182 qpc=1942105206102 seen=0
observer epoch=183 qpc=1942105216092 seen=0
observer epoch=184 qpc=1942105226093 seen=0
observer epoch=185 qpc=1942105236096 seen=0
observer epoch=186 qpc=1942105246092 seen=0
observer epoch=187 qpc=1942105256092 seen=0
observer epoch=188 qpc=1942105266101 seen=0
observer epoch=189 qpc=1942105276098 seen=0
observer epoch=190 qpc=1942105286088 seen=0
observer epoch=191 qpc=1942105296092 seen=0
observer epoch=192 qpc=1942105306090 seen=0
observer epoch=193 qpc=1942105316095 seen=0
observer epoch=194 qpc=1942105326096 seen=0
observer epoch=195 qpc=1942105336096 seen=0
observer epoch=196 qpc=1942105346106 seen=0
observer epoch=197 qpc=1942105356096 seen=0
observer epoch=198 qpc=1942105366097 seen=0
observer epoch=199 qpc=1942105376105 seen=0
observer epoch=200 qpc=1942105386093 seen=0
observer epoch=201 qpc=1942105396088 seen=1
observer epoch=202 qpc=1942105406105 seen=1
observer epoch=203 qpc=1942105416090 seen=1
observer epoch=204 qpc=1942105426095 seen=1
observer epoch=205 qpc=1942105436098 seen=1
observer epoch=206 qpc=1942105446092 seen=1
observer epoch=207 qpc=1942105456101 seen=1
observer epoch=208 qpc=1942105466093 seen=1
observer epoch=209 qpc=1942105476101 seen=1
observer epoch=210 qpc=1942105486095 seen=1
observer epoch=211 qpc=1942105496093 seen=1
observer epoch=212 qpc=1942105506100 seen=1
observer epoch=213 qpc=1942105516092 seen=1
observer epoch=214 qpc=1942105526105 seen=1
observer epoch=215 qpc=1942105536099 seen=1
observer epoch=216 qpc=1942105546098 seen=1
observer epoch=217 qpc=1942105556099 seen=1
observer epoch=218 qpc=1942105566092 seen=1
observer epoch=219 qpc=1942105576090 seen=1
observer epoch=220 qpc=1942105586090 seen=1
observer epoch=221 qpc=1942105596092 seen=1
observer epoch=222 qpc=1942105606098 seen=1
observer epoch=223 qpc=1942105616091 seen=1
observer epoch=224 qpc=1942105626101 seen=1
observer epoch=225 qpc=1942105636092 seen=1
observer epoch=226 qpc=1942105646091 seen=1
observer epoch=227 qpc=1942105656100 seen=1
observer epoch=228 qpc=1942105666088 seen=1
observer epoch=229 qpc=1942105676095 seen=1
observer epoch=230 qpc=1942105686090 seen=1
observer epoch=231 qpc=1942105696097 seen=1
observer epoch=232 qpc=1942105706098 seen=1
observer epoch=233 qpc=1942105716103 seen=1
observer epoch=234 qpc=1942105726092 seen=1
observer epoch=235 qpc=1942105736094 seen=1
observer epoch=236 qpc=1942105746099 seen=1
observer epoch=237 qpc=1942105756102 seen=1
observer epoch=238 qpc=1942105766091 seen=1
observer epoch=239 qpc=1942105776107 seen=1
observer epoch=240 qpc=1942105786102 seen=1
observer epoch=241 qpc=1942105796097 seen=1
observer epoch=242 qpc=1942105806107 seen=1
observer epoch=243 qpc=1942105816089 seen=1
observer epoch=244 qpc=1942105826098 seen=1
observer epoch=245 qpc=1942105836089 seen=1
observer epoch=246 qpc=1942105846095 seen=1
observer epoch=247 qpc=1942105856094 seen=1
observer epoch=248 qpc=1942105883364 seen=1
observer epoch=249 qpc=1942105883369 seen=1
observer epoch=250 qpc=1942105886099 seen=1
observer epoch=251 qpc=1942105896093 seen=1
observer epoch=252 qpc=1942105906098 seen=1
observer epoch=253 qpc=1942105916099 seen=1
observer epoch=254 qpc=1942105926104 seen=1
observer epoch=255 qpc=1942105936106 seen=1
observer epoch=256 qpc=1942105946104 seen=1
observer epoch=257 qpc=1942105956094 seen=1
observer epoch=258 qpc=1942105966089 seen=1
observer epoch=259 qpc=1942105976089 seen=1
observer epoch=260 qpc=1942105986095 seen=1
observer epoch=261 qpc=1942105996089 seen=1
observer epoch=262 qpc=1942106006103 seen=1
observer epoch=263 qpc=1942106016091 seen=1
observer epoch=264 qpc=1942106026099 seen=1
observer epoch=265 qpc=1942106036094 seen=1
observer epoch=266 qpc=1942106046105 seen=1
observer epoch=267 qpc=1942106056092 seen=1
observer epoch=268 qpc=1942106066103 seen=1
observer epoch=269 qpc=1942106076099 seen=1
observer epoch=270 qpc=1942106086099 seen=1
observer epoch=271 qpc=1942106096100 seen=1
observer epoch=272 qpc=1942106106105 seen=1
observer epoch=273 qpc=1942106116090 seen=1
observer epoch=274 qpc=1942106126089 seen=1
observer epoch=275 qpc=1942106136088 seen=1
observer epoch=276 qpc=1942106146093 seen=1
observer epoch=277 qpc=1942106156110 seen=1
observer epoch=278 qpc=1942106166092 seen=1
observer epoch=279 qpc=1942106176091 seen=1
observer epoch=280 qpc=1942106186090 seen=1
observer epoch=281 qpc=1942106196092 seen=1
observer epoch=282 qpc=1942106206105 seen=1
observer epoch=283 qpc=1942106216098 seen=1
observer epoch=284 qpc=1942106226096 seen=1
observer epoch=285 qpc=1942106236100 seen=1
observer epoch=286 qpc=1942106246097 seen=1
observer epoch=287 qpc=1942106256101 seen=1
observer epoch=288 qpc=1942106266090 seen=1
observer epoch=289 qpc=1942106276105 seen=1
observer epoch=290 qpc=1942106286091 seen=1
observer epoch=291 qpc=1942106296096 seen=1
observer epoch=292 qpc=1942106306101 seen=1
observer epoch=293 qpc=1942106316095 seen=1
observer epoch=294 qpc=1942106326095 seen=1
observer epoch=295 qpc=1942106336108 seen=1
observer epoch=296 qpc=1942106346092 seen=1
observer epoch=297 qpc=1942106356100 seen=1
observer epoch=298 qpc=1942106366105 seen=1
observer epoch=299 qpc=1942106376095 seen=1
observer epoch=300 qpc=1942106388339 seen=1
observer epoch=301 qpc=1942106396096 seen=1
observer epoch=302 qpc=1942106406104 seen=1
observer epoch=303 qpc=1942106416102 seen=1
observer epoch=304 qpc=1942106426088 seen=1
observer epoch=305 qpc=1942106436094 seen=1
observer epoch=306 qpc=1942106446091 seen=1
observer epoch=307 qpc=1942106456091 seen=1
observer epoch=308 qpc=1942106466092 seen=1
observer epoch=309 qpc=1942106476094 seen=1
observer epoch=310 qpc=1942106486102 seen=1
observer epoch=311 qpc=1942106496105 seen=1
observer epoch=312 qpc=1942106506095 seen=1
observer epoch=313 qpc=1942106516103 seen=1
observer epoch=314 qpc=1942106526106 seen=1
observer epoch=315 qpc=1942106536097 seen=1
observer epoch=316 qpc=1942106546090 seen=1
observer epoch=317 qpc=1942106556097 seen=1
observer epoch=318 qpc=1942106566089 seen=1
observer epoch=319 qpc=1942106576088 seen=1
observer epoch=320 qpc=1942106586103 seen=1
observer epoch=321 qpc=1942106605058 seen=1
observer epoch=322 qpc=1942106606095 seen=1
observer epoch=323 qpc=1942106616099 seen=1
observer epoch=324 qpc=1942106626104 seen=1
observer epoch=325 qpc=1942106636096 seen=1
observer epoch=326 qpc=1942106646095 seen=1
observer epoch=327 qpc=1942106656091 seen=1
observer epoch=328 qpc=1942106666106 seen=1
observer epoch=329 qpc=1942106676096 seen=1
observer epoch=330 qpc=1942106686097 seen=1
observer epoch=331 qpc=1942106696093 seen=1
observer epoch=332 qpc=1942106706096 seen=1
observer epoch=333 qpc=1942106721844 seen=1
observer epoch=334 qpc=1942106726095 seen=1
observer epoch=335 qpc=1942106736105 seen=1
observer epoch=336 qpc=1942106746090 seen=1
observer epoch=337 qpc=1942106756091 seen=1
observer epoch=338 qpc=1942106766106 seen=1
observer epoch=339 qpc=1942106776090 seen=1
observer epoch=340 qpc=1942106786092 seen=1
observer epoch=341 qpc=1942106805572 seen=1
observer epoch=342 qpc=1942106821755 seen=1
observer epoch=343 qpc=1942106821759 seen=1
observer epoch=344 qpc=1942106835373 seen=1
observer epoch=345 qpc=1942106845698 seen=1
observer epoch=346 qpc=1942106846096 seen=1
observer epoch=347 qpc=1942106856101 seen=1
observer epoch=348 qpc=1942106866109 seen=1
observer epoch=349 qpc=1942106876093 seen=1
observer epoch=350 qpc=1942106886091 seen=1
observer epoch=351 qpc=1942106896098 seen=1
observer epoch=352 qpc=1942106906555 seen=1
observer epoch=353 qpc=1942106916095 seen=1
observer epoch=354 qpc=1942106926106 seen=1
observer epoch=355 qpc=1942106936094 seen=1
observer epoch=356 qpc=1942106946220 seen=1
observer epoch=357 qpc=1942106956101 seen=1
observer epoch=358 qpc=1942106967146 seen=1
observer epoch=359 qpc=1942106976096 seen=1
observer epoch=360 qpc=1942106986089 seen=1
observer epoch=361 qpc=1942106996964 seen=1
observer epoch=362 qpc=1942107006095 seen=1
observer epoch=363 qpc=1942107016095 seen=1
observer epoch=364 qpc=1942107030100 seen=1
observer epoch=365 qpc=1942107036103 seen=1
observer epoch=366 qpc=1942107046091 seen=1
observer epoch=367 qpc=1942107056105 seen=1
observer epoch=368 qpc=1942107066518 seen=1
observer epoch=369 qpc=1942107076420 seen=1
observer epoch=370 qpc=1942107100102 seen=1
observer epoch=371 qpc=1942107100106 seen=1
observer epoch=372 qpc=1942107129963 seen=1
observer epoch=373 qpc=1942107129969 seen=1
observer epoch=374 qpc=1942107129972 seen=1
observer epoch=375 qpc=1942107136092 seen=1
observer epoch=376 qpc=1942107146102 seen=1
observer epoch=377 qpc=1942107165592 seen=1
observer epoch=378 qpc=1942107166095 seen=1
observer epoch=379 qpc=1942107176094 seen=1
observer epoch=380 qpc=1942107186102 seen=1
observer epoch=381 qpc=1942107196372 seen=1
observer epoch=382 qpc=1942107227845 seen=1
observer epoch=383 qpc=1942107227852 seen=1
observer epoch=384 qpc=1942107227854 seen=1
observer epoch=385 qpc=1942107255314 seen=1
observer epoch=386 qpc=1942107255321 seen=1
observer epoch=387 qpc=1942107271594 seen=1
observer epoch=388 qpc=1942107271599 seen=1
observer epoch=389 qpc=1942107287931 seen=1
observer epoch=390 qpc=1942107287936 seen=1
observer epoch=391 qpc=1942107305691 seen=1
observer epoch=392 qpc=1942107360244 seen=1
observer epoch=393 qpc=1942107360254 seen=1
observer epoch=394 qpc=1942107360258 seen=1
observer epoch=395 qpc=1942107360260 seen=1
observer epoch=396 qpc=1942107360263 seen=1
observer epoch=397 qpc=1942107360266 seen=1
observer epoch=398 qpc=1942107392849 seen=1
observer epoch=399 qpc=1942107392854 seen=1
observer epoch=400 qpc=1942107392857 seen=1
observer epoch=401 qpc=1942107409385 seen=1
observer epoch=402 qpc=1942107409392 seen=1
observer epoch=403 qpc=1942107426224 seen=1
observer epoch=404 qpc=1942107426232 seen=1
observer epoch=405 qpc=1942107439736 seen=1
observer epoch=406 qpc=1942107470694 seen=1
observer epoch=407 qpc=1942107470701 seen=1
observer epoch=408 qpc=1942107470704 seen=1
observer epoch=409 qpc=1942107493832 seen=1
observer epoch=410 qpc=1942107493838 seen=1
observer epoch=411 qpc=1942107520429 seen=1
observer epoch=412 qpc=1942107520434 seen=1
observer epoch=413 qpc=1942107520436 seen=1
observer epoch=414 qpc=1942107530173 seen=1
observer epoch=415 qpc=1942107550178 seen=1
observer epoch=416 qpc=1942107550181 seen=1
observer epoch=417 qpc=1942107571756 seen=1
observer epoch=418 qpc=1942107571762 seen=1
observer epoch=419 qpc=1942107580192 seen=1
observer epoch=420 qpc=1942107588245 seen=1
observer epoch=421 qpc=1942107596096 seen=1
observer epoch=422 qpc=1942107606090 seen=1
observer epoch=423 qpc=1942107618102 seen=1
observer epoch=424 qpc=1942107626102 seen=1
observer epoch=425 qpc=1942107636097 seen=1
observer epoch=426 qpc=1942107646096 seen=1
observer epoch=427 qpc=1942107656097 seen=1
observer epoch=428 qpc=1942107666091 seen=1
observer epoch=429 qpc=1942107676098 seen=1
observer epoch=430 qpc=1942107686103 seen=1
observer epoch=431 qpc=1942107696104 seen=1
observer epoch=432 qpc=1942107706089 seen=1
observer epoch=433 qpc=1942107716105 seen=1
observer epoch=434 qpc=1942107726112 seen=1
observer epoch=435 qpc=1942107736091 seen=1
observer epoch=436 qpc=1942107746092 seen=1
observer epoch=437 qpc=1942107756097 seen=1
observer epoch=438 qpc=1942107766092 seen=1
observer epoch=439 qpc=1942107776105 seen=1
observer epoch=440 qpc=1942107797287 seen=1
observer epoch=441 qpc=1942107797292 seen=1
observer epoch=442 qpc=1942107821081 seen=1
observer epoch=443 qpc=1942107821087 seen=1
observer epoch=444 qpc=1942107843025 seen=1
observer epoch=445 qpc=1942107843034 seen=1
observer epoch=446 qpc=1942107859983 seen=1
observer epoch=447 qpc=1942107859988 seen=1
observer epoch=448 qpc=1942107876817 seen=1
observer epoch=449 qpc=1942107876825 seen=1
observer epoch=450 qpc=1942107897491 seen=1
observer epoch=451 qpc=1942107897500 seen=1
observer epoch=452 qpc=1942107913734 seen=1
observer epoch=453 qpc=1942107930096 seen=1
observer epoch=454 qpc=1942107930102 seen=1
observer epoch=455 qpc=1942107945414 seen=1
observer epoch=456 qpc=1942107966538 seen=1
observer epoch=457 qpc=1942107966542 seen=1
observer epoch=458 qpc=1942107966547 seen=1
observer epoch=459 qpc=1942107977453 seen=1
observer epoch=460 qpc=1942107995046 seen=1
observer epoch=461 qpc=1942107996252 seen=1
observer epoch=462 qpc=1942108010486 seen=1
observer epoch=463 qpc=1942108045600 seen=1
observer epoch=464 qpc=1942108045605 seen=1
observer epoch=465 qpc=1942108045607 seen=1
observer epoch=466 qpc=1942108067107 seen=1
observer epoch=467 qpc=1942108067111 seen=1
observer epoch=468 qpc=1942108067114 seen=1
observer epoch=469 qpc=1942108083438 seen=1
observer epoch=470 qpc=1942108103939 seen=1
observer epoch=471 qpc=1942108103943 seen=1
observer epoch=472 qpc=1942108122246 seen=1
observer epoch=473 qpc=1942108122251 seen=1
observer epoch=474 qpc=1942108150057 seen=1
observer epoch=475 qpc=1942108150065 seen=1
observer epoch=476 qpc=1942108150068 seen=1
observer epoch=477 qpc=1942108165614 seen=1
observer epoch=478 qpc=1942108166383 seen=1
observer epoch=479 qpc=1942108190463 seen=1
observer epoch=480 qpc=1942108190467 seen=1
observer epoch=481 qpc=1942108203467 seen=1
observer epoch=482 qpc=1942108213225 seen=1
observer epoch=483 qpc=1942108232544 seen=1
observer epoch=484 qpc=1942108232548 seen=1
observer epoch=485 qpc=1942108247638 seen=1
observer epoch=486 qpc=1942108247641 seen=1
observer epoch=487 qpc=1942108276178 seen=1
observer epoch=488 qpc=1942108276182 seen=1
observer epoch=489 qpc=1942108276185 seen=1
observer epoch=490 qpc=1942108288199 seen=1
observer epoch=491 qpc=1942108309179 seen=1
observer epoch=492 qpc=1942108309182 seen=1
observer epoch=493 qpc=1942108326581 seen=1
observer epoch=494 qpc=1942108326584 seen=1
observer epoch=495 qpc=1942108346081 seen=1
observer epoch=496 qpc=1942108347339 seen=1
observer epoch=497 qpc=1942108357807 seen=1
observer epoch=498 qpc=1942108368944 seen=1
observer epoch=499 qpc=1942108376471 seen=1
observer epoch=500 qpc=1942108387914 seen=1
observer epoch=501 qpc=1942108396256 seen=1
observer epoch=502 qpc=1942108406091 seen=1
observer epoch=503 qpc=1942108416365 seen=1
observer epoch=504 qpc=1942108430095 seen=1
observer epoch=505 qpc=1942108440099 seen=1
observer epoch=506 qpc=1942108446678 seen=1
observer epoch=507 qpc=1942108456306 seen=1
observer epoch=508 qpc=1942108466095 seen=1
observer epoch=509 qpc=1942108476516 seen=1
observer epoch=510 qpc=1942108486510 seen=1
observer epoch=511 qpc=1942108496306 seen=1
observer epoch=512 qpc=1942108508725 seen=1
observer epoch=513 qpc=1942108523198 seen=1
observer epoch=514 qpc=1942108526421 seen=1
observer epoch=515 qpc=1942108544343 seen=1
observer epoch=516 qpc=1942108547468 seen=1
observer epoch=517 qpc=1942108556762 seen=1
observer epoch=518 qpc=1942108573362 seen=1
observer epoch=519 qpc=1942108576587 seen=1
observer epoch=520 qpc=1942108586226 seen=1
observer epoch=521 qpc=1942108607697 seen=1
observer epoch=522 qpc=1942108607701 seen=1
observer epoch=523 qpc=1942108620114 seen=1
observer epoch=524 qpc=1942108630073 seen=1
observer epoch=525 qpc=1942108636659 seen=1
observer epoch=526 qpc=1942108646579 seen=1
observer epoch=527 qpc=1942108664727 seen=1
observer epoch=528 qpc=1942108666654 seen=1
observer epoch=529 qpc=1942108676164 seen=1
observer epoch=530 qpc=1942108687502 seen=1
observer epoch=531 qpc=1942108697091 seen=1
observer epoch=532 qpc=1942108706587 seen=1
observer epoch=533 qpc=1942108716223 seen=1
observer epoch=534 qpc=1942108726315 seen=1
observer epoch=535 qpc=1942108736346 seen=1
observer epoch=536 qpc=1942108749799 seen=1
observer epoch=537 qpc=1942108759488 seen=1
observer epoch=538 qpc=1942108768344 seen=1
observer epoch=539 qpc=1942108776104 seen=1
observer epoch=540 qpc=1942108787779 seen=1
observer epoch=541 qpc=1942108804371 seen=1
observer epoch=542 qpc=1942108806583 seen=1
observer epoch=543 qpc=1942108819894 seen=1
observer epoch=544 qpc=1942108828175 seen=1
observer epoch=545 qpc=1942108836117 seen=1
observer epoch=546 qpc=1942108849233 seen=1
observer epoch=547 qpc=1942108856255 seen=1
observer epoch=548 qpc=1942108866236 seen=1
observer epoch=549 qpc=1942108876248 seen=1
observer epoch=550 qpc=1942108886278 seen=1
observer epoch=551 qpc=1942108898709 seen=1
observer epoch=552 qpc=1942108906639 seen=1
observer epoch=553 qpc=1942108917928 seen=1
observer epoch=554 qpc=1942108926263 seen=1
observer epoch=555 qpc=1942108951265 seen=1
observer epoch=556 qpc=1942108951268 seen=1
observer epoch=557 qpc=1942108956575 seen=1
observer epoch=558 qpc=1942108966514 seen=1
observer epoch=559 qpc=1942108976388 seen=1
observer epoch=560 qpc=1942108990091 seen=1
observer epoch=561 qpc=1942108997481 seen=1
observer epoch=562 qpc=1942109016661 seen=1
observer epoch=563 qpc=1942109016665 seen=1
observer epoch=564 qpc=1942109030098 seen=1
observer epoch=565 qpc=1942109036551 seen=1
observer epoch=566 qpc=1942109048491 seen=1
observer epoch=567 qpc=1942109056130 seen=1
observer epoch=568 qpc=1942109066325 seen=1
observer epoch=569 qpc=1942109086054 seen=1
observer epoch=570 qpc=1942109086418 seen=1
observer epoch=571 qpc=1942109097544 seen=1
observer epoch=572 qpc=1942109121123 seen=1
observer epoch=573 qpc=1942109121127 seen=1
observer epoch=574 qpc=1942109126167 seen=1
observer epoch=575 qpc=1942109136471 seen=1
observer epoch=576 qpc=1942109146131 seen=1
observer epoch=577 qpc=1942109156115 seen=1
observer epoch=578 qpc=1942109167886 seen=1
observer epoch=579 qpc=1942109176878 seen=1
observer epoch=580 qpc=1942109189066 seen=1
observer epoch=581 qpc=1942109205075 seen=1
observer epoch=582 qpc=1942109207635 seen=1
observer epoch=583 qpc=1942109216974 seen=1
observer epoch=584 qpc=1942109226423 seen=1
observer epoch=585 qpc=1942109236651 seen=1
observer epoch=586 qpc=1942109247751 seen=1
observer epoch=587 qpc=1942109256213 seen=1
observer epoch=588 qpc=1942109267818 seen=1
observer epoch=589 qpc=1942109306543 seen=1
observer epoch=590 qpc=1942109306549 seen=1
observer epoch=591 qpc=1942109306552 seen=1
observer epoch=592 qpc=1942109306554 seen=1
observer epoch=593 qpc=1942109350266 seen=1
observer epoch=594 qpc=1942109350276 seen=1
observer epoch=595 qpc=1942109350278 seen=1
observer epoch=596 qpc=1942109350281 seen=1
observer epoch=597 qpc=1942109365608 seen=1
observer epoch=598 qpc=1942109383028 seen=1
observer epoch=599 qpc=1942109383032 seen=1
observer_summary first=201 published=1942105389559 start=1942103386087 frequency=10000000 phase_us=0
host loaded=C:\eos-private\Mss32.dll tid=340 frequency=10000000 arm=0 phase=0
start begin=1942103386110 end=1942103386284
serve epoch=1 begin=1942103887534 end=1942103887811
serve epoch=2 begin=1942104398800 end=1942104398925
serve epoch=3 begin=1942104897730 end=1942104898027
serve epoch=4 begin=1942105389292 end=1942105390331
serve epoch=5 begin=1942105895894 end=1942105896109
serve epoch=6 begin=1942106390506 end=1942106390785
serve epoch=7 begin=1942106898225 end=1942106898387
serve epoch=8 begin=1942107391248 end=1942107391491
serve epoch=9 begin=1942107902592 end=1942107902740
serve epoch=10 begin=1942108410616 end=1942108410858
serve epoch=11 begin=1942108892897 end=1942108893036
serve epoch=12 begin=1942109394884 end=1942109395122
serve epoch=13 begin=1942109891649 end=1942109891889
completion count=1 callback=1942105389558 callback_end=1942105389560 thread=340 sent=0 status=2 total=204 pos=204 worker=0 send_ok=1
