ALSA lib control.c:1575:(snd_ctl_open_noupdate) [error.control] Invalid CTL hw:0
ALSA lib control.c:1575:(snd_ctl_open_noupdate) [error.control] Invalid CTL hw:1
ALSA lib control.c:1575:(snd_ctl_open_noupdate) [error.control] Invalid CTL hw:0
ALSA lib control.c:1575:(snd_ctl_open_noupdate) [error.control] Invalid CTL hw:1
observer epoch=0 qpc=1942229896299 seen=0
observer epoch=1 qpc=1942229906292 seen=0
observer epoch=2 qpc=1942229916296 seen=0
observer epoch=3 qpc=1942229926295 seen=0
observer epoch=4 qpc=1942229936301 seen=0
observer epoch=5 qpc=1942229946302 seen=0
observer epoch=6 qpc=1942229956304 seen=0
observer epoch=7 qpc=1942229966294 seen=0
observer epoch=8 qpc=1942229976295 seen=0
observer epoch=9 qpc=1942229986297 seen=0
observer epoch=10 qpc=1942229996293 seen=0
observer epoch=11 qpc=1942230006294 seen=0
observer epoch=12 qpc=1942230016299 seen=0
observer epoch=13 qpc=1942230026304 seen=0
observer epoch=14 qpc=1942230036293 seen=0
observer epoch=15 qpc=1942230046294 seen=0
observer epoch=16 qpc=1942230056298 seen=0
observer epoch=17 qpc=1942230066301 seen=0
observer epoch=18 qpc=1942230076304 seen=0
observer epoch=19 qpc=1942230086304 seen=0
observer epoch=20 qpc=1942230096301 seen=0
observer epoch=21 qpc=1942230106296 seen=0
observer epoch=22 qpc=1942230116297 seen=0
observer epoch=23 qpc=1942230126293 seen=0
observer epoch=24 qpc=1942230136296 seen=0
observer epoch=25 qpc=1942230146300 seen=0
observer epoch=26 qpc=1942230156292 seen=0
observer epoch=27 qpc=1942230166300 seen=0
observer epoch=28 qpc=1942230176300 seen=0
observer epoch=29 qpc=1942230186309 seen=0
observer epoch=30 qpc=1942230196298 seen=0
observer epoch=31 qpc=1942230206300 seen=0
observer epoch=32 qpc=1942230216299 seen=0
observer epoch=33 qpc=1942230226293 seen=0
observer epoch=34 qpc=1942230236294 seen=0
observer epoch=35 qpc=1942230246302 seen=0
observer epoch=36 qpc=1942230256299 seen=0
observer epoch=37 qpc=1942230266306 seen=0
observer epoch=38 qpc=1942230276308 seen=0
observer epoch=39 qpc=1942230286310 seen=0
observer epoch=40 qpc=1942230296293 seen=0
observer epoch=41 qpc=1942230306300 seen=0
observer epoch=42 qpc=1942230316296 seen=0
observer epoch=43 qpc=1942230326295 seen=0
observer epoch=44 qpc=1942230336294 seen=0
observer epoch=45 qpc=1942230346294 seen=0
observer epoch=46 qpc=1942230356293 seen=0
observer epoch=47 qpc=1942230366294 seen=0
observer epoch=48 qpc=1942230376304 seen=0
observer epoch=49 qpc=1942230386294 seen=0
observer epoch=50 qpc=1942230396294 seen=0
observer epoch=51 qpc=1942230406301 seen=0
observer epoch=52 qpc=1942230416302 seen=0
observer epoch=53 qpc=1942230426292 seen=0
observer epoch=54 qpc=1942230436303 seen=0
observer epoch=55 qpc=1942230446305 seen=0
observer epoch=56 qpc=1942230456295 seen=0
observer epoch=57 qpc=1942230466301 seen=0
observer epoch=58 qpc=1942230476303 seen=0
observer epoch=59 qpc=1942230486300 seen=0
observer epoch=60 qpc=1942230496302 seen=0
observer epoch=61 qpc=1942230506299 seen=0
observer epoch=62 qpc=1942230516299 seen=0
observer epoch=63 qpc=1942230526300 seen=0
observer epoch=64 qpc=1942230536302 seen=0
observer epoch=65 qpc=1942230546292 seen=0
observer epoch=66 qpc=1942230556292 seen=0
observer epoch=67 qpc=1942230566304 seen=0
observer epoch=68 qpc=1942230576304 seen=0
observer epoch=69 qpc=1942230586293 seen=0
observer epoch=70 qpc=1942230596295 seen=0
observer epoch=71 qpc=1942230606293 seen=0
observer epoch=72 qpc=1942230616302 seen=0
observer epoch=73 qpc=1942230626302 seen=0
observer epoch=74 qpc=1942230636301 seen=0
observer epoch=75 qpc=1942230646301 seen=0
observer epoch=76 qpc=1942230656303 seen=0
observer epoch=77 qpc=1942230666292 seen=0
observer epoch=78 qpc=1942230676298 seen=0
observer epoch=79 qpc=1942230686305 seen=0
observer epoch=80 qpc=1942230696297 seen=0
observer epoch=81 qpc=1942230706299 seen=0
observer epoch=82 qpc=1942230716298 seen=0
observer epoch=83 qpc=1942230726293 seen=0
observer epoch=84 qpc=1942230736301 seen=0
observer epoch=85 qpc=1942230746300 seen=0
observer epoch=86 qpc=1942230756295 seen=0
observer epoch=87 qpc=1942230766292 seen=0
observer epoch=88 qpc=1942230776296 seen=0
observer epoch=89 qpc=1942230786302 seen=0
observer epoch=90 qpc=1942230796304 seen=0
observer epoch=91 qpc=1942230806302 seen=0
observer epoch=92 qpc=1942230816298 seen=0
observer epoch=93 qpc=1942230826292 seen=0
observer epoch=94 qpc=1942230836305 seen=0
observer epoch=95 qpc=1942230846299 seen=0
observer epoch=96 qpc=1942230856303 seen=0
observer epoch=97 qpc=1942230866295 seen=0
observer epoch=98 qpc=1942230876293 seen=0
observer epoch=99 qpc=1942230886301 seen=0
observer epoch=100 qpc=1942230896300 seen=0
observer epoch=101 qpc=1942230906298 seen=0
observer epoch=102 qpc=1942230916304 seen=0
observer epoch=103 qpc=1942230926302 seen=0
observer epoch=104 qpc=1942230936294 seen=0
observer epoch=105 qpc=1942230946299 seen=0
observer epoch=106 qpc=1942230956294 seen=0
observer epoch=107 qpc=1942230966303 seen=0
observer epoch=108 qpc=1942230976296 seen=0
observer epoch=109 qpc=1942230986296 seen=0
observer epoch=110 qpc=1942230996295 seen=0
observer epoch=111 qpc=1942231006293 seen=0
observer epoch=112 qpc=1942231016298 seen=0
observer epoch=113 qpc=1942231026293 seen=0
observer epoch=114 qpc=1942231036305 seen=0
observer epoch=115 qpc=1942231046296 seen=0
observer epoch=116 qpc=1942231056297 seen=0
observer epoch=117 qpc=1942231066302 seen=0
observer epoch=118 qpc=1942231076302 seen=0
observer epoch=119 qpc=1942231086293 seen=0
observer epoch=120 qpc=1942231096302 seen=0
observer epoch=121 qpc=1942231106303 seen=0
observer epoch=122 qpc=1942231116302 seen=0
observer epoch=123 qpc=1942231126312 seen=0
observer epoch=124 qpc=1942231136300 seen=0
observer epoch=125 qpc=1942231146300 seen=0
observer epoch=126 qpc=1942231156292 seen=0
observer epoch=127 qpc=1942231166304 seen=0
observer epoch=128 qpc=1942231176300 seen=0
observer epoch=129 qpc=1942231186297 seen=0
observer epoch=130 qpc=1942231196303 seen=0
observer epoch=131 qpc=1942231206297 seen=0
observer epoch=132 qpc=1942231216303 seen=0
observer epoch=133 qpc=1942231226298 seen=0
observer epoch=134 qpc=1942231236294 seen=0
observer epoch=135 qpc=1942231246296 seen=0
observer epoch=136 qpc=1942231256310 seen=0
observer epoch=137 qpc=1942231266294 seen=0
observer epoch=138 qpc=1942231276293 seen=0
observer epoch=139 qpc=1942231286300 seen=0
observer epoch=140 qpc=1942231296304 seen=0
observer epoch=141 qpc=1942231306297 seen=0
observer epoch=142 qpc=1942231316300 seen=0
observer epoch=143 qpc=1942231326295 seen=0
observer epoch=144 qpc=1942231336300 seen=0
observer epoch=145 qpc=1942231346293 seen=0
observer epoch=146 qpc=1942231356301 seen=0
observer epoch=147 qpc=1942231366295 seen=0
observer epoch=148 qpc=1942231376299 seen=0
observer epoch=149 qpc=1942231386303 seen=0
observer epoch=150 qpc=1942231396295 seen=0
observer epoch=151 qpc=1942231406295 seen=0
observer epoch=152 qpc=1942231416300 seen=0
observer epoch=153 qpc=1942231426298 seen=0
observer epoch=154 qpc=1942231436299 seen=0
observer epoch=155 qpc=1942231446302 seen=0
observer epoch=156 qpc=1942231456293 seen=0
observer epoch=157 qpc=1942231466297 seen=0
observer epoch=158 qpc=1942231476295 seen=0
observer epoch=159 qpc=1942231486295 seen=0
observer epoch=160 qpc=1942231496296 seen=0
observer epoch=161 qpc=1942231506292 seen=0
observer epoch=162 qpc=1942231516298 seen=0
observer epoch=163 qpc=1942231526295 seen=0
observer epoch=164 qpc=1942231536296 seen=0
observer epoch=165 qpc=1942231546294 seen=0
observer epoch=166 qpc=1942231556304 seen=0
observer epoch=167 qpc=1942231566299 seen=0
observer epoch=168 qpc=1942231576297 seen=0
observer epoch=169 qpc=1942231586301 seen=0
observer epoch=170 qpc=1942231596296 seen=0
observer epoch=171 qpc=1942231606297 seen=0
observer epoch=172 qpc=1942231616295 seen=0
observer epoch=173 qpc=1942231626301 seen=0
observer epoch=174 qpc=1942231636303 seen=0
observer epoch=175 qpc=1942231646303 seen=0
observer epoch=176 qpc=1942231656294 seen=0
observer epoch=177 qpc=1942231666305 seen=0
observer epoch=178 qpc=1942231676300 seen=0
observer epoch=179 qpc=1942231686301 seen=0
observer epoch=180 qpc=1942231696304 seen=0
observer epoch=181 qpc=1942231706295 seen=0
observer epoch=182 qpc=1942231716293 seen=0
observer epoch=183 qpc=1942231726295 seen=0
observer epoch=184 qpc=1942231736294 seen=0
observer epoch=185 qpc=1942231746295 seen=0
observer epoch=186 qpc=1942231756303 seen=0
observer epoch=187 qpc=1942231766293 seen=0
observer epoch=188 qpc=1942231776294 seen=0
observer epoch=189 qpc=1942231786294 seen=0
observer epoch=190 qpc=1942231796298 seen=0
observer epoch=191 qpc=1942231806302 seen=0
observer epoch=192 qpc=1942231816300 seen=0
observer epoch=193 qpc=1942231826295 seen=0
observer epoch=194 qpc=1942231836297 seen=0
observer epoch=195 qpc=1942231846299 seen=0
observer epoch=196 qpc=1942231856300 seen=0
observer epoch=197 qpc=1942231866294 seen=0
observer epoch=198 qpc=1942231876297 seen=0
observer epoch=199 qpc=1942231886297 seen=0
observer epoch=200 qpc=1942231896294 seen=0
observer epoch=201 qpc=1942231906303 seen=0
observer epoch=202 qpc=1942231916292 seen=0
observer epoch=203 qpc=1942231926297 seen=0
observer epoch=204 qpc=1942231936295 seen=0
observer epoch=205 qpc=1942231946303 seen=0
observer epoch=206 qpc=1942231956292 seen=0
observer epoch=207 qpc=1942231966296 seen=0
observer epoch=208 qpc=1942231976294 seen=0
observer epoch=209 qpc=1942231986301 seen=0
observer epoch=210 qpc=1942231996296 seen=0
observer epoch=211 qpc=1942232006301 seen=0
observer epoch=212 qpc=1942232016295 seen=0
observer epoch=213 qpc=1942232026302 seen=0
observer epoch=214 qpc=1942232036292 seen=0
observer epoch=215 qpc=1942232046292 seen=0
observer epoch=216 qpc=1942232056299 seen=0
observer epoch=217 qpc=1942232066297 seen=0
observer epoch=218 qpc=1942232076303 seen=0
observer epoch=219 qpc=1942232086301 seen=0
observer epoch=220 qpc=1942232096295 seen=0
observer epoch=221 qpc=1942232106296 seen=0
observer epoch=222 qpc=1942232116304 seen=0
observer epoch=223 qpc=1942232126294 seen=0
observer epoch=224 qpc=1942232136302 seen=0
observer epoch=225 qpc=1942232146294 seen=0
observer epoch=226 qpc=1942232156299 seen=0
observer epoch=227 qpc=1942232166303 seen=0
observer epoch=228 qpc=1942232176292 seen=0
observer epoch=229 qpc=1942232186294 seen=0
observer epoch=230 qpc=1942232196300 seen=0
observer epoch=231 qpc=1942232206293 seen=0
observer epoch=232 qpc=1942232216297 seen=0
observer epoch=233 qpc=1942232226295 seen=0
observer epoch=234 qpc=1942232236298 seen=0
observer epoch=235 qpc=1942232246292 seen=0
observer epoch=236 qpc=1942232256297 seen=0
observer epoch=237 qpc=1942232266292 seen=0
observer epoch=238 qpc=1942232276297 seen=0
observer epoch=239 qpc=1942232286293 seen=0
observer epoch=240 qpc=1942232296304 seen=0
observer epoch=241 qpc=1942232306302 seen=0
observer epoch=242 qpc=1942232316293 seen=0
observer epoch=243 qpc=1942232326303 seen=0
observer epoch=244 qpc=1942232336299 seen=0
observer epoch=245 qpc=1942232346298 seen=0
observer epoch=246 qpc=1942232356298 seen=0
observer epoch=247 qpc=1942232366292 seen=0
observer epoch=248 qpc=1942232376304 seen=0
observer epoch=249 qpc=1942232386303 seen=0
observer epoch=250 qpc=1942232396292 seen=0
observer epoch=251 qpc=1942232406299 seen=0
observer epoch=252 qpc=1942232416297 seen=0
observer epoch=253 qpc=1942232426303 seen=0
observer epoch=254 qpc=1942232436304 seen=0
observer epoch=255 qpc=1942232446292 seen=0
observer epoch=256 qpc=1942232456292 seen=0
observer epoch=257 qpc=1942232466296 seen=0
observer epoch=258 qpc=1942232476299 seen=0
observer epoch=259 qpc=1942232486297 seen=0
observer epoch=260 qpc=1942232496302 seen=1
observer epoch=261 qpc=1942232506298 seen=1
observer epoch=262 qpc=1942232516294 seen=1
observer epoch=263 qpc=1942232526296 seen=1
observer epoch=264 qpc=1942232536297 seen=1
observer epoch=265 qpc=1942232546301 seen=1
observer epoch=266 qpc=1942232556297 seen=1
observer epoch=267 qpc=1942232566304 seen=1
observer epoch=268 qpc=1942232576303 seen=1
observer epoch=269 qpc=1942232586300 seen=1
observer epoch=270 qpc=1942232596299 seen=1
observer epoch=271 qpc=1942232606296 seen=1
observer epoch=272 qpc=1942232616300 seen=1
observer epoch=273 qpc=1942232626302 seen=1
observer epoch=274 qpc=1942232636295 seen=1
observer epoch=275 qpc=1942232646297 seen=1
observer epoch=276 qpc=1942232656301 seen=1
observer epoch=277 qpc=1942232666302 seen=1
observer epoch=278 qpc=1942232676304 seen=1
observer epoch=279 qpc=1942232686302 seen=1
observer epoch=280 qpc=1942232696302 seen=1
observer epoch=281 qpc=1942232706301 seen=1
observer epoch=282 qpc=1942232716303 seen=1
observer epoch=283 qpc=1942232726292 seen=1
observer epoch=284 qpc=1942232736297 seen=1
observer epoch=285 qpc=1942232746298 seen=1
observer epoch=286 qpc=1942232756301 seen=1
observer epoch=287 qpc=1942232766303 seen=1
observer epoch=288 qpc=1942232776303 seen=1
observer epoch=289 qpc=1942232786293 seen=1
observer epoch=290 qpc=1942232796293 seen=1
observer epoch=291 qpc=1942232806302 seen=1
observer epoch=292 qpc=1942232816305 seen=1
observer epoch=293 qpc=1942232826305 seen=1
observer epoch=294 qpc=1942232836299 seen=1
observer epoch=295 qpc=1942232846304 seen=1
observer epoch=296 qpc=1942232856298 seen=1
observer epoch=297 qpc=1942232866302 seen=1
observer epoch=298 qpc=1942232876294 seen=1
observer epoch=299 qpc=1942232886338 seen=1
observer epoch=300 qpc=1942232896300 seen=1
observer epoch=301 qpc=1942232906296 seen=1
observer epoch=302 qpc=1942232916292 seen=1
observer epoch=303 qpc=1942232926298 seen=1
observer epoch=304 qpc=1942232936292 seen=1
observer epoch=305 qpc=1942232946293 seen=1
observer epoch=306 qpc=1942232956294 seen=1
observer epoch=307 qpc=1942232966306 seen=1
observer epoch=308 qpc=1942232976294 seen=1
observer epoch=309 qpc=1942232986302 seen=1
observer epoch=310 qpc=1942232996298 seen=1
observer epoch=311 qpc=1942233006319 seen=1
observer epoch=312 qpc=1942233016299 seen=1
observer epoch=313 qpc=1942233026296 seen=1
observer epoch=314 qpc=1942233036292 seen=1
observer epoch=315 qpc=1942233046296 seen=1
observer epoch=316 qpc=1942233056298 seen=1
observer epoch=317 qpc=1942233066296 seen=1
observer epoch=318 qpc=1942233076302 seen=1
observer epoch=319 qpc=1942233086300 seen=1
observer epoch=320 qpc=1942233096299 seen=1
observer epoch=321 qpc=1942233106295 seen=1
observer epoch=322 qpc=1942233116295 seen=1
observer epoch=323 qpc=1942233126304 seen=1
observer epoch=324 qpc=1942233136305 seen=1
observer epoch=325 qpc=1942233146295 seen=1
observer epoch=326 qpc=1942233156294 seen=1
observer epoch=327 qpc=1942233166298 seen=1
observer epoch=328 qpc=1942233176304 seen=1
observer epoch=329 qpc=1942233186297 seen=1
observer epoch=330 qpc=1942233196295 seen=1
observer epoch=331 qpc=1942233206301 seen=1
observer epoch=332 qpc=1942233216296 seen=1
observer epoch=333 qpc=1942233226300 seen=1
observer epoch=334 qpc=1942233236305 seen=1
observer epoch=335 qpc=1942233246297 seen=1
observer epoch=336 qpc=1942233256296 seen=1
observer epoch=337 qpc=1942233266305 seen=1
observer epoch=338 qpc=1942233276302 seen=1
observer epoch=339 qpc=1942233286304 seen=1
observer epoch=340 qpc=1942233296292 seen=1
observer epoch=341 qpc=1942233306301 seen=1
observer epoch=342 qpc=1942233316295 seen=1
observer epoch=343 qpc=1942233326293 seen=1
observer epoch=344 qpc=1942233336296 seen=1
observer epoch=345 qpc=1942233346314 seen=1
observer epoch=346 qpc=1942233356293 seen=1
observer epoch=347 qpc=1942233366331 seen=1
observer epoch=348 qpc=1942233376304 seen=1
observer epoch=349 qpc=1942233386303 seen=1
observer epoch=350 qpc=1942233396299 seen=1
observer epoch=351 qpc=1942233406293 seen=1
observer epoch=352 qpc=1942233416296 seen=1
observer epoch=353 qpc=1942233426300 seen=1
observer epoch=354 qpc=1942233436299 seen=1
observer epoch=355 qpc=1942233446305 seen=1
observer epoch=356 qpc=1942233456305 seen=1
observer epoch=357 qpc=1942233466300 seen=1
observer epoch=358 qpc=1942233476305 seen=1
observer epoch=359 qpc=1942233486295 seen=1
observer epoch=360 qpc=1942233496293 seen=1
observer epoch=361 qpc=1942233506301 seen=1
observer epoch=362 qpc=1942233516294 seen=1
observer epoch=363 qpc=1942233526304 seen=1
observer epoch=364 qpc=1942233536302 seen=1
observer epoch=365 qpc=1942233546296 seen=1
observer epoch=366 qpc=1942233556304 seen=1
observer epoch=367 qpc=1942233566294 seen=1
observer epoch=368 qpc=1942233576292 seen=1
observer epoch=369 qpc=1942233586299 seen=1
observer epoch=370 qpc=1942233596301 seen=1
observer epoch=371 qpc=1942233606297 seen=1
observer epoch=372 qpc=1942233616295 seen=1
observer epoch=373 qpc=1942233626295 seen=1
observer epoch=374 qpc=1942233636295 seen=1
observer epoch=375 qpc=1942233646304 seen=1
observer epoch=376 qpc=1942233656295 seen=1
observer epoch=377 qpc=1942233666294 seen=1
observer epoch=378 qpc=1942233676294 seen=1
observer epoch=379 qpc=1942233686301 seen=1
observer epoch=380 qpc=1942233696295 seen=1
observer epoch=381 qpc=1942233706302 seen=1
observer epoch=382 qpc=1942233716302 seen=1
observer epoch=383 qpc=1942233726299 seen=1
observer epoch=384 qpc=1942233736302 seen=1
observer epoch=385 qpc=1942233746301 seen=1
observer epoch=386 qpc=1942233756297 seen=1
observer epoch=387 qpc=1942233766294 seen=1
observer epoch=388 qpc=1942233776301 seen=1
observer epoch=389 qpc=1942233786292 seen=1
observer epoch=390 qpc=1942233796297 seen=1
observer epoch=391 qpc=1942233806295 seen=1
observer epoch=392 qpc=1942233816304 seen=1
observer epoch=393 qpc=1942233826298 seen=1
observer epoch=394 qpc=1942233836301 seen=1
observer epoch=395 qpc=1942233846295 seen=1
observer epoch=396 qpc=1942233856304 seen=1
observer epoch=397 qpc=1942233866299 seen=1
observer epoch=398 qpc=1942233876300 seen=1
observer epoch=399 qpc=1942233886303 seen=1
observer epoch=400 qpc=1942233896299 seen=1
observer epoch=401 qpc=1942233906297 seen=1
observer epoch=402 qpc=1942233916302 seen=1
observer epoch=403 qpc=1942233926300 seen=1
observer epoch=404 qpc=1942233936302 seen=1
observer epoch=405 qpc=1942233946298 seen=1
observer epoch=406 qpc=1942233956302 seen=1
observer epoch=407 qpc=1942233966295 seen=1
observer epoch=408 qpc=1942233976302 seen=1
observer epoch=409 qpc=1942233986300 seen=1
observer epoch=410 qpc=1942233996297 seen=1
observer epoch=411 qpc=1942234006296 seen=1
observer epoch=412 qpc=1942234016298 seen=1
observer epoch=413 qpc=1942234026295 seen=1
observer epoch=414 qpc=1942234036302 seen=1
observer epoch=415 qpc=1942234046301 seen=1
observer epoch=416 qpc=1942234056295 seen=1
observer epoch=417 qpc=1942234066300 seen=1
observer epoch=418 qpc=1942234076300 seen=1
observer epoch=419 qpc=1942234086301 seen=1
observer epoch=420 qpc=1942234096298 seen=1
observer epoch=421 qpc=1942234106297 seen=1
observer epoch=422 qpc=1942234116300 seen=1
observer epoch=423 qpc=1942234126303 seen=1
observer epoch=424 qpc=1942234136299 seen=1
observer epoch=425 qpc=1942234146294 seen=1
observer epoch=426 qpc=1942234156305 seen=1
observer epoch=427 qpc=1942234166297 seen=1
observer epoch=428 qpc=1942234176297 seen=1
observer epoch=429 qpc=1942234186293 seen=1
observer epoch=430 qpc=1942234196301 seen=1
observer epoch=431 qpc=1942234206295 seen=1
observer epoch=432 qpc=1942234216301 seen=1
observer epoch=433 qpc=1942234226303 seen=1
observer epoch=434 qpc=1942234236292 seen=1
observer epoch=435 qpc=1942234246299 seen=1
observer epoch=436 qpc=1942234256303 seen=1
observer epoch=437 qpc=1942234266300 seen=1
observer epoch=438 qpc=1942234276294 seen=1
observer epoch=439 qpc=1942234286292 seen=1
observer epoch=440 qpc=1942234296299 seen=1
observer epoch=441 qpc=1942234306294 seen=1
observer epoch=442 qpc=1942234316303 seen=1
observer epoch=443 qpc=1942234326304 seen=1
observer epoch=444 qpc=1942234336292 seen=1
observer epoch=445 qpc=1942234346305 seen=1
observer epoch=446 qpc=1942234356301 seen=1
observer epoch=447 qpc=1942234366293 seen=1
observer epoch=448 qpc=1942234376294 seen=1
observer epoch=449 qpc=1942234386296 seen=1
observer epoch=450 qpc=1942234396298 seen=1
observer epoch=451 qpc=1942234406294 seen=1
observer epoch=452 qpc=1942234416301 seen=1
observer epoch=453 qpc=1942234426303 seen=1
observer epoch=454 qpc=1942234436300 seen=1
observer epoch=455 qpc=1942234446300 seen=1
observer epoch=456 qpc=1942234456295 seen=1
observer epoch=457 qpc=1942234466296 seen=1
observer epoch=458 qpc=1942234476298 seen=1
observer epoch=459 qpc=1942234486301 seen=1
observer epoch=460 qpc=1942234496302 seen=1
observer epoch=461 qpc=1942234506299 seen=1
observer epoch=462 qpc=1942234516299 seen=1
observer epoch=463 qpc=1942234526293 seen=1
observer epoch=464 qpc=1942234536297 seen=1
observer epoch=465 qpc=1942234546301 seen=1
observer epoch=466 qpc=1942234556301 seen=1
observer epoch=467 qpc=1942234566294 seen=1
observer epoch=468 qpc=1942234576302 seen=1
observer epoch=469 qpc=1942234586299 seen=1
observer epoch=470 qpc=1942234596301 seen=1
observer epoch=471 qpc=1942234606295 seen=1
observer epoch=472 qpc=1942234616297 seen=1
observer epoch=473 qpc=1942234626293 seen=1
observer epoch=474 qpc=1942234636389 seen=1
observer epoch=475 qpc=1942234646294 seen=1
observer epoch=476 qpc=1942234656293 seen=1
observer epoch=477 qpc=1942234666299 seen=1
observer epoch=478 qpc=1942234676302 seen=1
observer epoch=479 qpc=1942234686298 seen=1
observer epoch=480 qpc=1942234696294 seen=1
observer epoch=481 qpc=1942234706297 seen=1
observer epoch=482 qpc=1942234716305 seen=1
observer epoch=483 qpc=1942234726301 seen=1
observer epoch=484 qpc=1942234736296 seen=1
observer epoch=485 qpc=1942234746297 seen=1
observer epoch=486 qpc=1942234756295 seen=1
observer epoch=487 qpc=1942234766301 seen=1
observer epoch=488 qpc=1942234776305 seen=1
observer epoch=489 qpc=1942234786303 seen=1
observer epoch=490 qpc=1942234796302 seen=1
observer epoch=491 qpc=1942234806292 seen=1
observer epoch=492 qpc=1942234816295 seen=1
observer epoch=493 qpc=1942234826293 seen=1
observer epoch=494 qpc=1942234836297 seen=1
observer epoch=495 qpc=1942234846297 seen=1
observer epoch=496 qpc=1942234856296 seen=1
observer epoch=497 qpc=1942234866300 seen=1
observer epoch=498 qpc=1942234876297 seen=1
observer epoch=499 qpc=1942234886302 seen=1
observer epoch=500 qpc=1942234896294 seen=1
observer epoch=501 qpc=1942234906302 seen=1
observer epoch=502 qpc=1942234916299 seen=1
observer epoch=503 qpc=1942234926301 seen=1
observer epoch=504 qpc=1942234936294 seen=1
observer epoch=505 qpc=1942234946295 seen=1
observer epoch=506 qpc=1942234956293 seen=1
observer epoch=507 qpc=1942234966302 seen=1
observer epoch=508 qpc=1942234976294 seen=1
observer epoch=509 qpc=1942234986302 seen=1
observer epoch=510 qpc=1942234996295 seen=1
observer epoch=511 qpc=1942235006304 seen=1
observer epoch=512 qpc=1942235016298 seen=1
observer epoch=513 qpc=1942235026294 seen=1
observer epoch=514 qpc=1942235036299 seen=1
observer epoch=515 qpc=1942235046305 seen=1
observer epoch=516 qpc=1942235056296 seen=1
observer epoch=517 qpc=1942235066301 seen=1
observer epoch=518 qpc=1942235076301 seen=1
observer epoch=519 qpc=1942235086295 seen=1
observer epoch=520 qpc=1942235096298 seen=1
observer epoch=521 qpc=1942235106302 seen=1
observer epoch=522 qpc=1942235116304 seen=1
observer epoch=523 qpc=1942235126299 seen=1
observer epoch=524 qpc=1942235136301 seen=1
observer epoch=525 qpc=1942235146303 seen=1
observer epoch=526 qpc=1942235156300 seen=1
observer epoch=527 qpc=1942235166301 seen=1
observer epoch=528 qpc=1942235176295 seen=1
observer epoch=529 qpc=1942235186296 seen=1
observer epoch=530 qpc=1942235196294 seen=1
observer epoch=531 qpc=1942235206294 seen=1
observer epoch=532 qpc=1942235216302 seen=1
observer epoch=533 qpc=1942235226304 seen=1
observer epoch=534 qpc=1942235236295 seen=1
observer epoch=535 qpc=1942235246297 seen=1
observer epoch=536 qpc=1942235256292 seen=1
observer epoch=537 qpc=1942235266305 seen=1
observer epoch=538 qpc=1942235276295 seen=1
observer epoch=539 qpc=1942235286301 seen=1
observer epoch=540 qpc=1942235296300 seen=1
observer epoch=541 qpc=1942235306297 seen=1
observer epoch=542 qpc=1942235316304 seen=1
observer epoch=543 qpc=1942235326294 seen=1
observer epoch=544 qpc=1942235336294 seen=1
observer epoch=545 qpc=1942235346301 seen=1
observer epoch=546 qpc=1942235356295 seen=1
observer epoch=547 qpc=1942235366300 seen=1
observer epoch=548 qpc=1942235376292 seen=1
observer epoch=549 qpc=1942235386292 seen=1
observer epoch=550 qpc=1942235396303 seen=1
observer epoch=551 qpc=1942235406297 seen=1
observer epoch=552 qpc=1942235416300 seen=1
observer epoch=553 qpc=1942235426300 seen=1
observer epoch=554 qpc=1942235436300 seen=1
observer epoch=555 qpc=1942235446294 seen=1
observer epoch=556 qpc=1942235456299 seen=1
observer epoch=557 qpc=1942235466296 seen=1
observer epoch=558 qpc=1942235476304 seen=1
observer epoch=559 qpc=1942235486292 seen=1
observer epoch=560 qpc=1942235496301 seen=1
observer epoch=561 qpc=1942235506295 seen=1
observer epoch=562 qpc=1942235516295 seen=1
observer epoch=563 qpc=1942235526298 seen=1
observer epoch=564 qpc=1942235536304 seen=1
observer epoch=565 qpc=1942235546294 seen=1
observer epoch=566 qpc=1942235556300 seen=1
observer epoch=567 qpc=1942235566304 seen=1
observer epoch=568 qpc=1942235576302 seen=1
observer epoch=569 qpc=1942235586301 seen=1
observer epoch=570 qpc=1942235596294 seen=1
observer epoch=571 qpc=1942235606301 seen=1
observer epoch=572 qpc=1942235616294 seen=1
observer epoch=573 qpc=1942235626293 seen=1
observer epoch=574 qpc=1942235636295 seen=1
observer epoch=575 qpc=1942235646292 seen=1
observer epoch=576 qpc=1942235656293 seen=1
observer epoch=577 qpc=1942235666303 seen=1
observer epoch=578 qpc=1942235676301 seen=1
observer epoch=579 qpc=1942235686300 seen=1
observer epoch=580 qpc=1942235696297 seen=1
observer epoch=581 qpc=1942235706300 seen=1
observer epoch=582 qpc=1942235716298 seen=1
observer epoch=583 qpc=1942235726300 seen=1
observer epoch=584 qpc=1942235736301 seen=1
observer epoch=585 qpc=1942235746303 seen=1
observer epoch=586 qpc=1942235756296 seen=1
observer epoch=587 qpc=1942235766301 seen=1
observer epoch=588 qpc=1942235776303 seen=1
observer epoch=589 qpc=1942235786293 seen=1
observer epoch=590 qpc=1942235796294 seen=1
observer epoch=591 qpc=1942235806293 seen=1
observer epoch=592 qpc=1942235816298 seen=1
observer epoch=593 qpc=1942235826296 seen=1
observer epoch=594 qpc=1942235836302 seen=1
observer epoch=595 qpc=1942235846292 seen=1
observer epoch=596 qpc=1942235856304 seen=1
observer epoch=597 qpc=1942235866295 seen=1
observer epoch=598 qpc=1942235876298 seen=1
observer epoch=599 qpc=1942235886297 seen=1
observer_summary first=260 published=1942232494847 start=1942229891291 frequency=10000000 phase_us=500
host loaded=C:\eos-private\Mss32.dll tid=928 frequency=10000000 arm=0 phase=500
start begin=1942229891300 end=1942229891389
serve epoch=1 begin=1942230399113 end=1942230399240
serve epoch=2 begin=1942230895456 end=1942230895608
serve epoch=3 begin=1942231392491 end=1942231392636
serve epoch=4 begin=1942231900457 end=1942231900622
serve epoch=5 begin=1942232397072 end=1942232397208
serve epoch=6 begin=1942232893545 end=1942232893683
serve epoch=7 begin=1942233400686 end=1942233400779
serve epoch=8 begin=1942233896847 end=1942233896950
serve epoch=9 begin=1942234392979 end=1942234393064
serve epoch=10 begin=1942234899932 end=1942234900062
serve epoch=11 begin=1942235398684 end=1942235398783
serve epoch=12 begin=1942235895181 end=1942235895281
serve epoch=13 begin=1942236391700 end=1942236391789
completion count=1 callback=1942232494844 callback_end=1942232494848 thread=948 sent=0 status=2 total=204 pos=204 worker=0 send_ok=1
