ALSA lib control.c:1575:(snd_ctl_open_noupdate) [error.control] Invalid CTL hw:0
ALSA lib control.c:1575:(snd_ctl_open_noupdate) [error.control] Invalid CTL hw:1
ALSA lib control.c:1575:(snd_ctl_open_noupdate) [error.control] Invalid CTL hw:0
ALSA lib control.c:1575:(snd_ctl_open_noupdate) [error.control] Invalid CTL hw:1
observer epoch=0 qpc=1942123072982 seen=0
observer epoch=1 qpc=1942123082976 seen=0
observer epoch=2 qpc=1942123092986 seen=0
observer epoch=3 qpc=1942123102985 seen=0
observer epoch=4 qpc=1942123112987 seen=0
observer epoch=5 qpc=1942123122984 seen=0
observer epoch=6 qpc=1942123132979 seen=0
observer epoch=7 qpc=1942123142989 seen=0
observer epoch=8 qpc=1942123152988 seen=0
observer epoch=9 qpc=1942123162984 seen=0
observer epoch=10 qpc=1942123172986 seen=0
observer epoch=11 qpc=1942123182983 seen=0
observer epoch=12 qpc=1942123192977 seen=0
observer epoch=13 qpc=1942123202976 seen=0
observer epoch=14 qpc=1942123212988 seen=0
observer epoch=15 qpc=1942123222978 seen=0
observer epoch=16 qpc=1942123232980 seen=0
observer epoch=17 qpc=1942123242986 seen=0
observer epoch=18 qpc=1942123252982 seen=0
observer epoch=19 qpc=1942123262978 seen=0
observer epoch=20 qpc=1942123272989 seen=0
observer epoch=21 qpc=1942123282985 seen=0
observer epoch=22 qpc=1942123292985 seen=0
observer epoch=23 qpc=1942123302984 seen=0
observer epoch=24 qpc=1942123312988 seen=0
observer epoch=25 qpc=1942123322988 seen=0
observer epoch=26 qpc=1942123332978 seen=0
observer epoch=27 qpc=1942123342987 seen=0
observer epoch=28 qpc=1942123352988 seen=0
observer epoch=29 qpc=1942123362987 seen=0
observer epoch=30 qpc=1942123372983 seen=0
observer epoch=31 qpc=1942123382984 seen=0
observer epoch=32 qpc=1942123392979 seen=0
observer epoch=33 qpc=1942123402986 seen=0
observer epoch=34 qpc=1942123412982 seen=0
observer epoch=35 qpc=1942123422987 seen=0
observer epoch=36 qpc=1942123432976 seen=0
observer epoch=37 qpc=1942123442985 seen=0
observer epoch=38 qpc=1942123452980 seen=0
observer epoch=39 qpc=1942123462976 seen=0
observer epoch=40 qpc=1942123472981 seen=0
observer epoch=41 qpc=1942123482986 seen=0
observer epoch=42 qpc=1942123492980 seen=0
observer epoch=43 qpc=1942123502982 seen=0
observer epoch=44 qpc=1942123512981 seen=0
observer epoch=45 qpc=1942123522984 seen=0
observer epoch=46 qpc=1942123532979 seen=0
observer epoch=47 qpc=1942123542980 seen=0
observer epoch=48 qpc=1942123552978 seen=0
observer epoch=49 qpc=1942123562987 seen=0
observer epoch=50 qpc=1942123572988 seen=0
observer epoch=51 qpc=1942123582985 seen=0
observer epoch=52 qpc=1942123592981 seen=0
observer epoch=53 qpc=1942123602983 seen=0
observer epoch=54 qpc=1942123612989 seen=0
observer epoch=55 qpc=1942123622980 seen=0
observer epoch=56 qpc=1942123632988 seen=0
observer epoch=57 qpc=1942123642982 seen=0
observer epoch=58 qpc=1942123652979 seen=0
observer epoch=59 qpc=1942123662987 seen=0
observer epoch=60 qpc=1942123672998 seen=0
observer epoch=61 qpc=1942123682988 seen=0
observer epoch=62 qpc=1942123692987 seen=0
observer epoch=63 qpc=1942123702977 seen=0
observer epoch=64 qpc=1942123712985 seen=0
observer epoch=65 qpc=1942123722984 seen=0
observer epoch=66 qpc=1942123732980 seen=0
observer epoch=67 qpc=1942123742983 seen=0
observer epoch=68 qpc=1942123752980 seen=0
observer epoch=69 qpc=1942123762986 seen=0
observer epoch=70 qpc=1942123772981 seen=0
observer epoch=71 qpc=1942123782976 seen=0
observer epoch=72 qpc=1942123792981 seen=0
observer epoch=73 qpc=1942123802977 seen=0
observer epoch=74 qpc=1942123812988 seen=0
observer epoch=75 qpc=1942123822985 seen=0
observer epoch=76 qpc=1942123832981 seen=0
observer epoch=77 qpc=1942123842984 seen=0
observer epoch=78 qpc=1942123852985 seen=0
observer epoch=79 qpc=1942123862980 seen=0
observer epoch=80 qpc=1942123872978 seen=0
observer epoch=81 qpc=1942123882980 seen=0
observer epoch=82 qpc=1942123892980 seen=0
observer epoch=83 qpc=1942123902986 seen=0
observer epoch=84 qpc=1942123912985 seen=0
observer epoch=85 qpc=1942123922980 seen=0
observer epoch=86 qpc=1942123932985 seen=0
observer epoch=87 qpc=1942123942976 seen=0
observer epoch=88 qpc=1942123952986 seen=0
observer epoch=89 qpc=1942123962978 seen=0
observer epoch=90 qpc=1942123972986 seen=0
observer epoch=91 qpc=1942123982982 seen=0
observer epoch=92 qpc=1942123992980 seen=0
observer epoch=93 qpc=1942124002988 seen=0
observer epoch=94 qpc=1942124012984 seen=0
observer epoch=95 qpc=1942124022986 seen=0
observer epoch=96 qpc=1942124032988 seen=0
observer epoch=97 qpc=1942124042988 seen=0
observer epoch=98 qpc=1942124052985 seen=0
observer epoch=99 qpc=1942124062983 seen=0
observer epoch=100 qpc=1942124072984 seen=0
observer epoch=101 qpc=1942124082980 seen=0
observer epoch=102 qpc=1942124092977 seen=0
observer epoch=103 qpc=1942124102987 seen=0
observer epoch=104 qpc=1942124112988 seen=0
observer epoch=105 qpc=1942124122981 seen=0
observer epoch=106 qpc=1942124132982 seen=0
observer epoch=107 qpc=1942124142982 seen=0
observer epoch=108 qpc=1942124152981 seen=0
observer epoch=109 qpc=1942124162988 seen=0
observer epoch=110 qpc=1942124172978 seen=0
observer epoch=111 qpc=1942124182985 seen=0
observer epoch=112 qpc=1942124192982 seen=0
observer epoch=113 qpc=1942124202987 seen=0
observer epoch=114 qpc=1942124212984 seen=0
observer epoch=115 qpc=1942124222983 seen=0
observer epoch=116 qpc=1942124232988 seen=0
observer epoch=117 qpc=1942124242989 seen=0
observer epoch=118 qpc=1942124252980 seen=0
observer epoch=119 qpc=1942124262981 seen=0
observer epoch=120 qpc=1942124272980 seen=0
observer epoch=121 qpc=1942124282985 seen=0
observer epoch=122 qpc=1942124292982 seen=0
observer epoch=123 qpc=1942124302977 seen=0
observer epoch=124 qpc=1942124312987 seen=0
observer epoch=125 qpc=1942124322988 seen=0
observer epoch=126 qpc=1942124332988 seen=0
observer epoch=127 qpc=1942124342982 seen=0
observer epoch=128 qpc=1942124352987 seen=0
observer epoch=129 qpc=1942124362983 seen=0
observer epoch=130 qpc=1942124372980 seen=0
observer epoch=131 qpc=1942124382983 seen=0
observer epoch=132 qpc=1942124392985 seen=0
observer epoch=133 qpc=1942124402976 seen=0
observer epoch=134 qpc=1942124412987 seen=0
observer epoch=135 qpc=1942124422988 seen=0
observer epoch=136 qpc=1942124432978 seen=0
observer epoch=137 qpc=1942124442986 seen=0
observer epoch=138 qpc=1942124452983 seen=0
observer epoch=139 qpc=1942124462988 seen=0
observer epoch=140 qpc=1942124472979 seen=0
observer epoch=141 qpc=1942124482989 seen=0
observer epoch=142 qpc=1942124492980 seen=0
observer epoch=143 qpc=1942124502980 seen=0
observer epoch=144 qpc=1942124512976 seen=0
observer epoch=145 qpc=1942124522977 seen=0
observer epoch=146 qpc=1942124532982 seen=0
observer epoch=147 qpc=1942124542981 seen=0
observer epoch=148 qpc=1942124552984 seen=0
observer epoch=149 qpc=1942124562987 seen=0
observer epoch=150 qpc=1942124572976 seen=0
observer epoch=151 qpc=1942124582983 seen=0
observer epoch=152 qpc=1942124592977 seen=0
observer epoch=153 qpc=1942124602980 seen=0
observer epoch=154 qpc=1942124612979 seen=0
observer epoch=155 qpc=1942124622980 seen=0
observer epoch=156 qpc=1942124632976 seen=0
observer epoch=157 qpc=1942124642980 seen=0
observer epoch=158 qpc=1942124652986 seen=0
observer epoch=159 qpc=1942124662978 seen=0
observer epoch=160 qpc=1942124672976 seen=0
observer epoch=161 qpc=1942124682981 seen=0
observer epoch=162 qpc=1942124692984 seen=0
observer epoch=163 qpc=1942124702976 seen=0
observer epoch=164 qpc=1942124712980 seen=0
observer epoch=165 qpc=1942124722979 seen=0
observer epoch=166 qpc=1942124732989 seen=0
observer epoch=167 qpc=1942124742985 seen=0
observer epoch=168 qpc=1942124752989 seen=0
observer epoch=169 qpc=1942124762982 seen=0
observer epoch=170 qpc=1942124772988 seen=0
observer epoch=171 qpc=1942124782978 seen=0
observer epoch=172 qpc=1942124792982 seen=0
observer epoch=173 qpc=1942124802976 seen=0
observer epoch=174 qpc=1942124812977 seen=0
observer epoch=175 qpc=1942124822986 seen=0
observer epoch=176 qpc=1942124832983 seen=0
observer epoch=177 qpc=1942124842981 seen=0
observer epoch=178 qpc=1942124852986 seen=0
observer epoch=179 qpc=1942124862989 seen=0
observer epoch=180 qpc=1942124872988 seen=0
observer epoch=181 qpc=1942124882989 seen=0
observer epoch=182 qpc=1942124892984 seen=0
observer epoch=183 qpc=1942124902979 seen=0
observer epoch=184 qpc=1942124912989 seen=0
observer epoch=185 qpc=1942124922985 seen=0
observer epoch=186 qpc=1942124932988 seen=0
observer epoch=187 qpc=1942124942982 seen=0
observer epoch=188 qpc=1942124952980 seen=0
observer epoch=189 qpc=1942124962976 seen=0
observer epoch=190 qpc=1942124972980 seen=0
observer epoch=191 qpc=1942124982988 seen=0
observer epoch=192 qpc=1942124992987 seen=0
observer epoch=193 qpc=1942125002988 seen=0
observer epoch=194 qpc=1942125012982 seen=0
observer epoch=195 qpc=1942125022988 seen=0
observer epoch=196 qpc=1942125032977 seen=0
observer epoch=197 qpc=1942125042983 seen=0
observer epoch=198 qpc=1942125052985 seen=0
observer epoch=199 qpc=1942125062987 seen=0
observer epoch=200 qpc=1942125072986 seen=0
observer epoch=201 qpc=1942125082988 seen=1
observer epoch=202 qpc=1942125092987 seen=1
observer epoch=203 qpc=1942125102988 seen=1
observer epoch=204 qpc=1942125112981 seen=1
observer epoch=205 qpc=1942125122985 seen=1
observer epoch=206 qpc=1942125132985 seen=1
observer epoch=207 qpc=1942125142980 seen=1
observer epoch=208 qpc=1942125152980 seen=1
observer epoch=209 qpc=1942125162982 seen=1
observer epoch=210 qpc=1942125172976 seen=1
observer epoch=211 qpc=1942125182989 seen=1
observer epoch=212 qpc=1942125192989 seen=1
observer epoch=213 qpc=1942125202977 seen=1
observer epoch=214 qpc=1942125212984 seen=1
observer epoch=215 qpc=1942125222986 seen=1
observer epoch=216 qpc=1942125232985 seen=1
observer epoch=217 qpc=1942125242985 seen=1
observer epoch=218 qpc=1942125252980 seen=1
observer epoch=219 qpc=1942125262986 seen=1
observer epoch=220 qpc=1942125272977 seen=1
observer epoch=221 qpc=1942125282978 seen=1
observer epoch=222 qpc=1942125292979 seen=1
observer epoch=223 qpc=1942125302988 seen=1
observer epoch=224 qpc=1942125312983 seen=1
observer epoch=225 qpc=1942125322976 seen=1
observer epoch=226 qpc=1942125332983 seen=1
observer epoch=227 qpc=1942125342987 seen=1
observer epoch=228 qpc=1942125352984 seen=1
observer epoch=229 qpc=1942125362979 seen=1
observer epoch=230 qpc=1942125372985 seen=1
observer epoch=231 qpc=1942125382978 seen=1
observer epoch=232 qpc=1942125392987 seen=1
observer epoch=233 qpc=1942125402978 seen=1
observer epoch=234 qpc=1942125412988 seen=1
observer epoch=235 qpc=1942125422989 seen=1
observer epoch=236 qpc=1942125432982 seen=1
observer epoch=237 qpc=1942125442985 seen=1
observer epoch=238 qpc=1942125452979 seen=1
observer epoch=239 qpc=1942125462990 seen=1
observer epoch=240 qpc=1942125472984 seen=1
observer epoch=241 qpc=1942125482981 seen=1
observer epoch=242 qpc=1942125492980 seen=1
observer epoch=243 qpc=1942125502984 seen=1
observer epoch=244 qpc=1942125512991 seen=1
observer epoch=245 qpc=1942125522980 seen=1
observer epoch=246 qpc=1942125532976 seen=1
observer epoch=247 qpc=1942125542988 seen=1
observer epoch=248 qpc=1942125552986 seen=1
observer epoch=249 qpc=1942125562984 seen=1
observer epoch=250 qpc=1942125572981 seen=1
observer epoch=251 qpc=1942125582983 seen=1
observer epoch=252 qpc=1942125592984 seen=1
observer epoch=253 qpc=1942125602978 seen=1
observer epoch=254 qpc=1942125612991 seen=1
observer epoch=255 qpc=1942125622978 seen=1
observer epoch=256 qpc=1942125632982 seen=1
observer epoch=257 qpc=1942125642985 seen=1
observer epoch=258 qpc=1942125652985 seen=1
observer epoch=259 qpc=1942125662979 seen=1
observer epoch=260 qpc=1942125672981 seen=1
observer epoch=261 qpc=1942125682985 seen=1
observer epoch=262 qpc=1942125692986 seen=1
observer epoch=263 qpc=1942125702984 seen=1
observer epoch=264 qpc=1942125712977 seen=1
observer epoch=265 qpc=1942125722979 seen=1
observer epoch=266 qpc=1942125732989 seen=1
observer epoch=267 qpc=1942125742988 seen=1
observer epoch=268 qpc=1942125752982 seen=1
observer epoch=269 qpc=1942125762986 seen=1
observer epoch=270 qpc=1942125772986 seen=1
observer epoch=271 qpc=1942125782982 seen=1
observer epoch=272 qpc=1942125792982 seen=1
observer epoch=273 qpc=1942125802983 seen=1
observer epoch=274 qpc=1942125812984 seen=1
observer epoch=275 qpc=1942125822991 seen=1
observer epoch=276 qpc=1942125832989 seen=1
observer epoch=277 qpc=1942125842976 seen=1
observer epoch=278 qpc=1942125852984 seen=1
observer epoch=279 qpc=1942125862985 seen=1
observer epoch=280 qpc=1942125872983 seen=1
observer epoch=281 qpc=1942125882988 seen=1
observer epoch=282 qpc=1942125892988 seen=1
observer epoch=283 qpc=1942125902991 seen=1
observer epoch=284 qpc=1942125912986 seen=1
observer epoch=285 qpc=1942125922982 seen=1
observer epoch=286 qpc=1942125932976 seen=1
observer epoch=287 qpc=1942125942978 seen=1
observer epoch=288 qpc=1942125952984 seen=1
observer epoch=289 qpc=1942125962989 seen=1
observer epoch=290 qpc=1942125972977 seen=1
observer epoch=291 qpc=1942125982978 seen=1
observer epoch=292 qpc=1942125992981 seen=1
observer epoch=293 qpc=1942126002984 seen=1
observer epoch=294 qpc=1942126012982 seen=1
observer epoch=295 qpc=1942126022984 seen=1
observer epoch=296 qpc=1942126032982 seen=1
observer epoch=297 qpc=1942126042983 seen=1
observer epoch=298 qpc=1942126052987 seen=1
observer epoch=299 qpc=1942126062983 seen=1
observer epoch=300 qpc=1942126072982 seen=1
observer epoch=301 qpc=1942126082982 seen=1
observer epoch=302 qpc=1942126092985 seen=1
observer epoch=303 qpc=1942126102990 seen=1
observer epoch=304 qpc=1942126112981 seen=1
observer epoch=305 qpc=1942126122984 seen=1
observer epoch=306 qpc=1942126132980 seen=1
observer epoch=307 qpc=1942126142984 seen=1
observer epoch=308 qpc=1942126152980 seen=1
observer epoch=309 qpc=1942126162976 seen=1
observer epoch=310 qpc=1942126172980 seen=1
observer epoch=311 qpc=1942126182984 seen=1
observer epoch=312 qpc=1942126192988 seen=1
observer epoch=313 qpc=1942126202978 seen=1
observer epoch=314 qpc=1942126212976 seen=1
observer epoch=315 qpc=1942126222983 seen=1
observer epoch=316 qpc=1942126232986 seen=1
observer epoch=317 qpc=1942126242982 seen=1
observer epoch=318 qpc=1942126252977 seen=1
observer epoch=319 qpc=1942126262977 seen=1
observer epoch=320 qpc=1942126272984 seen=1
observer epoch=321 qpc=1942126282976 seen=1
observer epoch=322 qpc=1942126292977 seen=1
observer epoch=323 qpc=1942126302977 seen=1
observer epoch=324 qpc=1942126312976 seen=1
observer epoch=325 qpc=1942126322981 seen=1
observer epoch=326 qpc=1942126332983 seen=1
observer epoch=327 qpc=1942126342980 seen=1
observer epoch=328 qpc=1942126352986 seen=1
observer epoch=329 qpc=1942126362980 seen=1
observer epoch=330 qpc=1942126372980 seen=1
observer epoch=331 qpc=1942126382982 seen=1
observer epoch=332 qpc=1942126392979 seen=1
observer epoch=333 qpc=1942126402983 seen=1
observer epoch=334 qpc=1942126412985 seen=1
observer epoch=335 qpc=1942126422980 seen=1
observer epoch=336 qpc=1942126432988 seen=1
observer epoch=337 qpc=1942126442976 seen=1
observer epoch=338 qpc=1942126452981 seen=1
observer epoch=339 qpc=1942126462984 seen=1
observer epoch=340 qpc=1942126472986 seen=1
observer epoch=341 qpc=1942126482986 seen=1
observer epoch=342 qpc=1942126492977 seen=1
observer epoch=343 qpc=1942126502988 seen=1
observer epoch=344 qpc=1942126512983 seen=1
observer epoch=345 qpc=1942126522981 seen=1
observer epoch=346 qpc=1942126532988 seen=1
observer epoch=347 qpc=1942126542978 seen=1
observer epoch=348 qpc=1942126552979 seen=1
observer epoch=349 qpc=1942126562977 seen=1
observer epoch=350 qpc=1942126572987 seen=1
observer epoch=351 qpc=1942126582985 seen=1
observer epoch=352 qpc=1942126592989 seen=1
observer epoch=353 qpc=1942126602979 seen=1
observer epoch=354 qpc=1942126612979 seen=1
observer epoch=355 qpc=1942126622984 seen=1
observer epoch=356 qpc=1942126632982 seen=1
observer epoch=357 qpc=1942126642977 seen=1
observer epoch=358 qpc=1942126652979 seen=1
observer epoch=359 qpc=1942126662977 seen=1
observer epoch=360 qpc=1942126672976 seen=1
observer epoch=361 qpc=1942126682983 seen=1
observer epoch=362 qpc=1942126692981 seen=1
observer epoch=363 qpc=1942126702976 seen=1
observer epoch=364 qpc=1942126712982 seen=1
observer epoch=365 qpc=1942126722986 seen=1
observer epoch=366 qpc=1942126732978 seen=1
observer epoch=367 qpc=1942126742982 seen=1
observer epoch=368 qpc=1942126752977 seen=1
observer epoch=369 qpc=1942126762982 seen=1
observer epoch=370 qpc=1942126772978 seen=1
observer epoch=371 qpc=1942126782985 seen=1
observer epoch=372 qpc=1942126792983 seen=1
observer epoch=373 qpc=1942126802981 seen=1
observer epoch=374 qpc=1942126812981 seen=1
observer epoch=375 qpc=1942126822979 seen=1
observer epoch=376 qpc=1942126832976 seen=1
observer epoch=377 qpc=1942126842976 seen=1
observer epoch=378 qpc=1942126852987 seen=1
observer epoch=379 qpc=1942126862984 seen=1
observer epoch=380 qpc=1942126872979 seen=1
observer epoch=381 qpc=1942126882985 seen=1
observer epoch=382 qpc=1942126892986 seen=1
observer epoch=383 qpc=1942126902986 seen=1
observer epoch=384 qpc=1942126912984 seen=1
observer epoch=385 qpc=1942126922984 seen=1
observer epoch=386 qpc=1942126932979 seen=1
observer epoch=387 qpc=1942126942983 seen=1
observer epoch=388 qpc=1942126952988 seen=1
observer epoch=389 qpc=1942126962979 seen=1
observer epoch=390 qpc=1942126972984 seen=1
observer epoch=391 qpc=1942126982985 seen=1
observer epoch=392 qpc=1942126992981 seen=1
observer epoch=393 qpc=1942127002985 seen=1
observer epoch=394 qpc=1942127012980 seen=1
observer epoch=395 qpc=1942127022983 seen=1
observer epoch=396 qpc=1942127032987 seen=1
observer epoch=397 qpc=1942127042989 seen=1
observer epoch=398 qpc=1942127052981 seen=1
observer epoch=399 qpc=1942127062986 seen=1
observer epoch=400 qpc=1942127072984 seen=1
observer epoch=401 qpc=1942127082979 seen=1
observer epoch=402 qpc=1942127092987 seen=1
observer epoch=403 qpc=1942127102979 seen=1
observer epoch=404 qpc=1942127112983 seen=1
observer epoch=405 qpc=1942127122978 seen=1
observer epoch=406 qpc=1942127132978 seen=1
observer epoch=407 qpc=1942127142988 seen=1
observer epoch=408 qpc=1942127152987 seen=1
observer epoch=409 qpc=1942127162985 seen=1
observer epoch=410 qpc=1942127172981 seen=1
observer epoch=411 qpc=1942127182982 seen=1
observer epoch=412 qpc=1942127192985 seen=1
observer epoch=413 qpc=1942127202976 seen=1
observer epoch=414 qpc=1942127212982 seen=1
observer epoch=415 qpc=1942127222982 seen=1
observer epoch=416 qpc=1942127232980 seen=1
observer epoch=417 qpc=1942127242977 seen=1
observer epoch=418 qpc=1942127252984 seen=1
observer epoch=419 qpc=1942127262980 seen=1
observer epoch=420 qpc=1942127272987 seen=1
observer epoch=421 qpc=1942127282985 seen=1
observer epoch=422 qpc=1942127292979 seen=1
observer epoch=423 qpc=1942127302985 seen=1
observer epoch=424 qpc=1942127312984 seen=1
observer epoch=425 qpc=1942127322978 seen=1
observer epoch=426 qpc=1942127332981 seen=1
observer epoch=427 qpc=1942127342976 seen=1
observer epoch=428 qpc=1942127352978 seen=1
observer epoch=429 qpc=1942127362988 seen=1
observer epoch=430 qpc=1942127372983 seen=1
observer epoch=431 qpc=1942127382986 seen=1
observer epoch=432 qpc=1942127392977 seen=1
observer epoch=433 qpc=1942127402984 seen=1
observer epoch=434 qpc=1942127412987 seen=1
observer epoch=435 qpc=1942127422985 seen=1
observer epoch=436 qpc=1942127432988 seen=1
observer epoch=437 qpc=1942127442987 seen=1
observer epoch=438 qpc=1942127452986 seen=1
observer epoch=439 qpc=1942127462985 seen=1
observer epoch=440 qpc=1942127472979 seen=1
observer epoch=441 qpc=1942127482986 seen=1
observer epoch=442 qpc=1942127492980 seen=1
observer epoch=443 qpc=1942127502987 seen=1
observer epoch=444 qpc=1942127512976 seen=1
observer epoch=445 qpc=1942127522981 seen=1
observer epoch=446 qpc=1942127532989 seen=1
observer epoch=447 qpc=1942127542978 seen=1
observer epoch=448 qpc=1942127552985 seen=1
observer epoch=449 qpc=1942127562980 seen=1
observer epoch=450 qpc=1942127572988 seen=1
observer epoch=451 qpc=1942127582979 seen=1
observer epoch=452 qpc=1942127592983 seen=1
observer epoch=453 qpc=1942127602989 seen=1
observer epoch=454 qpc=1942127612980 seen=1
observer epoch=455 qpc=1942127622988 seen=1
observer epoch=456 qpc=1942127632983 seen=1
observer epoch=457 qpc=1942127642981 seen=1
observer epoch=458 qpc=1942127652982 seen=1
observer epoch=459 qpc=1942127662976 seen=1
observer epoch=460 qpc=1942127672986 seen=1
observer epoch=461 qpc=1942127682988 seen=1
observer epoch=462 qpc=1942127692981 seen=1
observer epoch=463 qpc=1942127702984 seen=1
observer epoch=464 qpc=1942127712980 seen=1
observer epoch=465 qpc=1942127722978 seen=1
observer epoch=466 qpc=1942127732988 seen=1
observer epoch=467 qpc=1942127742985 seen=1
observer epoch=468 qpc=1942127752977 seen=1
observer epoch=469 qpc=1942127762976 seen=1
observer epoch=470 qpc=1942127772986 seen=1
observer epoch=471 qpc=1942127782982 seen=1
observer epoch=472 qpc=1942127792986 seen=1
observer epoch=473 qpc=1942127802984 seen=1
observer epoch=474 qpc=1942127812987 seen=1
observer epoch=475 qpc=1942127822982 seen=1
observer epoch=476 qpc=1942127832979 seen=1
observer epoch=477 qpc=1942127842985 seen=1
observer epoch=478 qpc=1942127852978 seen=1
observer epoch=479 qpc=1942127862983 seen=1
observer epoch=480 qpc=1942127872980 seen=1
observer epoch=481 qpc=1942127882986 seen=1
observer epoch=482 qpc=1942127892981 seen=1
observer epoch=483 qpc=1942127902980 seen=1
observer epoch=484 qpc=1942127912987 seen=1
observer epoch=485 qpc=1942127922981 seen=1
observer epoch=486 qpc=1942127932985 seen=1
observer epoch=487 qpc=1942127942978 seen=1
observer epoch=488 qpc=1942127952978 seen=1
observer epoch=489 qpc=1942127962988 seen=1
observer epoch=490 qpc=1942127972986 seen=1
observer epoch=491 qpc=1942127982981 seen=1
observer epoch=492 qpc=1942127992979 seen=1
observer epoch=493 qpc=1942128002983 seen=1
observer epoch=494 qpc=1942128012984 seen=1
observer epoch=495 qpc=1942128022979 seen=1
observer epoch=496 qpc=1942128032977 seen=1
observer epoch=497 qpc=1942128042987 seen=1
observer epoch=498 qpc=1942128052977 seen=1
observer epoch=499 qpc=1942128062985 seen=1
observer epoch=500 qpc=1942128072982 seen=1
observer epoch=501 qpc=1942128082987 seen=1
observer epoch=502 qpc=1942128092986 seen=1
observer epoch=503 qpc=1942128102979 seen=1
observer epoch=504 qpc=1942128112985 seen=1
observer epoch=505 qpc=1942128122987 seen=1
observer epoch=506 qpc=1942128132978 seen=1
observer epoch=507 qpc=1942128142977 seen=1
observer epoch=508 qpc=1942128152978 seen=1
observer epoch=509 qpc=1942128162981 seen=1
observer epoch=510 qpc=1942128172988 seen=1
observer epoch=511 qpc=1942128182988 seen=1
observer epoch=512 qpc=1942128192977 seen=1
observer epoch=513 qpc=1942128202976 seen=1
observer epoch=514 qpc=1942128212991 seen=1
observer epoch=515 qpc=1942128222977 seen=1
observer epoch=516 qpc=1942128232987 seen=1
observer epoch=517 qpc=1942128242988 seen=1
observer epoch=518 qpc=1942128252979 seen=1
observer epoch=519 qpc=1942128262980 seen=1
observer epoch=520 qpc=1942128272988 seen=1
observer epoch=521 qpc=1942128282981 seen=1
observer epoch=522 qpc=1942128292977 seen=1
observer epoch=523 qpc=1942128302976 seen=1
observer epoch=524 qpc=1942128312990 seen=1
observer epoch=525 qpc=1942128322989 seen=1
observer epoch=526 qpc=1942128332978 seen=1
observer epoch=527 qpc=1942128342979 seen=1
observer epoch=528 qpc=1942128352979 seen=1
observer epoch=529 qpc=1942128362985 seen=1
observer epoch=530 qpc=1942128372985 seen=1
observer epoch=531 qpc=1942128382979 seen=1
observer epoch=532 qpc=1942128392983 seen=1
observer epoch=533 qpc=1942128402979 seen=1
observer epoch=534 qpc=1942128412984 seen=1
observer epoch=535 qpc=1942128422982 seen=1
observer epoch=536 qpc=1942128432985 seen=1
observer epoch=537 qpc=1942128442981 seen=1
observer epoch=538 qpc=1942128452988 seen=1
observer epoch=539 qpc=1942128462977 seen=1
observer epoch=540 qpc=1942128472980 seen=1
observer epoch=541 qpc=1942128482981 seen=1
observer epoch=542 qpc=1942128492977 seen=1
observer epoch=543 qpc=1942128502980 seen=1
observer epoch=544 qpc=1942128512989 seen=1
observer epoch=545 qpc=1942128522984 seen=1
observer epoch=546 qpc=1942128532983 seen=1
observer epoch=547 qpc=1942128542987 seen=1
observer epoch=548 qpc=1942128552976 seen=1
observer epoch=549 qpc=1942128562985 seen=1
observer epoch=550 qpc=1942128572988 seen=1
observer epoch=551 qpc=1942128582984 seen=1
observer epoch=552 qpc=1942128592981 seen=1
observer epoch=553 qpc=1942128602984 seen=1
observer epoch=554 qpc=1942128612987 seen=1
observer epoch=555 qpc=1942128622981 seen=1
observer epoch=556 qpc=1942128632977 seen=1
observer epoch=557 qpc=1942128642982 seen=1
observer epoch=558 qpc=1942128652982 seen=1
observer epoch=559 qpc=1942128662980 seen=1
observer epoch=560 qpc=1942128672983 seen=1
observer epoch=561 qpc=1942128682980 seen=1
observer epoch=562 qpc=1942128692983 seen=1
observer epoch=563 qpc=1942128702977 seen=1
observer epoch=564 qpc=1942128712977 seen=1
observer epoch=565 qpc=1942128722979 seen=1
observer epoch=566 qpc=1942128732986 seen=1
observer epoch=567 qpc=1942128742982 seen=1
observer epoch=568 qpc=1942128752983 seen=1
observer epoch=569 qpc=1942128762987 seen=1
observer epoch=570 qpc=1942128772982 seen=1
observer epoch=571 qpc=1942128782984 seen=1
observer epoch=572 qpc=1942128792976 seen=1
observer epoch=573 qpc=1942128802987 seen=1
observer epoch=574 qpc=1942128812987 seen=1
observer epoch=575 qpc=1942128822983 seen=1
observer epoch=576 qpc=1942128832981 seen=1
observer epoch=577 qpc=1942128842977 seen=1
observer epoch=578 qpc=1942128852983 seen=1
observer epoch=579 qpc=1942128862988 seen=1
observer epoch=580 qpc=1942128872982 seen=1
observer epoch=581 qpc=1942128882979 seen=1
observer epoch=582 qpc=1942128892988 seen=1
observer epoch=583 qpc=1942128902980 seen=1
observer epoch=584 qpc=1942128912989 seen=1
observer epoch=585 qpc=1942128922983 seen=1
observer epoch=586 qpc=1942128932989 seen=1
observer epoch=587 qpc=1942128942981 seen=1
observer epoch=588 qpc=1942128952988 seen=1
observer epoch=589 qpc=1942128962988 seen=1
observer epoch=590 qpc=1942128972983 seen=1
observer epoch=591 qpc=1942128982988 seen=1
observer epoch=592 qpc=1942128992987 seen=1
observer epoch=593 qpc=1942129002981 seen=1
observer epoch=594 qpc=1942129012983 seen=1
observer epoch=595 qpc=1942129022976 seen=1
observer epoch=596 qpc=1942129032979 seen=1
observer epoch=597 qpc=1942129042980 seen=1
observer epoch=598 qpc=1942129052977 seen=1
observer epoch=599 qpc=1942129062982 seen=1
observer_summary first=201 published=1942125076195 start=1942123067975 frequency=10000000 phase_us=500
host loaded=C:\eos-private\Mss32.dll tid=420 frequency=10000000 arm=0 phase=500
start begin=1942123067981 end=1942123068070
serve epoch=1 begin=1942123574178 end=1942123574329
serve epoch=2 begin=1942124071449 end=1942124071558
serve epoch=3 begin=1942124568181 end=1942124568314
serve epoch=4 begin=1942125076042 end=1942125076720
serve epoch=5 begin=1942125575152 end=1942125575325
serve epoch=6 begin=1942126074375 end=1942126074486
serve epoch=7 begin=1942126570718 end=1942126570857
serve epoch=8 begin=1942127068466 end=1942127068601
serve epoch=9 begin=1942127575792 end=1942127575924
serve epoch=10 begin=1942128071810 end=1942128071935
serve epoch=11 begin=1942128578330 end=1942128578461
serve epoch=12 begin=1942129074108 end=1942129074232
serve epoch=13 begin=1942129570648 end=1942129570791
completion count=1 callback=1942125076193 callback_end=1942125076196 thread=420 sent=0 status=2 total=204 pos=204 worker=0 send_ok=1
