ALSA lib control.c:1575:(snd_ctl_open_noupdate) [error.control] Invalid CTL hw:0
ALSA lib control.c:1575:(snd_ctl_open_noupdate) [error.control] Invalid CTL hw:1
ALSA lib control.c:1575:(snd_ctl_open_noupdate) [error.control] Invalid CTL hw:0
ALSA lib control.c:1575:(snd_ctl_open_noupdate) [error.control] Invalid CTL hw:1
observer epoch=0 qpc=1942203455351 seen=0
observer epoch=1 qpc=1942203465345 seen=0
observer epoch=2 qpc=1942203475350 seen=0
observer epoch=3 qpc=1942203485346 seen=0
observer epoch=4 qpc=1942203495352 seen=0
observer epoch=5 qpc=1942203505352 seen=0
observer epoch=6 qpc=1942203515348 seen=0
observer epoch=7 qpc=1942203525346 seen=0
observer epoch=8 qpc=1942203535349 seen=0
observer epoch=9 qpc=1942203545345 seen=0
observer epoch=10 qpc=1942203555354 seen=0
observer epoch=11 qpc=1942203565355 seen=0
observer epoch=12 qpc=1942203575361 seen=0
observer epoch=13 qpc=1942203585355 seen=0
observer epoch=14 qpc=1942203595353 seen=0
observer epoch=15 qpc=1942203605353 seen=0
observer epoch=16 qpc=1942203615350 seen=0
observer epoch=17 qpc=1942203625355 seen=0
observer epoch=18 qpc=1942203635350 seen=0
observer epoch=19 qpc=1942203645357 seen=0
observer epoch=20 qpc=1942203655352 seen=0
observer epoch=21 qpc=1942203665346 seen=0
observer epoch=22 qpc=1942203675352 seen=0
observer epoch=23 qpc=1942203685353 seen=0
observer epoch=24 qpc=1942203695349 seen=0
observer epoch=25 qpc=1942203705357 seen=0
observer epoch=26 qpc=1942203715350 seen=0
observer epoch=27 qpc=1942203725354 seen=0
observer epoch=28 qpc=1942203735347 seen=0
observer epoch=29 qpc=1942203745346 seen=0
observer epoch=30 qpc=1942203755357 seen=0
observer epoch=31 qpc=1942203765354 seen=0
observer epoch=32 qpc=1942203775354 seen=0
observer epoch=33 qpc=1942203785350 seen=0
observer epoch=34 qpc=1942203795348 seen=0
observer epoch=35 qpc=1942203805347 seen=0
observer epoch=36 qpc=1942203815352 seen=0
observer epoch=37 qpc=1942203825358 seen=0
observer epoch=38 qpc=1942203835348 seen=0
observer epoch=39 qpc=1942203845357 seen=0
observer epoch=40 qpc=1942203855357 seen=0
observer epoch=41 qpc=1942203865351 seen=0
observer epoch=42 qpc=1942203875356 seen=0
observer epoch=43 qpc=1942203885356 seen=0
observer epoch=44 qpc=1942203895356 seen=0
observer epoch=45 qpc=1942203905354 seen=0
observer epoch=46 qpc=1942203915347 seen=0
observer epoch=47 qpc=1942203925350 seen=0
observer epoch=48 qpc=1942203935351 seen=0
observer epoch=49 qpc=1942203945349 seen=0
observer epoch=50 qpc=1942203955353 seen=0
observer epoch=51 qpc=1942203965350 seen=0
observer epoch=52 qpc=1942203975351 seen=0
observer epoch=53 qpc=1942203985355 seen=0
observer epoch=54 qpc=1942203995350 seen=0
observer epoch=55 qpc=1942204005345 seen=0
observer epoch=56 qpc=1942204015357 seen=0
observer epoch=57 qpc=1942204025348 seen=0
observer epoch=58 qpc=1942204035348 seen=0
observer epoch=59 qpc=1942204045348 seen=0
observer epoch=60 qpc=1942204055349 seen=0
observer epoch=61 qpc=1942204065352 seen=0
observer epoch=62 qpc=1942204075353 seen=0
observer epoch=63 qpc=1942204085354 seen=0
observer epoch=64 qpc=1942204095353 seen=0
observer epoch=65 qpc=1942204105356 seen=0
observer epoch=66 qpc=1942204115347 seen=0
observer epoch=67 qpc=1942204125353 seen=0
observer epoch=68 qpc=1942204135348 seen=0
observer epoch=69 qpc=1942204145345 seen=0
observer epoch=70 qpc=1942204155360 seen=0
observer epoch=71 qpc=1942204165350 seen=0
observer epoch=72 qpc=1942204175350 seen=0
observer epoch=73 qpc=1942204185350 seen=0
observer epoch=74 qpc=1942204195345 seen=0
observer epoch=75 qpc=1942204205346 seen=0
observer epoch=76 qpc=1942204215358 seen=0
observer epoch=77 qpc=1942204225351 seen=0
observer epoch=78 qpc=1942204235349 seen=0
observer epoch=79 qpc=1942204245352 seen=0
observer epoch=80 qpc=1942204255351 seen=0
observer epoch=81 qpc=1942204265348 seen=0
observer epoch=82 qpc=1942204275353 seen=0
observer epoch=83 qpc=1942204285354 seen=0
observer epoch=84 qpc=1942204295350 seen=0
observer epoch=85 qpc=1942204305347 seen=0
observer epoch=86 qpc=1942204315357 seen=0
observer epoch=87 qpc=1942204325352 seen=0
observer epoch=88 qpc=1942204335350 seen=0
observer epoch=89 qpc=1942204345353 seen=0
observer epoch=90 qpc=1942204355347 seen=0
observer epoch=91 qpc=1942204365363 seen=0
observer epoch=92 qpc=1942204375352 seen=0
observer epoch=93 qpc=1942204385359 seen=0
observer epoch=94 qpc=1942204395349 seen=0
observer epoch=95 qpc=1942204405347 seen=0
observer epoch=96 qpc=1942204415362 seen=0
observer epoch=97 qpc=1942204425345 seen=0
observer epoch=98 qpc=1942204435355 seen=0
observer epoch=99 qpc=1942204445357 seen=0
observer epoch=100 qpc=1942204455355 seen=0
observer epoch=101 qpc=1942204465349 seen=0
observer epoch=102 qpc=1942204475349 seen=0
observer epoch=103 qpc=1942204485349 seen=0
observer epoch=104 qpc=1942204495349 seen=0
observer epoch=105 qpc=1942204505363 seen=0
observer epoch=106 qpc=1942204515361 seen=0
observer epoch=107 qpc=1942204525359 seen=0
observer epoch=108 qpc=1942204535349 seen=0
observer epoch=109 qpc=1942204545358 seen=0
observer epoch=110 qpc=1942204555356 seen=0
observer epoch=111 qpc=1942204565359 seen=0
observer epoch=112 qpc=1942204575348 seen=0
observer epoch=113 qpc=1942204585353 seen=0
observer epoch=114 qpc=1942204595353 seen=0
observer epoch=115 qpc=1942204605354 seen=0
observer epoch=116 qpc=1942204615348 seen=0
observer epoch=117 qpc=1942204625350 seen=0
observer epoch=118 qpc=1942204635346 seen=0
observer epoch=119 qpc=1942204645351 seen=0
observer epoch=120 qpc=1942204655347 seen=0
observer epoch=121 qpc=1942204665347 seen=0
observer epoch=122 qpc=1942204675351 seen=0
observer epoch=123 qpc=1942204685347 seen=0
observer epoch=124 qpc=1942204695349 seen=0
observer epoch=125 qpc=1942204705353 seen=0
observer epoch=126 qpc=1942204715353 seen=0
observer epoch=127 qpc=1942204725350 seen=0
observer epoch=128 qpc=1942204735363 seen=0
observer epoch=129 qpc=1942204745346 seen=0
observer epoch=130 qpc=1942204755361 seen=0
observer epoch=131 qpc=1942204765346 seen=0
observer epoch=132 qpc=1942204775350 seen=0
observer epoch=133 qpc=1942204785354 seen=0
observer epoch=134 qpc=1942204795346 seen=0
observer epoch=135 qpc=1942204805348 seen=0
observer epoch=136 qpc=1942204815355 seen=0
observer epoch=137 qpc=1942204825345 seen=0
observer epoch=138 qpc=1942204835347 seen=0
observer epoch=139 qpc=1942204845349 seen=0
observer epoch=140 qpc=1942204855346 seen=0
observer epoch=141 qpc=1942204865356 seen=0
observer epoch=142 qpc=1942204875351 seen=0
observer epoch=143 qpc=1942204885352 seen=0
observer epoch=144 qpc=1942204895350 seen=0
observer epoch=145 qpc=1942204905355 seen=0
observer epoch=146 qpc=1942204915355 seen=0
observer epoch=147 qpc=1942204925358 seen=0
observer epoch=148 qpc=1942204935352 seen=0
observer epoch=149 qpc=1942204945346 seen=0
observer epoch=150 qpc=1942204955345 seen=0
observer epoch=151 qpc=1942204965352 seen=0
observer epoch=152 qpc=1942204975351 seen=0
observer epoch=153 qpc=1942204985350 seen=0
observer epoch=154 qpc=1942204995350 seen=0
observer epoch=155 qpc=1942205005349 seen=0
observer epoch=156 qpc=1942205015349 seen=0
observer epoch=157 qpc=1942205025346 seen=0
observer epoch=158 qpc=1942205035350 seen=0
observer epoch=159 qpc=1942205045352 seen=0
observer epoch=160 qpc=1942205055356 seen=0
observer epoch=161 qpc=1942205065348 seen=0
observer epoch=162 qpc=1942205075349 seen=0
observer epoch=163 qpc=1942205085348 seen=0
observer epoch=164 qpc=1942205095352 seen=0
observer epoch=165 qpc=1942205105352 seen=0
observer epoch=166 qpc=1942205115345 seen=0
observer epoch=167 qpc=1942205125355 seen=0
observer epoch=168 qpc=1942205135358 seen=0
observer epoch=169 qpc=1942205145347 seen=0
observer epoch=170 qpc=1942205155355 seen=0
observer epoch=171 qpc=1942205165358 seen=0
observer epoch=172 qpc=1942205175353 seen=0
observer epoch=173 qpc=1942205185356 seen=0
observer epoch=174 qpc=1942205195353 seen=0
observer epoch=175 qpc=1942205205356 seen=0
observer epoch=176 qpc=1942205215351 seen=0
observer epoch=177 qpc=1942205225356 seen=0
observer epoch=178 qpc=1942205235362 seen=0
observer epoch=179 qpc=1942205245346 seen=0
observer epoch=180 qpc=1942205255357 seen=0
observer epoch=181 qpc=1942205265349 seen=0
observer epoch=182 qpc=1942205275355 seen=0
observer epoch=183 qpc=1942205285358 seen=0
observer epoch=184 qpc=1942205295356 seen=0
observer epoch=185 qpc=1942205305350 seen=0
observer epoch=186 qpc=1942205315350 seen=0
observer epoch=187 qpc=1942205325350 seen=0
observer epoch=188 qpc=1942205335353 seen=0
observer epoch=189 qpc=1942205345358 seen=0
observer epoch=190 qpc=1942205355348 seen=0
observer epoch=191 qpc=1942205365346 seen=0
observer epoch=192 qpc=1942205375361 seen=0
observer epoch=193 qpc=1942205385349 seen=0
observer epoch=194 qpc=1942205395357 seen=0
observer epoch=195 qpc=1942205405347 seen=0
observer epoch=196 qpc=1942205415355 seen=0
observer epoch=197 qpc=1942205425346 seen=0
observer epoch=198 qpc=1942205435357 seen=0
observer epoch=199 qpc=1942205445350 seen=0
observer epoch=200 qpc=1942205455347 seen=0
observer epoch=201 qpc=1942205465350 seen=0
observer epoch=202 qpc=1942205475348 seen=0
observer epoch=203 qpc=1942205485351 seen=0
observer epoch=204 qpc=1942205495349 seen=0
observer epoch=205 qpc=1942205505359 seen=0
observer epoch=206 qpc=1942205515353 seen=0
observer epoch=207 qpc=1942205525363 seen=0
observer epoch=208 qpc=1942205535352 seen=0
observer epoch=209 qpc=1942205545345 seen=0
observer epoch=210 qpc=1942205555361 seen=0
observer epoch=211 qpc=1942205565360 seen=0
observer epoch=212 qpc=1942205575357 seen=0
observer epoch=213 qpc=1942205585348 seen=0
observer epoch=214 qpc=1942205595349 seen=0
observer epoch=215 qpc=1942205605353 seen=0
observer epoch=216 qpc=1942205615353 seen=0
observer epoch=217 qpc=1942205625357 seen=0
observer epoch=218 qpc=1942205635349 seen=0
observer epoch=219 qpc=1942205645345 seen=0
observer epoch=220 qpc=1942205655356 seen=0
observer epoch=221 qpc=1942205665348 seen=0
observer epoch=222 qpc=1942205675356 seen=0
observer epoch=223 qpc=1942205685350 seen=0
observer epoch=224 qpc=1942205695353 seen=0
observer epoch=225 qpc=1942205705352 seen=0
observer epoch=226 qpc=1942205715348 seen=0
observer epoch=227 qpc=1942205725355 seen=0
observer epoch=228 qpc=1942205735352 seen=0
observer epoch=229 qpc=1942205745351 seen=0
observer epoch=230 qpc=1942205755351 seen=0
observer epoch=231 qpc=1942205765353 seen=0
observer epoch=232 qpc=1942205775357 seen=0
observer epoch=233 qpc=1942205785351 seen=0
observer epoch=234 qpc=1942205795346 seen=0
observer epoch=235 qpc=1942205805360 seen=0
observer epoch=236 qpc=1942205815360 seen=0
observer epoch=237 qpc=1942205825348 seen=0
observer epoch=238 qpc=1942205835349 seen=0
observer epoch=239 qpc=1942205845354 seen=0
observer epoch=240 qpc=1942205855347 seen=0
observer epoch=241 qpc=1942205865356 seen=0
observer epoch=242 qpc=1942205875349 seen=0
observer epoch=243 qpc=1942205885356 seen=0
observer epoch=244 qpc=1942205895350 seen=0
observer epoch=245 qpc=1942205905355 seen=0
observer epoch=246 qpc=1942205915347 seen=0
observer epoch=247 qpc=1942205925353 seen=0
observer epoch=248 qpc=1942205935350 seen=0
observer epoch=249 qpc=1942205945357 seen=0
observer epoch=250 qpc=1942205955358 seen=0
observer epoch=251 qpc=1942205965348 seen=0
observer epoch=252 qpc=1942205975357 seen=0
observer epoch=253 qpc=1942205985350 seen=0
observer epoch=254 qpc=1942205995357 seen=0
observer epoch=255 qpc=1942206005353 seen=0
observer epoch=256 qpc=1942206015356 seen=0
observer epoch=257 qpc=1942206025351 seen=0
observer epoch=258 qpc=1942206035347 seen=0
observer epoch=259 qpc=1942206045348 seen=0
observer epoch=260 qpc=1942206055354 seen=0
observer epoch=261 qpc=1942206065361 seen=0
observer epoch=262 qpc=1942206075352 seen=0
observer epoch=263 qpc=1942206085350 seen=0
observer epoch=264 qpc=1942206095353 seen=0
observer epoch=265 qpc=1942206105352 seen=0
observer epoch=266 qpc=1942206115355 seen=0
observer epoch=267 qpc=1942206125347 seen=0
observer epoch=268 qpc=1942206135353 seen=0
observer epoch=269 qpc=1942206145355 seen=0
observer epoch=270 qpc=1942206155358 seen=0
observer epoch=271 qpc=1942206165356 seen=0
observer epoch=272 qpc=1942206175350 seen=0
observer epoch=273 qpc=1942206185348 seen=0
observer epoch=274 qpc=1942206195354 seen=0
observer epoch=275 qpc=1942206205349 seen=0
observer epoch=276 qpc=1942206215347 seen=0
observer epoch=277 qpc=1942206225347 seen=1
observer epoch=278 qpc=1942206235357 seen=1
observer epoch=279 qpc=1942206245360 seen=1
observer epoch=280 qpc=1942206255351 seen=1
observer epoch=281 qpc=1942206265350 seen=1
observer epoch=282 qpc=1942206275352 seen=1
observer epoch=283 qpc=1942206285353 seen=1
observer epoch=284 qpc=1942206295349 seen=1
observer epoch=285 qpc=1942206305346 seen=1
observer epoch=286 qpc=1942206315352 seen=1
observer epoch=287 qpc=1942206325345 seen=1
observer epoch=288 qpc=1942206335351 seen=1
observer epoch=289 qpc=1942206345356 seen=1
observer epoch=290 qpc=1942206355350 seen=1
observer epoch=291 qpc=1942206365357 seen=1
observer epoch=292 qpc=1942206375346 seen=1
observer epoch=293 qpc=1942206385351 seen=1
observer epoch=294 qpc=1942206395361 seen=1
observer epoch=295 qpc=1942206405355 seen=1
observer epoch=296 qpc=1942206415357 seen=1
observer epoch=297 qpc=1942206425352 seen=1
observer epoch=298 qpc=1942206435358 seen=1
observer epoch=299 qpc=1942206445347 seen=1
observer epoch=300 qpc=1942206455355 seen=1
observer epoch=301 qpc=1942206465351 seen=1
observer epoch=302 qpc=1942206475355 seen=1
observer epoch=303 qpc=1942206485352 seen=1
observer epoch=304 qpc=1942206495356 seen=1
observer epoch=305 qpc=1942206505357 seen=1
observer epoch=306 qpc=1942206515361 seen=1
observer epoch=307 qpc=1942206525362 seen=1
observer epoch=308 qpc=1942206535350 seen=1
observer epoch=309 qpc=1942206545354 seen=1
observer epoch=310 qpc=1942206555348 seen=1
observer epoch=311 qpc=1942206565355 seen=1
observer epoch=312 qpc=1942206575352 seen=1
observer epoch=313 qpc=1942206585358 seen=1
observer epoch=314 qpc=1942206595346 seen=1
observer epoch=315 qpc=1942206605357 seen=1
observer epoch=316 qpc=1942206615348 seen=1
observer epoch=317 qpc=1942206625351 seen=1
observer epoch=318 qpc=1942206635348 seen=1
observer epoch=319 qpc=1942206645346 seen=1
observer epoch=320 qpc=1942206655345 seen=1
observer epoch=321 qpc=1942206665356 seen=1
observer epoch=322 qpc=1942206675358 seen=1
observer epoch=323 qpc=1942206685348 seen=1
observer epoch=324 qpc=1942206695347 seen=1
observer epoch=325 qpc=1942206705350 seen=1
observer epoch=326 qpc=1942206715356 seen=1
observer epoch=327 qpc=1942206725354 seen=1
observer epoch=328 qpc=1942206735352 seen=1
observer epoch=329 qpc=1942206745352 seen=1
observer epoch=330 qpc=1942206755351 seen=1
observer epoch=331 qpc=1942206765346 seen=1
observer epoch=332 qpc=1942206775350 seen=1
observer epoch=333 qpc=1942206785354 seen=1
observer epoch=334 qpc=1942206795351 seen=1
observer epoch=335 qpc=1942206805346 seen=1
observer epoch=336 qpc=1942206815346 seen=1
observer epoch=337 qpc=1942206825351 seen=1
observer epoch=338 qpc=1942206835362 seen=1
observer epoch=339 qpc=1942206845349 seen=1
observer epoch=340 qpc=1942206855347 seen=1
observer epoch=341 qpc=1942206865351 seen=1
observer epoch=342 qpc=1942206875363 seen=1
observer epoch=343 qpc=1942206885353 seen=1
observer epoch=344 qpc=1942206895358 seen=1
observer epoch=345 qpc=1942206905352 seen=1
observer epoch=346 qpc=1942206915358 seen=1
observer epoch=347 qpc=1942206925351 seen=1
observer epoch=348 qpc=1942206935356 seen=1
observer epoch=349 qpc=1942206945349 seen=1
observer epoch=350 qpc=1942206955355 seen=1
observer epoch=351 qpc=1942206965353 seen=1
observer epoch=352 qpc=1942206975352 seen=1
observer epoch=353 qpc=1942206985354 seen=1
observer epoch=354 qpc=1942206995354 seen=1
observer epoch=355 qpc=1942207005349 seen=1
observer epoch=356 qpc=1942207015351 seen=1
observer epoch=357 qpc=1942207025356 seen=1
observer epoch=358 qpc=1942207035349 seen=1
observer epoch=359 qpc=1942207045357 seen=1
observer epoch=360 qpc=1942207055362 seen=1
observer epoch=361 qpc=1942207065362 seen=1
observer epoch=362 qpc=1942207075363 seen=1
observer epoch=363 qpc=1942207085356 seen=1
observer epoch=364 qpc=1942207095357 seen=1
observer epoch=365 qpc=1942207105357 seen=1
observer epoch=366 qpc=1942207115345 seen=1
observer epoch=367 qpc=1942207125347 seen=1
observer epoch=368 qpc=1942207135360 seen=1
observer epoch=369 qpc=1942207145352 seen=1
observer epoch=370 qpc=1942207155351 seen=1
observer epoch=371 qpc=1942207165355 seen=1
observer epoch=372 qpc=1942207175352 seen=1
observer epoch=373 qpc=1942207185360 seen=1
observer epoch=374 qpc=1942207195349 seen=1
observer epoch=375 qpc=1942207205346 seen=1
observer epoch=376 qpc=1942207215361 seen=1
observer epoch=377 qpc=1942207225352 seen=1
observer epoch=378 qpc=1942207235353 seen=1
observer epoch=379 qpc=1942207245352 seen=1
observer epoch=380 qpc=1942207255349 seen=1
observer epoch=381 qpc=1942207265353 seen=1
observer epoch=382 qpc=1942207275351 seen=1
observer epoch=383 qpc=1942207285356 seen=1
observer epoch=384 qpc=1942207295350 seen=1
observer epoch=385 qpc=1942207305351 seen=1
observer epoch=386 qpc=1942207315357 seen=1
observer epoch=387 qpc=1942207325348 seen=1
observer epoch=388 qpc=1942207335361 seen=1
observer epoch=389 qpc=1942207345347 seen=1
observer epoch=390 qpc=1942207355350 seen=1
observer epoch=391 qpc=1942207365348 seen=1
observer epoch=392 qpc=1942207375353 seen=1
observer epoch=393 qpc=1942207385354 seen=1
observer epoch=394 qpc=1942207395348 seen=1
observer epoch=395 qpc=1942207405350 seen=1
observer epoch=396 qpc=1942207415352 seen=1
observer epoch=397 qpc=1942207425353 seen=1
observer epoch=398 qpc=1942207435351 seen=1
observer epoch=399 qpc=1942207445356 seen=1
observer epoch=400 qpc=1942207455355 seen=1
observer epoch=401 qpc=1942207465348 seen=1
observer epoch=402 qpc=1942207475345 seen=1
observer epoch=403 qpc=1942207485345 seen=1
observer epoch=404 qpc=1942207495345 seen=1
observer epoch=405 qpc=1942207505345 seen=1
observer epoch=406 qpc=1942207515353 seen=1
observer epoch=407 qpc=1942207525353 seen=1
observer epoch=408 qpc=1942207535346 seen=1
observer epoch=409 qpc=1942207545357 seen=1
observer epoch=410 qpc=1942207555346 seen=1
observer epoch=411 qpc=1942207565346 seen=1
observer epoch=412 qpc=1942207575347 seen=1
observer epoch=413 qpc=1942207585357 seen=1
observer epoch=414 qpc=1942207595356 seen=1
observer epoch=415 qpc=1942207605349 seen=1
observer epoch=416 qpc=1942207615353 seen=1
observer epoch=417 qpc=1942207625355 seen=1
observer epoch=418 qpc=1942207635351 seen=1
observer epoch=419 qpc=1942207645345 seen=1
observer epoch=420 qpc=1942207655351 seen=1
observer epoch=421 qpc=1942207665348 seen=1
observer epoch=422 qpc=1942207675345 seen=1
observer epoch=423 qpc=1942207685345 seen=1
observer epoch=424 qpc=1942207695348 seen=1
observer epoch=425 qpc=1942207705355 seen=1
observer epoch=426 qpc=1942207715351 seen=1
observer epoch=427 qpc=1942207725357 seen=1
observer epoch=428 qpc=1942207735351 seen=1
observer epoch=429 qpc=1942207745356 seen=1
observer epoch=430 qpc=1942207755358 seen=1
observer epoch=431 qpc=1942207765349 seen=1
observer epoch=432 qpc=1942207775352 seen=1
observer epoch=433 qpc=1942207785349 seen=1
observer epoch=434 qpc=1942207795356 seen=1
observer epoch=435 qpc=1942207805347 seen=1
observer epoch=436 qpc=1942207815347 seen=1
observer epoch=437 qpc=1942207825348 seen=1
observer epoch=438 qpc=1942207835349 seen=1
observer epoch=439 qpc=1942207845347 seen=1
observer epoch=440 qpc=1942207855353 seen=1
observer epoch=441 qpc=1942207865355 seen=1
observer epoch=442 qpc=1942207875359 seen=1
observer epoch=443 qpc=1942207885355 seen=1
observer epoch=444 qpc=1942207895359 seen=1
observer epoch=445 qpc=1942207905357 seen=1
observer epoch=446 qpc=1942207915358 seen=1
observer epoch=447 qpc=1942207925351 seen=1
observer epoch=448 qpc=1942207935356 seen=1
observer epoch=449 qpc=1942207945346 seen=1
observer epoch=450 qpc=1942207955351 seen=1
observer epoch=451 qpc=1942207965353 seen=1
observer epoch=452 qpc=1942207975356 seen=1
observer epoch=453 qpc=1942207985358 seen=1
observer epoch=454 qpc=1942207995345 seen=1
observer epoch=455 qpc=1942208005358 seen=1
observer epoch=456 qpc=1942208015355 seen=1
observer epoch=457 qpc=1942208025346 seen=1
observer epoch=458 qpc=1942208035345 seen=1
observer epoch=459 qpc=1942208045354 seen=1
observer epoch=460 qpc=1942208055355 seen=1
observer epoch=461 qpc=1942208065350 seen=1
observer epoch=462 qpc=1942208075347 seen=1
observer epoch=463 qpc=1942208085356 seen=1
observer epoch=464 qpc=1942208095352 seen=1
observer epoch=465 qpc=1942208105346 seen=1
observer epoch=466 qpc=1942208115355 seen=1
observer epoch=467 qpc=1942208125352 seen=1
observer epoch=468 qpc=1942208135350 seen=1
observer epoch=469 qpc=1942208145348 seen=1
observer epoch=470 qpc=1942208155352 seen=1
observer epoch=471 qpc=1942208165350 seen=1
observer epoch=472 qpc=1942208175352 seen=1
observer epoch=473 qpc=1942208185352 seen=1
observer epoch=474 qpc=1942208195346 seen=1
observer epoch=475 qpc=1942208205347 seen=1
observer epoch=476 qpc=1942208215352 seen=1
observer epoch=477 qpc=1942208225358 seen=1
observer epoch=478 qpc=1942208235355 seen=1
observer epoch=479 qpc=1942208245347 seen=1
observer epoch=480 qpc=1942208255350 seen=1
observer epoch=481 qpc=1942208265347 seen=1
observer epoch=482 qpc=1942208275357 seen=1
observer epoch=483 qpc=1942208285349 seen=1
observer epoch=484 qpc=1942208295349 seen=1
observer epoch=485 qpc=1942208305357 seen=1
observer epoch=486 qpc=1942208315358 seen=1
observer epoch=487 qpc=1942208325348 seen=1
observer epoch=488 qpc=1942208335346 seen=1
observer epoch=489 qpc=1942208345351 seen=1
observer epoch=490 qpc=1942208355352 seen=1
observer epoch=491 qpc=1942208365347 seen=1
observer epoch=492 qpc=1942208375357 seen=1
observer epoch=493 qpc=1942208385354 seen=1
observer epoch=494 qpc=1942208395349 seen=1
observer epoch=495 qpc=1942208405352 seen=1
observer epoch=496 qpc=1942208415348 seen=1
observer epoch=497 qpc=1942208425350 seen=1
observer epoch=498 qpc=1942208435353 seen=1
observer epoch=499 qpc=1942208445350 seen=1
observer epoch=500 qpc=1942208455354 seen=1
observer epoch=501 qpc=1942208465345 seen=1
observer epoch=502 qpc=1942208475352 seen=1
observer epoch=503 qpc=1942208485349 seen=1
observer epoch=504 qpc=1942208495352 seen=1
observer epoch=505 qpc=1942208505365 seen=1
observer epoch=506 qpc=1942208515350 seen=1
observer epoch=507 qpc=1942208525357 seen=1
observer epoch=508 qpc=1942208535357 seen=1
observer epoch=509 qpc=1942208545362 seen=1
observer epoch=510 qpc=1942208555349 seen=1
observer epoch=511 qpc=1942208565346 seen=1
observer epoch=512 qpc=1942208575354 seen=1
observer epoch=513 qpc=1942208585351 seen=1
observer epoch=514 qpc=1942208595355 seen=1
observer epoch=515 qpc=1942208605352 seen=1
observer epoch=516 qpc=1942208615356 seen=1
observer epoch=517 qpc=1942208625353 seen=1
observer epoch=518 qpc=1942208635357 seen=1
observer epoch=519 qpc=1942208645348 seen=1
observer epoch=520 qpc=1942208655348 seen=1
observer epoch=521 qpc=1942208665358 seen=1
observer epoch=522 qpc=1942208675351 seen=1
observer epoch=523 qpc=1942208685357 seen=1
observer epoch=524 qpc=1942208695355 seen=1
observer epoch=525 qpc=1942208705350 seen=1
observer epoch=526 qpc=1942208715352 seen=1
observer epoch=527 qpc=1942208725346 seen=1
observer epoch=528 qpc=1942208735358 seen=1
observer epoch=529 qpc=1942208745359 seen=1
observer epoch=530 qpc=1942208755349 seen=1
observer epoch=531 qpc=1942208765348 seen=1
observer epoch=532 qpc=1942208775355 seen=1
observer epoch=533 qpc=1942208785356 seen=1
observer epoch=534 qpc=1942208795357 seen=1
observer epoch=535 qpc=1942208805356 seen=1
observer epoch=536 qpc=1942208815350 seen=1
observer epoch=537 qpc=1942208825345 seen=1
observer epoch=538 qpc=1942208835346 seen=1
observer epoch=539 qpc=1942208845359 seen=1
observer epoch=540 qpc=1942208855355 seen=1
observer epoch=541 qpc=1942208865345 seen=1
observer epoch=542 qpc=1942208875345 seen=1
observer epoch=543 qpc=1942208885355 seen=1
observer epoch=544 qpc=1942208895352 seen=1
observer epoch=545 qpc=1942208905345 seen=1
observer epoch=546 qpc=1942208915355 seen=1
observer epoch=547 qpc=1942208925356 seen=1
observer epoch=548 qpc=1942208935357 seen=1
observer epoch=549 qpc=1942208945350 seen=1
observer epoch=550 qpc=1942208955346 seen=1
observer epoch=551 qpc=1942208965358 seen=1
observer epoch=552 qpc=1942208975346 seen=1
observer epoch=553 qpc=1942208985349 seen=1
observer epoch=554 qpc=1942208995357 seen=1
observer epoch=555 qpc=1942209005358 seen=1
observer epoch=556 qpc=1942209015345 seen=1
observer epoch=557 qpc=1942209025351 seen=1
observer epoch=558 qpc=1942209035349 seen=1
observer epoch=559 qpc=1942209045347 seen=1
observer epoch=560 qpc=1942209055350 seen=1
observer epoch=561 qpc=1942209065345 seen=1
observer epoch=562 qpc=1942209075351 seen=1
observer epoch=563 qpc=1942209085353 seen=1
observer epoch=564 qpc=1942209095353 seen=1
observer epoch=565 qpc=1942209105353 seen=1
observer epoch=566 qpc=1942209115350 seen=1
observer epoch=567 qpc=1942209125346 seen=1
observer epoch=568 qpc=1942209135345 seen=1
observer epoch=569 qpc=1942209145346 seen=1
observer epoch=570 qpc=1942209155357 seen=1
observer epoch=571 qpc=1942209165347 seen=1
observer epoch=572 qpc=1942209175355 seen=1
observer epoch=573 qpc=1942209185361 seen=1
observer epoch=574 qpc=1942209195362 seen=1
observer epoch=575 qpc=1942209205365 seen=1
observer epoch=576 qpc=1942209215352 seen=1
observer epoch=577 qpc=1942209225350 seen=1
observer epoch=578 qpc=1942209235348 seen=1
observer epoch=579 qpc=1942209245357 seen=1
observer epoch=580 qpc=1942209255348 seen=1
observer epoch=581 qpc=1942209265348 seen=1
observer epoch=582 qpc=1942209275346 seen=1
observer epoch=583 qpc=1942209285357 seen=1
observer epoch=584 qpc=1942209295358 seen=1
observer epoch=585 qpc=1942209305356 seen=1
observer epoch=586 qpc=1942209315352 seen=1
observer epoch=587 qpc=1942209325358 seen=1
observer epoch=588 qpc=1942209335356 seen=1
observer epoch=589 qpc=1942209345359 seen=1
observer epoch=590 qpc=1942209355364 seen=1
observer epoch=591 qpc=1942209365364 seen=1
observer epoch=592 qpc=1942209375361 seen=1
observer epoch=593 qpc=1942209385345 seen=1
observer epoch=594 qpc=1942209395359 seen=1
observer epoch=595 qpc=1942209405354 seen=1
observer epoch=596 qpc=1942209415357 seen=1
observer epoch=597 qpc=1942209425345 seen=1
observer epoch=598 qpc=1942209435349 seen=1
observer epoch=599 qpc=1942209445355 seen=1
observer_summary first=277 published=1942206221201 start=1942203455344 frequency=10000000 phase_us=0
host loaded=C:\eos-private\Mss32.dll tid=796 frequency=10000000 arm=0 phase=0
start begin=1942203455348 end=1942203455415
serve epoch=1 begin=1942203959923 end=1942203959998
serve epoch=2 begin=1942204457984 end=1942204458185
serve epoch=3 begin=1942204965851 end=1942204965962
serve epoch=4 begin=1942205461727 end=1942205461830
serve epoch=5 begin=1942205955760 end=1942205955893
serve epoch=6 begin=1942206460730 end=1942206460922
serve epoch=7 begin=1942206962209 end=1942206962268
serve epoch=8 begin=1942207458613 end=1942207458698
serve epoch=9 begin=1942207965214 end=1942207965333
serve epoch=10 begin=1942208462437 end=1942208462558
serve epoch=11 begin=1942208961293 end=1942208961444
serve epoch=12 begin=1942209459465 end=1942209459567
serve epoch=13 begin=1942209957666 end=1942209957856
completion count=1 callback=1942206221199 callback_end=1942206221203 thread=816 sent=0 status=2 total=204 pos=204 worker=0 send_ok=1
