ALSA lib control.c:1575:(snd_ctl_open_noupdate) [error.control] Invalid CTL hw:0
ALSA lib control.c:1575:(snd_ctl_open_noupdate) [error.control] Invalid CTL hw:1
ALSA lib control.c:1575:(snd_ctl_open_noupdate) [error.control] Invalid CTL hw:0
ALSA lib control.c:1575:(snd_ctl_open_noupdate) [error.control] Invalid CTL hw:1
observer epoch=0 qpc=1942090149914 seen=0
observer epoch=1 qpc=1942090159911 seen=0
observer epoch=2 qpc=1942090169913 seen=0
observer epoch=3 qpc=1942090179907 seen=0
observer epoch=4 qpc=1942090189911 seen=0
observer epoch=5 qpc=1942090199910 seen=0
observer epoch=6 qpc=1942090209913 seen=0
observer epoch=7 qpc=1942090219907 seen=0
observer epoch=8 qpc=1942090229904 seen=0
observer epoch=9 qpc=1942090239910 seen=0
observer epoch=10 qpc=1942090249910 seen=0
observer epoch=11 qpc=1942090259910 seen=0
observer epoch=12 qpc=1942090269916 seen=0
observer epoch=13 qpc=1942090279911 seen=0
observer epoch=14 qpc=1942090289903 seen=0
observer epoch=15 qpc=1942090299913 seen=0
observer epoch=16 qpc=1942090309914 seen=0
observer epoch=17 qpc=1942090319915 seen=0
observer epoch=18 qpc=1942090329904 seen=0
observer epoch=19 qpc=1942090339909 seen=0
observer epoch=20 qpc=1942090349911 seen=0
observer epoch=21 qpc=1942090359909 seen=0
observer epoch=22 qpc=1942090369913 seen=0
observer epoch=23 qpc=1942090379903 seen=0
observer epoch=24 qpc=1942090389903 seen=0
observer epoch=25 qpc=1942090399911 seen=0
observer epoch=26 qpc=1942090409906 seen=0
observer epoch=27 qpc=1942090419910 seen=0
observer epoch=28 qpc=1942090429907 seen=0
observer epoch=29 qpc=1942090439910 seen=0
observer epoch=30 qpc=1942090449907 seen=0
observer epoch=31 qpc=1942090459903 seen=0
observer epoch=32 qpc=1942090469903 seen=0
observer epoch=33 qpc=1942090479914 seen=0
observer epoch=34 qpc=1942090489909 seen=0
observer epoch=35 qpc=1942090499912 seen=0
observer epoch=36 qpc=1942090509913 seen=0
observer epoch=37 qpc=1942090519916 seen=0
observer epoch=38 qpc=1942090529911 seen=0
observer epoch=39 qpc=1942090539913 seen=0
observer epoch=40 qpc=1942090549904 seen=0
observer epoch=41 qpc=1942090559905 seen=0
observer epoch=42 qpc=1942090569910 seen=0
observer epoch=43 qpc=1942090579913 seen=0
observer epoch=44 qpc=1942090589913 seen=0
observer epoch=45 qpc=1942090599909 seen=0
observer epoch=46 qpc=1942090609906 seen=0
observer epoch=47 qpc=1942090619914 seen=0
observer epoch=48 qpc=1942090629903 seen=0
observer epoch=49 qpc=1942090639912 seen=0
observer epoch=50 qpc=1942090649906 seen=0
observer epoch=51 qpc=1942090659903 seen=0
observer epoch=52 qpc=1942090669903 seen=0
observer epoch=53 qpc=1942090679908 seen=0
observer epoch=54 qpc=1942090689907 seen=0
observer epoch=55 qpc=1942090699914 seen=0
observer epoch=56 qpc=1942090709908 seen=0
observer epoch=57 qpc=1942090719913 seen=0
observer epoch=58 qpc=1942090729906 seen=0
observer epoch=59 qpc=1942090739914 seen=0
observer epoch=60 qpc=1942090749913 seen=0
observer epoch=61 qpc=1942090759912 seen=0
observer epoch=62 qpc=1942090769905 seen=0
observer epoch=63 qpc=1942090779919 seen=0
observer epoch=64 qpc=1942090789906 seen=0
observer epoch=65 qpc=1942090799904 seen=0
observer epoch=66 qpc=1942090809908 seen=0
observer epoch=67 qpc=1942090819915 seen=0
observer epoch=68 qpc=1942090829911 seen=0
observer epoch=69 qpc=1942090839908 seen=0
observer epoch=70 qpc=1942090849908 seen=0
observer epoch=71 qpc=1942090859916 seen=0
observer epoch=72 qpc=1942090869912 seen=0
observer epoch=73 qpc=1942090879905 seen=0
observer epoch=74 qpc=1942090889915 seen=0
observer epoch=75 qpc=1942090899910 seen=0
observer epoch=76 qpc=1942090909915 seen=0
observer epoch=77 qpc=1942090919911 seen=0
observer epoch=78 qpc=1942090929915 seen=0
observer epoch=79 qpc=1942090939910 seen=0
observer epoch=80 qpc=1942090949903 seen=0
observer epoch=81 qpc=1942090959907 seen=0
observer epoch=82 qpc=1942090969915 seen=0
observer epoch=83 qpc=1942090979911 seen=0
observer epoch=84 qpc=1942090989908 seen=0
observer epoch=85 qpc=1942090999916 seen=0
observer epoch=86 qpc=1942091009911 seen=0
observer epoch=87 qpc=1942091019914 seen=0
observer epoch=88 qpc=1942091029911 seen=0
observer epoch=89 qpc=1942091039911 seen=0
observer epoch=90 qpc=1942091049904 seen=0
observer epoch=91 qpc=1942091059915 seen=0
observer epoch=92 qpc=1942091069908 seen=0
observer epoch=93 qpc=1942091079910 seen=0
observer epoch=94 qpc=1942091089916 seen=0
observer epoch=95 qpc=1942091099915 seen=0
observer epoch=96 qpc=1942091109909 seen=0
observer epoch=97 qpc=1942091119906 seen=0
observer epoch=98 qpc=1942091129906 seen=0
observer epoch=99 qpc=1942091139909 seen=0
observer epoch=100 qpc=1942091149910 seen=0
observer epoch=101 qpc=1942091159914 seen=0
observer epoch=102 qpc=1942091169910 seen=0
observer epoch=103 qpc=1942091179914 seen=0
observer epoch=104 qpc=1942091189907 seen=0
observer epoch=105 qpc=1942091199906 seen=0
observer epoch=106 qpc=1942091209915 seen=0
observer epoch=107 qpc=1942091219905 seen=0
observer epoch=108 qpc=1942091229903 seen=0
observer epoch=109 qpc=1942091239907 seen=0
observer epoch=110 qpc=1942091249915 seen=0
observer epoch=111 qpc=1942091259908 seen=0
observer epoch=112 qpc=1942091269907 seen=0
observer epoch=113 qpc=1942091279909 seen=0
observer epoch=114 qpc=1942091289912 seen=0
observer epoch=115 qpc=1942091299915 seen=0
observer epoch=116 qpc=1942091309907 seen=0
observer epoch=117 qpc=1942091319918 seen=0
observer epoch=118 qpc=1942091329911 seen=0
observer epoch=119 qpc=1942091339908 seen=0
observer epoch=120 qpc=1942091349909 seen=0
observer epoch=121 qpc=1942091359906 seen=0
observer epoch=122 qpc=1942091369916 seen=0
observer epoch=123 qpc=1942091379903 seen=0
observer epoch=124 qpc=1942091389913 seen=0
observer epoch=125 qpc=1942091399914 seen=0
observer epoch=126 qpc=1942091409907 seen=0
observer epoch=127 qpc=1942091419905 seen=0
observer epoch=128 qpc=1942091429909 seen=0
observer epoch=129 qpc=1942091439906 seen=0
observer epoch=130 qpc=1942091449908 seen=0
observer epoch=131 qpc=1942091459909 seen=0
observer epoch=132 qpc=1942091469909 seen=0
observer epoch=133 qpc=1942091479912 seen=0
observer epoch=134 qpc=1942091489907 seen=0
observer epoch=135 qpc=1942091499905 seen=0
observer epoch=136 qpc=1942091509916 seen=0
observer epoch=137 qpc=1942091519917 seen=0
observer epoch=138 qpc=1942091529911 seen=0
observer epoch=139 qpc=1942091539918 seen=0
observer epoch=140 qpc=1942091549911 seen=0
observer epoch=141 qpc=1942091559907 seen=0
observer epoch=142 qpc=1942091569906 seen=0
observer epoch=143 qpc=1942091579911 seen=0
observer epoch=144 qpc=1942091589909 seen=0
observer epoch=145 qpc=1942091599904 seen=0
observer epoch=146 qpc=1942091609907 seen=0
observer epoch=147 qpc=1942091619905 seen=0
observer epoch=148 qpc=1942091629904 seen=0
observer epoch=149 qpc=1942091639908 seen=0
observer epoch=150 qpc=1942091649910 seen=0
observer epoch=151 qpc=1942091659903 seen=0
observer epoch=152 qpc=1942091669918 seen=0
observer epoch=153 qpc=1942091679904 seen=0
observer epoch=154 qpc=1942091689916 seen=0
observer epoch=155 qpc=1942091699919 seen=0
observer epoch=156 qpc=1942091709923 seen=0
observer epoch=157 qpc=1942091719917 seen=0
observer epoch=158 qpc=1942091729917 seen=0
observer epoch=159 qpc=1942091739905 seen=0
observer epoch=160 qpc=1942091749912 seen=0
observer epoch=161 qpc=1942091759920 seen=0
observer epoch=162 qpc=1942091769919 seen=0
observer epoch=163 qpc=1942091779921 seen=0
observer epoch=164 qpc=1942091789919 seen=0
observer epoch=165 qpc=1942091799922 seen=0
observer epoch=166 qpc=1942091809913 seen=0
observer epoch=167 qpc=1942091819910 seen=0
observer epoch=168 qpc=1942091829916 seen=0
observer epoch=169 qpc=1942091839907 seen=0
observer epoch=170 qpc=1942091849912 seen=0
observer epoch=171 qpc=1942091859910 seen=0
observer epoch=172 qpc=1942091869950 seen=0
observer epoch=173 qpc=1942091879903 seen=0
observer epoch=174 qpc=1942091889906 seen=0
observer epoch=175 qpc=1942091899909 seen=0
observer epoch=176 qpc=1942091909905 seen=0
observer epoch=177 qpc=1942091919908 seen=0
observer epoch=178 qpc=1942091929919 seen=0
observer epoch=179 qpc=1942091939920 seen=0
observer epoch=180 qpc=1942091949903 seen=0
observer epoch=181 qpc=1942091959905 seen=0
observer epoch=182 qpc=1942091969916 seen=0
observer epoch=183 qpc=1942091979917 seen=0
observer epoch=184 qpc=1942091994880 seen=0
observer epoch=185 qpc=1942092000193 seen=0
observer epoch=186 qpc=1942092019847 seen=0
observer epoch=187 qpc=1942092019904 seen=0
observer epoch=188 qpc=1942092029909 seen=0
observer epoch=189 qpc=1942092039916 seen=0
observer epoch=190 qpc=1942092049914 seen=0
observer epoch=191 qpc=1942092059904 seen=0
observer epoch=192 qpc=1942092069906 seen=0
observer epoch=193 qpc=1942092079918 seen=0
observer epoch=194 qpc=1942092089920 seen=0
observer epoch=195 qpc=1942092099920 seen=0
observer epoch=196 qpc=1942092109920 seen=0
observer epoch=197 qpc=1942092119912 seen=0
observer epoch=198 qpc=1942092129910 seen=0
observer epoch=199 qpc=1942092139918 seen=0
observer epoch=200 qpc=1942092149913 seen=0
observer epoch=201 qpc=1942092159904 seen=1
observer epoch=202 qpc=1942092169921 seen=1
observer epoch=203 qpc=1942092179914 seen=1
observer epoch=204 qpc=1942092189920 seen=1
observer epoch=205 qpc=1942092199911 seen=1
observer epoch=206 qpc=1942092209910 seen=1
observer epoch=207 qpc=1942092219916 seen=1
observer epoch=208 qpc=1942092229919 seen=1
observer epoch=209 qpc=1942092239908 seen=1
observer epoch=210 qpc=1942092249915 seen=1
observer epoch=211 qpc=1942092259907 seen=1
observer epoch=212 qpc=1942092269917 seen=1
observer epoch=213 qpc=1942092279911 seen=1
observer epoch=214 qpc=1942092297829 seen=1
observer epoch=215 qpc=1942092299909 seen=1
observer epoch=216 qpc=1942092309903 seen=1
observer epoch=217 qpc=1942092319909 seen=1
observer epoch=218 qpc=1942092329921 seen=1
observer epoch=219 qpc=1942092339907 seen=1
observer epoch=220 qpc=1942092349908 seen=1
observer epoch=221 qpc=1942092359920 seen=1
observer epoch=222 qpc=1942092369904 seen=1
observer epoch=223 qpc=1942092379905 seen=1
observer epoch=224 qpc=1942092389910 seen=1
observer epoch=225 qpc=1942092399908 seen=1
observer epoch=226 qpc=1942092409915 seen=1
observer epoch=227 qpc=1942092419911 seen=1
observer epoch=228 qpc=1942092429911 seen=1
observer epoch=229 qpc=1942092439914 seen=1
observer epoch=230 qpc=1942092449914 seen=1
observer epoch=231 qpc=1942092459909 seen=1
observer epoch=232 qpc=1942092469909 seen=1
observer epoch=233 qpc=1942092483139 seen=1
observer epoch=234 qpc=1942092492239 seen=1
observer epoch=235 qpc=1942092499908 seen=1
observer epoch=236 qpc=1942092509914 seen=1
observer epoch=237 qpc=1942092519911 seen=1
observer epoch=238 qpc=1942092529914 seen=1
observer epoch=239 qpc=1942092539910 seen=1
observer epoch=240 qpc=1942092549919 seen=1
observer epoch=241 qpc=1942092559909 seen=1
observer epoch=242 qpc=1942092569916 seen=1
observer epoch=243 qpc=1942092579908 seen=1
observer epoch=244 qpc=1942092589907 seen=1
observer epoch=245 qpc=1942092599904 seen=1
observer epoch=246 qpc=1942092609909 seen=1
observer epoch=247 qpc=1942092619913 seen=1
observer epoch=248 qpc=1942092629921 seen=1
observer epoch=249 qpc=1942092639910 seen=1
observer epoch=250 qpc=1942092649916 seen=1
observer epoch=251 qpc=1942092671118 seen=1
observer epoch=252 qpc=1942092671122 seen=1
observer epoch=253 qpc=1942092679905 seen=1
observer epoch=254 qpc=1942092694255 seen=1
observer epoch=255 qpc=1942092699916 seen=1
observer epoch=256 qpc=1942092709909 seen=1
observer epoch=257 qpc=1942092719916 seen=1
observer epoch=258 qpc=1942092732245 seen=1
observer epoch=259 qpc=1942092739904 seen=1
observer epoch=260 qpc=1942092749917 seen=1
observer epoch=261 qpc=1942092759912 seen=1
observer epoch=262 qpc=1942092770755 seen=1
observer epoch=263 qpc=1942092779919 seen=1
observer epoch=264 qpc=1942092789913 seen=1
observer epoch=265 qpc=1942092799909 seen=1
observer epoch=266 qpc=1942092809907 seen=1
observer epoch=267 qpc=1942092819909 seen=1
observer epoch=268 qpc=1942092829907 seen=1
observer epoch=269 qpc=1942092839909 seen=1
observer epoch=270 qpc=1942092849918 seen=1
observer epoch=271 qpc=1942092859921 seen=1
observer epoch=272 qpc=1942092869907 seen=1
observer epoch=273 qpc=1942092879918 seen=1
observer epoch=274 qpc=1942092889903 seen=1
observer epoch=275 qpc=1942092899916 seen=1
observer epoch=276 qpc=1942092909921 seen=1
observer epoch=277 qpc=1942092920228 seen=1
observer epoch=278 qpc=1942092929910 seen=1
observer epoch=279 qpc=1942092939907 seen=1
observer epoch=280 qpc=1942092949904 seen=1
observer epoch=281 qpc=1942092959917 seen=1
observer epoch=282 qpc=1942092969906 seen=1
observer epoch=283 qpc=1942092979914 seen=1
observer epoch=284 qpc=1942092989926 seen=1
observer epoch=285 qpc=1942092999916 seen=1
observer epoch=286 qpc=1942093009920 seen=1
observer epoch=287 qpc=1942093019904 seen=1
observer epoch=288 qpc=1942093029917 seen=1
observer epoch=289 qpc=1942093039913 seen=1
observer epoch=290 qpc=1942093049913 seen=1
observer epoch=291 qpc=1942093059921 seen=1
observer epoch=292 qpc=1942093069919 seen=1
observer epoch=293 qpc=1942093079907 seen=1
observer epoch=294 qpc=1942093089921 seen=1
observer epoch=295 qpc=1942093099917 seen=1
observer epoch=296 qpc=1942093109919 seen=1
observer epoch=297 qpc=1942093119914 seen=1
observer epoch=298 qpc=1942093129920 seen=1
observer epoch=299 qpc=1942093139906 seen=1
observer epoch=300 qpc=1942093149906 seen=1
observer epoch=301 qpc=1942093159914 seen=1
observer epoch=302 qpc=1942093169914 seen=1
observer epoch=303 qpc=1942093179915 seen=1
observer epoch=304 qpc=1942093189906 seen=1
observer epoch=305 qpc=1942093199915 seen=1
observer epoch=306 qpc=1942093209909 seen=1
observer epoch=307 qpc=1942093219917 seen=1
observer epoch=308 qpc=1942093230141 seen=1
observer epoch=309 qpc=1942093239911 seen=1
observer epoch=310 qpc=1942093249906 seen=1
observer epoch=311 qpc=1942093259912 seen=1
observer epoch=312 qpc=1942093269917 seen=1
observer epoch=313 qpc=1942093279910 seen=1
observer epoch=314 qpc=1942093289909 seen=1
observer epoch=315 qpc=1942093299914 seen=1
observer epoch=316 qpc=1942093309921 seen=1
observer epoch=317 qpc=1942093319904 seen=1
observer epoch=318 qpc=1942093329916 seen=1
observer epoch=319 qpc=1942093339909 seen=1
observer epoch=320 qpc=1942093349904 seen=1
observer epoch=321 qpc=1942093359912 seen=1
observer epoch=322 qpc=1942093369918 seen=1
observer epoch=323 qpc=1942093379911 seen=1
observer epoch=324 qpc=1942093404318 seen=1
observer epoch=325 qpc=1942093404327 seen=1
observer epoch=326 qpc=1942093409919 seen=1
observer epoch=327 qpc=1942093419909 seen=1
observer epoch=328 qpc=1942093429913 seen=1
observer epoch=329 qpc=1942093439921 seen=1
observer epoch=330 qpc=1942093449920 seen=1
observer epoch=331 qpc=1942093459913 seen=1
observer epoch=332 qpc=1942093469916 seen=1
observer epoch=333 qpc=1942093479917 seen=1
observer epoch=334 qpc=1942093489916 seen=1
observer epoch=335 qpc=1942093499911 seen=1
observer epoch=336 qpc=1942093509905 seen=1
observer epoch=337 qpc=1942093519912 seen=1
observer epoch=338 qpc=1942093529911 seen=1
observer epoch=339 qpc=1942093539919 seen=1
observer epoch=340 qpc=1942093549915 seen=1
observer epoch=341 qpc=1942093559904 seen=1
observer epoch=342 qpc=1942093569911 seen=1
observer epoch=343 qpc=1942093579919 seen=1
observer epoch=344 qpc=1942093589909 seen=1
observer epoch=345 qpc=1942093599904 seen=1
observer epoch=346 qpc=1942093609906 seen=1
observer epoch=347 qpc=1942093619903 seen=1
observer epoch=348 qpc=1942093629905 seen=1
observer epoch=349 qpc=1942093639906 seen=1
observer epoch=350 qpc=1942093649909 seen=1
observer epoch=351 qpc=1942093659915 seen=1
observer epoch=352 qpc=1942093669914 seen=1
observer epoch=353 qpc=1942093679907 seen=1
observer epoch=354 qpc=1942093689904 seen=1
observer epoch=355 qpc=1942093699922 seen=1
observer epoch=356 qpc=1942093709915 seen=1
observer epoch=357 qpc=1942093719917 seen=1
observer epoch=358 qpc=1942093729904 seen=1
observer epoch=359 qpc=1942093742267 seen=1
observer epoch=360 qpc=1942093750133 seen=1
observer epoch=361 qpc=1942093759917 seen=1
observer epoch=362 qpc=1942093769920 seen=1
observer epoch=363 qpc=1942093779918 seen=1
observer epoch=364 qpc=1942093790039 seen=1
observer epoch=365 qpc=1942093800065 seen=1
observer epoch=366 qpc=1942093809915 seen=1
observer epoch=367 qpc=1942093819919 seen=1
observer epoch=368 qpc=1942093853850 seen=1
observer epoch=369 qpc=1942093853858 seen=1
observer epoch=370 qpc=1942093853861 seen=1
observer epoch=371 qpc=1942093870764 seen=1
observer epoch=372 qpc=1942093870771 seen=1
observer epoch=373 qpc=1942093885505 seen=1
observer epoch=374 qpc=1942093894203 seen=1
observer epoch=375 qpc=1942093899914 seen=1
observer epoch=376 qpc=1942093909951 seen=1
observer epoch=377 qpc=1942093919906 seen=1
observer epoch=378 qpc=1942093933537 seen=1
observer epoch=379 qpc=1942093941302 seen=1
observer epoch=380 qpc=1942093949913 seen=1
observer epoch=381 qpc=1942093959908 seen=1
observer epoch=382 qpc=1942093969969 seen=1
observer epoch=383 qpc=1942093979920 seen=1
observer epoch=384 qpc=1942093989916 seen=1
observer epoch=385 qpc=1942093999914 seen=1
observer epoch=386 qpc=1942094009909 seen=1
observer epoch=387 qpc=1942094019913 seen=1
observer epoch=388 qpc=1942094029913 seen=1
observer epoch=389 qpc=1942094039904 seen=1
observer epoch=390 qpc=1942094049904 seen=1
observer epoch=391 qpc=1942094059914 seen=1
observer epoch=392 qpc=1942094069904 seen=1
observer epoch=393 qpc=1942094079916 seen=1
observer epoch=394 qpc=1942094089914 seen=1
observer epoch=395 qpc=1942094099923 seen=1
observer epoch=396 qpc=1942094109916 seen=1
observer epoch=397 qpc=1942094119910 seen=1
observer epoch=398 qpc=1942094129910 seen=1
observer epoch=399 qpc=1942094139903 seen=1
observer epoch=400 qpc=1942094149914 seen=1
observer epoch=401 qpc=1942094159916 seen=1
observer epoch=402 qpc=1942094169913 seen=1
observer epoch=403 qpc=1942094179909 seen=1
observer epoch=404 qpc=1942094189909 seen=1
observer epoch=405 qpc=1942094199921 seen=1
observer epoch=406 qpc=1942094209912 seen=1
observer epoch=407 qpc=1942094219908 seen=1
observer epoch=408 qpc=1942094229911 seen=1
observer epoch=409 qpc=1942094239919 seen=1
observer epoch=410 qpc=1942094249917 seen=1
observer epoch=411 qpc=1942094259910 seen=1
observer epoch=412 qpc=1942094269917 seen=1
observer epoch=413 qpc=1942094279914 seen=1
observer epoch=414 qpc=1942094289923 seen=1
observer epoch=415 qpc=1942094299917 seen=1
observer epoch=416 qpc=1942094309920 seen=1
observer epoch=417 qpc=1942094319905 seen=1
observer epoch=418 qpc=1942094329908 seen=1
observer epoch=419 qpc=1942094339919 seen=1
observer epoch=420 qpc=1942094359862 seen=1
observer epoch=421 qpc=1942094376585 seen=1
observer epoch=422 qpc=1942094376589 seen=1
observer epoch=423 qpc=1942094388100 seen=1
observer epoch=424 qpc=1942094398749 seen=1
observer epoch=425 qpc=1942094399903 seen=1
observer epoch=426 qpc=1942094410521 seen=1
observer epoch=427 qpc=1942094420318 seen=1
observer epoch=428 qpc=1942094430226 seen=1
observer epoch=429 qpc=1942094440156 seen=1
observer epoch=430 qpc=1942094454062 seen=1
observer epoch=431 qpc=1942094466418 seen=1
observer epoch=432 qpc=1942094469913 seen=1
observer epoch=433 qpc=1942094479914 seen=1
observer epoch=434 qpc=1942094490057 seen=1
observer epoch=435 qpc=1942094499918 seen=1
observer epoch=436 qpc=1942094509917 seen=1
observer epoch=437 qpc=1942094519917 seen=1
observer epoch=438 qpc=1942094529916 seen=1
observer epoch=439 qpc=1942094539904 seen=1
observer epoch=440 qpc=1942094549911 seen=1
observer epoch=441 qpc=1942094559906 seen=1
observer epoch=442 qpc=1942094569912 seen=1
observer epoch=443 qpc=1942094580039 seen=1
observer epoch=444 qpc=1942094589910 seen=1
observer epoch=445 qpc=1942094599906 seen=1
observer epoch=446 qpc=1942094609908 seen=1
observer epoch=447 qpc=1942094619912 seen=1
observer epoch=448 qpc=1942094629920 seen=1
observer epoch=449 qpc=1942094639917 seen=1
observer epoch=450 qpc=1942094649908 seen=1
observer epoch=451 qpc=1942094659914 seen=1
observer epoch=452 qpc=1942094669905 seen=1
observer epoch=453 qpc=1942094679911 seen=1
observer epoch=454 qpc=1942094689917 seen=1
observer epoch=455 qpc=1942094699907 seen=1
observer epoch=456 qpc=1942094709904 seen=1
observer epoch=457 qpc=1942094719913 seen=1
observer epoch=458 qpc=1942094729911 seen=1
observer epoch=459 qpc=1942094739906 seen=1
observer epoch=460 qpc=1942094749917 seen=1
observer epoch=461 qpc=1942094759920 seen=1
observer epoch=462 qpc=1942094769921 seen=1
observer epoch=463 qpc=1942094779909 seen=1
observer epoch=464 qpc=1942094789910 seen=1
observer epoch=465 qpc=1942094799904 seen=1
observer epoch=466 qpc=1942094809904 seen=1
observer epoch=467 qpc=1942094819914 seen=1
observer epoch=468 qpc=1942094829915 seen=1
observer epoch=469 qpc=1942094839905 seen=1
observer epoch=470 qpc=1942094849919 seen=1
observer epoch=471 qpc=1942094859909 seen=1
observer epoch=472 qpc=1942094869915 seen=1
observer epoch=473 qpc=1942094879913 seen=1
observer epoch=474 qpc=1942094889905 seen=1
observer epoch=475 qpc=1942094899920 seen=1
observer epoch=476 qpc=1942094909906 seen=1
observer epoch=477 qpc=1942094919911 seen=1
observer epoch=478 qpc=1942094929904 seen=1
observer epoch=479 qpc=1942094939918 seen=1
observer epoch=480 qpc=1942094949919 seen=1
observer epoch=481 qpc=1942094959904 seen=1
observer epoch=482 qpc=1942094969904 seen=1
observer epoch=483 qpc=1942094979915 seen=1
observer epoch=484 qpc=1942094989916 seen=1
observer epoch=485 qpc=1942094999908 seen=1
observer epoch=486 qpc=1942095009908 seen=1
observer epoch=487 qpc=1942095019917 seen=1
observer epoch=488 qpc=1942095029918 seen=1
observer epoch=489 qpc=1942095039919 seen=1
observer epoch=490 qpc=1942095049916 seen=1
observer epoch=491 qpc=1942095059918 seen=1
observer epoch=492 qpc=1942095069905 seen=1
observer epoch=493 qpc=1942095079920 seen=1
observer epoch=494 qpc=1942095089920 seen=1
observer epoch=495 qpc=1942095099919 seen=1
observer epoch=496 qpc=1942095109919 seen=1
observer epoch=497 qpc=1942095119918 seen=1
observer epoch=498 qpc=1942095129920 seen=1
observer epoch=499 qpc=1942095139912 seen=1
observer epoch=500 qpc=1942095149915 seen=1
observer epoch=501 qpc=1942095159903 seen=1
observer epoch=502 qpc=1942095169907 seen=1
observer epoch=503 qpc=1942095179913 seen=1
observer epoch=504 qpc=1942095189906 seen=1
observer epoch=505 qpc=1942095199905 seen=1
observer epoch=506 qpc=1942095209904 seen=1
observer epoch=507 qpc=1942095219904 seen=1
observer epoch=508 qpc=1942095229916 seen=1
observer epoch=509 qpc=1942095239911 seen=1
observer epoch=510 qpc=1942095249906 seen=1
observer epoch=511 qpc=1942095259910 seen=1
observer epoch=512 qpc=1942095269910 seen=1
observer epoch=513 qpc=1942095279905 seen=1
observer epoch=514 qpc=1942095289915 seen=1
observer epoch=515 qpc=1942095299909 seen=1
observer epoch=516 qpc=1942095309914 seen=1
observer epoch=517 qpc=1942095319909 seen=1
observer epoch=518 qpc=1942095329911 seen=1
observer epoch=519 qpc=1942095339910 seen=1
observer epoch=520 qpc=1942095349910 seen=1
observer epoch=521 qpc=1942095359920 seen=1
observer epoch=522 qpc=1942095369913 seen=1
observer epoch=523 qpc=1942095379917 seen=1
observer epoch=524 qpc=1942095389912 seen=1
observer epoch=525 qpc=1942095399907 seen=1
observer epoch=526 qpc=1942095409917 seen=1
observer epoch=527 qpc=1942095437101 seen=1
observer epoch=528 qpc=1942095437106 seen=1
observer epoch=529 qpc=1942095450239 seen=1
observer epoch=530 qpc=1942095450246 seen=1
observer epoch=531 qpc=1942095470198 seen=1
observer epoch=532 qpc=1942095470202 seen=1
observer epoch=533 qpc=1942095479903 seen=1
observer epoch=534 qpc=1942095489915 seen=1
observer epoch=535 qpc=1942095499906 seen=1
observer epoch=536 qpc=1942095509906 seen=1
observer epoch=537 qpc=1942095519921 seen=1
observer epoch=538 qpc=1942095529903 seen=1
observer epoch=539 qpc=1942095539916 seen=1
observer epoch=540 qpc=1942095549910 seen=1
observer epoch=541 qpc=1942095559914 seen=1
observer epoch=542 qpc=1942095569917 seen=1
observer epoch=543 qpc=1942095579913 seen=1
observer epoch=544 qpc=1942095589913 seen=1
observer epoch=545 qpc=1942095599905 seen=1
observer epoch=546 qpc=1942095609908 seen=1
observer epoch=547 qpc=1942095619906 seen=1
observer epoch=548 qpc=1942095629911 seen=1
observer epoch=549 qpc=1942095639910 seen=1
observer epoch=550 qpc=1942095649916 seen=1
observer epoch=551 qpc=1942095659911 seen=1
observer epoch=552 qpc=1942095669918 seen=1
observer epoch=553 qpc=1942095679915 seen=1
observer epoch=554 qpc=1942095689912 seen=1
observer epoch=555 qpc=1942095699922 seen=1
observer epoch=556 qpc=1942095709910 seen=1
observer epoch=557 qpc=1942095719916 seen=1
observer epoch=558 qpc=1942095729919 seen=1
observer epoch=559 qpc=1942095739917 seen=1
observer epoch=560 qpc=1942095749911 seen=1
observer epoch=561 qpc=1942095759914 seen=1
observer epoch=562 qpc=1942095769920 seen=1
observer epoch=563 qpc=1942095779908 seen=1
observer epoch=564 qpc=1942095789913 seen=1
observer epoch=565 qpc=1942095799907 seen=1
observer epoch=566 qpc=1942095809903 seen=1
observer epoch=567 qpc=1942095819913 seen=1
observer epoch=568 qpc=1942095829907 seen=1
observer epoch=569 qpc=1942095839911 seen=1
observer epoch=570 qpc=1942095849921 seen=1
observer epoch=571 qpc=1942095859904 seen=1
observer epoch=572 qpc=1942095872042 seen=1
observer epoch=573 qpc=1942095879917 seen=1
observer epoch=574 qpc=1942095889915 seen=1
observer epoch=575 qpc=1942095899910 seen=1
observer epoch=576 qpc=1942095909918 seen=1
observer epoch=577 qpc=1942095919912 seen=1
observer epoch=578 qpc=1942095929919 seen=1
observer epoch=579 qpc=1942095939910 seen=1
observer epoch=580 qpc=1942095949920 seen=1
observer epoch=581 qpc=1942095959906 seen=1
observer epoch=582 qpc=1942095969916 seen=1
observer epoch=583 qpc=1942095979918 seen=1
observer epoch=584 qpc=1942095989917 seen=1
observer epoch=585 qpc=1942095999905 seen=1
observer epoch=586 qpc=1942096009909 seen=1
observer epoch=587 qpc=1942096019920 seen=1
observer epoch=588 qpc=1942096029918 seen=1
observer epoch=589 qpc=1942096039915 seen=1
observer epoch=590 qpc=1942096049909 seen=1
observer epoch=591 qpc=1942096059913 seen=1
observer epoch=592 qpc=1942096069907 seen=1
observer epoch=593 qpc=1942096079908 seen=1
observer epoch=594 qpc=1942096089910 seen=1
observer epoch=595 qpc=1942096099920 seen=1
observer epoch=596 qpc=1942096109904 seen=1
observer epoch=597 qpc=1942096119909 seen=1
observer epoch=598 qpc=1942096129923 seen=1
observer epoch=599 qpc=1942096139904 seen=1
observer_summary first=201 published=1942092154022 start=1942090149902 frequency=10000000 phase_us=0
host loaded=C:\eos-private\Mss32.dll tid=300 frequency=10000000 arm=0 phase=0
start begin=1942090149914 end=1942090149969
serve epoch=1 begin=1942090656896 end=1942090656990
serve epoch=2 begin=1942091152932 end=1942091153033
serve epoch=3 begin=1942091665368 end=1942091665637
serve epoch=4 begin=1942092153790 end=1942092154836
serve epoch=5 begin=1942092655417 end=1942092655708
serve epoch=6 begin=1942093152162 end=1942093152372
serve epoch=7 begin=1942093654415 end=1942093654652
serve epoch=8 begin=1942094152602 end=1942094152825
serve epoch=9 begin=1942094652696 end=1942094652841
serve epoch=10 begin=1942095156967 end=1942095157187
serve epoch=11 begin=1942095654492 end=1942095654713
serve epoch=12 begin=1942096152780 end=1942096153057
serve epoch=13 begin=1942096656120 end=1942096656256
completion count=1 callback=1942092154020 callback_end=1942092154023 thread=300 sent=0 status=2 total=204 pos=204 worker=0 send_ok=1
