ALSA lib control.c:1575:(snd_ctl_open_noupdate) [error.control] Invalid CTL hw:0
ALSA lib control.c:1575:(snd_ctl_open_noupdate) [error.control] Invalid CTL hw:1
ALSA lib control.c:1575:(snd_ctl_open_noupdate) [error.control] Invalid CTL hw:0
ALSA lib control.c:1575:(snd_ctl_open_noupdate) [error.control] Invalid CTL hw:1
observer epoch=0 qpc=1942114211486 seen=0
observer epoch=1 qpc=1942114221491 seen=0
observer epoch=2 qpc=1942114231488 seen=0
observer epoch=3 qpc=1942114241485 seen=0
observer epoch=4 qpc=1942114251482 seen=0
observer epoch=5 qpc=1942114261485 seen=0
observer epoch=6 qpc=1942114271483 seen=0
observer epoch=7 qpc=1942114281518 seen=0
observer epoch=8 qpc=1942114291488 seen=0
observer epoch=9 qpc=1942114301496 seen=0
observer epoch=10 qpc=1942114311491 seen=0
observer epoch=11 qpc=1942114321491 seen=0
observer epoch=12 qpc=1942114331489 seen=0
observer epoch=13 qpc=1942114341493 seen=0
observer epoch=14 qpc=1942114351483 seen=0
observer epoch=15 qpc=1942114361493 seen=0
observer epoch=16 qpc=1942114371489 seen=0
observer epoch=17 qpc=1942114381489 seen=0
observer epoch=18 qpc=1942114391485 seen=0
observer epoch=19 qpc=1942114401483 seen=0
observer epoch=20 qpc=1942114411493 seen=0
observer epoch=21 qpc=1942114421488 seen=0
observer epoch=22 qpc=1942114431482 seen=0
observer epoch=23 qpc=1942114441488 seen=0
observer epoch=24 qpc=1942114451492 seen=0
observer epoch=25 qpc=1942114461489 seen=0
observer epoch=26 qpc=1942114471494 seen=0
observer epoch=27 qpc=1942114481491 seen=0
observer epoch=28 qpc=1942114491492 seen=0
observer epoch=29 qpc=1942114501483 seen=0
observer epoch=30 qpc=1942114511489 seen=0
observer epoch=31 qpc=1942114521492 seen=0
observer epoch=32 qpc=1942114531483 seen=0
observer epoch=33 qpc=1942114541492 seen=0
observer epoch=34 qpc=1942114551486 seen=0
observer epoch=35 qpc=1942114561494 seen=0
observer epoch=36 qpc=1942114571499 seen=0
observer epoch=37 qpc=1942114581487 seen=0
observer epoch=38 qpc=1942114591493 seen=0
observer epoch=39 qpc=1942114601496 seen=0
observer epoch=40 qpc=1942114611482 seen=0
observer epoch=41 qpc=1942114621485 seen=0
observer epoch=42 qpc=1942114631494 seen=0
observer epoch=43 qpc=1942114641489 seen=0
observer epoch=44 qpc=1942114651493 seen=0
observer epoch=45 qpc=1942114661486 seen=0
observer epoch=46 qpc=1942114671482 seen=0
observer epoch=47 qpc=1942114681487 seen=0
observer epoch=48 qpc=1942114691495 seen=0
observer epoch=49 qpc=1942114701492 seen=0
observer epoch=50 qpc=1942114711494 seen=0
observer epoch=51 qpc=1942114721494 seen=0
observer epoch=52 qpc=1942114731485 seen=0
observer epoch=53 qpc=1942114741485 seen=0
observer epoch=54 qpc=1942114751491 seen=0
observer epoch=55 qpc=1942114761491 seen=0
observer epoch=56 qpc=1942114771493 seen=0
observer epoch=57 qpc=1942114781494 seen=0
observer epoch=58 qpc=1942114791488 seen=0
observer epoch=59 qpc=1942114801491 seen=0
observer epoch=60 qpc=1942114811482 seen=0
observer epoch=61 qpc=1942114821484 seen=0
observer epoch=62 qpc=1942114831495 seen=0
observer epoch=63 qpc=1942114841483 seen=0
observer epoch=64 qpc=1942114851492 seen=0
observer epoch=65 qpc=1942114861483 seen=0
observer epoch=66 qpc=1942114871493 seen=0
observer epoch=67 qpc=1942114881488 seen=0
observer epoch=68 qpc=1942114891482 seen=0
observer epoch=69 qpc=1942114901484 seen=0
observer epoch=70 qpc=1942114911486 seen=0
observer epoch=71 qpc=1942114921483 seen=0
observer epoch=72 qpc=1942114931495 seen=0
observer epoch=73 qpc=1942114941496 seen=0
observer epoch=74 qpc=1942114951492 seen=0
observer epoch=75 qpc=1942114961498 seen=0
observer epoch=76 qpc=1942114971483 seen=0
observer epoch=77 qpc=1942114981496 seen=0
observer epoch=78 qpc=1942114991487 seen=0
observer epoch=79 qpc=1942115001493 seen=0
observer epoch=80 qpc=1942115011494 seen=0
observer epoch=81 qpc=1942115021483 seen=0
observer epoch=82 qpc=1942115031486 seen=0
observer epoch=83 qpc=1942115041483 seen=0
observer epoch=84 qpc=1942115051491 seen=0
observer epoch=85 qpc=1942115061485 seen=0
observer epoch=86 qpc=1942115071492 seen=0
observer epoch=87 qpc=1942115081492 seen=0
observer epoch=88 qpc=1942115091495 seen=0
observer epoch=89 qpc=1942115101497 seen=0
observer epoch=90 qpc=1942115111482 seen=0
observer epoch=91 qpc=1942115121487 seen=0
observer epoch=92 qpc=1942115131484 seen=0
observer epoch=93 qpc=1942115141485 seen=0
observer epoch=94 qpc=1942115151491 seen=0
observer epoch=95 qpc=1942115161493 seen=0
observer epoch=96 qpc=1942115171498 seen=0
observer epoch=97 qpc=1942115181488 seen=0
observer epoch=98 qpc=1942115191487 seen=0
observer epoch=99 qpc=1942115201491 seen=0
observer epoch=100 qpc=1942115211485 seen=0
observer epoch=101 qpc=1942115221497 seen=0
observer epoch=102 qpc=1942115231492 seen=0
observer epoch=103 qpc=1942115241493 seen=0
observer epoch=104 qpc=1942115251490 seen=0
observer epoch=105 qpc=1942115261482 seen=0
observer epoch=106 qpc=1942115271487 seen=0
observer epoch=107 qpc=1942115281494 seen=0
observer epoch=108 qpc=1942115291490 seen=0
observer epoch=109 qpc=1942115301484 seen=0
observer epoch=110 qpc=1942115311487 seen=0
observer epoch=111 qpc=1942115321489 seen=0
observer epoch=112 qpc=1942115331494 seen=0
observer epoch=113 qpc=1942115341487 seen=0
observer epoch=114 qpc=1942115351492 seen=0
observer epoch=115 qpc=1942115361489 seen=0
observer epoch=116 qpc=1942115371492 seen=0
observer epoch=117 qpc=1942115381482 seen=0
observer epoch=118 qpc=1942115391492 seen=0
observer epoch=119 qpc=1942115401495 seen=0
observer epoch=120 qpc=1942115411486 seen=0
observer epoch=121 qpc=1942115421483 seen=0
observer epoch=122 qpc=1942115431495 seen=0
observer epoch=123 qpc=1942115441482 seen=0
observer epoch=124 qpc=1942115451493 seen=0
observer epoch=125 qpc=1942115461489 seen=0
observer epoch=126 qpc=1942115471492 seen=0
observer epoch=127 qpc=1942115481492 seen=0
observer epoch=128 qpc=1942115491494 seen=0
observer epoch=129 qpc=1942115501492 seen=0
observer epoch=130 qpc=1942115511491 seen=0
observer epoch=131 qpc=1942115521487 seen=0
observer epoch=132 qpc=1942115531485 seen=0
observer epoch=133 qpc=1942115541482 seen=0
observer epoch=134 qpc=1942115551493 seen=0
observer epoch=135 qpc=1942115561485 seen=0
observer epoch=136 qpc=1942115571482 seen=0
observer epoch=137 qpc=1942115581486 seen=0
observer epoch=138 qpc=1942115591488 seen=0
observer epoch=139 qpc=1942115601484 seen=0
observer epoch=140 qpc=1942115611494 seen=0
observer epoch=141 qpc=1942115621493 seen=0
observer epoch=142 qpc=1942115631482 seen=0
observer epoch=143 qpc=1942115641484 seen=0
observer epoch=144 qpc=1942115651487 seen=0
observer epoch=145 qpc=1942115661493 seen=0
observer epoch=146 qpc=1942115671486 seen=0
observer epoch=147 qpc=1942115681489 seen=0
observer epoch=148 qpc=1942115691490 seen=0
observer epoch=149 qpc=1942115701484 seen=0
observer epoch=150 qpc=1942115711494 seen=0
observer epoch=151 qpc=1942115721488 seen=0
observer epoch=152 qpc=1942115731486 seen=0
observer epoch=153 qpc=1942115741495 seen=0
observer epoch=154 qpc=1942115751491 seen=0
observer epoch=155 qpc=1942115761489 seen=0
observer epoch=156 qpc=1942115771487 seen=0
observer epoch=157 qpc=1942115781491 seen=0
observer epoch=158 qpc=1942115791497 seen=0
observer epoch=159 qpc=1942115801484 seen=0
observer epoch=160 qpc=1942115811490 seen=0
observer epoch=161 qpc=1942115821495 seen=0
observer epoch=162 qpc=1942115831488 seen=0
observer epoch=163 qpc=1942115841494 seen=0
observer epoch=164 qpc=1942115851482 seen=0
observer epoch=165 qpc=1942115861490 seen=0
observer epoch=166 qpc=1942115871492 seen=0
observer epoch=167 qpc=1942115881491 seen=0
observer epoch=168 qpc=1942115891500 seen=0
observer epoch=169 qpc=1942115901492 seen=0
observer epoch=170 qpc=1942115911495 seen=0
observer epoch=171 qpc=1942115921490 seen=0
observer epoch=172 qpc=1942115931485 seen=0
observer epoch=173 qpc=1942115941488 seen=0
observer epoch=174 qpc=1942115951483 seen=0
observer epoch=175 qpc=1942115961491 seen=0
observer epoch=176 qpc=1942115971482 seen=0
observer epoch=177 qpc=1942115981497 seen=0
observer epoch=178 qpc=1942115991494 seen=0
observer epoch=179 qpc=1942116001487 seen=0
observer epoch=180 qpc=1942116011492 seen=0
observer epoch=181 qpc=1942116021494 seen=0
observer epoch=182 qpc=1942116031490 seen=0
observer epoch=183 qpc=1942116041489 seen=0
observer epoch=184 qpc=1942116051496 seen=0
observer epoch=185 qpc=1942116061494 seen=0
observer epoch=186 qpc=1942116071482 seen=0
observer epoch=187 qpc=1942116081489 seen=0
observer epoch=188 qpc=1942116091489 seen=0
observer epoch=189 qpc=1942116101490 seen=0
observer epoch=190 qpc=1942116111492 seen=0
observer epoch=191 qpc=1942116121482 seen=0
observer epoch=192 qpc=1942116131488 seen=0
observer epoch=193 qpc=1942116141484 seen=0
observer epoch=194 qpc=1942116151493 seen=0
observer epoch=195 qpc=1942116161486 seen=0
observer epoch=196 qpc=1942116171499 seen=0
observer epoch=197 qpc=1942116181490 seen=0
observer epoch=198 qpc=1942116191487 seen=0
observer epoch=199 qpc=1942116201494 seen=0
observer epoch=200 qpc=1942116211496 seen=0
observer epoch=201 qpc=1942116221488 seen=1
observer epoch=202 qpc=1942116231490 seen=1
observer epoch=203 qpc=1942116241484 seen=1
observer epoch=204 qpc=1942116251492 seen=1
observer epoch=205 qpc=1942116261491 seen=1
observer epoch=206 qpc=1942116271489 seen=1
observer epoch=207 qpc=1942116281492 seen=1
observer epoch=208 qpc=1942116291484 seen=1
observer epoch=209 qpc=1942116301490 seen=1
observer epoch=210 qpc=1942116311492 seen=1
observer epoch=211 qpc=1942116321493 seen=1
observer epoch=212 qpc=1942116331494 seen=1
observer epoch=213 qpc=1942116341496 seen=1
observer epoch=214 qpc=1942116351494 seen=1
observer epoch=215 qpc=1942116361491 seen=1
observer epoch=216 qpc=1942116371483 seen=1
observer epoch=217 qpc=1942116381493 seen=1
observer epoch=218 qpc=1942116391493 seen=1
observer epoch=219 qpc=1942116401486 seen=1
observer epoch=220 qpc=1942116411488 seen=1
observer epoch=221 qpc=1942116421491 seen=1
observer epoch=222 qpc=1942116431495 seen=1
observer epoch=223 qpc=1942116441484 seen=1
observer epoch=224 qpc=1942116451484 seen=1
observer epoch=225 qpc=1942116461492 seen=1
observer epoch=226 qpc=1942116471492 seen=1
observer epoch=227 qpc=1942116481493 seen=1
observer epoch=228 qpc=1942116491489 seen=1
observer epoch=229 qpc=1942116501485 seen=1
observer epoch=230 qpc=1942116511491 seen=1
observer epoch=231 qpc=1942116521487 seen=1
observer epoch=232 qpc=1942116531486 seen=1
observer epoch=233 qpc=1942116541493 seen=1
observer epoch=234 qpc=1942116551484 seen=1
observer epoch=235 qpc=1942116561482 seen=1
observer epoch=236 qpc=1942116571487 seen=1
observer epoch=237 qpc=1942116581493 seen=1
observer epoch=238 qpc=1942116591493 seen=1
observer epoch=239 qpc=1942116601491 seen=1
observer epoch=240 qpc=1942116611487 seen=1
observer epoch=241 qpc=1942116621494 seen=1
observer epoch=242 qpc=1942116631486 seen=1
observer epoch=243 qpc=1942116641495 seen=1
observer epoch=244 qpc=1942116651487 seen=1
observer epoch=245 qpc=1942116661492 seen=1
observer epoch=246 qpc=1942116671494 seen=1
observer epoch=247 qpc=1942116681484 seen=1
observer epoch=248 qpc=1942116691483 seen=1
observer epoch=249 qpc=1942116701490 seen=1
observer epoch=250 qpc=1942116711483 seen=1
observer epoch=251 qpc=1942116721486 seen=1
observer epoch=252 qpc=1942116731490 seen=1
observer epoch=253 qpc=1942116741483 seen=1
observer epoch=254 qpc=1942116751488 seen=1
observer epoch=255 qpc=1942116761492 seen=1
observer epoch=256 qpc=1942116771482 seen=1
observer epoch=257 qpc=1942116781487 seen=1
observer epoch=258 qpc=1942116791486 seen=1
observer epoch=259 qpc=1942116801489 seen=1
observer epoch=260 qpc=1942116811483 seen=1
observer epoch=261 qpc=1942116821491 seen=1
observer epoch=262 qpc=1942116831484 seen=1
observer epoch=263 qpc=1942116841493 seen=1
observer epoch=264 qpc=1942116851491 seen=1
observer epoch=265 qpc=1942116861493 seen=1
observer epoch=266 qpc=1942116871495 seen=1
observer epoch=267 qpc=1942116881487 seen=1
observer epoch=268 qpc=1942116891493 seen=1
observer epoch=269 qpc=1942116901491 seen=1
observer epoch=270 qpc=1942116911488 seen=1
observer epoch=271 qpc=1942116921494 seen=1
observer epoch=272 qpc=1942116931488 seen=1
observer epoch=273 qpc=1942116941488 seen=1
observer epoch=274 qpc=1942116951493 seen=1
observer epoch=275 qpc=1942116961490 seen=1
observer epoch=276 qpc=1942116971493 seen=1
observer epoch=277 qpc=1942116981489 seen=1
observer epoch=278 qpc=1942116991482 seen=1
observer epoch=279 qpc=1942117001490 seen=1
observer epoch=280 qpc=1942117011482 seen=1
observer epoch=281 qpc=1942117021482 seen=1
observer epoch=282 qpc=1942117031492 seen=1
observer epoch=283 qpc=1942117041494 seen=1
observer epoch=284 qpc=1942117051494 seen=1
observer epoch=285 qpc=1942117061484 seen=1
observer epoch=286 qpc=1942117071484 seen=1
observer epoch=287 qpc=1942117081487 seen=1
observer epoch=288 qpc=1942117091490 seen=1
observer epoch=289 qpc=1942117101487 seen=1
observer epoch=290 qpc=1942117111486 seen=1
observer epoch=291 qpc=1942117121490 seen=1
observer epoch=292 qpc=1942117131494 seen=1
observer epoch=293 qpc=1942117141490 seen=1
observer epoch=294 qpc=1942117151488 seen=1
observer epoch=295 qpc=1942117161494 seen=1
observer epoch=296 qpc=1942117171482 seen=1
observer epoch=297 qpc=1942117181488 seen=1
observer epoch=298 qpc=1942117191492 seen=1
observer epoch=299 qpc=1942117201486 seen=1
observer epoch=300 qpc=1942117211495 seen=1
observer epoch=301 qpc=1942117221493 seen=1
observer epoch=302 qpc=1942117231491 seen=1
observer epoch=303 qpc=1942117241483 seen=1
observer epoch=304 qpc=1942117251485 seen=1
observer epoch=305 qpc=1942117261490 seen=1
observer epoch=306 qpc=1942117271487 seen=1
observer epoch=307 qpc=1942117281493 seen=1
observer epoch=308 qpc=1942117291485 seen=1
observer epoch=309 qpc=1942117301487 seen=1
observer epoch=310 qpc=1942117311492 seen=1
observer epoch=311 qpc=1942117321492 seen=1
observer epoch=312 qpc=1942117331488 seen=1
observer epoch=313 qpc=1942117341490 seen=1
observer epoch=314 qpc=1942117351489 seen=1
observer epoch=315 qpc=1942117361492 seen=1
observer epoch=316 qpc=1942117371485 seen=1
observer epoch=317 qpc=1942117381491 seen=1
observer epoch=318 qpc=1942117391488 seen=1
observer epoch=319 qpc=1942117401487 seen=1
observer epoch=320 qpc=1942117411493 seen=1
observer epoch=321 qpc=1942117421483 seen=1
observer epoch=322 qpc=1942117431493 seen=1
observer epoch=323 qpc=1942117441482 seen=1
observer epoch=324 qpc=1942117451487 seen=1
observer epoch=325 qpc=1942117461493 seen=1
observer epoch=326 qpc=1942117471486 seen=1
observer epoch=327 qpc=1942117481494 seen=1
observer epoch=328 qpc=1942117491488 seen=1
observer epoch=329 qpc=1942117501485 seen=1
observer epoch=330 qpc=1942117511483 seen=1
observer epoch=331 qpc=1942117521491 seen=1
observer epoch=332 qpc=1942117531489 seen=1
observer epoch=333 qpc=1942117541491 seen=1
observer epoch=334 qpc=1942117551489 seen=1
observer epoch=335 qpc=1942117561494 seen=1
observer epoch=336 qpc=1942117571487 seen=1
observer epoch=337 qpc=1942117581488 seen=1
observer epoch=338 qpc=1942117591491 seen=1
observer epoch=339 qpc=1942117601490 seen=1
observer epoch=340 qpc=1942117611491 seen=1
observer epoch=341 qpc=1942117621492 seen=1
observer epoch=342 qpc=1942117631486 seen=1
observer epoch=343 qpc=1942117641485 seen=1
observer epoch=344 qpc=1942117651485 seen=1
observer epoch=345 qpc=1942117661495 seen=1
observer epoch=346 qpc=1942117671491 seen=1
observer epoch=347 qpc=1942117681488 seen=1
observer epoch=348 qpc=1942117691493 seen=1
observer epoch=349 qpc=1942117701494 seen=1
observer epoch=350 qpc=1942117711489 seen=1
observer epoch=351 qpc=1942117721494 seen=1
observer epoch=352 qpc=1942117731490 seen=1
observer epoch=353 qpc=1942117741488 seen=1
observer epoch=354 qpc=1942117751498 seen=1
observer epoch=355 qpc=1942117761489 seen=1
observer epoch=356 qpc=1942117771483 seen=1
observer epoch=357 qpc=1942117781487 seen=1
observer epoch=358 qpc=1942117791485 seen=1
observer epoch=359 qpc=1942117801494 seen=1
observer epoch=360 qpc=1942117811491 seen=1
observer epoch=361 qpc=1942117821485 seen=1
observer epoch=362 qpc=1942117831491 seen=1
observer epoch=363 qpc=1942117841491 seen=1
observer epoch=364 qpc=1942117851486 seen=1
observer epoch=365 qpc=1942117861494 seen=1
observer epoch=366 qpc=1942117871489 seen=1
observer epoch=367 qpc=1942117881491 seen=1
observer epoch=368 qpc=1942117891483 seen=1
observer epoch=369 qpc=1942117901482 seen=1
observer epoch=370 qpc=1942117911491 seen=1
observer epoch=371 qpc=1942117921495 seen=1
observer epoch=372 qpc=1942117931484 seen=1
observer epoch=373 qpc=1942117941489 seen=1
observer epoch=374 qpc=1942117951487 seen=1
observer epoch=375 qpc=1942117961490 seen=1
observer epoch=376 qpc=1942117971482 seen=1
observer epoch=377 qpc=1942117981490 seen=1
observer epoch=378 qpc=1942117991482 seen=1
observer epoch=379 qpc=1942118001483 seen=1
observer epoch=380 qpc=1942118011482 seen=1
observer epoch=381 qpc=1942118021495 seen=1
observer epoch=382 qpc=1942118031495 seen=1
observer epoch=383 qpc=1942118041493 seen=1
observer epoch=384 qpc=1942118051485 seen=1
observer epoch=385 qpc=1942118061491 seen=1
observer epoch=386 qpc=1942118071484 seen=1
observer epoch=387 qpc=1942118081492 seen=1
observer epoch=388 qpc=1942118091485 seen=1
observer epoch=389 qpc=1942118101485 seen=1
observer epoch=390 qpc=1942118111485 seen=1
observer epoch=391 qpc=1942118121489 seen=1
observer epoch=392 qpc=1942118131487 seen=1
observer epoch=393 qpc=1942118141492 seen=1
observer epoch=394 qpc=1942118151489 seen=1
observer epoch=395 qpc=1942118161491 seen=1
observer epoch=396 qpc=1942118171483 seen=1
observer epoch=397 qpc=1942118181488 seen=1
observer epoch=398 qpc=1942118191487 seen=1
observer epoch=399 qpc=1942118201484 seen=1
observer epoch=400 qpc=1942118211484 seen=1
observer epoch=401 qpc=1942118221494 seen=1
observer epoch=402 qpc=1942118231488 seen=1
observer epoch=403 qpc=1942118241488 seen=1
observer epoch=404 qpc=1942118251493 seen=1
observer epoch=405 qpc=1942118261493 seen=1
observer epoch=406 qpc=1942118271491 seen=1
observer epoch=407 qpc=1942118281493 seen=1
observer epoch=408 qpc=1942118291507 seen=1
observer epoch=409 qpc=1942118301490 seen=1
observer epoch=410 qpc=1942118311483 seen=1
observer epoch=411 qpc=1942118321488 seen=1
observer epoch=412 qpc=1942118331493 seen=1
observer epoch=413 qpc=1942118341493 seen=1
observer epoch=414 qpc=1942118351483 seen=1
observer epoch=415 qpc=1942118361483 seen=1
observer epoch=416 qpc=1942118371492 seen=1
observer epoch=417 qpc=1942118381493 seen=1
observer epoch=418 qpc=1942118391482 seen=1
observer epoch=419 qpc=1942118401495 seen=1
observer epoch=420 qpc=1942118411492 seen=1
observer epoch=421 qpc=1942118421490 seen=1
observer epoch=422 qpc=1942118431486 seen=1
observer epoch=423 qpc=1942118441487 seen=1
observer epoch=424 qpc=1942118451491 seen=1
observer epoch=425 qpc=1942118461495 seen=1
observer epoch=426 qpc=1942118471484 seen=1
observer epoch=427 qpc=1942118481488 seen=1
observer epoch=428 qpc=1942118491488 seen=1
observer epoch=429 qpc=1942118501491 seen=1
observer epoch=430 qpc=1942118511492 seen=1
observer epoch=431 qpc=1942118521494 seen=1
observer epoch=432 qpc=1942118531483 seen=1
observer epoch=433 qpc=1942118541491 seen=1
observer epoch=434 qpc=1942118551490 seen=1
observer epoch=435 qpc=1942118561494 seen=1
observer epoch=436 qpc=1942118571493 seen=1
observer epoch=437 qpc=1942118581493 seen=1
observer epoch=438 qpc=1942118591490 seen=1
observer epoch=439 qpc=1942118601488 seen=1
observer epoch=440 qpc=1942118611484 seen=1
observer epoch=441 qpc=1942118621492 seen=1
observer epoch=442 qpc=1942118631489 seen=1
observer epoch=443 qpc=1942118641487 seen=1
observer epoch=444 qpc=1942118651491 seen=1
observer epoch=445 qpc=1942118661493 seen=1
observer epoch=446 qpc=1942118671488 seen=1
observer epoch=447 qpc=1942118681495 seen=1
observer epoch=448 qpc=1942118691492 seen=1
observer epoch=449 qpc=1942118701489 seen=1
observer epoch=450 qpc=1942118711485 seen=1
observer epoch=451 qpc=1942118721495 seen=1
observer epoch=452 qpc=1942118731483 seen=1
observer epoch=453 qpc=1942118741485 seen=1
observer epoch=454 qpc=1942118751493 seen=1
observer epoch=455 qpc=1942118761483 seen=1
observer epoch=456 qpc=1942118771490 seen=1
observer epoch=457 qpc=1942118781482 seen=1
observer epoch=458 qpc=1942118791483 seen=1
observer epoch=459 qpc=1942118801485 seen=1
observer epoch=460 qpc=1942118811495 seen=1
observer epoch=461 qpc=1942118821495 seen=1
observer epoch=462 qpc=1942118831493 seen=1
observer epoch=463 qpc=1942118841494 seen=1
observer epoch=464 qpc=1942118851491 seen=1
observer epoch=465 qpc=1942118861495 seen=1
observer epoch=466 qpc=1942118871489 seen=1
observer epoch=467 qpc=1942118881490 seen=1
observer epoch=468 qpc=1942118891494 seen=1
observer epoch=469 qpc=1942118901497 seen=1
observer epoch=470 qpc=1942118911490 seen=1
observer epoch=471 qpc=1942118921489 seen=1
observer epoch=472 qpc=1942118931485 seen=1
observer epoch=473 qpc=1942118941487 seen=1
observer epoch=474 qpc=1942118951494 seen=1
observer epoch=475 qpc=1942118961486 seen=1
observer epoch=476 qpc=1942118971491 seen=1
observer epoch=477 qpc=1942118981492 seen=1
observer epoch=478 qpc=1942118991493 seen=1
observer epoch=479 qpc=1942119001486 seen=1
observer epoch=480 qpc=1942119011493 seen=1
observer epoch=481 qpc=1942119021484 seen=1
observer epoch=482 qpc=1942119031492 seen=1
observer epoch=483 qpc=1942119041487 seen=1
observer epoch=484 qpc=1942119051490 seen=1
observer epoch=485 qpc=1942119061490 seen=1
observer epoch=486 qpc=1942119071492 seen=1
observer epoch=487 qpc=1942119081496 seen=1
observer epoch=488 qpc=1942119091496 seen=1
observer epoch=489 qpc=1942119101490 seen=1
observer epoch=490 qpc=1942119111492 seen=1
observer epoch=491 qpc=1942119121498 seen=1
observer epoch=492 qpc=1942119131496 seen=1
observer epoch=493 qpc=1942119141483 seen=1
observer epoch=494 qpc=1942119151486 seen=1
observer epoch=495 qpc=1942119161486 seen=1
observer epoch=496 qpc=1942119171488 seen=1
observer epoch=497 qpc=1942119181491 seen=1
observer epoch=498 qpc=1942119191492 seen=1
observer epoch=499 qpc=1942119201495 seen=1
observer epoch=500 qpc=1942119211491 seen=1
observer epoch=501 qpc=1942119221485 seen=1
observer epoch=502 qpc=1942119231486 seen=1
observer epoch=503 qpc=1942119241491 seen=1
observer epoch=504 qpc=1942119251490 seen=1
observer epoch=505 qpc=1942119261489 seen=1
observer epoch=506 qpc=1942119271491 seen=1
observer epoch=507 qpc=1942119281493 seen=1
observer epoch=508 qpc=1942119291490 seen=1
observer epoch=509 qpc=1942119301488 seen=1
observer epoch=510 qpc=1942119311486 seen=1
observer epoch=511 qpc=1942119321483 seen=1
observer epoch=512 qpc=1942119331486 seen=1
observer epoch=513 qpc=1942119341487 seen=1
observer epoch=514 qpc=1942119351482 seen=1
observer epoch=515 qpc=1942119361482 seen=1
observer epoch=516 qpc=1942119371485 seen=1
observer epoch=517 qpc=1942119381483 seen=1
observer epoch=518 qpc=1942119391486 seen=1
observer epoch=519 qpc=1942119401484 seen=1
observer epoch=520 qpc=1942119411492 seen=1
observer epoch=521 qpc=1942119421495 seen=1
observer epoch=522 qpc=1942119431490 seen=1
observer epoch=523 qpc=1942119441485 seen=1
observer epoch=524 qpc=1942119451482 seen=1
observer epoch=525 qpc=1942119461484 seen=1
observer epoch=526 qpc=1942119471489 seen=1
observer epoch=527 qpc=1942119481492 seen=1
observer epoch=528 qpc=1942119491484 seen=1
observer epoch=529 qpc=1942119501486 seen=1
observer epoch=530 qpc=1942119511487 seen=1
observer epoch=531 qpc=1942119521496 seen=1
observer epoch=532 qpc=1942119531483 seen=1
observer epoch=533 qpc=1942119541493 seen=1
observer epoch=534 qpc=1942119551486 seen=1
observer epoch=535 qpc=1942119561487 seen=1
observer epoch=536 qpc=1942119571491 seen=1
observer epoch=537 qpc=1942119581489 seen=1
observer epoch=538 qpc=1942119591499 seen=1
observer epoch=539 qpc=1942119601491 seen=1
observer epoch=540 qpc=1942119611483 seen=1
observer epoch=541 qpc=1942119621487 seen=1
observer epoch=542 qpc=1942119631494 seen=1
observer epoch=543 qpc=1942119641487 seen=1
observer epoch=544 qpc=1942119651485 seen=1
observer epoch=545 qpc=1942119661490 seen=1
observer epoch=546 qpc=1942119671490 seen=1
observer epoch=547 qpc=1942119681497 seen=1
observer epoch=548 qpc=1942119691491 seen=1
observer epoch=549 qpc=1942119701490 seen=1
observer epoch=550 qpc=1942119711491 seen=1
observer epoch=551 qpc=1942119721489 seen=1
observer epoch=552 qpc=1942119731482 seen=1
observer epoch=553 qpc=1942119741487 seen=1
observer epoch=554 qpc=1942119751490 seen=1
observer epoch=555 qpc=1942119761483 seen=1
observer epoch=556 qpc=1942119771487 seen=1
observer epoch=557 qpc=1942119781494 seen=1
observer epoch=558 qpc=1942119791490 seen=1
observer epoch=559 qpc=1942119801487 seen=1
observer epoch=560 qpc=1942119811487 seen=1
observer epoch=561 qpc=1942119821482 seen=1
observer epoch=562 qpc=1942119831488 seen=1
observer epoch=563 qpc=1942119841484 seen=1
observer epoch=564 qpc=1942119851487 seen=1
observer epoch=565 qpc=1942119861488 seen=1
observer epoch=566 qpc=1942119871484 seen=1
observer epoch=567 qpc=1942119881482 seen=1
observer epoch=568 qpc=1942119891484 seen=1
observer epoch=569 qpc=1942119901483 seen=1
observer epoch=570 qpc=1942119911482 seen=1
observer epoch=571 qpc=1942119921492 seen=1
observer epoch=572 qpc=1942119931492 seen=1
observer epoch=573 qpc=1942119941495 seen=1
observer epoch=574 qpc=1942119951487 seen=1
observer epoch=575 qpc=1942119961486 seen=1
observer epoch=576 qpc=1942119971488 seen=1
observer epoch=577 qpc=1942119981491 seen=1
observer epoch=578 qpc=1942119991485 seen=1
observer epoch=579 qpc=1942120001493 seen=1
observer epoch=580 qpc=1942120011484 seen=1
observer epoch=581 qpc=1942120021487 seen=1
observer epoch=582 qpc=1942120031489 seen=1
observer epoch=583 qpc=1942120041486 seen=1
observer epoch=584 qpc=1942120051485 seen=1
observer epoch=585 qpc=1942120061486 seen=1
observer epoch=586 qpc=1942120071486 seen=1
observer epoch=587 qpc=1942120081493 seen=1
observer epoch=588 qpc=1942120091484 seen=1
observer epoch=589 qpc=1942120101485 seen=1
observer epoch=590 qpc=1942120111490 seen=1
observer epoch=591 qpc=1942120121483 seen=1
observer epoch=592 qpc=1942120131487 seen=1
observer epoch=593 qpc=1942120141483 seen=1
observer epoch=594 qpc=1942120151484 seen=1
observer epoch=595 qpc=1942120161482 seen=1
observer epoch=596 qpc=1942120171484 seen=1
observer epoch=597 qpc=1942120181487 seen=1
observer epoch=598 qpc=1942120191492 seen=1
observer epoch=599 qpc=1942120201493 seen=1
observer_summary first=201 published=1942116215893 start=1942114206481 frequency=10000000 phase_us=500
host loaded=C:\eos-private\Mss32.dll tid=380 frequency=10000000 arm=0 phase=500
start begin=1942114206491 end=1942114206542
serve epoch=1 begin=1942114714967 end=1942114715117
serve epoch=2 begin=1942115212488 end=1942115212626
serve epoch=3 begin=1942115708805 end=1942115709009
serve epoch=4 begin=1942116216584 end=1942116216721
serve epoch=5 begin=1942116713021 end=1942116713121
serve epoch=6 begin=1942117211754 end=1942117211850
serve epoch=7 begin=1942117708406 end=1942117708522
serve epoch=8 begin=1942118215460 end=1942118215587
serve epoch=9 begin=1942118712300 end=1942118712416
serve epoch=10 begin=1942119208775 end=1942119208870
serve epoch=11 begin=1942119715666 end=1942119715740
serve epoch=12 begin=1942120211712 end=1942120211779
serve epoch=13 begin=1942120708097 end=1942120708208
completion count=1 callback=1942116215890 callback_end=1942116215895 thread=400 sent=0 status=2 total=204 pos=204 worker=0 send_ok=1
