ALSA lib control.c:1575:(snd_ctl_open_noupdate) [error.control] Invalid CTL hw:0
ALSA lib control.c:1575:(snd_ctl_open_noupdate) [error.control] Invalid CTL hw:1
ALSA lib control.c:1575:(snd_ctl_open_noupdate) [error.control] Invalid CTL hw:0
ALSA lib control.c:1575:(snd_ctl_open_noupdate) [error.control] Invalid CTL hw:1
observer epoch=0 qpc=1942212299433 seen=0
observer epoch=1 qpc=1942212309430 seen=0
observer epoch=2 qpc=1942212319433 seen=0
observer epoch=3 qpc=1942212329440 seen=0
observer epoch=4 qpc=1942212339434 seen=0
observer epoch=5 qpc=1942212349435 seen=0
observer epoch=6 qpc=1942212359437 seen=0
observer epoch=7 qpc=1942212369438 seen=0
observer epoch=8 qpc=1942212379428 seen=0
observer epoch=9 qpc=1942212389439 seen=0
observer epoch=10 qpc=1942212399429 seen=0
observer epoch=11 qpc=1942212409435 seen=0
observer epoch=12 qpc=1942212419429 seen=0
observer epoch=13 qpc=1942212429433 seen=0
observer epoch=14 qpc=1942212439431 seen=0
observer epoch=15 qpc=1942212449437 seen=0
observer epoch=16 qpc=1942212459430 seen=0
observer epoch=17 qpc=1942212469427 seen=0
observer epoch=18 qpc=1942212479436 seen=0
observer epoch=19 qpc=1942212489434 seen=0
observer epoch=20 qpc=1942212499438 seen=0
observer epoch=21 qpc=1942212509428 seen=0
observer epoch=22 qpc=1942212519434 seen=0
observer epoch=23 qpc=1942212529430 seen=0
observer epoch=24 qpc=1942212539427 seen=0
observer epoch=25 qpc=1942212549427 seen=0
observer epoch=26 qpc=1942212559438 seen=0
observer epoch=27 qpc=1942212569430 seen=0
observer epoch=28 qpc=1942212579428 seen=0
observer epoch=29 qpc=1942212589439 seen=0
observer epoch=30 qpc=1942212599438 seen=0
observer epoch=31 qpc=1942212609438 seen=0
observer epoch=32 qpc=1942212619438 seen=0
observer epoch=33 qpc=1942212629433 seen=0
observer epoch=34 qpc=1942212639429 seen=0
observer epoch=35 qpc=1942212649433 seen=0
observer epoch=36 qpc=1942212659438 seen=0
observer epoch=37 qpc=1942212669433 seen=0
observer epoch=38 qpc=1942212679435 seen=0
observer epoch=39 qpc=1942212689432 seen=0
observer epoch=40 qpc=1942212699440 seen=0
observer epoch=41 qpc=1942212709437 seen=0
observer epoch=42 qpc=1942212719437 seen=0
observer epoch=43 qpc=1942212729433 seen=0
observer epoch=44 qpc=1942212739437 seen=0
observer epoch=45 qpc=1942212749433 seen=0
observer epoch=46 qpc=1942212759433 seen=0
observer epoch=47 qpc=1942212769428 seen=0
observer epoch=48 qpc=1942212779429 seen=0
observer epoch=49 qpc=1942212789438 seen=0
observer epoch=50 qpc=1942212799434 seen=0
observer epoch=51 qpc=1942212809431 seen=0
observer epoch=52 qpc=1942212819429 seen=0
observer epoch=53 qpc=1942212829439 seen=0
observer epoch=54 qpc=1942212839435 seen=0
observer epoch=55 qpc=1942212849435 seen=0
observer epoch=56 qpc=1942212859429 seen=0
observer epoch=57 qpc=1942212869428 seen=0
observer epoch=58 qpc=1942212879436 seen=0
observer epoch=59 qpc=1942212889439 seen=0
observer epoch=60 qpc=1942212899428 seen=0
observer epoch=61 qpc=1942212909431 seen=0
observer epoch=62 qpc=1942212919440 seen=0
observer epoch=63 qpc=1942212929429 seen=0
observer epoch=64 qpc=1942212939436 seen=0
observer epoch=65 qpc=1942212949434 seen=0
observer epoch=66 qpc=1942212959432 seen=0
observer epoch=67 qpc=1942212969430 seen=0
observer epoch=68 qpc=1942212979428 seen=0
observer epoch=69 qpc=1942212989433 seen=0
observer epoch=70 qpc=1942212999437 seen=0
observer epoch=71 qpc=1942213009437 seen=0
observer epoch=72 qpc=1942213019435 seen=0
observer epoch=73 qpc=1942213029430 seen=0
observer epoch=74 qpc=1942213039436 seen=0
observer epoch=75 qpc=1942213049428 seen=0
observer epoch=76 qpc=1942213059434 seen=0
observer epoch=77 qpc=1942213069440 seen=0
observer epoch=78 qpc=1942213079428 seen=0
observer epoch=79 qpc=1942213089439 seen=0
observer epoch=80 qpc=1942213099429 seen=0
observer epoch=81 qpc=1942213109438 seen=0
observer epoch=82 qpc=1942213119428 seen=0
observer epoch=83 qpc=1942213129431 seen=0
observer epoch=84 qpc=1942213139440 seen=0
observer epoch=85 qpc=1942213149437 seen=0
observer epoch=86 qpc=1942213159428 seen=0
observer epoch=87 qpc=1942213169434 seen=0
observer epoch=88 qpc=1942213179429 seen=0
observer epoch=89 qpc=1942213189433 seen=0
observer epoch=90 qpc=1942213199428 seen=0
observer epoch=91 qpc=1942213209438 seen=0
observer epoch=92 qpc=1942213219437 seen=0
observer epoch=93 qpc=1942213229437 seen=0
observer epoch=94 qpc=1942213239433 seen=0
observer epoch=95 qpc=1942213249440 seen=0
observer epoch=96 qpc=1942213259434 seen=0
observer epoch=97 qpc=1942213269429 seen=0
observer epoch=98 qpc=1942213279433 seen=0
observer epoch=99 qpc=1942213289433 seen=0
observer epoch=100 qpc=1942213299431 seen=0
observer epoch=101 qpc=1942213309429 seen=0
observer epoch=102 qpc=1942213319435 seen=0
observer epoch=103 qpc=1942213329434 seen=0
observer epoch=104 qpc=1942213339431 seen=0
observer epoch=105 qpc=1942213349435 seen=0
observer epoch=106 qpc=1942213359437 seen=0
observer epoch=107 qpc=1942213369429 seen=0
observer epoch=108 qpc=1942213379430 seen=0
observer epoch=109 qpc=1942213389432 seen=0
observer epoch=110 qpc=1942213399435 seen=0
observer epoch=111 qpc=1942213409429 seen=0
observer epoch=112 qpc=1942213419437 seen=0
observer epoch=113 qpc=1942213429434 seen=0
observer epoch=114 qpc=1942213439433 seen=0
observer epoch=115 qpc=1942213449429 seen=0
observer epoch=116 qpc=1942213459430 seen=0
observer epoch=117 qpc=1942213469434 seen=0
observer epoch=118 qpc=1942213479430 seen=0
observer epoch=119 qpc=1942213489432 seen=0
observer epoch=120 qpc=1942213499431 seen=0
observer epoch=121 qpc=1942213509440 seen=0
observer epoch=122 qpc=1942213519435 seen=0
observer epoch=123 qpc=1942213529437 seen=0
observer epoch=124 qpc=1942213539427 seen=0
observer epoch=125 qpc=1942213549430 seen=0
observer epoch=126 qpc=1942213559436 seen=0
observer epoch=127 qpc=1942213569438 seen=0
observer epoch=128 qpc=1942213579434 seen=0
observer epoch=129 qpc=1942213589437 seen=0
observer epoch=130 qpc=1942213599430 seen=0
observer epoch=131 qpc=1942213609433 seen=0
observer epoch=132 qpc=1942213619427 seen=0
observer epoch=133 qpc=1942213629435 seen=0
observer epoch=134 qpc=1942213639439 seen=0
observer epoch=135 qpc=1942213649434 seen=0
observer epoch=136 qpc=1942213659440 seen=0
observer epoch=137 qpc=1942213669439 seen=0
observer epoch=138 qpc=1942213679430 seen=0
observer epoch=139 qpc=1942213689437 seen=0
observer epoch=140 qpc=1942213699439 seen=0
observer epoch=141 qpc=1942213709432 seen=0
observer epoch=142 qpc=1942213719436 seen=0
observer epoch=143 qpc=1942213729437 seen=0
observer epoch=144 qpc=1942213739430 seen=0
observer epoch=145 qpc=1942213749435 seen=0
observer epoch=146 qpc=1942213759439 seen=0
observer epoch=147 qpc=1942213769435 seen=0
observer epoch=148 qpc=1942213779433 seen=0
observer epoch=149 qpc=1942213789438 seen=0
observer epoch=150 qpc=1942213799433 seen=0
observer epoch=151 qpc=1942213809427 seen=0
observer epoch=152 qpc=1942213819432 seen=0
observer epoch=153 qpc=1942213829435 seen=0
observer epoch=154 qpc=1942213839433 seen=0
observer epoch=155 qpc=1942213849431 seen=0
observer epoch=156 qpc=1942213859428 seen=0
observer epoch=157 qpc=1942213869432 seen=0
observer epoch=158 qpc=1942213879435 seen=0
observer epoch=159 qpc=1942213889432 seen=0
observer epoch=160 qpc=1942213899435 seen=0
observer epoch=161 qpc=1942213909439 seen=0
observer epoch=162 qpc=1942213919430 seen=0
observer epoch=163 qpc=1942213929427 seen=0
observer epoch=164 qpc=1942213939432 seen=0
observer epoch=165 qpc=1942213949428 seen=0
observer epoch=166 qpc=1942213959429 seen=0
observer epoch=167 qpc=1942213969438 seen=0
observer epoch=168 qpc=1942213979427 seen=0
observer epoch=169 qpc=1942213989437 seen=0
observer epoch=170 qpc=1942213999427 seen=0
observer epoch=171 qpc=1942214009433 seen=0
observer epoch=172 qpc=1942214019430 seen=0
observer epoch=173 qpc=1942214029428 seen=0
observer epoch=174 qpc=1942214039440 seen=0
observer epoch=175 qpc=1942214049436 seen=0
observer epoch=176 qpc=1942214059440 seen=0
observer epoch=177 qpc=1942214069434 seen=0
observer epoch=178 qpc=1942214079440 seen=0
observer epoch=179 qpc=1942214089435 seen=0
observer epoch=180 qpc=1942214099434 seen=0
observer epoch=181 qpc=1942214109433 seen=0
observer epoch=182 qpc=1942214119431 seen=0
observer epoch=183 qpc=1942214129437 seen=0
observer epoch=184 qpc=1942214139428 seen=0
observer epoch=185 qpc=1942214149434 seen=0
observer epoch=186 qpc=1942214159431 seen=0
observer epoch=187 qpc=1942214169429 seen=0
observer epoch=188 qpc=1942214179427 seen=0
observer epoch=189 qpc=1942214189431 seen=0
observer epoch=190 qpc=1942214199429 seen=0
observer epoch=191 qpc=1942214209431 seen=0
observer epoch=192 qpc=1942214219429 seen=0
observer epoch=193 qpc=1942214229440 seen=0
observer epoch=194 qpc=1942214239431 seen=0
observer epoch=195 qpc=1942214249431 seen=0
observer epoch=196 qpc=1942214259440 seen=0
observer epoch=197 qpc=1942214269434 seen=0
observer epoch=198 qpc=1942214279437 seen=0
observer epoch=199 qpc=1942214289440 seen=0
observer epoch=200 qpc=1942214299429 seen=0
observer epoch=201 qpc=1942214309431 seen=0
observer epoch=202 qpc=1942214319428 seen=0
observer epoch=203 qpc=1942214329436 seen=0
observer epoch=204 qpc=1942214339438 seen=0
observer epoch=205 qpc=1942214349429 seen=0
observer epoch=206 qpc=1942214359429 seen=0
observer epoch=207 qpc=1942214369427 seen=0
observer epoch=208 qpc=1942214379429 seen=0
observer epoch=209 qpc=1942214389438 seen=0
observer epoch=210 qpc=1942214399430 seen=0
observer epoch=211 qpc=1942214409429 seen=0
observer epoch=212 qpc=1942214419437 seen=0
observer epoch=213 qpc=1942214429437 seen=0
observer epoch=214 qpc=1942214439427 seen=0
observer epoch=215 qpc=1942214449432 seen=0
observer epoch=216 qpc=1942214459427 seen=0
observer epoch=217 qpc=1942214469437 seen=0
observer epoch=218 qpc=1942214479429 seen=0
observer epoch=219 qpc=1942214489437 seen=0
observer epoch=220 qpc=1942214499435 seen=0
observer epoch=221 qpc=1942214509435 seen=0
observer epoch=222 qpc=1942214519434 seen=0
observer epoch=223 qpc=1942214529433 seen=0
observer epoch=224 qpc=1942214539434 seen=0
observer epoch=225 qpc=1942214549439 seen=0
observer epoch=226 qpc=1942214559440 seen=0
observer epoch=227 qpc=1942214569429 seen=0
observer epoch=228 qpc=1942214579427 seen=0
observer epoch=229 qpc=1942214589438 seen=0
observer epoch=230 qpc=1942214599438 seen=0
observer epoch=231 qpc=1942214609431 seen=0
observer epoch=232 qpc=1942214619431 seen=0
observer epoch=233 qpc=1942214629437 seen=0
observer epoch=234 qpc=1942214639435 seen=0
observer epoch=235 qpc=1942214649428 seen=0
observer epoch=236 qpc=1942214659437 seen=0
observer epoch=237 qpc=1942214669432 seen=0
observer epoch=238 qpc=1942214679433 seen=0
observer epoch=239 qpc=1942214689439 seen=0
observer epoch=240 qpc=1942214699434 seen=0
observer epoch=241 qpc=1942214709430 seen=0
observer epoch=242 qpc=1942214719430 seen=0
observer epoch=243 qpc=1942214729427 seen=0
observer epoch=244 qpc=1942214739432 seen=0
observer epoch=245 qpc=1942214749435 seen=0
observer epoch=246 qpc=1942214759439 seen=0
observer epoch=247 qpc=1942214769439 seen=0
observer epoch=248 qpc=1942214779428 seen=0
observer epoch=249 qpc=1942214789434 seen=0
observer epoch=250 qpc=1942214799431 seen=0
observer epoch=251 qpc=1942214809436 seen=0
observer epoch=252 qpc=1942214819438 seen=0
observer epoch=253 qpc=1942214829430 seen=0
observer epoch=254 qpc=1942214839438 seen=0
observer epoch=255 qpc=1942214849434 seen=0
observer epoch=256 qpc=1942214859439 seen=0
observer epoch=257 qpc=1942214869432 seen=0
observer epoch=258 qpc=1942214879440 seen=0
observer epoch=259 qpc=1942214889433 seen=0
observer epoch=260 qpc=1942214899437 seen=0
observer epoch=261 qpc=1942214909430 seen=1
observer epoch=262 qpc=1942214919438 seen=1
observer epoch=263 qpc=1942214929429 seen=1
observer epoch=264 qpc=1942214939438 seen=1
observer epoch=265 qpc=1942214949434 seen=1
observer epoch=266 qpc=1942214959433 seen=1
observer epoch=267 qpc=1942214969430 seen=1
observer epoch=268 qpc=1942214979428 seen=1
observer epoch=269 qpc=1942214989436 seen=1
observer epoch=270 qpc=1942214999436 seen=1
observer epoch=271 qpc=1942215009433 seen=1
observer epoch=272 qpc=1942215019433 seen=1
observer epoch=273 qpc=1942215029432 seen=1
observer epoch=274 qpc=1942215039435 seen=1
observer epoch=275 qpc=1942215049431 seen=1
observer epoch=276 qpc=1942215059437 seen=1
observer epoch=277 qpc=1942215069434 seen=1
observer epoch=278 qpc=1942215079436 seen=1
observer epoch=279 qpc=1942215089430 seen=1
observer epoch=280 qpc=1942215099440 seen=1
observer epoch=281 qpc=1942215109429 seen=1
observer epoch=282 qpc=1942215119430 seen=1
observer epoch=283 qpc=1942215129439 seen=1
observer epoch=284 qpc=1942215139433 seen=1
observer epoch=285 qpc=1942215149434 seen=1
observer epoch=286 qpc=1942215159432 seen=1
observer epoch=287 qpc=1942215169431 seen=1
observer epoch=288 qpc=1942215179436 seen=1
observer epoch=289 qpc=1942215189430 seen=1
observer epoch=290 qpc=1942215199430 seen=1
observer epoch=291 qpc=1942215209428 seen=1
observer epoch=292 qpc=1942215219431 seen=1
observer epoch=293 qpc=1942215229428 seen=1
observer epoch=294 qpc=1942215239427 seen=1
observer epoch=295 qpc=1942215249428 seen=1
observer epoch=296 qpc=1942215259438 seen=1
observer epoch=297 qpc=1942215269436 seen=1
observer epoch=298 qpc=1942215279427 seen=1
observer epoch=299 qpc=1942215289431 seen=1
observer epoch=300 qpc=1942215299427 seen=1
observer epoch=301 qpc=1942215309436 seen=1
observer epoch=302 qpc=1942215319435 seen=1
observer epoch=303 qpc=1942215329433 seen=1
observer epoch=304 qpc=1942215339438 seen=1
observer epoch=305 qpc=1942215349432 seen=1
observer epoch=306 qpc=1942215359427 seen=1
observer epoch=307 qpc=1942215369436 seen=1
observer epoch=308 qpc=1942215379435 seen=1
observer epoch=309 qpc=1942215389434 seen=1
observer epoch=310 qpc=1942215399437 seen=1
observer epoch=311 qpc=1942215409438 seen=1
observer epoch=312 qpc=1942215419436 seen=1
observer epoch=313 qpc=1942215429427 seen=1
observer epoch=314 qpc=1942215439428 seen=1
observer epoch=315 qpc=1942215449439 seen=1
observer epoch=316 qpc=1942215459436 seen=1
observer epoch=317 qpc=1942215469434 seen=1
observer epoch=318 qpc=1942215479429 seen=1
observer epoch=319 qpc=1942215489432 seen=1
observer epoch=320 qpc=1942215499431 seen=1
observer epoch=321 qpc=1942215509429 seen=1
observer epoch=322 qpc=1942215519432 seen=1
observer epoch=323 qpc=1942215529428 seen=1
observer epoch=324 qpc=1942215539432 seen=1
observer epoch=325 qpc=1942215549428 seen=1
observer epoch=326 qpc=1942215559434 seen=1
observer epoch=327 qpc=1942215569427 seen=1
observer epoch=328 qpc=1942215579439 seen=1
observer epoch=329 qpc=1942215589431 seen=1
observer epoch=330 qpc=1942215599431 seen=1
observer epoch=331 qpc=1942215609432 seen=1
observer epoch=332 qpc=1942215619427 seen=1
observer epoch=333 qpc=1942215629437 seen=1
observer epoch=334 qpc=1942215639439 seen=1
observer epoch=335 qpc=1942215649438 seen=1
observer epoch=336 qpc=1942215659433 seen=1
observer epoch=337 qpc=1942215669433 seen=1
observer epoch=338 qpc=1942215679438 seen=1
observer epoch=339 qpc=1942215689429 seen=1
observer epoch=340 qpc=1942215699431 seen=1
observer epoch=341 qpc=1942215709434 seen=1
observer epoch=342 qpc=1942215719435 seen=1
observer epoch=343 qpc=1942215729437 seen=1
observer epoch=344 qpc=1942215739432 seen=1
observer epoch=345 qpc=1942215749439 seen=1
observer epoch=346 qpc=1942215759427 seen=1
observer epoch=347 qpc=1942215769433 seen=1
observer epoch=348 qpc=1942215779437 seen=1
observer epoch=349 qpc=1942215789434 seen=1
observer epoch=350 qpc=1942215799439 seen=1
observer epoch=351 qpc=1942215809432 seen=1
observer epoch=352 qpc=1942215819433 seen=1
observer epoch=353 qpc=1942215829439 seen=1
observer epoch=354 qpc=1942215839433 seen=1
observer epoch=355 qpc=1942215849436 seen=1
observer epoch=356 qpc=1942215859430 seen=1
observer epoch=357 qpc=1942215869428 seen=1
observer epoch=358 qpc=1942215879438 seen=1
observer epoch=359 qpc=1942215889431 seen=1
observer epoch=360 qpc=1942215899432 seen=1
observer epoch=361 qpc=1942215909433 seen=1
observer epoch=362 qpc=1942215919428 seen=1
observer epoch=363 qpc=1942215929436 seen=1
observer epoch=364 qpc=1942215939430 seen=1
observer epoch=365 qpc=1942215949435 seen=1
observer epoch=366 qpc=1942215959434 seen=1
observer epoch=367 qpc=1942215969433 seen=1
observer epoch=368 qpc=1942215979432 seen=1
observer epoch=369 qpc=1942215989433 seen=1
observer epoch=370 qpc=1942215999434 seen=1
observer epoch=371 qpc=1942216009431 seen=1
observer epoch=372 qpc=1942216019439 seen=1
observer epoch=373 qpc=1942216029434 seen=1
observer epoch=374 qpc=1942216039440 seen=1
observer epoch=375 qpc=1942216049440 seen=1
observer epoch=376 qpc=1942216059432 seen=1
observer epoch=377 qpc=1942216069430 seen=1
observer epoch=378 qpc=1942216079429 seen=1
observer epoch=379 qpc=1942216089438 seen=1
observer epoch=380 qpc=1942216099437 seen=1
observer epoch=381 qpc=1942216109438 seen=1
observer epoch=382 qpc=1942216119430 seen=1
observer epoch=383 qpc=1942216129439 seen=1
observer epoch=384 qpc=1942216139428 seen=1
observer epoch=385 qpc=1942216149430 seen=1
observer epoch=386 qpc=1942216159427 seen=1
observer epoch=387 qpc=1942216169430 seen=1
observer epoch=388 qpc=1942216179434 seen=1
observer epoch=389 qpc=1942216189430 seen=1
observer epoch=390 qpc=1942216199432 seen=1
observer epoch=391 qpc=1942216209440 seen=1
observer epoch=392 qpc=1942216219433 seen=1
observer epoch=393 qpc=1942216229435 seen=1
observer epoch=394 qpc=1942216239433 seen=1
observer epoch=395 qpc=1942216249438 seen=1
observer epoch=396 qpc=1942216259428 seen=1
observer epoch=397 qpc=1942216269435 seen=1
observer epoch=398 qpc=1942216279434 seen=1
observer epoch=399 qpc=1942216289440 seen=1
observer epoch=400 qpc=1942216299432 seen=1
observer epoch=401 qpc=1942216309439 seen=1
observer epoch=402 qpc=1942216319431 seen=1
observer epoch=403 qpc=1942216329436 seen=1
observer epoch=404 qpc=1942216339430 seen=1
observer epoch=405 qpc=1942216349435 seen=1
observer epoch=406 qpc=1942216359435 seen=1
observer epoch=407 qpc=1942216369431 seen=1
observer epoch=408 qpc=1942216379427 seen=1
observer epoch=409 qpc=1942216389438 seen=1
observer epoch=410 qpc=1942216399428 seen=1
observer epoch=411 qpc=1942216409429 seen=1
observer epoch=412 qpc=1942216419429 seen=1
observer epoch=413 qpc=1942216429433 seen=1
observer epoch=414 qpc=1942216439432 seen=1
observer epoch=415 qpc=1942216449435 seen=1
observer epoch=416 qpc=1942216459439 seen=1
observer epoch=417 qpc=1942216469427 seen=1
observer epoch=418 qpc=1942216479437 seen=1
observer epoch=419 qpc=1942216489439 seen=1
observer epoch=420 qpc=1942216499430 seen=1
observer epoch=421 qpc=1942216509433 seen=1
observer epoch=422 qpc=1942216519429 seen=1
observer epoch=423 qpc=1942216529429 seen=1
observer epoch=424 qpc=1942216539427 seen=1
observer epoch=425 qpc=1942216549430 seen=1
observer epoch=426 qpc=1942216559438 seen=1
observer epoch=427 qpc=1942216569431 seen=1
observer epoch=428 qpc=1942216579437 seen=1
observer epoch=429 qpc=1942216589436 seen=1
observer epoch=430 qpc=1942216599439 seen=1
observer epoch=431 qpc=1942216609439 seen=1
observer epoch=432 qpc=1942216619434 seen=1
observer epoch=433 qpc=1942216629429 seen=1
observer epoch=434 qpc=1942216639427 seen=1
observer epoch=435 qpc=1942216649432 seen=1
observer epoch=436 qpc=1942216659429 seen=1
observer epoch=437 qpc=1942216669429 seen=1
observer epoch=438 qpc=1942216679429 seen=1
observer epoch=439 qpc=1942216689429 seen=1
observer epoch=440 qpc=1942216699433 seen=1
observer epoch=441 qpc=1942216709430 seen=1
observer epoch=442 qpc=1942216719432 seen=1
observer epoch=443 qpc=1942216729438 seen=1
observer epoch=444 qpc=1942216739430 seen=1
observer epoch=445 qpc=1942216749437 seen=1
observer epoch=446 qpc=1942216759431 seen=1
observer epoch=447 qpc=1942216769429 seen=1
observer epoch=448 qpc=1942216779433 seen=1
observer epoch=449 qpc=1942216789435 seen=1
observer epoch=450 qpc=1942216799427 seen=1
observer epoch=451 qpc=1942216809435 seen=1
observer epoch=452 qpc=1942216819431 seen=1
observer epoch=453 qpc=1942216829438 seen=1
observer epoch=454 qpc=1942216839438 seen=1
observer epoch=455 qpc=1942216849437 seen=1
observer epoch=456 qpc=1942216859430 seen=1
observer epoch=457 qpc=1942216869435 seen=1
observer epoch=458 qpc=1942216879430 seen=1
observer epoch=459 qpc=1942216889435 seen=1
observer epoch=460 qpc=1942216899430 seen=1
observer epoch=461 qpc=1942216909438 seen=1
observer epoch=462 qpc=1942216919428 seen=1
observer epoch=463 qpc=1942216929436 seen=1
observer epoch=464 qpc=1942216939433 seen=1
observer epoch=465 qpc=1942216949438 seen=1
observer epoch=466 qpc=1942216959431 seen=1
observer epoch=467 qpc=1942216969437 seen=1
observer epoch=468 qpc=1942216979428 seen=1
observer epoch=469 qpc=1942216989438 seen=1
observer epoch=470 qpc=1942216999431 seen=1
observer epoch=471 qpc=1942217009434 seen=1
observer epoch=472 qpc=1942217019428 seen=1
observer epoch=473 qpc=1942217029454 seen=1
observer epoch=474 qpc=1942217039431 seen=1
observer epoch=475 qpc=1942217049435 seen=1
observer epoch=476 qpc=1942217059439 seen=1
observer epoch=477 qpc=1942217069437 seen=1
observer epoch=478 qpc=1942217079432 seen=1
observer epoch=479 qpc=1942217089428 seen=1
observer epoch=480 qpc=1942217099437 seen=1
observer epoch=481 qpc=1942217109430 seen=1
observer epoch=482 qpc=1942217119440 seen=1
observer epoch=483 qpc=1942217129428 seen=1
observer epoch=484 qpc=1942217139429 seen=1
observer epoch=485 qpc=1942217149440 seen=1
observer epoch=486 qpc=1942217159436 seen=1
observer epoch=487 qpc=1942217169433 seen=1
observer epoch=488 qpc=1942217179434 seen=1
observer epoch=489 qpc=1942217189433 seen=1
observer epoch=490 qpc=1942217199428 seen=1
observer epoch=491 qpc=1942217209429 seen=1
observer epoch=492 qpc=1942217219427 seen=1
observer epoch=493 qpc=1942217229433 seen=1
observer epoch=494 qpc=1942217239429 seen=1
observer epoch=495 qpc=1942217249428 seen=1
observer epoch=496 qpc=1942217259436 seen=1
observer epoch=497 qpc=1942217269427 seen=1
observer epoch=498 qpc=1942217279428 seen=1
observer epoch=499 qpc=1942217289433 seen=1
observer epoch=500 qpc=1942217299436 seen=1
observer epoch=501 qpc=1942217309431 seen=1
observer epoch=502 qpc=1942217319436 seen=1
observer epoch=503 qpc=1942217329429 seen=1
observer epoch=504 qpc=1942217339434 seen=1
observer epoch=505 qpc=1942217349438 seen=1
observer epoch=506 qpc=1942217359434 seen=1
observer epoch=507 qpc=1942217369432 seen=1
observer epoch=508 qpc=1942217379436 seen=1
observer epoch=509 qpc=1942217389434 seen=1
observer epoch=510 qpc=1942217399437 seen=1
observer epoch=511 qpc=1942217409430 seen=1
observer epoch=512 qpc=1942217419438 seen=1
observer epoch=513 qpc=1942217429440 seen=1
observer epoch=514 qpc=1942217439429 seen=1
observer epoch=515 qpc=1942217449432 seen=1
observer epoch=516 qpc=1942217459438 seen=1
observer epoch=517 qpc=1942217469439 seen=1
observer epoch=518 qpc=1942217479437 seen=1
observer epoch=519 qpc=1942217489432 seen=1
observer epoch=520 qpc=1942217499431 seen=1
observer epoch=521 qpc=1942217509437 seen=1
observer epoch=522 qpc=1942217519433 seen=1
observer epoch=523 qpc=1942217529429 seen=1
observer epoch=524 qpc=1942217539434 seen=1
observer epoch=525 qpc=1942217549434 seen=1
observer epoch=526 qpc=1942217559436 seen=1
observer epoch=527 qpc=1942217569427 seen=1
observer epoch=528 qpc=1942217579427 seen=1
observer epoch=529 qpc=1942217589440 seen=1
observer epoch=530 qpc=1942217599436 seen=1
observer epoch=531 qpc=1942217609438 seen=1
observer epoch=532 qpc=1942217619428 seen=1
observer epoch=533 qpc=1942217629429 seen=1
observer epoch=534 qpc=1942217639438 seen=1
observer epoch=535 qpc=1942217649436 seen=1
observer epoch=536 qpc=1942217659429 seen=1
observer epoch=537 qpc=1942217669429 seen=1
observer epoch=538 qpc=1942217679438 seen=1
observer epoch=539 qpc=1942217689436 seen=1
observer epoch=540 qpc=1942217699436 seen=1
observer epoch=541 qpc=1942217709440 seen=1
observer epoch=542 qpc=1942217719431 seen=1
observer epoch=543 qpc=1942217729435 seen=1
observer epoch=544 qpc=1942217739435 seen=1
observer epoch=545 qpc=1942217749432 seen=1
observer epoch=546 qpc=1942217759434 seen=1
observer epoch=547 qpc=1942217769435 seen=1
observer epoch=548 qpc=1942217779433 seen=1
observer epoch=549 qpc=1942217789430 seen=1
observer epoch=550 qpc=1942217799432 seen=1
observer epoch=551 qpc=1942217809436 seen=1
observer epoch=552 qpc=1942217819436 seen=1
observer epoch=553 qpc=1942217829431 seen=1
observer epoch=554 qpc=1942217839440 seen=1
observer epoch=555 qpc=1942217849433 seen=1
observer epoch=556 qpc=1942217859434 seen=1
observer epoch=557 qpc=1942217869433 seen=1
observer epoch=558 qpc=1942217879429 seen=1
observer epoch=559 qpc=1942217889428 seen=1
observer epoch=560 qpc=1942217899429 seen=1
observer epoch=561 qpc=1942217909432 seen=1
observer epoch=562 qpc=1942217919427 seen=1
observer epoch=563 qpc=1942217929433 seen=1
observer epoch=564 qpc=1942217939431 seen=1
observer epoch=565 qpc=1942217949437 seen=1
observer epoch=566 qpc=1942217959429 seen=1
observer epoch=567 qpc=1942217969438 seen=1
observer epoch=568 qpc=1942217979434 seen=1
observer epoch=569 qpc=1942217989430 seen=1
observer epoch=570 qpc=1942217999438 seen=1
observer epoch=571 qpc=1942218009439 seen=1
observer epoch=572 qpc=1942218019429 seen=1
observer epoch=573 qpc=1942218029440 seen=1
observer epoch=574 qpc=1942218039432 seen=1
observer epoch=575 qpc=1942218049437 seen=1
observer epoch=576 qpc=1942218059434 seen=1
observer epoch=577 qpc=1942218069431 seen=1
observer epoch=578 qpc=1942218079437 seen=1
observer epoch=579 qpc=1942218089437 seen=1
observer epoch=580 qpc=1942218099429 seen=1
observer epoch=581 qpc=1942218109429 seen=1
observer epoch=582 qpc=1942218119432 seen=1
observer epoch=583 qpc=1942218129433 seen=1
observer epoch=584 qpc=1942218139434 seen=1
observer epoch=585 qpc=1942218149439 seen=1
observer epoch=586 qpc=1942218159427 seen=1
observer epoch=587 qpc=1942218169436 seen=1
observer epoch=588 qpc=1942218179438 seen=1
observer epoch=589 qpc=1942218189430 seen=1
observer epoch=590 qpc=1942218199432 seen=1
observer epoch=591 qpc=1942218209440 seen=1
observer epoch=592 qpc=1942218219429 seen=1
observer epoch=593 qpc=1942218229439 seen=1
observer epoch=594 qpc=1942218239439 seen=1
observer epoch=595 qpc=1942218249435 seen=1
observer epoch=596 qpc=1942218259431 seen=1
observer epoch=597 qpc=1942218269432 seen=1
observer epoch=598 qpc=1942218279434 seen=1
observer epoch=599 qpc=1942218289427 seen=1
observer_summary first=261 published=1942214903653 start=1942212299426 frequency=10000000 phase_us=0
host loaded=C:\eos-private\Mss32.dll tid=840 frequency=10000000 arm=0 phase=0
start begin=1942212299435 end=1942212299485
serve epoch=1 begin=1942212806623 end=1942212806674
serve epoch=2 begin=1942213301932 end=1942213302000
serve epoch=3 begin=1942213808536 end=1942213808606
serve epoch=4 begin=1942214304525 end=1942214304608
serve epoch=5 begin=1942214800121 end=1942214800203
serve epoch=6 begin=1942215306806 end=1942215306874
serve epoch=7 begin=1942215803368 end=1942215803432
serve epoch=8 begin=1942216309931 end=1942216310046
serve epoch=9 begin=1942216806204 end=1942216806294
serve epoch=10 begin=1942217301711 end=1942217301780
serve epoch=11 begin=1942217808782 end=1942217808905
serve epoch=12 begin=1942218306107 end=1942218306182
serve epoch=13 begin=1942218801683 end=1942218801766
completion count=1 callback=1942214903650 callback_end=1942214903654 thread=860 sent=0 status=2 total=204 pos=204 worker=0 send_ok=1
