ALSA lib control.c:1575:(snd_ctl_open_noupdate) [error.control] Invalid CTL hw:0
ALSA lib control.c:1575:(snd_ctl_open_noupdate) [error.control] Invalid CTL hw:1
ALSA lib control.c:1575:(snd_ctl_open_noupdate) [error.control] Invalid CTL hw:0
ALSA lib control.c:1575:(snd_ctl_open_noupdate) [error.control] Invalid CTL hw:1
observer epoch=0 qpc=1942140946089 seen=0
observer epoch=1 qpc=1942140956091 seen=0
observer epoch=2 qpc=1942140966085 seen=0
observer epoch=3 qpc=1942140976089 seen=0
observer epoch=4 qpc=1942140986094 seen=0
observer epoch=5 qpc=1942140996090 seen=0
observer epoch=6 qpc=1942141006078 seen=0
observer epoch=7 qpc=1942141016090 seen=0
observer epoch=8 qpc=1942141026084 seen=0
observer epoch=9 qpc=1942141036078 seen=0
observer epoch=10 qpc=1942141046079 seen=0
observer epoch=11 qpc=1942141056094 seen=0
observer epoch=12 qpc=1942141066089 seen=0
observer epoch=13 qpc=1942141076082 seen=0
observer epoch=14 qpc=1942141086078 seen=0
observer epoch=15 qpc=1942141096093 seen=0
observer epoch=16 qpc=1942141106081 seen=0
observer epoch=17 qpc=1942141116080 seen=0
observer epoch=18 qpc=1942141126081 seen=0
observer epoch=19 qpc=1942141136087 seen=0
observer epoch=20 qpc=1942141146090 seen=0
observer epoch=21 qpc=1942141156082 seen=0
observer epoch=22 qpc=1942141166080 seen=0
observer epoch=23 qpc=1942141176080 seen=0
observer epoch=24 qpc=1942141186086 seen=0
observer epoch=25 qpc=1942141196080 seen=0
observer epoch=26 qpc=1942141206088 seen=0
observer epoch=27 qpc=1942141216086 seen=0
observer epoch=28 qpc=1942141226097 seen=0
observer epoch=29 qpc=1942141236090 seen=0
observer epoch=30 qpc=1942141246085 seen=0
observer epoch=31 qpc=1942141256087 seen=0
observer epoch=32 qpc=1942141266090 seen=0
observer epoch=33 qpc=1942141276090 seen=0
observer epoch=34 qpc=1942141286079 seen=0
observer epoch=35 qpc=1942141296086 seen=0
observer epoch=36 qpc=1942141306086 seen=0
observer epoch=37 qpc=1942141316088 seen=0
observer epoch=38 qpc=1942141326086 seen=0
observer epoch=39 qpc=1942141336090 seen=0
observer epoch=40 qpc=1942141346081 seen=0
observer epoch=41 qpc=1942141356088 seen=0
observer epoch=42 qpc=1942141366088 seen=0
observer epoch=43 qpc=1942141376079 seen=0
observer epoch=44 qpc=1942141386085 seen=0
observer epoch=45 qpc=1942141396080 seen=0
observer epoch=46 qpc=1942141406080 seen=0
observer epoch=47 qpc=1942141416091 seen=0
observer epoch=48 qpc=1942141426083 seen=0
observer epoch=49 qpc=1942141436087 seen=0
observer epoch=50 qpc=1942141446084 seen=0
observer epoch=51 qpc=1942141456081 seen=0
observer epoch=52 qpc=1942141466081 seen=0
observer epoch=53 qpc=1942141476090 seen=0
observer epoch=54 qpc=1942141486091 seen=0
observer epoch=55 qpc=1942141496089 seen=0
observer epoch=56 qpc=1942141506090 seen=0
observer epoch=57 qpc=1942141516086 seen=0
observer epoch=58 qpc=1942141526082 seen=0
observer epoch=59 qpc=1942141536086 seen=0
observer epoch=60 qpc=1942141546083 seen=0
observer epoch=61 qpc=1942141556086 seen=0
observer epoch=62 qpc=1942141566084 seen=0
observer epoch=63 qpc=1942141576090 seen=0
observer epoch=64 qpc=1942141586085 seen=0
observer epoch=65 qpc=1942141596081 seen=0
observer epoch=66 qpc=1942141606080 seen=0
observer epoch=67 qpc=1942141616086 seen=0
observer epoch=68 qpc=1942141626078 seen=0
observer epoch=69 qpc=1942141636086 seen=0
observer epoch=70 qpc=1942141646078 seen=0
observer epoch=71 qpc=1942141656085 seen=0
observer epoch=72 qpc=1942141666078 seen=0
observer epoch=73 qpc=1942141676083 seen=0
observer epoch=74 qpc=1942141686090 seen=0
observer epoch=75 qpc=1942141696088 seen=0
observer epoch=76 qpc=1942141706090 seen=0
observer epoch=77 qpc=1942141716091 seen=0
observer epoch=78 qpc=1942141726079 seen=0
observer epoch=79 qpc=1942141736089 seen=0
observer epoch=80 qpc=1942141746085 seen=0
observer epoch=81 qpc=1942141756078 seen=0
observer epoch=82 qpc=1942141766078 seen=0
observer epoch=83 qpc=1942141776086 seen=0
observer epoch=84 qpc=1942141786091 seen=0
observer epoch=85 qpc=1942141796083 seen=0
observer epoch=86 qpc=1942141806090 seen=0
observer epoch=87 qpc=1942141816082 seen=0
observer epoch=88 qpc=1942141826085 seen=0
observer epoch=89 qpc=1942141836086 seen=0
observer epoch=90 qpc=1942141846084 seen=0
observer epoch=91 qpc=1942141856091 seen=0
observer epoch=92 qpc=1942141866091 seen=0
observer epoch=93 qpc=1942141876091 seen=0
observer epoch=94 qpc=1942141886084 seen=0
observer epoch=95 qpc=1942141896090 seen=0
observer epoch=96 qpc=1942141906087 seen=0
observer epoch=97 qpc=1942141916091 seen=0
observer epoch=98 qpc=1942141926083 seen=0
observer epoch=99 qpc=1942141936080 seen=0
observer epoch=100 qpc=1942141946082 seen=0
observer epoch=101 qpc=1942141956086 seen=0
observer epoch=102 qpc=1942141966087 seen=0
observer epoch=103 qpc=1942141976090 seen=0
observer epoch=104 qpc=1942141986082 seen=0
observer epoch=105 qpc=1942141996087 seen=0
observer epoch=106 qpc=1942142006080 seen=0
observer epoch=107 qpc=1942142016085 seen=0
observer epoch=108 qpc=1942142026079 seen=0
observer epoch=109 qpc=1942142036081 seen=0
observer epoch=110 qpc=1942142046079 seen=0
observer epoch=111 qpc=1942142056083 seen=0
observer epoch=112 qpc=1942142066080 seen=0
observer epoch=113 qpc=1942142076081 seen=0
observer epoch=114 qpc=1942142086089 seen=0
observer epoch=115 qpc=1942142096081 seen=0
observer epoch=116 qpc=1942142106089 seen=0
observer epoch=117 qpc=1942142116081 seen=0
observer epoch=118 qpc=1942142126093 seen=0
observer epoch=119 qpc=1942142136087 seen=0
observer epoch=120 qpc=1942142146082 seen=0
observer epoch=121 qpc=1942142156087 seen=0
observer epoch=122 qpc=1942142166090 seen=0
observer epoch=123 qpc=1942142176084 seen=0
observer epoch=124 qpc=1942142186084 seen=0
observer epoch=125 qpc=1942142196086 seen=0
observer epoch=126 qpc=1942142206088 seen=0
observer epoch=127 qpc=1942142216082 seen=0
observer epoch=128 qpc=1942142226088 seen=0
observer epoch=129 qpc=1942142236088 seen=0
observer epoch=130 qpc=1942142246080 seen=0
observer epoch=131 qpc=1942142256089 seen=0
observer epoch=132 qpc=1942142266082 seen=0
observer epoch=133 qpc=1942142276082 seen=0
observer epoch=134 qpc=1942142286084 seen=0
observer epoch=135 qpc=1942142296080 seen=0
observer epoch=136 qpc=1942142306085 seen=0
observer epoch=137 qpc=1942142316085 seen=0
observer epoch=138 qpc=1942142326080 seen=0
observer epoch=139 qpc=1942142336091 seen=0
observer epoch=140 qpc=1942142346081 seen=0
observer epoch=141 qpc=1942142356090 seen=0
observer epoch=142 qpc=1942142366088 seen=0
observer epoch=143 qpc=1942142376089 seen=0
observer epoch=144 qpc=1942142386087 seen=0
observer epoch=145 qpc=1942142396084 seen=0
observer epoch=146 qpc=1942142406082 seen=0
observer epoch=147 qpc=1942142416084 seen=0
observer epoch=148 qpc=1942142426082 seen=0
observer epoch=149 qpc=1942142436083 seen=0
observer epoch=150 qpc=1942142446088 seen=0
observer epoch=151 qpc=1942142456088 seen=0
observer epoch=152 qpc=1942142466087 seen=0
observer epoch=153 qpc=1942142476079 seen=0
observer epoch=154 qpc=1942142486086 seen=0
observer epoch=155 qpc=1942142496085 seen=0
observer epoch=156 qpc=1942142506081 seen=0
observer epoch=157 qpc=1942142516079 seen=0
observer epoch=158 qpc=1942142526079 seen=0
observer epoch=159 qpc=1942142536079 seen=0
observer epoch=160 qpc=1942142546091 seen=0
observer epoch=161 qpc=1942142556090 seen=0
observer epoch=162 qpc=1942142566086 seen=0
observer epoch=163 qpc=1942142576082 seen=0
observer epoch=164 qpc=1942142586090 seen=0
observer epoch=165 qpc=1942142596088 seen=0
observer epoch=166 qpc=1942142606084 seen=0
observer epoch=167 qpc=1942142616090 seen=0
observer epoch=168 qpc=1942142626091 seen=0
observer epoch=169 qpc=1942142636085 seen=0
observer epoch=170 qpc=1942142646080 seen=0
observer epoch=171 qpc=1942142656081 seen=0
observer epoch=172 qpc=1942142666087 seen=0
observer epoch=173 qpc=1942142676086 seen=0
observer epoch=174 qpc=1942142686082 seen=0
observer epoch=175 qpc=1942142696091 seen=0
observer epoch=176 qpc=1942142706078 seen=0
observer epoch=177 qpc=1942142716089 seen=0
observer epoch=178 qpc=1942142726081 seen=0
observer epoch=179 qpc=1942142736091 seen=0
observer epoch=180 qpc=1942142746078 seen=0
observer epoch=181 qpc=1942142756079 seen=0
observer epoch=182 qpc=1942142766080 seen=0
observer epoch=183 qpc=1942142776080 seen=0
observer epoch=184 qpc=1942142786082 seen=0
observer epoch=185 qpc=1942142796085 seen=0
observer epoch=186 qpc=1942142806082 seen=0
observer epoch=187 qpc=1942142816089 seen=0
observer epoch=188 qpc=1942142826090 seen=0
observer epoch=189 qpc=1942142836087 seen=0
observer epoch=190 qpc=1942142846083 seen=0
observer epoch=191 qpc=1942142856086 seen=0
observer epoch=192 qpc=1942142866078 seen=0
observer epoch=193 qpc=1942142876087 seen=0
observer epoch=194 qpc=1942142886082 seen=0
observer epoch=195 qpc=1942142896078 seen=0
observer epoch=196 qpc=1942142906079 seen=0
observer epoch=197 qpc=1942142916078 seen=0
observer epoch=198 qpc=1942142926084 seen=0
observer epoch=199 qpc=1942142936082 seen=0
observer epoch=200 qpc=1942142946087 seen=0
observer epoch=201 qpc=1942142956081 seen=0
observer epoch=202 qpc=1942142966087 seen=1
observer epoch=203 qpc=1942142976087 seen=1
observer epoch=204 qpc=1942142986084 seen=1
observer epoch=205 qpc=1942142996089 seen=1
observer epoch=206 qpc=1942143006088 seen=1
observer epoch=207 qpc=1942143016084 seen=1
observer epoch=208 qpc=1942143026078 seen=1
observer epoch=209 qpc=1942143036087 seen=1
observer epoch=210 qpc=1942143046079 seen=1
observer epoch=211 qpc=1942143056090 seen=1
observer epoch=212 qpc=1942143066085 seen=1
observer epoch=213 qpc=1942143076091 seen=1
observer epoch=214 qpc=1942143086088 seen=1
observer epoch=215 qpc=1942143096087 seen=1
observer epoch=216 qpc=1942143106085 seen=1
observer epoch=217 qpc=1942143116080 seen=1
observer epoch=218 qpc=1942143126084 seen=1
observer epoch=219 qpc=1942143136090 seen=1
observer epoch=220 qpc=1942143146087 seen=1
observer epoch=221 qpc=1942143156083 seen=1
observer epoch=222 qpc=1942143166078 seen=1
observer epoch=223 qpc=1942143176083 seen=1
observer epoch=224 qpc=1942143186082 seen=1
observer epoch=225 qpc=1942143196080 seen=1
observer epoch=226 qpc=1942143206081 seen=1
observer epoch=227 qpc=1942143216080 seen=1
observer epoch=228 qpc=1942143226081 seen=1
observer epoch=229 qpc=1942143236082 seen=1
observer epoch=230 qpc=1942143246086 seen=1
observer epoch=231 qpc=1942143256079 seen=1
observer epoch=232 qpc=1942143266081 seen=1
observer epoch=233 qpc=1942143276084 seen=1
observer epoch=234 qpc=1942143286080 seen=1
observer epoch=235 qpc=1942143296083 seen=1
observer epoch=236 qpc=1942143306085 seen=1
observer epoch=237 qpc=1942143316080 seen=1
observer epoch=238 qpc=1942143326079 seen=1
observer epoch=239 qpc=1942143336079 seen=1
observer epoch=240 qpc=1942143346081 seen=1
observer epoch=241 qpc=1942143356079 seen=1
observer epoch=242 qpc=1942143366089 seen=1
observer epoch=243 qpc=1942143376079 seen=1
observer epoch=244 qpc=1942143386088 seen=1
observer epoch=245 qpc=1942143396079 seen=1
observer epoch=246 qpc=1942143406085 seen=1
observer epoch=247 qpc=1942143416082 seen=1
observer epoch=248 qpc=1942143426081 seen=1
observer epoch=249 qpc=1942143436080 seen=1
observer epoch=250 qpc=1942143446085 seen=1
observer epoch=251 qpc=1942143456086 seen=1
observer epoch=252 qpc=1942143466091 seen=1
observer epoch=253 qpc=1942143476088 seen=1
observer epoch=254 qpc=1942143486080 seen=1
observer epoch=255 qpc=1942143496087 seen=1
observer epoch=256 qpc=1942143506081 seen=1
observer epoch=257 qpc=1942143516079 seen=1
observer epoch=258 qpc=1942143526078 seen=1
observer epoch=259 qpc=1942143536089 seen=1
observer epoch=260 qpc=1942143546090 seen=1
observer epoch=261 qpc=1942143556088 seen=1
observer epoch=262 qpc=1942143566088 seen=1
observer epoch=263 qpc=1942143576087 seen=1
observer epoch=264 qpc=1942143586091 seen=1
observer epoch=265 qpc=1942143596088 seen=1
observer epoch=266 qpc=1942143606081 seen=1
observer epoch=267 qpc=1942143616087 seen=1
observer epoch=268 qpc=1942143626085 seen=1
observer epoch=269 qpc=1942143636087 seen=1
observer epoch=270 qpc=1942143646080 seen=1
observer epoch=271 qpc=1942143656085 seen=1
observer epoch=272 qpc=1942143666083 seen=1
observer epoch=273 qpc=1942143676081 seen=1
observer epoch=274 qpc=1942143686091 seen=1
observer epoch=275 qpc=1942143696089 seen=1
observer epoch=276 qpc=1942143706084 seen=1
observer epoch=277 qpc=1942143716085 seen=1
observer epoch=278 qpc=1942143726088 seen=1
observer epoch=279 qpc=1942143736091 seen=1
observer epoch=280 qpc=1942143746082 seen=1
observer epoch=281 qpc=1942143756082 seen=1
observer epoch=282 qpc=1942143766078 seen=1
observer epoch=283 qpc=1942143776078 seen=1
observer epoch=284 qpc=1942143786091 seen=1
observer epoch=285 qpc=1942143796090 seen=1
observer epoch=286 qpc=1942143806080 seen=1
observer epoch=287 qpc=1942143816079 seen=1
observer epoch=288 qpc=1942143826082 seen=1
observer epoch=289 qpc=1942143836090 seen=1
observer epoch=290 qpc=1942143846089 seen=1
observer epoch=291 qpc=1942143856084 seen=1
observer epoch=292 qpc=1942143866090 seen=1
observer epoch=293 qpc=1942143876087 seen=1
observer epoch=294 qpc=1942143886084 seen=1
observer epoch=295 qpc=1942143896087 seen=1
observer epoch=296 qpc=1942143906079 seen=1
observer epoch=297 qpc=1942143916085 seen=1
observer epoch=298 qpc=1942143926088 seen=1
observer epoch=299 qpc=1942143936089 seen=1
observer epoch=300 qpc=1942143946088 seen=1
observer epoch=301 qpc=1942143956085 seen=1
observer epoch=302 qpc=1942143966089 seen=1
observer epoch=303 qpc=1942143976084 seen=1
observer epoch=304 qpc=1942143986080 seen=1
observer epoch=305 qpc=1942143996095 seen=1
observer epoch=306 qpc=1942144006078 seen=1
observer epoch=307 qpc=1942144016082 seen=1
observer epoch=308 qpc=1942144026089 seen=1
observer epoch=309 qpc=1942144036080 seen=1
observer epoch=310 qpc=1942144046090 seen=1
observer epoch=311 qpc=1942144056090 seen=1
observer epoch=312 qpc=1942144066081 seen=1
observer epoch=313 qpc=1942144076090 seen=1
observer epoch=314 qpc=1942144086082 seen=1
observer epoch=315 qpc=1942144096081 seen=1
observer epoch=316 qpc=1942144106080 seen=1
observer epoch=317 qpc=1942144116087 seen=1
observer epoch=318 qpc=1942144126083 seen=1
observer epoch=319 qpc=1942144136088 seen=1
observer epoch=320 qpc=1942144146082 seen=1
observer epoch=321 qpc=1942144156090 seen=1
observer epoch=322 qpc=1942144166086 seen=1
observer epoch=323 qpc=1942144176082 seen=1
observer epoch=324 qpc=1942144186082 seen=1
observer epoch=325 qpc=1942144196078 seen=1
observer epoch=326 qpc=1942144206079 seen=1
observer epoch=327 qpc=1942144216083 seen=1
observer epoch=328 qpc=1942144226089 seen=1
observer epoch=329 qpc=1942144236086 seen=1
observer epoch=330 qpc=1942144246081 seen=1
observer epoch=331 qpc=1942144256081 seen=1
observer epoch=332 qpc=1942144266078 seen=1
observer epoch=333 qpc=1942144276087 seen=1
observer epoch=334 qpc=1942144286081 seen=1
observer epoch=335 qpc=1942144296078 seen=1
observer epoch=336 qpc=1942144306088 seen=1
observer epoch=337 qpc=1942144316084 seen=1
observer epoch=338 qpc=1942144326088 seen=1
observer epoch=339 qpc=1942144336090 seen=1
observer epoch=340 qpc=1942144346082 seen=1
observer epoch=341 qpc=1942144356078 seen=1
observer epoch=342 qpc=1942144366083 seen=1
observer epoch=343 qpc=1942144376088 seen=1
observer epoch=344 qpc=1942144386084 seen=1
observer epoch=345 qpc=1942144396088 seen=1
observer epoch=346 qpc=1942144406083 seen=1
observer epoch=347 qpc=1942144416082 seen=1
observer epoch=348 qpc=1942144426085 seen=1
observer epoch=349 qpc=1942144436085 seen=1
observer epoch=350 qpc=1942144446083 seen=1
observer epoch=351 qpc=1942144456091 seen=1
observer epoch=352 qpc=1942144466078 seen=1
observer epoch=353 qpc=1942144476087 seen=1
observer epoch=354 qpc=1942144486088 seen=1
observer epoch=355 qpc=1942144496080 seen=1
observer epoch=356 qpc=1942144506087 seen=1
observer epoch=357 qpc=1942144516083 seen=1
observer epoch=358 qpc=1942144526082 seen=1
observer epoch=359 qpc=1942144536087 seen=1
observer epoch=360 qpc=1942144546084 seen=1
observer epoch=361 qpc=1942144556090 seen=1
observer epoch=362 qpc=1942144566085 seen=1
observer epoch=363 qpc=1942144576085 seen=1
observer epoch=364 qpc=1942144586090 seen=1
observer epoch=365 qpc=1942144596085 seen=1
observer epoch=366 qpc=1942144606090 seen=1
observer epoch=367 qpc=1942144616084 seen=1
observer epoch=368 qpc=1942144626089 seen=1
observer epoch=369 qpc=1942144636091 seen=1
observer epoch=370 qpc=1942144646085 seen=1
observer epoch=371 qpc=1942144656084 seen=1
observer epoch=372 qpc=1942144666080 seen=1
observer epoch=373 qpc=1942144676081 seen=1
observer epoch=374 qpc=1942144686084 seen=1
observer epoch=375 qpc=1942144696084 seen=1
observer epoch=376 qpc=1942144706084 seen=1
observer epoch=377 qpc=1942144716089 seen=1
observer epoch=378 qpc=1942144726087 seen=1
observer epoch=379 qpc=1942144736084 seen=1
observer epoch=380 qpc=1942144746081 seen=1
observer epoch=381 qpc=1942144756086 seen=1
observer epoch=382 qpc=1942144766080 seen=1
observer epoch=383 qpc=1942144776082 seen=1
observer epoch=384 qpc=1942144786079 seen=1
observer epoch=385 qpc=1942144796088 seen=1
observer epoch=386 qpc=1942144806084 seen=1
observer epoch=387 qpc=1942144816082 seen=1
observer epoch=388 qpc=1942144826079 seen=1
observer epoch=389 qpc=1942144836078 seen=1
observer epoch=390 qpc=1942144846086 seen=1
observer epoch=391 qpc=1942144856089 seen=1
observer epoch=392 qpc=1942144866093 seen=1
observer epoch=393 qpc=1942144876080 seen=1
observer epoch=394 qpc=1942144886085 seen=1
observer epoch=395 qpc=1942144896089 seen=1
observer epoch=396 qpc=1942144906078 seen=1
observer epoch=397 qpc=1942144916090 seen=1
observer epoch=398 qpc=1942144926090 seen=1
observer epoch=399 qpc=1942144936082 seen=1
observer epoch=400 qpc=1942144946084 seen=1
observer epoch=401 qpc=1942144956090 seen=1
observer epoch=402 qpc=1942144966089 seen=1
observer epoch=403 qpc=1942144976086 seen=1
observer epoch=404 qpc=1942144986080 seen=1
observer epoch=405 qpc=1942144996079 seen=1
observer epoch=406 qpc=1942145006086 seen=1
observer epoch=407 qpc=1942145016078 seen=1
observer epoch=408 qpc=1942145026088 seen=1
observer epoch=409 qpc=1942145036088 seen=1
observer epoch=410 qpc=1942145046080 seen=1
observer epoch=411 qpc=1942145056081 seen=1
observer epoch=412 qpc=1942145066092 seen=1
observer epoch=413 qpc=1942145076089 seen=1
observer epoch=414 qpc=1942145086078 seen=1
observer epoch=415 qpc=1942145096084 seen=1
observer epoch=416 qpc=1942145106081 seen=1
observer epoch=417 qpc=1942145116086 seen=1
observer epoch=418 qpc=1942145126081 seen=1
observer epoch=419 qpc=1942145136089 seen=1
observer epoch=420 qpc=1942145146084 seen=1
observer epoch=421 qpc=1942145156080 seen=1
observer epoch=422 qpc=1942145166081 seen=1
observer epoch=423 qpc=1942145176081 seen=1
observer epoch=424 qpc=1942145186081 seen=1
observer epoch=425 qpc=1942145196090 seen=1
observer epoch=426 qpc=1942145206089 seen=1
observer epoch=427 qpc=1942145216086 seen=1
observer epoch=428 qpc=1942145226084 seen=1
observer epoch=429 qpc=1942145236082 seen=1
observer epoch=430 qpc=1942145246085 seen=1
observer epoch=431 qpc=1942145256091 seen=1
observer epoch=432 qpc=1942145266080 seen=1
observer epoch=433 qpc=1942145276087 seen=1
observer epoch=434 qpc=1942145286078 seen=1
observer epoch=435 qpc=1942145296081 seen=1
observer epoch=436 qpc=1942145306080 seen=1
observer epoch=437 qpc=1942145316087 seen=1
observer epoch=438 qpc=1942145326085 seen=1
observer epoch=439 qpc=1942145336088 seen=1
observer epoch=440 qpc=1942145346083 seen=1
observer epoch=441 qpc=1942145356082 seen=1
observer epoch=442 qpc=1942145366085 seen=1
observer epoch=443 qpc=1942145376079 seen=1
observer epoch=444 qpc=1942145386088 seen=1
observer epoch=445 qpc=1942145396090 seen=1
observer epoch=446 qpc=1942145406089 seen=1
observer epoch=447 qpc=1942145416088 seen=1
observer epoch=448 qpc=1942145426086 seen=1
observer epoch=449 qpc=1942145436084 seen=1
observer epoch=450 qpc=1942145446080 seen=1
observer epoch=451 qpc=1942145456084 seen=1
observer epoch=452 qpc=1942145466082 seen=1
observer epoch=453 qpc=1942145476081 seen=1
observer epoch=454 qpc=1942145486089 seen=1
observer epoch=455 qpc=1942145496079 seen=1
observer epoch=456 qpc=1942145506080 seen=1
observer epoch=457 qpc=1942145516090 seen=1
observer epoch=458 qpc=1942145526081 seen=1
observer epoch=459 qpc=1942145536079 seen=1
observer epoch=460 qpc=1942145546084 seen=1
observer epoch=461 qpc=1942145556083 seen=1
observer epoch=462 qpc=1942145566085 seen=1
observer epoch=463 qpc=1942145576091 seen=1
observer epoch=464 qpc=1942145586090 seen=1
observer epoch=465 qpc=1942145596085 seen=1
observer epoch=466 qpc=1942145606091 seen=1
observer epoch=467 qpc=1942145616079 seen=1
observer epoch=468 qpc=1942145626081 seen=1
observer epoch=469 qpc=1942145636091 seen=1
observer epoch=470 qpc=1942145646081 seen=1
observer epoch=471 qpc=1942145656080 seen=1
observer epoch=472 qpc=1942145666088 seen=1
observer epoch=473 qpc=1942145676085 seen=1
observer epoch=474 qpc=1942145686078 seen=1
observer epoch=475 qpc=1942145696081 seen=1
observer epoch=476 qpc=1942145706087 seen=1
observer epoch=477 qpc=1942145716079 seen=1
observer epoch=478 qpc=1942145726083 seen=1
observer epoch=479 qpc=1942145736080 seen=1
observer epoch=480 qpc=1942145746088 seen=1
observer epoch=481 qpc=1942145756079 seen=1
observer epoch=482 qpc=1942145766089 seen=1
observer epoch=483 qpc=1942145776080 seen=1
observer epoch=484 qpc=1942145786090 seen=1
observer epoch=485 qpc=1942145796086 seen=1
observer epoch=486 qpc=1942145806078 seen=1
observer epoch=487 qpc=1942145816080 seen=1
observer epoch=488 qpc=1942145826087 seen=1
observer epoch=489 qpc=1942145836085 seen=1
observer epoch=490 qpc=1942145846091 seen=1
observer epoch=491 qpc=1942145856082 seen=1
observer epoch=492 qpc=1942145866080 seen=1
observer epoch=493 qpc=1942145876082 seen=1
observer epoch=494 qpc=1942145886085 seen=1
observer epoch=495 qpc=1942145896088 seen=1
observer epoch=496 qpc=1942145906084 seen=1
observer epoch=497 qpc=1942145916091 seen=1
observer epoch=498 qpc=1942145926087 seen=1
observer epoch=499 qpc=1942145936083 seen=1
observer epoch=500 qpc=1942145946084 seen=1
observer epoch=501 qpc=1942145956079 seen=1
observer epoch=502 qpc=1942145966085 seen=1
observer epoch=503 qpc=1942145976079 seen=1
observer epoch=504 qpc=1942145986080 seen=1
observer epoch=505 qpc=1942145996083 seen=1
observer epoch=506 qpc=1942146006080 seen=1
observer epoch=507 qpc=1942146016078 seen=1
observer epoch=508 qpc=1942146026091 seen=1
observer epoch=509 qpc=1942146036082 seen=1
observer epoch=510 qpc=1942146046084 seen=1
observer epoch=511 qpc=1942146056086 seen=1
observer epoch=512 qpc=1942146066083 seen=1
observer epoch=513 qpc=1942146076089 seen=1
observer epoch=514 qpc=1942146086082 seen=1
observer epoch=515 qpc=1942146096090 seen=1
observer epoch=516 qpc=1942146106084 seen=1
observer epoch=517 qpc=1942146116084 seen=1
observer epoch=518 qpc=1942146126080 seen=1
observer epoch=519 qpc=1942146136086 seen=1
observer epoch=520 qpc=1942146146089 seen=1
observer epoch=521 qpc=1942146156088 seen=1
observer epoch=522 qpc=1942146166078 seen=1
observer epoch=523 qpc=1942146176083 seen=1
observer epoch=524 qpc=1942146186088 seen=1
observer epoch=525 qpc=1942146196082 seen=1
observer epoch=526 qpc=1942146206080 seen=1
observer epoch=527 qpc=1942146216087 seen=1
observer epoch=528 qpc=1942146226087 seen=1
observer epoch=529 qpc=1942146236091 seen=1
observer epoch=530 qpc=1942146246086 seen=1
observer epoch=531 qpc=1942146256085 seen=1
observer epoch=532 qpc=1942146266083 seen=1
observer epoch=533 qpc=1942146276083 seen=1
observer epoch=534 qpc=1942146286088 seen=1
observer epoch=535 qpc=1942146296087 seen=1
observer epoch=536 qpc=1942146306087 seen=1
observer epoch=537 qpc=1942146316080 seen=1
observer epoch=538 qpc=1942146326087 seen=1
observer epoch=539 qpc=1942146336088 seen=1
observer epoch=540 qpc=1942146346084 seen=1
observer epoch=541 qpc=1942146356083 seen=1
observer epoch=542 qpc=1942146366084 seen=1
observer epoch=543 qpc=1942146376087 seen=1
observer epoch=544 qpc=1942146386089 seen=1
observer epoch=545 qpc=1942146396084 seen=1
observer epoch=546 qpc=1942146406082 seen=1
observer epoch=547 qpc=1942146416090 seen=1
observer epoch=548 qpc=1942146426080 seen=1
observer epoch=549 qpc=1942146436084 seen=1
observer epoch=550 qpc=1942146446078 seen=1
observer epoch=551 qpc=1942146456090 seen=1
observer epoch=552 qpc=1942146466088 seen=1
observer epoch=553 qpc=1942146476088 seen=1
observer epoch=554 qpc=1942146486090 seen=1
observer epoch=555 qpc=1942146496080 seen=1
observer epoch=556 qpc=1942146506085 seen=1
observer epoch=557 qpc=1942146516094 seen=1
observer epoch=558 qpc=1942146526082 seen=1
observer epoch=559 qpc=1942146536080 seen=1
observer epoch=560 qpc=1942146546084 seen=1
observer epoch=561 qpc=1942146556088 seen=1
observer epoch=562 qpc=1942146566079 seen=1
observer epoch=563 qpc=1942146576094 seen=1
observer epoch=564 qpc=1942146586088 seen=1
observer epoch=565 qpc=1942146596088 seen=1
observer epoch=566 qpc=1942146606082 seen=1
observer epoch=567 qpc=1942146616084 seen=1
observer epoch=568 qpc=1942146626083 seen=1
observer epoch=569 qpc=1942146636090 seen=1
observer epoch=570 qpc=1942146646080 seen=1
observer epoch=571 qpc=1942146656081 seen=1
observer epoch=572 qpc=1942146666080 seen=1
observer epoch=573 qpc=1942146676090 seen=1
observer epoch=574 qpc=1942146686084 seen=1
observer epoch=575 qpc=1942146696085 seen=1
observer epoch=576 qpc=1942146706086 seen=1
observer epoch=577 qpc=1942146716082 seen=1
observer epoch=578 qpc=1942146726083 seen=1
observer epoch=579 qpc=1942146736088 seen=1
observer epoch=580 qpc=1942146746087 seen=1
observer epoch=581 qpc=1942146756080 seen=1
observer epoch=582 qpc=1942146766089 seen=1
observer epoch=583 qpc=1942146776090 seen=1
observer epoch=584 qpc=1942146786084 seen=1
observer epoch=585 qpc=1942146796087 seen=1
observer epoch=586 qpc=1942146806087 seen=1
observer epoch=587 qpc=1942146816081 seen=1
observer epoch=588 qpc=1942146826091 seen=1
observer epoch=589 qpc=1942146836092 seen=1
observer epoch=590 qpc=1942146846079 seen=1
observer epoch=591 qpc=1942146856084 seen=1
observer epoch=592 qpc=1942146866090 seen=1
observer epoch=593 qpc=1942146876086 seen=1
observer epoch=594 qpc=1942146886085 seen=1
observer epoch=595 qpc=1942146896091 seen=1
observer epoch=596 qpc=1942146906082 seen=1
observer epoch=597 qpc=1942146916080 seen=1
observer epoch=598 qpc=1942146926083 seen=1
observer epoch=599 qpc=1942146936089 seen=1
observer_summary first=202 published=1942142956937 start=1942140946077 frequency=10000000 phase_us=0
host loaded=C:\eos-private\Mss32.dll tid=500 frequency=10000000 arm=1 phase=0
start begin=1942140946096 end=1942140946177
serve epoch=1 begin=1942141446653 end=1942141446890
serve epoch=2 begin=1942141946671 end=1942141946863
serve epoch=3 begin=1942142446131 end=1942142446313
serve epoch=4 begin=1942142956073 end=1942142956938
serve epoch=5 begin=1942143451840 end=1942143451963
serve epoch=6 begin=1942143951793 end=1942143951880
serve epoch=7 begin=1942144448588 end=1942144448682
serve epoch=8 begin=1942144956403 end=1942144956490
serve epoch=9 begin=1942145455879 end=1942145456072
serve epoch=10 begin=1942145953127 end=1942145953211
serve epoch=11 begin=1942146449460 end=1942146449556
serve epoch=12 begin=1942146950051 end=1942146950155
serve epoch=13 begin=1942147447073 end=1942147447167
completion count=1 callback=1942142956276 callback_end=1942142956277 thread=500 sent=0 status=2 total=204 pos=204 worker=0 send_ok=1
