ALSA lib control.c:1575:(snd_ctl_open_noupdate) [error.control] Invalid CTL hw:0
ALSA lib control.c:1575:(snd_ctl_open_noupdate) [error.control] Invalid CTL hw:1
ALSA lib control.c:1575:(snd_ctl_open_noupdate) [error.control] Invalid CTL hw:0
ALSA lib control.c:1575:(snd_ctl_open_noupdate) [error.control] Invalid CTL hw:1
observer epoch=0 qpc=1942238708862 seen=0
observer epoch=1 qpc=1942238718862 seen=0
observer epoch=2 qpc=1942238728850 seen=0
observer epoch=3 qpc=1942238738859 seen=0
observer epoch=4 qpc=1942238748859 seen=0
observer epoch=5 qpc=1942238758851 seen=0
observer epoch=6 qpc=1942238768855 seen=0
observer epoch=7 qpc=1942238778854 seen=0
observer epoch=8 qpc=1942238788862 seen=0
observer epoch=9 qpc=1942238798851 seen=0
observer epoch=10 qpc=1942238808853 seen=0
observer epoch=11 qpc=1942238818853 seen=0
observer epoch=12 qpc=1942238828855 seen=0
observer epoch=13 qpc=1942238838863 seen=0
observer epoch=14 qpc=1942238848859 seen=0
observer epoch=15 qpc=1942238858860 seen=0
observer epoch=16 qpc=1942238868858 seen=0
observer epoch=17 qpc=1942238878858 seen=0
observer epoch=18 qpc=1942238888850 seen=0
observer epoch=19 qpc=1942238898854 seen=0
observer epoch=20 qpc=1942238908860 seen=0
observer epoch=21 qpc=1942238918861 seen=0
observer epoch=22 qpc=1942238928851 seen=0
observer epoch=23 qpc=1942238938854 seen=0
observer epoch=24 qpc=1942238948854 seen=0
observer epoch=25 qpc=1942238958860 seen=0
observer epoch=26 qpc=1942238968853 seen=0
observer epoch=27 qpc=1942238978854 seen=0
observer epoch=28 qpc=1942238988861 seen=0
observer epoch=29 qpc=1942238998862 seen=0
observer epoch=30 qpc=1942239008856 seen=0
observer epoch=31 qpc=1942239018861 seen=0
observer epoch=32 qpc=1942239028861 seen=0
observer epoch=33 qpc=1942239038854 seen=0
observer epoch=34 qpc=1942239048860 seen=0
observer epoch=35 qpc=1942239058859 seen=0
observer epoch=36 qpc=1942239068859 seen=0
observer epoch=37 qpc=1942239078855 seen=0
observer epoch=38 qpc=1942239088858 seen=0
observer epoch=39 qpc=1942239098857 seen=0
observer epoch=40 qpc=1942239108859 seen=0
observer epoch=41 qpc=1942239118860 seen=0
observer epoch=42 qpc=1942239128863 seen=0
observer epoch=43 qpc=1942239138855 seen=0
observer epoch=44 qpc=1942239148851 seen=0
observer epoch=45 qpc=1942239158851 seen=0
observer epoch=46 qpc=1942239168857 seen=0
observer epoch=47 qpc=1942239178860 seen=0
observer epoch=48 qpc=1942239188855 seen=0
observer epoch=49 qpc=1942239198851 seen=0
observer epoch=50 qpc=1942239208851 seen=0
observer epoch=51 qpc=1942239218854 seen=0
observer epoch=52 qpc=1942239228851 seen=0
observer epoch=53 qpc=1942239238850 seen=0
observer epoch=54 qpc=1942239248863 seen=0
observer epoch=55 qpc=1942239258856 seen=0
observer epoch=56 qpc=1942239268860 seen=0
observer epoch=57 qpc=1942239278853 seen=0
observer epoch=58 qpc=1942239288860 seen=0
observer epoch=59 qpc=1942239298857 seen=0
observer epoch=60 qpc=1942239308852 seen=0
observer epoch=61 qpc=1942239318851 seen=0
observer epoch=62 qpc=1942239328857 seen=0
observer epoch=63 qpc=1942239338854 seen=0
observer epoch=64 qpc=1942239348856 seen=0
observer epoch=65 qpc=1942239358851 seen=0
observer epoch=66 qpc=1942239368857 seen=0
observer epoch=67 qpc=1942239378854 seen=0
observer epoch=68 qpc=1942239388857 seen=0
observer epoch=69 qpc=1942239398851 seen=0
observer epoch=70 qpc=1942239408850 seen=0
observer epoch=71 qpc=1942239418860 seen=0
observer epoch=72 qpc=1942239428856 seen=0
observer epoch=73 qpc=1942239438852 seen=0
observer epoch=74 qpc=1942239448858 seen=0
observer epoch=75 qpc=1942239458863 seen=0
observer epoch=76 qpc=1942239468851 seen=0
observer epoch=77 qpc=1942239478852 seen=0
observer epoch=78 qpc=1942239488856 seen=0
observer epoch=79 qpc=1942239498854 seen=0
observer epoch=80 qpc=1942239508853 seen=0
observer epoch=81 qpc=1942239518854 seen=0
observer epoch=82 qpc=1942239528860 seen=0
observer epoch=83 qpc=1942239538850 seen=0
observer epoch=84 qpc=1942239548853 seen=0
observer epoch=85 qpc=1942239558861 seen=0
observer epoch=86 qpc=1942239568861 seen=0
observer epoch=87 qpc=1942239578853 seen=0
observer epoch=88 qpc=1942239588858 seen=0
observer epoch=89 qpc=1942239598853 seen=0
observer epoch=90 qpc=1942239608855 seen=0
observer epoch=91 qpc=1942239618855 seen=0
observer epoch=92 qpc=1942239628859 seen=0
observer epoch=93 qpc=1942239638856 seen=0
observer epoch=94 qpc=1942239648859 seen=0
observer epoch=95 qpc=1942239658863 seen=0
observer epoch=96 qpc=1942239668859 seen=0
observer epoch=97 qpc=1942239678853 seen=0
observer epoch=98 qpc=1942239688851 seen=0
observer epoch=99 qpc=1942239698863 seen=0
observer epoch=100 qpc=1942239708862 seen=0
observer epoch=101 qpc=1942239718861 seen=0
observer epoch=102 qpc=1942239728862 seen=0
observer epoch=103 qpc=1942239738851 seen=0
observer epoch=104 qpc=1942239748858 seen=0
observer epoch=105 qpc=1942239758855 seen=0
observer epoch=106 qpc=1942239768863 seen=0
observer epoch=107 qpc=1942239778850 seen=0
observer epoch=108 qpc=1942239788853 seen=0
observer epoch=109 qpc=1942239798856 seen=0
observer epoch=110 qpc=1942239808850 seen=0
observer epoch=111 qpc=1942239818863 seen=0
observer epoch=112 qpc=1942239828856 seen=0
observer epoch=113 qpc=1942239838858 seen=0
observer epoch=114 qpc=1942239848851 seen=0
observer epoch=115 qpc=1942239858862 seen=0
observer epoch=116 qpc=1942239868862 seen=0
observer epoch=117 qpc=1942239878852 seen=0
observer epoch=118 qpc=1942239888850 seen=0
observer epoch=119 qpc=1942239898850 seen=0
observer epoch=120 qpc=1942239908856 seen=0
observer epoch=121 qpc=1942239918852 seen=0
observer epoch=122 qpc=1942239928852 seen=0
observer epoch=123 qpc=1942239938862 seen=0
observer epoch=124 qpc=1942239948850 seen=0
observer epoch=125 qpc=1942239958860 seen=0
observer epoch=126 qpc=1942239968850 seen=0
observer epoch=127 qpc=1942239978852 seen=0
observer epoch=128 qpc=1942239988853 seen=0
observer epoch=129 qpc=1942239998858 seen=0
observer epoch=130 qpc=1942240008859 seen=0
observer epoch=131 qpc=1942240018850 seen=0
observer epoch=132 qpc=1942240028863 seen=0
observer epoch=133 qpc=1942240038858 seen=0
observer epoch=134 qpc=1942240048857 seen=0
observer epoch=135 qpc=1942240058859 seen=0
observer epoch=136 qpc=1942240068854 seen=0
observer epoch=137 qpc=1942240078850 seen=0
observer epoch=138 qpc=1942240088861 seen=0
observer epoch=139 qpc=1942240098853 seen=0
observer epoch=140 qpc=1942240108853 seen=0
observer epoch=141 qpc=1942240118851 seen=0
observer epoch=142 qpc=1942240128860 seen=0
observer epoch=143 qpc=1942240138859 seen=0
observer epoch=144 qpc=1942240148852 seen=0
observer epoch=145 qpc=1942240158854 seen=0
observer epoch=146 qpc=1942240168862 seen=0
observer epoch=147 qpc=1942240178859 seen=0
observer epoch=148 qpc=1942240188858 seen=0
observer epoch=149 qpc=1942240198853 seen=0
observer epoch=150 qpc=1942240208858 seen=0
observer epoch=151 qpc=1942240218864 seen=0
observer epoch=152 qpc=1942240228864 seen=0
observer epoch=153 qpc=1942240238857 seen=0
observer epoch=154 qpc=1942240248859 seen=0
observer epoch=155 qpc=1942240258850 seen=0
observer epoch=156 qpc=1942240268853 seen=0
observer epoch=157 qpc=1942240278857 seen=0
observer epoch=158 qpc=1942240288863 seen=0
observer epoch=159 qpc=1942240298854 seen=0
observer epoch=160 qpc=1942240308862 seen=0
observer epoch=161 qpc=1942240318854 seen=0
observer epoch=162 qpc=1942240328855 seen=0
observer epoch=163 qpc=1942240338859 seen=0
observer epoch=164 qpc=1942240348851 seen=0
observer epoch=165 qpc=1942240358856 seen=0
observer epoch=166 qpc=1942240368856 seen=0
observer epoch=167 qpc=1942240378859 seen=0
observer epoch=168 qpc=1942240388860 seen=0
observer epoch=169 qpc=1942240398857 seen=0
observer epoch=170 qpc=1942240408855 seen=0
observer epoch=171 qpc=1942240418861 seen=0
observer epoch=172 qpc=1942240428852 seen=0
observer epoch=173 qpc=1942240438851 seen=0
observer epoch=174 qpc=1942240448856 seen=0
observer epoch=175 qpc=1942240458854 seen=0
observer epoch=176 qpc=1942240468852 seen=0
observer epoch=177 qpc=1942240478861 seen=0
observer epoch=178 qpc=1942240488863 seen=0
observer epoch=179 qpc=1942240498857 seen=0
observer epoch=180 qpc=1942240508853 seen=0
observer epoch=181 qpc=1942240518857 seen=0
observer epoch=182 qpc=1942240528863 seen=0
observer epoch=183 qpc=1942240538861 seen=0
observer epoch=184 qpc=1942240548862 seen=0
observer epoch=185 qpc=1942240558856 seen=0
observer epoch=186 qpc=1942240568858 seen=0
observer epoch=187 qpc=1942240578858 seen=0
observer epoch=188 qpc=1942240588863 seen=0
observer epoch=189 qpc=1942240598854 seen=0
observer epoch=190 qpc=1942240608855 seen=0
observer epoch=191 qpc=1942240618863 seen=0
observer epoch=192 qpc=1942240628860 seen=0
observer epoch=193 qpc=1942240638854 seen=0
observer epoch=194 qpc=1942240648856 seen=0
observer epoch=195 qpc=1942240658859 seen=0
observer epoch=196 qpc=1942240668854 seen=0
observer epoch=197 qpc=1942240678859 seen=0
observer epoch=198 qpc=1942240688859 seen=0
observer epoch=199 qpc=1942240698860 seen=0
observer epoch=200 qpc=1942240708859 seen=0
observer epoch=201 qpc=1942240718859 seen=0
observer epoch=202 qpc=1942240728851 seen=0
observer epoch=203 qpc=1942240738861 seen=0
observer epoch=204 qpc=1942240748861 seen=0
observer epoch=205 qpc=1942240758859 seen=0
observer epoch=206 qpc=1942240768859 seen=0
observer epoch=207 qpc=1942240778861 seen=0
observer epoch=208 qpc=1942240788852 seen=0
observer epoch=209 qpc=1942240798854 seen=0
observer epoch=210 qpc=1942240808861 seen=0
observer epoch=211 qpc=1942240818857 seen=0
observer epoch=212 qpc=1942240828858 seen=0
observer epoch=213 qpc=1942240838851 seen=0
observer epoch=214 qpc=1942240848852 seen=0
observer epoch=215 qpc=1942240858857 seen=0
observer epoch=216 qpc=1942240868853 seen=0
observer epoch=217 qpc=1942240878851 seen=0
observer epoch=218 qpc=1942240888850 seen=0
observer epoch=219 qpc=1942240898858 seen=0
observer epoch=220 qpc=1942240908859 seen=0
observer epoch=221 qpc=1942240918859 seen=0
observer epoch=222 qpc=1942240928858 seen=0
observer epoch=223 qpc=1942240938857 seen=0
observer epoch=224 qpc=1942240948852 seen=0
observer epoch=225 qpc=1942240958852 seen=0
observer epoch=226 qpc=1942240968856 seen=0
observer epoch=227 qpc=1942240978853 seen=0
observer epoch=228 qpc=1942240988857 seen=0
observer epoch=229 qpc=1942240998853 seen=0
observer epoch=230 qpc=1942241008859 seen=0
observer epoch=231 qpc=1942241018857 seen=0
observer epoch=232 qpc=1942241028859 seen=0
observer epoch=233 qpc=1942241038853 seen=0
observer epoch=234 qpc=1942241048857 seen=0
observer epoch=235 qpc=1942241058860 seen=0
observer epoch=236 qpc=1942241068851 seen=0
observer epoch=237 qpc=1942241078862 seen=0
observer epoch=238 qpc=1942241088853 seen=0
observer epoch=239 qpc=1942241098857 seen=0
observer epoch=240 qpc=1942241108853 seen=0
observer epoch=241 qpc=1942241118850 seen=0
observer epoch=242 qpc=1942241128852 seen=0
observer epoch=243 qpc=1942241138852 seen=0
observer epoch=244 qpc=1942241148858 seen=0
observer epoch=245 qpc=1942241158861 seen=0
observer epoch=246 qpc=1942241168851 seen=0
observer epoch=247 qpc=1942241178851 seen=0
observer epoch=248 qpc=1942241188856 seen=0
observer epoch=249 qpc=1942241198859 seen=0
observer epoch=250 qpc=1942241208858 seen=0
observer epoch=251 qpc=1942241218855 seen=0
observer epoch=252 qpc=1942241228856 seen=0
observer epoch=253 qpc=1942241238861 seen=0
observer epoch=254 qpc=1942241248858 seen=0
observer epoch=255 qpc=1942241258851 seen=0
observer epoch=256 qpc=1942241268863 seen=0
observer epoch=257 qpc=1942241278850 seen=0
observer epoch=258 qpc=1942241288850 seen=0
observer epoch=259 qpc=1942241298851 seen=0
observer epoch=260 qpc=1942241308852 seen=0
observer epoch=261 qpc=1942241318856 seen=0
observer epoch=262 qpc=1942241328858 seen=0
observer epoch=263 qpc=1942241338861 seen=0
observer epoch=264 qpc=1942241348860 seen=0
observer epoch=265 qpc=1942241358861 seen=0
observer epoch=266 qpc=1942241368858 seen=0
observer epoch=267 qpc=1942241378857 seen=0
observer epoch=268 qpc=1942241388851 seen=0
observer epoch=269 qpc=1942241398858 seen=0
observer epoch=270 qpc=1942241408854 seen=0
observer epoch=271 qpc=1942241418852 seen=0
observer epoch=272 qpc=1942241428853 seen=0
observer epoch=273 qpc=1942241438857 seen=0
observer epoch=274 qpc=1942241448863 seen=0
observer epoch=275 qpc=1942241458859 seen=0
observer epoch=276 qpc=1942241468855 seen=0
observer epoch=277 qpc=1942241478852 seen=0
observer epoch=278 qpc=1942241488863 seen=0
observer epoch=279 qpc=1942241498860 seen=0
observer epoch=280 qpc=1942241508851 seen=0
observer epoch=281 qpc=1942241518857 seen=0
observer epoch=282 qpc=1942241528854 seen=0
observer epoch=283 qpc=1942241538850 seen=0
observer epoch=284 qpc=1942241548854 seen=0
observer epoch=285 qpc=1942241558854 seen=0
observer epoch=286 qpc=1942241568855 seen=0
observer epoch=287 qpc=1942241578856 seen=0
observer epoch=288 qpc=1942241588857 seen=0
observer epoch=289 qpc=1942241598852 seen=0
observer epoch=290 qpc=1942241608855 seen=0
observer epoch=291 qpc=1942241618855 seen=0
observer epoch=292 qpc=1942241628851 seen=0
observer epoch=293 qpc=1942241638857 seen=0
observer epoch=294 qpc=1942241648861 seen=0
observer epoch=295 qpc=1942241658857 seen=0
observer epoch=296 qpc=1942241668854 seen=0
observer epoch=297 qpc=1942241678854 seen=0
observer epoch=298 qpc=1942241688859 seen=0
observer epoch=299 qpc=1942241698855 seen=0
observer epoch=300 qpc=1942241708854 seen=0
observer epoch=301 qpc=1942241718850 seen=1
observer epoch=302 qpc=1942241728855 seen=1
observer epoch=303 qpc=1942241738852 seen=1
observer epoch=304 qpc=1942241748862 seen=1
observer epoch=305 qpc=1942241758850 seen=1
observer epoch=306 qpc=1942241768853 seen=1
observer epoch=307 qpc=1942241778861 seen=1
observer epoch=308 qpc=1942241788850 seen=1
observer epoch=309 qpc=1942241798851 seen=1
observer epoch=310 qpc=1942241808850 seen=1
observer epoch=311 qpc=1942241818850 seen=1
observer epoch=312 qpc=1942241828859 seen=1
observer epoch=313 qpc=1942241838852 seen=1
observer epoch=314 qpc=1942241848851 seen=1
observer epoch=315 qpc=1942241858852 seen=1
observer epoch=316 qpc=1942241868862 seen=1
observer epoch=317 qpc=1942241878863 seen=1
observer epoch=318 qpc=1942241888858 seen=1
observer epoch=319 qpc=1942241898862 seen=1
observer epoch=320 qpc=1942241908860 seen=1
observer epoch=321 qpc=1942241918856 seen=1
observer epoch=322 qpc=1942241928863 seen=1
observer epoch=323 qpc=1942241938858 seen=1
observer epoch=324 qpc=1942241948862 seen=1
observer epoch=325 qpc=1942241958862 seen=1
observer epoch=326 qpc=1942241968863 seen=1
observer epoch=327 qpc=1942241978861 seen=1
observer epoch=328 qpc=1942241988854 seen=1
observer epoch=329 qpc=1942241998852 seen=1
observer epoch=330 qpc=1942242008854 seen=1
observer epoch=331 qpc=1942242018861 seen=1
observer epoch=332 qpc=1942242028858 seen=1
observer epoch=333 qpc=1942242038853 seen=1
observer epoch=334 qpc=1942242048855 seen=1
observer epoch=335 qpc=1942242058856 seen=1
observer epoch=336 qpc=1942242068854 seen=1
observer epoch=337 qpc=1942242078854 seen=1
observer epoch=338 qpc=1942242088850 seen=1
observer epoch=339 qpc=1942242098850 seen=1
observer epoch=340 qpc=1942242108852 seen=1
observer epoch=341 qpc=1942242118852 seen=1
observer epoch=342 qpc=1942242128856 seen=1
observer epoch=343 qpc=1942242138853 seen=1
observer epoch=344 qpc=1942242148851 seen=1
observer epoch=345 qpc=1942242158856 seen=1
observer epoch=346 qpc=1942242168862 seen=1
observer epoch=347 qpc=1942242178857 seen=1
observer epoch=348 qpc=1942242188852 seen=1
observer epoch=349 qpc=1942242198852 seen=1
observer epoch=350 qpc=1942242208856 seen=1
observer epoch=351 qpc=1942242218858 seen=1
observer epoch=352 qpc=1942242228853 seen=1
observer epoch=353 qpc=1942242238857 seen=1
observer epoch=354 qpc=1942242248857 seen=1
observer epoch=355 qpc=1942242258862 seen=1
observer epoch=356 qpc=1942242268852 seen=1
observer epoch=357 qpc=1942242278859 seen=1
observer epoch=358 qpc=1942242288857 seen=1
observer epoch=359 qpc=1942242298852 seen=1
observer epoch=360 qpc=1942242308854 seen=1
observer epoch=361 qpc=1942242318862 seen=1
observer epoch=362 qpc=1942242328855 seen=1
observer epoch=363 qpc=1942242338858 seen=1
observer epoch=364 qpc=1942242348860 seen=1
observer epoch=365 qpc=1942242358858 seen=1
observer epoch=366 qpc=1942242368857 seen=1
observer epoch=367 qpc=1942242378855 seen=1
observer epoch=368 qpc=1942242388855 seen=1
observer epoch=369 qpc=1942242398852 seen=1
observer epoch=370 qpc=1942242408859 seen=1
observer epoch=371 qpc=1942242418854 seen=1
observer epoch=372 qpc=1942242428863 seen=1
observer epoch=373 qpc=1942242438853 seen=1
observer epoch=374 qpc=1942242448859 seen=1
observer epoch=375 qpc=1942242458851 seen=1
observer epoch=376 qpc=1942242468850 seen=1
observer epoch=377 qpc=1942242478859 seen=1
observer epoch=378 qpc=1942242488852 seen=1
observer epoch=379 qpc=1942242498859 seen=1
observer epoch=380 qpc=1942242508850 seen=1
observer epoch=381 qpc=1942242518858 seen=1
observer epoch=382 qpc=1942242528850 seen=1
observer epoch=383 qpc=1942242538862 seen=1
observer epoch=384 qpc=1942242548858 seen=1
observer epoch=385 qpc=1942242558860 seen=1
observer epoch=386 qpc=1942242568863 seen=1
observer epoch=387 qpc=1942242578861 seen=1
observer epoch=388 qpc=1942242588855 seen=1
observer epoch=389 qpc=1942242598856 seen=1
observer epoch=390 qpc=1942242608851 seen=1
observer epoch=391 qpc=1942242618856 seen=1
observer epoch=392 qpc=1942242628852 seen=1
observer epoch=393 qpc=1942242638862 seen=1
observer epoch=394 qpc=1942242648851 seen=1
observer epoch=395 qpc=1942242658851 seen=1
observer epoch=396 qpc=1942242668851 seen=1
observer epoch=397 qpc=1942242678860 seen=1
observer epoch=398 qpc=1942242688858 seen=1
observer epoch=399 qpc=1942242698853 seen=1
observer epoch=400 qpc=1942242708861 seen=1
observer epoch=401 qpc=1942242718863 seen=1
observer epoch=402 qpc=1942242728857 seen=1
observer epoch=403 qpc=1942242738854 seen=1
observer epoch=404 qpc=1942242748853 seen=1
observer epoch=405 qpc=1942242758863 seen=1
observer epoch=406 qpc=1942242768855 seen=1
observer epoch=407 qpc=1942242778858 seen=1
observer epoch=408 qpc=1942242788856 seen=1
observer epoch=409 qpc=1942242798858 seen=1
observer epoch=410 qpc=1942242808862 seen=1
observer epoch=411 qpc=1942242818856 seen=1
observer epoch=412 qpc=1942242828858 seen=1
observer epoch=413 qpc=1942242838852 seen=1
observer epoch=414 qpc=1942242848859 seen=1
observer epoch=415 qpc=1942242858851 seen=1
observer epoch=416 qpc=1942242868857 seen=1
observer epoch=417 qpc=1942242878852 seen=1
observer epoch=418 qpc=1942242888860 seen=1
observer epoch=419 qpc=1942242898856 seen=1
observer epoch=420 qpc=1942242908862 seen=1
observer epoch=421 qpc=1942242918850 seen=1
observer epoch=422 qpc=1942242928857 seen=1
observer epoch=423 qpc=1942242938851 seen=1
observer epoch=424 qpc=1942242948853 seen=1
observer epoch=425 qpc=1942242958855 seen=1
observer epoch=426 qpc=1942242968863 seen=1
observer epoch=427 qpc=1942242978855 seen=1
observer epoch=428 qpc=1942242988859 seen=1
observer epoch=429 qpc=1942242998858 seen=1
observer epoch=430 qpc=1942243008850 seen=1
observer epoch=431 qpc=1942243018852 seen=1
observer epoch=432 qpc=1942243028854 seen=1
observer epoch=433 qpc=1942243038854 seen=1
observer epoch=434 qpc=1942243048858 seen=1
observer epoch=435 qpc=1942243058862 seen=1
observer epoch=436 qpc=1942243068860 seen=1
observer epoch=437 qpc=1942243078862 seen=1
observer epoch=438 qpc=1942243088862 seen=1
observer epoch=439 qpc=1942243098859 seen=1
observer epoch=440 qpc=1942243108854 seen=1
observer epoch=441 qpc=1942243118861 seen=1
observer epoch=442 qpc=1942243128850 seen=1
observer epoch=443 qpc=1942243138862 seen=1
observer epoch=444 qpc=1942243148853 seen=1
observer epoch=445 qpc=1942243158856 seen=1
observer epoch=446 qpc=1942243168863 seen=1
observer epoch=447 qpc=1942243178858 seen=1
observer epoch=448 qpc=1942243188859 seen=1
observer epoch=449 qpc=1942243198858 seen=1
observer epoch=450 qpc=1942243208861 seen=1
observer epoch=451 qpc=1942243218851 seen=1
observer epoch=452 qpc=1942243228857 seen=1
observer epoch=453 qpc=1942243238851 seen=1
observer epoch=454 qpc=1942243248854 seen=1
observer epoch=455 qpc=1942243258850 seen=1
observer epoch=456 qpc=1942243268864 seen=1
observer epoch=457 qpc=1942243278852 seen=1
observer epoch=458 qpc=1942243288850 seen=1
observer epoch=459 qpc=1942243298851 seen=1
observer epoch=460 qpc=1942243308857 seen=1
observer epoch=461 qpc=1942243318856 seen=1
observer epoch=462 qpc=1942243328859 seen=1
observer epoch=463 qpc=1942243338853 seen=1
observer epoch=464 qpc=1942243348862 seen=1
observer epoch=465 qpc=1942243358851 seen=1
observer epoch=466 qpc=1942243368860 seen=1
observer epoch=467 qpc=1942243378862 seen=1
observer epoch=468 qpc=1942243388859 seen=1
observer epoch=469 qpc=1942243398850 seen=1
observer epoch=470 qpc=1942243408850 seen=1
observer epoch=471 qpc=1942243418854 seen=1
observer epoch=472 qpc=1942243428853 seen=1
observer epoch=473 qpc=1942243438860 seen=1
observer epoch=474 qpc=1942243448861 seen=1
observer epoch=475 qpc=1942243458851 seen=1
observer epoch=476 qpc=1942243468857 seen=1
observer epoch=477 qpc=1942243478861 seen=1
observer epoch=478 qpc=1942243488857 seen=1
observer epoch=479 qpc=1942243498853 seen=1
observer epoch=480 qpc=1942243508861 seen=1
observer epoch=481 qpc=1942243518852 seen=1
observer epoch=482 qpc=1942243528850 seen=1
observer epoch=483 qpc=1942243538863 seen=1
observer epoch=484 qpc=1942243548859 seen=1
observer epoch=485 qpc=1942243558862 seen=1
observer epoch=486 qpc=1942243568857 seen=1
observer epoch=487 qpc=1942243578853 seen=1
observer epoch=488 qpc=1942243588855 seen=1
observer epoch=489 qpc=1942243598853 seen=1
observer epoch=490 qpc=1942243608854 seen=1
observer epoch=491 qpc=1942243618859 seen=1
observer epoch=492 qpc=1942243628851 seen=1
observer epoch=493 qpc=1942243638853 seen=1
observer epoch=494 qpc=1942243648851 seen=1
observer epoch=495 qpc=1942243658859 seen=1
observer epoch=496 qpc=1942243668851 seen=1
observer epoch=497 qpc=1942243678862 seen=1
observer epoch=498 qpc=1942243688850 seen=1
observer epoch=499 qpc=1942243698858 seen=1
observer epoch=500 qpc=1942243708851 seen=1
observer epoch=501 qpc=1942243718862 seen=1
observer epoch=502 qpc=1942243728860 seen=1
observer epoch=503 qpc=1942243738851 seen=1
observer epoch=504 qpc=1942243748861 seen=1
observer epoch=505 qpc=1942243758862 seen=1
observer epoch=506 qpc=1942243768858 seen=1
observer epoch=507 qpc=1942243778851 seen=1
observer epoch=508 qpc=1942243788860 seen=1
observer epoch=509 qpc=1942243798851 seen=1
observer epoch=510 qpc=1942243808856 seen=1
observer epoch=511 qpc=1942243818862 seen=1
observer epoch=512 qpc=1942243828856 seen=1
observer epoch=513 qpc=1942243838860 seen=1
observer epoch=514 qpc=1942243848856 seen=1
observer epoch=515 qpc=1942243858855 seen=1
observer epoch=516 qpc=1942243868851 seen=1
observer epoch=517 qpc=1942243878854 seen=1
observer epoch=518 qpc=1942243888850 seen=1
observer epoch=519 qpc=1942243898854 seen=1
observer epoch=520 qpc=1942243908853 seen=1
observer epoch=521 qpc=1942243918857 seen=1
observer epoch=522 qpc=1942243928857 seen=1
observer epoch=523 qpc=1942243938854 seen=1
observer epoch=524 qpc=1942243948854 seen=1
observer epoch=525 qpc=1942243958855 seen=1
observer epoch=526 qpc=1942243968862 seen=1
observer epoch=527 qpc=1942243978852 seen=1
observer epoch=528 qpc=1942243988854 seen=1
observer epoch=529 qpc=1942243998858 seen=1
observer epoch=530 qpc=1942244008855 seen=1
observer epoch=531 qpc=1942244018852 seen=1
observer epoch=532 qpc=1942244028861 seen=1
observer epoch=533 qpc=1942244038857 seen=1
observer epoch=534 qpc=1942244048859 seen=1
observer epoch=535 qpc=1942244058863 seen=1
observer epoch=536 qpc=1942244068854 seen=1
observer epoch=537 qpc=1942244078860 seen=1
observer epoch=538 qpc=1942244088862 seen=1
observer epoch=539 qpc=1942244098860 seen=1
observer epoch=540 qpc=1942244108852 seen=1
observer epoch=541 qpc=1942244118852 seen=1
observer epoch=542 qpc=1942244128856 seen=1
observer epoch=543 qpc=1942244138860 seen=1
observer epoch=544 qpc=1942244148854 seen=1
observer epoch=545 qpc=1942244158852 seen=1
observer epoch=546 qpc=1942244168853 seen=1
observer epoch=547 qpc=1942244178850 seen=1
observer epoch=548 qpc=1942244188860 seen=1
observer epoch=549 qpc=1942244198857 seen=1
observer epoch=550 qpc=1942244208850 seen=1
observer epoch=551 qpc=1942244218853 seen=1
observer epoch=552 qpc=1942244228859 seen=1
observer epoch=553 qpc=1942244238855 seen=1
observer epoch=554 qpc=1942244248853 seen=1
observer epoch=555 qpc=1942244258855 seen=1
observer epoch=556 qpc=1942244268858 seen=1
observer epoch=557 qpc=1942244278862 seen=1
observer epoch=558 qpc=1942244288855 seen=1
observer epoch=559 qpc=1942244298859 seen=1
observer epoch=560 qpc=1942244308856 seen=1
observer epoch=561 qpc=1942244318850 seen=1
observer epoch=562 qpc=1942244328850 seen=1
observer epoch=563 qpc=1942244338855 seen=1
observer epoch=564 qpc=1942244348857 seen=1
observer epoch=565 qpc=1942244358854 seen=1
observer epoch=566 qpc=1942244368859 seen=1
observer epoch=567 qpc=1942244378857 seen=1
observer epoch=568 qpc=1942244388863 seen=1
observer epoch=569 qpc=1942244398858 seen=1
observer epoch=570 qpc=1942244408859 seen=1
observer epoch=571 qpc=1942244418850 seen=1
observer epoch=572 qpc=1942244428861 seen=1
observer epoch=573 qpc=1942244438852 seen=1
observer epoch=574 qpc=1942244448852 seen=1
observer epoch=575 qpc=1942244458854 seen=1
observer epoch=576 qpc=1942244468854 seen=1
observer epoch=577 qpc=1942244478859 seen=1
observer epoch=578 qpc=1942244488856 seen=1
observer epoch=579 qpc=1942244498858 seen=1
observer epoch=580 qpc=1942244508851 seen=1
observer epoch=581 qpc=1942244518853 seen=1
observer epoch=582 qpc=1942244528850 seen=1
observer epoch=583 qpc=1942244538854 seen=1
observer epoch=584 qpc=1942244548862 seen=1
observer epoch=585 qpc=1942244558863 seen=1
observer epoch=586 qpc=1942244568851 seen=1
observer epoch=587 qpc=1942244578857 seen=1
observer epoch=588 qpc=1942244588854 seen=1
observer epoch=589 qpc=1942244598862 seen=1
observer epoch=590 qpc=1942244608862 seen=1
observer epoch=591 qpc=1942244618857 seen=1
observer epoch=592 qpc=1942244628853 seen=1
observer epoch=593 qpc=1942244638860 seen=1
observer epoch=594 qpc=1942244648860 seen=1
observer epoch=595 qpc=1942244658859 seen=1
observer epoch=596 qpc=1942244668856 seen=1
observer epoch=597 qpc=1942244678852 seen=1
observer epoch=598 qpc=1942244688853 seen=1
observer epoch=599 qpc=1942244698861 seen=1
observer_summary first=301 published=1942241717998 start=1942238708849 frequency=10000000 phase_us=0
host loaded=C:\eos-private\Mss32.dll tid=972 frequency=10000000 arm=1 phase=0
start begin=1942238708858 end=1942238708915
serve epoch=1 begin=1942239215243 end=1942239215361
serve epoch=2 begin=1942239711257 end=1942239711368
serve epoch=3 begin=1942240218699 end=1942240218812
serve epoch=4 begin=1942240714544 end=1942240714700
serve epoch=5 begin=1942241210704 end=1942241210909
serve epoch=6 begin=1942241717881 end=1942241717999
serve epoch=7 begin=1942242214105 end=1942242214229
serve epoch=8 begin=1942242710051 end=1942242710158
serve epoch=9 begin=1942243216263 end=1942243216390
serve epoch=10 begin=1942243712862 end=1942243712990
serve epoch=11 begin=1942244209203 end=1942244209285
serve epoch=12 begin=1942244715062 end=1942244715146
serve epoch=13 begin=1942245210037 end=1942245210112
completion count=1 callback=1942241312395 callback_end=1942241312398 thread=992 sent=0 status=2 total=204 pos=204 worker=0 send_ok=1
