ALSA lib control.c:1575:(snd_ctl_open_noupdate) [error.control] Invalid CTL hw:0
ALSA lib control.c:1575:(snd_ctl_open_noupdate) [error.control] Invalid CTL hw:1
ALSA lib control.c:1575:(snd_ctl_open_noupdate) [error.control] Invalid CTL hw:0
ALSA lib control.c:1575:(snd_ctl_open_noupdate) [error.control] Invalid CTL hw:1
observer epoch=0 qpc=1942265391615 seen=0
observer epoch=1 qpc=1942265401612 seen=0
observer epoch=2 qpc=1942265411622 seen=0
observer epoch=3 qpc=1942265421610 seen=0
observer epoch=4 qpc=1942265431618 seen=0
observer epoch=5 qpc=1942265441618 seen=0
observer epoch=6 qpc=1942265451611 seen=0
observer epoch=7 qpc=1942265461610 seen=0
observer epoch=8 qpc=1942265471611 seen=0
observer epoch=9 qpc=1942265481618 seen=0
observer epoch=10 qpc=1942265491618 seen=0
observer epoch=11 qpc=1942265501613 seen=0
observer epoch=12 qpc=1942265511620 seen=0
observer epoch=13 qpc=1942265521612 seen=0
observer epoch=14 qpc=1942265531621 seen=0
observer epoch=15 qpc=1942265541617 seen=0
observer epoch=16 qpc=1942265551620 seen=0
observer epoch=17 qpc=1942265561613 seen=0
observer epoch=18 qpc=1942265571613 seen=0
observer epoch=19 qpc=1942265581613 seen=0
observer epoch=20 qpc=1942265591610 seen=0
observer epoch=21 qpc=1942265601623 seen=0
observer epoch=22 qpc=1942265611615 seen=0
observer epoch=23 qpc=1942265621622 seen=0
observer epoch=24 qpc=1942265631619 seen=0
observer epoch=25 qpc=1942265641617 seen=0
observer epoch=26 qpc=1942265651614 seen=0
observer epoch=27 qpc=1942265661620 seen=0
observer epoch=28 qpc=1942265671615 seen=0
observer epoch=29 qpc=1942265681620 seen=0
observer epoch=30 qpc=1942265691617 seen=0
observer epoch=31 qpc=1942265701612 seen=0
observer epoch=32 qpc=1942265711612 seen=0
observer epoch=33 qpc=1942265721614 seen=0
observer epoch=34 qpc=1942265731614 seen=0
observer epoch=35 qpc=1942265741610 seen=0
observer epoch=36 qpc=1942265751611 seen=0
observer epoch=37 qpc=1942265761613 seen=0
observer epoch=38 qpc=1942265771610 seen=0
observer epoch=39 qpc=1942265781619 seen=0
observer epoch=40 qpc=1942265791613 seen=0
observer epoch=41 qpc=1942265801622 seen=0
observer epoch=42 qpc=1942265811611 seen=0
observer epoch=43 qpc=1942265821613 seen=0
observer epoch=44 qpc=1942265831616 seen=0
observer epoch=45 qpc=1942265841617 seen=0
observer epoch=46 qpc=1942265851617 seen=0
observer epoch=47 qpc=1942265861611 seen=0
observer epoch=48 qpc=1942265871620 seen=0
observer epoch=49 qpc=1942265881616 seen=0
observer epoch=50 qpc=1942265891612 seen=0
observer epoch=51 qpc=1942265901610 seen=0
observer epoch=52 qpc=1942265911615 seen=0
observer epoch=53 qpc=1942265921619 seen=0
observer epoch=54 qpc=1942265931610 seen=0
observer epoch=55 qpc=1942265941614 seen=0
observer epoch=56 qpc=1942265951623 seen=0
observer epoch=57 qpc=1942265961611 seen=0
observer epoch=58 qpc=1942265971619 seen=0
observer epoch=59 qpc=1942265981616 seen=0
observer epoch=60 qpc=1942265991620 seen=0
observer epoch=61 qpc=1942266001611 seen=0
observer epoch=62 qpc=1942266011619 seen=0
observer epoch=63 qpc=1942266021620 seen=0
observer epoch=64 qpc=1942266031613 seen=0
observer epoch=65 qpc=1942266041622 seen=0
observer epoch=66 qpc=1942266051617 seen=0
observer epoch=67 qpc=1942266061617 seen=0
observer epoch=68 qpc=1942266071610 seen=0
observer epoch=69 qpc=1942266081620 seen=0
observer epoch=70 qpc=1942266091622 seen=0
observer epoch=71 qpc=1942266101619 seen=0
observer epoch=72 qpc=1942266111610 seen=0
observer epoch=73 qpc=1942266121610 seen=0
observer epoch=74 qpc=1942266131621 seen=0
observer epoch=75 qpc=1942266141611 seen=0
observer epoch=76 qpc=1942266151619 seen=0
observer epoch=77 qpc=1942266161619 seen=0
observer epoch=78 qpc=1942266171623 seen=0
observer epoch=79 qpc=1942266181612 seen=0
observer epoch=80 qpc=1942266191616 seen=0
observer epoch=81 qpc=1942266201623 seen=0
observer epoch=82 qpc=1942266211613 seen=0
observer epoch=83 qpc=1942266221612 seen=0
observer epoch=84 qpc=1942266231611 seen=0
observer epoch=85 qpc=1942266241617 seen=0
observer epoch=86 qpc=1942266251621 seen=0
observer epoch=87 qpc=1942266261623 seen=0
observer epoch=88 qpc=1942266271614 seen=0
observer epoch=89 qpc=1942266281611 seen=0
observer epoch=90 qpc=1942266291616 seen=0
observer epoch=91 qpc=1942266301613 seen=0
observer epoch=92 qpc=1942266311617 seen=0
observer epoch=93 qpc=1942266321611 seen=0
observer epoch=94 qpc=1942266331623 seen=0
observer epoch=95 qpc=1942266341619 seen=0
observer epoch=96 qpc=1942266351612 seen=0
observer epoch=97 qpc=1942266361615 seen=0
observer epoch=98 qpc=1942266371622 seen=0
observer epoch=99 qpc=1942266381614 seen=0
observer epoch=100 qpc=1942266391616 seen=0
observer epoch=101 qpc=1942266401621 seen=0
observer epoch=102 qpc=1942266411613 seen=0
observer epoch=103 qpc=1942266421620 seen=0
observer epoch=104 qpc=1942266431611 seen=0
observer epoch=105 qpc=1942266441622 seen=0
observer epoch=106 qpc=1942266451615 seen=0
observer epoch=107 qpc=1942266461611 seen=0
observer epoch=108 qpc=1942266471620 seen=0
observer epoch=109 qpc=1942266481615 seen=0
observer epoch=110 qpc=1942266491618 seen=0
observer epoch=111 qpc=1942266501611 seen=0
observer epoch=112 qpc=1942266511610 seen=0
observer epoch=113 qpc=1942266521622 seen=0
observer epoch=114 qpc=1942266531619 seen=0
observer epoch=115 qpc=1942266541617 seen=0
observer epoch=116 qpc=1942266551615 seen=0
observer epoch=117 qpc=1942266561622 seen=0
observer epoch=118 qpc=1942266571613 seen=0
observer epoch=119 qpc=1942266581623 seen=0
observer epoch=120 qpc=1942266591612 seen=0
observer epoch=121 qpc=1942266601617 seen=0
observer epoch=122 qpc=1942266611618 seen=0
observer epoch=123 qpc=1942266621616 seen=0
observer epoch=124 qpc=1942266631616 seen=0
observer epoch=125 qpc=1942266641611 seen=0
observer epoch=126 qpc=1942266651614 seen=0
observer epoch=127 qpc=1942266661610 seen=0
observer epoch=128 qpc=1942266671615 seen=0
observer epoch=129 qpc=1942266681612 seen=0
observer epoch=130 qpc=1942266691610 seen=0
observer epoch=131 qpc=1942266701612 seen=0
observer epoch=132 qpc=1942266711619 seen=0
observer epoch=133 qpc=1942266721623 seen=0
observer epoch=134 qpc=1942266731617 seen=0
observer epoch=135 qpc=1942266741616 seen=0
observer epoch=136 qpc=1942266751613 seen=0
observer epoch=137 qpc=1942266761619 seen=0
observer epoch=138 qpc=1942266771614 seen=0
observer epoch=139 qpc=1942266781613 seen=0
observer epoch=140 qpc=1942266791621 seen=0
observer epoch=141 qpc=1942266801616 seen=0
observer epoch=142 qpc=1942266811615 seen=0
observer epoch=143 qpc=1942266821619 seen=0
observer epoch=144 qpc=1942266831620 seen=0
observer epoch=145 qpc=1942266841620 seen=0
observer epoch=146 qpc=1942266851623 seen=0
observer epoch=147 qpc=1942266861610 seen=0
observer epoch=148 qpc=1942266871622 seen=0
observer epoch=149 qpc=1942266881618 seen=0
observer epoch=150 qpc=1942266891623 seen=0
observer epoch=151 qpc=1942266901623 seen=0
observer epoch=152 qpc=1942266911621 seen=0
observer epoch=153 qpc=1942266921623 seen=0
observer epoch=154 qpc=1942266931622 seen=0
observer epoch=155 qpc=1942266941623 seen=0
observer epoch=156 qpc=1942266951615 seen=0
observer epoch=157 qpc=1942266961618 seen=0
observer epoch=158 qpc=1942266971613 seen=0
observer epoch=159 qpc=1942266981611 seen=0
observer epoch=160 qpc=1942266991611 seen=0
observer epoch=161 qpc=1942267001614 seen=0
observer epoch=162 qpc=1942267011610 seen=0
observer epoch=163 qpc=1942267021620 seen=0
observer epoch=164 qpc=1942267031612 seen=0
observer epoch=165 qpc=1942267041619 seen=0
observer epoch=166 qpc=1942267051618 seen=0
observer epoch=167 qpc=1942267061623 seen=0
observer epoch=168 qpc=1942267071626 seen=0
observer epoch=169 qpc=1942267081618 seen=0
observer epoch=170 qpc=1942267091618 seen=0
observer epoch=171 qpc=1942267101622 seen=0
observer epoch=172 qpc=1942267111616 seen=0
observer epoch=173 qpc=1942267121613 seen=0
observer epoch=174 qpc=1942267131610 seen=0
observer epoch=175 qpc=1942267141619 seen=0
observer epoch=176 qpc=1942267151620 seen=0
observer epoch=177 qpc=1942267161623 seen=0
observer epoch=178 qpc=1942267171617 seen=0
observer epoch=179 qpc=1942267181622 seen=0
observer epoch=180 qpc=1942267191620 seen=0
observer epoch=181 qpc=1942267201622 seen=0
observer epoch=182 qpc=1942267211611 seen=0
observer epoch=183 qpc=1942267221616 seen=0
observer epoch=184 qpc=1942267231613 seen=0
observer epoch=185 qpc=1942267241618 seen=0
observer epoch=186 qpc=1942267251618 seen=0
observer epoch=187 qpc=1942267261618 seen=0
observer epoch=188 qpc=1942267271612 seen=0
observer epoch=189 qpc=1942267281611 seen=0
observer epoch=190 qpc=1942267291612 seen=0
observer epoch=191 qpc=1942267301616 seen=0
observer epoch=192 qpc=1942267311615 seen=0
observer epoch=193 qpc=1942267321613 seen=0
observer epoch=194 qpc=1942267331611 seen=0
observer epoch=195 qpc=1942267341613 seen=0
observer epoch=196 qpc=1942267351623 seen=0
observer epoch=197 qpc=1942267361620 seen=0
observer epoch=198 qpc=1942267371613 seen=0
observer epoch=199 qpc=1942267381612 seen=0
observer epoch=200 qpc=1942267391621 seen=0
observer epoch=201 qpc=1942267401616 seen=0
observer epoch=202 qpc=1942267411621 seen=0
observer epoch=203 qpc=1942267421615 seen=0
observer epoch=204 qpc=1942267431615 seen=0
observer epoch=205 qpc=1942267441618 seen=0
observer epoch=206 qpc=1942267451621 seen=0
observer epoch=207 qpc=1942267461618 seen=0
observer epoch=208 qpc=1942267471622 seen=0
observer epoch=209 qpc=1942267481617 seen=0
observer epoch=210 qpc=1942267491622 seen=0
observer epoch=211 qpc=1942267501619 seen=0
observer epoch=212 qpc=1942267511622 seen=0
observer epoch=213 qpc=1942267521622 seen=0
observer epoch=214 qpc=1942267531618 seen=0
observer epoch=215 qpc=1942267541612 seen=0
observer epoch=216 qpc=1942267551610 seen=0
observer epoch=217 qpc=1942267561621 seen=0
observer epoch=218 qpc=1942267571611 seen=0
observer epoch=219 qpc=1942267581623 seen=0
observer epoch=220 qpc=1942267591618 seen=0
observer epoch=221 qpc=1942267601622 seen=0
observer epoch=222 qpc=1942267611622 seen=0
observer epoch=223 qpc=1942267621619 seen=0
observer epoch=224 qpc=1942267631610 seen=0
observer epoch=225 qpc=1942267641622 seen=0
observer epoch=226 qpc=1942267651613 seen=0
observer epoch=227 qpc=1942267661618 seen=0
observer epoch=228 qpc=1942267671616 seen=0
observer epoch=229 qpc=1942267681619 seen=0
observer epoch=230 qpc=1942267691611 seen=0
observer epoch=231 qpc=1942267701614 seen=0
observer epoch=232 qpc=1942267711613 seen=0
observer epoch=233 qpc=1942267721619 seen=0
observer epoch=234 qpc=1942267731615 seen=0
observer epoch=235 qpc=1942267741618 seen=0
observer epoch=236 qpc=1942267751621 seen=0
observer epoch=237 qpc=1942267761611 seen=0
observer epoch=238 qpc=1942267771623 seen=0
observer epoch=239 qpc=1942267781620 seen=0
observer epoch=240 qpc=1942267791613 seen=0
observer epoch=241 qpc=1942267801620 seen=0
observer epoch=242 qpc=1942267811616 seen=0
observer epoch=243 qpc=1942267821615 seen=0
observer epoch=244 qpc=1942267831623 seen=0
observer epoch=245 qpc=1942267841615 seen=0
observer epoch=246 qpc=1942267851620 seen=0
observer epoch=247 qpc=1942267861616 seen=0
observer epoch=248 qpc=1942267871616 seen=0
observer epoch=249 qpc=1942267881614 seen=0
observer epoch=250 qpc=1942267891611 seen=0
observer epoch=251 qpc=1942267901615 seen=0
observer epoch=252 qpc=1942267911621 seen=0
observer epoch=253 qpc=1942267921615 seen=0
observer epoch=254 qpc=1942267931612 seen=0
observer epoch=255 qpc=1942267941615 seen=0
observer epoch=256 qpc=1942267951620 seen=0
observer epoch=257 qpc=1942267961623 seen=0
observer epoch=258 qpc=1942267971619 seen=0
observer epoch=259 qpc=1942267981623 seen=0
observer epoch=260 qpc=1942267991611 seen=0
observer epoch=261 qpc=1942268001619 seen=0
observer epoch=262 qpc=1942268011612 seen=0
observer epoch=263 qpc=1942268021616 seen=0
observer epoch=264 qpc=1942268031613 seen=0
observer epoch=265 qpc=1942268041622 seen=0
observer epoch=266 qpc=1942268051621 seen=0
observer epoch=267 qpc=1942268061617 seen=0
observer epoch=268 qpc=1942268071614 seen=0
observer epoch=269 qpc=1942268081623 seen=0
observer epoch=270 qpc=1942268091621 seen=0
observer epoch=271 qpc=1942268101617 seen=0
observer epoch=272 qpc=1942268111621 seen=0
observer epoch=273 qpc=1942268121615 seen=0
observer epoch=274 qpc=1942268131611 seen=0
observer epoch=275 qpc=1942268141622 seen=0
observer epoch=276 qpc=1942268151613 seen=0
observer epoch=277 qpc=1942268161623 seen=0
observer epoch=278 qpc=1942268171620 seen=0
observer epoch=279 qpc=1942268181613 seen=0
observer epoch=280 qpc=1942268191611 seen=0
observer epoch=281 qpc=1942268201613 seen=0
observer epoch=282 qpc=1942268211623 seen=0
observer epoch=283 qpc=1942268221617 seen=0
observer epoch=284 qpc=1942268231614 seen=0
observer epoch=285 qpc=1942268241618 seen=0
observer epoch=286 qpc=1942268251617 seen=0
observer epoch=287 qpc=1942268261616 seen=0
observer epoch=288 qpc=1942268271616 seen=0
observer epoch=289 qpc=1942268281611 seen=0
observer epoch=290 qpc=1942268291613 seen=0
observer epoch=291 qpc=1942268301613 seen=0
observer epoch=292 qpc=1942268311610 seen=0
observer epoch=293 qpc=1942268321619 seen=0
observer epoch=294 qpc=1942268331613 seen=0
observer epoch=295 qpc=1942268341618 seen=0
observer epoch=296 qpc=1942268351610 seen=0
observer epoch=297 qpc=1942268361612 seen=0
observer epoch=298 qpc=1942268371619 seen=0
observer epoch=299 qpc=1942268381617 seen=0
observer epoch=300 qpc=1942268391611 seen=0
observer epoch=301 qpc=1942268401613 seen=1
observer epoch=302 qpc=1942268411615 seen=1
observer epoch=303 qpc=1942268421615 seen=1
observer epoch=304 qpc=1942268431611 seen=1
observer epoch=305 qpc=1942268441613 seen=1
observer epoch=306 qpc=1942268451623 seen=1
observer epoch=307 qpc=1942268461621 seen=1
observer epoch=308 qpc=1942268471620 seen=1
observer epoch=309 qpc=1942268481614 seen=1
observer epoch=310 qpc=1942268491615 seen=1
observer epoch=311 qpc=1942268501617 seen=1
observer epoch=312 qpc=1942268511620 seen=1
observer epoch=313 qpc=1942268521613 seen=1
observer epoch=314 qpc=1942268531622 seen=1
observer epoch=315 qpc=1942268541614 seen=1
observer epoch=316 qpc=1942268551617 seen=1
observer epoch=317 qpc=1942268561613 seen=1
observer epoch=318 qpc=1942268571619 seen=1
observer epoch=319 qpc=1942268581612 seen=1
observer epoch=320 qpc=1942268591614 seen=1
observer epoch=321 qpc=1942268601617 seen=1
observer epoch=322 qpc=1942268611610 seen=1
observer epoch=323 qpc=1942268621618 seen=1
observer epoch=324 qpc=1942268631617 seen=1
observer epoch=325 qpc=1942268641612 seen=1
observer epoch=326 qpc=1942268651614 seen=1
observer epoch=327 qpc=1942268661620 seen=1
observer epoch=328 qpc=1942268671621 seen=1
observer epoch=329 qpc=1942268681614 seen=1
observer epoch=330 qpc=1942268691618 seen=1
observer epoch=331 qpc=1942268701617 seen=1
observer epoch=332 qpc=1942268711615 seen=1
observer epoch=333 qpc=1942268721620 seen=1
observer epoch=334 qpc=1942268731617 seen=1
observer epoch=335 qpc=1942268741615 seen=1
observer epoch=336 qpc=1942268751622 seen=1
observer epoch=337 qpc=1942268761617 seen=1
observer epoch=338 qpc=1942268771616 seen=1
observer epoch=339 qpc=1942268781616 seen=1
observer epoch=340 qpc=1942268791612 seen=1
observer epoch=341 qpc=1942268801617 seen=1
observer epoch=342 qpc=1942268811611 seen=1
observer epoch=343 qpc=1942268821617 seen=1
observer epoch=344 qpc=1942268831610 seen=1
observer epoch=345 qpc=1942268841613 seen=1
observer epoch=346 qpc=1942268851621 seen=1
observer epoch=347 qpc=1942268861616 seen=1
observer epoch=348 qpc=1942268871617 seen=1
observer epoch=349 qpc=1942268881616 seen=1
observer epoch=350 qpc=1942268891613 seen=1
observer epoch=351 qpc=1942268901618 seen=1
observer epoch=352 qpc=1942268911613 seen=1
observer epoch=353 qpc=1942268921613 seen=1
observer epoch=354 qpc=1942268931613 seen=1
observer epoch=355 qpc=1942268941615 seen=1
observer epoch=356 qpc=1942268951612 seen=1
observer epoch=357 qpc=1942268961621 seen=1
observer epoch=358 qpc=1942268971612 seen=1
observer epoch=359 qpc=1942268981623 seen=1
observer epoch=360 qpc=1942268991610 seen=1
observer epoch=361 qpc=1942269001610 seen=1
observer epoch=362 qpc=1942269011617 seen=1
observer epoch=363 qpc=1942269021620 seen=1
observer epoch=364 qpc=1942269031617 seen=1
observer epoch=365 qpc=1942269041614 seen=1
observer epoch=366 qpc=1942269051611 seen=1
observer epoch=367 qpc=1942269061610 seen=1
observer epoch=368 qpc=1942269071622 seen=1
observer epoch=369 qpc=1942269081615 seen=1
observer epoch=370 qpc=1942269091610 seen=1
observer epoch=371 qpc=1942269101622 seen=1
observer epoch=372 qpc=1942269111616 seen=1
observer epoch=373 qpc=1942269121610 seen=1
observer epoch=374 qpc=1942269131612 seen=1
observer epoch=375 qpc=1942269141620 seen=1
observer epoch=376 qpc=1942269151615 seen=1
observer epoch=377 qpc=1942269161620 seen=1
observer epoch=378 qpc=1942269171610 seen=1
observer epoch=379 qpc=1942269181623 seen=1
observer epoch=380 qpc=1942269191619 seen=1
observer epoch=381 qpc=1942269201617 seen=1
observer epoch=382 qpc=1942269211610 seen=1
observer epoch=383 qpc=1942269221613 seen=1
observer epoch=384 qpc=1942269231619 seen=1
observer epoch=385 qpc=1942269241619 seen=1
observer epoch=386 qpc=1942269251617 seen=1
observer epoch=387 qpc=1942269261620 seen=1
observer epoch=388 qpc=1942269271614 seen=1
observer epoch=389 qpc=1942269281612 seen=1
observer epoch=390 qpc=1942269291614 seen=1
observer epoch=391 qpc=1942269301623 seen=1
observer epoch=392 qpc=1942269311619 seen=1
observer epoch=393 qpc=1942269321610 seen=1
observer epoch=394 qpc=1942269331622 seen=1
observer epoch=395 qpc=1942269341622 seen=1
observer epoch=396 qpc=1942269351612 seen=1
observer epoch=397 qpc=1942269361615 seen=1
observer epoch=398 qpc=1942269371612 seen=1
observer epoch=399 qpc=1942269381616 seen=1
observer epoch=400 qpc=1942269391619 seen=1
observer epoch=401 qpc=1942269401621 seen=1
observer epoch=402 qpc=1942269411611 seen=1
observer epoch=403 qpc=1942269421621 seen=1
observer epoch=404 qpc=1942269431619 seen=1
observer epoch=405 qpc=1942269441616 seen=1
observer epoch=406 qpc=1942269451616 seen=1
observer epoch=407 qpc=1942269461616 seen=1
observer epoch=408 qpc=1942269471611 seen=1
observer epoch=409 qpc=1942269481610 seen=1
observer epoch=410 qpc=1942269491620 seen=1
observer epoch=411 qpc=1942269501611 seen=1
observer epoch=412 qpc=1942269511619 seen=1
observer epoch=413 qpc=1942269521619 seen=1
observer epoch=414 qpc=1942269531621 seen=1
observer epoch=415 qpc=1942269541611 seen=1
observer epoch=416 qpc=1942269551618 seen=1
observer epoch=417 qpc=1942269561611 seen=1
observer epoch=418 qpc=1942269571613 seen=1
observer epoch=419 qpc=1942269581617 seen=1
observer epoch=420 qpc=1942269591611 seen=1
observer epoch=421 qpc=1942269601619 seen=1
observer epoch=422 qpc=1942269611615 seen=1
observer epoch=423 qpc=1942269621620 seen=1
observer epoch=424 qpc=1942269631621 seen=1
observer epoch=425 qpc=1942269641619 seen=1
observer epoch=426 qpc=1942269651619 seen=1
observer epoch=427 qpc=1942269661620 seen=1
observer epoch=428 qpc=1942269671611 seen=1
observer epoch=429 qpc=1942269681614 seen=1
observer epoch=430 qpc=1942269691621 seen=1
observer epoch=431 qpc=1942269701619 seen=1
observer epoch=432 qpc=1942269711611 seen=1
observer epoch=433 qpc=1942269721613 seen=1
observer epoch=434 qpc=1942269731626 seen=1
observer epoch=435 qpc=1942269741621 seen=1
observer epoch=436 qpc=1942269751613 seen=1
observer epoch=437 qpc=1942269761616 seen=1
observer epoch=438 qpc=1942269771610 seen=1
observer epoch=439 qpc=1942269781621 seen=1
observer epoch=440 qpc=1942269791621 seen=1
observer epoch=441 qpc=1942269801617 seen=1
observer epoch=442 qpc=1942269811616 seen=1
observer epoch=443 qpc=1942269821622 seen=1
observer epoch=444 qpc=1942269831612 seen=1
observer epoch=445 qpc=1942269841621 seen=1
observer epoch=446 qpc=1942269851623 seen=1
observer epoch=447 qpc=1942269861610 seen=1
observer epoch=448 qpc=1942269871618 seen=1
observer epoch=449 qpc=1942269881621 seen=1
observer epoch=450 qpc=1942269891619 seen=1
observer epoch=451 qpc=1942269901613 seen=1
observer epoch=452 qpc=1942269911611 seen=1
observer epoch=453 qpc=1942269921619 seen=1
observer epoch=454 qpc=1942269931623 seen=1
observer epoch=455 qpc=1942269941613 seen=1
observer epoch=456 qpc=1942269951611 seen=1
observer epoch=457 qpc=1942269961617 seen=1
observer epoch=458 qpc=1942269971613 seen=1
observer epoch=459 qpc=1942269981612 seen=1
observer epoch=460 qpc=1942269991615 seen=1
observer epoch=461 qpc=1942270001615 seen=1
observer epoch=462 qpc=1942270011610 seen=1
observer epoch=463 qpc=1942270021613 seen=1
observer epoch=464 qpc=1942270031617 seen=1
observer epoch=465 qpc=1942270041628 seen=1
observer epoch=466 qpc=1942270051614 seen=1
observer epoch=467 qpc=1942270061612 seen=1
observer epoch=468 qpc=1942270071616 seen=1
observer epoch=469 qpc=1942270081616 seen=1
observer epoch=470 qpc=1942270091617 seen=1
observer epoch=471 qpc=1942270101622 seen=1
observer epoch=472 qpc=1942270111618 seen=1
observer epoch=473 qpc=1942270121621 seen=1
observer epoch=474 qpc=1942270131612 seen=1
observer epoch=475 qpc=1942270141617 seen=1
observer epoch=476 qpc=1942270151614 seen=1
observer epoch=477 qpc=1942270161615 seen=1
observer epoch=478 qpc=1942270171613 seen=1
observer epoch=479 qpc=1942270181623 seen=1
observer epoch=480 qpc=1942270191621 seen=1
observer epoch=481 qpc=1942270201620 seen=1
observer epoch=482 qpc=1942270211622 seen=1
observer epoch=483 qpc=1942270221621 seen=1
observer epoch=484 qpc=1942270231610 seen=1
observer epoch=485 qpc=1942270241612 seen=1
observer epoch=486 qpc=1942270251616 seen=1
observer epoch=487 qpc=1942270261614 seen=1
observer epoch=488 qpc=1942270271618 seen=1
observer epoch=489 qpc=1942270281622 seen=1
observer epoch=490 qpc=1942270291617 seen=1
observer epoch=491 qpc=1942270301615 seen=1
observer epoch=492 qpc=1942270311615 seen=1
observer epoch=493 qpc=1942270321616 seen=1
observer epoch=494 qpc=1942270331614 seen=1
observer epoch=495 qpc=1942270341612 seen=1
observer epoch=496 qpc=1942270351617 seen=1
observer epoch=497 qpc=1942270361614 seen=1
observer epoch=498 qpc=1942270371612 seen=1
observer epoch=499 qpc=1942270381614 seen=1
observer epoch=500 qpc=1942270391615 seen=1
observer epoch=501 qpc=1942270401610 seen=1
observer epoch=502 qpc=1942270411617 seen=1
observer epoch=503 qpc=1942270421610 seen=1
observer epoch=504 qpc=1942270431612 seen=1
observer epoch=505 qpc=1942270441610 seen=1
observer epoch=506 qpc=1942270451615 seen=1
observer epoch=507 qpc=1942270461613 seen=1
observer epoch=508 qpc=1942270471614 seen=1
observer epoch=509 qpc=1942270481620 seen=1
observer epoch=510 qpc=1942270491610 seen=1
observer epoch=511 qpc=1942270501621 seen=1
observer epoch=512 qpc=1942270511611 seen=1
observer epoch=513 qpc=1942270521610 seen=1
observer epoch=514 qpc=1942270531616 seen=1
observer epoch=515 qpc=1942270541620 seen=1
observer epoch=516 qpc=1942270551613 seen=1
observer epoch=517 qpc=1942270561610 seen=1
observer epoch=518 qpc=1942270571615 seen=1
observer epoch=519 qpc=1942270581611 seen=1
observer epoch=520 qpc=1942270591610 seen=1
observer epoch=521 qpc=1942270601613 seen=1
observer epoch=522 qpc=1942270611612 seen=1
observer epoch=523 qpc=1942270621623 seen=1
observer epoch=524 qpc=1942270631619 seen=1
observer epoch=525 qpc=1942270641620 seen=1
observer epoch=526 qpc=1942270651610 seen=1
observer epoch=527 qpc=1942270661619 seen=1
observer epoch=528 qpc=1942270671611 seen=1
observer epoch=529 qpc=1942270681615 seen=1
observer epoch=530 qpc=1942270691615 seen=1
observer epoch=531 qpc=1942270701620 seen=1
observer epoch=532 qpc=1942270711616 seen=1
observer epoch=533 qpc=1942270721611 seen=1
observer epoch=534 qpc=1942270731619 seen=1
observer epoch=535 qpc=1942270741619 seen=1
observer epoch=536 qpc=1942270751620 seen=1
observer epoch=537 qpc=1942270761616 seen=1
observer epoch=538 qpc=1942270771614 seen=1
observer epoch=539 qpc=1942270781610 seen=1
observer epoch=540 qpc=1942270791619 seen=1
observer epoch=541 qpc=1942270801611 seen=1
observer epoch=542 qpc=1942270811614 seen=1
observer epoch=543 qpc=1942270821622 seen=1
observer epoch=544 qpc=1942270831618 seen=1
observer epoch=545 qpc=1942270841612 seen=1
observer epoch=546 qpc=1942270851615 seen=1
observer epoch=547 qpc=1942270861622 seen=1
observer epoch=548 qpc=1942270871621 seen=1
observer epoch=549 qpc=1942270881610 seen=1
observer epoch=550 qpc=1942270891613 seen=1
observer epoch=551 qpc=1942270901615 seen=1
observer epoch=552 qpc=1942270911622 seen=1
observer epoch=553 qpc=1942270921618 seen=1
observer epoch=554 qpc=1942270931618 seen=1
observer epoch=555 qpc=1942270941611 seen=1
observer epoch=556 qpc=1942270951614 seen=1
observer epoch=557 qpc=1942270961615 seen=1
observer epoch=558 qpc=1942270971614 seen=1
observer epoch=559 qpc=1942270981615 seen=1
observer epoch=560 qpc=1942270991610 seen=1
observer epoch=561 qpc=1942271001623 seen=1
observer epoch=562 qpc=1942271011622 seen=1
observer epoch=563 qpc=1942271021623 seen=1
observer epoch=564 qpc=1942271031629 seen=1
observer epoch=565 qpc=1942271041614 seen=1
observer epoch=566 qpc=1942271051622 seen=1
observer epoch=567 qpc=1942271061618 seen=1
observer epoch=568 qpc=1942271071613 seen=1
observer epoch=569 qpc=1942271081620 seen=1
observer epoch=570 qpc=1942271091622 seen=1
observer epoch=571 qpc=1942271101611 seen=1
observer epoch=572 qpc=1942271111617 seen=1
observer epoch=573 qpc=1942271121611 seen=1
observer epoch=574 qpc=1942271131615 seen=1
observer epoch=575 qpc=1942271141621 seen=1
observer epoch=576 qpc=1942271151617 seen=1
observer epoch=577 qpc=1942271161621 seen=1
observer epoch=578 qpc=1942271171618 seen=1
observer epoch=579 qpc=1942271181616 seen=1
observer epoch=580 qpc=1942271191614 seen=1
observer epoch=581 qpc=1942271201616 seen=1
observer epoch=582 qpc=1942271211618 seen=1
observer epoch=583 qpc=1942271221610 seen=1
observer epoch=584 qpc=1942271231617 seen=1
observer epoch=585 qpc=1942271241614 seen=1
observer epoch=586 qpc=1942271251613 seen=1
observer epoch=587 qpc=1942271261614 seen=1
observer epoch=588 qpc=1942271271620 seen=1
observer epoch=589 qpc=1942271281614 seen=1
observer epoch=590 qpc=1942271291621 seen=1
observer epoch=591 qpc=1942271301618 seen=1
observer epoch=592 qpc=1942271311614 seen=1
observer epoch=593 qpc=1942271321616 seen=1
observer epoch=594 qpc=1942271331610 seen=1
observer epoch=595 qpc=1942271341610 seen=1
observer epoch=596 qpc=1942271351616 seen=1
observer epoch=597 qpc=1942271361618 seen=1
observer epoch=598 qpc=1942271371622 seen=1
observer epoch=599 qpc=1942271381618 seen=1
observer_summary first=301 published=1942268393478 start=1942265386609 frequency=10000000 phase_us=500
host loaded=C:\eos-private\Mss32.dll tid=1104 frequency=10000000 arm=1 phase=500
start begin=1942265386612 end=1942265386666
serve epoch=1 begin=1942265892928 end=1942265892998
serve epoch=2 begin=1942266389754 end=1942266389821
serve epoch=3 begin=1942266893609 end=1942266893695
serve epoch=4 begin=1942267390041 end=1942267390130
serve epoch=5 begin=1942267897030 end=1942267897100
serve epoch=6 begin=1942268393405 end=1942268393479
serve epoch=7 begin=1942268889831 end=1942268889919
serve epoch=8 begin=1942269396432 end=1942269396500
serve epoch=9 begin=1942269892273 end=1942269892359
serve epoch=10 begin=1942270391769 end=1942270391844
serve epoch=11 begin=1942270889187 end=1942270889266
serve epoch=12 begin=1942271395865 end=1942271395948
serve epoch=13 begin=1942271892919 end=1942271893001
completion count=1 callback=1942267989132 callback_end=1942267989136 thread=1124 sent=0 status=2 total=204 pos=204 worker=0 send_ok=1
