ALSA lib control.c:1575:(snd_ctl_open_noupdate) [error.control] Invalid CTL hw:0
ALSA lib control.c:1575:(snd_ctl_open_noupdate) [error.control] Invalid CTL hw:1
ALSA lib control.c:1575:(snd_ctl_open_noupdate) [error.control] Invalid CTL hw:0
ALSA lib control.c:1575:(snd_ctl_open_noupdate) [error.control] Invalid CTL hw:1
observer epoch=0 qpc=1942247578893 seen=0
observer epoch=1 qpc=1942247588891 seen=0
observer epoch=2 qpc=1942247598884 seen=0
observer epoch=3 qpc=1942247608890 seen=0
observer epoch=4 qpc=1942247618889 seen=0
observer epoch=5 qpc=1942247628882 seen=0
observer epoch=6 qpc=1942247638886 seen=0
observer epoch=7 qpc=1942247648889 seen=0
observer epoch=8 qpc=1942247658892 seen=0
observer epoch=9 qpc=1942247668882 seen=0
observer epoch=10 qpc=1942247678886 seen=0
observer epoch=11 qpc=1942247688881 seen=0
observer epoch=12 qpc=1942247698886 seen=0
observer epoch=13 qpc=1942247708884 seen=0
observer epoch=14 qpc=1942247718892 seen=0
observer epoch=15 qpc=1942247728884 seen=0
observer epoch=16 qpc=1942247738888 seen=0
observer epoch=17 qpc=1942247748887 seen=0
observer epoch=18 qpc=1942247758890 seen=0
observer epoch=19 qpc=1942247768887 seen=0
observer epoch=20 qpc=1942247778885 seen=0
observer epoch=21 qpc=1942247788892 seen=0
observer epoch=22 qpc=1942247798892 seen=0
observer epoch=23 qpc=1942247808881 seen=0
observer epoch=24 qpc=1942247818889 seen=0
observer epoch=25 qpc=1942247828887 seen=0
observer epoch=26 qpc=1942247838893 seen=0
observer epoch=27 qpc=1942247848883 seen=0
observer epoch=28 qpc=1942247858887 seen=0
observer epoch=29 qpc=1942247868881 seen=0
observer epoch=30 qpc=1942247878891 seen=0
observer epoch=31 qpc=1942247888891 seen=0
observer epoch=32 qpc=1942247898885 seen=0
observer epoch=33 qpc=1942247908889 seen=0
observer epoch=34 qpc=1942247918881 seen=0
observer epoch=35 qpc=1942247928890 seen=0
observer epoch=36 qpc=1942247938885 seen=0
observer epoch=37 qpc=1942247948887 seen=0
observer epoch=38 qpc=1942247958893 seen=0
observer epoch=39 qpc=1942247968884 seen=0
observer epoch=40 qpc=1942247978886 seen=0
observer epoch=41 qpc=1942247988892 seen=0
observer epoch=42 qpc=1942247998881 seen=0
observer epoch=43 qpc=1942248008882 seen=0
observer epoch=44 qpc=1942248018881 seen=0
observer epoch=45 qpc=1942248028884 seen=0
observer epoch=46 qpc=1942248038889 seen=0
observer epoch=47 qpc=1942248048886 seen=0
observer epoch=48 qpc=1942248058883 seen=0
observer epoch=49 qpc=1942248068886 seen=0
observer epoch=50 qpc=1942248078882 seen=0
observer epoch=51 qpc=1942248088881 seen=0
observer epoch=52 qpc=1942248098889 seen=0
observer epoch=53 qpc=1942248108887 seen=0
observer epoch=54 qpc=1942248118880 seen=0
observer epoch=55 qpc=1942248128885 seen=0
observer epoch=56 qpc=1942248138881 seen=0
observer epoch=57 qpc=1942248148892 seen=0
observer epoch=58 qpc=1942248158892 seen=0
observer epoch=59 qpc=1942248168881 seen=0
observer epoch=60 qpc=1942248178886 seen=0
observer epoch=61 qpc=1942248188886 seen=0
observer epoch=62 qpc=1942248198890 seen=0
observer epoch=63 qpc=1942248208880 seen=0
observer epoch=64 qpc=1942248218891 seen=0
observer epoch=65 qpc=1942248228884 seen=0
observer epoch=66 qpc=1942248238882 seen=0
observer epoch=67 qpc=1942248248883 seen=0
observer epoch=68 qpc=1942248258889 seen=0
observer epoch=69 qpc=1942248268893 seen=0
observer epoch=70 qpc=1942248278892 seen=0
observer epoch=71 qpc=1942248288887 seen=0
observer epoch=72 qpc=1942248298888 seen=0
observer epoch=73 qpc=1942248308880 seen=0
observer epoch=74 qpc=1942248318881 seen=0
observer epoch=75 qpc=1942248328882 seen=0
observer epoch=76 qpc=1942248338881 seen=0
observer epoch=77 qpc=1942248348889 seen=0
observer epoch=78 qpc=1942248358892 seen=0
observer epoch=79 qpc=1942248368886 seen=0
observer epoch=80 qpc=1942248378890 seen=0
observer epoch=81 qpc=1942248388887 seen=0
observer epoch=82 qpc=1942248398890 seen=0
observer epoch=83 qpc=1942248408891 seen=0
observer epoch=84 qpc=1942248418882 seen=0
observer epoch=85 qpc=1942248428880 seen=0
observer epoch=86 qpc=1942248438891 seen=0
observer epoch=87 qpc=1942248448885 seen=0
observer epoch=88 qpc=1942248458883 seen=0
observer epoch=89 qpc=1942248468904 seen=0
observer epoch=90 qpc=1942248478889 seen=0
observer epoch=91 qpc=1942248488889 seen=0
observer epoch=92 qpc=1942248498890 seen=0
observer epoch=93 qpc=1942248508880 seen=0
observer epoch=94 qpc=1942248518884 seen=0
observer epoch=95 qpc=1942248528881 seen=0
observer epoch=96 qpc=1942248538881 seen=0
observer epoch=97 qpc=1942248548880 seen=0
observer epoch=98 qpc=1942248558891 seen=0
observer epoch=99 qpc=1942248568893 seen=0
observer epoch=100 qpc=1942248578884 seen=0
observer epoch=101 qpc=1942248588883 seen=0
observer epoch=102 qpc=1942248598892 seen=0
observer epoch=103 qpc=1942248608890 seen=0
observer epoch=104 qpc=1942248618886 seen=0
observer epoch=105 qpc=1942248628895 seen=0
observer epoch=106 qpc=1942248638882 seen=0
observer epoch=107 qpc=1942248648886 seen=0
observer epoch=108 qpc=1942248658890 seen=0
observer epoch=109 qpc=1942248668880 seen=0
observer epoch=110 qpc=1942248678884 seen=0
observer epoch=111 qpc=1942248688881 seen=0
observer epoch=112 qpc=1942248698883 seen=0
observer epoch=113 qpc=1942248708880 seen=0
observer epoch=114 qpc=1942248718882 seen=0
observer epoch=115 qpc=1942248728888 seen=0
observer epoch=116 qpc=1942248738881 seen=0
observer epoch=117 qpc=1942248748890 seen=0
observer epoch=118 qpc=1942248758883 seen=0
observer epoch=119 qpc=1942248768880 seen=0
observer epoch=120 qpc=1942248778884 seen=0
observer epoch=121 qpc=1942248788882 seen=0
observer epoch=122 qpc=1942248798889 seen=0
observer epoch=123 qpc=1942248808890 seen=0
observer epoch=124 qpc=1942248818880 seen=0
observer epoch=125 qpc=1942248828881 seen=0
observer epoch=126 qpc=1942248838893 seen=0
observer epoch=127 qpc=1942248848882 seen=0
observer epoch=128 qpc=1942248858887 seen=0
observer epoch=129 qpc=1942248868888 seen=0
observer epoch=130 qpc=1942248878891 seen=0
observer epoch=131 qpc=1942248888886 seen=0
observer epoch=132 qpc=1942248898890 seen=0
observer epoch=133 qpc=1942248908884 seen=0
observer epoch=134 qpc=1942248918882 seen=0
observer epoch=135 qpc=1942248928889 seen=0
observer epoch=136 qpc=1942248938880 seen=0
observer epoch=137 qpc=1942248948884 seen=0
observer epoch=138 qpc=1942248958881 seen=0
observer epoch=139 qpc=1942248968880 seen=0
observer epoch=140 qpc=1942248978885 seen=0
observer epoch=141 qpc=1942248988883 seen=0
observer epoch=142 qpc=1942248998888 seen=0
observer epoch=143 qpc=1942249008883 seen=0
observer epoch=144 qpc=1942249018889 seen=0
observer epoch=145 qpc=1942249028889 seen=0
observer epoch=146 qpc=1942249038892 seen=0
observer epoch=147 qpc=1942249048893 seen=0
observer epoch=148 qpc=1942249058882 seen=0
observer epoch=149 qpc=1942249068885 seen=0
observer epoch=150 qpc=1942249078881 seen=0
observer epoch=151 qpc=1942249088883 seen=0
observer epoch=152 qpc=1942249098888 seen=0
observer epoch=153 qpc=1942249108893 seen=0
observer epoch=154 qpc=1942249118890 seen=0
observer epoch=155 qpc=1942249128888 seen=0
observer epoch=156 qpc=1942249138881 seen=0
observer epoch=157 qpc=1942249148885 seen=0
observer epoch=158 qpc=1942249158890 seen=0
observer epoch=159 qpc=1942249168884 seen=0
observer epoch=160 qpc=1942249178892 seen=0
observer epoch=161 qpc=1942249188892 seen=0
observer epoch=162 qpc=1942249198890 seen=0
observer epoch=163 qpc=1942249208890 seen=0
observer epoch=164 qpc=1942249218890 seen=0
observer epoch=165 qpc=1942249228891 seen=0
observer epoch=166 qpc=1942249238883 seen=0
observer epoch=167 qpc=1942249248885 seen=0
observer epoch=168 qpc=1942249258883 seen=0
observer epoch=169 qpc=1942249268893 seen=0
observer epoch=170 qpc=1942249278893 seen=0
observer epoch=171 qpc=1942249288886 seen=0
observer epoch=172 qpc=1942249298889 seen=0
observer epoch=173 qpc=1942249308880 seen=0
observer epoch=174 qpc=1942249318892 seen=0
observer epoch=175 qpc=1942249328882 seen=0
observer epoch=176 qpc=1942249338882 seen=0
observer epoch=177 qpc=1942249348880 seen=0
observer epoch=178 qpc=1942249358888 seen=0
observer epoch=179 qpc=1942249368883 seen=0
observer epoch=180 qpc=1942249378881 seen=0
observer epoch=181 qpc=1942249388886 seen=0
observer epoch=182 qpc=1942249398889 seen=0
observer epoch=183 qpc=1942249408887 seen=0
observer epoch=184 qpc=1942249418891 seen=0
observer epoch=185 qpc=1942249428888 seen=0
observer epoch=186 qpc=1942249438885 seen=0
observer epoch=187 qpc=1942249448880 seen=0
observer epoch=188 qpc=1942249458880 seen=0
observer epoch=189 qpc=1942249468887 seen=0
observer epoch=190 qpc=1942249478885 seen=0
observer epoch=191 qpc=1942249488885 seen=0
observer epoch=192 qpc=1942249498886 seen=0
observer epoch=193 qpc=1942249508886 seen=0
observer epoch=194 qpc=1942249518884 seen=0
observer epoch=195 qpc=1942249528890 seen=0
observer epoch=196 qpc=1942249538883 seen=0
observer epoch=197 qpc=1942249548892 seen=0
observer epoch=198 qpc=1942249558886 seen=0
observer epoch=199 qpc=1942249568882 seen=0
observer epoch=200 qpc=1942249578891 seen=0
observer epoch=201 qpc=1942249588893 seen=0
observer epoch=202 qpc=1942249598889 seen=0
observer epoch=203 qpc=1942249608892 seen=0
observer epoch=204 qpc=1942249618882 seen=0
observer epoch=205 qpc=1942249628883 seen=0
observer epoch=206 qpc=1942249638886 seen=0
observer epoch=207 qpc=1942249648891 seen=0
observer epoch=208 qpc=1942249658890 seen=0
observer epoch=209 qpc=1942249668892 seen=0
observer epoch=210 qpc=1942249678891 seen=0
observer epoch=211 qpc=1942249688892 seen=0
observer epoch=212 qpc=1942249698881 seen=0
observer epoch=213 qpc=1942249708881 seen=0
observer epoch=214 qpc=1942249718892 seen=0
observer epoch=215 qpc=1942249728881 seen=0
observer epoch=216 qpc=1942249738891 seen=0
observer epoch=217 qpc=1942249748892 seen=0
observer epoch=218 qpc=1942249758880 seen=0
observer epoch=219 qpc=1942249768880 seen=0
observer epoch=220 qpc=1942249778885 seen=0
observer epoch=221 qpc=1942249788884 seen=0
observer epoch=222 qpc=1942249798888 seen=0
observer epoch=223 qpc=1942249808884 seen=0
observer epoch=224 qpc=1942249818885 seen=0
observer epoch=225 qpc=1942249828892 seen=0
observer epoch=226 qpc=1942249838890 seen=0
observer epoch=227 qpc=1942249848891 seen=0
observer epoch=228 qpc=1942249858892 seen=0
observer epoch=229 qpc=1942249868881 seen=0
observer epoch=230 qpc=1942249878884 seen=0
observer epoch=231 qpc=1942249888892 seen=0
observer epoch=232 qpc=1942249898885 seen=0
observer epoch=233 qpc=1942249908885 seen=0
observer epoch=234 qpc=1942249918882 seen=0
observer epoch=235 qpc=1942249928883 seen=0
observer epoch=236 qpc=1942249938887 seen=0
observer epoch=237 qpc=1942249948880 seen=0
observer epoch=238 qpc=1942249958888 seen=0
observer epoch=239 qpc=1942249968881 seen=0
observer epoch=240 qpc=1942249978886 seen=0
observer epoch=241 qpc=1942249988891 seen=0
observer epoch=242 qpc=1942249998887 seen=0
observer epoch=243 qpc=1942250008890 seen=0
observer epoch=244 qpc=1942250018882 seen=0
observer epoch=245 qpc=1942250028885 seen=0
observer epoch=246 qpc=1942250038887 seen=0
observer epoch=247 qpc=1942250048893 seen=0
observer epoch=248 qpc=1942250058885 seen=0
observer epoch=249 qpc=1942250068887 seen=0
observer epoch=250 qpc=1942250078892 seen=0
observer epoch=251 qpc=1942250088887 seen=0
observer epoch=252 qpc=1942250098881 seen=0
observer epoch=253 qpc=1942250108886 seen=0
observer epoch=254 qpc=1942250118885 seen=0
observer epoch=255 qpc=1942250128888 seen=0
observer epoch=256 qpc=1942250138880 seen=0
observer epoch=257 qpc=1942250148882 seen=0
observer epoch=258 qpc=1942250158888 seen=0
observer epoch=259 qpc=1942250168892 seen=0
observer epoch=260 qpc=1942250178880 seen=0
observer epoch=261 qpc=1942250188886 seen=0
observer epoch=262 qpc=1942250198889 seen=0
observer epoch=263 qpc=1942250208892 seen=0
observer epoch=264 qpc=1942250218890 seen=0
observer epoch=265 qpc=1942250228881 seen=0
observer epoch=266 qpc=1942250238893 seen=0
observer epoch=267 qpc=1942250248889 seen=0
observer epoch=268 qpc=1942250258880 seen=0
observer epoch=269 qpc=1942250268889 seen=0
observer epoch=270 qpc=1942250278887 seen=0
observer epoch=271 qpc=1942250288891 seen=0
observer epoch=272 qpc=1942250298888 seen=0
observer epoch=273 qpc=1942250308884 seen=0
observer epoch=274 qpc=1942250318886 seen=0
observer epoch=275 qpc=1942250328890 seen=0
observer epoch=276 qpc=1942250338888 seen=0
observer epoch=277 qpc=1942250348881 seen=0
observer epoch=278 qpc=1942250358886 seen=0
observer epoch=279 qpc=1942250368889 seen=0
observer epoch=280 qpc=1942250378881 seen=0
observer epoch=281 qpc=1942250388891 seen=0
observer epoch=282 qpc=1942250398888 seen=0
observer epoch=283 qpc=1942250408886 seen=0
observer epoch=284 qpc=1942250418885 seen=0
observer epoch=285 qpc=1942250428881 seen=0
observer epoch=286 qpc=1942250438883 seen=0
observer epoch=287 qpc=1942250448888 seen=0
observer epoch=288 qpc=1942250458885 seen=0
observer epoch=289 qpc=1942250468890 seen=0
observer epoch=290 qpc=1942250478883 seen=0
observer epoch=291 qpc=1942250488892 seen=0
observer epoch=292 qpc=1942250498882 seen=0
observer epoch=293 qpc=1942250508891 seen=0
observer epoch=294 qpc=1942250518882 seen=0
observer epoch=295 qpc=1942250528880 seen=0
observer epoch=296 qpc=1942250538880 seen=0
observer epoch=297 qpc=1942250548881 seen=0
observer epoch=298 qpc=1942250558884 seen=0
observer epoch=299 qpc=1942250568881 seen=0
observer epoch=300 qpc=1942250578882 seen=0
observer epoch=301 qpc=1942250588886 seen=1
observer epoch=302 qpc=1942250598882 seen=1
observer epoch=303 qpc=1942250608885 seen=1
observer epoch=304 qpc=1942250618889 seen=1
observer epoch=305 qpc=1942250628885 seen=1
observer epoch=306 qpc=1942250638882 seen=1
observer epoch=307 qpc=1942250648889 seen=1
observer epoch=308 qpc=1942250658885 seen=1
observer epoch=309 qpc=1942250668880 seen=1
observer epoch=310 qpc=1942250678880 seen=1
observer epoch=311 qpc=1942250688891 seen=1
observer epoch=312 qpc=1942250698884 seen=1
observer epoch=313 qpc=1942250708884 seen=1
observer epoch=314 qpc=1942250718893 seen=1
observer epoch=315 qpc=1942250728892 seen=1
observer epoch=316 qpc=1942250738891 seen=1
observer epoch=317 qpc=1942250748886 seen=1
observer epoch=318 qpc=1942250758887 seen=1
observer epoch=319 qpc=1942250768893 seen=1
observer epoch=320 qpc=1942250778889 seen=1
observer epoch=321 qpc=1942250788880 seen=1
observer epoch=322 qpc=1942250798883 seen=1
observer epoch=323 qpc=1942250808889 seen=1
observer epoch=324 qpc=1942250818891 seen=1
observer epoch=325 qpc=1942250828892 seen=1
observer epoch=326 qpc=1942250838885 seen=1
observer epoch=327 qpc=1942250848890 seen=1
observer epoch=328 qpc=1942250858885 seen=1
observer epoch=329 qpc=1942250868892 seen=1
observer epoch=330 qpc=1942250878886 seen=1
observer epoch=331 qpc=1942250888893 seen=1
observer epoch=332 qpc=1942250898884 seen=1
observer epoch=333 qpc=1942250908888 seen=1
observer epoch=334 qpc=1942250918886 seen=1
observer epoch=335 qpc=1942250928883 seen=1
observer epoch=336 qpc=1942250938890 seen=1
observer epoch=337 qpc=1942250948881 seen=1
observer epoch=338 qpc=1942250958893 seen=1
observer epoch=339 qpc=1942250968881 seen=1
observer epoch=340 qpc=1942250978888 seen=1
observer epoch=341 qpc=1942250988880 seen=1
observer epoch=342 qpc=1942250998887 seen=1
observer epoch=343 qpc=1942251008884 seen=1
observer epoch=344 qpc=1942251018885 seen=1
observer epoch=345 qpc=1942251028883 seen=1
observer epoch=346 qpc=1942251038891 seen=1
observer epoch=347 qpc=1942251048889 seen=1
observer epoch=348 qpc=1942251058881 seen=1
observer epoch=349 qpc=1942251068888 seen=1
observer epoch=350 qpc=1942251078890 seen=1
observer epoch=351 qpc=1942251088882 seen=1
observer epoch=352 qpc=1942251098885 seen=1
observer epoch=353 qpc=1942251108888 seen=1
observer epoch=354 qpc=1942251118892 seen=1
observer epoch=355 qpc=1942251128891 seen=1
observer epoch=356 qpc=1942251138882 seen=1
observer epoch=357 qpc=1942251148885 seen=1
observer epoch=358 qpc=1942251158884 seen=1
observer epoch=359 qpc=1942251168880 seen=1
observer epoch=360 qpc=1942251178892 seen=1
observer epoch=361 qpc=1942251188886 seen=1
observer epoch=362 qpc=1942251198890 seen=1
observer epoch=363 qpc=1942251208884 seen=1
observer epoch=364 qpc=1942251218888 seen=1
observer epoch=365 qpc=1942251228882 seen=1
observer epoch=366 qpc=1942251238891 seen=1
observer epoch=367 qpc=1942251248883 seen=1
observer epoch=368 qpc=1942251258888 seen=1
observer epoch=369 qpc=1942251268882 seen=1
observer epoch=370 qpc=1942251278889 seen=1
observer epoch=371 qpc=1942251288884 seen=1
observer epoch=372 qpc=1942251298887 seen=1
observer epoch=373 qpc=1942251308889 seen=1
observer epoch=374 qpc=1942251318885 seen=1
observer epoch=375 qpc=1942251328886 seen=1
observer epoch=376 qpc=1942251338885 seen=1
observer epoch=377 qpc=1942251348883 seen=1
observer epoch=378 qpc=1942251358892 seen=1
observer epoch=379 qpc=1942251368881 seen=1
observer epoch=380 qpc=1942251378888 seen=1
observer epoch=381 qpc=1942251388892 seen=1
observer epoch=382 qpc=1942251398885 seen=1
observer epoch=383 qpc=1942251408890 seen=1
observer epoch=384 qpc=1942251418884 seen=1
observer epoch=385 qpc=1942251428881 seen=1
observer epoch=386 qpc=1942251438882 seen=1
observer epoch=387 qpc=1942251448886 seen=1
observer epoch=388 qpc=1942251458880 seen=1
observer epoch=389 qpc=1942251468888 seen=1
observer epoch=390 qpc=1942251478883 seen=1
observer epoch=391 qpc=1942251488887 seen=1
observer epoch=392 qpc=1942251498887 seen=1
observer epoch=393 qpc=1942251508890 seen=1
observer epoch=394 qpc=1942251518891 seen=1
observer epoch=395 qpc=1942251528890 seen=1
observer epoch=396 qpc=1942251538883 seen=1
observer epoch=397 qpc=1942251548888 seen=1
observer epoch=398 qpc=1942251558891 seen=1
observer epoch=399 qpc=1942251568888 seen=1
observer epoch=400 qpc=1942251578892 seen=1
observer epoch=401 qpc=1942251588888 seen=1
observer epoch=402 qpc=1942251598880 seen=1
observer epoch=403 qpc=1942251608880 seen=1
observer epoch=404 qpc=1942251618889 seen=1
observer epoch=405 qpc=1942251628887 seen=1
observer epoch=406 qpc=1942251638886 seen=1
observer epoch=407 qpc=1942251648881 seen=1
observer epoch=408 qpc=1942251658889 seen=1
observer epoch=409 qpc=1942251668884 seen=1
observer epoch=410 qpc=1942251678883 seen=1
observer epoch=411 qpc=1942251688883 seen=1
observer epoch=412 qpc=1942251698883 seen=1
observer epoch=413 qpc=1942251708886 seen=1
observer epoch=414 qpc=1942251718886 seen=1
observer epoch=415 qpc=1942251728885 seen=1
observer epoch=416 qpc=1942251738893 seen=1
observer epoch=417 qpc=1942251748885 seen=1
observer epoch=418 qpc=1942251758887 seen=1
observer epoch=419 qpc=1942251768889 seen=1
observer epoch=420 qpc=1942251778891 seen=1
observer epoch=421 qpc=1942251788887 seen=1
observer epoch=422 qpc=1942251798881 seen=1
observer epoch=423 qpc=1942251808891 seen=1
observer epoch=424 qpc=1942251818887 seen=1
observer epoch=425 qpc=1942251828882 seen=1
observer epoch=426 qpc=1942251838884 seen=1
observer epoch=427 qpc=1942251848882 seen=1
observer epoch=428 qpc=1942251858883 seen=1
observer epoch=429 qpc=1942251868880 seen=1
observer epoch=430 qpc=1942251878890 seen=1
observer epoch=431 qpc=1942251888881 seen=1
observer epoch=432 qpc=1942251898892 seen=1
observer epoch=433 qpc=1942251908884 seen=1
observer epoch=434 qpc=1942251918886 seen=1
observer epoch=435 qpc=1942251928880 seen=1
observer epoch=436 qpc=1942251938885 seen=1
observer epoch=437 qpc=1942251948891 seen=1
observer epoch=438 qpc=1942251958881 seen=1
observer epoch=439 qpc=1942251968892 seen=1
observer epoch=440 qpc=1942251978886 seen=1
observer epoch=441 qpc=1942251988885 seen=1
observer epoch=442 qpc=1942251998881 seen=1
observer epoch=443 qpc=1942252008881 seen=1
observer epoch=444 qpc=1942252018889 seen=1
observer epoch=445 qpc=1942252028885 seen=1
observer epoch=446 qpc=1942252038884 seen=1
observer epoch=447 qpc=1942252048885 seen=1
observer epoch=448 qpc=1942252058883 seen=1
observer epoch=449 qpc=1942252068890 seen=1
observer epoch=450 qpc=1942252078886 seen=1
observer epoch=451 qpc=1942252088891 seen=1
observer epoch=452 qpc=1942252098880 seen=1
observer epoch=453 qpc=1942252108887 seen=1
observer epoch=454 qpc=1942252118882 seen=1
observer epoch=455 qpc=1942252128892 seen=1
observer epoch=456 qpc=1942252138882 seen=1
observer epoch=457 qpc=1942252148881 seen=1
observer epoch=458 qpc=1942252158889 seen=1
observer epoch=459 qpc=1942252168886 seen=1
observer epoch=460 qpc=1942252178888 seen=1
observer epoch=461 qpc=1942252188885 seen=1
observer epoch=462 qpc=1942252198880 seen=1
observer epoch=463 qpc=1942252208891 seen=1
observer epoch=464 qpc=1942252218890 seen=1
observer epoch=465 qpc=1942252228885 seen=1
observer epoch=466 qpc=1942252238884 seen=1
observer epoch=467 qpc=1942252248887 seen=1
observer epoch=468 qpc=1942252258885 seen=1
observer epoch=469 qpc=1942252268883 seen=1
observer epoch=470 qpc=1942252278885 seen=1
observer epoch=471 qpc=1942252288890 seen=1
observer epoch=472 qpc=1942252298884 seen=1
observer epoch=473 qpc=1942252308884 seen=1
observer epoch=474 qpc=1942252318888 seen=1
observer epoch=475 qpc=1942252328891 seen=1
observer epoch=476 qpc=1942252338880 seen=1
observer epoch=477 qpc=1942252348880 seen=1
observer epoch=478 qpc=1942252358885 seen=1
observer epoch=479 qpc=1942252368883 seen=1
observer epoch=480 qpc=1942252378889 seen=1
observer epoch=481 qpc=1942252388882 seen=1
observer epoch=482 qpc=1942252398887 seen=1
observer epoch=483 qpc=1942252408882 seen=1
observer epoch=484 qpc=1942252418887 seen=1
observer epoch=485 qpc=1942252428883 seen=1
observer epoch=486 qpc=1942252438888 seen=1
observer epoch=487 qpc=1942252448885 seen=1
observer epoch=488 qpc=1942252458891 seen=1
observer epoch=489 qpc=1942252468885 seen=1
observer epoch=490 qpc=1942252478882 seen=1
observer epoch=491 qpc=1942252488892 seen=1
observer epoch=492 qpc=1942252498881 seen=1
observer epoch=493 qpc=1942252508886 seen=1
observer epoch=494 qpc=1942252518889 seen=1
observer epoch=495 qpc=1942252528893 seen=1
observer epoch=496 qpc=1942252538892 seen=1
observer epoch=497 qpc=1942252548889 seen=1
observer epoch=498 qpc=1942252558883 seen=1
observer epoch=499 qpc=1942252568892 seen=1
observer epoch=500 qpc=1942252578892 seen=1
observer epoch=501 qpc=1942252588883 seen=1
observer epoch=502 qpc=1942252598890 seen=1
observer epoch=503 qpc=1942252608887 seen=1
observer epoch=504 qpc=1942252618888 seen=1
observer epoch=505 qpc=1942252628889 seen=1
observer epoch=506 qpc=1942252638889 seen=1
observer epoch=507 qpc=1942252648882 seen=1
observer epoch=508 qpc=1942252658888 seen=1
observer epoch=509 qpc=1942252668889 seen=1
observer epoch=510 qpc=1942252678893 seen=1
observer epoch=511 qpc=1942252688890 seen=1
observer epoch=512 qpc=1942252698886 seen=1
observer epoch=513 qpc=1942252708890 seen=1
observer epoch=514 qpc=1942252718893 seen=1
observer epoch=515 qpc=1942252728894 seen=1
observer epoch=516 qpc=1942252738889 seen=1
observer epoch=517 qpc=1942252748890 seen=1
observer epoch=518 qpc=1942252758893 seen=1
observer epoch=519 qpc=1942252768886 seen=1
observer epoch=520 qpc=1942252778885 seen=1
observer epoch=521 qpc=1942252788880 seen=1
observer epoch=522 qpc=1942252798890 seen=1
observer epoch=523 qpc=1942252808881 seen=1
observer epoch=524 qpc=1942252818892 seen=1
observer epoch=525 qpc=1942252828880 seen=1
observer epoch=526 qpc=1942252838892 seen=1
observer epoch=527 qpc=1942252848889 seen=1
observer epoch=528 qpc=1942252858884 seen=1
observer epoch=529 qpc=1942252868892 seen=1
observer epoch=530 qpc=1942252878884 seen=1
observer epoch=531 qpc=1942252888881 seen=1
observer epoch=532 qpc=1942252898886 seen=1
observer epoch=533 qpc=1942252908880 seen=1
observer epoch=534 qpc=1942252918887 seen=1
observer epoch=535 qpc=1942252928884 seen=1
observer epoch=536 qpc=1942252938885 seen=1
observer epoch=537 qpc=1942252948881 seen=1
observer epoch=538 qpc=1942252958887 seen=1
observer epoch=539 qpc=1942252968890 seen=1
observer epoch=540 qpc=1942252978886 seen=1
observer epoch=541 qpc=1942252988890 seen=1
observer epoch=542 qpc=1942252998883 seen=1
observer epoch=543 qpc=1942253008892 seen=1
observer epoch=544 qpc=1942253018880 seen=1
observer epoch=545 qpc=1942253028893 seen=1
observer epoch=546 qpc=1942253038890 seen=1
observer epoch=547 qpc=1942253048891 seen=1
observer epoch=548 qpc=1942253058885 seen=1
observer epoch=549 qpc=1942253068890 seen=1
observer epoch=550 qpc=1942253078893 seen=1
observer epoch=551 qpc=1942253088886 seen=1
observer epoch=552 qpc=1942253098888 seen=1
observer epoch=553 qpc=1942253108893 seen=1
observer epoch=554 qpc=1942253118889 seen=1
observer epoch=555 qpc=1942253128880 seen=1
observer epoch=556 qpc=1942253138885 seen=1
observer epoch=557 qpc=1942253148892 seen=1
observer epoch=558 qpc=1942253158891 seen=1
observer epoch=559 qpc=1942253168885 seen=1
observer epoch=560 qpc=1942253178883 seen=1
observer epoch=561 qpc=1942253188890 seen=1
observer epoch=562 qpc=1942253198882 seen=1
observer epoch=563 qpc=1942253208882 seen=1
observer epoch=564 qpc=1942253218893 seen=1
observer epoch=565 qpc=1942253228882 seen=1
observer epoch=566 qpc=1942253238885 seen=1
observer epoch=567 qpc=1942253248881 seen=1
observer epoch=568 qpc=1942253258887 seen=1
observer epoch=569 qpc=1942253268885 seen=1
observer epoch=570 qpc=1942253278888 seen=1
observer epoch=571 qpc=1942253288885 seen=1
observer epoch=572 qpc=1942253298885 seen=1
observer epoch=573 qpc=1942253308890 seen=1
observer epoch=574 qpc=1942253318891 seen=1
observer epoch=575 qpc=1942253328890 seen=1
observer epoch=576 qpc=1942253338892 seen=1
observer epoch=577 qpc=1942253348882 seen=1
observer epoch=578 qpc=1942253358885 seen=1
observer epoch=579 qpc=1942253368883 seen=1
observer epoch=580 qpc=1942253378883 seen=1
observer epoch=581 qpc=1942253388889 seen=1
observer epoch=582 qpc=1942253398882 seen=1
observer epoch=583 qpc=1942253408887 seen=1
observer epoch=584 qpc=1942253418880 seen=1
observer epoch=585 qpc=1942253428881 seen=1
observer epoch=586 qpc=1942253438886 seen=1
observer epoch=587 qpc=1942253448893 seen=1
observer epoch=588 qpc=1942253458890 seen=1
observer epoch=589 qpc=1942253468887 seen=1
observer epoch=590 qpc=1942253478890 seen=1
observer epoch=591 qpc=1942253488886 seen=1
observer epoch=592 qpc=1942253498884 seen=1
observer epoch=593 qpc=1942253508892 seen=1
observer epoch=594 qpc=1942253518881 seen=1
observer epoch=595 qpc=1942253528883 seen=1
observer epoch=596 qpc=1942253538887 seen=1
observer epoch=597 qpc=1942253548885 seen=1
observer epoch=598 qpc=1942253558881 seen=1
observer epoch=599 qpc=1942253568885 seen=1
observer_summary first=301 published=1942250586253 start=1942247578879 frequency=10000000 phase_us=0
host loaded=C:\eos-private\Mss32.dll tid=1016 frequency=10000000 arm=1 phase=0
start begin=1942247578892 end=1942247578945
serve epoch=1 begin=1942248085776 end=1942248085832
serve epoch=2 begin=1942248581766 end=1942248581818
serve epoch=3 begin=1942249088489 end=1942249088554
serve epoch=4 begin=1942249583922 end=1942249584002
serve epoch=5 begin=1942250080056 end=1942250080137
serve epoch=6 begin=1942250586190 end=1942250586254
serve epoch=7 begin=1942251082261 end=1942251082329
serve epoch=8 begin=1942251588379 end=1942251588449
serve epoch=9 begin=1942252084451 end=1942252084515
serve epoch=10 begin=1942252580047 end=1942252580113
serve epoch=11 begin=1942253078935 end=1942253079077
serve epoch=12 begin=1942253589379 end=1942253589496
serve epoch=13 begin=1942254084767 end=1942254084938
completion count=1 callback=1942250182979 callback_end=1942250182981 thread=1036 sent=0 status=2 total=204 pos=204 worker=0 send_ok=1
