ALSA lib control.c:1575:(snd_ctl_open_noupdate) [error.control] Invalid CTL hw:0
ALSA lib control.c:1575:(snd_ctl_open_noupdate) [error.control] Invalid CTL hw:1
ALSA lib control.c:1575:(snd_ctl_open_noupdate) [error.control] Invalid CTL hw:0
ALSA lib control.c:1575:(snd_ctl_open_noupdate) [error.control] Invalid CTL hw:1
observer epoch=0 qpc=1942150240522 seen=0
observer epoch=1 qpc=1942150250518 seen=0
observer epoch=2 qpc=1942150260519 seen=0
observer epoch=3 qpc=1942150270513 seen=0
observer epoch=4 qpc=1942150280512 seen=0
observer epoch=5 qpc=1942150290513 seen=0
observer epoch=6 qpc=1942150300517 seen=0
observer epoch=7 qpc=1942150310518 seen=0
observer epoch=8 qpc=1942150320511 seen=0
observer epoch=9 qpc=1942150330519 seen=0
observer epoch=10 qpc=1942150340519 seen=0
observer epoch=11 qpc=1942150350509 seen=0
observer epoch=12 qpc=1942150360512 seen=0
observer epoch=13 qpc=1942150370521 seen=0
observer epoch=14 qpc=1942150380522 seen=0
observer epoch=15 qpc=1942150390509 seen=0
observer epoch=16 qpc=1942150400520 seen=0
observer epoch=17 qpc=1942150410515 seen=0
observer epoch=18 qpc=1942150420521 seen=0
observer epoch=19 qpc=1942150430522 seen=0
observer epoch=20 qpc=1942150440515 seen=0
observer epoch=21 qpc=1942150450519 seen=0
observer epoch=22 qpc=1942150460525 seen=0
observer epoch=23 qpc=1942150470509 seen=0
observer epoch=24 qpc=1942150480512 seen=0
observer epoch=25 qpc=1942150490509 seen=0
observer epoch=26 qpc=1942150500508 seen=0
observer epoch=27 qpc=1942150510516 seen=0
observer epoch=28 qpc=1942150520526 seen=0
observer epoch=29 qpc=1942150530523 seen=0
observer epoch=30 qpc=1942150540520 seen=0
observer epoch=31 qpc=1942150550513 seen=0
observer epoch=32 qpc=1942150560514 seen=0
observer epoch=33 qpc=1942150570519 seen=0
observer epoch=34 qpc=1942150580524 seen=0
observer epoch=35 qpc=1942150590515 seen=0
observer epoch=36 qpc=1942150600517 seen=0
observer epoch=37 qpc=1942150610513 seen=0
observer epoch=38 qpc=1942150620509 seen=0
observer epoch=39 qpc=1942150630511 seen=0
observer epoch=40 qpc=1942150640518 seen=0
observer epoch=41 qpc=1942150650509 seen=0
observer epoch=42 qpc=1942150660513 seen=0
observer epoch=43 qpc=1942150670516 seen=0
observer epoch=44 qpc=1942150680522 seen=0
observer epoch=45 qpc=1942150690517 seen=0
observer epoch=46 qpc=1942150700527 seen=0
observer epoch=47 qpc=1942150710518 seen=0
observer epoch=48 qpc=1942150720509 seen=0
observer epoch=49 qpc=1942150730512 seen=0
observer epoch=50 qpc=1942150740519 seen=0
observer epoch=51 qpc=1942150750515 seen=0
observer epoch=52 qpc=1942150760511 seen=0
observer epoch=53 qpc=1942150770512 seen=0
observer epoch=54 qpc=1942150780515 seen=0
observer epoch=55 qpc=1942150790517 seen=0
observer epoch=56 qpc=1942150800512 seen=0
observer epoch=57 qpc=1942150810519 seen=0
observer epoch=58 qpc=1942150820511 seen=0
observer epoch=59 qpc=1942150830517 seen=0
observer epoch=60 qpc=1942150840521 seen=0
observer epoch=61 qpc=1942150850518 seen=0
observer epoch=62 qpc=1942150860508 seen=0
observer epoch=63 qpc=1942150870512 seen=0
observer epoch=64 qpc=1942150880509 seen=0
observer epoch=65 qpc=1942150890519 seen=0
observer epoch=66 qpc=1942150900513 seen=0
observer epoch=67 qpc=1942150910517 seen=0
observer epoch=68 qpc=1942150920513 seen=0
observer epoch=69 qpc=1942150930511 seen=0
observer epoch=70 qpc=1942150940519 seen=0
observer epoch=71 qpc=1942150950514 seen=0
observer epoch=72 qpc=1942150960514 seen=0
observer epoch=73 qpc=1942150970515 seen=0
observer epoch=74 qpc=1942150980515 seen=0
observer epoch=75 qpc=1942150990515 seen=0
observer epoch=76 qpc=1942151000511 seen=0
observer epoch=77 qpc=1942151010515 seen=0
observer epoch=78 qpc=1942151020518 seen=0
observer epoch=79 qpc=1942151030527 seen=0
observer epoch=80 qpc=1942151040525 seen=0
observer epoch=81 qpc=1942151050509 seen=0
observer epoch=82 qpc=1942151060510 seen=0
observer epoch=83 qpc=1942151070512 seen=0
observer epoch=84 qpc=1942151080517 seen=0
observer epoch=85 qpc=1942151090516 seen=0
observer epoch=86 qpc=1942151100516 seen=0
observer epoch=87 qpc=1942151110521 seen=0
observer epoch=88 qpc=1942151120515 seen=0
observer epoch=89 qpc=1942151130518 seen=0
observer epoch=90 qpc=1942151140516 seen=0
observer epoch=91 qpc=1942151150521 seen=0
observer epoch=92 qpc=1942151160512 seen=0
observer epoch=93 qpc=1942151170515 seen=0
observer epoch=94 qpc=1942151180512 seen=0
observer epoch=95 qpc=1942151190520 seen=0
observer epoch=96 qpc=1942151200510 seen=0
observer epoch=97 qpc=1942151210521 seen=0
observer epoch=98 qpc=1942151220520 seen=0
observer epoch=99 qpc=1942151230520 seen=0
observer epoch=100 qpc=1942151240515 seen=0
observer epoch=101 qpc=1942151250513 seen=0
observer epoch=102 qpc=1942151260512 seen=0
observer epoch=103 qpc=1942151270515 seen=0
observer epoch=104 qpc=1942151280521 seen=0
observer epoch=105 qpc=1942151290515 seen=0
observer epoch=106 qpc=1942151300516 seen=0
observer epoch=107 qpc=1942151310512 seen=0
observer epoch=108 qpc=1942151320514 seen=0
observer epoch=109 qpc=1942151330516 seen=0
observer epoch=110 qpc=1942151340514 seen=0
observer epoch=111 qpc=1942151350513 seen=0
observer epoch=112 qpc=1942151360514 seen=0
observer epoch=113 qpc=1942151370520 seen=0
observer epoch=114 qpc=1942151380511 seen=0
observer epoch=115 qpc=1942151390513 seen=0
observer epoch=116 qpc=1942151400513 seen=0
observer epoch=117 qpc=1942151410513 seen=0
observer epoch=118 qpc=1942151420525 seen=0
observer epoch=119 qpc=1942151430509 seen=0
observer epoch=120 qpc=1942151440514 seen=0
observer epoch=121 qpc=1942151450511 seen=0
observer epoch=122 qpc=1942151460508 seen=0
observer epoch=123 qpc=1942151470518 seen=0
observer epoch=124 qpc=1942151480508 seen=0
observer epoch=125 qpc=1942151490508 seen=0
observer epoch=126 qpc=1942151500513 seen=0
observer epoch=127 qpc=1942151510513 seen=0
observer epoch=128 qpc=1942151520510 seen=0
observer epoch=129 qpc=1942151530528 seen=0
observer epoch=130 qpc=1942151540509 seen=0
observer epoch=131 qpc=1942151550510 seen=0
observer epoch=132 qpc=1942151560512 seen=0
observer epoch=133 qpc=1942151570517 seen=0
observer epoch=134 qpc=1942151580526 seen=0
observer epoch=135 qpc=1942151590510 seen=0
observer epoch=136 qpc=1942151600509 seen=0
observer epoch=137 qpc=1942151610516 seen=0
observer epoch=138 qpc=1942151620519 seen=0
observer epoch=139 qpc=1942151630509 seen=0
observer epoch=140 qpc=1942151640518 seen=0
observer epoch=141 qpc=1942151650517 seen=0
observer epoch=142 qpc=1942151660512 seen=0
observer epoch=143 qpc=1942151670521 seen=0
observer epoch=144 qpc=1942151680518 seen=0
observer epoch=145 qpc=1942151690524 seen=0
observer epoch=146 qpc=1942151700510 seen=0
observer epoch=147 qpc=1942151710518 seen=0
observer epoch=148 qpc=1942151720509 seen=0
observer epoch=149 qpc=1942151730512 seen=0
observer epoch=150 qpc=1942151740514 seen=0
observer epoch=151 qpc=1942151750521 seen=0
observer epoch=152 qpc=1942151760516 seen=0
observer epoch=153 qpc=1942151770517 seen=0
observer epoch=154 qpc=1942151780509 seen=0
observer epoch=155 qpc=1942151790517 seen=0
observer epoch=156 qpc=1942151800513 seen=0
observer epoch=157 qpc=1942151810517 seen=0
observer epoch=158 qpc=1942151820513 seen=0
observer epoch=159 qpc=1942151830518 seen=0
observer epoch=160 qpc=1942151840508 seen=0
observer epoch=161 qpc=1942151850526 seen=0
observer epoch=162 qpc=1942151860528 seen=0
observer epoch=163 qpc=1942151870510 seen=0
observer epoch=164 qpc=1942151880510 seen=0
observer epoch=165 qpc=1942151890509 seen=0
observer epoch=166 qpc=1942151900516 seen=0
observer epoch=167 qpc=1942151910515 seen=0
observer epoch=168 qpc=1942151920511 seen=0
observer epoch=169 qpc=1942151930508 seen=0
observer epoch=170 qpc=1942151940511 seen=0
observer epoch=171 qpc=1942151950513 seen=0
observer epoch=172 qpc=1942151960512 seen=0
observer epoch=173 qpc=1942151970512 seen=0
observer epoch=174 qpc=1942151980509 seen=0
observer epoch=175 qpc=1942151990511 seen=0
observer epoch=176 qpc=1942152000516 seen=0
observer epoch=177 qpc=1942152010520 seen=0
observer epoch=178 qpc=1942152020515 seen=0
observer epoch=179 qpc=1942152030516 seen=0
observer epoch=180 qpc=1942152040515 seen=0
observer epoch=181 qpc=1942152050512 seen=0
observer epoch=182 qpc=1942152060510 seen=0
observer epoch=183 qpc=1942152070517 seen=0
observer epoch=184 qpc=1942152080519 seen=0
observer epoch=185 qpc=1942152090520 seen=0
observer epoch=186 qpc=1942152100512 seen=0
observer epoch=187 qpc=1942152110520 seen=0
observer epoch=188 qpc=1942152120513 seen=0
observer epoch=189 qpc=1942152130519 seen=0
observer epoch=190 qpc=1942152140512 seen=0
observer epoch=191 qpc=1942152150514 seen=0
observer epoch=192 qpc=1942152160516 seen=0
observer epoch=193 qpc=1942152170520 seen=0
observer epoch=194 qpc=1942152180509 seen=0
observer epoch=195 qpc=1942152190514 seen=0
observer epoch=196 qpc=1942152200519 seen=0
observer epoch=197 qpc=1942152210508 seen=0
observer epoch=198 qpc=1942152220517 seen=0
observer epoch=199 qpc=1942152230516 seen=0
observer epoch=200 qpc=1942152240521 seen=1
observer epoch=201 qpc=1942152250516 seen=1
observer epoch=202 qpc=1942152260511 seen=1
observer epoch=203 qpc=1942152270520 seen=1
observer epoch=204 qpc=1942152280511 seen=1
observer epoch=205 qpc=1942152290513 seen=1
observer epoch=206 qpc=1942152300514 seen=1
observer epoch=207 qpc=1942152310516 seen=1
observer epoch=208 qpc=1942152320509 seen=1
observer epoch=209 qpc=1942152330514 seen=1
observer epoch=210 qpc=1942152340517 seen=1
observer epoch=211 qpc=1942152350516 seen=1
observer epoch=212 qpc=1942152360519 seen=1
observer epoch=213 qpc=1942152370515 seen=1
observer epoch=214 qpc=1942152380513 seen=1
observer epoch=215 qpc=1942152390515 seen=1
observer epoch=216 qpc=1942152400517 seen=1
observer epoch=217 qpc=1942152410518 seen=1
observer epoch=218 qpc=1942152420519 seen=1
observer epoch=219 qpc=1942152430521 seen=1
observer epoch=220 qpc=1942152440512 seen=1
observer epoch=221 qpc=1942152450520 seen=1
observer epoch=222 qpc=1942152460512 seen=1
observer epoch=223 qpc=1942152470509 seen=1
observer epoch=224 qpc=1942152480520 seen=1
observer epoch=225 qpc=1942152490521 seen=1
observer epoch=226 qpc=1942152500517 seen=1
observer epoch=227 qpc=1942152510516 seen=1
observer epoch=228 qpc=1942152520513 seen=1
observer epoch=229 qpc=1942152530509 seen=1
observer epoch=230 qpc=1942152540518 seen=1
observer epoch=231 qpc=1942152550510 seen=1
observer epoch=232 qpc=1942152560513 seen=1
observer epoch=233 qpc=1942152570510 seen=1
observer epoch=234 qpc=1942152580517 seen=1
observer epoch=235 qpc=1942152590519 seen=1
observer epoch=236 qpc=1942152600520 seen=1
observer epoch=237 qpc=1942152610513 seen=1
observer epoch=238 qpc=1942152620521 seen=1
observer epoch=239 qpc=1942152630519 seen=1
observer epoch=240 qpc=1942152640510 seen=1
observer epoch=241 qpc=1942152650515 seen=1
observer epoch=242 qpc=1942152660521 seen=1
observer epoch=243 qpc=1942152670521 seen=1
observer epoch=244 qpc=1942152680509 seen=1
observer epoch=245 qpc=1942152690518 seen=1
observer epoch=246 qpc=1942152700520 seen=1
observer epoch=247 qpc=1942152710512 seen=1
observer epoch=248 qpc=1942152720521 seen=1
observer epoch=249 qpc=1942152730509 seen=1
observer epoch=250 qpc=1942152740515 seen=1
observer epoch=251 qpc=1942152750510 seen=1
observer epoch=252 qpc=1942152760514 seen=1
observer epoch=253 qpc=1942152770508 seen=1
observer epoch=254 qpc=1942152780515 seen=1
observer epoch=255 qpc=1942152790508 seen=1
observer epoch=256 qpc=1942152800527 seen=1
observer epoch=257 qpc=1942152810508 seen=1
observer epoch=258 qpc=1942152820519 seen=1
observer epoch=259 qpc=1942152830516 seen=1
observer epoch=260 qpc=1942152840519 seen=1
observer epoch=261 qpc=1942152850521 seen=1
observer epoch=262 qpc=1942152860523 seen=1
observer epoch=263 qpc=1942152870524 seen=1
observer epoch=264 qpc=1942152880516 seen=1
observer epoch=265 qpc=1942152890510 seen=1
observer epoch=266 qpc=1942152900521 seen=1
observer epoch=267 qpc=1942152910519 seen=1
observer epoch=268 qpc=1942152920521 seen=1
observer epoch=269 qpc=1942152930512 seen=1
observer epoch=270 qpc=1942152940513 seen=1
observer epoch=271 qpc=1942152950520 seen=1
observer epoch=272 qpc=1942152960518 seen=1
observer epoch=273 qpc=1942152970511 seen=1
observer epoch=274 qpc=1942152980516 seen=1
observer epoch=275 qpc=1942152990510 seen=1
observer epoch=276 qpc=1942153000510 seen=1
observer epoch=277 qpc=1942153010509 seen=1
observer epoch=278 qpc=1942153020523 seen=1
observer epoch=279 qpc=1942153030519 seen=1
observer epoch=280 qpc=1942153040515 seen=1
observer epoch=281 qpc=1942153050514 seen=1
observer epoch=282 qpc=1942153060515 seen=1
observer epoch=283 qpc=1942153070510 seen=1
observer epoch=284 qpc=1942153080509 seen=1
observer epoch=285 qpc=1942153090513 seen=1
observer epoch=286 qpc=1942153100521 seen=1
observer epoch=287 qpc=1942153110518 seen=1
observer epoch=288 qpc=1942153120515 seen=1
observer epoch=289 qpc=1942153130519 seen=1
observer epoch=290 qpc=1942153140515 seen=1
observer epoch=291 qpc=1942153150516 seen=1
observer epoch=292 qpc=1942153160511 seen=1
observer epoch=293 qpc=1942153170520 seen=1
observer epoch=294 qpc=1942153180509 seen=1
observer epoch=295 qpc=1942153190515 seen=1
observer epoch=296 qpc=1942153200518 seen=1
observer epoch=297 qpc=1942153210512 seen=1
observer epoch=298 qpc=1942153220517 seen=1
observer epoch=299 qpc=1942153230521 seen=1
observer epoch=300 qpc=1942153240510 seen=1
observer epoch=301 qpc=1942153250520 seen=1
observer epoch=302 qpc=1942153260511 seen=1
observer epoch=303 qpc=1942153270520 seen=1
observer epoch=304 qpc=1942153280514 seen=1
observer epoch=305 qpc=1942153290515 seen=1
observer epoch=306 qpc=1942153300514 seen=1
observer epoch=307 qpc=1942153310511 seen=1
observer epoch=308 qpc=1942153320519 seen=1
observer epoch=309 qpc=1942153330518 seen=1
observer epoch=310 qpc=1942153340512 seen=1
observer epoch=311 qpc=1942153350511 seen=1
observer epoch=312 qpc=1942153360513 seen=1
observer epoch=313 qpc=1942153370510 seen=1
observer epoch=314 qpc=1942153380512 seen=1
observer epoch=315 qpc=1942153390512 seen=1
observer epoch=316 qpc=1942153400516 seen=1
observer epoch=317 qpc=1942153410510 seen=1
observer epoch=318 qpc=1942153420513 seen=1
observer epoch=319 qpc=1942153430511 seen=1
observer epoch=320 qpc=1942153440527 seen=1
observer epoch=321 qpc=1942153450511 seen=1
observer epoch=322 qpc=1942153460508 seen=1
observer epoch=323 qpc=1942153470510 seen=1
observer epoch=324 qpc=1942153480520 seen=1
observer epoch=325 qpc=1942153490521 seen=1
observer epoch=326 qpc=1942153500515 seen=1
observer epoch=327 qpc=1942153510518 seen=1
observer epoch=328 qpc=1942153520511 seen=1
observer epoch=329 qpc=1942153530508 seen=1
observer epoch=330 qpc=1942153540514 seen=1
observer epoch=331 qpc=1942153550524 seen=1
observer epoch=332 qpc=1942153560513 seen=1
observer epoch=333 qpc=1942153570514 seen=1
observer epoch=334 qpc=1942153580514 seen=1
observer epoch=335 qpc=1942153590512 seen=1
observer epoch=336 qpc=1942153600521 seen=1
observer epoch=337 qpc=1942153610510 seen=1
observer epoch=338 qpc=1942153620516 seen=1
observer epoch=339 qpc=1942153630516 seen=1
observer epoch=340 qpc=1942153640516 seen=1
observer epoch=341 qpc=1942153650509 seen=1
observer epoch=342 qpc=1942153660514 seen=1
observer epoch=343 qpc=1942153670514 seen=1
observer epoch=344 qpc=1942153680511 seen=1
observer epoch=345 qpc=1942153690511 seen=1
observer epoch=346 qpc=1942153700514 seen=1
observer epoch=347 qpc=1942153710516 seen=1
observer epoch=348 qpc=1942153720518 seen=1
observer epoch=349 qpc=1942153730512 seen=1
observer epoch=350 qpc=1942153740514 seen=1
observer epoch=351 qpc=1942153750514 seen=1
observer epoch=352 qpc=1942153760522 seen=1
observer epoch=353 qpc=1942153770513 seen=1
observer epoch=354 qpc=1942153780515 seen=1
observer epoch=355 qpc=1942153790514 seen=1
observer epoch=356 qpc=1942153800512 seen=1
observer epoch=357 qpc=1942153810522 seen=1
observer epoch=358 qpc=1942153820509 seen=1
observer epoch=359 qpc=1942153830512 seen=1
observer epoch=360 qpc=1942153840512 seen=1
observer epoch=361 qpc=1942153850519 seen=1
observer epoch=362 qpc=1942153860517 seen=1
observer epoch=363 qpc=1942153870516 seen=1
observer epoch=364 qpc=1942153880517 seen=1
observer epoch=365 qpc=1942153890510 seen=1
observer epoch=366 qpc=1942153900522 seen=1
observer epoch=367 qpc=1942153910510 seen=1
observer epoch=368 qpc=1942153920508 seen=1
observer epoch=369 qpc=1942153930520 seen=1
observer epoch=370 qpc=1942153940521 seen=1
observer epoch=371 qpc=1942153950513 seen=1
observer epoch=372 qpc=1942153960510 seen=1
observer epoch=373 qpc=1942153970518 seen=1
observer epoch=374 qpc=1942153980510 seen=1
observer epoch=375 qpc=1942153990512 seen=1
observer epoch=376 qpc=1942154000519 seen=1
observer epoch=377 qpc=1942154010516 seen=1
observer epoch=378 qpc=1942154020518 seen=1
observer epoch=379 qpc=1942154030516 seen=1
observer epoch=380 qpc=1942154040516 seen=1
observer epoch=381 qpc=1942154050518 seen=1
observer epoch=382 qpc=1942154060517 seen=1
observer epoch=383 qpc=1942154070515 seen=1
observer epoch=384 qpc=1942154080515 seen=1
observer epoch=385 qpc=1942154090512 seen=1
observer epoch=386 qpc=1942154100514 seen=1
observer epoch=387 qpc=1942154110514 seen=1
observer epoch=388 qpc=1942154120519 seen=1
observer epoch=389 qpc=1942154130508 seen=1
observer epoch=390 qpc=1942154140510 seen=1
observer epoch=391 qpc=1942154150513 seen=1
observer epoch=392 qpc=1942154160521 seen=1
observer epoch=393 qpc=1942154170514 seen=1
observer epoch=394 qpc=1942154180518 seen=1
observer epoch=395 qpc=1942154190510 seen=1
observer epoch=396 qpc=1942154200527 seen=1
observer epoch=397 qpc=1942154210539 seen=1
observer epoch=398 qpc=1942154220510 seen=1
observer epoch=399 qpc=1942154230521 seen=1
observer epoch=400 qpc=1942154240512 seen=1
observer epoch=401 qpc=1942154250512 seen=1
observer epoch=402 qpc=1942154260520 seen=1
observer epoch=403 qpc=1942154270514 seen=1
observer epoch=404 qpc=1942154280508 seen=1
observer epoch=405 qpc=1942154290515 seen=1
observer epoch=406 qpc=1942154300515 seen=1
observer epoch=407 qpc=1942154310516 seen=1
observer epoch=408 qpc=1942154320510 seen=1
observer epoch=409 qpc=1942154330518 seen=1
observer epoch=410 qpc=1942154340518 seen=1
observer epoch=411 qpc=1942154350512 seen=1
observer epoch=412 qpc=1942154360517 seen=1
observer epoch=413 qpc=1942154370516 seen=1
observer epoch=414 qpc=1942154380515 seen=1
observer epoch=415 qpc=1942154390523 seen=1
observer epoch=416 qpc=1942154400525 seen=1
observer epoch=417 qpc=1942154410523 seen=1
observer epoch=418 qpc=1942154420521 seen=1
observer epoch=419 qpc=1942154430514 seen=1
observer epoch=420 qpc=1942154440509 seen=1
observer epoch=421 qpc=1942154450516 seen=1
observer epoch=422 qpc=1942154460508 seen=1
observer epoch=423 qpc=1942154470512 seen=1
observer epoch=424 qpc=1942154480518 seen=1
observer epoch=425 qpc=1942154490512 seen=1
observer epoch=426 qpc=1942154500511 seen=1
observer epoch=427 qpc=1942154510524 seen=1
observer epoch=428 qpc=1942154520523 seen=1
observer epoch=429 qpc=1942154530519 seen=1
observer epoch=430 qpc=1942154540510 seen=1
observer epoch=431 qpc=1942154550517 seen=1
observer epoch=432 qpc=1942154560511 seen=1
observer epoch=433 qpc=1942154570517 seen=1
observer epoch=434 qpc=1942154580508 seen=1
observer epoch=435 qpc=1942154590521 seen=1
observer epoch=436 qpc=1942154600510 seen=1
observer epoch=437 qpc=1942154610520 seen=1
observer epoch=438 qpc=1942154620518 seen=1
observer epoch=439 qpc=1942154630518 seen=1
observer epoch=440 qpc=1942154640508 seen=1
observer epoch=441 qpc=1942154650512 seen=1
observer epoch=442 qpc=1942154660511 seen=1
observer epoch=443 qpc=1942154670516 seen=1
observer epoch=444 qpc=1942154680509 seen=1
observer epoch=445 qpc=1942154690519 seen=1
observer epoch=446 qpc=1942154700512 seen=1
observer epoch=447 qpc=1942154710521 seen=1
observer epoch=448 qpc=1942154720520 seen=1
observer epoch=449 qpc=1942154730518 seen=1
observer epoch=450 qpc=1942154740517 seen=1
observer epoch=451 qpc=1942154750515 seen=1
observer epoch=452 qpc=1942154760509 seen=1
observer epoch=453 qpc=1942154770517 seen=1
observer epoch=454 qpc=1942154780518 seen=1
observer epoch=455 qpc=1942154790508 seen=1
observer epoch=456 qpc=1942154800510 seen=1
observer epoch=457 qpc=1942154810515 seen=1
observer epoch=458 qpc=1942154820508 seen=1
observer epoch=459 qpc=1942154830521 seen=1
observer epoch=460 qpc=1942154840521 seen=1
observer epoch=461 qpc=1942154850519 seen=1
observer epoch=462 qpc=1942154860522 seen=1
observer epoch=463 qpc=1942154870515 seen=1
observer epoch=464 qpc=1942154880520 seen=1
observer epoch=465 qpc=1942154890526 seen=1
observer epoch=466 qpc=1942154900510 seen=1
observer epoch=467 qpc=1942154910515 seen=1
observer epoch=468 qpc=1942154920522 seen=1
observer epoch=469 qpc=1942154930520 seen=1
observer epoch=470 qpc=1942154940516 seen=1
observer epoch=471 qpc=1942154950517 seen=1
observer epoch=472 qpc=1942154960519 seen=1
observer epoch=473 qpc=1942154970516 seen=1
observer epoch=474 qpc=1942154980513 seen=1
observer epoch=475 qpc=1942154990513 seen=1
observer epoch=476 qpc=1942155000511 seen=1
observer epoch=477 qpc=1942155010519 seen=1
observer epoch=478 qpc=1942155020509 seen=1
observer epoch=479 qpc=1942155030517 seen=1
observer epoch=480 qpc=1942155040514 seen=1
observer epoch=481 qpc=1942155050513 seen=1
observer epoch=482 qpc=1942155060518 seen=1
observer epoch=483 qpc=1942155070512 seen=1
observer epoch=484 qpc=1942155080519 seen=1
observer epoch=485 qpc=1942155090515 seen=1
observer epoch=486 qpc=1942155100515 seen=1
observer epoch=487 qpc=1942155110520 seen=1
observer epoch=488 qpc=1942155120511 seen=1
observer epoch=489 qpc=1942155130508 seen=1
observer epoch=490 qpc=1942155140518 seen=1
observer epoch=491 qpc=1942155150517 seen=1
observer epoch=492 qpc=1942155160520 seen=1
observer epoch=493 qpc=1942155170515 seen=1
observer epoch=494 qpc=1942155180509 seen=1
observer epoch=495 qpc=1942155190521 seen=1
observer epoch=496 qpc=1942155200515 seen=1
observer epoch=497 qpc=1942155210521 seen=1
observer epoch=498 qpc=1942155220518 seen=1
observer epoch=499 qpc=1942155230517 seen=1
observer epoch=500 qpc=1942155240512 seen=1
observer epoch=501 qpc=1942155250513 seen=1
observer epoch=502 qpc=1942155260511 seen=1
observer epoch=503 qpc=1942155270519 seen=1
observer epoch=504 qpc=1942155280512 seen=1
observer epoch=505 qpc=1942155290517 seen=1
observer epoch=506 qpc=1942155300515 seen=1
observer epoch=507 qpc=1942155310510 seen=1
observer epoch=508 qpc=1942155320521 seen=1
observer epoch=509 qpc=1942155330510 seen=1
observer epoch=510 qpc=1942155340510 seen=1
observer epoch=511 qpc=1942155350508 seen=1
observer epoch=512 qpc=1942155360521 seen=1
observer epoch=513 qpc=1942155370518 seen=1
observer epoch=514 qpc=1942155380515 seen=1
observer epoch=515 qpc=1942155390510 seen=1
observer epoch=516 qpc=1942155400514 seen=1
observer epoch=517 qpc=1942155410509 seen=1
observer epoch=518 qpc=1942155420508 seen=1
observer epoch=519 qpc=1942155430518 seen=1
observer epoch=520 qpc=1942155440517 seen=1
observer epoch=521 qpc=1942155450517 seen=1
observer epoch=522 qpc=1942155460510 seen=1
observer epoch=523 qpc=1942155470515 seen=1
observer epoch=524 qpc=1942155480512 seen=1
observer epoch=525 qpc=1942155490521 seen=1
observer epoch=526 qpc=1942155500512 seen=1
observer epoch=527 qpc=1942155510520 seen=1
observer epoch=528 qpc=1942155520512 seen=1
observer epoch=529 qpc=1942155530520 seen=1
observer epoch=530 qpc=1942155540521 seen=1
observer epoch=531 qpc=1942155550521 seen=1
observer epoch=532 qpc=1942155560509 seen=1
observer epoch=533 qpc=1942155570508 seen=1
observer epoch=534 qpc=1942155580518 seen=1
observer epoch=535 qpc=1942155590517 seen=1
observer epoch=536 qpc=1942155600521 seen=1
observer epoch=537 qpc=1942155610526 seen=1
observer epoch=538 qpc=1942155620518 seen=1
observer epoch=539 qpc=1942155630516 seen=1
observer epoch=540 qpc=1942155640519 seen=1
observer epoch=541 qpc=1942155650517 seen=1
observer epoch=542 qpc=1942155660510 seen=1
observer epoch=543 qpc=1942155670516 seen=1
observer epoch=544 qpc=1942155680508 seen=1
observer epoch=545 qpc=1942155690517 seen=1
observer epoch=546 qpc=1942155700514 seen=1
observer epoch=547 qpc=1942155710509 seen=1
observer epoch=548 qpc=1942155720513 seen=1
observer epoch=549 qpc=1942155730511 seen=1
observer epoch=550 qpc=1942155740510 seen=1
observer epoch=551 qpc=1942155750514 seen=1
observer epoch=552 qpc=1942155760514 seen=1
observer epoch=553 qpc=1942155770520 seen=1
observer epoch=554 qpc=1942155780511 seen=1
observer epoch=555 qpc=1942155790515 seen=1
observer epoch=556 qpc=1942155800514 seen=1
observer epoch=557 qpc=1942155810521 seen=1
observer epoch=558 qpc=1942155820512 seen=1
observer epoch=559 qpc=1942155830512 seen=1
observer epoch=560 qpc=1942155840520 seen=1
observer epoch=561 qpc=1942155850520 seen=1
observer epoch=562 qpc=1942155860515 seen=1
observer epoch=563 qpc=1942155870515 seen=1
observer epoch=564 qpc=1942155880515 seen=1
observer epoch=565 qpc=1942155890521 seen=1
observer epoch=566 qpc=1942155900518 seen=1
observer epoch=567 qpc=1942155910512 seen=1
observer epoch=568 qpc=1942155920521 seen=1
observer epoch=569 qpc=1942155930518 seen=1
observer epoch=570 qpc=1942155940512 seen=1
observer epoch=571 qpc=1942155950514 seen=1
observer epoch=572 qpc=1942155960508 seen=1
observer epoch=573 qpc=1942155970509 seen=1
observer epoch=574 qpc=1942155980515 seen=1
observer epoch=575 qpc=1942155990519 seen=1
observer epoch=576 qpc=1942156000515 seen=1
observer epoch=577 qpc=1942156010508 seen=1
observer epoch=578 qpc=1942156020514 seen=1
observer epoch=579 qpc=1942156030520 seen=1
observer epoch=580 qpc=1942156040516 seen=1
observer epoch=581 qpc=1942156050518 seen=1
observer epoch=582 qpc=1942156060520 seen=1
observer epoch=583 qpc=1942156070525 seen=1
observer epoch=584 qpc=1942156080525 seen=1
observer epoch=585 qpc=1942156090517 seen=1
observer epoch=586 qpc=1942156100518 seen=1
observer epoch=587 qpc=1942156110519 seen=1
observer epoch=588 qpc=1942156120514 seen=1
observer epoch=589 qpc=1942156130510 seen=1
observer epoch=590 qpc=1942156140519 seen=1
observer epoch=591 qpc=1942156150512 seen=1
observer epoch=592 qpc=1942156160521 seen=1
observer epoch=593 qpc=1942156170518 seen=1
observer epoch=594 qpc=1942156180510 seen=1
observer epoch=595 qpc=1942156190523 seen=1
observer epoch=596 qpc=1942156200518 seen=1
observer epoch=597 qpc=1942156210512 seen=1
observer epoch=598 qpc=1942156220519 seen=1
observer epoch=599 qpc=1942156230512 seen=1
observer_summary first=200 published=1942152239820 start=1942150235507 frequency=10000000 phase_us=500
host loaded=C:\eos-private\Mss32.dll tid=540 frequency=10000000 arm=1 phase=500
start begin=1942150235524 end=1942150235574
serve epoch=1 begin=1942150743621 end=1942150743692
serve epoch=2 begin=1942151246950 end=1942151247032
serve epoch=3 begin=1942151742890 end=1942151743021
serve epoch=4 begin=1942152239234 end=1942152239822
serve epoch=5 begin=1942152735706 end=1942152735855
serve epoch=6 begin=1942153245457 end=1942153245538
serve epoch=7 begin=1942153740017 end=1942153740150
serve epoch=8 begin=1942154238442 end=1942154238557
serve epoch=9 begin=1942154742366 end=1942154742466
serve epoch=10 begin=1942155239059 end=1942155239187
serve epoch=11 begin=1942155740662 end=1942155740764
serve epoch=12 begin=1942156239972 end=1942156240107
serve epoch=13 begin=1942156736905 end=1942156736999
completion count=1 callback=1942152239361 callback_end=1942152239363 thread=540 sent=0 status=2 total=204 pos=204 worker=0 send_ok=1
