ALSA lib control.c:1575:(snd_ctl_open_noupdate) [error.control] Invalid CTL hw:0
ALSA lib control.c:1575:(snd_ctl_open_noupdate) [error.control] Invalid CTL hw:1
ALSA lib control.c:1575:(snd_ctl_open_noupdate) [error.control] Invalid CTL hw:0
ALSA lib control.c:1575:(snd_ctl_open_noupdate) [error.control] Invalid CTL hw:1
observer epoch=0 qpc=1942131972297 seen=0
observer epoch=1 qpc=1942131982301 seen=0
observer epoch=2 qpc=1942131992306 seen=0
observer epoch=3 qpc=1942132002300 seen=0
observer epoch=4 qpc=1942132012295 seen=0
observer epoch=5 qpc=1942132022303 seen=0
observer epoch=6 qpc=1942132032301 seen=0
observer epoch=7 qpc=1942132042307 seen=0
observer epoch=8 qpc=1942132052297 seen=0
observer epoch=9 qpc=1942132062297 seen=0
observer epoch=10 qpc=1942132072297 seen=0
observer epoch=11 qpc=1942132082297 seen=0
observer epoch=12 qpc=1942132092299 seen=0
observer epoch=13 qpc=1942132102303 seen=0
observer epoch=14 qpc=1942132112304 seen=0
observer epoch=15 qpc=1942132122307 seen=0
observer epoch=16 qpc=1942132132306 seen=0
observer epoch=17 qpc=1942132142294 seen=0
observer epoch=18 qpc=1942132152298 seen=0
observer epoch=19 qpc=1942132162295 seen=0
observer epoch=20 qpc=1942132172294 seen=0
observer epoch=21 qpc=1942132182299 seen=0
observer epoch=22 qpc=1942132192296 seen=0
observer epoch=23 qpc=1942132202306 seen=0
observer epoch=24 qpc=1942132212298 seen=0
observer epoch=25 qpc=1942132222296 seen=0
observer epoch=26 qpc=1942132232294 seen=0
observer epoch=27 qpc=1942132242300 seen=0
observer epoch=28 qpc=1942132252297 seen=0
observer epoch=29 qpc=1942132262302 seen=0
observer epoch=30 qpc=1942132272299 seen=0
observer epoch=31 qpc=1942132282301 seen=0
observer epoch=32 qpc=1942132292303 seen=0
observer epoch=33 qpc=1942132302304 seen=0
observer epoch=34 qpc=1942132312300 seen=0
observer epoch=35 qpc=1942132322304 seen=0
observer epoch=36 qpc=1942132332303 seen=0
observer epoch=37 qpc=1942132342307 seen=0
observer epoch=38 qpc=1942132352302 seen=0
observer epoch=39 qpc=1942132362310 seen=0
observer epoch=40 qpc=1942132372300 seen=0
observer epoch=41 qpc=1942132382302 seen=0
observer epoch=42 qpc=1942132392302 seen=0
observer epoch=43 qpc=1942132402302 seen=0
observer epoch=44 qpc=1942132412303 seen=0
observer epoch=45 qpc=1942132422295 seen=0
observer epoch=46 qpc=1942132432298 seen=0
observer epoch=47 qpc=1942132442298 seen=0
observer epoch=48 qpc=1942132452306 seen=0
observer epoch=49 qpc=1942132462298 seen=0
observer epoch=50 qpc=1942132472302 seen=0
observer epoch=51 qpc=1942132482298 seen=0
observer epoch=52 qpc=1942132492303 seen=0
observer epoch=53 qpc=1942132502298 seen=0
observer epoch=54 qpc=1942132512300 seen=0
observer epoch=55 qpc=1942132522294 seen=0
observer epoch=56 qpc=1942132532299 seen=0
observer epoch=57 qpc=1942132542297 seen=0
observer epoch=58 qpc=1942132552301 seen=0
observer epoch=59 qpc=1942132562294 seen=0
observer epoch=60 qpc=1942132572295 seen=0
observer epoch=61 qpc=1942132582294 seen=0
observer epoch=62 qpc=1942132592298 seen=0
observer epoch=63 qpc=1942132602304 seen=0
observer epoch=64 qpc=1942132612306 seen=0
observer epoch=65 qpc=1942132622298 seen=0
observer epoch=66 qpc=1942132632300 seen=0
observer epoch=67 qpc=1942132642300 seen=0
observer epoch=68 qpc=1942132652298 seen=0
observer epoch=69 qpc=1942132662300 seen=0
observer epoch=70 qpc=1942132672295 seen=0
observer epoch=71 qpc=1942132682299 seen=0
observer epoch=72 qpc=1942132692298 seen=0
observer epoch=73 qpc=1942132702303 seen=0
observer epoch=74 qpc=1942132712300 seen=0
observer epoch=75 qpc=1942132722297 seen=0
observer epoch=76 qpc=1942132732304 seen=0
observer epoch=77 qpc=1942132742303 seen=0
observer epoch=78 qpc=1942132752295 seen=0
observer epoch=79 qpc=1942132762296 seen=0
observer epoch=80 qpc=1942132772304 seen=0
observer epoch=81 qpc=1942132782301 seen=0
observer epoch=82 qpc=1942132792303 seen=0
observer epoch=83 qpc=1942132802302 seen=0
observer epoch=84 qpc=1942132812299 seen=0
observer epoch=85 qpc=1942132822300 seen=0
observer epoch=86 qpc=1942132832301 seen=0
observer epoch=87 qpc=1942132842298 seen=0
observer epoch=88 qpc=1942132852301 seen=0
observer epoch=89 qpc=1942132862306 seen=0
observer epoch=90 qpc=1942132872298 seen=0
observer epoch=91 qpc=1942132882298 seen=0
observer epoch=92 qpc=1942132892306 seen=0
observer epoch=93 qpc=1942132902306 seen=0
observer epoch=94 qpc=1942132912303 seen=0
observer epoch=95 qpc=1942132922294 seen=0
observer epoch=96 qpc=1942132932300 seen=0
observer epoch=97 qpc=1942132942305 seen=0
observer epoch=98 qpc=1942132952306 seen=0
observer epoch=99 qpc=1942132962297 seen=0
observer epoch=100 qpc=1942132972301 seen=0
observer epoch=101 qpc=1942132982302 seen=0
observer epoch=102 qpc=1942132992306 seen=0
observer epoch=103 qpc=1942133002304 seen=0
observer epoch=104 qpc=1942133012304 seen=0
observer epoch=105 qpc=1942133022301 seen=0
observer epoch=106 qpc=1942133032294 seen=0
observer epoch=107 qpc=1942133042304 seen=0
observer epoch=108 qpc=1942133052299 seen=0
observer epoch=109 qpc=1942133062294 seen=0
observer epoch=110 qpc=1942133072306 seen=0
observer epoch=111 qpc=1942133082300 seen=0
observer epoch=112 qpc=1942133092297 seen=0
observer epoch=113 qpc=1942133102304 seen=0
observer epoch=114 qpc=1942133112300 seen=0
observer epoch=115 qpc=1942133122306 seen=0
observer epoch=116 qpc=1942133132299 seen=0
observer epoch=117 qpc=1942133142303 seen=0
observer epoch=118 qpc=1942133152302 seen=0
observer epoch=119 qpc=1942133162303 seen=0
observer epoch=120 qpc=1942133172300 seen=0
observer epoch=121 qpc=1942133182303 seen=0
observer epoch=122 qpc=1942133192296 seen=0
observer epoch=123 qpc=1942133202304 seen=0
observer epoch=124 qpc=1942133212303 seen=0
observer epoch=125 qpc=1942133222298 seen=0
observer epoch=126 qpc=1942133232295 seen=0
observer epoch=127 qpc=1942133242296 seen=0
observer epoch=128 qpc=1942133252303 seen=0
observer epoch=129 qpc=1942133262300 seen=0
observer epoch=130 qpc=1942133272300 seen=0
observer epoch=131 qpc=1942133282300 seen=0
observer epoch=132 qpc=1942133292298 seen=0
observer epoch=133 qpc=1942133302300 seen=0
observer epoch=134 qpc=1942133312300 seen=0
observer epoch=135 qpc=1942133322302 seen=0
observer epoch=136 qpc=1942133332306 seen=0
observer epoch=137 qpc=1942133342304 seen=0
observer epoch=138 qpc=1942133352303 seen=0
observer epoch=139 qpc=1942133362297 seen=0
observer epoch=140 qpc=1942133372295 seen=0
observer epoch=141 qpc=1942133382299 seen=0
observer epoch=142 qpc=1942133392303 seen=0
observer epoch=143 qpc=1942133402306 seen=0
observer epoch=144 qpc=1942133412303 seen=0
observer epoch=145 qpc=1942133422300 seen=0
observer epoch=146 qpc=1942133432296 seen=0
observer epoch=147 qpc=1942133442304 seen=0
observer epoch=148 qpc=1942133452304 seen=0
observer epoch=149 qpc=1942133462306 seen=0
observer epoch=150 qpc=1942133472300 seen=0
observer epoch=151 qpc=1942133482296 seen=0
observer epoch=152 qpc=1942133492299 seen=0
observer epoch=153 qpc=1942133502307 seen=0
observer epoch=154 qpc=1942133512306 seen=0
observer epoch=155 qpc=1942133522301 seen=0
observer epoch=156 qpc=1942133532295 seen=0
observer epoch=157 qpc=1942133542306 seen=0
observer epoch=158 qpc=1942133552298 seen=0
observer epoch=159 qpc=1942133562303 seen=0
observer epoch=160 qpc=1942133572296 seen=0
observer epoch=161 qpc=1942133582296 seen=0
observer epoch=162 qpc=1942133592301 seen=0
observer epoch=163 qpc=1942133602305 seen=0
observer epoch=164 qpc=1942133612299 seen=0
observer epoch=165 qpc=1942133622295 seen=0
observer epoch=166 qpc=1942133632303 seen=0
observer epoch=167 qpc=1942133642301 seen=0
observer epoch=168 qpc=1942133652296 seen=0
observer epoch=169 qpc=1942133662297 seen=0
observer epoch=170 qpc=1942133672302 seen=0
observer epoch=171 qpc=1942133682301 seen=0
observer epoch=172 qpc=1942133692298 seen=0
observer epoch=173 qpc=1942133702297 seen=0
observer epoch=174 qpc=1942133712305 seen=0
observer epoch=175 qpc=1942133722297 seen=0
observer epoch=176 qpc=1942133732298 seen=0
observer epoch=177 qpc=1942133742297 seen=0
observer epoch=178 qpc=1942133752298 seen=0
observer epoch=179 qpc=1942133762294 seen=0
observer epoch=180 qpc=1942133772295 seen=0
observer epoch=181 qpc=1942133782299 seen=0
observer epoch=182 qpc=1942133792297 seen=0
observer epoch=183 qpc=1942133802296 seen=0
observer epoch=184 qpc=1942133812301 seen=0
observer epoch=185 qpc=1942133822305 seen=0
observer epoch=186 qpc=1942133832306 seen=0
observer epoch=187 qpc=1942133842300 seen=0
observer epoch=188 qpc=1942133852301 seen=0
observer epoch=189 qpc=1942133862295 seen=0
observer epoch=190 qpc=1942133872303 seen=0
observer epoch=191 qpc=1942133882305 seen=0
observer epoch=192 qpc=1942133892295 seen=0
observer epoch=193 qpc=1942133902300 seen=0
observer epoch=194 qpc=1942133912295 seen=0
observer epoch=195 qpc=1942133922296 seen=0
observer epoch=196 qpc=1942133932302 seen=0
observer epoch=197 qpc=1942133942307 seen=0
observer epoch=198 qpc=1942133952295 seen=0
observer epoch=199 qpc=1942133962294 seen=0
observer epoch=200 qpc=1942133972296 seen=0
observer epoch=201 qpc=1942133982302 seen=1
observer epoch=202 qpc=1942133992298 seen=1
observer epoch=203 qpc=1942134002321 seen=1
observer epoch=204 qpc=1942134012294 seen=1
observer epoch=205 qpc=1942134022306 seen=1
observer epoch=206 qpc=1942134032306 seen=1
observer epoch=207 qpc=1942134042300 seen=1
observer epoch=208 qpc=1942134052304 seen=1
observer epoch=209 qpc=1942134062298 seen=1
observer epoch=210 qpc=1942134072305 seen=1
observer epoch=211 qpc=1942134082303 seen=1
observer epoch=212 qpc=1942134092302 seen=1
observer epoch=213 qpc=1942134102301 seen=1
observer epoch=214 qpc=1942134112304 seen=1
observer epoch=215 qpc=1942134122298 seen=1
observer epoch=216 qpc=1942134132299 seen=1
observer epoch=217 qpc=1942134142298 seen=1
observer epoch=218 qpc=1942134152296 seen=1
observer epoch=219 qpc=1942134162298 seen=1
observer epoch=220 qpc=1942134172301 seen=1
observer epoch=221 qpc=1942134182296 seen=1
observer epoch=222 qpc=1942134192301 seen=1
observer epoch=223 qpc=1942134202294 seen=1
observer epoch=224 qpc=1942134212299 seen=1
observer epoch=225 qpc=1942134222296 seen=1
observer epoch=226 qpc=1942134232299 seen=1
observer epoch=227 qpc=1942134242305 seen=1
observer epoch=228 qpc=1942134252307 seen=1
observer epoch=229 qpc=1942134262304 seen=1
observer epoch=230 qpc=1942134272306 seen=1
observer epoch=231 qpc=1942134282302 seen=1
observer epoch=232 qpc=1942134292306 seen=1
observer epoch=233 qpc=1942134302297 seen=1
observer epoch=234 qpc=1942134312305 seen=1
observer epoch=235 qpc=1942134322305 seen=1
observer epoch=236 qpc=1942134332303 seen=1
observer epoch=237 qpc=1942134342298 seen=1
observer epoch=238 qpc=1942134352302 seen=1
observer epoch=239 qpc=1942134362295 seen=1
observer epoch=240 qpc=1942134372299 seen=1
observer epoch=241 qpc=1942134382299 seen=1
observer epoch=242 qpc=1942134392307 seen=1
observer epoch=243 qpc=1942134402298 seen=1
observer epoch=244 qpc=1942134412302 seen=1
observer epoch=245 qpc=1942134422298 seen=1
observer epoch=246 qpc=1942134432297 seen=1
observer epoch=247 qpc=1942134442303 seen=1
observer epoch=248 qpc=1942134452299 seen=1
observer epoch=249 qpc=1942134462299 seen=1
observer epoch=250 qpc=1942134472295 seen=1
observer epoch=251 qpc=1942134482304 seen=1
observer epoch=252 qpc=1942134492301 seen=1
observer epoch=253 qpc=1942134502305 seen=1
observer epoch=254 qpc=1942134512297 seen=1
observer epoch=255 qpc=1942134522294 seen=1
observer epoch=256 qpc=1942134532294 seen=1
observer epoch=257 qpc=1942134542295 seen=1
observer epoch=258 qpc=1942134552295 seen=1
observer epoch=259 qpc=1942134562307 seen=1
observer epoch=260 qpc=1942134572294 seen=1
observer epoch=261 qpc=1942134582296 seen=1
observer epoch=262 qpc=1942134592297 seen=1
observer epoch=263 qpc=1942134602307 seen=1
observer epoch=264 qpc=1942134612301 seen=1
observer epoch=265 qpc=1942134622297 seen=1
observer epoch=266 qpc=1942134632299 seen=1
observer epoch=267 qpc=1942134642300 seen=1
observer epoch=268 qpc=1942134652304 seen=1
observer epoch=269 qpc=1942134662294 seen=1
observer epoch=270 qpc=1942134672306 seen=1
observer epoch=271 qpc=1942134682300 seen=1
observer epoch=272 qpc=1942134692304 seen=1
observer epoch=273 qpc=1942134702298 seen=1
observer epoch=274 qpc=1942134712299 seen=1
observer epoch=275 qpc=1942134722299 seen=1
observer epoch=276 qpc=1942134732307 seen=1
observer epoch=277 qpc=1942134742300 seen=1
observer epoch=278 qpc=1942134752298 seen=1
observer epoch=279 qpc=1942134762300 seen=1
observer epoch=280 qpc=1942134772304 seen=1
observer epoch=281 qpc=1942134782298 seen=1
observer epoch=282 qpc=1942134792304 seen=1
observer epoch=283 qpc=1942134802301 seen=1
observer epoch=284 qpc=1942134812294 seen=1
observer epoch=285 qpc=1942134822300 seen=1
observer epoch=286 qpc=1942134832306 seen=1
observer epoch=287 qpc=1942134842305 seen=1
observer epoch=288 qpc=1942134852294 seen=1
observer epoch=289 qpc=1942134862295 seen=1
observer epoch=290 qpc=1942134872306 seen=1
observer epoch=291 qpc=1942134882305 seen=1
observer epoch=292 qpc=1942134892304 seen=1
observer epoch=293 qpc=1942134902298 seen=1
observer epoch=294 qpc=1942134912296 seen=1
observer epoch=295 qpc=1942134922307 seen=1
observer epoch=296 qpc=1942134932304 seen=1
observer epoch=297 qpc=1942134942302 seen=1
observer epoch=298 qpc=1942134952304 seen=1
observer epoch=299 qpc=1942134962299 seen=1
observer epoch=300 qpc=1942134972295 seen=1
observer epoch=301 qpc=1942134982300 seen=1
observer epoch=302 qpc=1942134992306 seen=1
observer epoch=303 qpc=1942135002307 seen=1
observer epoch=304 qpc=1942135012305 seen=1
observer epoch=305 qpc=1942135022307 seen=1
observer epoch=306 qpc=1942135032304 seen=1
observer epoch=307 qpc=1942135042306 seen=1
observer epoch=308 qpc=1942135052307 seen=1
observer epoch=309 qpc=1942135062298 seen=1
observer epoch=310 qpc=1942135072305 seen=1
observer epoch=311 qpc=1942135082297 seen=1
observer epoch=312 qpc=1942135092296 seen=1
observer epoch=313 qpc=1942135102310 seen=1
observer epoch=314 qpc=1942135112295 seen=1
observer epoch=315 qpc=1942135122301 seen=1
observer epoch=316 qpc=1942135132302 seen=1
observer epoch=317 qpc=1942135142305 seen=1
observer epoch=318 qpc=1942135152300 seen=1
observer epoch=319 qpc=1942135162294 seen=1
observer epoch=320 qpc=1942135172299 seen=1
observer epoch=321 qpc=1942135182306 seen=1
observer epoch=322 qpc=1942135192303 seen=1
observer epoch=323 qpc=1942135202305 seen=1
observer epoch=324 qpc=1942135212298 seen=1
observer epoch=325 qpc=1942135222305 seen=1
observer epoch=326 qpc=1942135232296 seen=1
observer epoch=327 qpc=1942135242294 seen=1
observer epoch=328 qpc=1942135252294 seen=1
observer epoch=329 qpc=1942135262303 seen=1
observer epoch=330 qpc=1942135272300 seen=1
observer epoch=331 qpc=1942135282304 seen=1
observer epoch=332 qpc=1942135292299 seen=1
observer epoch=333 qpc=1942135302302 seen=1
observer epoch=334 qpc=1942135312295 seen=1
observer epoch=335 qpc=1942135322304 seen=1
observer epoch=336 qpc=1942135332298 seen=1
observer epoch=337 qpc=1942135342296 seen=1
observer epoch=338 qpc=1942135352302 seen=1
observer epoch=339 qpc=1942135362299 seen=1
observer epoch=340 qpc=1942135372297 seen=1
observer epoch=341 qpc=1942135382302 seen=1
observer epoch=342 qpc=1942135392296 seen=1
observer epoch=343 qpc=1942135402294 seen=1
observer epoch=344 qpc=1942135412300 seen=1
observer epoch=345 qpc=1942135422297 seen=1
observer epoch=346 qpc=1942135432307 seen=1
observer epoch=347 qpc=1942135442307 seen=1
observer epoch=348 qpc=1942135452306 seen=1
observer epoch=349 qpc=1942135462305 seen=1
observer epoch=350 qpc=1942135472299 seen=1
observer epoch=351 qpc=1942135482306 seen=1
observer epoch=352 qpc=1942135492302 seen=1
observer epoch=353 qpc=1942135502302 seen=1
observer epoch=354 qpc=1942135512306 seen=1
observer epoch=355 qpc=1942135522304 seen=1
observer epoch=356 qpc=1942135532300 seen=1
observer epoch=357 qpc=1942135542295 seen=1
observer epoch=358 qpc=1942135552297 seen=1
observer epoch=359 qpc=1942135562311 seen=1
observer epoch=360 qpc=1942135572298 seen=1
observer epoch=361 qpc=1942135582304 seen=1
observer epoch=362 qpc=1942135592302 seen=1
observer epoch=363 qpc=1942135602295 seen=1
observer epoch=364 qpc=1942135612305 seen=1
observer epoch=365 qpc=1942135622302 seen=1
observer epoch=366 qpc=1942135632307 seen=1
observer epoch=367 qpc=1942135642301 seen=1
observer epoch=368 qpc=1942135652295 seen=1
observer epoch=369 qpc=1942135662294 seen=1
observer epoch=370 qpc=1942135672307 seen=1
observer epoch=371 qpc=1942135682301 seen=1
observer epoch=372 qpc=1942135692300 seen=1
observer epoch=373 qpc=1942135702301 seen=1
observer epoch=374 qpc=1942135712297 seen=1
observer epoch=375 qpc=1942135722298 seen=1
observer epoch=376 qpc=1942135732300 seen=1
observer epoch=377 qpc=1942135742307 seen=1
observer epoch=378 qpc=1942135752311 seen=1
observer epoch=379 qpc=1942135762295 seen=1
observer epoch=380 qpc=1942135772302 seen=1
observer epoch=381 qpc=1942135782295 seen=1
observer epoch=382 qpc=1942135792298 seen=1
observer epoch=383 qpc=1942135802294 seen=1
observer epoch=384 qpc=1942135812294 seen=1
observer epoch=385 qpc=1942135822298 seen=1
observer epoch=386 qpc=1942135832296 seen=1
observer epoch=387 qpc=1942135842305 seen=1
observer epoch=388 qpc=1942135852294 seen=1
observer epoch=389 qpc=1942135862299 seen=1
observer epoch=390 qpc=1942135872296 seen=1
observer epoch=391 qpc=1942135882294 seen=1
observer epoch=392 qpc=1942135892294 seen=1
observer epoch=393 qpc=1942135902303 seen=1
observer epoch=394 qpc=1942135912299 seen=1
observer epoch=395 qpc=1942135922306 seen=1
observer epoch=396 qpc=1942135932304 seen=1
observer epoch=397 qpc=1942135942302 seen=1
observer epoch=398 qpc=1942135952297 seen=1
observer epoch=399 qpc=1942135962295 seen=1
observer epoch=400 qpc=1942135972295 seen=1
observer epoch=401 qpc=1942135982301 seen=1
observer epoch=402 qpc=1942135992307 seen=1
observer epoch=403 qpc=1942136002300 seen=1
observer epoch=404 qpc=1942136012304 seen=1
observer epoch=405 qpc=1942136022298 seen=1
observer epoch=406 qpc=1942136032299 seen=1
observer epoch=407 qpc=1942136042304 seen=1
observer epoch=408 qpc=1942136052299 seen=1
observer epoch=409 qpc=1942136062300 seen=1
observer epoch=410 qpc=1942136072302 seen=1
observer epoch=411 qpc=1942136082294 seen=1
observer epoch=412 qpc=1942136092298 seen=1
observer epoch=413 qpc=1942136102299 seen=1
observer epoch=414 qpc=1942136112298 seen=1
observer epoch=415 qpc=1942136122294 seen=1
observer epoch=416 qpc=1942136132296 seen=1
observer epoch=417 qpc=1942136142306 seen=1
observer epoch=418 qpc=1942136152299 seen=1
observer epoch=419 qpc=1942136162296 seen=1
observer epoch=420 qpc=1942136172298 seen=1
observer epoch=421 qpc=1942136182301 seen=1
observer epoch=422 qpc=1942136192301 seen=1
observer epoch=423 qpc=1942136202305 seen=1
observer epoch=424 qpc=1942136212303 seen=1
observer epoch=425 qpc=1942136222300 seen=1
observer epoch=426 qpc=1942136232298 seen=1
observer epoch=427 qpc=1942136242297 seen=1
observer epoch=428 qpc=1942136252307 seen=1
observer epoch=429 qpc=1942136262303 seen=1
observer epoch=430 qpc=1942136272300 seen=1
observer epoch=431 qpc=1942136282302 seen=1
observer epoch=432 qpc=1942136292303 seen=1
observer epoch=433 qpc=1942136302300 seen=1
observer epoch=434 qpc=1942136312294 seen=1
observer epoch=435 qpc=1942136322299 seen=1
observer epoch=436 qpc=1942136332304 seen=1
observer epoch=437 qpc=1942136342304 seen=1
observer epoch=438 qpc=1942136352302 seen=1
observer epoch=439 qpc=1942136362297 seen=1
observer epoch=440 qpc=1942136372305 seen=1
observer epoch=441 qpc=1942136382294 seen=1
observer epoch=442 qpc=1942136392294 seen=1
observer epoch=443 qpc=1942136402305 seen=1
observer epoch=444 qpc=1942136412295 seen=1
observer epoch=445 qpc=1942136422300 seen=1
observer epoch=446 qpc=1942136432295 seen=1
observer epoch=447 qpc=1942136442298 seen=1
observer epoch=448 qpc=1942136452301 seen=1
observer epoch=449 qpc=1942136462297 seen=1
observer epoch=450 qpc=1942136472296 seen=1
observer epoch=451 qpc=1942136482299 seen=1
observer epoch=452 qpc=1942136492295 seen=1
observer epoch=453 qpc=1942136502295 seen=1
observer epoch=454 qpc=1942136512295 seen=1
observer epoch=455 qpc=1942136522297 seen=1
observer epoch=456 qpc=1942136532300 seen=1
observer epoch=457 qpc=1942136542305 seen=1
observer epoch=458 qpc=1942136552307 seen=1
observer epoch=459 qpc=1942136562307 seen=1
observer epoch=460 qpc=1942136572304 seen=1
observer epoch=461 qpc=1942136582294 seen=1
observer epoch=462 qpc=1942136592296 seen=1
observer epoch=463 qpc=1942136602303 seen=1
observer epoch=464 qpc=1942136612298 seen=1
observer epoch=465 qpc=1942136622305 seen=1
observer epoch=466 qpc=1942136632296 seen=1
observer epoch=467 qpc=1942136642304 seen=1
observer epoch=468 qpc=1942136652294 seen=1
observer epoch=469 qpc=1942136662294 seen=1
observer epoch=470 qpc=1942136672302 seen=1
observer epoch=471 qpc=1942136682306 seen=1
observer epoch=472 qpc=1942136692302 seen=1
observer epoch=473 qpc=1942136702300 seen=1
observer epoch=474 qpc=1942136712294 seen=1
observer epoch=475 qpc=1942136722297 seen=1
observer epoch=476 qpc=1942136732295 seen=1
observer epoch=477 qpc=1942136742300 seen=1
observer epoch=478 qpc=1942136752298 seen=1
observer epoch=479 qpc=1942136762303 seen=1
observer epoch=480 qpc=1942136772302 seen=1
observer epoch=481 qpc=1942136782300 seen=1
observer epoch=482 qpc=1942136792299 seen=1
observer epoch=483 qpc=1942136802305 seen=1
observer epoch=484 qpc=1942136812294 seen=1
observer epoch=485 qpc=1942136822300 seen=1
observer epoch=486 qpc=1942136832299 seen=1
observer epoch=487 qpc=1942136842301 seen=1
observer epoch=488 qpc=1942136852298 seen=1
observer epoch=489 qpc=1942136862296 seen=1
observer epoch=490 qpc=1942136872297 seen=1
observer epoch=491 qpc=1942136882305 seen=1
observer epoch=492 qpc=1942136892304 seen=1
observer epoch=493 qpc=1942136902305 seen=1
observer epoch=494 qpc=1942136912303 seen=1
observer epoch=495 qpc=1942136922306 seen=1
observer epoch=496 qpc=1942136932295 seen=1
observer epoch=497 qpc=1942136942296 seen=1
observer epoch=498 qpc=1942136952297 seen=1
observer epoch=499 qpc=1942136962302 seen=1
observer epoch=500 qpc=1942136972304 seen=1
observer epoch=501 qpc=1942136982301 seen=1
observer epoch=502 qpc=1942136992296 seen=1
observer epoch=503 qpc=1942137002302 seen=1
observer epoch=504 qpc=1942137012301 seen=1
observer epoch=505 qpc=1942137022295 seen=1
observer epoch=506 qpc=1942137032304 seen=1
observer epoch=507 qpc=1942137042298 seen=1
observer epoch=508 qpc=1942137052302 seen=1
observer epoch=509 qpc=1942137062299 seen=1
observer epoch=510 qpc=1942137072299 seen=1
observer epoch=511 qpc=1942137082303 seen=1
observer epoch=512 qpc=1942137092302 seen=1
observer epoch=513 qpc=1942137102306 seen=1
observer epoch=514 qpc=1942137112305 seen=1
observer epoch=515 qpc=1942137122294 seen=1
observer epoch=516 qpc=1942137132297 seen=1
observer epoch=517 qpc=1942137142303 seen=1
observer epoch=518 qpc=1942137152301 seen=1
observer epoch=519 qpc=1942137162302 seen=1
observer epoch=520 qpc=1942137172300 seen=1
observer epoch=521 qpc=1942137182311 seen=1
observer epoch=522 qpc=1942137192306 seen=1
observer epoch=523 qpc=1942137202294 seen=1
observer epoch=524 qpc=1942137212305 seen=1
observer epoch=525 qpc=1942137222302 seen=1
observer epoch=526 qpc=1942137232306 seen=1
observer epoch=527 qpc=1942137242307 seen=1
observer epoch=528 qpc=1942137252305 seen=1
observer epoch=529 qpc=1942137262298 seen=1
observer epoch=530 qpc=1942137272301 seen=1
observer epoch=531 qpc=1942137282297 seen=1
observer epoch=532 qpc=1942137292295 seen=1
observer epoch=533 qpc=1942137302304 seen=1
observer epoch=534 qpc=1942137312301 seen=1
observer epoch=535 qpc=1942137322297 seen=1
observer epoch=536 qpc=1942137332295 seen=1
observer epoch=537 qpc=1942137342305 seen=1
observer epoch=538 qpc=1942137352301 seen=1
observer epoch=539 qpc=1942137362294 seen=1
observer epoch=540 qpc=1942137372299 seen=1
observer epoch=541 qpc=1942137382302 seen=1
observer epoch=542 qpc=1942137392306 seen=1
observer epoch=543 qpc=1942137402301 seen=1
observer epoch=544 qpc=1942137412300 seen=1
observer epoch=545 qpc=1942137422303 seen=1
observer epoch=546 qpc=1942137432304 seen=1
observer epoch=547 qpc=1942137442304 seen=1
observer epoch=548 qpc=1942137452294 seen=1
observer epoch=549 qpc=1942137462303 seen=1
observer epoch=550 qpc=1942137472303 seen=1
observer epoch=551 qpc=1942137482301 seen=1
observer epoch=552 qpc=1942137492294 seen=1
observer epoch=553 qpc=1942137502306 seen=1
observer epoch=554 qpc=1942137512297 seen=1
observer epoch=555 qpc=1942137522295 seen=1
observer epoch=556 qpc=1942137532296 seen=1
observer epoch=557 qpc=1942137542301 seen=1
observer epoch=558 qpc=1942137552301 seen=1
observer epoch=559 qpc=1942137562302 seen=1
observer epoch=560 qpc=1942137572302 seen=1
observer epoch=561 qpc=1942137582306 seen=1
observer epoch=562 qpc=1942137592299 seen=1
observer epoch=563 qpc=1942137602300 seen=1
observer epoch=564 qpc=1942137612297 seen=1
observer epoch=565 qpc=1942137622303 seen=1
observer epoch=566 qpc=1942137632298 seen=1
observer epoch=567 qpc=1942137642301 seen=1
observer epoch=568 qpc=1942137652296 seen=1
observer epoch=569 qpc=1942137662294 seen=1
observer epoch=570 qpc=1942137672300 seen=1
observer epoch=571 qpc=1942137682307 seen=1
observer epoch=572 qpc=1942137692301 seen=1
observer epoch=573 qpc=1942137702298 seen=1
observer epoch=574 qpc=1942137712297 seen=1
observer epoch=575 qpc=1942137722296 seen=1
observer epoch=576 qpc=1942137732302 seen=1
observer epoch=577 qpc=1942137742297 seen=1
observer epoch=578 qpc=1942137752305 seen=1
observer epoch=579 qpc=1942137762306 seen=1
observer epoch=580 qpc=1942137772304 seen=1
observer epoch=581 qpc=1942137782306 seen=1
observer epoch=582 qpc=1942137792297 seen=1
observer epoch=583 qpc=1942137802301 seen=1
observer epoch=584 qpc=1942137812303 seen=1
observer epoch=585 qpc=1942137822295 seen=1
observer epoch=586 qpc=1942137832305 seen=1
observer epoch=587 qpc=1942137842294 seen=1
observer epoch=588 qpc=1942137852306 seen=1
observer epoch=589 qpc=1942137862302 seen=1
observer epoch=590 qpc=1942137872302 seen=1
observer epoch=591 qpc=1942137882301 seen=1
observer epoch=592 qpc=1942137892302 seen=1
observer epoch=593 qpc=1942137902306 seen=1
observer epoch=594 qpc=1942137912294 seen=1
observer epoch=595 qpc=1942137922299 seen=1
observer epoch=596 qpc=1942137932305 seen=1
observer epoch=597 qpc=1942137942300 seen=1
observer epoch=598 qpc=1942137952305 seen=1
observer epoch=599 qpc=1942137962297 seen=1
observer_summary first=201 published=1942133978997 start=1942131972293 frequency=10000000 phase_us=0
host loaded=C:\eos-private\Mss32.dll tid=460 frequency=10000000 arm=1 phase=0
start begin=1942131972296 end=1942131972342
serve epoch=1 begin=1942132479142 end=1942132479200
serve epoch=2 begin=1942132975232 end=1942132975297
serve epoch=3 begin=1942133481803 end=1942133481879
serve epoch=4 begin=1942133978495 end=1942133978998
serve epoch=5 begin=1942134475161 end=1942134475270
serve epoch=6 begin=1942134981817 end=1942134981889
serve epoch=7 begin=1942135478681 end=1942135478760
serve epoch=8 begin=1942135974511 end=1942135974598
serve epoch=9 begin=1942136481707 end=1942136481785
serve epoch=10 begin=1942136977280 end=1942136977352
serve epoch=11 begin=1942137473418 end=1942137473488
serve epoch=12 begin=1942137980045 end=1942137980117
serve epoch=13 begin=1942138476341 end=1942138476544
completion count=1 callback=1942133978587 callback_end=1942133978588 thread=460 sent=0 status=2 total=204 pos=204 worker=0 send_ok=1
