ALSA lib control.c:1575:(snd_ctl_open_noupdate) [error.control] Invalid CTL hw:0
ALSA lib control.c:1575:(snd_ctl_open_noupdate) [error.control] Invalid CTL hw:1
ALSA lib control.c:1575:(snd_ctl_open_noupdate) [error.control] Invalid CTL hw:0
ALSA lib control.c:1575:(snd_ctl_open_noupdate) [error.control] Invalid CTL hw:1
observer epoch=0 qpc=1942159455724 seen=0
observer epoch=1 qpc=1942159465720 seen=0
observer epoch=2 qpc=1942159475721 seen=0
observer epoch=3 qpc=1942159485728 seen=0
observer epoch=4 qpc=1942159495717 seen=0
observer epoch=5 qpc=1942159505722 seen=0
observer epoch=6 qpc=1942159515719 seen=0
observer epoch=7 qpc=1942159525730 seen=0
observer epoch=8 qpc=1942159535726 seen=0
observer epoch=9 qpc=1942159545723 seen=0
observer epoch=10 qpc=1942159555721 seen=0
observer epoch=11 qpc=1942159565717 seen=0
observer epoch=12 qpc=1942159575729 seen=0
observer epoch=13 qpc=1942159585720 seen=0
observer epoch=14 qpc=1942159595718 seen=0
observer epoch=15 qpc=1942159605729 seen=0
observer epoch=16 qpc=1942159615721 seen=0
observer epoch=17 qpc=1942159625728 seen=0
observer epoch=18 qpc=1942159635723 seen=0
observer epoch=19 qpc=1942159645728 seen=0
observer epoch=20 qpc=1942159655725 seen=0
observer epoch=21 qpc=1942159665723 seen=0
observer epoch=22 qpc=1942159675723 seen=0
observer epoch=23 qpc=1942159685719 seen=0
observer epoch=24 qpc=1942159695728 seen=0
observer epoch=25 qpc=1942159705721 seen=0
observer epoch=26 qpc=1942159715718 seen=0
observer epoch=27 qpc=1942159725724 seen=0
observer epoch=28 qpc=1942159735723 seen=0
observer epoch=29 qpc=1942159745720 seen=0
observer epoch=30 qpc=1942159755717 seen=0
observer epoch=31 qpc=1942159765717 seen=0
observer epoch=32 qpc=1942159775728 seen=0
observer epoch=33 qpc=1942159785728 seen=0
observer epoch=34 qpc=1942159795728 seen=0
observer epoch=35 qpc=1942159805717 seen=0
observer epoch=36 qpc=1942159815719 seen=0
observer epoch=37 qpc=1942159825717 seen=0
observer epoch=38 qpc=1942159835722 seen=0
observer epoch=39 qpc=1942159845725 seen=0
observer epoch=40 qpc=1942159855724 seen=0
observer epoch=41 qpc=1942159865733 seen=0
observer epoch=42 qpc=1942159875732 seen=0
observer epoch=43 qpc=1942159885736 seen=0
observer epoch=44 qpc=1942159895733 seen=0
observer epoch=45 qpc=1942159905724 seen=0
observer epoch=46 qpc=1942159915726 seen=0
observer epoch=47 qpc=1942159925736 seen=0
observer epoch=48 qpc=1942159935723 seen=0
observer epoch=49 qpc=1942159945718 seen=0
observer epoch=50 qpc=1942159955721 seen=0
observer epoch=51 qpc=1942159965724 seen=0
observer epoch=52 qpc=1942159975729 seen=0
observer epoch=53 qpc=1942159985720 seen=0
observer epoch=54 qpc=1942159995717 seen=0
observer epoch=55 qpc=1942160005724 seen=0
observer epoch=56 qpc=1942160015735 seen=0
observer epoch=57 qpc=1942160025730 seen=0
observer epoch=58 qpc=1942160035728 seen=0
observer epoch=59 qpc=1942160045724 seen=0
observer epoch=60 qpc=1942160055719 seen=0
observer epoch=61 qpc=1942160065732 seen=0
observer epoch=62 qpc=1942160075728 seen=0
observer epoch=63 qpc=1942160085726 seen=0
observer epoch=64 qpc=1942160095719 seen=0
observer epoch=65 qpc=1942160105719 seen=0
observer epoch=66 qpc=1942160115721 seen=0
observer epoch=67 qpc=1942160125717 seen=0
observer epoch=68 qpc=1942160135720 seen=0
observer epoch=69 qpc=1942160145725 seen=0
observer epoch=70 qpc=1942160155722 seen=0
observer epoch=71 qpc=1942160165726 seen=0
observer epoch=72 qpc=1942160175723 seen=0
observer epoch=73 qpc=1942160185728 seen=0
observer epoch=74 qpc=1942160195734 seen=0
observer epoch=75 qpc=1942160205719 seen=0
observer epoch=76 qpc=1942160215727 seen=0
observer epoch=77 qpc=1942160225735 seen=0
observer epoch=78 qpc=1942160235723 seen=0
observer epoch=79 qpc=1942160245720 seen=0
observer epoch=80 qpc=1942160255720 seen=0
observer epoch=81 qpc=1942160265725 seen=0
observer epoch=82 qpc=1942160275720 seen=0
observer epoch=83 qpc=1942160285721 seen=0
observer epoch=84 qpc=1942160295722 seen=0
observer epoch=85 qpc=1942160305727 seen=0
observer epoch=86 qpc=1942160315725 seen=0
observer epoch=87 qpc=1942160325719 seen=0
observer epoch=88 qpc=1942160335724 seen=0
observer epoch=89 qpc=1942160345728 seen=0
observer epoch=90 qpc=1942160355719 seen=0
observer epoch=91 qpc=1942160365726 seen=0
observer epoch=92 qpc=1942160375729 seen=0
observer epoch=93 qpc=1942160385728 seen=0
observer epoch=94 qpc=1942160395724 seen=0
observer epoch=95 qpc=1942160405720 seen=0
observer epoch=96 qpc=1942160415732 seen=0
observer epoch=97 qpc=1942160425723 seen=0
observer epoch=98 qpc=1942160435727 seen=0
observer epoch=99 qpc=1942160445730 seen=0
observer epoch=100 qpc=1942160455718 seen=0
observer epoch=101 qpc=1942160465719 seen=0
observer epoch=102 qpc=1942160475730 seen=0
observer epoch=103 qpc=1942160485721 seen=0
observer epoch=104 qpc=1942160495726 seen=0
observer epoch=105 qpc=1942160505717 seen=0
observer epoch=106 qpc=1942160515724 seen=0
observer epoch=107 qpc=1942160525727 seen=0
observer epoch=108 qpc=1942160535718 seen=0
observer epoch=109 qpc=1942160545733 seen=0
observer epoch=110 qpc=1942160555725 seen=0
observer epoch=111 qpc=1942160565728 seen=0
observer epoch=112 qpc=1942160575724 seen=0
observer epoch=113 qpc=1942160585725 seen=0
observer epoch=114 qpc=1942160595727 seen=0
observer epoch=115 qpc=1942160605729 seen=0
observer epoch=116 qpc=1942160615730 seen=0
observer epoch=117 qpc=1942160625727 seen=0
observer epoch=118 qpc=1942160635722 seen=0
observer epoch=119 qpc=1942160645724 seen=0
observer epoch=120 qpc=1942160655728 seen=0
observer epoch=121 qpc=1942160665728 seen=0
observer epoch=122 qpc=1942160675727 seen=0
observer epoch=123 qpc=1942160685736 seen=0
observer epoch=124 qpc=1942160695733 seen=0
observer epoch=125 qpc=1942160705736 seen=0
observer epoch=126 qpc=1942160715724 seen=0
observer epoch=127 qpc=1942160725719 seen=0
observer epoch=128 qpc=1942160735719 seen=0
observer epoch=129 qpc=1942160745721 seen=0
observer epoch=130 qpc=1942160755724 seen=0
observer epoch=131 qpc=1942160765723 seen=0
observer epoch=132 qpc=1942160775727 seen=0
observer epoch=133 qpc=1942160785721 seen=0
observer epoch=134 qpc=1942160795725 seen=0
observer epoch=135 qpc=1942160805728 seen=0
observer epoch=136 qpc=1942160815719 seen=0
observer epoch=137 qpc=1942160825719 seen=0
observer epoch=138 qpc=1942160835725 seen=0
observer epoch=139 qpc=1942160845725 seen=0
observer epoch=140 qpc=1942160855732 seen=0
observer epoch=141 qpc=1942160865724 seen=0
observer epoch=142 qpc=1942160875735 seen=0
observer epoch=143 qpc=1942160885718 seen=0
observer epoch=144 qpc=1942160895723 seen=0
observer epoch=145 qpc=1942160905717 seen=0
observer epoch=146 qpc=1942160915730 seen=0
observer epoch=147 qpc=1942160925730 seen=0
observer epoch=148 qpc=1942160935717 seen=0
observer epoch=149 qpc=1942160945727 seen=0
observer epoch=150 qpc=1942160955828 seen=0
observer epoch=151 qpc=1942160965725 seen=0
observer epoch=152 qpc=1942160975730 seen=0
observer epoch=153 qpc=1942160985717 seen=0
observer epoch=154 qpc=1942160995727 seen=0
observer epoch=155 qpc=1942161005719 seen=0
observer epoch=156 qpc=1942161015734 seen=0
observer epoch=157 qpc=1942161025730 seen=0
observer epoch=158 qpc=1942161035734 seen=0
observer epoch=159 qpc=1942161045728 seen=0
observer epoch=160 qpc=1942161055730 seen=0
observer epoch=161 qpc=1942161065735 seen=0
observer epoch=162 qpc=1942161075721 seen=0
observer epoch=163 qpc=1942161085727 seen=0
observer epoch=164 qpc=1942161095732 seen=0
observer epoch=165 qpc=1942161105717 seen=0
observer epoch=166 qpc=1942161115730 seen=0
observer epoch=167 qpc=1942161125723 seen=0
observer epoch=168 qpc=1942161135723 seen=0
observer epoch=169 qpc=1942161145718 seen=0
observer epoch=170 qpc=1942161155723 seen=0
observer epoch=171 qpc=1942161165726 seen=0
observer epoch=172 qpc=1942161175718 seen=0
observer epoch=173 qpc=1942161185727 seen=0
observer epoch=174 qpc=1942161195735 seen=0
observer epoch=175 qpc=1942161205731 seen=0
observer epoch=176 qpc=1942161215724 seen=0
observer epoch=177 qpc=1942161225717 seen=0
observer epoch=178 qpc=1942161235724 seen=0
observer epoch=179 qpc=1942161245724 seen=0
observer epoch=180 qpc=1942161255718 seen=0
observer epoch=181 qpc=1942161265718 seen=0
observer epoch=182 qpc=1942161275728 seen=0
observer epoch=183 qpc=1942161285725 seen=0
observer epoch=184 qpc=1942161295732 seen=0
observer epoch=185 qpc=1942161305726 seen=0
observer epoch=186 qpc=1942161315729 seen=0
observer epoch=187 qpc=1942161325719 seen=0
observer epoch=188 qpc=1942161335725 seen=0
observer epoch=189 qpc=1942161345718 seen=0
observer epoch=190 qpc=1942161355718 seen=0
observer epoch=191 qpc=1942161365721 seen=0
observer epoch=192 qpc=1942161375719 seen=0
observer epoch=193 qpc=1942161385720 seen=0
observer epoch=194 qpc=1942161395721 seen=0
observer epoch=195 qpc=1942161405723 seen=0
observer epoch=196 qpc=1942161415719 seen=0
observer epoch=197 qpc=1942161425730 seen=0
observer epoch=198 qpc=1942161435721 seen=0
observer epoch=199 qpc=1942161445721 seen=0
observer epoch=200 qpc=1942161455728 seen=0
observer epoch=201 qpc=1942161465719 seen=1
observer epoch=202 qpc=1942161475727 seen=1
observer epoch=203 qpc=1942161485730 seen=1
observer epoch=204 qpc=1942161495718 seen=1
observer epoch=205 qpc=1942161505721 seen=1
observer epoch=206 qpc=1942161515729 seen=1
observer epoch=207 qpc=1942161525719 seen=1
observer epoch=208 qpc=1942161535729 seen=1
observer epoch=209 qpc=1942161545719 seen=1
observer epoch=210 qpc=1942161555726 seen=1
observer epoch=211 qpc=1942161565729 seen=1
observer epoch=212 qpc=1942161575736 seen=1
observer epoch=213 qpc=1942161585719 seen=1
observer epoch=214 qpc=1942161595724 seen=1
observer epoch=215 qpc=1942161605719 seen=1
observer epoch=216 qpc=1942161615727 seen=1
observer epoch=217 qpc=1942161625726 seen=1
observer epoch=218 qpc=1942161635729 seen=1
observer epoch=219 qpc=1942161645726 seen=1
observer epoch=220 qpc=1942161655731 seen=1
observer epoch=221 qpc=1942161665724 seen=1
observer epoch=222 qpc=1942161675726 seen=1
observer epoch=223 qpc=1942161685724 seen=1
observer epoch=224 qpc=1942161695730 seen=1
observer epoch=225 qpc=1942161705727 seen=1
observer epoch=226 qpc=1942161715725 seen=1
observer epoch=227 qpc=1942161725722 seen=1
observer epoch=228 qpc=1942161735722 seen=1
observer epoch=229 qpc=1942161745730 seen=1
observer epoch=230 qpc=1942161755726 seen=1
observer epoch=231 qpc=1942161765724 seen=1
observer epoch=232 qpc=1942161775727 seen=1
observer epoch=233 qpc=1942161785721 seen=1
observer epoch=234 qpc=1942161795726 seen=1
observer epoch=235 qpc=1942161805726 seen=1
observer epoch=236 qpc=1942161815722 seen=1
observer epoch=237 qpc=1942161825722 seen=1
observer epoch=238 qpc=1942161835724 seen=1
observer epoch=239 qpc=1942161845718 seen=1
observer epoch=240 qpc=1942161855719 seen=1
observer epoch=241 qpc=1942161865726 seen=1
observer epoch=242 qpc=1942161875729 seen=1
observer epoch=243 qpc=1942161885718 seen=1
observer epoch=244 qpc=1942161895724 seen=1
observer epoch=245 qpc=1942161905721 seen=1
observer epoch=246 qpc=1942161915721 seen=1
observer epoch=247 qpc=1942161925724 seen=1
observer epoch=248 qpc=1942161935718 seen=1
observer epoch=249 qpc=1942161945720 seen=1
observer epoch=250 qpc=1942161955722 seen=1
observer epoch=251 qpc=1942161965727 seen=1
observer epoch=252 qpc=1942161975720 seen=1
observer epoch=253 qpc=1942161985730 seen=1
observer epoch=254 qpc=1942161995730 seen=1
observer epoch=255 qpc=1942162005726 seen=1
observer epoch=256 qpc=1942162015735 seen=1
observer epoch=257 qpc=1942162025721 seen=1
observer epoch=258 qpc=1942162035733 seen=1
observer epoch=259 qpc=1942162045732 seen=1
observer epoch=260 qpc=1942162055722 seen=1
observer epoch=261 qpc=1942162065730 seen=1
observer epoch=262 qpc=1942162075722 seen=1
observer epoch=263 qpc=1942162085728 seen=1
observer epoch=264 qpc=1942162095725 seen=1
observer epoch=265 qpc=1942162105728 seen=1
observer epoch=266 qpc=1942162115743 seen=1
observer epoch=267 qpc=1942162125726 seen=1
observer epoch=268 qpc=1942162135720 seen=1
observer epoch=269 qpc=1942162145721 seen=1
observer epoch=270 qpc=1942162155727 seen=1
observer epoch=271 qpc=1942162165732 seen=1
observer epoch=272 qpc=1942162175730 seen=1
observer epoch=273 qpc=1942162185721 seen=1
observer epoch=274 qpc=1942162195718 seen=1
observer epoch=275 qpc=1942162205727 seen=1
observer epoch=276 qpc=1942162215743 seen=1
observer epoch=277 qpc=1942162225729 seen=1
observer epoch=278 qpc=1942162235740 seen=1
observer epoch=279 qpc=1942162245726 seen=1
observer epoch=280 qpc=1942162255723 seen=1
observer epoch=281 qpc=1942162265717 seen=1
observer epoch=282 qpc=1942162275717 seen=1
observer epoch=283 qpc=1942162285719 seen=1
observer epoch=284 qpc=1942162295725 seen=1
observer epoch=285 qpc=1942162305724 seen=1
observer epoch=286 qpc=1942162315717 seen=1
observer epoch=287 qpc=1942162325723 seen=1
observer epoch=288 qpc=1942162335720 seen=1
observer epoch=289 qpc=1942162345722 seen=1
observer epoch=290 qpc=1942162355727 seen=1
observer epoch=291 qpc=1942162365735 seen=1
observer epoch=292 qpc=1942162375726 seen=1
observer epoch=293 qpc=1942162385719 seen=1
observer epoch=294 qpc=1942162395723 seen=1
observer epoch=295 qpc=1942162405719 seen=1
observer epoch=296 qpc=1942162415719 seen=1
observer epoch=297 qpc=1942162425729 seen=1
observer epoch=298 qpc=1942162435720 seen=1
observer epoch=299 qpc=1942162445722 seen=1
observer epoch=300 qpc=1942162455726 seen=1
observer epoch=301 qpc=1942162465723 seen=1
observer epoch=302 qpc=1942162475724 seen=1
observer epoch=303 qpc=1942162485728 seen=1
observer epoch=304 qpc=1942162495719 seen=1
observer epoch=305 qpc=1942162505717 seen=1
observer epoch=306 qpc=1942162515717 seen=1
observer epoch=307 qpc=1942162525735 seen=1
observer epoch=308 qpc=1942162535737 seen=1
observer epoch=309 qpc=1942162545718 seen=1
observer epoch=310 qpc=1942162555733 seen=1
observer epoch=311 qpc=1942162565724 seen=1
observer epoch=312 qpc=1942162575721 seen=1
observer epoch=313 qpc=1942162585729 seen=1
observer epoch=314 qpc=1942162595727 seen=1
observer epoch=315 qpc=1942162605718 seen=1
observer epoch=316 qpc=1942162615727 seen=1
observer epoch=317 qpc=1942162625717 seen=1
observer epoch=318 qpc=1942162635721 seen=1
observer epoch=319 qpc=1942162645723 seen=1
observer epoch=320 qpc=1942162655719 seen=1
observer epoch=321 qpc=1942162665728 seen=1
observer epoch=322 qpc=1942162675719 seen=1
observer epoch=323 qpc=1942162685723 seen=1
observer epoch=324 qpc=1942162695721 seen=1
observer epoch=325 qpc=1942162705732 seen=1
observer epoch=326 qpc=1942162715735 seen=1
observer epoch=327 qpc=1942162725724 seen=1
observer epoch=328 qpc=1942162735722 seen=1
observer epoch=329 qpc=1942162745721 seen=1
observer epoch=330 qpc=1942162755729 seen=1
observer epoch=331 qpc=1942162765721 seen=1
observer epoch=332 qpc=1942162775728 seen=1
observer epoch=333 qpc=1942162785720 seen=1
observer epoch=334 qpc=1942162795721 seen=1
observer epoch=335 qpc=1942162805728 seen=1
observer epoch=336 qpc=1942162815735 seen=1
observer epoch=337 qpc=1942162825728 seen=1
observer epoch=338 qpc=1942162835726 seen=1
observer epoch=339 qpc=1942162845726 seen=1
observer epoch=340 qpc=1942162855730 seen=1
observer epoch=341 qpc=1942162865717 seen=1
observer epoch=342 qpc=1942162875728 seen=1
observer epoch=343 qpc=1942162885726 seen=1
observer epoch=344 qpc=1942162895726 seen=1
observer epoch=345 qpc=1942162905735 seen=1
observer epoch=346 qpc=1942162915734 seen=1
observer epoch=347 qpc=1942162925726 seen=1
observer epoch=348 qpc=1942162935725 seen=1
observer epoch=349 qpc=1942162945717 seen=1
observer epoch=350 qpc=1942162955724 seen=1
observer epoch=351 qpc=1942162965725 seen=1
observer epoch=352 qpc=1942162975727 seen=1
observer epoch=353 qpc=1942162985724 seen=1
observer epoch=354 qpc=1942162995726 seen=1
observer epoch=355 qpc=1942163005727 seen=1
observer epoch=356 qpc=1942163015718 seen=1
observer epoch=357 qpc=1942163025729 seen=1
observer epoch=358 qpc=1942163035726 seen=1
observer epoch=359 qpc=1942163045720 seen=1
observer epoch=360 qpc=1942163055731 seen=1
observer epoch=361 qpc=1942163065724 seen=1
observer epoch=362 qpc=1942163075722 seen=1
observer epoch=363 qpc=1942163085735 seen=1
observer epoch=364 qpc=1942163095724 seen=1
observer epoch=365 qpc=1942163105720 seen=1
observer epoch=366 qpc=1942163115717 seen=1
observer epoch=367 qpc=1942163125721 seen=1
observer epoch=368 qpc=1942163135721 seen=1
observer epoch=369 qpc=1942163145721 seen=1
observer epoch=370 qpc=1942163155726 seen=1
observer epoch=371 qpc=1942163165721 seen=1
observer epoch=372 qpc=1942163175720 seen=1
observer epoch=373 qpc=1942163185723 seen=1
observer epoch=374 qpc=1942163195724 seen=1
observer epoch=375 qpc=1942163205726 seen=1
observer epoch=376 qpc=1942163215722 seen=1
observer epoch=377 qpc=1942163225720 seen=1
observer epoch=378 qpc=1942163235722 seen=1
observer epoch=379 qpc=1942163245718 seen=1
observer epoch=380 qpc=1942163255725 seen=1
observer epoch=381 qpc=1942163265719 seen=1
observer epoch=382 qpc=1942163275725 seen=1
observer epoch=383 qpc=1942163285718 seen=1
observer epoch=384 qpc=1942163295718 seen=1
observer epoch=385 qpc=1942163305726 seen=1
observer epoch=386 qpc=1942163315728 seen=1
observer epoch=387 qpc=1942163325717 seen=1
observer epoch=388 qpc=1942163335725 seen=1
observer epoch=389 qpc=1942163345719 seen=1
observer epoch=390 qpc=1942163355730 seen=1
observer epoch=391 qpc=1942163365727 seen=1
observer epoch=392 qpc=1942163375724 seen=1
observer epoch=393 qpc=1942163385730 seen=1
observer epoch=394 qpc=1942163395717 seen=1
observer epoch=395 qpc=1942163405729 seen=1
observer epoch=396 qpc=1942163415726 seen=1
observer epoch=397 qpc=1942163425723 seen=1
observer epoch=398 qpc=1942163435725 seen=1
observer epoch=399 qpc=1942163445722 seen=1
observer epoch=400 qpc=1942163455720 seen=1
observer epoch=401 qpc=1942163465729 seen=1
observer epoch=402 qpc=1942163475727 seen=1
observer epoch=403 qpc=1942163485726 seen=1
observer epoch=404 qpc=1942163495725 seen=1
observer epoch=405 qpc=1942163505721 seen=1
observer epoch=406 qpc=1942163515721 seen=1
observer epoch=407 qpc=1942163525719 seen=1
observer epoch=408 qpc=1942163535717 seen=1
observer epoch=409 qpc=1942163545728 seen=1
observer epoch=410 qpc=1942163555718 seen=1
observer epoch=411 qpc=1942163565717 seen=1
observer epoch=412 qpc=1942163575728 seen=1
observer epoch=413 qpc=1942163585729 seen=1
observer epoch=414 qpc=1942163595722 seen=1
observer epoch=415 qpc=1942163605723 seen=1
observer epoch=416 qpc=1942163615726 seen=1
observer epoch=417 qpc=1942163625719 seen=1
observer epoch=418 qpc=1942163635727 seen=1
observer epoch=419 qpc=1942163645722 seen=1
observer epoch=420 qpc=1942163655728 seen=1
observer epoch=421 qpc=1942163665726 seen=1
observer epoch=422 qpc=1942163675727 seen=1
observer epoch=423 qpc=1942163685729 seen=1
observer epoch=424 qpc=1942163695726 seen=1
observer epoch=425 qpc=1942163705718 seen=1
observer epoch=426 qpc=1942163715727 seen=1
observer epoch=427 qpc=1942163725727 seen=1
observer epoch=428 qpc=1942163735724 seen=1
observer epoch=429 qpc=1942163745717 seen=1
observer epoch=430 qpc=1942163755729 seen=1
observer epoch=431 qpc=1942163765724 seen=1
observer epoch=432 qpc=1942163775717 seen=1
observer epoch=433 qpc=1942163785726 seen=1
observer epoch=434 qpc=1942163795720 seen=1
observer epoch=435 qpc=1942163805719 seen=1
observer epoch=436 qpc=1942163815725 seen=1
observer epoch=437 qpc=1942163825721 seen=1
observer epoch=438 qpc=1942163835726 seen=1
observer epoch=439 qpc=1942163845718 seen=1
observer epoch=440 qpc=1942163855727 seen=1
observer epoch=441 qpc=1942163865718 seen=1
observer epoch=442 qpc=1942163875719 seen=1
observer epoch=443 qpc=1942163885724 seen=1
observer epoch=444 qpc=1942163895728 seen=1
observer epoch=445 qpc=1942163905729 seen=1
observer epoch=446 qpc=1942163915728 seen=1
observer epoch=447 qpc=1942163925727 seen=1
observer epoch=448 qpc=1942163935720 seen=1
observer epoch=449 qpc=1942163945727 seen=1
observer epoch=450 qpc=1942163955725 seen=1
observer epoch=451 qpc=1942163965720 seen=1
observer epoch=452 qpc=1942163975720 seen=1
observer epoch=453 qpc=1942163985717 seen=1
observer epoch=454 qpc=1942163995730 seen=1
observer epoch=455 qpc=1942164005718 seen=1
observer epoch=456 qpc=1942164015717 seen=1
observer epoch=457 qpc=1942164025722 seen=1
observer epoch=458 qpc=1942164035719 seen=1
observer epoch=459 qpc=1942164045721 seen=1
observer epoch=460 qpc=1942164055718 seen=1
observer epoch=461 qpc=1942164065728 seen=1
observer epoch=462 qpc=1942164075722 seen=1
observer epoch=463 qpc=1942164085723 seen=1
observer epoch=464 qpc=1942164095720 seen=1
observer epoch=465 qpc=1942164105724 seen=1
observer epoch=466 qpc=1942164115723 seen=1
observer epoch=467 qpc=1942164125728 seen=1
observer epoch=468 qpc=1942164135726 seen=1
observer epoch=469 qpc=1942164145723 seen=1
observer epoch=470 qpc=1942164155728 seen=1
observer epoch=471 qpc=1942164165725 seen=1
observer epoch=472 qpc=1942164175729 seen=1
observer epoch=473 qpc=1942164185728 seen=1
observer epoch=474 qpc=1942164195719 seen=1
observer epoch=475 qpc=1942164205722 seen=1
observer epoch=476 qpc=1942164215728 seen=1
observer epoch=477 qpc=1942164225723 seen=1
observer epoch=478 qpc=1942164235720 seen=1
observer epoch=479 qpc=1942164245724 seen=1
observer epoch=480 qpc=1942164255718 seen=1
observer epoch=481 qpc=1942164265720 seen=1
observer epoch=482 qpc=1942164275721 seen=1
observer epoch=483 qpc=1942164285717 seen=1
observer epoch=484 qpc=1942164295729 seen=1
observer epoch=485 qpc=1942164305721 seen=1
observer epoch=486 qpc=1942164315722 seen=1
observer epoch=487 qpc=1942164325728 seen=1
observer epoch=488 qpc=1942164335724 seen=1
observer epoch=489 qpc=1942164345727 seen=1
observer epoch=490 qpc=1942164355732 seen=1
observer epoch=491 qpc=1942164365735 seen=1
observer epoch=492 qpc=1942164375726 seen=1
observer epoch=493 qpc=1942164385717 seen=1
observer epoch=494 qpc=1942164395718 seen=1
observer epoch=495 qpc=1942164405729 seen=1
observer epoch=496 qpc=1942164415729 seen=1
observer epoch=497 qpc=1942164425719 seen=1
observer epoch=498 qpc=1942164435719 seen=1
observer epoch=499 qpc=1942164445725 seen=1
observer epoch=500 qpc=1942164455720 seen=1
observer epoch=501 qpc=1942164465724 seen=1
observer epoch=502 qpc=1942164475725 seen=1
observer epoch=503 qpc=1942164485723 seen=1
observer epoch=504 qpc=1942164495722 seen=1
observer epoch=505 qpc=1942164505720 seen=1
observer epoch=506 qpc=1942164515721 seen=1
observer epoch=507 qpc=1942164525728 seen=1
observer epoch=508 qpc=1942164535726 seen=1
observer epoch=509 qpc=1942164545727 seen=1
observer epoch=510 qpc=1942164555725 seen=1
observer epoch=511 qpc=1942164565719 seen=1
observer epoch=512 qpc=1942164575726 seen=1
observer epoch=513 qpc=1942164585724 seen=1
observer epoch=514 qpc=1942164595719 seen=1
observer epoch=515 qpc=1942164605717 seen=1
observer epoch=516 qpc=1942164615733 seen=1
observer epoch=517 qpc=1942164625722 seen=1
observer epoch=518 qpc=1942164635725 seen=1
observer epoch=519 qpc=1942164645720 seen=1
observer epoch=520 qpc=1942164655722 seen=1
observer epoch=521 qpc=1942164665728 seen=1
observer epoch=522 qpc=1942164675721 seen=1
observer epoch=523 qpc=1942164685722 seen=1
observer epoch=524 qpc=1942164695719 seen=1
observer epoch=525 qpc=1942164705725 seen=1
observer epoch=526 qpc=1942164715719 seen=1
observer epoch=527 qpc=1942164725722 seen=1
observer epoch=528 qpc=1942164735721 seen=1
observer epoch=529 qpc=1942164745722 seen=1
observer epoch=530 qpc=1942164755730 seen=1
observer epoch=531 qpc=1942164765719 seen=1
observer epoch=532 qpc=1942164775717 seen=1
observer epoch=533 qpc=1942164785729 seen=1
observer epoch=534 qpc=1942164795718 seen=1
observer epoch=535 qpc=1942164805726 seen=1
observer epoch=536 qpc=1942164815728 seen=1
observer epoch=537 qpc=1942164825722 seen=1
observer epoch=538 qpc=1942164835727 seen=1
observer epoch=539 qpc=1942164845718 seen=1
observer epoch=540 qpc=1942164855724 seen=1
observer epoch=541 qpc=1942164865735 seen=1
observer epoch=542 qpc=1942164875723 seen=1
observer epoch=543 qpc=1942164885727 seen=1
observer epoch=544 qpc=1942164895726 seen=1
observer epoch=545 qpc=1942164905726 seen=1
observer epoch=546 qpc=1942164915718 seen=1
observer epoch=547 qpc=1942164925730 seen=1
observer epoch=548 qpc=1942164935720 seen=1
observer epoch=549 qpc=1942164945725 seen=1
observer epoch=550 qpc=1942164955724 seen=1
observer epoch=551 qpc=1942164965727 seen=1
observer epoch=552 qpc=1942164975718 seen=1
observer epoch=553 qpc=1942164985725 seen=1
observer epoch=554 qpc=1942164995730 seen=1
observer epoch=555 qpc=1942165005727 seen=1
observer epoch=556 qpc=1942165015728 seen=1
observer epoch=557 qpc=1942165025725 seen=1
observer epoch=558 qpc=1942165035722 seen=1
observer epoch=559 qpc=1942165045717 seen=1
observer epoch=560 qpc=1942165055720 seen=1
observer epoch=561 qpc=1942165065717 seen=1
observer epoch=562 qpc=1942165075724 seen=1
observer epoch=563 qpc=1942165085726 seen=1
observer epoch=564 qpc=1942165095724 seen=1
observer epoch=565 qpc=1942165105725 seen=1
observer epoch=566 qpc=1942165115721 seen=1
observer epoch=567 qpc=1942165125718 seen=1
observer epoch=568 qpc=1942165135725 seen=1
observer epoch=569 qpc=1942165145718 seen=1
observer epoch=570 qpc=1942165155724 seen=1
observer epoch=571 qpc=1942165165725 seen=1
observer epoch=572 qpc=1942165175719 seen=1
observer epoch=573 qpc=1942165185718 seen=1
observer epoch=574 qpc=1942165195724 seen=1
observer epoch=575 qpc=1942165205729 seen=1
observer epoch=576 qpc=1942165215730 seen=1
observer epoch=577 qpc=1942165225727 seen=1
observer epoch=578 qpc=1942165235726 seen=1
observer epoch=579 qpc=1942165245727 seen=1
observer epoch=580 qpc=1942165255725 seen=1
observer epoch=581 qpc=1942165265725 seen=1
observer epoch=582 qpc=1942165275726 seen=1
observer epoch=583 qpc=1942165285728 seen=1
observer epoch=584 qpc=1942165295723 seen=1
observer epoch=585 qpc=1942165305728 seen=1
observer epoch=586 qpc=1942165315725 seen=1
observer epoch=587 qpc=1942165325728 seen=1
observer epoch=588 qpc=1942165335730 seen=1
observer epoch=589 qpc=1942165345729 seen=1
observer epoch=590 qpc=1942165355723 seen=1
observer epoch=591 qpc=1942165365727 seen=1
observer epoch=592 qpc=1942165375724 seen=1
observer epoch=593 qpc=1942165385722 seen=1
observer epoch=594 qpc=1942165395720 seen=1
observer epoch=595 qpc=1942165405728 seen=1
observer epoch=596 qpc=1942165415726 seen=1
observer epoch=597 qpc=1942165425723 seen=1
observer epoch=598 qpc=1942165435726 seen=1
observer epoch=599 qpc=1942165445729 seen=1
observer_summary first=201 published=1942161461064 start=1942159450716 frequency=10000000 phase_us=500
host loaded=C:\eos-private\Mss32.dll tid=580 frequency=10000000 arm=1 phase=500
start begin=1942159450719 end=1942159450763
serve epoch=1 begin=1942159953001 end=1942159953054
serve epoch=2 begin=1942160453708 end=1942160453794
serve epoch=3 begin=1942160959765 end=1942160959845
serve epoch=4 begin=1942161460620 end=1942161461066
serve epoch=5 begin=1942161952327 end=1942161952412
serve epoch=6 begin=1942162451349 end=1942162451446
serve epoch=7 begin=1942162954213 end=1942162954312
serve epoch=8 begin=1942163460143 end=1942163460322
serve epoch=9 begin=1942163952386 end=1942163952507
serve epoch=10 begin=1942164452435 end=1942164452623
serve epoch=11 begin=1942164951936 end=1942164952068
serve epoch=12 begin=1942165459371 end=1942165459520
serve epoch=13 begin=1942165958206 end=1942165958306
completion count=1 callback=1942161460703 callback_end=1942161460704 thread=580 sent=0 status=2 total=204 pos=204 worker=0 send_ok=1
