ALSA lib control.c:1575:(snd_ctl_open_noupdate) [error.control] Invalid CTL hw:0
ALSA lib control.c:1575:(snd_ctl_open_noupdate) [error.control] Invalid CTL hw:1
ALSA lib control.c:1575:(snd_ctl_open_noupdate) [error.control] Invalid CTL hw:0
ALSA lib control.c:1575:(snd_ctl_open_noupdate) [error.control] Invalid CTL hw:1
observer epoch=0 qpc=1942256496149 seen=0
observer epoch=1 qpc=1942256506151 seen=0
observer epoch=2 qpc=1942256516153 seen=0
observer epoch=3 qpc=1942256526148 seen=0
observer epoch=4 qpc=1942256536159 seen=0
observer epoch=5 qpc=1942256546160 seen=0
observer epoch=6 qpc=1942256556152 seen=0
observer epoch=7 qpc=1942256566159 seen=0
observer epoch=8 qpc=1942256576158 seen=0
observer epoch=9 qpc=1942256586156 seen=0
observer epoch=10 qpc=1942256596156 seen=0
observer epoch=11 qpc=1942256606157 seen=0
observer epoch=12 qpc=1942256616150 seen=0
observer epoch=13 qpc=1942256626159 seen=0
observer epoch=14 qpc=1942256636156 seen=0
observer epoch=15 qpc=1942256646157 seen=0
observer epoch=16 qpc=1942256656152 seen=0
observer epoch=17 qpc=1942256666159 seen=0
observer epoch=18 qpc=1942256676155 seen=0
observer epoch=19 qpc=1942256686159 seen=0
observer epoch=20 qpc=1942256696150 seen=0
observer epoch=21 qpc=1942256706159 seen=0
observer epoch=22 qpc=1942256716149 seen=0
observer epoch=23 qpc=1942256726161 seen=0
observer epoch=24 qpc=1942256736149 seen=0
observer epoch=25 qpc=1942256746151 seen=0
observer epoch=26 qpc=1942256756153 seen=0
observer epoch=27 qpc=1942256766155 seen=0
observer epoch=28 qpc=1942256776160 seen=0
observer epoch=29 qpc=1942256786153 seen=0
observer epoch=30 qpc=1942256796159 seen=0
observer epoch=31 qpc=1942256806159 seen=0
observer epoch=32 qpc=1942256816154 seen=0
observer epoch=33 qpc=1942256826157 seen=0
observer epoch=34 qpc=1942256836152 seen=0
observer epoch=35 qpc=1942256846152 seen=0
observer epoch=36 qpc=1942256856157 seen=0
observer epoch=37 qpc=1942256866159 seen=0
observer epoch=38 qpc=1942256876154 seen=0
observer epoch=39 qpc=1942256886161 seen=0
observer epoch=40 qpc=1942256896156 seen=0
observer epoch=41 qpc=1942256906158 seen=0
observer epoch=42 qpc=1942256916154 seen=0
observer epoch=43 qpc=1942256926150 seen=0
observer epoch=44 qpc=1942256936156 seen=0
observer epoch=45 qpc=1942256946156 seen=0
observer epoch=46 qpc=1942256956160 seen=0
observer epoch=47 qpc=1942256966156 seen=0
observer epoch=48 qpc=1942256976153 seen=0
observer epoch=49 qpc=1942256986153 seen=0
observer epoch=50 qpc=1942256996159 seen=0
observer epoch=51 qpc=1942257006159 seen=0
observer epoch=52 qpc=1942257016157 seen=0
observer epoch=53 qpc=1942257026160 seen=0
observer epoch=54 qpc=1942257036161 seen=0
observer epoch=55 qpc=1942257046157 seen=0
observer epoch=56 qpc=1942257056156 seen=0
observer epoch=57 qpc=1942257066161 seen=0
observer epoch=58 qpc=1942257076164 seen=0
observer epoch=59 qpc=1942257086149 seen=0
observer epoch=60 qpc=1942257096161 seen=0
observer epoch=61 qpc=1942257106160 seen=0
observer epoch=62 qpc=1942257116158 seen=0
observer epoch=63 qpc=1942257126160 seen=0
observer epoch=64 qpc=1942257136161 seen=0
observer epoch=65 qpc=1942257146150 seen=0
observer epoch=66 qpc=1942257156158 seen=0
observer epoch=67 qpc=1942257166159 seen=0
observer epoch=68 qpc=1942257176157 seen=0
observer epoch=69 qpc=1942257186150 seen=0
observer epoch=70 qpc=1942257196149 seen=0
observer epoch=71 qpc=1942257206159 seen=0
observer epoch=72 qpc=1942257216160 seen=0
observer epoch=73 qpc=1942257226154 seen=0
observer epoch=74 qpc=1942257236152 seen=0
observer epoch=75 qpc=1942257246160 seen=0
observer epoch=76 qpc=1942257256151 seen=0
observer epoch=77 qpc=1942257266159 seen=0
observer epoch=78 qpc=1942257276150 seen=0
observer epoch=79 qpc=1942257286149 seen=0
observer epoch=80 qpc=1942257296152 seen=0
observer epoch=81 qpc=1942257306148 seen=0
observer epoch=82 qpc=1942257316156 seen=0
observer epoch=83 qpc=1942257326151 seen=0
observer epoch=84 qpc=1942257336155 seen=0
observer epoch=85 qpc=1942257346150 seen=0
observer epoch=86 qpc=1942257356160 seen=0
observer epoch=87 qpc=1942257366148 seen=0
observer epoch=88 qpc=1942257376152 seen=0
observer epoch=89 qpc=1942257386154 seen=0
observer epoch=90 qpc=1942257396160 seen=0
observer epoch=91 qpc=1942257406158 seen=0
observer epoch=92 qpc=1942257416160 seen=0
observer epoch=93 qpc=1942257426150 seen=0
observer epoch=94 qpc=1942257436153 seen=0
observer epoch=95 qpc=1942257446163 seen=0
observer epoch=96 qpc=1942257456161 seen=0
observer epoch=97 qpc=1942257466156 seen=0
observer epoch=98 qpc=1942257476159 seen=0
observer epoch=99 qpc=1942257486148 seen=0
observer epoch=100 qpc=1942257496149 seen=0
observer epoch=101 qpc=1942257506160 seen=0
observer epoch=102 qpc=1942257516149 seen=0
observer epoch=103 qpc=1942257526160 seen=0
observer epoch=104 qpc=1942257536157 seen=0
observer epoch=105 qpc=1942257546157 seen=0
observer epoch=106 qpc=1942257556149 seen=0
observer epoch=107 qpc=1942257566151 seen=0
observer epoch=108 qpc=1942257576149 seen=0
observer epoch=109 qpc=1942257586158 seen=0
observer epoch=110 qpc=1942257596153 seen=0
observer epoch=111 qpc=1942257606156 seen=0
observer epoch=112 qpc=1942257616158 seen=0
observer epoch=113 qpc=1942257626150 seen=0
observer epoch=114 qpc=1942257636149 seen=0
observer epoch=115 qpc=1942257646151 seen=0
observer epoch=116 qpc=1942257656159 seen=0
observer epoch=117 qpc=1942257666154 seen=0
observer epoch=118 qpc=1942257676159 seen=0
observer epoch=119 qpc=1942257686155 seen=0
observer epoch=120 qpc=1942257696148 seen=0
observer epoch=121 qpc=1942257706156 seen=0
observer epoch=122 qpc=1942257716155 seen=0
observer epoch=123 qpc=1942257726149 seen=0
observer epoch=124 qpc=1942257736160 seen=0
observer epoch=125 qpc=1942257746153 seen=0
observer epoch=126 qpc=1942257756161 seen=0
observer epoch=127 qpc=1942257766155 seen=0
observer epoch=128 qpc=1942257776151 seen=0
observer epoch=129 qpc=1942257786158 seen=0
observer epoch=130 qpc=1942257796158 seen=0
observer epoch=131 qpc=1942257806151 seen=0
observer epoch=132 qpc=1942257816156 seen=0
observer epoch=133 qpc=1942257826154 seen=0
observer epoch=134 qpc=1942257836155 seen=0
observer epoch=135 qpc=1942257846157 seen=0
observer epoch=136 qpc=1942257856153 seen=0
observer epoch=137 qpc=1942257866148 seen=0
observer epoch=138 qpc=1942257876159 seen=0
observer epoch=139 qpc=1942257886157 seen=0
observer epoch=140 qpc=1942257896149 seen=0
observer epoch=141 qpc=1942257906156 seen=0
observer epoch=142 qpc=1942257916155 seen=0
observer epoch=143 qpc=1942257926160 seen=0
observer epoch=144 qpc=1942257936151 seen=0
observer epoch=145 qpc=1942257946154 seen=0
observer epoch=146 qpc=1942257956150 seen=0
observer epoch=147 qpc=1942257966155 seen=0
observer epoch=148 qpc=1942257976156 seen=0
observer epoch=149 qpc=1942257986150 seen=0
observer epoch=150 qpc=1942257996160 seen=0
observer epoch=151 qpc=1942258006153 seen=0
observer epoch=152 qpc=1942258016149 seen=0
observer epoch=153 qpc=1942258026154 seen=0
observer epoch=154 qpc=1942258036157 seen=0
observer epoch=155 qpc=1942258046152 seen=0
observer epoch=156 qpc=1942258056148 seen=0
observer epoch=157 qpc=1942258066152 seen=0
observer epoch=158 qpc=1942258076154 seen=0
observer epoch=159 qpc=1942258086158 seen=0
observer epoch=160 qpc=1942258096154 seen=0
observer epoch=161 qpc=1942258106155 seen=0
observer epoch=162 qpc=1942258116160 seen=0
observer epoch=163 qpc=1942258126155 seen=0
observer epoch=164 qpc=1942258136148 seen=0
observer epoch=165 qpc=1942258146156 seen=0
observer epoch=166 qpc=1942258156155 seen=0
observer epoch=167 qpc=1942258166158 seen=0
observer epoch=168 qpc=1942258176154 seen=0
observer epoch=169 qpc=1942258186160 seen=0
observer epoch=170 qpc=1942258196148 seen=0
observer epoch=171 qpc=1942258206154 seen=0
observer epoch=172 qpc=1942258216158 seen=0
observer epoch=173 qpc=1942258226154 seen=0
observer epoch=174 qpc=1942258236159 seen=0
observer epoch=175 qpc=1942258246159 seen=0
observer epoch=176 qpc=1942258256157 seen=0
observer epoch=177 qpc=1942258266155 seen=0
observer epoch=178 qpc=1942258276160 seen=0
observer epoch=179 qpc=1942258286152 seen=0
observer epoch=180 qpc=1942258296159 seen=0
observer epoch=181 qpc=1942258306159 seen=0
observer epoch=182 qpc=1942258316156 seen=0
observer epoch=183 qpc=1942258326150 seen=0
observer epoch=184 qpc=1942258336159 seen=0
observer epoch=185 qpc=1942258346148 seen=0
observer epoch=186 qpc=1942258356153 seen=0
observer epoch=187 qpc=1942258366159 seen=0
observer epoch=188 qpc=1942258376157 seen=0
observer epoch=189 qpc=1942258386157 seen=0
observer epoch=190 qpc=1942258396156 seen=0
observer epoch=191 qpc=1942258406152 seen=0
observer epoch=192 qpc=1942258416150 seen=0
observer epoch=193 qpc=1942258426160 seen=0
observer epoch=194 qpc=1942258436152 seen=0
observer epoch=195 qpc=1942258446149 seen=0
observer epoch=196 qpc=1942258456155 seen=0
observer epoch=197 qpc=1942258466158 seen=0
observer epoch=198 qpc=1942258476161 seen=0
observer epoch=199 qpc=1942258486161 seen=0
observer epoch=200 qpc=1942258496160 seen=0
observer epoch=201 qpc=1942258506152 seen=0
observer epoch=202 qpc=1942258516154 seen=0
observer epoch=203 qpc=1942258526155 seen=0
observer epoch=204 qpc=1942258536156 seen=0
observer epoch=205 qpc=1942258546149 seen=0
observer epoch=206 qpc=1942258556159 seen=0
observer epoch=207 qpc=1942258566154 seen=0
observer epoch=208 qpc=1942258576150 seen=0
observer epoch=209 qpc=1942258586153 seen=0
observer epoch=210 qpc=1942258596150 seen=0
observer epoch=211 qpc=1942258606154 seen=0
observer epoch=212 qpc=1942258616157 seen=0
observer epoch=213 qpc=1942258626158 seen=0
observer epoch=214 qpc=1942258636155 seen=0
observer epoch=215 qpc=1942258646148 seen=0
observer epoch=216 qpc=1942258656154 seen=0
observer epoch=217 qpc=1942258666156 seen=0
observer epoch=218 qpc=1942258676148 seen=0
observer epoch=219 qpc=1942258686157 seen=0
observer epoch=220 qpc=1942258696153 seen=0
observer epoch=221 qpc=1942258706151 seen=0
observer epoch=222 qpc=1942258716153 seen=0
observer epoch=223 qpc=1942258726153 seen=0
observer epoch=224 qpc=1942258736159 seen=0
observer epoch=225 qpc=1942258746158 seen=0
observer epoch=226 qpc=1942258756153 seen=0
observer epoch=227 qpc=1942258766156 seen=0
observer epoch=228 qpc=1942258776153 seen=0
observer epoch=229 qpc=1942258786152 seen=0
observer epoch=230 qpc=1942258796153 seen=0
observer epoch=231 qpc=1942258806159 seen=0
observer epoch=232 qpc=1942258816160 seen=0
observer epoch=233 qpc=1942258826154 seen=0
observer epoch=234 qpc=1942258836154 seen=0
observer epoch=235 qpc=1942258846156 seen=0
observer epoch=236 qpc=1942258856152 seen=0
observer epoch=237 qpc=1942258866160 seen=0
observer epoch=238 qpc=1942258876159 seen=0
observer epoch=239 qpc=1942258886153 seen=0
observer epoch=240 qpc=1942258896151 seen=0
observer epoch=241 qpc=1942258906157 seen=0
observer epoch=242 qpc=1942258916158 seen=0
observer epoch=243 qpc=1942258926158 seen=0
observer epoch=244 qpc=1942258936149 seen=0
observer epoch=245 qpc=1942258946160 seen=0
observer epoch=246 qpc=1942258956151 seen=0
observer epoch=247 qpc=1942258966152 seen=0
observer epoch=248 qpc=1942258976154 seen=0
observer epoch=249 qpc=1942258986148 seen=0
observer epoch=250 qpc=1942258996158 seen=0
observer epoch=251 qpc=1942259006155 seen=0
observer epoch=252 qpc=1942259016161 seen=0
observer epoch=253 qpc=1942259026150 seen=0
observer epoch=254 qpc=1942259036148 seen=0
observer epoch=255 qpc=1942259046150 seen=0
observer epoch=256 qpc=1942259056153 seen=0
observer epoch=257 qpc=1942259066155 seen=0
observer epoch=258 qpc=1942259076149 seen=0
observer epoch=259 qpc=1942259086159 seen=0
observer epoch=260 qpc=1942259096156 seen=0
observer epoch=261 qpc=1942259106148 seen=0
observer epoch=262 qpc=1942259116154 seen=0
observer epoch=263 qpc=1942259126148 seen=0
observer epoch=264 qpc=1942259136156 seen=0
observer epoch=265 qpc=1942259146152 seen=0
observer epoch=266 qpc=1942259156151 seen=0
observer epoch=267 qpc=1942259166159 seen=0
observer epoch=268 qpc=1942259176153 seen=0
observer epoch=269 qpc=1942259186150 seen=0
observer epoch=270 qpc=1942259196148 seen=0
observer epoch=271 qpc=1942259206158 seen=0
observer epoch=272 qpc=1942259216149 seen=0
observer epoch=273 qpc=1942259226157 seen=0
observer epoch=274 qpc=1942259236160 seen=0
observer epoch=275 qpc=1942259246159 seen=0
observer epoch=276 qpc=1942259256155 seen=0
observer epoch=277 qpc=1942259266155 seen=0
observer epoch=278 qpc=1942259276148 seen=0
observer epoch=279 qpc=1942259286151 seen=0
observer epoch=280 qpc=1942259296161 seen=0
observer epoch=281 qpc=1942259306151 seen=0
observer epoch=282 qpc=1942259316149 seen=0
observer epoch=283 qpc=1942259326157 seen=0
observer epoch=284 qpc=1942259336157 seen=0
observer epoch=285 qpc=1942259346161 seen=0
observer epoch=286 qpc=1942259356154 seen=0
observer epoch=287 qpc=1942259366153 seen=0
observer epoch=288 qpc=1942259376156 seen=0
observer epoch=289 qpc=1942259386158 seen=0
observer epoch=290 qpc=1942259396156 seen=0
observer epoch=291 qpc=1942259406151 seen=0
observer epoch=292 qpc=1942259416154 seen=0
observer epoch=293 qpc=1942259426148 seen=0
observer epoch=294 qpc=1942259436159 seen=0
observer epoch=295 qpc=1942259446155 seen=0
observer epoch=296 qpc=1942259456156 seen=0
observer epoch=297 qpc=1942259466155 seen=0
observer epoch=298 qpc=1942259476159 seen=0
observer epoch=299 qpc=1942259486151 seen=0
observer epoch=300 qpc=1942259496155 seen=0
observer epoch=301 qpc=1942259506148 seen=1
observer epoch=302 qpc=1942259516156 seen=1
observer epoch=303 qpc=1942259526151 seen=1
observer epoch=304 qpc=1942259536150 seen=1
observer epoch=305 qpc=1942259546153 seen=1
observer epoch=306 qpc=1942259556150 seen=1
observer epoch=307 qpc=1942259566159 seen=1
observer epoch=308 qpc=1942259576149 seen=1
observer epoch=309 qpc=1942259586150 seen=1
observer epoch=310 qpc=1942259596153 seen=1
observer epoch=311 qpc=1942259606156 seen=1
observer epoch=312 qpc=1942259616155 seen=1
observer epoch=313 qpc=1942259626149 seen=1
observer epoch=314 qpc=1942259636159 seen=1
observer epoch=315 qpc=1942259646159 seen=1
observer epoch=316 qpc=1942259656157 seen=1
observer epoch=317 qpc=1942259666155 seen=1
observer epoch=318 qpc=1942259676156 seen=1
observer epoch=319 qpc=1942259686149 seen=1
observer epoch=320 qpc=1942259696149 seen=1
observer epoch=321 qpc=1942259706159 seen=1
observer epoch=322 qpc=1942259716160 seen=1
observer epoch=323 qpc=1942259726157 seen=1
observer epoch=324 qpc=1942259736160 seen=1
observer epoch=325 qpc=1942259746148 seen=1
observer epoch=326 qpc=1942259756151 seen=1
observer epoch=327 qpc=1942259766149 seen=1
observer epoch=328 qpc=1942259776160 seen=1
observer epoch=329 qpc=1942259786157 seen=1
observer epoch=330 qpc=1942259796161 seen=1
observer epoch=331 qpc=1942259806153 seen=1
observer epoch=332 qpc=1942259816160 seen=1
observer epoch=333 qpc=1942259826154 seen=1
observer epoch=334 qpc=1942259836151 seen=1
observer epoch=335 qpc=1942259846159 seen=1
observer epoch=336 qpc=1942259856151 seen=1
observer epoch=337 qpc=1942259866151 seen=1
observer epoch=338 qpc=1942259876159 seen=1
observer epoch=339 qpc=1942259886151 seen=1
observer epoch=340 qpc=1942259896158 seen=1
observer epoch=341 qpc=1942259906155 seen=1
observer epoch=342 qpc=1942259916153 seen=1
observer epoch=343 qpc=1942259926156 seen=1
observer epoch=344 qpc=1942259936161 seen=1
observer epoch=345 qpc=1942259946160 seen=1
observer epoch=346 qpc=1942259956161 seen=1
observer epoch=347 qpc=1942259966148 seen=1
observer epoch=348 qpc=1942259976151 seen=1
observer epoch=349 qpc=1942259986152 seen=1
observer epoch=350 qpc=1942259996160 seen=1
observer epoch=351 qpc=1942260006161 seen=1
observer epoch=352 qpc=1942260016149 seen=1
observer epoch=353 qpc=1942260026148 seen=1
observer epoch=354 qpc=1942260036149 seen=1
observer epoch=355 qpc=1942260046158 seen=1
observer epoch=356 qpc=1942260056152 seen=1
observer epoch=357 qpc=1942260066152 seen=1
observer epoch=358 qpc=1942260076152 seen=1
observer epoch=359 qpc=1942260086158 seen=1
observer epoch=360 qpc=1942260096149 seen=1
observer epoch=361 qpc=1942260106153 seen=1
observer epoch=362 qpc=1942260116155 seen=1
observer epoch=363 qpc=1942260126150 seen=1
observer epoch=364 qpc=1942260136148 seen=1
observer epoch=365 qpc=1942260146149 seen=1
observer epoch=366 qpc=1942260156159 seen=1
observer epoch=367 qpc=1942260166158 seen=1
observer epoch=368 qpc=1942260176155 seen=1
observer epoch=369 qpc=1942260186150 seen=1
observer epoch=370 qpc=1942260196156 seen=1
observer epoch=371 qpc=1942260206161 seen=1
observer epoch=372 qpc=1942260216160 seen=1
observer epoch=373 qpc=1942260226161 seen=1
observer epoch=374 qpc=1942260236158 seen=1
observer epoch=375 qpc=1942260246158 seen=1
observer epoch=376 qpc=1942260256151 seen=1
observer epoch=377 qpc=1942260266150 seen=1
observer epoch=378 qpc=1942260276156 seen=1
observer epoch=379 qpc=1942260286156 seen=1
observer epoch=380 qpc=1942260296153 seen=1
observer epoch=381 qpc=1942260306156 seen=1
observer epoch=382 qpc=1942260316152 seen=1
observer epoch=383 qpc=1942260326148 seen=1
observer epoch=384 qpc=1942260336157 seen=1
observer epoch=385 qpc=1942260346153 seen=1
observer epoch=386 qpc=1942260356157 seen=1
observer epoch=387 qpc=1942260366155 seen=1
observer epoch=388 qpc=1942260376160 seen=1
observer epoch=389 qpc=1942260386150 seen=1
observer epoch=390 qpc=1942260396158 seen=1
observer epoch=391 qpc=1942260406150 seen=1
observer epoch=392 qpc=1942260416153 seen=1
observer epoch=393 qpc=1942260426155 seen=1
observer epoch=394 qpc=1942260436161 seen=1
observer epoch=395 qpc=1942260446149 seen=1
observer epoch=396 qpc=1942260456156 seen=1
observer epoch=397 qpc=1942260466155 seen=1
observer epoch=398 qpc=1942260476150 seen=1
observer epoch=399 qpc=1942260486154 seen=1
observer epoch=400 qpc=1942260496161 seen=1
observer epoch=401 qpc=1942260506149 seen=1
observer epoch=402 qpc=1942260516151 seen=1
observer epoch=403 qpc=1942260526149 seen=1
observer epoch=404 qpc=1942260536153 seen=1
observer epoch=405 qpc=1942260546149 seen=1
observer epoch=406 qpc=1942260556151 seen=1
observer epoch=407 qpc=1942260566150 seen=1
observer epoch=408 qpc=1942260576156 seen=1
observer epoch=409 qpc=1942260586151 seen=1
observer epoch=410 qpc=1942260596152 seen=1
observer epoch=411 qpc=1942260606159 seen=1
observer epoch=412 qpc=1942260616148 seen=1
observer epoch=413 qpc=1942260626157 seen=1
observer epoch=414 qpc=1942260636159 seen=1
observer epoch=415 qpc=1942260646159 seen=1
observer epoch=416 qpc=1942260656158 seen=1
observer epoch=417 qpc=1942260666160 seen=1
observer epoch=418 qpc=1942260676159 seen=1
observer epoch=419 qpc=1942260686160 seen=1
observer epoch=420 qpc=1942260696154 seen=1
observer epoch=421 qpc=1942260706151 seen=1
observer epoch=422 qpc=1942260716149 seen=1
observer epoch=423 qpc=1942260726160 seen=1
observer epoch=424 qpc=1942260736159 seen=1
observer epoch=425 qpc=1942260746155 seen=1
observer epoch=426 qpc=1942260756158 seen=1
observer epoch=427 qpc=1942260766157 seen=1
observer epoch=428 qpc=1942260776158 seen=1
observer epoch=429 qpc=1942260786149 seen=1
observer epoch=430 qpc=1942260796161 seen=1
observer epoch=431 qpc=1942260806153 seen=1
observer epoch=432 qpc=1942260816149 seen=1
observer epoch=433 qpc=1942260826158 seen=1
observer epoch=434 qpc=1942260836157 seen=1
observer epoch=435 qpc=1942260846159 seen=1
observer epoch=436 qpc=1942260856161 seen=1
observer epoch=437 qpc=1942260866151 seen=1
observer epoch=438 qpc=1942260876149 seen=1
observer epoch=439 qpc=1942260886150 seen=1
observer epoch=440 qpc=1942260896157 seen=1
observer epoch=441 qpc=1942260906154 seen=1
observer epoch=442 qpc=1942260916152 seen=1
observer epoch=443 qpc=1942260926149 seen=1
observer epoch=444 qpc=1942260936156 seen=1
observer epoch=445 qpc=1942260946150 seen=1
observer epoch=446 qpc=1942260956153 seen=1
observer epoch=447 qpc=1942260966156 seen=1
observer epoch=448 qpc=1942260976156 seen=1
observer epoch=449 qpc=1942260986156 seen=1
observer epoch=450 qpc=1942260996156 seen=1
observer epoch=451 qpc=1942261006149 seen=1
observer epoch=452 qpc=1942261016149 seen=1
observer epoch=453 qpc=1942261026156 seen=1
observer epoch=454 qpc=1942261036158 seen=1
observer epoch=455 qpc=1942261046158 seen=1
observer epoch=456 qpc=1942261056154 seen=1
observer epoch=457 qpc=1942261066157 seen=1
observer epoch=458 qpc=1942261076157 seen=1
observer epoch=459 qpc=1942261086159 seen=1
observer epoch=460 qpc=1942261096159 seen=1
observer epoch=461 qpc=1942261106155 seen=1
observer epoch=462 qpc=1942261116155 seen=1
observer epoch=463 qpc=1942261126153 seen=1
observer epoch=464 qpc=1942261136160 seen=1
observer epoch=465 qpc=1942261146150 seen=1
observer epoch=466 qpc=1942261156152 seen=1
observer epoch=467 qpc=1942261166148 seen=1
observer epoch=468 qpc=1942261176151 seen=1
observer epoch=469 qpc=1942261186154 seen=1
observer epoch=470 qpc=1942261196160 seen=1
observer epoch=471 qpc=1942261206159 seen=1
observer epoch=472 qpc=1942261216160 seen=1
observer epoch=473 qpc=1942261226149 seen=1
observer epoch=474 qpc=1942261236153 seen=1
observer epoch=475 qpc=1942261246158 seen=1
observer epoch=476 qpc=1942261256160 seen=1
observer epoch=477 qpc=1942261266161 seen=1
observer epoch=478 qpc=1942261276148 seen=1
observer epoch=479 qpc=1942261286152 seen=1
observer epoch=480 qpc=1942261296149 seen=1
observer epoch=481 qpc=1942261306150 seen=1
observer epoch=482 qpc=1942261316159 seen=1
observer epoch=483 qpc=1942261326156 seen=1
observer epoch=484 qpc=1942261336157 seen=1
observer epoch=485 qpc=1942261346148 seen=1
observer epoch=486 qpc=1942261356150 seen=1
observer epoch=487 qpc=1942261366148 seen=1
observer epoch=488 qpc=1942261376151 seen=1
observer epoch=489 qpc=1942261386155 seen=1
observer epoch=490 qpc=1942261396156 seen=1
observer epoch=491 qpc=1942261406159 seen=1
observer epoch=492 qpc=1942261416157 seen=1
observer epoch=493 qpc=1942261426159 seen=1
observer epoch=494 qpc=1942261436148 seen=1
observer epoch=495 qpc=1942261446148 seen=1
observer epoch=496 qpc=1942261456154 seen=1
observer epoch=497 qpc=1942261466159 seen=1
observer epoch=498 qpc=1942261476148 seen=1
observer epoch=499 qpc=1942261486154 seen=1
observer epoch=500 qpc=1942261496154 seen=1
observer epoch=501 qpc=1942261506149 seen=1
observer epoch=502 qpc=1942261516159 seen=1
observer epoch=503 qpc=1942261526148 seen=1
observer epoch=504 qpc=1942261536158 seen=1
observer epoch=505 qpc=1942261546151 seen=1
observer epoch=506 qpc=1942261556148 seen=1
observer epoch=507 qpc=1942261566157 seen=1
observer epoch=508 qpc=1942261576154 seen=1
observer epoch=509 qpc=1942261586151 seen=1
observer epoch=510 qpc=1942261596159 seen=1
observer epoch=511 qpc=1942261606156 seen=1
observer epoch=512 qpc=1942261616148 seen=1
observer epoch=513 qpc=1942261626158 seen=1
observer epoch=514 qpc=1942261636149 seen=1
observer epoch=515 qpc=1942261646156 seen=1
observer epoch=516 qpc=1942261656150 seen=1
observer epoch=517 qpc=1942261666154 seen=1
observer epoch=518 qpc=1942261676157 seen=1
observer epoch=519 qpc=1942261686159 seen=1
observer epoch=520 qpc=1942261696158 seen=1
observer epoch=521 qpc=1942261706155 seen=1
observer epoch=522 qpc=1942261716154 seen=1
observer epoch=523 qpc=1942261726152 seen=1
observer epoch=524 qpc=1942261736154 seen=1
observer epoch=525 qpc=1942261746150 seen=1
observer epoch=526 qpc=1942261756149 seen=1
observer epoch=527 qpc=1942261766148 seen=1
observer epoch=528 qpc=1942261776149 seen=1
observer epoch=529 qpc=1942261786156 seen=1
observer epoch=530 qpc=1942261796149 seen=1
observer epoch=531 qpc=1942261806150 seen=1
observer epoch=532 qpc=1942261816148 seen=1
observer epoch=533 qpc=1942261826151 seen=1
observer epoch=534 qpc=1942261836159 seen=1
observer epoch=535 qpc=1942261846159 seen=1
observer epoch=536 qpc=1942261856148 seen=1
observer epoch=537 qpc=1942261866158 seen=1
observer epoch=538 qpc=1942261876151 seen=1
observer epoch=539 qpc=1942261886160 seen=1
observer epoch=540 qpc=1942261896159 seen=1
observer epoch=541 qpc=1942261906151 seen=1
observer epoch=542 qpc=1942261916155 seen=1
observer epoch=543 qpc=1942261926153 seen=1
observer epoch=544 qpc=1942261936154 seen=1
observer epoch=545 qpc=1942261946154 seen=1
observer epoch=546 qpc=1942261956160 seen=1
observer epoch=547 qpc=1942261966158 seen=1
observer epoch=548 qpc=1942261976148 seen=1
observer epoch=549 qpc=1942261986161 seen=1
observer epoch=550 qpc=1942261996148 seen=1
observer epoch=551 qpc=1942262006150 seen=1
observer epoch=552 qpc=1942262016149 seen=1
observer epoch=553 qpc=1942262026160 seen=1
observer epoch=554 qpc=1942262036152 seen=1
observer epoch=555 qpc=1942262046159 seen=1
observer epoch=556 qpc=1942262056156 seen=1
observer epoch=557 qpc=1942262066156 seen=1
observer epoch=558 qpc=1942262076154 seen=1
observer epoch=559 qpc=1942262086151 seen=1
observer epoch=560 qpc=1942262096160 seen=1
observer epoch=561 qpc=1942262106154 seen=1
observer epoch=562 qpc=1942262116158 seen=1
observer epoch=563 qpc=1942262126160 seen=1
observer epoch=564 qpc=1942262136158 seen=1
observer epoch=565 qpc=1942262146149 seen=1
observer epoch=566 qpc=1942262156151 seen=1
observer epoch=567 qpc=1942262166150 seen=1
observer epoch=568 qpc=1942262176153 seen=1
observer epoch=569 qpc=1942262186151 seen=1
observer epoch=570 qpc=1942262196159 seen=1
observer epoch=571 qpc=1942262206156 seen=1
observer epoch=572 qpc=1942262216155 seen=1
observer epoch=573 qpc=1942262226152 seen=1
observer epoch=574 qpc=1942262236149 seen=1
observer epoch=575 qpc=1942262246150 seen=1
observer epoch=576 qpc=1942262256151 seen=1
observer epoch=577 qpc=1942262266150 seen=1
observer epoch=578 qpc=1942262276159 seen=1
observer epoch=579 qpc=1942262286160 seen=1
observer epoch=580 qpc=1942262296148 seen=1
observer epoch=581 qpc=1942262306151 seen=1
observer epoch=582 qpc=1942262316157 seen=1
observer epoch=583 qpc=1942262326158 seen=1
observer epoch=584 qpc=1942262336151 seen=1
observer epoch=585 qpc=1942262346157 seen=1
observer epoch=586 qpc=1942262356157 seen=1
observer epoch=587 qpc=1942262366151 seen=1
observer epoch=588 qpc=1942262376155 seen=1
observer epoch=589 qpc=1942262386152 seen=1
observer epoch=590 qpc=1942262396152 seen=1
observer epoch=591 qpc=1942262406150 seen=1
observer epoch=592 qpc=1942262416153 seen=1
observer epoch=593 qpc=1942262426149 seen=1
observer epoch=594 qpc=1942262436155 seen=1
observer epoch=595 qpc=1942262446156 seen=1
observer epoch=596 qpc=1942262456156 seen=1
observer epoch=597 qpc=1942262466159 seen=1
observer epoch=598 qpc=1942262476153 seen=1
observer epoch=599 qpc=1942262486152 seen=1
observer_summary first=301 published=1942259499733 start=1942256491147 frequency=10000000 phase_us=500
host loaded=C:\eos-private\Mss32.dll tid=1060 frequency=10000000 arm=1 phase=500
start begin=1942256491148 end=1942256491201
serve epoch=1 begin=1942256997894 end=1942256997962
serve epoch=2 begin=1942257494176 end=1942257494266
serve epoch=3 begin=1942258001185 end=1942258001256
serve epoch=4 begin=1942258497365 end=1942258497453
serve epoch=5 begin=1942258993090 end=1942258993201
serve epoch=6 begin=1942259499669 end=1942259499734
serve epoch=7 begin=1942259995685 end=1942259995766
serve epoch=8 begin=1942260491808 end=1942260491895
serve epoch=9 begin=1942260999284 end=1942260999361
serve epoch=10 begin=1942261495807 end=1942261495900
serve epoch=11 begin=1942261991728 end=1942261991804
serve epoch=12 begin=1942262498261 end=1942262498339
serve epoch=13 begin=1942262993971 end=1942262994042
completion count=1 callback=1942259095435 callback_end=1942259095438 thread=1080 sent=0 status=2 total=204 pos=204 worker=0 send_ok=1
