ALSA lib control.c:1575:(snd_ctl_open_noupdate) [error.control] Invalid CTL hw:0
ALSA lib control.c:1575:(snd_ctl_open_noupdate) [error.control] Invalid CTL hw:1
ALSA lib control.c:1575:(snd_ctl_open_noupdate) [error.control] Invalid CTL hw:0
ALSA lib control.c:1575:(snd_ctl_open_noupdate) [error.control] Invalid CTL hw:1
host loaded=C:\eos-private\Mss32.dll tid=1196 frequency=10000000 arm=2 phase=0
start begin=1942282588901 end=1942282588976
serve epoch=1 begin=1942283096658 end=1942283096779
serve epoch=2 begin=1942283594244 end=1942283594373
serve epoch=3 begin=1942284091860 end=1942284091957
serve epoch=4 begin=1942284598712 end=1942284598798
serve epoch=5 begin=1942285095818 end=1942285095931
serve epoch=6 begin=1942285593078 end=1942285593203
serve epoch=7 begin=1942286091810 end=1942286091914
serve epoch=8 begin=1942286599396 end=1942286599504
serve epoch=9 begin=1942287097512 end=1942287097650
serve epoch=10 begin=1942287594824 end=1942287594936
serve epoch=11 begin=1942288092308 end=1942288092407
serve epoch=12 begin=1942288590146 end=1942288590266
serve epoch=13 begin=1942289097770 end=1942289097897
completion count=1 callback=1942285197010 callback_end=1942285197014 thread=1216 sent=1942285197141 status=2 total=204 pos=204 worker=0 send_ok=1
event callback=1942285197010 callback_end=1942285197014 received=1942285198061 thread=1216 receiver_thread=1188
observer epoch=0 qpc=1942282588896 seen=0
observer epoch=1 qpc=1942282598901 seen=0
observer epoch=2 qpc=1942282608898 seen=0
observer epoch=3 qpc=1942282618904 seen=0
observer epoch=4 qpc=1942282628902 seen=0
observer epoch=5 qpc=1942282638906 seen=0
observer epoch=6 qpc=1942282648896 seen=0
observer epoch=7 qpc=1942282658908 seen=0
observer epoch=8 qpc=1942282668907 seen=0
observer epoch=9 qpc=1942282678901 seen=0
observer epoch=10 qpc=1942282688901 seen=0
observer epoch=11 qpc=1942282698898 seen=0
observer epoch=12 qpc=1942282708903 seen=0
observer epoch=13 qpc=1942282718905 seen=0
observer epoch=14 qpc=1942282728899 seen=0
observer epoch=15 qpc=1942282738896 seen=0
observer epoch=16 qpc=1942282748901 seen=0
observer epoch=17 qpc=1942282758901 seen=0
observer epoch=18 qpc=1942282768903 seen=0
observer epoch=19 qpc=1942282778905 seen=0
observer epoch=20 qpc=1942282788907 seen=0
observer epoch=21 qpc=1942282798907 seen=0
observer epoch=22 qpc=1942282808901 seen=0
observer epoch=23 qpc=1942282818899 seen=0
observer epoch=24 qpc=1942282828907 seen=0
observer epoch=25 qpc=1942282838908 seen=0
observer epoch=26 qpc=1942282848903 seen=0
observer epoch=27 qpc=1942282858905 seen=0
observer epoch=28 qpc=1942282868902 seen=0
observer epoch=29 qpc=1942282878901 seen=0
observer epoch=30 qpc=1942282888902 seen=0
observer epoch=31 qpc=1942282898902 seen=0
observer epoch=32 qpc=1942282908905 seen=0
observer epoch=33 qpc=1942282918901 seen=0
observer epoch=34 qpc=1942282928898 seen=0
observer epoch=35 qpc=1942282938906 seen=0
observer epoch=36 qpc=1942282948903 seen=0
observer epoch=37 qpc=1942282958901 seen=0
observer epoch=38 qpc=1942282968907 seen=0
observer epoch=39 qpc=1942282978904 seen=0
observer epoch=40 qpc=1942282988908 seen=0
observer epoch=41 qpc=1942282998903 seen=0
observer epoch=42 qpc=1942283008900 seen=0
observer epoch=43 qpc=1942283018907 seen=0
observer epoch=44 qpc=1942283028905 seen=0
observer epoch=45 qpc=1942283038896 seen=0
observer epoch=46 qpc=1942283048905 seen=0
observer epoch=47 qpc=1942283058903 seen=0
observer epoch=48 qpc=1942283068899 seen=0
observer epoch=49 qpc=1942283078907 seen=0
observer epoch=50 qpc=1942283088897 seen=0
observer epoch=51 qpc=1942283098898 seen=0
observer epoch=52 qpc=1942283108908 seen=0
observer epoch=53 qpc=1942283118901 seen=0
observer epoch=54 qpc=1942283128902 seen=0
observer epoch=55 qpc=1942283138908 seen=0
observer epoch=56 qpc=1942283148899 seen=0
observer epoch=57 qpc=1942283158897 seen=0
observer epoch=58 qpc=1942283168899 seen=0
observer epoch=59 qpc=1942283178900 seen=0
observer epoch=60 qpc=1942283188904 seen=0
observer epoch=61 qpc=1942283198908 seen=0
observer epoch=62 qpc=1942283208907 seen=0
observer epoch=63 qpc=1942283218902 seen=0
observer epoch=64 qpc=1942283228902 seen=0
observer epoch=65 qpc=1942283238908 seen=0
observer epoch=66 qpc=1942283248907 seen=0
observer epoch=67 qpc=1942283258898 seen=0
observer epoch=68 qpc=1942283268896 seen=0
observer epoch=69 qpc=1942283278903 seen=0
observer epoch=70 qpc=1942283288898 seen=0
observer epoch=71 qpc=1942283298901 seen=0
observer epoch=72 qpc=1942283308901 seen=0
observer epoch=73 qpc=1942283318905 seen=0
observer epoch=74 qpc=1942283328906 seen=0
observer epoch=75 qpc=1942283338899 seen=0
observer epoch=76 qpc=1942283348902 seen=0
observer epoch=77 qpc=1942283358908 seen=0
observer epoch=78 qpc=1942283368896 seen=0
observer epoch=79 qpc=1942283378903 seen=0
observer epoch=80 qpc=1942283388908 seen=0
observer epoch=81 qpc=1942283398904 seen=0
observer epoch=82 qpc=1942283408908 seen=0
observer epoch=83 qpc=1942283418903 seen=0
observer epoch=84 qpc=1942283428907 seen=0
observer epoch=85 qpc=1942283438908 seen=0
observer epoch=86 qpc=1942283448904 seen=0
observer epoch=87 qpc=1942283458903 seen=0
observer epoch=88 qpc=1942283468902 seen=0
observer epoch=89 qpc=1942283478908 seen=0
observer epoch=90 qpc=1942283488897 seen=0
observer epoch=91 qpc=1942283498903 seen=0
observer epoch=92 qpc=1942283508898 seen=0
observer epoch=93 qpc=1942283518896 seen=0
observer epoch=94 qpc=1942283528899 seen=0
observer epoch=95 qpc=1942283538899 seen=0
observer epoch=96 qpc=1942283548906 seen=0
observer epoch=97 qpc=1942283558899 seen=0
observer epoch=98 qpc=1942283568903 seen=0
observer epoch=99 qpc=1942283578906 seen=0
observer epoch=100 qpc=1942283588901 seen=0
observer epoch=101 qpc=1942283598896 seen=0
observer epoch=102 qpc=1942283608900 seen=0
observer epoch=103 qpc=1942283618906 seen=0
observer epoch=104 qpc=1942283628902 seen=0
observer epoch=105 qpc=1942283638897 seen=0
observer epoch=106 qpc=1942283648902 seen=0
observer epoch=107 qpc=1942283658903 seen=0
observer epoch=108 qpc=1942283668904 seen=0
observer epoch=109 qpc=1942283678908 seen=0
observer epoch=110 qpc=1942283688898 seen=0
observer epoch=111 qpc=1942283698897 seen=0
observer epoch=112 qpc=1942283708902 seen=0
observer epoch=113 qpc=1942283718902 seen=0
observer epoch=114 qpc=1942283728900 seen=0
observer epoch=115 qpc=1942283738908 seen=0
observer epoch=116 qpc=1942283748899 seen=0
observer epoch=117 qpc=1942283758903 seen=0
observer epoch=118 qpc=1942283768907 seen=0
observer epoch=119 qpc=1942283778900 seen=0
observer epoch=120 qpc=1942283788905 seen=0
observer epoch=121 qpc=1942283798907 seen=0
observer epoch=122 qpc=1942283808899 seen=0
observer epoch=123 qpc=1942283818900 seen=0
observer epoch=124 qpc=1942283828903 seen=0
observer epoch=125 qpc=1942283838897 seen=0
observer epoch=126 qpc=1942283848897 seen=0
observer epoch=127 qpc=1942283858902 seen=0
observer epoch=128 qpc=1942283868901 seen=0
observer epoch=129 qpc=1942283878899 seen=0
observer epoch=130 qpc=1942283888898 seen=0
observer epoch=131 qpc=1942283898906 seen=0
observer epoch=132 qpc=1942283908905 seen=0
observer epoch=133 qpc=1942283918905 seen=0
observer epoch=134 qpc=1942283928904 seen=0
observer epoch=135 qpc=1942283938900 seen=0
observer epoch=136 qpc=1942283948902 seen=0
observer epoch=137 qpc=1942283958900 seen=0
observer epoch=138 qpc=1942283968907 seen=0
observer epoch=139 qpc=1942283978901 seen=0
observer epoch=140 qpc=1942283988903 seen=0
observer epoch=141 qpc=1942283998908 seen=0
observer epoch=142 qpc=1942284008904 seen=0
observer epoch=143 qpc=1942284018903 seen=0
observer epoch=144 qpc=1942284028902 seen=0
observer epoch=145 qpc=1942284038899 seen=0
observer epoch=146 qpc=1942284048904 seen=0
observer epoch=147 qpc=1942284058899 seen=0
observer epoch=148 qpc=1942284068897 seen=0
observer epoch=149 qpc=1942284078906 seen=0
observer epoch=150 qpc=1942284088902 seen=0
observer epoch=151 qpc=1942284098897 seen=0
observer epoch=152 qpc=1942284108906 seen=0
observer epoch=153 qpc=1942284118902 seen=0
observer epoch=154 qpc=1942284128900 seen=0
observer epoch=155 qpc=1942284138897 seen=0
observer epoch=156 qpc=1942284148904 seen=0
observer epoch=157 qpc=1942284158897 seen=0
observer epoch=158 qpc=1942284168898 seen=0
observer epoch=159 qpc=1942284178905 seen=0
observer epoch=160 qpc=1942284188907 seen=0
observer epoch=161 qpc=1942284198908 seen=0
observer epoch=162 qpc=1942284208902 seen=0
observer epoch=163 qpc=1942284218907 seen=0
observer epoch=164 qpc=1942284228901 seen=0
observer epoch=165 qpc=1942284238908 seen=0
observer epoch=166 qpc=1942284248900 seen=0
observer epoch=167 qpc=1942284258904 seen=0
observer epoch=168 qpc=1942284268896 seen=0
observer epoch=169 qpc=1942284278904 seen=0
observer epoch=170 qpc=1942284288908 seen=0
observer epoch=171 qpc=1942284298898 seen=0
observer epoch=172 qpc=1942284308904 seen=0
observer epoch=173 qpc=1942284318904 seen=0
observer epoch=174 qpc=1942284328907 seen=0
observer epoch=175 qpc=1942284338898 seen=0
observer epoch=176 qpc=1942284348902 seen=0
observer epoch=177 qpc=1942284358905 seen=0
observer epoch=178 qpc=1942284368902 seen=0
observer epoch=179 qpc=1942284378900 seen=0
observer epoch=180 qpc=1942284388908 seen=0
observer epoch=181 qpc=1942284398906 seen=0
observer epoch=182 qpc=1942284408903 seen=0
observer epoch=183 qpc=1942284418908 seen=0
observer epoch=184 qpc=1942284428901 seen=0
observer epoch=185 qpc=1942284438905 seen=0
observer epoch=186 qpc=1942284448901 seen=0
observer epoch=187 qpc=1942284458898 seen=0
observer epoch=188 qpc=1942284468905 seen=0
observer epoch=189 qpc=1942284478903 seen=0
observer epoch=190 qpc=1942284488904 seen=0
observer epoch=191 qpc=1942284498901 seen=0
observer epoch=192 qpc=1942284508896 seen=0
observer epoch=193 qpc=1942284518897 seen=0
observer epoch=194 qpc=1942284528902 seen=0
observer epoch=195 qpc=1942284538905 seen=0
observer epoch=196 qpc=1942284548899 seen=0
observer epoch=197 qpc=1942284558897 seen=0
observer epoch=198 qpc=1942284568908 seen=0
observer epoch=199 qpc=1942284578908 seen=0
observer epoch=200 qpc=1942284588903 seen=0
observer epoch=201 qpc=1942284598907 seen=0
observer epoch=202 qpc=1942284608904 seen=0
observer epoch=203 qpc=1942284618906 seen=0
observer epoch=204 qpc=1942284628901 seen=0
observer epoch=205 qpc=1942284638902 seen=0
observer epoch=206 qpc=1942284648903 seen=0
observer epoch=207 qpc=1942284658898 seen=0
observer epoch=208 qpc=1942284668908 seen=0
observer epoch=209 qpc=1942284678898 seen=0
observer epoch=210 qpc=1942284688900 seen=0
observer epoch=211 qpc=1942284698905 seen=0
observer epoch=212 qpc=1942284708901 seen=0
observer epoch=213 qpc=1942284718899 seen=0
observer epoch=214 qpc=1942284728899 seen=0
observer epoch=215 qpc=1942284738899 seen=0
observer epoch=216 qpc=1942284748907 seen=0
observer epoch=217 qpc=1942284758898 seen=0
observer epoch=218 qpc=1942284768902 seen=0
observer epoch=219 qpc=1942284778908 seen=0
observer epoch=220 qpc=1942284788904 seen=0
observer epoch=221 qpc=1942284798905 seen=0
observer epoch=222 qpc=1942284808909 seen=0
observer epoch=223 qpc=1942284818899 seen=0
observer epoch=224 qpc=1942284828896 seen=0
observer epoch=225 qpc=1942284838904 seen=0
observer epoch=226 qpc=1942284848905 seen=0
observer epoch=227 qpc=1942284858901 seen=0
observer epoch=228 qpc=1942284868899 seen=0
observer epoch=229 qpc=1942284878906 seen=0
observer epoch=230 qpc=1942284888897 seen=0
observer epoch=231 qpc=1942284898900 seen=0
observer epoch=232 qpc=1942284908902 seen=0
observer epoch=233 qpc=1942284918906 seen=0
observer epoch=234 qpc=1942284928907 seen=0
observer epoch=235 qpc=1942284938907 seen=0
observer epoch=236 qpc=1942284948904 seen=0
observer epoch=237 qpc=1942284958913 seen=0
observer epoch=238 qpc=1942284968899 seen=0
observer epoch=239 qpc=1942284978899 seen=0
observer epoch=240 qpc=1942284988913 seen=0
observer epoch=241 qpc=1942284998900 seen=0
observer epoch=242 qpc=1942285008903 seen=0
observer epoch=243 qpc=1942285018904 seen=0
observer epoch=244 qpc=1942285028897 seen=0
observer epoch=245 qpc=1942285038905 seen=0
observer epoch=246 qpc=1942285048908 seen=0
observer epoch=247 qpc=1942285058907 seen=0
observer epoch=248 qpc=1942285068899 seen=0
observer epoch=249 qpc=1942285078897 seen=0
observer epoch=250 qpc=1942285088908 seen=0
observer epoch=251 qpc=1942285098902 seen=0
observer epoch=252 qpc=1942285108906 seen=0
observer epoch=253 qpc=1942285118903 seen=0
observer epoch=254 qpc=1942285128897 seen=0
observer epoch=255 qpc=1942285138902 seen=0
observer epoch=256 qpc=1942285148908 seen=0
observer epoch=257 qpc=1942285158899 seen=0
observer epoch=258 qpc=1942285168901 seen=0
observer epoch=259 qpc=1942285178907 seen=0
observer epoch=260 qpc=1942285188899 seen=0
observer epoch=261 qpc=1942285198898 seen=1
observer epoch=262 qpc=1942285208899 seen=1
observer epoch=263 qpc=1942285218905 seen=1
observer epoch=264 qpc=1942285228902 seen=1
observer epoch=265 qpc=1942285238908 seen=1
observer epoch=266 qpc=1942285248898 seen=1
observer epoch=267 qpc=1942285258908 seen=1
observer epoch=268 qpc=1942285268901 seen=1
observer epoch=269 qpc=1942285278903 seen=1
observer epoch=270 qpc=1942285288905 seen=1
observer epoch=271 qpc=1942285298902 seen=1
observer epoch=272 qpc=1942285308911 seen=1
observer epoch=273 qpc=1942285318902 seen=1
observer epoch=274 qpc=1942285328908 seen=1
observer epoch=275 qpc=1942285338907 seen=1
observer epoch=276 qpc=1942285348904 seen=1
observer epoch=277 qpc=1942285358901 seen=1
observer epoch=278 qpc=1942285368900 seen=1
observer epoch=279 qpc=1942285378899 seen=1
observer epoch=280 qpc=1942285388906 seen=1
observer epoch=281 qpc=1942285398903 seen=1
observer epoch=282 qpc=1942285408905 seen=1
observer epoch=283 qpc=1942285418906 seen=1
observer epoch=284 qpc=1942285428902 seen=1
observer epoch=285 qpc=1942285438900 seen=1
observer epoch=286 qpc=1942285448904 seen=1
observer epoch=287 qpc=1942285458906 seen=1
observer epoch=288 qpc=1942285468902 seen=1
observer epoch=289 qpc=1942285478898 seen=1
observer epoch=290 qpc=1942285488902 seen=1
observer epoch=291 qpc=1942285498905 seen=1
observer epoch=292 qpc=1942285508898 seen=1
observer epoch=293 qpc=1942285518896 seen=1
observer epoch=294 qpc=1942285528898 seen=1
observer epoch=295 qpc=1942285538906 seen=1
observer epoch=296 qpc=1942285548907 seen=1
observer epoch=297 qpc=1942285558905 seen=1
observer epoch=298 qpc=1942285568897 seen=1
observer epoch=299 qpc=1942285578898 seen=1
observer epoch=300 qpc=1942285588906 seen=1
observer epoch=301 qpc=1942285598907 seen=1
observer epoch=302 qpc=1942285608906 seen=1
observer epoch=303 qpc=1942285618901 seen=1
observer epoch=304 qpc=1942285628907 seen=1
observer epoch=305 qpc=1942285638905 seen=1
observer epoch=306 qpc=1942285648897 seen=1
observer epoch=307 qpc=1942285658899 seen=1
observer epoch=308 qpc=1942285668898 seen=1
observer epoch=309 qpc=1942285678903 seen=1
observer epoch=310 qpc=1942285688900 seen=1
observer epoch=311 qpc=1942285698908 seen=1
observer epoch=312 qpc=1942285708901 seen=1
observer epoch=313 qpc=1942285718902 seen=1
observer epoch=314 qpc=1942285728898 seen=1
observer epoch=315 qpc=1942285738907 seen=1
observer epoch=316 qpc=1942285748906 seen=1
observer epoch=317 qpc=1942285758899 seen=1
observer epoch=318 qpc=1942285768905 seen=1
observer epoch=319 qpc=1942285778904 seen=1
observer epoch=320 qpc=1942285788908 seen=1
observer epoch=321 qpc=1942285798898 seen=1
observer epoch=322 qpc=1942285808897 seen=1
observer epoch=323 qpc=1942285818907 seen=1
observer epoch=324 qpc=1942285828898 seen=1
observer epoch=325 qpc=1942285838904 seen=1
observer epoch=326 qpc=1942285848903 seen=1
observer epoch=327 qpc=1942285858899 seen=1
observer epoch=328 qpc=1942285868907 seen=1
observer epoch=329 qpc=1942285878907 seen=1
observer epoch=330 qpc=1942285888907 seen=1
observer epoch=331 qpc=1942285898903 seen=1
observer epoch=332 qpc=1942285908902 seen=1
observer epoch=333 qpc=1942285918906 seen=1
observer epoch=334 qpc=1942285928903 seen=1
observer epoch=335 qpc=1942285938897 seen=1
observer epoch=336 qpc=1942285948901 seen=1
observer epoch=337 qpc=1942285958897 seen=1
observer epoch=338 qpc=1942285968908 seen=1
observer epoch=339 qpc=1942285978901 seen=1
observer epoch=340 qpc=1942285988902 seen=1
observer epoch=341 qpc=1942285998903 seen=1
observer epoch=342 qpc=1942286008898 seen=1
observer epoch=343 qpc=1942286018899 seen=1
observer epoch=344 qpc=1942286028903 seen=1
observer epoch=345 qpc=1942286038900 seen=1
observer epoch=346 qpc=1942286048901 seen=1
observer epoch=347 qpc=1942286058904 seen=1
observer epoch=348 qpc=1942286068908 seen=1
observer epoch=349 qpc=1942286078905 seen=1
observer epoch=350 qpc=1942286088901 seen=1
observer epoch=351 qpc=1942286098904 seen=1
observer epoch=352 qpc=1942286108907 seen=1
observer epoch=353 qpc=1942286118903 seen=1
observer epoch=354 qpc=1942286128903 seen=1
observer epoch=355 qpc=1942286138905 seen=1
observer epoch=356 qpc=1942286148897 seen=1
observer epoch=357 qpc=1942286158907 seen=1
observer epoch=358 qpc=1942286168899 seen=1
observer epoch=359 qpc=1942286178908 seen=1
observer epoch=360 qpc=1942286188896 seen=1
observer epoch=361 qpc=1942286198907 seen=1
observer epoch=362 qpc=1942286208906 seen=1
observer epoch=363 qpc=1942286218905 seen=1
observer epoch=364 qpc=1942286228907 seen=1
observer epoch=365 qpc=1942286238897 seen=1
observer epoch=366 qpc=1942286248900 seen=1
observer epoch=367 qpc=1942286258896 seen=1
observer epoch=368 qpc=1942286268907 seen=1
observer epoch=369 qpc=1942286278901 seen=1
observer epoch=370 qpc=1942286288903 seen=1
observer epoch=371 qpc=1942286298905 seen=1
observer epoch=372 qpc=1942286308899 seen=1
observer epoch=373 qpc=1942286318903 seen=1
observer epoch=374 qpc=1942286328905 seen=1
observer epoch=375 qpc=1942286338905 seen=1
observer epoch=376 qpc=1942286348896 seen=1
observer epoch=377 qpc=1942286358903 seen=1
observer epoch=378 qpc=1942286368903 seen=1
observer epoch=379 qpc=1942286378907 seen=1
observer epoch=380 qpc=1942286388903 seen=1
observer epoch=381 qpc=1942286398903 seen=1
observer epoch=382 qpc=1942286408899 seen=1
observer epoch=383 qpc=1942286418898 seen=1
observer epoch=384 qpc=1942286428902 seen=1
observer epoch=385 qpc=1942286438897 seen=1
observer epoch=386 qpc=1942286448900 seen=1
observer epoch=387 qpc=1942286458899 seen=1
observer epoch=388 qpc=1942286468904 seen=1
observer epoch=389 qpc=1942286478901 seen=1
observer epoch=390 qpc=1942286488908 seen=1
observer epoch=391 qpc=1942286498899 seen=1
observer epoch=392 qpc=1942286508899 seen=1
observer epoch=393 qpc=1942286518898 seen=1
observer epoch=394 qpc=1942286528901 seen=1
observer epoch=395 qpc=1942286538901 seen=1
observer epoch=396 qpc=1942286548904 seen=1
observer epoch=397 qpc=1942286558906 seen=1
observer epoch=398 qpc=1942286568907 seen=1
observer epoch=399 qpc=1942286578905 seen=1
observer epoch=400 qpc=1942286588897 seen=1
observer epoch=401 qpc=1942286598898 seen=1
observer epoch=402 qpc=1942286608900 seen=1
observer epoch=403 qpc=1942286618908 seen=1
observer epoch=404 qpc=1942286628896 seen=1
observer epoch=405 qpc=1942286638902 seen=1
observer epoch=406 qpc=1942286648906 seen=1
observer epoch=407 qpc=1942286658904 seen=1
observer epoch=408 qpc=1942286668897 seen=1
observer epoch=409 qpc=1942286678896 seen=1
observer epoch=410 qpc=1942286688903 seen=1
observer epoch=411 qpc=1942286698905 seen=1
observer epoch=412 qpc=1942286708901 seen=1
observer epoch=413 qpc=1942286718899 seen=1
observer epoch=414 qpc=1942286728897 seen=1
observer epoch=415 qpc=1942286738906 seen=1
observer epoch=416 qpc=1942286748905 seen=1
observer epoch=417 qpc=1942286758902 seen=1
observer epoch=418 qpc=1942286768896 seen=1
observer epoch=419 qpc=1942286778904 seen=1
observer epoch=420 qpc=1942286788905 seen=1
observer epoch=421 qpc=1942286798908 seen=1
observer epoch=422 qpc=1942286808903 seen=1
observer epoch=423 qpc=1942286818905 seen=1
observer epoch=424 qpc=1942286828900 seen=1
observer epoch=425 qpc=1942286838901 seen=1
observer epoch=426 qpc=1942286848901 seen=1
observer epoch=427 qpc=1942286858907 seen=1
observer epoch=428 qpc=1942286868902 seen=1
observer epoch=429 qpc=1942286878902 seen=1
observer epoch=430 qpc=1942286888896 seen=1
observer epoch=431 qpc=1942286898904 seen=1
observer epoch=432 qpc=1942286908901 seen=1
observer epoch=433 qpc=1942286918907 seen=1
observer epoch=434 qpc=1942286928902 seen=1
observer epoch=435 qpc=1942286938904 seen=1
observer epoch=436 qpc=1942286948902 seen=1
observer epoch=437 qpc=1942286958907 seen=1
observer epoch=438 qpc=1942286968902 seen=1
observer epoch=439 qpc=1942286978900 seen=1
observer epoch=440 qpc=1942286988901 seen=1
observer epoch=441 qpc=1942286998900 seen=1
observer epoch=442 qpc=1942287008908 seen=1
observer epoch=443 qpc=1942287018896 seen=1
observer epoch=444 qpc=1942287028901 seen=1
observer epoch=445 qpc=1942287038901 seen=1
observer epoch=446 qpc=1942287048906 seen=1
observer epoch=447 qpc=1942287058903 seen=1
observer epoch=448 qpc=1942287068898 seen=1
observer epoch=449 qpc=1942287078906 seen=1
observer epoch=450 qpc=1942287088903 seen=1
observer epoch=451 qpc=1942287098897 seen=1
observer epoch=452 qpc=1942287108900 seen=1
observer epoch=453 qpc=1942287118897 seen=1
observer epoch=454 qpc=1942287128904 seen=1
observer epoch=455 qpc=1942287138907 seen=1
observer epoch=456 qpc=1942287148902 seen=1
observer epoch=457 qpc=1942287158901 seen=1
observer epoch=458 qpc=1942287168904 seen=1
observer epoch=459 qpc=1942287178903 seen=1
observer epoch=460 qpc=1942287188899 seen=1
observer epoch=461 qpc=1942287198906 seen=1
observer epoch=462 qpc=1942287208898 seen=1
observer epoch=463 qpc=1942287218904 seen=1
observer epoch=464 qpc=1942287228903 seen=1
observer epoch=465 qpc=1942287238899 seen=1
observer epoch=466 qpc=1942287248901 seen=1
observer epoch=467 qpc=1942287258898 seen=1
observer epoch=468 qpc=1942287268898 seen=1
observer epoch=469 qpc=1942287278897 seen=1
observer epoch=470 qpc=1942287288904 seen=1
observer epoch=471 qpc=1942287298901 seen=1
observer epoch=472 qpc=1942287308905 seen=1
observer epoch=473 qpc=1942287318907 seen=1
observer epoch=474 qpc=1942287328906 seen=1
observer epoch=475 qpc=1942287338906 seen=1
observer epoch=476 qpc=1942287348900 seen=1
observer epoch=477 qpc=1942287358898 seen=1
observer epoch=478 qpc=1942287368897 seen=1
observer epoch=479 qpc=1942287378898 seen=1
observer epoch=480 qpc=1942287388903 seen=1
observer epoch=481 qpc=1942287398908 seen=1
observer epoch=482 qpc=1942287408902 seen=1
observer epoch=483 qpc=1942287418905 seen=1
observer epoch=484 qpc=1942287428906 seen=1
observer epoch=485 qpc=1942287438907 seen=1
observer epoch=486 qpc=1942287448896 seen=1
observer epoch=487 qpc=1942287458901 seen=1
observer epoch=488 qpc=1942287468903 seen=1
observer epoch=489 qpc=1942287478901 seen=1
observer epoch=490 qpc=1942287488902 seen=1
observer epoch=491 qpc=1942287498897 seen=1
observer epoch=492 qpc=1942287508899 seen=1
observer epoch=493 qpc=1942287518908 seen=1
observer epoch=494 qpc=1942287528906 seen=1
observer epoch=495 qpc=1942287538904 seen=1
observer epoch=496 qpc=1942287548896 seen=1
observer epoch=497 qpc=1942287558909 seen=1
observer epoch=498 qpc=1942287568906 seen=1
observer epoch=499 qpc=1942287578906 seen=1
observer epoch=500 qpc=1942287588898 seen=1
observer epoch=501 qpc=1942287598903 seen=1
observer epoch=502 qpc=1942287608904 seen=1
observer epoch=503 qpc=1942287618900 seen=1
observer epoch=504 qpc=1942287628903 seen=1
observer epoch=505 qpc=1942287638902 seen=1
observer epoch=506 qpc=1942287648896 seen=1
observer epoch=507 qpc=1942287658908 seen=1
observer epoch=508 qpc=1942287668908 seen=1
observer epoch=509 qpc=1942287678909 seen=1
observer epoch=510 qpc=1942287688897 seen=1
observer epoch=511 qpc=1942287698900 seen=1
observer epoch=512 qpc=1942287708908 seen=1
observer epoch=513 qpc=1942287718908 seen=1
observer epoch=514 qpc=1942287728905 seen=1
observer epoch=515 qpc=1942287738906 seen=1
observer epoch=516 qpc=1942287748901 seen=1
observer epoch=517 qpc=1942287758905 seen=1
observer epoch=518 qpc=1942287768900 seen=1
observer epoch=519 qpc=1942287778907 seen=1
observer epoch=520 qpc=1942287788907 seen=1
observer epoch=521 qpc=1942287798907 seen=1
observer epoch=522 qpc=1942287808907 seen=1
observer epoch=523 qpc=1942287818906 seen=1
observer epoch=524 qpc=1942287828903 seen=1
observer epoch=525 qpc=1942287838897 seen=1
observer epoch=526 qpc=1942287848909 seen=1
observer epoch=527 qpc=1942287858898 seen=1
observer epoch=528 qpc=1942287868901 seen=1
observer epoch=529 qpc=1942287878899 seen=1
observer epoch=530 qpc=1942287888903 seen=1
observer epoch=531 qpc=1942287898904 seen=1
observer epoch=532 qpc=1942287908899 seen=1
observer epoch=533 qpc=1942287918902 seen=1
observer epoch=534 qpc=1942287928897 seen=1
observer epoch=535 qpc=1942287938897 seen=1
observer epoch=536 qpc=1942287948908 seen=1
observer epoch=537 qpc=1942287958900 seen=1
observer epoch=538 qpc=1942287968899 seen=1
observer epoch=539 qpc=1942287978904 seen=1
observer epoch=540 qpc=1942287988905 seen=1
observer epoch=541 qpc=1942287998902 seen=1
observer epoch=542 qpc=1942288008905 seen=1
observer epoch=543 qpc=1942288018908 seen=1
observer epoch=544 qpc=1942288028899 seen=1
observer epoch=545 qpc=1942288038899 seen=1
observer epoch=546 qpc=1942288048903 seen=1
observer epoch=547 qpc=1942288058907 seen=1
observer epoch=548 qpc=1942288068899 seen=1
observer epoch=549 qpc=1942288078899 seen=1
observer epoch=550 qpc=1942288088908 seen=1
observer epoch=551 qpc=1942288098904 seen=1
observer epoch=552 qpc=1942288108900 seen=1
observer epoch=553 qpc=1942288118898 seen=1
observer epoch=554 qpc=1942288128907 seen=1
observer epoch=555 qpc=1942288138899 seen=1
observer epoch=556 qpc=1942288148900 seen=1
observer epoch=557 qpc=1942288158897 seen=1
observer epoch=558 qpc=1942288168903 seen=1
observer epoch=559 qpc=1942288178904 seen=1
observer epoch=560 qpc=1942288188898 seen=1
observer epoch=561 qpc=1942288198897 seen=1
observer epoch=562 qpc=1942288208897 seen=1
observer epoch=563 qpc=1942288218904 seen=1
observer epoch=564 qpc=1942288228898 seen=1
observer epoch=565 qpc=1942288238897 seen=1
observer epoch=566 qpc=1942288248899 seen=1
observer epoch=567 qpc=1942288258896 seen=1
observer epoch=568 qpc=1942288268901 seen=1
observer epoch=569 qpc=1942288278899 seen=1
observer epoch=570 qpc=1942288288903 seen=1
observer epoch=571 qpc=1942288298900 seen=1
observer epoch=572 qpc=1942288308903 seen=1
observer epoch=573 qpc=1942288318896 seen=1
observer epoch=574 qpc=1942288328904 seen=1
observer epoch=575 qpc=1942288338901 seen=1
observer epoch=576 qpc=1942288348905 seen=1
observer epoch=577 qpc=1942288358900 seen=1
observer epoch=578 qpc=1942288368897 seen=1
observer epoch=579 qpc=1942288378896 seen=1
observer epoch=580 qpc=1942288388899 seen=1
observer epoch=581 qpc=1942288398901 seen=1
observer epoch=582 qpc=1942288408908 seen=1
observer epoch=583 qpc=1942288418899 seen=1
observer epoch=584 qpc=1942288428901 seen=1
observer epoch=585 qpc=1942288438897 seen=1
observer epoch=586 qpc=1942288448904 seen=1
observer epoch=587 qpc=1942288458906 seen=1
observer epoch=588 qpc=1942288468905 seen=1
observer epoch=589 qpc=1942288478899 seen=1
observer epoch=590 qpc=1942288488901 seen=1
observer epoch=591 qpc=1942288498902 seen=1
observer epoch=592 qpc=1942288508897 seen=1
observer epoch=593 qpc=1942288518906 seen=1
observer epoch=594 qpc=1942288528904 seen=1
observer epoch=595 qpc=1942288538908 seen=1
observer epoch=596 qpc=1942288548905 seen=1
observer epoch=597 qpc=1942288558897 seen=1
observer epoch=598 qpc=1942288568906 seen=1
observer epoch=599 qpc=1942288578905 seen=1
observer_summary first=261 published=1942285198063 start=1942282588896 frequency=10000000 phase_us=0
controller host_exit=0 observer_wait=0
