ALSA lib control.c:1575:(snd_ctl_open_noupdate) [error.control] Invalid CTL hw:0
ALSA lib control.c:1575:(snd_ctl_open_noupdate) [error.control] Invalid CTL hw:1
ALSA lib control.c:1575:(snd_ctl_open_noupdate) [error.control] Invalid CTL hw:0
ALSA lib control.c:1575:(snd_ctl_open_noupdate) [error.control] Invalid CTL hw:1
host loaded=C:\eos-private\Mss32.dll tid=1292 frequency=10000000 arm=2 phase=500
start begin=1942300023281 end=1942300023338
serve epoch=1 begin=1942300530719 end=1942300530804
serve epoch=2 begin=1942301028391 end=1942301028473
serve epoch=3 begin=1942301525377 end=1942301525453
serve epoch=4 begin=1942302033635 end=1942302033762
serve epoch=5 begin=1942302531286 end=1942302531377
serve epoch=6 begin=1942303030105 end=1942303030202
serve epoch=7 begin=1942303527182 end=1942303527393
serve epoch=8 begin=1942304027049 end=1942304027183
serve epoch=9 begin=1942304525352 end=1942304525503
serve epoch=10 begin=1942305025730 end=1942305025887
serve epoch=11 begin=1942305526069 end=1942305526209
serve epoch=12 begin=1942306026372 end=1942306026549
serve epoch=13 begin=1942306524254 end=1942306524412
completion count=1 callback=1942302625594 callback_end=1942302625598 thread=1312 sent=1942302625730 status=2 total=204 pos=204 worker=0 send_ok=1
event callback=1942302625594 callback_end=1942302625598 received=1942302626806 thread=1312 receiver_thread=1284
observer epoch=0 qpc=1942300028272 seen=0
observer epoch=1 qpc=1942300038277 seen=0
observer epoch=2 qpc=1942300048282 seen=0
observer epoch=3 qpc=1942300058274 seen=0
observer epoch=4 qpc=1942300068279 seen=0
observer epoch=5 qpc=1942300078272 seen=0
observer epoch=6 qpc=1942300088278 seen=0
observer epoch=7 qpc=1942300098279 seen=0
observer epoch=8 qpc=1942300108274 seen=0
observer epoch=9 qpc=1942300118280 seen=0
observer epoch=10 qpc=1942300128282 seen=0
observer epoch=11 qpc=1942300138273 seen=0
observer epoch=12 qpc=1942300148278 seen=0
observer epoch=13 qpc=1942300158275 seen=0
observer epoch=14 qpc=1942300168280 seen=0
observer epoch=15 qpc=1942300178281 seen=0
observer epoch=16 qpc=1942300188278 seen=0
observer epoch=17 qpc=1942300198282 seen=0
observer epoch=18 qpc=1942300208276 seen=0
observer epoch=19 qpc=1942300218283 seen=0
observer epoch=20 qpc=1942300228278 seen=0
observer epoch=21 qpc=1942300238276 seen=0
observer epoch=22 qpc=1942300248281 seen=0
observer epoch=23 qpc=1942300258270 seen=0
observer epoch=24 qpc=1942300268271 seen=0
observer epoch=25 qpc=1942300278275 seen=0
observer epoch=26 qpc=1942300288273 seen=0
observer epoch=27 qpc=1942300298278 seen=0
observer epoch=28 qpc=1942300308274 seen=0
observer epoch=29 qpc=1942300318279 seen=0
observer epoch=30 qpc=1942300328273 seen=0
observer epoch=31 qpc=1942300338272 seen=0
observer epoch=32 qpc=1942300348274 seen=0
observer epoch=33 qpc=1942300358280 seen=0
observer epoch=34 qpc=1942300368274 seen=0
observer epoch=35 qpc=1942300378275 seen=0
observer epoch=36 qpc=1942300388272 seen=0
observer epoch=37 qpc=1942300398282 seen=0
observer epoch=38 qpc=1942300408279 seen=0
observer epoch=39 qpc=1942300418282 seen=0
observer epoch=40 qpc=1942300428276 seen=0
observer epoch=41 qpc=1942300438275 seen=0
observer epoch=42 qpc=1942300448282 seen=0
observer epoch=43 qpc=1942300458279 seen=0
observer epoch=44 qpc=1942300468280 seen=0
observer epoch=45 qpc=1942300478286 seen=0
observer epoch=46 qpc=1942300488272 seen=0
observer epoch=47 qpc=1942300498273 seen=0
observer epoch=48 qpc=1942300508276 seen=0
observer epoch=49 qpc=1942300518279 seen=0
observer epoch=50 qpc=1942300528271 seen=0
observer epoch=51 qpc=1942300538275 seen=0
observer epoch=52 qpc=1942300548281 seen=0
observer epoch=53 qpc=1942300558279 seen=0
observer epoch=54 qpc=1942300568273 seen=0
observer epoch=55 qpc=1942300578279 seen=0
observer epoch=56 qpc=1942300588273 seen=0
observer epoch=57 qpc=1942300598270 seen=0
observer epoch=58 qpc=1942300608271 seen=0
observer epoch=59 qpc=1942300618271 seen=0
observer epoch=60 qpc=1942300628276 seen=0
observer epoch=61 qpc=1942300638279 seen=0
observer epoch=62 qpc=1942300648272 seen=0
observer epoch=63 qpc=1942300658280 seen=0
observer epoch=64 qpc=1942300668277 seen=0
observer epoch=65 qpc=1942300678272 seen=0
observer epoch=66 qpc=1942300688278 seen=0
observer epoch=67 qpc=1942300698276 seen=0
observer epoch=68 qpc=1942300708274 seen=0
observer epoch=69 qpc=1942300718280 seen=0
observer epoch=70 qpc=1942300728272 seen=0
observer epoch=71 qpc=1942300738276 seen=0
observer epoch=72 qpc=1942300748277 seen=0
observer epoch=73 qpc=1942300758274 seen=0
observer epoch=74 qpc=1942300768288 seen=0
observer epoch=75 qpc=1942300778271 seen=0
observer epoch=76 qpc=1942300788282 seen=0
observer epoch=77 qpc=1942300798280 seen=0
observer epoch=78 qpc=1942300808274 seen=0
observer epoch=79 qpc=1942300818271 seen=0
observer epoch=80 qpc=1942300828280 seen=0
observer epoch=81 qpc=1942300838273 seen=0
observer epoch=82 qpc=1942300848277 seen=0
observer epoch=83 qpc=1942300858279 seen=0
observer epoch=84 qpc=1942300868278 seen=0
observer epoch=85 qpc=1942300878279 seen=0
observer epoch=86 qpc=1942300888280 seen=0
observer epoch=87 qpc=1942300898271 seen=0
observer epoch=88 qpc=1942300908275 seen=0
observer epoch=89 qpc=1942300918271 seen=0
observer epoch=90 qpc=1942300928280 seen=0
observer epoch=91 qpc=1942300938280 seen=0
observer epoch=92 qpc=1942300948270 seen=0
observer epoch=93 qpc=1942300958277 seen=0
observer epoch=94 qpc=1942300968282 seen=0
observer epoch=95 qpc=1942300978279 seen=0
observer epoch=96 qpc=1942300988279 seen=0
observer epoch=97 qpc=1942300998277 seen=0
observer epoch=98 qpc=1942301008275 seen=0
observer epoch=99 qpc=1942301018272 seen=0
observer epoch=100 qpc=1942301028273 seen=0
observer epoch=101 qpc=1942301038274 seen=0
observer epoch=102 qpc=1942301048278 seen=0
observer epoch=103 qpc=1942301058282 seen=0
observer epoch=104 qpc=1942301068280 seen=0
observer epoch=105 qpc=1942301078274 seen=0
observer epoch=106 qpc=1942301088282 seen=0
observer epoch=107 qpc=1942301098272 seen=0
observer epoch=108 qpc=1942301108279 seen=0
observer epoch=109 qpc=1942301118279 seen=0
observer epoch=110 qpc=1942301128271 seen=0
observer epoch=111 qpc=1942301138271 seen=0
observer epoch=112 qpc=1942301148276 seen=0
observer epoch=113 qpc=1942301158274 seen=0
observer epoch=114 qpc=1942301168280 seen=0
observer epoch=115 qpc=1942301178273 seen=0
observer epoch=116 qpc=1942301188275 seen=0
observer epoch=117 qpc=1942301198275 seen=0
observer epoch=118 qpc=1942301208270 seen=0
observer epoch=119 qpc=1942301218273 seen=0
observer epoch=120 qpc=1942301228275 seen=0
observer epoch=121 qpc=1942301238274 seen=0
observer epoch=122 qpc=1942301248279 seen=0
observer epoch=123 qpc=1942301258274 seen=0
observer epoch=124 qpc=1942301268275 seen=0
observer epoch=125 qpc=1942301278274 seen=0
observer epoch=126 qpc=1942301288273 seen=0
observer epoch=127 qpc=1942301298271 seen=0
observer epoch=128 qpc=1942301308272 seen=0
observer epoch=129 qpc=1942301318273 seen=0
observer epoch=130 qpc=1942301328281 seen=0
observer epoch=131 qpc=1942301338279 seen=0
observer epoch=132 qpc=1942301348278 seen=0
observer epoch=133 qpc=1942301358275 seen=0
observer epoch=134 qpc=1942301368276 seen=0
observer epoch=135 qpc=1942301378272 seen=0
observer epoch=136 qpc=1942301388282 seen=0
observer epoch=137 qpc=1942301398272 seen=0
observer epoch=138 qpc=1942301408276 seen=0
observer epoch=139 qpc=1942301418279 seen=0
observer epoch=140 qpc=1942301428279 seen=0
observer epoch=141 qpc=1942301438273 seen=0
observer epoch=142 qpc=1942301448279 seen=0
observer epoch=143 qpc=1942301458275 seen=0
observer epoch=144 qpc=1942301468280 seen=0
observer epoch=145 qpc=1942301478270 seen=0
observer epoch=146 qpc=1942301488273 seen=0
observer epoch=147 qpc=1942301498278 seen=0
observer epoch=148 qpc=1942301508282 seen=0
observer epoch=149 qpc=1942301518277 seen=0
observer epoch=150 qpc=1942301528279 seen=0
observer epoch=151 qpc=1942301538274 seen=0
observer epoch=152 qpc=1942301548276 seen=0
observer epoch=153 qpc=1942301558273 seen=0
observer epoch=154 qpc=1942301568271 seen=0
observer epoch=155 qpc=1942301578280 seen=0
observer epoch=156 qpc=1942301588275 seen=0
observer epoch=157 qpc=1942301598274 seen=0
observer epoch=158 qpc=1942301608276 seen=0
observer epoch=159 qpc=1942301618278 seen=0
observer epoch=160 qpc=1942301628282 seen=0
observer epoch=161 qpc=1942301638273 seen=0
observer epoch=162 qpc=1942301648281 seen=0
observer epoch=163 qpc=1942301658270 seen=0
observer epoch=164 qpc=1942301668271 seen=0
observer epoch=165 qpc=1942301678282 seen=0
observer epoch=166 qpc=1942301688278 seen=0
observer epoch=167 qpc=1942301698281 seen=0
observer epoch=168 qpc=1942301708282 seen=0
observer epoch=169 qpc=1942301718275 seen=0
observer epoch=170 qpc=1942301728281 seen=0
observer epoch=171 qpc=1942301738273 seen=0
observer epoch=172 qpc=1942301748275 seen=0
observer epoch=173 qpc=1942301758277 seen=0
observer epoch=174 qpc=1942301768274 seen=0
observer epoch=175 qpc=1942301778280 seen=0
observer epoch=176 qpc=1942301788274 seen=0
observer epoch=177 qpc=1942301798280 seen=0
observer epoch=178 qpc=1942301808282 seen=0
observer epoch=179 qpc=1942301818278 seen=0
observer epoch=180 qpc=1942301828280 seen=0
observer epoch=181 qpc=1942301838280 seen=0
observer epoch=182 qpc=1942301848286 seen=0
observer epoch=183 qpc=1942301858283 seen=0
observer epoch=184 qpc=1942301868279 seen=0
observer epoch=185 qpc=1942301878277 seen=0
observer epoch=186 qpc=1942301888271 seen=0
observer epoch=187 qpc=1942301898282 seen=0
observer epoch=188 qpc=1942301908282 seen=0
observer epoch=189 qpc=1942301918280 seen=0
observer epoch=190 qpc=1942301928280 seen=0
observer epoch=191 qpc=1942301938280 seen=0
observer epoch=192 qpc=1942301948273 seen=0
observer epoch=193 qpc=1942301958271 seen=0
observer epoch=194 qpc=1942301968274 seen=0
observer epoch=195 qpc=1942301978281 seen=0
observer epoch=196 qpc=1942301988280 seen=0
observer epoch=197 qpc=1942301998282 seen=0
observer epoch=198 qpc=1942302008280 seen=0
observer epoch=199 qpc=1942302018281 seen=0
observer epoch=200 qpc=1942302028272 seen=0
observer epoch=201 qpc=1942302038282 seen=0
observer epoch=202 qpc=1942302048278 seen=0
observer epoch=203 qpc=1942302058275 seen=0
observer epoch=204 qpc=1942302068281 seen=0
observer epoch=205 qpc=1942302078277 seen=0
observer epoch=206 qpc=1942302088279 seen=0
observer epoch=207 qpc=1942302098278 seen=0
observer epoch=208 qpc=1942302108280 seen=0
observer epoch=209 qpc=1942302118274 seen=0
observer epoch=210 qpc=1942302128273 seen=0
observer epoch=211 qpc=1942302138271 seen=0
observer epoch=212 qpc=1942302148277 seen=0
observer epoch=213 qpc=1942302158277 seen=0
observer epoch=214 qpc=1942302168271 seen=0
observer epoch=215 qpc=1942302178272 seen=0
observer epoch=216 qpc=1942302188273 seen=0
observer epoch=217 qpc=1942302198282 seen=0
observer epoch=218 qpc=1942302208279 seen=0
observer epoch=219 qpc=1942302218280 seen=0
observer epoch=220 qpc=1942302228273 seen=0
observer epoch=221 qpc=1942302238280 seen=0
observer epoch=222 qpc=1942302248272 seen=0
observer epoch=223 qpc=1942302258271 seen=0
observer epoch=224 qpc=1942302268278 seen=0
observer epoch=225 qpc=1942302278280 seen=0
observer epoch=226 qpc=1942302288274 seen=0
observer epoch=227 qpc=1942302298273 seen=0
observer epoch=228 qpc=1942302308271 seen=0
observer epoch=229 qpc=1942302318274 seen=0
observer epoch=230 qpc=1942302328275 seen=0
observer epoch=231 qpc=1942302338281 seen=0
observer epoch=232 qpc=1942302348281 seen=0
observer epoch=233 qpc=1942302358279 seen=0
observer epoch=234 qpc=1942302368276 seen=0
observer epoch=235 qpc=1942302378272 seen=0
observer epoch=236 qpc=1942302388274 seen=0
observer epoch=237 qpc=1942302398271 seen=0
observer epoch=238 qpc=1942302408288 seen=0
observer epoch=239 qpc=1942302418272 seen=0
observer epoch=240 qpc=1942302428280 seen=0
observer epoch=241 qpc=1942302438272 seen=0
observer epoch=242 qpc=1942302448278 seen=0
observer epoch=243 qpc=1942302458282 seen=0
observer epoch=244 qpc=1942302468281 seen=0
observer epoch=245 qpc=1942302478271 seen=0
observer epoch=246 qpc=1942302488275 seen=0
observer epoch=247 qpc=1942302498276 seen=0
observer epoch=248 qpc=1942302508280 seen=0
observer epoch=249 qpc=1942302518272 seen=0
observer epoch=250 qpc=1942302528288 seen=0
observer epoch=251 qpc=1942302538284 seen=0
observer epoch=252 qpc=1942302548278 seen=0
observer epoch=253 qpc=1942302558280 seen=0
observer epoch=254 qpc=1942302568287 seen=0
observer epoch=255 qpc=1942302578277 seen=0
observer epoch=256 qpc=1942302588282 seen=0
observer epoch=257 qpc=1942302598279 seen=0
observer epoch=258 qpc=1942302608274 seen=0
observer epoch=259 qpc=1942302618273 seen=0
observer epoch=260 qpc=1942302628279 seen=1
observer epoch=261 qpc=1942302638276 seen=1
observer epoch=262 qpc=1942302648281 seen=1
observer epoch=263 qpc=1942302658287 seen=1
observer epoch=264 qpc=1942302668274 seen=1
observer epoch=265 qpc=1942302678271 seen=1
observer epoch=266 qpc=1942302688274 seen=1
observer epoch=267 qpc=1942302698277 seen=1
observer epoch=268 qpc=1942302708275 seen=1
observer epoch=269 qpc=1942302718281 seen=1
observer epoch=270 qpc=1942302728274 seen=1
observer epoch=271 qpc=1942302738280 seen=1
observer epoch=272 qpc=1942302748281 seen=1
observer epoch=273 qpc=1942302758272 seen=1
observer epoch=274 qpc=1942302768277 seen=1
observer epoch=275 qpc=1942302778270 seen=1
observer epoch=276 qpc=1942302788278 seen=1
observer epoch=277 qpc=1942302798278 seen=1
observer epoch=278 qpc=1942302808282 seen=1
observer epoch=279 qpc=1942302818272 seen=1
observer epoch=280 qpc=1942302828278 seen=1
observer epoch=281 qpc=1942302838280 seen=1
observer epoch=282 qpc=1942302848273 seen=1
observer epoch=283 qpc=1942302858274 seen=1
observer epoch=284 qpc=1942302868277 seen=1
observer epoch=285 qpc=1942302878275 seen=1
observer epoch=286 qpc=1942302888280 seen=1
observer epoch=287 qpc=1942302898281 seen=1
observer epoch=288 qpc=1942302908278 seen=1
observer epoch=289 qpc=1942302918285 seen=1
observer epoch=290 qpc=1942302928278 seen=1
observer epoch=291 qpc=1942302938278 seen=1
observer epoch=292 qpc=1942302948281 seen=1
observer epoch=293 qpc=1942302958281 seen=1
observer epoch=294 qpc=1942302968277 seen=1
observer epoch=295 qpc=1942302978272 seen=1
observer epoch=296 qpc=1942302988282 seen=1
observer epoch=297 qpc=1942302998277 seen=1
observer epoch=298 qpc=1942303008287 seen=1
observer epoch=299 qpc=1942303018282 seen=1
observer epoch=300 qpc=1942303028280 seen=1
observer epoch=301 qpc=1942303038279 seen=1
observer epoch=302 qpc=1942303048284 seen=1
observer epoch=303 qpc=1942303058274 seen=1
observer epoch=304 qpc=1942303068282 seen=1
observer epoch=305 qpc=1942303078276 seen=1
observer epoch=306 qpc=1942303088280 seen=1
observer epoch=307 qpc=1942303098274 seen=1
observer epoch=308 qpc=1942303108275 seen=1
observer epoch=309 qpc=1942303118278 seen=1
observer epoch=310 qpc=1942303128282 seen=1
observer epoch=311 qpc=1942303138275 seen=1
observer epoch=312 qpc=1942303148271 seen=1
observer epoch=313 qpc=1942303158270 seen=1
observer epoch=314 qpc=1942303168271 seen=1
observer epoch=315 qpc=1942303178281 seen=1
observer epoch=316 qpc=1942303188281 seen=1
observer epoch=317 qpc=1942303198280 seen=1
observer epoch=318 qpc=1942303208282 seen=1
observer epoch=319 qpc=1942303218282 seen=1
observer epoch=320 qpc=1942303228277 seen=1
observer epoch=321 qpc=1942303238271 seen=1
observer epoch=322 qpc=1942303248282 seen=1
observer epoch=323 qpc=1942303258275 seen=1
observer epoch=324 qpc=1942303268274 seen=1
observer epoch=325 qpc=1942303278278 seen=1
observer epoch=326 qpc=1942303288270 seen=1
observer epoch=327 qpc=1942303298281 seen=1
observer epoch=328 qpc=1942303308274 seen=1
observer epoch=329 qpc=1942303318276 seen=1
observer epoch=330 qpc=1942303328280 seen=1
observer epoch=331 qpc=1942303338289 seen=1
observer epoch=332 qpc=1942303348283 seen=1
observer epoch=333 qpc=1942303358272 seen=1
observer epoch=334 qpc=1942303368283 seen=1
observer epoch=335 qpc=1942303378281 seen=1
observer epoch=336 qpc=1942303388281 seen=1
observer epoch=337 qpc=1942303398280 seen=1
observer epoch=338 qpc=1942303408285 seen=1
observer epoch=339 qpc=1942303418281 seen=1
observer epoch=340 qpc=1942303428283 seen=1
observer epoch=341 qpc=1942303438274 seen=1
observer epoch=342 qpc=1942303448277 seen=1
observer epoch=343 qpc=1942303458276 seen=1
observer epoch=344 qpc=1942303468272 seen=1
observer epoch=345 qpc=1942303478283 seen=1
observer epoch=346 qpc=1942303488272 seen=1
observer epoch=347 qpc=1942303498273 seen=1
observer epoch=348 qpc=1942303508278 seen=1
observer epoch=349 qpc=1942303518279 seen=1
observer epoch=350 qpc=1942303528285 seen=1
observer epoch=351 qpc=1942303538275 seen=1
observer epoch=352 qpc=1942303548274 seen=1
observer epoch=353 qpc=1942303558287 seen=1
observer epoch=354 qpc=1942303568276 seen=1
observer epoch=355 qpc=1942303578271 seen=1
observer epoch=356 qpc=1942303588274 seen=1
observer epoch=357 qpc=1942303598271 seen=1
observer epoch=358 qpc=1942303608279 seen=1
observer epoch=359 qpc=1942303618280 seen=1
observer epoch=360 qpc=1942303628277 seen=1
observer epoch=361 qpc=1942303638272 seen=1
observer epoch=362 qpc=1942303648271 seen=1
observer epoch=363 qpc=1942303658274 seen=1
observer epoch=364 qpc=1942303668277 seen=1
observer epoch=365 qpc=1942303678279 seen=1
observer epoch=366 qpc=1942303688279 seen=1
observer epoch=367 qpc=1942303698274 seen=1
observer epoch=368 qpc=1942303708280 seen=1
observer epoch=369 qpc=1942303718270 seen=1
observer epoch=370 qpc=1942303728273 seen=1
observer epoch=371 qpc=1942303738273 seen=1
observer epoch=372 qpc=1942303748274 seen=1
observer epoch=373 qpc=1942303758273 seen=1
observer epoch=374 qpc=1942303768275 seen=1
observer epoch=375 qpc=1942303778273 seen=1
observer epoch=376 qpc=1942303788274 seen=1
observer epoch=377 qpc=1942303798279 seen=1
observer epoch=378 qpc=1942303808281 seen=1
observer epoch=379 qpc=1942303818279 seen=1
observer epoch=380 qpc=1942303828272 seen=1
observer epoch=381 qpc=1942303838272 seen=1
observer epoch=382 qpc=1942303848277 seen=1
observer epoch=383 qpc=1942303858272 seen=1
observer epoch=384 qpc=1942303868278 seen=1
observer epoch=385 qpc=1942303878284 seen=1
observer epoch=386 qpc=1942303888275 seen=1
observer epoch=387 qpc=1942303898271 seen=1
observer epoch=388 qpc=1942303908271 seen=1
observer epoch=389 qpc=1942303918272 seen=1
observer epoch=390 qpc=1942303928282 seen=1
observer epoch=391 qpc=1942303938280 seen=1
observer epoch=392 qpc=1942303948277 seen=1
observer epoch=393 qpc=1942303958276 seen=1
observer epoch=394 qpc=1942303968281 seen=1
observer epoch=395 qpc=1942303978278 seen=1
observer epoch=396 qpc=1942303988272 seen=1
observer epoch=397 qpc=1942303998282 seen=1
observer epoch=398 qpc=1942304008275 seen=1
observer epoch=399 qpc=1942304018283 seen=1
observer epoch=400 qpc=1942304028273 seen=1
observer epoch=401 qpc=1942304038272 seen=1
observer epoch=402 qpc=1942304048281 seen=1
observer epoch=403 qpc=1942304058288 seen=1
observer epoch=404 qpc=1942304068276 seen=1
observer epoch=405 qpc=1942304078277 seen=1
observer epoch=406 qpc=1942304088277 seen=1
observer epoch=407 qpc=1942304098281 seen=1
observer epoch=408 qpc=1942304108274 seen=1
observer epoch=409 qpc=1942304118284 seen=1
observer epoch=410 qpc=1942304128284 seen=1
observer epoch=411 qpc=1942304138281 seen=1
observer epoch=412 qpc=1942304148281 seen=1
observer epoch=413 qpc=1942304158272 seen=1
observer epoch=414 qpc=1942304168279 seen=1
observer epoch=415 qpc=1942304178276 seen=1
observer epoch=416 qpc=1942304188285 seen=1
observer epoch=417 qpc=1942304198271 seen=1
observer epoch=418 qpc=1942304208271 seen=1
observer epoch=419 qpc=1942304218271 seen=1
observer epoch=420 qpc=1942304228274 seen=1
observer epoch=421 qpc=1942304238280 seen=1
observer epoch=422 qpc=1942304248281 seen=1
observer epoch=423 qpc=1942304258279 seen=1
observer epoch=424 qpc=1942304268281 seen=1
observer epoch=425 qpc=1942304278277 seen=1
observer epoch=426 qpc=1942304288275 seen=1
observer epoch=427 qpc=1942304298275 seen=1
observer epoch=428 qpc=1942304308274 seen=1
observer epoch=429 qpc=1942304318274 seen=1
observer epoch=430 qpc=1942304328276 seen=1
observer epoch=431 qpc=1942304338273 seen=1
observer epoch=432 qpc=1942304348276 seen=1
observer epoch=433 qpc=1942304358273 seen=1
observer epoch=434 qpc=1942304368272 seen=1
observer epoch=435 qpc=1942304378281 seen=1
observer epoch=436 qpc=1942304388281 seen=1
observer epoch=437 qpc=1942304398282 seen=1
observer epoch=438 qpc=1942304408272 seen=1
observer epoch=439 qpc=1942304418282 seen=1
observer epoch=440 qpc=1942304428274 seen=1
observer epoch=441 qpc=1942304438279 seen=1
observer epoch=442 qpc=1942304448276 seen=1
observer epoch=443 qpc=1942304458282 seen=1
observer epoch=444 qpc=1942304468274 seen=1
observer epoch=445 qpc=1942304478278 seen=1
observer epoch=446 qpc=1942304488272 seen=1
observer epoch=447 qpc=1942304498272 seen=1
observer epoch=448 qpc=1942304508275 seen=1
observer epoch=449 qpc=1942304518275 seen=1
observer epoch=450 qpc=1942304528280 seen=1
observer epoch=451 qpc=1942304538276 seen=1
observer epoch=452 qpc=1942304548288 seen=1
observer epoch=453 qpc=1942304558280 seen=1
observer epoch=454 qpc=1942304568272 seen=1
observer epoch=455 qpc=1942304578280 seen=1
observer epoch=456 qpc=1942304588284 seen=1
observer epoch=457 qpc=1942304598272 seen=1
observer epoch=458 qpc=1942304608280 seen=1
observer epoch=459 qpc=1942304618271 seen=1
observer epoch=460 qpc=1942304628273 seen=1
observer epoch=461 qpc=1942304638281 seen=1
observer epoch=462 qpc=1942304648274 seen=1
observer epoch=463 qpc=1942304658275 seen=1
observer epoch=464 qpc=1942304668288 seen=1
observer epoch=465 qpc=1942304678273 seen=1
observer epoch=466 qpc=1942304688285 seen=1
observer epoch=467 qpc=1942304698272 seen=1
observer epoch=468 qpc=1942304708274 seen=1
observer epoch=469 qpc=1942304718272 seen=1
observer epoch=470 qpc=1942304728281 seen=1
observer epoch=471 qpc=1942304738279 seen=1
observer epoch=472 qpc=1942304748273 seen=1
observer epoch=473 qpc=1942304758275 seen=1
observer epoch=474 qpc=1942304768277 seen=1
observer epoch=475 qpc=1942304778278 seen=1
observer epoch=476 qpc=1942304788275 seen=1
observer epoch=477 qpc=1942304798280 seen=1
observer epoch=478 qpc=1942304808281 seen=1
observer epoch=479 qpc=1942304818275 seen=1
observer epoch=480 qpc=1942304828271 seen=1
observer epoch=481 qpc=1942304838282 seen=1
observer epoch=482 qpc=1942304848280 seen=1
observer epoch=483 qpc=1942304858283 seen=1
observer epoch=484 qpc=1942304868284 seen=1
observer epoch=485 qpc=1942304878275 seen=1
observer epoch=486 qpc=1942304888280 seen=1
observer epoch=487 qpc=1942304898279 seen=1
observer epoch=488 qpc=1942304908280 seen=1
observer epoch=489 qpc=1942304918276 seen=1
observer epoch=490 qpc=1942304928272 seen=1
observer epoch=491 qpc=1942304938275 seen=1
observer epoch=492 qpc=1942304948282 seen=1
observer epoch=493 qpc=1942304958281 seen=1
observer epoch=494 qpc=1942304968281 seen=1
observer epoch=495 qpc=1942304978278 seen=1
observer epoch=496 qpc=1942304988282 seen=1
observer epoch=497 qpc=1942304998272 seen=1
observer epoch=498 qpc=1942305008271 seen=1
observer epoch=499 qpc=1942305018272 seen=1
observer epoch=500 qpc=1942305028275 seen=1
observer epoch=501 qpc=1942305038282 seen=1
observer epoch=502 qpc=1942305048283 seen=1
observer epoch=503 qpc=1942305058271 seen=1
observer epoch=504 qpc=1942305068286 seen=1
observer epoch=505 qpc=1942305078283 seen=1
observer epoch=506 qpc=1942305088270 seen=1
observer epoch=507 qpc=1942305098270 seen=1
observer epoch=508 qpc=1942305108274 seen=1
observer epoch=509 qpc=1942305118272 seen=1
observer epoch=510 qpc=1942305128282 seen=1
observer epoch=511 qpc=1942305138271 seen=1
observer epoch=512 qpc=1942305148278 seen=1
observer epoch=513 qpc=1942305158276 seen=1
observer epoch=514 qpc=1942305168273 seen=1
observer epoch=515 qpc=1942305178271 seen=1
observer epoch=516 qpc=1942305188271 seen=1
observer epoch=517 qpc=1942305198273 seen=1
observer epoch=518 qpc=1942305208281 seen=1
observer epoch=519 qpc=1942305218279 seen=1
observer epoch=520 qpc=1942305228280 seen=1
observer epoch=521 qpc=1942305238278 seen=1
observer epoch=522 qpc=1942305248276 seen=1
observer epoch=523 qpc=1942305258274 seen=1
observer epoch=524 qpc=1942305268278 seen=1
observer epoch=525 qpc=1942305278274 seen=1
observer epoch=526 qpc=1942305288273 seen=1
observer epoch=527 qpc=1942305298283 seen=1
observer epoch=528 qpc=1942305308274 seen=1
observer epoch=529 qpc=1942305318279 seen=1
observer epoch=530 qpc=1942305328271 seen=1
observer epoch=531 qpc=1942305338280 seen=1
observer epoch=532 qpc=1942305348270 seen=1
observer epoch=533 qpc=1942305358281 seen=1
observer epoch=534 qpc=1942305368282 seen=1
observer epoch=535 qpc=1942305378271 seen=1
observer epoch=536 qpc=1942305388283 seen=1
observer epoch=537 qpc=1942305398276 seen=1
observer epoch=538 qpc=1942305408276 seen=1
observer epoch=539 qpc=1942305418282 seen=1
observer epoch=540 qpc=1942305428285 seen=1
observer epoch=541 qpc=1942305438281 seen=1
observer epoch=542 qpc=1942305448282 seen=1
observer epoch=543 qpc=1942305458280 seen=1
observer epoch=544 qpc=1942305468281 seen=1
observer epoch=545 qpc=1942305478280 seen=1
observer epoch=546 qpc=1942305488271 seen=1
observer epoch=547 qpc=1942305498273 seen=1
observer epoch=548 qpc=1942305508278 seen=1
observer epoch=549 qpc=1942305518283 seen=1
observer epoch=550 qpc=1942305528282 seen=1
observer epoch=551 qpc=1942305538274 seen=1
observer epoch=552 qpc=1942305548275 seen=1
observer epoch=553 qpc=1942305558282 seen=1
observer epoch=554 qpc=1942305568272 seen=1
observer epoch=555 qpc=1942305578273 seen=1
observer epoch=556 qpc=1942305588274 seen=1
observer epoch=557 qpc=1942305598280 seen=1
observer epoch=558 qpc=1942305608276 seen=1
observer epoch=559 qpc=1942305618275 seen=1
observer epoch=560 qpc=1942305628278 seen=1
observer epoch=561 qpc=1942305638275 seen=1
observer epoch=562 qpc=1942305648271 seen=1
observer epoch=563 qpc=1942305658278 seen=1
observer epoch=564 qpc=1942305668277 seen=1
observer epoch=565 qpc=1942305678273 seen=1
observer epoch=566 qpc=1942305688278 seen=1
observer epoch=567 qpc=1942305698271 seen=1
observer epoch=568 qpc=1942305708279 seen=1
observer epoch=569 qpc=1942305718272 seen=1
observer epoch=570 qpc=1942305728273 seen=1
observer epoch=571 qpc=1942305738274 seen=1
observer epoch=572 qpc=1942305748284 seen=1
observer epoch=573 qpc=1942305758272 seen=1
observer epoch=574 qpc=1942305768280 seen=1
observer epoch=575 qpc=1942305778272 seen=1
observer epoch=576 qpc=1942305788274 seen=1
observer epoch=577 qpc=1942305798282 seen=1
observer epoch=578 qpc=1942305808272 seen=1
observer epoch=579 qpc=1942305818282 seen=1
observer epoch=580 qpc=1942305828276 seen=1
observer epoch=581 qpc=1942305838281 seen=1
observer epoch=582 qpc=1942305848280 seen=1
observer epoch=583 qpc=1942305858278 seen=1
observer epoch=584 qpc=1942305868277 seen=1
observer epoch=585 qpc=1942305878281 seen=1
observer epoch=586 qpc=1942305888283 seen=1
observer epoch=587 qpc=1942305898274 seen=1
observer epoch=588 qpc=1942305908280 seen=1
observer epoch=589 qpc=1942305918283 seen=1
observer epoch=590 qpc=1942305928281 seen=1
observer epoch=591 qpc=1942305938271 seen=1
observer epoch=592 qpc=1942305948271 seen=1
observer epoch=593 qpc=1942305958278 seen=1
observer epoch=594 qpc=1942305968275 seen=1
observer epoch=595 qpc=1942305978272 seen=1
observer epoch=596 qpc=1942305988278 seen=1
observer epoch=597 qpc=1942305998280 seen=1
observer epoch=598 qpc=1942306008286 seen=1
observer epoch=599 qpc=1942306018276 seen=1
observer_summary first=260 published=1942302626807 start=1942300023270 frequency=10000000 phase_us=500
controller host_exit=0 observer_wait=0
