ALSA lib control.c:1575:(snd_ctl_open_noupdate) [error.control] Invalid CTL hw:0
ALSA lib control.c:1575:(snd_ctl_open_noupdate) [error.control] Invalid CTL hw:1
ALSA lib control.c:1575:(snd_ctl_open_noupdate) [error.control] Invalid CTL hw:0
ALSA lib control.c:1575:(snd_ctl_open_noupdate) [error.control] Invalid CTL hw:1
host loaded=C:\eos-private\Mss32.dll tid=752 frequency=10000000 arm=2 phase=500
start begin=1942193940562 end=1942193940615
serve epoch=1 begin=1942194448027 end=1942194448101
serve epoch=2 begin=1942194944920 end=1942194945089
serve epoch=3 begin=1942195441355 end=1942195441432
serve epoch=4 begin=1942195949907 end=1942195950123
serve epoch=5 begin=1942196447125 end=1942196447253
serve epoch=6 begin=1942196943592 end=1942196943749
serve epoch=7 begin=1942197450647 end=1942197450778
serve epoch=8 begin=1942197946435 end=1942197946591
serve epoch=9 begin=1942198447599 end=1942198447691
serve epoch=10 begin=1942198943378 end=1942198943459
serve epoch=11 begin=1942199442324 end=1942199442525
serve epoch=12 begin=1942199949451 end=1942199949601
serve epoch=13 begin=1942200446726 end=1942200446922
completion count=1 callback=1942195949997 callback_end=1942195949998 thread=752 sent=1942195950258 status=2 total=204 pos=204 worker=0 send_ok=1
event callback=1942195949997 callback_end=1942195949998 received=1942195951565 thread=752 receiver_thread=744
observer epoch=0 qpc=1942193945568 seen=0
observer epoch=1 qpc=1942193955562 seen=0
observer epoch=2 qpc=1942193965562 seen=0
observer epoch=3 qpc=1942193975568 seen=0
observer epoch=4 qpc=1942193985572 seen=0
observer epoch=5 qpc=1942193995560 seen=0
observer epoch=6 qpc=1942194005564 seen=0
observer epoch=7 qpc=1942194015570 seen=0
observer epoch=8 qpc=1942194025562 seen=0
observer epoch=9 qpc=1942194035564 seen=0
observer epoch=10 qpc=1942194045568 seen=0
observer epoch=11 qpc=1942194055571 seen=0
observer epoch=12 qpc=1942194065563 seen=0
observer epoch=13 qpc=1942194075564 seen=0
observer epoch=14 qpc=1942194085560 seen=0
observer epoch=15 qpc=1942194095565 seen=0
observer epoch=16 qpc=1942194105564 seen=0
observer epoch=17 qpc=1942194115571 seen=0
observer epoch=18 qpc=1942194125564 seen=0
observer epoch=19 qpc=1942194135564 seen=0
observer epoch=20 qpc=1942194145560 seen=0
observer epoch=21 qpc=1942194155562 seen=0
observer epoch=22 qpc=1942194165571 seen=0
observer epoch=23 qpc=1942194175571 seen=0
observer epoch=24 qpc=1942194185569 seen=0
observer epoch=25 qpc=1942194195566 seen=0
observer epoch=26 qpc=1942194205576 seen=0
observer epoch=27 qpc=1942194215560 seen=0
observer epoch=28 qpc=1942194225569 seen=0
observer epoch=29 qpc=1942194235565 seen=0
observer epoch=30 qpc=1942194245564 seen=0
observer epoch=31 qpc=1942194255572 seen=0
observer epoch=32 qpc=1942194265571 seen=0
observer epoch=33 qpc=1942194275570 seen=0
observer epoch=34 qpc=1942194285561 seen=0
observer epoch=35 qpc=1942194295565 seen=0
observer epoch=36 qpc=1942194305565 seen=0
observer epoch=37 qpc=1942194315560 seen=0
observer epoch=38 qpc=1942194325559 seen=0
observer epoch=39 qpc=1942194335567 seen=0
observer epoch=40 qpc=1942194345565 seen=0
observer epoch=41 qpc=1942194355568 seen=0
observer epoch=42 qpc=1942194365563 seen=0
observer epoch=43 qpc=1942194375563 seen=0
observer epoch=44 qpc=1942194385563 seen=0
observer epoch=45 qpc=1942194395569 seen=0
observer epoch=46 qpc=1942194405562 seen=0
observer epoch=47 qpc=1942194415560 seen=0
observer epoch=48 qpc=1942194425562 seen=0
observer epoch=49 qpc=1942194435562 seen=0
observer epoch=50 qpc=1942194445566 seen=0
observer epoch=51 qpc=1942194455565 seen=0
observer epoch=52 qpc=1942194465564 seen=0
observer epoch=53 qpc=1942194475559 seen=0
observer epoch=54 qpc=1942194485559 seen=0
observer epoch=55 qpc=1942194495565 seen=0
observer epoch=56 qpc=1942194505568 seen=0
observer epoch=57 qpc=1942194515562 seen=0
observer epoch=58 qpc=1942194525570 seen=0
observer epoch=59 qpc=1942194535562 seen=0
observer epoch=60 qpc=1942194545562 seen=0
observer epoch=61 qpc=1942194555571 seen=0
observer epoch=62 qpc=1942194565560 seen=0
observer epoch=63 qpc=1942194575569 seen=0
observer epoch=64 qpc=1942194585565 seen=0
observer epoch=65 qpc=1942194595568 seen=0
observer epoch=66 qpc=1942194605566 seen=0
observer epoch=67 qpc=1942194615560 seen=0
observer epoch=68 qpc=1942194625569 seen=0
observer epoch=69 qpc=1942194635561 seen=0
observer epoch=70 qpc=1942194645563 seen=0
observer epoch=71 qpc=1942194655563 seen=0
observer epoch=72 qpc=1942194665571 seen=0
observer epoch=73 qpc=1942194675563 seen=0
observer epoch=74 qpc=1942194685565 seen=0
observer epoch=75 qpc=1942194695561 seen=0
observer epoch=76 qpc=1942194705570 seen=0
observer epoch=77 qpc=1942194715565 seen=0
observer epoch=78 qpc=1942194725564 seen=0
observer epoch=79 qpc=1942194735568 seen=0
observer epoch=80 qpc=1942194745564 seen=0
observer epoch=81 qpc=1942194755569 seen=0
observer epoch=82 qpc=1942194765571 seen=0
observer epoch=83 qpc=1942194775563 seen=0
observer epoch=84 qpc=1942194785560 seen=0
observer epoch=85 qpc=1942194795568 seen=0
observer epoch=86 qpc=1942194805567 seen=0
observer epoch=87 qpc=1942194815571 seen=0
observer epoch=88 qpc=1942194825560 seen=0
observer epoch=89 qpc=1942194835563 seen=0
observer epoch=90 qpc=1942194845569 seen=0
observer epoch=91 qpc=1942194855567 seen=0
observer epoch=92 qpc=1942194865574 seen=0
observer epoch=93 qpc=1942194875570 seen=0
observer epoch=94 qpc=1942194885566 seen=0
observer epoch=95 qpc=1942194895570 seen=0
observer epoch=96 qpc=1942194905570 seen=0
observer epoch=97 qpc=1942194915569 seen=0
observer epoch=98 qpc=1942194925570 seen=0
observer epoch=99 qpc=1942194935569 seen=0
observer epoch=100 qpc=1942194945571 seen=0
observer epoch=101 qpc=1942194955568 seen=0
observer epoch=102 qpc=1942194965559 seen=0
observer epoch=103 qpc=1942194975563 seen=0
observer epoch=104 qpc=1942194985568 seen=0
observer epoch=105 qpc=1942194995569 seen=0
observer epoch=106 qpc=1942195005571 seen=0
observer epoch=107 qpc=1942195015562 seen=0
observer epoch=108 qpc=1942195025569 seen=0
observer epoch=109 qpc=1942195035560 seen=0
observer epoch=110 qpc=1942195045560 seen=0
observer epoch=111 qpc=1942195055560 seen=0
observer epoch=112 qpc=1942195065565 seen=0
observer epoch=113 qpc=1942195075568 seen=0
observer epoch=114 qpc=1942195085563 seen=0
observer epoch=115 qpc=1942195095562 seen=0
observer epoch=116 qpc=1942195105567 seen=0
observer epoch=117 qpc=1942195115565 seen=0
observer epoch=118 qpc=1942195125564 seen=0
observer epoch=119 qpc=1942195135563 seen=0
observer epoch=120 qpc=1942195145566 seen=0
observer epoch=121 qpc=1942195155568 seen=0
observer epoch=122 qpc=1942195165567 seen=0
observer epoch=123 qpc=1942195175566 seen=0
observer epoch=124 qpc=1942195185560 seen=0
observer epoch=125 qpc=1942195195563 seen=0
observer epoch=126 qpc=1942195205560 seen=0
observer epoch=127 qpc=1942195215562 seen=0
observer epoch=128 qpc=1942195225564 seen=0
observer epoch=129 qpc=1942195235568 seen=0
observer epoch=130 qpc=1942195245567 seen=0
observer epoch=131 qpc=1942195255567 seen=0
observer epoch=132 qpc=1942195265566 seen=0
observer epoch=133 qpc=1942195275566 seen=0
observer epoch=134 qpc=1942195285562 seen=0
observer epoch=135 qpc=1942195295567 seen=0
observer epoch=136 qpc=1942195305569 seen=0
observer epoch=137 qpc=1942195315562 seen=0
observer epoch=138 qpc=1942195325564 seen=0
observer epoch=139 qpc=1942195335571 seen=0
observer epoch=140 qpc=1942195345562 seen=0
observer epoch=141 qpc=1942195355565 seen=0
observer epoch=142 qpc=1942195365569 seen=0
observer epoch=143 qpc=1942195375568 seen=0
observer epoch=144 qpc=1942195385565 seen=0
observer epoch=145 qpc=1942195395565 seen=0
observer epoch=146 qpc=1942195405559 seen=0
observer epoch=147 qpc=1942195415564 seen=0
observer epoch=148 qpc=1942195425566 seen=0
observer epoch=149 qpc=1942195435570 seen=0
observer epoch=150 qpc=1942195445566 seen=0
observer epoch=151 qpc=1942195455562 seen=0
observer epoch=152 qpc=1942195465561 seen=0
observer epoch=153 qpc=1942195475563 seen=0
observer epoch=154 qpc=1942195485565 seen=0
observer epoch=155 qpc=1942195495562 seen=0
observer epoch=156 qpc=1942195505563 seen=0
observer epoch=157 qpc=1942195515563 seen=0
observer epoch=158 qpc=1942195525570 seen=0
observer epoch=159 qpc=1942195535571 seen=0
observer epoch=160 qpc=1942195545562 seen=0
observer epoch=161 qpc=1942195555560 seen=0
observer epoch=162 qpc=1942195565566 seen=0
observer epoch=163 qpc=1942195575567 seen=0
observer epoch=164 qpc=1942195585560 seen=0
observer epoch=165 qpc=1942195595568 seen=0
observer epoch=166 qpc=1942195605567 seen=0
observer epoch=167 qpc=1942195615562 seen=0
observer epoch=168 qpc=1942195625559 seen=0
observer epoch=169 qpc=1942195635565 seen=0
observer epoch=170 qpc=1942195645571 seen=0
observer epoch=171 qpc=1942195655563 seen=0
observer epoch=172 qpc=1942195665565 seen=0
observer epoch=173 qpc=1942195675569 seen=0
observer epoch=174 qpc=1942195685571 seen=0
observer epoch=175 qpc=1942195695565 seen=0
observer epoch=176 qpc=1942195705566 seen=0
observer epoch=177 qpc=1942195715563 seen=0
observer epoch=178 qpc=1942195725568 seen=0
observer epoch=179 qpc=1942195735560 seen=0
observer epoch=180 qpc=1942195745564 seen=0
observer epoch=181 qpc=1942195755565 seen=0
observer epoch=182 qpc=1942195765572 seen=0
observer epoch=183 qpc=1942195775570 seen=0
observer epoch=184 qpc=1942195785569 seen=0
observer epoch=185 qpc=1942195795563 seen=0
observer epoch=186 qpc=1942195805571 seen=0
observer epoch=187 qpc=1942195815566 seen=0
observer epoch=188 qpc=1942195825563 seen=0
observer epoch=189 qpc=1942195835559 seen=0
observer epoch=190 qpc=1942195845562 seen=0
observer epoch=191 qpc=1942195855567 seen=0
observer epoch=192 qpc=1942195865564 seen=0
observer epoch=193 qpc=1942195875562 seen=0
observer epoch=194 qpc=1942195885566 seen=0
observer epoch=195 qpc=1942195895562 seen=0
observer epoch=196 qpc=1942195905565 seen=0
observer epoch=197 qpc=1942195915566 seen=0
observer epoch=198 qpc=1942195925563 seen=0
observer epoch=199 qpc=1942195935566 seen=0
observer epoch=200 qpc=1942195945564 seen=0
observer epoch=201 qpc=1942195955566 seen=1
observer epoch=202 qpc=1942195965562 seen=1
observer epoch=203 qpc=1942195975569 seen=1
observer epoch=204 qpc=1942195985563 seen=1
observer epoch=205 qpc=1942195995571 seen=1
observer epoch=206 qpc=1942196005562 seen=1
observer epoch=207 qpc=1942196015570 seen=1
observer epoch=208 qpc=1942196025571 seen=1
observer epoch=209 qpc=1942196035565 seen=1
observer epoch=210 qpc=1942196045571 seen=1
observer epoch=211 qpc=1942196055566 seen=1
observer epoch=212 qpc=1942196065565 seen=1
observer epoch=213 qpc=1942196075560 seen=1
observer epoch=214 qpc=1942196085561 seen=1
observer epoch=215 qpc=1942196095561 seen=1
observer epoch=216 qpc=1942196105569 seen=1
observer epoch=217 qpc=1942196115560 seen=1
observer epoch=218 qpc=1942196125562 seen=1
observer epoch=219 qpc=1942196135569 seen=1
observer epoch=220 qpc=1942196145568 seen=1
observer epoch=221 qpc=1942196155560 seen=1
observer epoch=222 qpc=1942196165561 seen=1
observer epoch=223 qpc=1942196175563 seen=1
observer epoch=224 qpc=1942196185561 seen=1
observer epoch=225 qpc=1942196195573 seen=1
observer epoch=226 qpc=1942196205568 seen=1
observer epoch=227 qpc=1942196215569 seen=1
observer epoch=228 qpc=1942196225567 seen=1
observer epoch=229 qpc=1942196235572 seen=1
observer epoch=230 qpc=1942196245562 seen=1
observer epoch=231 qpc=1942196255568 seen=1
observer epoch=232 qpc=1942196265569 seen=1
observer epoch=233 qpc=1942196275564 seen=1
observer epoch=234 qpc=1942196285562 seen=1
observer epoch=235 qpc=1942196295567 seen=1
observer epoch=236 qpc=1942196305564 seen=1
observer epoch=237 qpc=1942196315566 seen=1
observer epoch=238 qpc=1942196325568 seen=1
observer epoch=239 qpc=1942196335575 seen=1
observer epoch=240 qpc=1942196345567 seen=1
observer epoch=241 qpc=1942196355572 seen=1
observer epoch=242 qpc=1942196365563 seen=1
observer epoch=243 qpc=1942196375574 seen=1
observer epoch=244 qpc=1942196385569 seen=1
observer epoch=245 qpc=1942196395565 seen=1
observer epoch=246 qpc=1942196405571 seen=1
observer epoch=247 qpc=1942196415561 seen=1
observer epoch=248 qpc=1942196425565 seen=1
observer epoch=249 qpc=1942196435568 seen=1
observer epoch=250 qpc=1942196445566 seen=1
observer epoch=251 qpc=1942196455567 seen=1
observer epoch=252 qpc=1942196465569 seen=1
observer epoch=253 qpc=1942196475569 seen=1
observer epoch=254 qpc=1942196485564 seen=1
observer epoch=255 qpc=1942196495567 seen=1
observer epoch=256 qpc=1942196505572 seen=1
observer epoch=257 qpc=1942196515568 seen=1
observer epoch=258 qpc=1942196525562 seen=1
observer epoch=259 qpc=1942196535569 seen=1
observer epoch=260 qpc=1942196545571 seen=1
observer epoch=261 qpc=1942196555571 seen=1
observer epoch=262 qpc=1942196565563 seen=1
observer epoch=263 qpc=1942196575572 seen=1
observer epoch=264 qpc=1942196585569 seen=1
observer epoch=265 qpc=1942196595566 seen=1
observer epoch=266 qpc=1942196605565 seen=1
observer epoch=267 qpc=1942196615570 seen=1
observer epoch=268 qpc=1942196625561 seen=1
observer epoch=269 qpc=1942196635568 seen=1
observer epoch=270 qpc=1942196645560 seen=1
observer epoch=271 qpc=1942196655570 seen=1
observer epoch=272 qpc=1942196665571 seen=1
observer epoch=273 qpc=1942196675566 seen=1
observer epoch=274 qpc=1942196685565 seen=1
observer epoch=275 qpc=1942196695570 seen=1
observer epoch=276 qpc=1942196705559 seen=1
observer epoch=277 qpc=1942196715567 seen=1
observer epoch=278 qpc=1942196725571 seen=1
observer epoch=279 qpc=1942196735568 seen=1
observer epoch=280 qpc=1942196745562 seen=1
observer epoch=281 qpc=1942196755562 seen=1
observer epoch=282 qpc=1942196765567 seen=1
observer epoch=283 qpc=1942196775568 seen=1
observer epoch=284 qpc=1942196785563 seen=1
observer epoch=285 qpc=1942196795565 seen=1
observer epoch=286 qpc=1942196805559 seen=1
observer epoch=287 qpc=1942196815566 seen=1
observer epoch=288 qpc=1942196825565 seen=1
observer epoch=289 qpc=1942196835567 seen=1
observer epoch=290 qpc=1942196845563 seen=1
observer epoch=291 qpc=1942196855561 seen=1
observer epoch=292 qpc=1942196865560 seen=1
observer epoch=293 qpc=1942196875576 seen=1
observer epoch=294 qpc=1942196885571 seen=1
observer epoch=295 qpc=1942196895562 seen=1
observer epoch=296 qpc=1942196905566 seen=1
observer epoch=297 qpc=1942196915561 seen=1
observer epoch=298 qpc=1942196925565 seen=1
observer epoch=299 qpc=1942196935562 seen=1
observer epoch=300 qpc=1942196945562 seen=1
observer epoch=301 qpc=1942196955571 seen=1
observer epoch=302 qpc=1942196965568 seen=1
observer epoch=303 qpc=1942196975564 seen=1
observer epoch=304 qpc=1942196985561 seen=1
observer epoch=305 qpc=1942196995563 seen=1
observer epoch=306 qpc=1942197005562 seen=1
observer epoch=307 qpc=1942197015563 seen=1
observer epoch=308 qpc=1942197025564 seen=1
observer epoch=309 qpc=1942197035573 seen=1
observer epoch=310 qpc=1942197045568 seen=1
observer epoch=311 qpc=1942197055574 seen=1
observer epoch=312 qpc=1942197065561 seen=1
observer epoch=313 qpc=1942197075565 seen=1
observer epoch=314 qpc=1942197085569 seen=1
observer epoch=315 qpc=1942197095574 seen=1
observer epoch=316 qpc=1942197105570 seen=1
observer epoch=317 qpc=1942197115565 seen=1
observer epoch=318 qpc=1942197125567 seen=1
observer epoch=319 qpc=1942197135561 seen=1
observer epoch=320 qpc=1942197145565 seen=1
observer epoch=321 qpc=1942197155563 seen=1
observer epoch=322 qpc=1942197165573 seen=1
observer epoch=323 qpc=1942197175567 seen=1
observer epoch=324 qpc=1942197185564 seen=1
observer epoch=325 qpc=1942197195567 seen=1
observer epoch=326 qpc=1942197205567 seen=1
observer epoch=327 qpc=1942197215565 seen=1
observer epoch=328 qpc=1942197225563 seen=1
observer epoch=329 qpc=1942197235569 seen=1
observer epoch=330 qpc=1942197245566 seen=1
observer epoch=331 qpc=1942197255565 seen=1
observer epoch=332 qpc=1942197265561 seen=1
observer epoch=333 qpc=1942197275570 seen=1
observer epoch=334 qpc=1942197285571 seen=1
observer epoch=335 qpc=1942197295571 seen=1
observer epoch=336 qpc=1942197305563 seen=1
observer epoch=337 qpc=1942197315566 seen=1
observer epoch=338 qpc=1942197325565 seen=1
observer epoch=339 qpc=1942197335567 seen=1
observer epoch=340 qpc=1942197345561 seen=1
observer epoch=341 qpc=1942197355562 seen=1
observer epoch=342 qpc=1942197365569 seen=1
observer epoch=343 qpc=1942197375559 seen=1
observer epoch=344 qpc=1942197385561 seen=1
observer epoch=345 qpc=1942197395561 seen=1
observer epoch=346 qpc=1942197405570 seen=1
observer epoch=347 qpc=1942197415561 seen=1
observer epoch=348 qpc=1942197425563 seen=1
observer epoch=349 qpc=1942197435572 seen=1
observer epoch=350 qpc=1942197445566 seen=1
observer epoch=351 qpc=1942197455562 seen=1
observer epoch=352 qpc=1942197465560 seen=1
observer epoch=353 qpc=1942197475572 seen=1
observer epoch=354 qpc=1942197485571 seen=1
observer epoch=355 qpc=1942197495562 seen=1
observer epoch=356 qpc=1942197505570 seen=1
observer epoch=357 qpc=1942197515566 seen=1
observer epoch=358 qpc=1942197525567 seen=1
observer epoch=359 qpc=1942197535565 seen=1
observer epoch=360 qpc=1942197545572 seen=1
observer epoch=361 qpc=1942197555566 seen=1
observer epoch=362 qpc=1942197565567 seen=1
observer epoch=363 qpc=1942197575561 seen=1
observer epoch=364 qpc=1942197585572 seen=1
observer epoch=365 qpc=1942197595572 seen=1
observer epoch=366 qpc=1942197605573 seen=1
observer epoch=367 qpc=1942197615576 seen=1
observer epoch=368 qpc=1942197625575 seen=1
observer epoch=369 qpc=1942197635574 seen=1
observer epoch=370 qpc=1942197645567 seen=1
observer epoch=371 qpc=1942197655572 seen=1
observer epoch=372 qpc=1942197665571 seen=1
observer epoch=373 qpc=1942197675568 seen=1
observer epoch=374 qpc=1942197685569 seen=1
observer epoch=375 qpc=1942197695563 seen=1
observer epoch=376 qpc=1942197705570 seen=1
observer epoch=377 qpc=1942197715562 seen=1
observer epoch=378 qpc=1942197725570 seen=1
observer epoch=379 qpc=1942197735562 seen=1
observer epoch=380 qpc=1942197745565 seen=1
observer epoch=381 qpc=1942197755571 seen=1
observer epoch=382 qpc=1942197765562 seen=1
observer epoch=383 qpc=1942197775560 seen=1
observer epoch=384 qpc=1942197785573 seen=1
observer epoch=385 qpc=1942197795561 seen=1
observer epoch=386 qpc=1942197805563 seen=1
observer epoch=387 qpc=1942197815568 seen=1
observer epoch=388 qpc=1942197825567 seen=1
observer epoch=389 qpc=1942197836446 seen=1
observer epoch=390 qpc=1942197845567 seen=1
observer epoch=391 qpc=1942197855561 seen=1
observer epoch=392 qpc=1942197865571 seen=1
observer epoch=393 qpc=1942197875571 seen=1
observer epoch=394 qpc=1942197885577 seen=1
observer epoch=395 qpc=1942197895566 seen=1
observer epoch=396 qpc=1942197905569 seen=1
observer epoch=397 qpc=1942197915576 seen=1
observer epoch=398 qpc=1942197925577 seen=1
observer epoch=399 qpc=1942197935577 seen=1
observer epoch=400 qpc=1942197945577 seen=1
observer epoch=401 qpc=1942197955569 seen=1
observer epoch=402 qpc=1942197965575 seen=1
observer epoch=403 qpc=1942197975570 seen=1
observer epoch=404 qpc=1942197985572 seen=1
observer epoch=405 qpc=1942197995560 seen=1
observer epoch=406 qpc=1942198005576 seen=1
observer epoch=407 qpc=1942198015566 seen=1
observer epoch=408 qpc=1942198025577 seen=1
observer epoch=409 qpc=1942198035562 seen=1
observer epoch=410 qpc=1942198045560 seen=1
observer epoch=411 qpc=1942198055571 seen=1
observer epoch=412 qpc=1942198065561 seen=1
observer epoch=413 qpc=1942198075566 seen=1
observer epoch=414 qpc=1942198085575 seen=1
observer epoch=415 qpc=1942198095577 seen=1
observer epoch=416 qpc=1942198105564 seen=1
observer epoch=417 qpc=1942198115566 seen=1
observer epoch=418 qpc=1942198125571 seen=1
observer epoch=419 qpc=1942198135573 seen=1
observer epoch=420 qpc=1942198145574 seen=1
observer epoch=421 qpc=1942198155563 seen=1
observer epoch=422 qpc=1942198165572 seen=1
observer epoch=423 qpc=1942198175577 seen=1
observer epoch=424 qpc=1942198185561 seen=1
observer epoch=425 qpc=1942198195572 seen=1
observer epoch=426 qpc=1942198205569 seen=1
observer epoch=427 qpc=1942198215571 seen=1
observer epoch=428 qpc=1942198225575 seen=1
observer epoch=429 qpc=1942198235572 seen=1
observer epoch=430 qpc=1942198245574 seen=1
observer epoch=431 qpc=1942198255563 seen=1
observer epoch=432 qpc=1942198265574 seen=1
observer epoch=433 qpc=1942198275573 seen=1
observer epoch=434 qpc=1942198285574 seen=1
observer epoch=435 qpc=1942198295565 seen=1
observer epoch=436 qpc=1942198305575 seen=1
observer epoch=437 qpc=1942198315578 seen=1
observer epoch=438 qpc=1942198325576 seen=1
observer epoch=439 qpc=1942198335568 seen=1
observer epoch=440 qpc=1942198345562 seen=1
observer epoch=441 qpc=1942198355565 seen=1
observer epoch=442 qpc=1942198365566 seen=1
observer epoch=443 qpc=1942198375576 seen=1
observer epoch=444 qpc=1942198385563 seen=1
observer epoch=445 qpc=1942198395576 seen=1
observer epoch=446 qpc=1942198405563 seen=1
observer epoch=447 qpc=1942198415575 seen=1
observer epoch=448 qpc=1942198425567 seen=1
observer epoch=449 qpc=1942198435567 seen=1
observer epoch=450 qpc=1942198445561 seen=1
observer epoch=451 qpc=1942198455562 seen=1
observer epoch=452 qpc=1942198465563 seen=1
observer epoch=453 qpc=1942198475570 seen=1
observer epoch=454 qpc=1942198485572 seen=1
observer epoch=455 qpc=1942198495569 seen=1
observer epoch=456 qpc=1942198505576 seen=1
observer epoch=457 qpc=1942198515560 seen=1
observer epoch=458 qpc=1942198525571 seen=1
observer epoch=459 qpc=1942198535572 seen=1
observer epoch=460 qpc=1942198545563 seen=1
observer epoch=461 qpc=1942198555564 seen=1
observer epoch=462 qpc=1942198565562 seen=1
observer epoch=463 qpc=1942198575577 seen=1
observer epoch=464 qpc=1942198585564 seen=1
observer epoch=465 qpc=1942198595566 seen=1
observer epoch=466 qpc=1942198605572 seen=1
observer epoch=467 qpc=1942198615562 seen=1
observer epoch=468 qpc=1942198625576 seen=1
observer epoch=469 qpc=1942198635566 seen=1
observer epoch=470 qpc=1942198645563 seen=1
observer epoch=471 qpc=1942198655563 seen=1
observer epoch=472 qpc=1942198665565 seen=1
observer epoch=473 qpc=1942198675563 seen=1
observer epoch=474 qpc=1942198685572 seen=1
observer epoch=475 qpc=1942198695573 seen=1
observer epoch=476 qpc=1942198705566 seen=1
observer epoch=477 qpc=1942198715572 seen=1
observer epoch=478 qpc=1942198725568 seen=1
observer epoch=479 qpc=1942198735564 seen=1
observer epoch=480 qpc=1942198745571 seen=1
observer epoch=481 qpc=1942198755566 seen=1
observer epoch=482 qpc=1942198765564 seen=1
observer epoch=483 qpc=1942198775567 seen=1
observer epoch=484 qpc=1942198785560 seen=1
observer epoch=485 qpc=1942198795563 seen=1
observer epoch=486 qpc=1942198805577 seen=1
observer epoch=487 qpc=1942198815565 seen=1
observer epoch=488 qpc=1942198825572 seen=1
observer epoch=489 qpc=1942198835571 seen=1
observer epoch=490 qpc=1942198845569 seen=1
observer epoch=491 qpc=1942198855562 seen=1
observer epoch=492 qpc=1942198865564 seen=1
observer epoch=493 qpc=1942198875564 seen=1
observer epoch=494 qpc=1942198885570 seen=1
observer epoch=495 qpc=1942198895560 seen=1
observer epoch=496 qpc=1942198905562 seen=1
observer epoch=497 qpc=1942198915562 seen=1
observer epoch=498 qpc=1942198925570 seen=1
observer epoch=499 qpc=1942198935567 seen=1
observer epoch=500 qpc=1942198945568 seen=1
observer epoch=501 qpc=1942198955569 seen=1
observer epoch=502 qpc=1942198965559 seen=1
observer epoch=503 qpc=1942198975566 seen=1
observer epoch=504 qpc=1942198985564 seen=1
observer epoch=505 qpc=1942198995568 seen=1
observer epoch=506 qpc=1942199005576 seen=1
observer epoch=507 qpc=1942199015559 seen=1
observer epoch=508 qpc=1942199025560 seen=1
observer epoch=509 qpc=1942199035573 seen=1
observer epoch=510 qpc=1942199045566 seen=1
observer epoch=511 qpc=1942199055570 seen=1
observer epoch=512 qpc=1942199065565 seen=1
observer epoch=513 qpc=1942199075570 seen=1
observer epoch=514 qpc=1942199085578 seen=1
observer epoch=515 qpc=1942199095564 seen=1
observer epoch=516 qpc=1942199105566 seen=1
observer epoch=517 qpc=1942199115564 seen=1
observer epoch=518 qpc=1942199125566 seen=1
observer epoch=519 qpc=1942199135566 seen=1
observer epoch=520 qpc=1942199145566 seen=1
observer epoch=521 qpc=1942199155567 seen=1
observer epoch=522 qpc=1942199165566 seen=1
observer epoch=523 qpc=1942199175562 seen=1
observer epoch=524 qpc=1942199185571 seen=1
observer epoch=525 qpc=1942199195572 seen=1
observer epoch=526 qpc=1942199205563 seen=1
observer epoch=527 qpc=1942199215562 seen=1
observer epoch=528 qpc=1942199225578 seen=1
observer epoch=529 qpc=1942199235572 seen=1
observer epoch=530 qpc=1942199245564 seen=1
observer epoch=531 qpc=1942199255569 seen=1
observer epoch=532 qpc=1942199265570 seen=1
observer epoch=533 qpc=1942199275567 seen=1
observer epoch=534 qpc=1942199285574 seen=1
observer epoch=535 qpc=1942199295571 seen=1
observer epoch=536 qpc=1942199305562 seen=1
observer epoch=537 qpc=1942199315562 seen=1
observer epoch=538 qpc=1942199325569 seen=1
observer epoch=539 qpc=1942199335571 seen=1
observer epoch=540 qpc=1942199345571 seen=1
observer epoch=541 qpc=1942199355562 seen=1
observer epoch=542 qpc=1942199365570 seen=1
observer epoch=543 qpc=1942199375566 seen=1
observer epoch=544 qpc=1942199385566 seen=1
observer epoch=545 qpc=1942199395569 seen=1
observer epoch=546 qpc=1942199405566 seen=1
observer epoch=547 qpc=1942199415565 seen=1
observer epoch=548 qpc=1942199425562 seen=1
observer epoch=549 qpc=1942199435568 seen=1
observer epoch=550 qpc=1942199445568 seen=1
observer epoch=551 qpc=1942199455562 seen=1
observer epoch=552 qpc=1942199465563 seen=1
observer epoch=553 qpc=1942199475572 seen=1
observer epoch=554 qpc=1942199485566 seen=1
observer epoch=555 qpc=1942199495560 seen=1
observer epoch=556 qpc=1942199505569 seen=1
observer epoch=557 qpc=1942199515570 seen=1
observer epoch=558 qpc=1942199525570 seen=1
observer epoch=559 qpc=1942199535560 seen=1
observer epoch=560 qpc=1942199545570 seen=1
observer epoch=561 qpc=1942199555563 seen=1
observer epoch=562 qpc=1942199565561 seen=1
observer epoch=563 qpc=1942199575565 seen=1
observer epoch=564 qpc=1942199585569 seen=1
observer epoch=565 qpc=1942199595559 seen=1
observer epoch=566 qpc=1942199605573 seen=1
observer epoch=567 qpc=1942199615565 seen=1
observer epoch=568 qpc=1942199625564 seen=1
observer epoch=569 qpc=1942199635569 seen=1
observer epoch=570 qpc=1942199645569 seen=1
observer epoch=571 qpc=1942199655571 seen=1
observer epoch=572 qpc=1942199665568 seen=1
observer epoch=573 qpc=1942199675570 seen=1
observer epoch=574 qpc=1942199685566 seen=1
observer epoch=575 qpc=1942199695568 seen=1
observer epoch=576 qpc=1942199705565 seen=1
observer epoch=577 qpc=1942199715564 seen=1
observer epoch=578 qpc=1942199725563 seen=1
observer epoch=579 qpc=1942199735566 seen=1
observer epoch=580 qpc=1942199745576 seen=1
observer epoch=581 qpc=1942199755565 seen=1
observer epoch=582 qpc=1942199765560 seen=1
observer epoch=583 qpc=1942199775569 seen=1
observer epoch=584 qpc=1942199785573 seen=1
observer epoch=585 qpc=1942199795576 seen=1
observer epoch=586 qpc=1942199805562 seen=1
observer epoch=587 qpc=1942199815572 seen=1
observer epoch=588 qpc=1942199825568 seen=1
observer epoch=589 qpc=1942199835563 seen=1
observer epoch=590 qpc=1942199845564 seen=1
observer epoch=591 qpc=1942199855565 seen=1
observer epoch=592 qpc=1942199865564 seen=1
observer epoch=593 qpc=1942199875575 seen=1
observer epoch=594 qpc=1942199885569 seen=1
observer epoch=595 qpc=1942199895569 seen=1
observer epoch=596 qpc=1942199905568 seen=1
observer epoch=597 qpc=1942199915560 seen=1
observer epoch=598 qpc=1942199925563 seen=1
observer epoch=599 qpc=1942199935562 seen=1
observer_summary first=201 published=1942195951567 start=1942193940559 frequency=10000000 phase_us=500
controller host_exit=0 observer_wait=0
