ALSA lib control.c:1575:(snd_ctl_open_noupdate) [error.control] Invalid CTL hw:0
ALSA lib control.c:1575:(snd_ctl_open_noupdate) [error.control] Invalid CTL hw:1
ALSA lib control.c:1575:(snd_ctl_open_noupdate) [error.control] Invalid CTL hw:0
ALSA lib control.c:1575:(snd_ctl_open_noupdate) [error.control] Invalid CTL hw:1
host loaded=C:\eos-private\Mss32.dll tid=664 frequency=10000000 arm=2 phase=0
start begin=1942176776412 end=1942176776509
serve epoch=1 begin=1942177282798 end=1942177282941
serve epoch=2 begin=1942177779866 end=1942177780099
serve epoch=3 begin=1942178277113 end=1942178277190
serve epoch=4 begin=1942178783502 end=1942178783628
serve epoch=5 begin=1942179279483 end=1942179279557
serve epoch=6 begin=1942179785652 end=1942179785726
serve epoch=7 begin=1942180283366 end=1942180283440
serve epoch=8 begin=1942180779527 end=1942180779610
serve epoch=9 begin=1942181286203 end=1942181286286
serve epoch=10 begin=1942181782403 end=1942181782483
serve epoch=11 begin=1942182278496 end=1942182278589
serve epoch=12 begin=1942182784696 end=1942182784786
serve epoch=13 begin=1942183281265 end=1942183281360
completion count=1 callback=1942178783588 callback_end=1942178783589 thread=664 sent=1942178783721 status=2 total=204 pos=204 worker=0 send_ok=1
event callback=1942178783588 callback_end=1942178783589 received=1942178784729 thread=664 receiver_thread=656
observer epoch=0 qpc=1942176776417 seen=0
observer epoch=1 qpc=1942176786412 seen=0
observer epoch=2 qpc=1942176796412 seen=0
observer epoch=3 qpc=1942176806415 seen=0
observer epoch=4 qpc=1942176816414 seen=0
observer epoch=5 qpc=1942176826410 seen=0
observer epoch=6 qpc=1942176836412 seen=0
observer epoch=7 qpc=1942176846419 seen=0
observer epoch=8 qpc=1942176856410 seen=0
observer epoch=9 qpc=1942176866411 seen=0
observer epoch=10 qpc=1942176876414 seen=0
observer epoch=11 qpc=1942176886415 seen=0
observer epoch=12 qpc=1942176896418 seen=0
observer epoch=13 qpc=1942176906419 seen=0
observer epoch=14 qpc=1942176916413 seen=0
observer epoch=15 qpc=1942176926409 seen=0
observer epoch=16 qpc=1942176936411 seen=0
observer epoch=17 qpc=1942176946412 seen=0
observer epoch=18 qpc=1942176956409 seen=0
observer epoch=19 qpc=1942176966417 seen=0
observer epoch=20 qpc=1942176976419 seen=0
observer epoch=21 qpc=1942176986409 seen=0
observer epoch=22 qpc=1942176996418 seen=0
observer epoch=23 qpc=1942177006416 seen=0
observer epoch=24 qpc=1942177016411 seen=0
observer epoch=25 qpc=1942177026408 seen=0
observer epoch=26 qpc=1942177036416 seen=0
observer epoch=27 qpc=1942177046415 seen=0
observer epoch=28 qpc=1942177056414 seen=0
observer epoch=29 qpc=1942177066409 seen=0
observer epoch=30 qpc=1942177076416 seen=0
observer epoch=31 qpc=1942177086418 seen=0
observer epoch=32 qpc=1942177096416 seen=0
observer epoch=33 qpc=1942177106409 seen=0
observer epoch=34 qpc=1942177116413 seen=0
observer epoch=35 qpc=1942177126411 seen=0
observer epoch=36 qpc=1942177136415 seen=0
observer epoch=37 qpc=1942177146409 seen=0
observer epoch=38 qpc=1942177156413 seen=0
observer epoch=39 qpc=1942177166412 seen=0
observer epoch=40 qpc=1942177176419 seen=0
observer epoch=41 qpc=1942177186417 seen=0
observer epoch=42 qpc=1942177196419 seen=0
observer epoch=43 qpc=1942177206414 seen=0
observer epoch=44 qpc=1942177216411 seen=0
observer epoch=45 qpc=1942177226416 seen=0
observer epoch=46 qpc=1942177236415 seen=0
observer epoch=47 qpc=1942177246416 seen=0
observer epoch=48 qpc=1942177256412 seen=0
observer epoch=49 qpc=1942177266415 seen=0
observer epoch=50 qpc=1942177276417 seen=0
observer epoch=51 qpc=1942177286413 seen=0
observer epoch=52 qpc=1942177296413 seen=0
observer epoch=53 qpc=1942177306417 seen=0
observer epoch=54 qpc=1942177316409 seen=0
observer epoch=55 qpc=1942177326420 seen=0
observer epoch=56 qpc=1942177336419 seen=0
observer epoch=57 qpc=1942177346411 seen=0
observer epoch=58 qpc=1942177356419 seen=0
observer epoch=59 qpc=1942177366418 seen=0
observer epoch=60 qpc=1942177376412 seen=0
observer epoch=61 qpc=1942177386411 seen=0
observer epoch=62 qpc=1942177396410 seen=0
observer epoch=63 qpc=1942177406420 seen=0
observer epoch=64 qpc=1942177416420 seen=0
observer epoch=65 qpc=1942177426417 seen=0
observer epoch=66 qpc=1942177436415 seen=0
observer epoch=67 qpc=1942177446417 seen=0
observer epoch=68 qpc=1942177456411 seen=0
observer epoch=69 qpc=1942177466412 seen=0
observer epoch=70 qpc=1942177476414 seen=0
observer epoch=71 qpc=1942177486412 seen=0
observer epoch=72 qpc=1942177496410 seen=0
observer epoch=73 qpc=1942177506407 seen=0
observer epoch=74 qpc=1942177516409 seen=0
observer epoch=75 qpc=1942177526410 seen=0
observer epoch=76 qpc=1942177536418 seen=0
observer epoch=77 qpc=1942177546412 seen=0
observer epoch=78 qpc=1942177556419 seen=0
observer epoch=79 qpc=1942177566408 seen=0
observer epoch=80 qpc=1942177576409 seen=0
observer epoch=81 qpc=1942177586412 seen=0
observer epoch=82 qpc=1942177596421 seen=0
observer epoch=83 qpc=1942177606420 seen=0
observer epoch=84 qpc=1942177616409 seen=0
observer epoch=85 qpc=1942177626419 seen=0
observer epoch=86 qpc=1942177636412 seen=0
observer epoch=87 qpc=1942177646412 seen=0
observer epoch=88 qpc=1942177656414 seen=0
observer epoch=89 qpc=1942177666414 seen=0
observer epoch=90 qpc=1942177676410 seen=0
observer epoch=91 qpc=1942177686411 seen=0
observer epoch=92 qpc=1942177696409 seen=0
observer epoch=93 qpc=1942177706410 seen=0
observer epoch=94 qpc=1942177716408 seen=0
observer epoch=95 qpc=1942177726410 seen=0
observer epoch=96 qpc=1942177736416 seen=0
observer epoch=97 qpc=1942177746415 seen=0
observer epoch=98 qpc=1942177756412 seen=0
observer epoch=99 qpc=1942177766416 seen=0
observer epoch=100 qpc=1942177776410 seen=0
observer epoch=101 qpc=1942177786417 seen=0
observer epoch=102 qpc=1942177796408 seen=0
observer epoch=103 qpc=1942177806412 seen=0
observer epoch=104 qpc=1942177816417 seen=0
observer epoch=105 qpc=1942177826408 seen=0
observer epoch=106 qpc=1942177836421 seen=0
observer epoch=107 qpc=1942177846417 seen=0
observer epoch=108 qpc=1942177856417 seen=0
observer epoch=109 qpc=1942177866416 seen=0
observer epoch=110 qpc=1942177876410 seen=0
observer epoch=111 qpc=1942177886415 seen=0
observer epoch=112 qpc=1942177896418 seen=0
observer epoch=113 qpc=1942177906417 seen=0
observer epoch=114 qpc=1942177916412 seen=0
observer epoch=115 qpc=1942177926408 seen=0
observer epoch=116 qpc=1942177936411 seen=0
observer epoch=117 qpc=1942177946408 seen=0
observer epoch=118 qpc=1942177956414 seen=0
observer epoch=119 qpc=1942177966418 seen=0
observer epoch=120 qpc=1942177976413 seen=0
observer epoch=121 qpc=1942177986417 seen=0
observer epoch=122 qpc=1942177996410 seen=0
observer epoch=123 qpc=1942178006408 seen=0
observer epoch=124 qpc=1942178016412 seen=0
observer epoch=125 qpc=1942178026419 seen=0
observer epoch=126 qpc=1942178036419 seen=0
observer epoch=127 qpc=1942178046413 seen=0
observer epoch=128 qpc=1942178056408 seen=0
observer epoch=129 qpc=1942178066412 seen=0
observer epoch=130 qpc=1942178076414 seen=0
observer epoch=131 qpc=1942178086411 seen=0
observer epoch=132 qpc=1942178096419 seen=0
observer epoch=133 qpc=1942178106410 seen=0
observer epoch=134 qpc=1942178116415 seen=0
observer epoch=135 qpc=1942178126411 seen=0
observer epoch=136 qpc=1942178136420 seen=0
observer epoch=137 qpc=1942178146412 seen=0
observer epoch=138 qpc=1942178156415 seen=0
observer epoch=139 qpc=1942178166409 seen=0
observer epoch=140 qpc=1942178176414 seen=0
observer epoch=141 qpc=1942178186419 seen=0
observer epoch=142 qpc=1942178196415 seen=0
observer epoch=143 qpc=1942178206411 seen=0
observer epoch=144 qpc=1942178216416 seen=0
observer epoch=145 qpc=1942178226418 seen=0
observer epoch=146 qpc=1942178236410 seen=0
observer epoch=147 qpc=1942178246407 seen=0
observer epoch=148 qpc=1942178256413 seen=0
observer epoch=149 qpc=1942178266412 seen=0
observer epoch=150 qpc=1942178276422 seen=0
observer epoch=151 qpc=1942178286412 seen=0
observer epoch=152 qpc=1942178296412 seen=0
observer epoch=153 qpc=1942178306415 seen=0
observer epoch=154 qpc=1942178316419 seen=0
observer epoch=155 qpc=1942178326410 seen=0
observer epoch=156 qpc=1942178336417 seen=0
observer epoch=157 qpc=1942178346418 seen=0
observer epoch=158 qpc=1942178356408 seen=0
observer epoch=159 qpc=1942178366416 seen=0
observer epoch=160 qpc=1942178376411 seen=0
observer epoch=161 qpc=1942178386413 seen=0
observer epoch=162 qpc=1942178396410 seen=0
observer epoch=163 qpc=1942178406408 seen=0
observer epoch=164 qpc=1942178416419 seen=0
observer epoch=165 qpc=1942178426410 seen=0
observer epoch=166 qpc=1942178436408 seen=0
observer epoch=167 qpc=1942178446409 seen=0
observer epoch=168 qpc=1942178456413 seen=0
observer epoch=169 qpc=1942178466409 seen=0
observer epoch=170 qpc=1942178476414 seen=0
observer epoch=171 qpc=1942178486410 seen=0
observer epoch=172 qpc=1942178496417 seen=0
observer epoch=173 qpc=1942178506417 seen=0
observer epoch=174 qpc=1942178516413 seen=0
observer epoch=175 qpc=1942178526413 seen=0
observer epoch=176 qpc=1942178536417 seen=0
observer epoch=177 qpc=1942178546411 seen=0
observer epoch=178 qpc=1942178556411 seen=0
observer epoch=179 qpc=1942178566416 seen=0
observer epoch=180 qpc=1942178576414 seen=0
observer epoch=181 qpc=1942178586410 seen=0
observer epoch=182 qpc=1942178596411 seen=0
observer epoch=183 qpc=1942178606415 seen=0
observer epoch=184 qpc=1942178616415 seen=0
observer epoch=185 qpc=1942178626419 seen=0
observer epoch=186 qpc=1942178636419 seen=0
observer epoch=187 qpc=1942178646407 seen=0
observer epoch=188 qpc=1942178656407 seen=0
observer epoch=189 qpc=1942178666418 seen=0
observer epoch=190 qpc=1942178676413 seen=0
observer epoch=191 qpc=1942178686410 seen=0
observer epoch=192 qpc=1942178696413 seen=0
observer epoch=193 qpc=1942178706415 seen=0
observer epoch=194 qpc=1942178716413 seen=0
observer epoch=195 qpc=1942178726415 seen=0
observer epoch=196 qpc=1942178736408 seen=0
observer epoch=197 qpc=1942178746407 seen=0
observer epoch=198 qpc=1942178756409 seen=0
observer epoch=199 qpc=1942178766423 seen=0
observer epoch=200 qpc=1942178776417 seen=0
observer epoch=201 qpc=1942178786416 seen=1
observer epoch=202 qpc=1942178796408 seen=1
observer epoch=203 qpc=1942178806413 seen=1
observer epoch=204 qpc=1942178816417 seen=1
observer epoch=205 qpc=1942178826408 seen=1
observer epoch=206 qpc=1942178836407 seen=1
observer epoch=207 qpc=1942178846412 seen=1
observer epoch=208 qpc=1942178856422 seen=1
observer epoch=209 qpc=1942178866417 seen=1
observer epoch=210 qpc=1942178876411 seen=1
observer epoch=211 qpc=1942178886410 seen=1
observer epoch=212 qpc=1942178896413 seen=1
observer epoch=213 qpc=1942178906409 seen=1
observer epoch=214 qpc=1942178916410 seen=1
observer epoch=215 qpc=1942178926413 seen=1
observer epoch=216 qpc=1942178936414 seen=1
observer epoch=217 qpc=1942178946419 seen=1
observer epoch=218 qpc=1942178956413 seen=1
observer epoch=219 qpc=1942178966419 seen=1
observer epoch=220 qpc=1942178976415 seen=1
observer epoch=221 qpc=1942178986407 seen=1
observer epoch=222 qpc=1942178996420 seen=1
observer epoch=223 qpc=1942179006412 seen=1
observer epoch=224 qpc=1942179016412 seen=1
observer epoch=225 qpc=1942179026418 seen=1
observer epoch=226 qpc=1942179036413 seen=1
observer epoch=227 qpc=1942179046412 seen=1
observer epoch=228 qpc=1942179056413 seen=1
observer epoch=229 qpc=1942179066413 seen=1
observer epoch=230 qpc=1942179076415 seen=1
observer epoch=231 qpc=1942179086413 seen=1
observer epoch=232 qpc=1942179096415 seen=1
observer epoch=233 qpc=1942179106410 seen=1
observer epoch=234 qpc=1942179116414 seen=1
observer epoch=235 qpc=1942179126417 seen=1
observer epoch=236 qpc=1942179136409 seen=1
observer epoch=237 qpc=1942179146417 seen=1
observer epoch=238 qpc=1942179156419 seen=1
observer epoch=239 qpc=1942179166413 seen=1
observer epoch=240 qpc=1942179176418 seen=1
observer epoch=241 qpc=1942179186411 seen=1
observer epoch=242 qpc=1942179196408 seen=1
observer epoch=243 qpc=1942179206414 seen=1
observer epoch=244 qpc=1942179216412 seen=1
observer epoch=245 qpc=1942179226419 seen=1
observer epoch=246 qpc=1942179236412 seen=1
observer epoch=247 qpc=1942179246414 seen=1
observer epoch=248 qpc=1942179256411 seen=1
observer epoch=249 qpc=1942179266409 seen=1
observer epoch=250 qpc=1942179276408 seen=1
observer epoch=251 qpc=1942179286410 seen=1
observer epoch=252 qpc=1942179296410 seen=1
observer epoch=253 qpc=1942179306411 seen=1
observer epoch=254 qpc=1942179316419 seen=1
observer epoch=255 qpc=1942179326419 seen=1
observer epoch=256 qpc=1942179336407 seen=1
observer epoch=257 qpc=1942179346413 seen=1
observer epoch=258 qpc=1942179356418 seen=1
observer epoch=259 qpc=1942179366411 seen=1
observer epoch=260 qpc=1942179376413 seen=1
observer epoch=261 qpc=1942179386414 seen=1
observer epoch=262 qpc=1942179396413 seen=1
observer epoch=263 qpc=1942179406410 seen=1
observer epoch=264 qpc=1942179416413 seen=1
observer epoch=265 qpc=1942179426413 seen=1
observer epoch=266 qpc=1942179436407 seen=1
observer epoch=267 qpc=1942179446408 seen=1
observer epoch=268 qpc=1942179456408 seen=1
observer epoch=269 qpc=1942179466416 seen=1
observer epoch=270 qpc=1942179476417 seen=1
observer epoch=271 qpc=1942179486418 seen=1
observer epoch=272 qpc=1942179496413 seen=1
observer epoch=273 qpc=1942179506411 seen=1
observer epoch=274 qpc=1942179516408 seen=1
observer epoch=275 qpc=1942179526412 seen=1
observer epoch=276 qpc=1942179536408 seen=1
observer epoch=277 qpc=1942179546416 seen=1
observer epoch=278 qpc=1942179556419 seen=1
observer epoch=279 qpc=1942179566418 seen=1
observer epoch=280 qpc=1942179576415 seen=1
observer epoch=281 qpc=1942179586417 seen=1
observer epoch=282 qpc=1942179596415 seen=1
observer epoch=283 qpc=1942179606413 seen=1
observer epoch=284 qpc=1942179616409 seen=1
observer epoch=285 qpc=1942179626416 seen=1
observer epoch=286 qpc=1942179636412 seen=1
observer epoch=287 qpc=1942179646411 seen=1
observer epoch=288 qpc=1942179656407 seen=1
observer epoch=289 qpc=1942179666417 seen=1
observer epoch=290 qpc=1942179676414 seen=1
observer epoch=291 qpc=1942179686411 seen=1
observer epoch=292 qpc=1942179696413 seen=1
observer epoch=293 qpc=1942179706416 seen=1
observer epoch=294 qpc=1942179716411 seen=1
observer epoch=295 qpc=1942179726419 seen=1
observer epoch=296 qpc=1942179736408 seen=1
observer epoch=297 qpc=1942179746413 seen=1
observer epoch=298 qpc=1942179756414 seen=1
observer epoch=299 qpc=1942179766413 seen=1
observer epoch=300 qpc=1942179776417 seen=1
observer epoch=301 qpc=1942179786416 seen=1
observer epoch=302 qpc=1942179796408 seen=1
observer epoch=303 qpc=1942179806418 seen=1
observer epoch=304 qpc=1942179816411 seen=1
observer epoch=305 qpc=1942179826416 seen=1
observer epoch=306 qpc=1942179836416 seen=1
observer epoch=307 qpc=1942179846418 seen=1
observer epoch=308 qpc=1942179856414 seen=1
observer epoch=309 qpc=1942179866414 seen=1
observer epoch=310 qpc=1942179876408 seen=1
observer epoch=311 qpc=1942179886417 seen=1
observer epoch=312 qpc=1942179896415 seen=1
observer epoch=313 qpc=1942179906408 seen=1
observer epoch=314 qpc=1942179916413 seen=1
observer epoch=315 qpc=1942179926408 seen=1
observer epoch=316 qpc=1942179936415 seen=1
observer epoch=317 qpc=1942179946413 seen=1
observer epoch=318 qpc=1942179956408 seen=1
observer epoch=319 qpc=1942179966418 seen=1
observer epoch=320 qpc=1942179976411 seen=1
observer epoch=321 qpc=1942179986418 seen=1
observer epoch=322 qpc=1942179996418 seen=1
observer epoch=323 qpc=1942180006418 seen=1
observer epoch=324 qpc=1942180016419 seen=1
observer epoch=325 qpc=1942180026407 seen=1
observer epoch=326 qpc=1942180036417 seen=1
observer epoch=327 qpc=1942180046418 seen=1
observer epoch=328 qpc=1942180056410 seen=1
observer epoch=329 qpc=1942180066413 seen=1
observer epoch=330 qpc=1942180076416 seen=1
observer epoch=331 qpc=1942180086407 seen=1
observer epoch=332 qpc=1942180096418 seen=1
observer epoch=333 qpc=1942180106411 seen=1
observer epoch=334 qpc=1942180116412 seen=1
observer epoch=335 qpc=1942180126412 seen=1
observer epoch=336 qpc=1942180136413 seen=1
observer epoch=337 qpc=1942180146409 seen=1
observer epoch=338 qpc=1942180156407 seen=1
observer epoch=339 qpc=1942180166411 seen=1
observer epoch=340 qpc=1942180176414 seen=1
observer epoch=341 qpc=1942180186412 seen=1
observer epoch=342 qpc=1942180196417 seen=1
observer epoch=343 qpc=1942180206414 seen=1
observer epoch=344 qpc=1942180216416 seen=1
observer epoch=345 qpc=1942180226416 seen=1
observer epoch=346 qpc=1942180236410 seen=1
observer epoch=347 qpc=1942180246412 seen=1
observer epoch=348 qpc=1942180256411 seen=1
observer epoch=349 qpc=1942180266413 seen=1
observer epoch=350 qpc=1942180276409 seen=1
observer epoch=351 qpc=1942180286414 seen=1
observer epoch=352 qpc=1942180296407 seen=1
observer epoch=353 qpc=1942180306409 seen=1
observer epoch=354 qpc=1942180316414 seen=1
observer epoch=355 qpc=1942180326409 seen=1
observer epoch=356 qpc=1942180336408 seen=1
observer epoch=357 qpc=1942180346411 seen=1
observer epoch=358 qpc=1942180356422 seen=1
observer epoch=359 qpc=1942180366419 seen=1
observer epoch=360 qpc=1942180376410 seen=1
observer epoch=361 qpc=1942180386418 seen=1
observer epoch=362 qpc=1942180396411 seen=1
observer epoch=363 qpc=1942180406410 seen=1
observer epoch=364 qpc=1942180416416 seen=1
observer epoch=365 qpc=1942180426410 seen=1
observer epoch=366 qpc=1942180436418 seen=1
observer epoch=367 qpc=1942180446413 seen=1
observer epoch=368 qpc=1942180456418 seen=1
observer epoch=369 qpc=1942180466410 seen=1
observer epoch=370 qpc=1942180476415 seen=1
observer epoch=371 qpc=1942180486414 seen=1
observer epoch=372 qpc=1942180496412 seen=1
observer epoch=373 qpc=1942180506415 seen=1
observer epoch=374 qpc=1942180516422 seen=1
observer epoch=375 qpc=1942180526408 seen=1
observer epoch=376 qpc=1942180536418 seen=1
observer epoch=377 qpc=1942180546408 seen=1
observer epoch=378 qpc=1942180556411 seen=1
observer epoch=379 qpc=1942180566413 seen=1
observer epoch=380 qpc=1942180576415 seen=1
observer epoch=381 qpc=1942180586416 seen=1
observer epoch=382 qpc=1942180596408 seen=1
observer epoch=383 qpc=1942180606411 seen=1
observer epoch=384 qpc=1942180616411 seen=1
observer epoch=385 qpc=1942180626417 seen=1
observer epoch=386 qpc=1942180636413 seen=1
observer epoch=387 qpc=1942180646416 seen=1
observer epoch=388 qpc=1942180656412 seen=1
observer epoch=389 qpc=1942180666416 seen=1
observer epoch=390 qpc=1942180676418 seen=1
observer epoch=391 qpc=1942180686410 seen=1
observer epoch=392 qpc=1942180696414 seen=1
observer epoch=393 qpc=1942180706407 seen=1
observer epoch=394 qpc=1942180716416 seen=1
observer epoch=395 qpc=1942180726417 seen=1
observer epoch=396 qpc=1942180736419 seen=1
observer epoch=397 qpc=1942180746416 seen=1
observer epoch=398 qpc=1942180756413 seen=1
observer epoch=399 qpc=1942180766407 seen=1
observer epoch=400 qpc=1942180776411 seen=1
observer epoch=401 qpc=1942180786417 seen=1
observer epoch=402 qpc=1942180796409 seen=1
observer epoch=403 qpc=1942180806408 seen=1
observer epoch=404 qpc=1942180816412 seen=1
observer epoch=405 qpc=1942180826419 seen=1
observer epoch=406 qpc=1942180836409 seen=1
observer epoch=407 qpc=1942180846408 seen=1
observer epoch=408 qpc=1942180856414 seen=1
observer epoch=409 qpc=1942180866417 seen=1
observer epoch=410 qpc=1942180876419 seen=1
observer epoch=411 qpc=1942180886408 seen=1
observer epoch=412 qpc=1942180896413 seen=1
observer epoch=413 qpc=1942180906413 seen=1
observer epoch=414 qpc=1942180916417 seen=1
observer epoch=415 qpc=1942180926408 seen=1
observer epoch=416 qpc=1942180936416 seen=1
observer epoch=417 qpc=1942180946409 seen=1
observer epoch=418 qpc=1942180956415 seen=1
observer epoch=419 qpc=1942180966408 seen=1
observer epoch=420 qpc=1942180976413 seen=1
observer epoch=421 qpc=1942180986418 seen=1
observer epoch=422 qpc=1942180996415 seen=1
observer epoch=423 qpc=1942181006413 seen=1
observer epoch=424 qpc=1942181016408 seen=1
observer epoch=425 qpc=1942181026415 seen=1
observer epoch=426 qpc=1942181036418 seen=1
observer epoch=427 qpc=1942181046411 seen=1
observer epoch=428 qpc=1942181056419 seen=1
observer epoch=429 qpc=1942181066415 seen=1
observer epoch=430 qpc=1942181076415 seen=1
observer epoch=431 qpc=1942181086412 seen=1
observer epoch=432 qpc=1942181096419 seen=1
observer epoch=433 qpc=1942181106413 seen=1
observer epoch=434 qpc=1942181116409 seen=1
observer epoch=435 qpc=1942181126411 seen=1
observer epoch=436 qpc=1942181136409 seen=1
observer epoch=437 qpc=1942181146412 seen=1
observer epoch=438 qpc=1942181156419 seen=1
observer epoch=439 qpc=1942181166416 seen=1
observer epoch=440 qpc=1942181176411 seen=1
observer epoch=441 qpc=1942181186410 seen=1
observer epoch=442 qpc=1942181196413 seen=1
observer epoch=443 qpc=1942181206415 seen=1
observer epoch=444 qpc=1942181216409 seen=1
observer epoch=445 qpc=1942181226415 seen=1
observer epoch=446 qpc=1942181236414 seen=1
observer epoch=447 qpc=1942181246417 seen=1
observer epoch=448 qpc=1942181256407 seen=1
observer epoch=449 qpc=1942181266414 seen=1
observer epoch=450 qpc=1942181276416 seen=1
observer epoch=451 qpc=1942181286413 seen=1
observer epoch=452 qpc=1942181296408 seen=1
observer epoch=453 qpc=1942181306412 seen=1
observer epoch=454 qpc=1942181316419 seen=1
observer epoch=455 qpc=1942181326409 seen=1
observer epoch=456 qpc=1942181336413 seen=1
observer epoch=457 qpc=1942181346407 seen=1
observer epoch=458 qpc=1942181356418 seen=1
observer epoch=459 qpc=1942181366409 seen=1
observer epoch=460 qpc=1942181376417 seen=1
observer epoch=461 qpc=1942181386417 seen=1
observer epoch=462 qpc=1942181396413 seen=1
observer epoch=463 qpc=1942181406418 seen=1
observer epoch=464 qpc=1942181416412 seen=1
observer epoch=465 qpc=1942181426409 seen=1
observer epoch=466 qpc=1942181436416 seen=1
observer epoch=467 qpc=1942181446410 seen=1
observer epoch=468 qpc=1942181456407 seen=1
observer epoch=469 qpc=1942181466408 seen=1
observer epoch=470 qpc=1942181476413 seen=1
observer epoch=471 qpc=1942181486409 seen=1
observer epoch=472 qpc=1942181496411 seen=1
observer epoch=473 qpc=1942181506420 seen=1
observer epoch=474 qpc=1942181516416 seen=1
observer epoch=475 qpc=1942181526413 seen=1
observer epoch=476 qpc=1942181536414 seen=1
observer epoch=477 qpc=1942181546409 seen=1
observer epoch=478 qpc=1942181556419 seen=1
observer epoch=479 qpc=1942181566412 seen=1
observer epoch=480 qpc=1942181576416 seen=1
observer epoch=481 qpc=1942181586412 seen=1
observer epoch=482 qpc=1942181596416 seen=1
observer epoch=483 qpc=1942181606417 seen=1
observer epoch=484 qpc=1942181616416 seen=1
observer epoch=485 qpc=1942181626409 seen=1
observer epoch=486 qpc=1942181636412 seen=1
observer epoch=487 qpc=1942181646420 seen=1
observer epoch=488 qpc=1942181656415 seen=1
observer epoch=489 qpc=1942181666410 seen=1
observer epoch=490 qpc=1942181676409 seen=1
observer epoch=491 qpc=1942181686413 seen=1
observer epoch=492 qpc=1942181696416 seen=1
observer epoch=493 qpc=1942181706409 seen=1
observer epoch=494 qpc=1942181716408 seen=1
observer epoch=495 qpc=1942181726417 seen=1
observer epoch=496 qpc=1942181736419 seen=1
observer epoch=497 qpc=1942181746415 seen=1
observer epoch=498 qpc=1942181756417 seen=1
observer epoch=499 qpc=1942181766410 seen=1
observer epoch=500 qpc=1942181776409 seen=1
observer epoch=501 qpc=1942181786411 seen=1
observer epoch=502 qpc=1942181796413 seen=1
observer epoch=503 qpc=1942181806417 seen=1
observer epoch=504 qpc=1942181816410 seen=1
observer epoch=505 qpc=1942181826409 seen=1
observer epoch=506 qpc=1942181836417 seen=1
observer epoch=507 qpc=1942181846417 seen=1
observer epoch=508 qpc=1942181856416 seen=1
observer epoch=509 qpc=1942181866419 seen=1
observer epoch=510 qpc=1942181876413 seen=1
observer epoch=511 qpc=1942181886407 seen=1
observer epoch=512 qpc=1942181896407 seen=1
observer epoch=513 qpc=1942181906415 seen=1
observer epoch=514 qpc=1942181916415 seen=1
observer epoch=515 qpc=1942181926413 seen=1
observer epoch=516 qpc=1942181936416 seen=1
observer epoch=517 qpc=1942181946407 seen=1
observer epoch=518 qpc=1942181956419 seen=1
observer epoch=519 qpc=1942181966410 seen=1
observer epoch=520 qpc=1942181976412 seen=1
observer epoch=521 qpc=1942181986408 seen=1
observer epoch=522 qpc=1942181996410 seen=1
observer epoch=523 qpc=1942182006411 seen=1
observer epoch=524 qpc=1942182016408 seen=1
observer epoch=525 qpc=1942182026416 seen=1
observer epoch=526 qpc=1942182036419 seen=1
observer epoch=527 qpc=1942182046410 seen=1
observer epoch=528 qpc=1942182056410 seen=1
observer epoch=529 qpc=1942182066418 seen=1
observer epoch=530 qpc=1942182076414 seen=1
observer epoch=531 qpc=1942182086410 seen=1
observer epoch=532 qpc=1942182096418 seen=1
observer epoch=533 qpc=1942182106419 seen=1
observer epoch=534 qpc=1942182116409 seen=1
observer epoch=535 qpc=1942182126419 seen=1
observer epoch=536 qpc=1942182136408 seen=1
observer epoch=537 qpc=1942182146411 seen=1
observer epoch=538 qpc=1942182156409 seen=1
observer epoch=539 qpc=1942182166412 seen=1
observer epoch=540 qpc=1942182176411 seen=1
observer epoch=541 qpc=1942182186412 seen=1
observer epoch=542 qpc=1942182196409 seen=1
observer epoch=543 qpc=1942182206409 seen=1
observer epoch=544 qpc=1942182216414 seen=1
observer epoch=545 qpc=1942182226415 seen=1
observer epoch=546 qpc=1942182236419 seen=1
observer epoch=547 qpc=1942182246410 seen=1
observer epoch=548 qpc=1942182256413 seen=1
observer epoch=549 qpc=1942182266414 seen=1
observer epoch=550 qpc=1942182276408 seen=1
observer epoch=551 qpc=1942182286419 seen=1
observer epoch=552 qpc=1942182296412 seen=1
observer epoch=553 qpc=1942182306408 seen=1
observer epoch=554 qpc=1942182316410 seen=1
observer epoch=555 qpc=1942182326414 seen=1
observer epoch=556 qpc=1942182336408 seen=1
observer epoch=557 qpc=1942182346414 seen=1
observer epoch=558 qpc=1942182356416 seen=1
observer epoch=559 qpc=1942182366419 seen=1
observer epoch=560 qpc=1942182376415 seen=1
observer epoch=561 qpc=1942182386410 seen=1
observer epoch=562 qpc=1942182396410 seen=1
observer epoch=563 qpc=1942182406413 seen=1
observer epoch=564 qpc=1942182416411 seen=1
observer epoch=565 qpc=1942182426412 seen=1
observer epoch=566 qpc=1942182436417 seen=1
observer epoch=567 qpc=1942182446416 seen=1
observer epoch=568 qpc=1942182456414 seen=1
observer epoch=569 qpc=1942182466418 seen=1
observer epoch=570 qpc=1942182476415 seen=1
observer epoch=571 qpc=1942182486409 seen=1
observer epoch=572 qpc=1942182496419 seen=1
observer epoch=573 qpc=1942182506412 seen=1
observer epoch=574 qpc=1942182516412 seen=1
observer epoch=575 qpc=1942182526416 seen=1
observer epoch=576 qpc=1942182536416 seen=1
observer epoch=577 qpc=1942182546408 seen=1
observer epoch=578 qpc=1942182556414 seen=1
observer epoch=579 qpc=1942182566414 seen=1
observer epoch=580 qpc=1942182576408 seen=1
observer epoch=581 qpc=1942182586417 seen=1
observer epoch=582 qpc=1942182596408 seen=1
observer epoch=583 qpc=1942182606420 seen=1
observer epoch=584 qpc=1942182616413 seen=1
observer epoch=585 qpc=1942182626419 seen=1
observer epoch=586 qpc=1942182636413 seen=1
observer epoch=587 qpc=1942182646416 seen=1
observer epoch=588 qpc=1942182656415 seen=1
observer epoch=589 qpc=1942182666413 seen=1
observer epoch=590 qpc=1942182676412 seen=1
observer epoch=591 qpc=1942182686411 seen=1
observer epoch=592 qpc=1942182696414 seen=1
observer epoch=593 qpc=1942182706414 seen=1
observer epoch=594 qpc=1942182716411 seen=1
observer epoch=595 qpc=1942182726416 seen=1
observer epoch=596 qpc=1942182736411 seen=1
observer epoch=597 qpc=1942182746418 seen=1
observer epoch=598 qpc=1942182756410 seen=1
observer epoch=599 qpc=1942182766419 seen=1
observer_summary first=201 published=1942178784730 start=1942176776407 frequency=10000000 phase_us=0
controller host_exit=0 observer_wait=0
