ALSA lib control.c:1575:(snd_ctl_open_noupdate) [error.control] Invalid CTL hw:0
ALSA lib control.c:1575:(snd_ctl_open_noupdate) [error.control] Invalid CTL hw:1
ALSA lib control.c:1575:(snd_ctl_open_noupdate) [error.control] Invalid CTL hw:0
ALSA lib control.c:1575:(snd_ctl_open_noupdate) [error.control] Invalid CTL hw:1
host loaded=C:\eos-private\Mss32.dll tid=620 frequency=10000000 arm=2 phase=0
start begin=1942168069511 end=1942168069612
serve epoch=1 begin=1942168575445 end=1942168575535
serve epoch=2 begin=1942169074803 end=1942169074905
serve epoch=3 begin=1942169571205 end=1942169571370
serve epoch=4 begin=1942170070072 end=1942170070500
serve epoch=5 begin=1942170579891 end=1942170580137
serve epoch=6 begin=1942171078907 end=1942171078998
serve epoch=7 begin=1942171575092 end=1942171575207
serve epoch=8 begin=1942172079520 end=1942172079681
serve epoch=9 begin=1942172576567 end=1942172576762
serve epoch=10 begin=1942173073928 end=1942173074010
serve epoch=11 begin=1942173569632 end=1942173569695
serve epoch=12 begin=1942174076199 end=1942174076367
serve epoch=13 begin=1942174572395 end=1942174572585
completion count=1 callback=1942170070422 callback_end=1942170070424 thread=620 sent=1942170070645 status=2 total=204 pos=204 worker=0 send_ok=1
event callback=1942170070422 callback_end=1942170070424 received=1942170072133 thread=620 receiver_thread=612
observer epoch=0 qpc=1942168069509 seen=0
observer epoch=1 qpc=1942168079517 seen=0
observer epoch=2 qpc=1942168089513 seen=0
observer epoch=3 qpc=1942168099507 seen=0
observer epoch=4 qpc=1942168109510 seen=0
observer epoch=5 qpc=1942168119512 seen=0
observer epoch=6 qpc=1942168129515 seen=0
observer epoch=7 qpc=1942168139506 seen=0
observer epoch=8 qpc=1942168149516 seen=0
observer epoch=9 qpc=1942168159513 seen=0
observer epoch=10 qpc=1942168169516 seen=0
observer epoch=11 qpc=1942168179511 seen=0
observer epoch=12 qpc=1942168189524 seen=0
observer epoch=13 qpc=1942168199515 seen=0
observer epoch=14 qpc=1942168209511 seen=0
observer epoch=15 qpc=1942168219515 seen=0
observer epoch=16 qpc=1942168229524 seen=0
observer epoch=17 qpc=1942168239520 seen=0
observer epoch=18 qpc=1942168249507 seen=0
observer epoch=19 qpc=1942168259512 seen=0
observer epoch=20 qpc=1942168269507 seen=0
observer epoch=21 qpc=1942168279506 seen=0
observer epoch=22 qpc=1942168289510 seen=0
observer epoch=23 qpc=1942168299514 seen=0
observer epoch=24 qpc=1942168309507 seen=0
observer epoch=25 qpc=1942168319514 seen=0
observer epoch=26 qpc=1942168329514 seen=0
observer epoch=27 qpc=1942168339517 seen=0
observer epoch=28 qpc=1942168349521 seen=0
observer epoch=29 qpc=1942168359508 seen=0
observer epoch=30 qpc=1942168369510 seen=0
observer epoch=31 qpc=1942168379514 seen=0
observer epoch=32 qpc=1942168389508 seen=0
observer epoch=33 qpc=1942168399521 seen=0
observer epoch=34 qpc=1942168409523 seen=0
observer epoch=35 qpc=1942168419521 seen=0
observer epoch=36 qpc=1942168429511 seen=0
observer epoch=37 qpc=1942168439510 seen=0
observer epoch=38 qpc=1942168449518 seen=0
observer epoch=39 qpc=1942168459515 seen=0
observer epoch=40 qpc=1942168469517 seen=0
observer epoch=41 qpc=1942168479515 seen=0
observer epoch=42 qpc=1942168489511 seen=0
observer epoch=43 qpc=1942168499518 seen=0
observer epoch=44 qpc=1942168509512 seen=0
observer epoch=45 qpc=1942168519520 seen=0
observer epoch=46 qpc=1942168529522 seen=0
observer epoch=47 qpc=1942168539514 seen=0
observer epoch=48 qpc=1942168549518 seen=0
observer epoch=49 qpc=1942168559506 seen=0
observer epoch=50 qpc=1942168569507 seen=0
observer epoch=51 qpc=1942168579511 seen=0
observer epoch=52 qpc=1942168589510 seen=0
observer epoch=53 qpc=1942168599508 seen=0
observer epoch=54 qpc=1942168609518 seen=0
observer epoch=55 qpc=1942168619513 seen=0
observer epoch=56 qpc=1942168629506 seen=0
observer epoch=57 qpc=1942168639506 seen=0
observer epoch=58 qpc=1942168649512 seen=0
observer epoch=59 qpc=1942168659515 seen=0
observer epoch=60 qpc=1942168669514 seen=0
observer epoch=61 qpc=1942168679518 seen=0
observer epoch=62 qpc=1942168689509 seen=0
observer epoch=63 qpc=1942168699523 seen=0
observer epoch=64 qpc=1942168709520 seen=0
observer epoch=65 qpc=1942168719510 seen=0
observer epoch=66 qpc=1942168729508 seen=0
observer epoch=67 qpc=1942168739518 seen=0
observer epoch=68 qpc=1942168749508 seen=0
observer epoch=69 qpc=1942168759515 seen=0
observer epoch=70 qpc=1942168769513 seen=0
observer epoch=71 qpc=1942168779515 seen=0
observer epoch=72 qpc=1942168789510 seen=0
observer epoch=73 qpc=1942168799514 seen=0
observer epoch=74 qpc=1942168809506 seen=0
observer epoch=75 qpc=1942168819511 seen=0
observer epoch=76 qpc=1942168829514 seen=0
observer epoch=77 qpc=1942168839509 seen=0
observer epoch=78 qpc=1942168849507 seen=0
observer epoch=79 qpc=1942168859511 seen=0
observer epoch=80 qpc=1942168869508 seen=0
observer epoch=81 qpc=1942168879511 seen=0
observer epoch=82 qpc=1942168889506 seen=0
observer epoch=83 qpc=1942168899515 seen=0
observer epoch=84 qpc=1942168909517 seen=0
observer epoch=85 qpc=1942168919512 seen=0
observer epoch=86 qpc=1942168929512 seen=0
observer epoch=87 qpc=1942168939515 seen=0
observer epoch=88 qpc=1942168949516 seen=0
observer epoch=89 qpc=1942168959516 seen=0
observer epoch=90 qpc=1942168969517 seen=0
observer epoch=91 qpc=1942168979517 seen=0
observer epoch=92 qpc=1942168989512 seen=0
observer epoch=93 qpc=1942168999508 seen=0
observer epoch=94 qpc=1942169009513 seen=0
observer epoch=95 qpc=1942169019512 seen=0
observer epoch=96 qpc=1942169029513 seen=0
observer epoch=97 qpc=1942169039513 seen=0
observer epoch=98 qpc=1942169049519 seen=0
observer epoch=99 qpc=1942169059513 seen=0
observer epoch=100 qpc=1942169069508 seen=0
observer epoch=101 qpc=1942169079513 seen=0
observer epoch=102 qpc=1942169089513 seen=0
observer epoch=103 qpc=1942169099514 seen=0
observer epoch=104 qpc=1942169109506 seen=0
observer epoch=105 qpc=1942169119508 seen=0
observer epoch=106 qpc=1942169129516 seen=0
observer epoch=107 qpc=1942169139517 seen=0
observer epoch=108 qpc=1942169149507 seen=0
observer epoch=109 qpc=1942169159510 seen=0
observer epoch=110 qpc=1942169169516 seen=0
observer epoch=111 qpc=1942169179514 seen=0
observer epoch=112 qpc=1942169189505 seen=0
observer epoch=113 qpc=1942169199517 seen=0
observer epoch=114 qpc=1942169209510 seen=0
observer epoch=115 qpc=1942169219507 seen=0
observer epoch=116 qpc=1942169229515 seen=0
observer epoch=117 qpc=1942169239512 seen=0
observer epoch=118 qpc=1942169249518 seen=0
observer epoch=119 qpc=1942169259514 seen=0
observer epoch=120 qpc=1942169269507 seen=0
observer epoch=121 qpc=1942169279510 seen=0
observer epoch=122 qpc=1942169289512 seen=0
observer epoch=123 qpc=1942169299512 seen=0
observer epoch=124 qpc=1942169309514 seen=0
observer epoch=125 qpc=1942169319506 seen=0
observer epoch=126 qpc=1942169329508 seen=0
observer epoch=127 qpc=1942169339509 seen=0
observer epoch=128 qpc=1942169349506 seen=0
observer epoch=129 qpc=1942169359508 seen=0
observer epoch=130 qpc=1942169369509 seen=0
observer epoch=131 qpc=1942169379507 seen=0
observer epoch=132 qpc=1942169389508 seen=0
observer epoch=133 qpc=1942169399514 seen=0
observer epoch=134 qpc=1942169409539 seen=0
observer epoch=135 qpc=1942169419509 seen=0
observer epoch=136 qpc=1942169429507 seen=0
observer epoch=137 qpc=1942169439508 seen=0
observer epoch=138 qpc=1942169449508 seen=0
observer epoch=139 qpc=1942169459512 seen=0
observer epoch=140 qpc=1942169469506 seen=0
observer epoch=141 qpc=1942169479518 seen=0
observer epoch=142 qpc=1942169489507 seen=0
observer epoch=143 qpc=1942169499525 seen=0
observer epoch=144 qpc=1942169509514 seen=0
observer epoch=145 qpc=1942169519508 seen=0
observer epoch=146 qpc=1942169529506 seen=0
observer epoch=147 qpc=1942169539506 seen=0
observer epoch=148 qpc=1942169549507 seen=0
observer epoch=149 qpc=1942169559518 seen=0
observer epoch=150 qpc=1942169569513 seen=0
observer epoch=151 qpc=1942169579508 seen=0
observer epoch=152 qpc=1942169589515 seen=0
observer epoch=153 qpc=1942169599509 seen=0
observer epoch=154 qpc=1942169609514 seen=0
observer epoch=155 qpc=1942169619513 seen=0
observer epoch=156 qpc=1942169629517 seen=0
observer epoch=157 qpc=1942169639512 seen=0
observer epoch=158 qpc=1942169649516 seen=0
observer epoch=159 qpc=1942169659513 seen=0
observer epoch=160 qpc=1942169669517 seen=0
observer epoch=161 qpc=1942169679514 seen=0
observer epoch=162 qpc=1942169689516 seen=0
observer epoch=163 qpc=1942169699509 seen=0
observer epoch=164 qpc=1942169709519 seen=0
observer epoch=165 qpc=1942169719506 seen=0
observer epoch=166 qpc=1942169729506 seen=0
observer epoch=167 qpc=1942169739511 seen=0
observer epoch=168 qpc=1942169749511 seen=0
observer epoch=169 qpc=1942169759513 seen=0
observer epoch=170 qpc=1942169769517 seen=0
observer epoch=171 qpc=1942169779515 seen=0
observer epoch=172 qpc=1942169789513 seen=0
observer epoch=173 qpc=1942169799511 seen=0
observer epoch=174 qpc=1942169809505 seen=0
observer epoch=175 qpc=1942169819518 seen=0
observer epoch=176 qpc=1942169829508 seen=0
observer epoch=177 qpc=1942169839505 seen=0
observer epoch=178 qpc=1942169849522 seen=0
observer epoch=179 qpc=1942169859509 seen=0
observer epoch=180 qpc=1942169869516 seen=0
observer epoch=181 qpc=1942169879510 seen=0
observer epoch=182 qpc=1942169889508 seen=0
observer epoch=183 qpc=1942169899514 seen=0
observer epoch=184 qpc=1942169909517 seen=0
observer epoch=185 qpc=1942169919509 seen=0
observer epoch=186 qpc=1942169929510 seen=0
observer epoch=187 qpc=1942169939516 seen=0
observer epoch=188 qpc=1942169949520 seen=0
observer epoch=189 qpc=1942169959515 seen=0
observer epoch=190 qpc=1942169969508 seen=0
observer epoch=191 qpc=1942169979515 seen=0
observer epoch=192 qpc=1942169989517 seen=0
observer epoch=193 qpc=1942169999518 seen=0
observer epoch=194 qpc=1942170009514 seen=0
observer epoch=195 qpc=1942170019513 seen=0
observer epoch=196 qpc=1942170029520 seen=0
observer epoch=197 qpc=1942170039514 seen=0
observer epoch=198 qpc=1942170049521 seen=0
observer epoch=199 qpc=1942170059509 seen=0
observer epoch=200 qpc=1942170069515 seen=0
observer epoch=201 qpc=1942170079519 seen=1
observer epoch=202 qpc=1942170089506 seen=1
observer epoch=203 qpc=1942170099506 seen=1
observer epoch=204 qpc=1942170109512 seen=1
observer epoch=205 qpc=1942170119515 seen=1
observer epoch=206 qpc=1942170129507 seen=1
observer epoch=207 qpc=1942170139517 seen=1
observer epoch=208 qpc=1942170149511 seen=1
observer epoch=209 qpc=1942170159510 seen=1
observer epoch=210 qpc=1942170169510 seen=1
observer epoch=211 qpc=1942170179516 seen=1
observer epoch=212 qpc=1942170189506 seen=1
observer epoch=213 qpc=1942170199520 seen=1
observer epoch=214 qpc=1942170209514 seen=1
observer epoch=215 qpc=1942170219511 seen=1
observer epoch=216 qpc=1942170229507 seen=1
observer epoch=217 qpc=1942170239508 seen=1
observer epoch=218 qpc=1942170249506 seen=1
observer epoch=219 qpc=1942170259518 seen=1
observer epoch=220 qpc=1942170269514 seen=1
observer epoch=221 qpc=1942170279517 seen=1
observer epoch=222 qpc=1942170289514 seen=1
observer epoch=223 qpc=1942170299509 seen=1
observer epoch=224 qpc=1942170309510 seen=1
observer epoch=225 qpc=1942170319513 seen=1
observer epoch=226 qpc=1942170329516 seen=1
observer epoch=227 qpc=1942170339519 seen=1
observer epoch=228 qpc=1942170349514 seen=1
observer epoch=229 qpc=1942170359512 seen=1
observer epoch=230 qpc=1942170369509 seen=1
observer epoch=231 qpc=1942170379512 seen=1
observer epoch=232 qpc=1942170389520 seen=1
observer epoch=233 qpc=1942170399522 seen=1
observer epoch=234 qpc=1942170409508 seen=1
observer epoch=235 qpc=1942170419512 seen=1
observer epoch=236 qpc=1942170429512 seen=1
observer epoch=237 qpc=1942170439506 seen=1
observer epoch=238 qpc=1942170449514 seen=1
observer epoch=239 qpc=1942170459512 seen=1
observer epoch=240 qpc=1942170469515 seen=1
observer epoch=241 qpc=1942170479517 seen=1
observer epoch=242 qpc=1942170489505 seen=1
observer epoch=243 qpc=1942170499509 seen=1
observer epoch=244 qpc=1942170509508 seen=1
observer epoch=245 qpc=1942170519520 seen=1
observer epoch=246 qpc=1942170529522 seen=1
observer epoch=247 qpc=1942170539517 seen=1
observer epoch=248 qpc=1942170549517 seen=1
observer epoch=249 qpc=1942170559512 seen=1
observer epoch=250 qpc=1942170569513 seen=1
observer epoch=251 qpc=1942170579515 seen=1
observer epoch=252 qpc=1942170589522 seen=1
observer epoch=253 qpc=1942170599508 seen=1
observer epoch=254 qpc=1942170609516 seen=1
observer epoch=255 qpc=1942170619512 seen=1
observer epoch=256 qpc=1942170629509 seen=1
observer epoch=257 qpc=1942170639507 seen=1
observer epoch=258 qpc=1942170649515 seen=1
observer epoch=259 qpc=1942170659512 seen=1
observer epoch=260 qpc=1942170669506 seen=1
observer epoch=261 qpc=1942170679506 seen=1
observer epoch=262 qpc=1942170689509 seen=1
observer epoch=263 qpc=1942170699518 seen=1
observer epoch=264 qpc=1942170709506 seen=1
observer epoch=265 qpc=1942170719505 seen=1
observer epoch=266 qpc=1942170729509 seen=1
observer epoch=267 qpc=1942170739515 seen=1
observer epoch=268 qpc=1942170749511 seen=1
observer epoch=269 qpc=1942170759517 seen=1
observer epoch=270 qpc=1942170769507 seen=1
observer epoch=271 qpc=1942170779513 seen=1
observer epoch=272 qpc=1942170789506 seen=1
observer epoch=273 qpc=1942170799510 seen=1
observer epoch=274 qpc=1942170809516 seen=1
observer epoch=275 qpc=1942170819510 seen=1
observer epoch=276 qpc=1942170829515 seen=1
observer epoch=277 qpc=1942170839514 seen=1
observer epoch=278 qpc=1942170849507 seen=1
observer epoch=279 qpc=1942170859515 seen=1
observer epoch=280 qpc=1942170869517 seen=1
observer epoch=281 qpc=1942170879518 seen=1
observer epoch=282 qpc=1942170889506 seen=1
observer epoch=283 qpc=1942170899517 seen=1
observer epoch=284 qpc=1942170909523 seen=1
observer epoch=285 qpc=1942170919509 seen=1
observer epoch=286 qpc=1942170929516 seen=1
observer epoch=287 qpc=1942170939508 seen=1
observer epoch=288 qpc=1942170949507 seen=1
observer epoch=289 qpc=1942170959511 seen=1
observer epoch=290 qpc=1942170969516 seen=1
observer epoch=291 qpc=1942170979512 seen=1
observer epoch=292 qpc=1942170989513 seen=1
observer epoch=293 qpc=1942170999511 seen=1
observer epoch=294 qpc=1942171009519 seen=1
observer epoch=295 qpc=1942171019508 seen=1
observer epoch=296 qpc=1942171029507 seen=1
observer epoch=297 qpc=1942171039508 seen=1
observer epoch=298 qpc=1942171049509 seen=1
observer epoch=299 qpc=1942171059514 seen=1
observer epoch=300 qpc=1942171069516 seen=1
observer epoch=301 qpc=1942171079516 seen=1
observer epoch=302 qpc=1942171089516 seen=1
observer epoch=303 qpc=1942171099506 seen=1
observer epoch=304 qpc=1942171109517 seen=1
observer epoch=305 qpc=1942171119513 seen=1
observer epoch=306 qpc=1942171129513 seen=1
observer epoch=307 qpc=1942171139509 seen=1
observer epoch=308 qpc=1942171149510 seen=1
observer epoch=309 qpc=1942171159514 seen=1
observer epoch=310 qpc=1942171169512 seen=1
observer epoch=311 qpc=1942171179517 seen=1
observer epoch=312 qpc=1942171189516 seen=1
observer epoch=313 qpc=1942171199505 seen=1
observer epoch=314 qpc=1942171209516 seen=1
observer epoch=315 qpc=1942171219505 seen=1
observer epoch=316 qpc=1942171229508 seen=1
observer epoch=317 qpc=1942171239513 seen=1
observer epoch=318 qpc=1942171249517 seen=1
observer epoch=319 qpc=1942171259514 seen=1
observer epoch=320 qpc=1942171269512 seen=1
observer epoch=321 qpc=1942171279515 seen=1
observer epoch=322 qpc=1942171289514 seen=1
observer epoch=323 qpc=1942171299505 seen=1
observer epoch=324 qpc=1942171309511 seen=1
observer epoch=325 qpc=1942171319510 seen=1
observer epoch=326 qpc=1942171329514 seen=1
observer epoch=327 qpc=1942171339508 seen=1
observer epoch=328 qpc=1942171349512 seen=1
observer epoch=329 qpc=1942171359513 seen=1
observer epoch=330 qpc=1942171369514 seen=1
observer epoch=331 qpc=1942171379506 seen=1
observer epoch=332 qpc=1942171389508 seen=1
observer epoch=333 qpc=1942171399507 seen=1
observer epoch=334 qpc=1942171409518 seen=1
observer epoch=335 qpc=1942171419508 seen=1
observer epoch=336 qpc=1942171429516 seen=1
observer epoch=337 qpc=1942171439511 seen=1
observer epoch=338 qpc=1942171449511 seen=1
observer epoch=339 qpc=1942171459510 seen=1
observer epoch=340 qpc=1942171469508 seen=1
observer epoch=341 qpc=1942171479517 seen=1
observer epoch=342 qpc=1942171489506 seen=1
observer epoch=343 qpc=1942171499506 seen=1
observer epoch=344 qpc=1942171509514 seen=1
observer epoch=345 qpc=1942171519523 seen=1
observer epoch=346 qpc=1942171529513 seen=1
observer epoch=347 qpc=1942171539520 seen=1
observer epoch=348 qpc=1942171549514 seen=1
observer epoch=349 qpc=1942171559515 seen=1
observer epoch=350 qpc=1942171569508 seen=1
observer epoch=351 qpc=1942171579505 seen=1
observer epoch=352 qpc=1942171589517 seen=1
observer epoch=353 qpc=1942171599522 seen=1
observer epoch=354 qpc=1942171609516 seen=1
observer epoch=355 qpc=1942171619514 seen=1
observer epoch=356 qpc=1942171629517 seen=1
observer epoch=357 qpc=1942171639510 seen=1
observer epoch=358 qpc=1942171649511 seen=1
observer epoch=359 qpc=1942171659517 seen=1
observer epoch=360 qpc=1942171669512 seen=1
observer epoch=361 qpc=1942171679513 seen=1
observer epoch=362 qpc=1942171689507 seen=1
observer epoch=363 qpc=1942171699514 seen=1
observer epoch=364 qpc=1942171709512 seen=1
observer epoch=365 qpc=1942171719511 seen=1
observer epoch=366 qpc=1942171729521 seen=1
observer epoch=367 qpc=1942171739517 seen=1
observer epoch=368 qpc=1942171749519 seen=1
observer epoch=369 qpc=1942171759510 seen=1
observer epoch=370 qpc=1942171769514 seen=1
observer epoch=371 qpc=1942171779518 seen=1
observer epoch=372 qpc=1942171789507 seen=1
observer epoch=373 qpc=1942171799509 seen=1
observer epoch=374 qpc=1942171809506 seen=1
observer epoch=375 qpc=1942171819516 seen=1
observer epoch=376 qpc=1942171829507 seen=1
observer epoch=377 qpc=1942171839511 seen=1
observer epoch=378 qpc=1942171849512 seen=1
observer epoch=379 qpc=1942171859505 seen=1
observer epoch=380 qpc=1942171869509 seen=1
observer epoch=381 qpc=1942171879513 seen=1
observer epoch=382 qpc=1942171889515 seen=1
observer epoch=383 qpc=1942171899510 seen=1
observer epoch=384 qpc=1942171909512 seen=1
observer epoch=385 qpc=1942171919514 seen=1
observer epoch=386 qpc=1942171929510 seen=1
observer epoch=387 qpc=1942171939508 seen=1
observer epoch=388 qpc=1942171949507 seen=1
observer epoch=389 qpc=1942171959508 seen=1
observer epoch=390 qpc=1942171969510 seen=1
observer epoch=391 qpc=1942171979506 seen=1
observer epoch=392 qpc=1942171989509 seen=1
observer epoch=393 qpc=1942171999516 seen=1
observer epoch=394 qpc=1942172009514 seen=1
observer epoch=395 qpc=1942172019510 seen=1
observer epoch=396 qpc=1942172029511 seen=1
observer epoch=397 qpc=1942172039512 seen=1
observer epoch=398 qpc=1942172049508 seen=1
observer epoch=399 qpc=1942172059515 seen=1
observer epoch=400 qpc=1942172069510 seen=1
observer epoch=401 qpc=1942172079510 seen=1
observer epoch=402 qpc=1942172089512 seen=1
observer epoch=403 qpc=1942172099515 seen=1
observer epoch=404 qpc=1942172109515 seen=1
observer epoch=405 qpc=1942172119506 seen=1
observer epoch=406 qpc=1942172129510 seen=1
observer epoch=407 qpc=1942172139513 seen=1
observer epoch=408 qpc=1942172149515 seen=1
observer epoch=409 qpc=1942172159515 seen=1
observer epoch=410 qpc=1942172169513 seen=1
observer epoch=411 qpc=1942172179507 seen=1
observer epoch=412 qpc=1942172189508 seen=1
observer epoch=413 qpc=1942172199516 seen=1
observer epoch=414 qpc=1942172209516 seen=1
observer epoch=415 qpc=1942172219517 seen=1
observer epoch=416 qpc=1942172229514 seen=1
observer epoch=417 qpc=1942172239510 seen=1
observer epoch=418 qpc=1942172249511 seen=1
observer epoch=419 qpc=1942172259512 seen=1
observer epoch=420 qpc=1942172269510 seen=1
observer epoch=421 qpc=1942172279511 seen=1
observer epoch=422 qpc=1942172289511 seen=1
observer epoch=423 qpc=1942172299507 seen=1
observer epoch=424 qpc=1942172309516 seen=1
observer epoch=425 qpc=1942172319516 seen=1
observer epoch=426 qpc=1942172329508 seen=1
observer epoch=427 qpc=1942172339507 seen=1
observer epoch=428 qpc=1942172349516 seen=1
observer epoch=429 qpc=1942172359507 seen=1
observer epoch=430 qpc=1942172369510 seen=1
observer epoch=431 qpc=1942172379507 seen=1
observer epoch=432 qpc=1942172389505 seen=1
observer epoch=433 qpc=1942172399517 seen=1
observer epoch=434 qpc=1942172409512 seen=1
observer epoch=435 qpc=1942172419512 seen=1
observer epoch=436 qpc=1942172429515 seen=1
observer epoch=437 qpc=1942172439513 seen=1
observer epoch=438 qpc=1942172449505 seen=1
observer epoch=439 qpc=1942172459512 seen=1
observer epoch=440 qpc=1942172469512 seen=1
observer epoch=441 qpc=1942172479507 seen=1
observer epoch=442 qpc=1942172489508 seen=1
observer epoch=443 qpc=1942172499515 seen=1
observer epoch=444 qpc=1942172509513 seen=1
observer epoch=445 qpc=1942172519507 seen=1
observer epoch=446 qpc=1942172529509 seen=1
observer epoch=447 qpc=1942172539506 seen=1
observer epoch=448 qpc=1942172549514 seen=1
observer epoch=449 qpc=1942172559506 seen=1
observer epoch=450 qpc=1942172569512 seen=1
observer epoch=451 qpc=1942172579510 seen=1
observer epoch=452 qpc=1942172589508 seen=1
observer epoch=453 qpc=1942172599507 seen=1
observer epoch=454 qpc=1942172609516 seen=1
observer epoch=455 qpc=1942172619509 seen=1
observer epoch=456 qpc=1942172629505 seen=1
observer epoch=457 qpc=1942172639512 seen=1
observer epoch=458 qpc=1942172649516 seen=1
observer epoch=459 qpc=1942172659509 seen=1
observer epoch=460 qpc=1942172669514 seen=1
observer epoch=461 qpc=1942172679514 seen=1
observer epoch=462 qpc=1942172689517 seen=1
observer epoch=463 qpc=1942172699513 seen=1
observer epoch=464 qpc=1942172709513 seen=1
observer epoch=465 qpc=1942172719511 seen=1
observer epoch=466 qpc=1942172729508 seen=1
observer epoch=467 qpc=1942172739510 seen=1
observer epoch=468 qpc=1942172749511 seen=1
observer epoch=469 qpc=1942172759512 seen=1
observer epoch=470 qpc=1942172769513 seen=1
observer epoch=471 qpc=1942172779507 seen=1
observer epoch=472 qpc=1942172789510 seen=1
observer epoch=473 qpc=1942172799508 seen=1
observer epoch=474 qpc=1942172809517 seen=1
observer epoch=475 qpc=1942172819512 seen=1
observer epoch=476 qpc=1942172829507 seen=1
observer epoch=477 qpc=1942172839511 seen=1
observer epoch=478 qpc=1942172849511 seen=1
observer epoch=479 qpc=1942172859516 seen=1
observer epoch=480 qpc=1942172869509 seen=1
observer epoch=481 qpc=1942172879511 seen=1
observer epoch=482 qpc=1942172889514 seen=1
observer epoch=483 qpc=1942172899517 seen=1
observer epoch=484 qpc=1942172909512 seen=1
observer epoch=485 qpc=1942172919506 seen=1
observer epoch=486 qpc=1942172929509 seen=1
observer epoch=487 qpc=1942172939510 seen=1
observer epoch=488 qpc=1942172949508 seen=1
observer epoch=489 qpc=1942172959510 seen=1
observer epoch=490 qpc=1942172969516 seen=1
observer epoch=491 qpc=1942172979507 seen=1
observer epoch=492 qpc=1942172989516 seen=1
observer epoch=493 qpc=1942172999512 seen=1
observer epoch=494 qpc=1942173009514 seen=1
observer epoch=495 qpc=1942173019509 seen=1
observer epoch=496 qpc=1942173029516 seen=1
observer epoch=497 qpc=1942173039507 seen=1
observer epoch=498 qpc=1942173049515 seen=1
observer epoch=499 qpc=1942173059507 seen=1
observer epoch=500 qpc=1942173069512 seen=1
observer epoch=501 qpc=1942173079513 seen=1
observer epoch=502 qpc=1942173089511 seen=1
observer epoch=503 qpc=1942173099507 seen=1
observer epoch=504 qpc=1942173109511 seen=1
observer epoch=505 qpc=1942173119511 seen=1
observer epoch=506 qpc=1942173129517 seen=1
observer epoch=507 qpc=1942173139517 seen=1
observer epoch=508 qpc=1942173149514 seen=1
observer epoch=509 qpc=1942173159508 seen=1
observer epoch=510 qpc=1942173169512 seen=1
observer epoch=511 qpc=1942173179514 seen=1
observer epoch=512 qpc=1942173189511 seen=1
observer epoch=513 qpc=1942173199512 seen=1
observer epoch=514 qpc=1942173209507 seen=1
observer epoch=515 qpc=1942173219510 seen=1
observer epoch=516 qpc=1942173229515 seen=1
observer epoch=517 qpc=1942173239507 seen=1
observer epoch=518 qpc=1942173249517 seen=1
observer epoch=519 qpc=1942173259514 seen=1
observer epoch=520 qpc=1942173269513 seen=1
observer epoch=521 qpc=1942173279510 seen=1
observer epoch=522 qpc=1942173289515 seen=1
observer epoch=523 qpc=1942173299517 seen=1
observer epoch=524 qpc=1942173309517 seen=1
observer epoch=525 qpc=1942173319506 seen=1
observer epoch=526 qpc=1942173329513 seen=1
observer epoch=527 qpc=1942173339515 seen=1
observer epoch=528 qpc=1942173349514 seen=1
observer epoch=529 qpc=1942173359514 seen=1
observer epoch=530 qpc=1942173369510 seen=1
observer epoch=531 qpc=1942173379507 seen=1
observer epoch=532 qpc=1942173389516 seen=1
observer epoch=533 qpc=1942173399517 seen=1
observer epoch=534 qpc=1942173409509 seen=1
observer epoch=535 qpc=1942173419509 seen=1
observer epoch=536 qpc=1942173429518 seen=1
observer epoch=537 qpc=1942173439508 seen=1
observer epoch=538 qpc=1942173449513 seen=1
observer epoch=539 qpc=1942173459509 seen=1
observer epoch=540 qpc=1942173469509 seen=1
observer epoch=541 qpc=1942173479514 seen=1
observer epoch=542 qpc=1942173489516 seen=1
observer epoch=543 qpc=1942173499509 seen=1
observer epoch=544 qpc=1942173509506 seen=1
observer epoch=545 qpc=1942173519507 seen=1
observer epoch=546 qpc=1942173529512 seen=1
observer epoch=547 qpc=1942173539506 seen=1
observer epoch=548 qpc=1942173549514 seen=1
observer epoch=549 qpc=1942173559507 seen=1
observer epoch=550 qpc=1942173569512 seen=1
observer epoch=551 qpc=1942173579507 seen=1
observer epoch=552 qpc=1942173589507 seen=1
observer epoch=553 qpc=1942173599507 seen=1
observer epoch=554 qpc=1942173609509 seen=1
observer epoch=555 qpc=1942173619506 seen=1
observer epoch=556 qpc=1942173629510 seen=1
observer epoch=557 qpc=1942173639515 seen=1
observer epoch=558 qpc=1942173649510 seen=1
observer epoch=559 qpc=1942173659510 seen=1
observer epoch=560 qpc=1942173669514 seen=1
observer epoch=561 qpc=1942173679514 seen=1
observer epoch=562 qpc=1942173689517 seen=1
observer epoch=563 qpc=1942173699509 seen=1
observer epoch=564 qpc=1942173709508 seen=1
observer epoch=565 qpc=1942173719510 seen=1
observer epoch=566 qpc=1942173729512 seen=1
observer epoch=567 qpc=1942173739513 seen=1
observer epoch=568 qpc=1942173749506 seen=1
observer epoch=569 qpc=1942173759508 seen=1
observer epoch=570 qpc=1942173769516 seen=1
observer epoch=571 qpc=1942173779517 seen=1
observer epoch=572 qpc=1942173789513 seen=1
observer epoch=573 qpc=1942173799516 seen=1
observer epoch=574 qpc=1942173809516 seen=1
observer epoch=575 qpc=1942173819515 seen=1
observer epoch=576 qpc=1942173829517 seen=1
observer epoch=577 qpc=1942173839517 seen=1
observer epoch=578 qpc=1942173849505 seen=1
observer epoch=579 qpc=1942173859517 seen=1
observer epoch=580 qpc=1942173869507 seen=1
observer epoch=581 qpc=1942173879509 seen=1
observer epoch=582 qpc=1942173889511 seen=1
observer epoch=583 qpc=1942173899516 seen=1
observer epoch=584 qpc=1942173909510 seen=1
observer epoch=585 qpc=1942173919509 seen=1
observer epoch=586 qpc=1942173929514 seen=1
observer epoch=587 qpc=1942173939516 seen=1
observer epoch=588 qpc=1942173949508 seen=1
observer epoch=589 qpc=1942173959509 seen=1
observer epoch=590 qpc=1942173969508 seen=1
observer epoch=591 qpc=1942173979511 seen=1
observer epoch=592 qpc=1942173989507 seen=1
observer epoch=593 qpc=1942173999508 seen=1
observer epoch=594 qpc=1942174009510 seen=1
observer epoch=595 qpc=1942174019515 seen=1
observer epoch=596 qpc=1942174029516 seen=1
observer epoch=597 qpc=1942174039510 seen=1
observer epoch=598 qpc=1942174049515 seen=1
observer epoch=599 qpc=1942174059515 seen=1
observer_summary first=201 published=1942170072135 start=1942168069505 frequency=10000000 phase_us=0
controller host_exit=0 observer_wait=0
