ALSA lib control.c:1575:(snd_ctl_open_noupdate) [error.control] Invalid CTL hw:0
ALSA lib control.c:1575:(snd_ctl_open_noupdate) [error.control] Invalid CTL hw:1
ALSA lib control.c:1575:(snd_ctl_open_noupdate) [error.control] Invalid CTL hw:0
ALSA lib control.c:1575:(snd_ctl_open_noupdate) [error.control] Invalid CTL hw:1
host loaded=C:\eos-private\Mss32.dll tid=1244 frequency=10000000 arm=2 phase=500
start begin=1942291285282 end=1942291285346
serve epoch=1 begin=1942291791711 end=1942291791777
serve epoch=2 begin=1942292289942 end=1942292290130
serve epoch=3 begin=1942292787641 end=1942292787778
serve epoch=4 begin=1942293285366 end=1942293285549
serve epoch=5 begin=1942293793122 end=1942293793194
serve epoch=6 begin=1942294290660 end=1942294290804
serve epoch=7 begin=1942294788725 end=1942294788896
serve epoch=8 begin=1942295287713 end=1942295287812
serve epoch=9 begin=1942295794479 end=1942295794553
serve epoch=10 begin=1942296290599 end=1942296290690
serve epoch=11 begin=1942296786839 end=1942296786944
serve epoch=12 begin=1942297295125 end=1942297295221
serve epoch=13 begin=1942297791218 end=1942297791304
completion count=1 callback=1942293887757 callback_end=1942293887760 thread=1264 sent=1942293887938 status=2 total=204 pos=204 worker=0 send_ok=1
event callback=1942293887757 callback_end=1942293887760 received=1942293889036 thread=1264 receiver_thread=1236
observer epoch=0 qpc=1942291290287 seen=0
observer epoch=1 qpc=1942291300290 seen=0
observer epoch=2 qpc=1942291310289 seen=0
observer epoch=3 qpc=1942291320285 seen=0
observer epoch=4 qpc=1942291330283 seen=0
observer epoch=5 qpc=1942291340287 seen=0
observer epoch=6 qpc=1942291350284 seen=0
observer epoch=7 qpc=1942291360292 seen=0
observer epoch=8 qpc=1942291370287 seen=0
observer epoch=9 qpc=1942291380283 seen=0
observer epoch=10 qpc=1942291390280 seen=0
observer epoch=11 qpc=1942291400292 seen=0
observer epoch=12 qpc=1942291410286 seen=0
observer epoch=13 qpc=1942291420292 seen=0
observer epoch=14 qpc=1942291430281 seen=0
observer epoch=15 qpc=1942291440291 seen=0
observer epoch=16 qpc=1942291450287 seen=0
observer epoch=17 qpc=1942291460292 seen=0
observer epoch=18 qpc=1942291470286 seen=0
observer epoch=19 qpc=1942291480300 seen=0
observer epoch=20 qpc=1942291490289 seen=0
observer epoch=21 qpc=1942291500289 seen=0
observer epoch=22 qpc=1942291510341 seen=0
observer epoch=23 qpc=1942291520286 seen=0
observer epoch=24 qpc=1942291530287 seen=0
observer epoch=25 qpc=1942291540292 seen=0
observer epoch=26 qpc=1942291550285 seen=0
observer epoch=27 qpc=1942291560285 seen=0
observer epoch=28 qpc=1942291570288 seen=0
observer epoch=29 qpc=1942291580292 seen=0
observer epoch=30 qpc=1942291590289 seen=0
observer epoch=31 qpc=1942291600288 seen=0
observer epoch=32 qpc=1942291610286 seen=0
observer epoch=33 qpc=1942291620284 seen=0
observer epoch=34 qpc=1942291630286 seen=0
observer epoch=35 qpc=1942291640285 seen=0
observer epoch=36 qpc=1942291650286 seen=0
observer epoch=37 qpc=1942291660284 seen=0
observer epoch=38 qpc=1942291670289 seen=0
observer epoch=39 qpc=1942291680290 seen=0
observer epoch=40 qpc=1942291690288 seen=0
observer epoch=41 qpc=1942291700291 seen=0
observer epoch=42 qpc=1942291710291 seen=0
observer epoch=43 qpc=1942291720290 seen=0
observer epoch=44 qpc=1942291730288 seen=0
observer epoch=45 qpc=1942291740285 seen=0
observer epoch=46 qpc=1942291750284 seen=0
observer epoch=47 qpc=1942291760285 seen=0
observer epoch=48 qpc=1942291770291 seen=0
observer epoch=49 qpc=1942291780283 seen=0
observer epoch=50 qpc=1942291790281 seen=0
observer epoch=51 qpc=1942291800285 seen=0
observer epoch=52 qpc=1942291810282 seen=0
observer epoch=53 qpc=1942291820292 seen=0
observer epoch=54 qpc=1942291833715 seen=0
observer epoch=55 qpc=1942291840284 seen=0
observer epoch=56 qpc=1942291850289 seen=0
observer epoch=57 qpc=1942291860281 seen=0
observer epoch=58 qpc=1942291870290 seen=0
observer epoch=59 qpc=1942291880285 seen=0
observer epoch=60 qpc=1942291890282 seen=0
observer epoch=61 qpc=1942291900285 seen=0
observer epoch=62 qpc=1942291910286 seen=0
observer epoch=63 qpc=1942291920282 seen=0
observer epoch=64 qpc=1942291930289 seen=0
observer epoch=65 qpc=1942291940291 seen=0
observer epoch=66 qpc=1942291950289 seen=0
observer epoch=67 qpc=1942291960283 seen=0
observer epoch=68 qpc=1942291970290 seen=0
observer epoch=69 qpc=1942291980293 seen=0
observer epoch=70 qpc=1942291990282 seen=0
observer epoch=71 qpc=1942292000288 seen=0
observer epoch=72 qpc=1942292010287 seen=0
observer epoch=73 qpc=1942292020291 seen=0
observer epoch=74 qpc=1942292030283 seen=0
observer epoch=75 qpc=1942292040285 seen=0
observer epoch=76 qpc=1942292050285 seen=0
observer epoch=77 qpc=1942292060283 seen=0
observer epoch=78 qpc=1942292070289 seen=0
observer epoch=79 qpc=1942292080283 seen=0
observer epoch=80 qpc=1942292090290 seen=0
observer epoch=81 qpc=1942292100286 seen=0
observer epoch=82 qpc=1942292110290 seen=0
observer epoch=83 qpc=1942292120289 seen=0
observer epoch=84 qpc=1942292130284 seen=0
observer epoch=85 qpc=1942292140288 seen=0
observer epoch=86 qpc=1942292150283 seen=0
observer epoch=87 qpc=1942292160289 seen=0
observer epoch=88 qpc=1942292170286 seen=0
observer epoch=89 qpc=1942292180282 seen=0
observer epoch=90 qpc=1942292190291 seen=0
observer epoch=91 qpc=1942292200291 seen=0
observer epoch=92 qpc=1942292210281 seen=0
observer epoch=93 qpc=1942292220292 seen=0
observer epoch=94 qpc=1942292230288 seen=0
observer epoch=95 qpc=1942292240281 seen=0
observer epoch=96 qpc=1942292250285 seen=0
observer epoch=97 qpc=1942292260287 seen=0
observer epoch=98 qpc=1942292270290 seen=0
observer epoch=99 qpc=1942292280282 seen=0
observer epoch=100 qpc=1942292290285 seen=0
observer epoch=101 qpc=1942292300281 seen=0
observer epoch=102 qpc=1942292310289 seen=0
observer epoch=103 qpc=1942292320280 seen=0
observer epoch=104 qpc=1942292330290 seen=0
observer epoch=105 qpc=1942292340289 seen=0
observer epoch=106 qpc=1942292350286 seen=0
observer epoch=107 qpc=1942292360292 seen=0
observer epoch=108 qpc=1942292370291 seen=0
observer epoch=109 qpc=1942292380291 seen=0
observer epoch=110 qpc=1942292390286 seen=0
observer epoch=111 qpc=1942292400286 seen=0
observer epoch=112 qpc=1942292410282 seen=0
observer epoch=113 qpc=1942292420290 seen=0
observer epoch=114 qpc=1942292430282 seen=0
observer epoch=115 qpc=1942292440294 seen=0
observer epoch=116 qpc=1942292450284 seen=0
observer epoch=117 qpc=1942292460281 seen=0
observer epoch=118 qpc=1942292470284 seen=0
observer epoch=119 qpc=1942292480291 seen=0
observer epoch=120 qpc=1942292490282 seen=0
observer epoch=121 qpc=1942292500290 seen=0
observer epoch=122 qpc=1942292510286 seen=0
observer epoch=123 qpc=1942292520286 seen=0
observer epoch=124 qpc=1942292530283 seen=0
observer epoch=125 qpc=1942292540284 seen=0
observer epoch=126 qpc=1942292550283 seen=0
observer epoch=127 qpc=1942292560289 seen=0
observer epoch=128 qpc=1942292570281 seen=0
observer epoch=129 qpc=1942292580284 seen=0
observer epoch=130 qpc=1942292590289 seen=0
observer epoch=131 qpc=1942292600283 seen=0
observer epoch=132 qpc=1942292610281 seen=0
observer epoch=133 qpc=1942292620288 seen=0
observer epoch=134 qpc=1942292630292 seen=0
observer epoch=135 qpc=1942292640287 seen=0
observer epoch=136 qpc=1942292650286 seen=0
observer epoch=137 qpc=1942292660281 seen=0
observer epoch=138 qpc=1942292670285 seen=0
observer epoch=139 qpc=1942292680293 seen=0
observer epoch=140 qpc=1942292690287 seen=0
observer epoch=141 qpc=1942292700281 seen=0
observer epoch=142 qpc=1942292710292 seen=0
observer epoch=143 qpc=1942292720293 seen=0
observer epoch=144 qpc=1942292730282 seen=0
observer epoch=145 qpc=1942292740285 seen=0
observer epoch=146 qpc=1942292750285 seen=0
observer epoch=147 qpc=1942292760291 seen=0
observer epoch=148 qpc=1942292770291 seen=0
observer epoch=149 qpc=1942292780291 seen=0
observer epoch=150 qpc=1942292790291 seen=0
observer epoch=151 qpc=1942292800282 seen=0
observer epoch=152 qpc=1942292810283 seen=0
observer epoch=153 qpc=1942292820287 seen=0
observer epoch=154 qpc=1942292830283 seen=0
observer epoch=155 qpc=1942292840290 seen=0
observer epoch=156 qpc=1942292850281 seen=0
observer epoch=157 qpc=1942292860289 seen=0
observer epoch=158 qpc=1942292870285 seen=0
observer epoch=159 qpc=1942292880287 seen=0
observer epoch=160 qpc=1942292890292 seen=0
observer epoch=161 qpc=1942292900283 seen=0
observer epoch=162 qpc=1942292910286 seen=0
observer epoch=163 qpc=1942292920284 seen=0
observer epoch=164 qpc=1942292930289 seen=0
observer epoch=165 qpc=1942292940289 seen=0
observer epoch=166 qpc=1942292950287 seen=0
observer epoch=167 qpc=1942292960291 seen=0
observer epoch=168 qpc=1942292970291 seen=0
observer epoch=169 qpc=1942292980283 seen=0
observer epoch=170 qpc=1942292990289 seen=0
observer epoch=171 qpc=1942293000284 seen=0
observer epoch=172 qpc=1942293010286 seen=0
observer epoch=173 qpc=1942293020283 seen=0
observer epoch=174 qpc=1942293030282 seen=0
observer epoch=175 qpc=1942293040288 seen=0
observer epoch=176 qpc=1942293050285 seen=0
observer epoch=177 qpc=1942293060291 seen=0
observer epoch=178 qpc=1942293070283 seen=0
observer epoch=179 qpc=1942293080284 seen=0
observer epoch=180 qpc=1942293090289 seen=0
observer epoch=181 qpc=1942293100286 seen=0
observer epoch=182 qpc=1942293110284 seen=0
observer epoch=183 qpc=1942293120284 seen=0
observer epoch=184 qpc=1942293130285 seen=0
observer epoch=185 qpc=1942293140291 seen=0
observer epoch=186 qpc=1942293150288 seen=0
observer epoch=187 qpc=1942293160287 seen=0
observer epoch=188 qpc=1942293170286 seen=0
observer epoch=189 qpc=1942293180290 seen=0
observer epoch=190 qpc=1942293190289 seen=0
observer epoch=191 qpc=1942293200289 seen=0
observer epoch=192 qpc=1942293210281 seen=0
observer epoch=193 qpc=1942293220285 seen=0
observer epoch=194 qpc=1942293230281 seen=0
observer epoch=195 qpc=1942293240285 seen=0
observer epoch=196 qpc=1942293250282 seen=0
observer epoch=197 qpc=1942293260281 seen=0
observer epoch=198 qpc=1942293270292 seen=0
observer epoch=199 qpc=1942293280293 seen=0
observer epoch=200 qpc=1942293290285 seen=0
observer epoch=201 qpc=1942293300286 seen=0
observer epoch=202 qpc=1942293310290 seen=0
observer epoch=203 qpc=1942293320283 seen=0
observer epoch=204 qpc=1942293330284 seen=0
observer epoch=205 qpc=1942293340296 seen=0
observer epoch=206 qpc=1942293350288 seen=0
observer epoch=207 qpc=1942293360293 seen=0
observer epoch=208 qpc=1942293370286 seen=0
observer epoch=209 qpc=1942293380290 seen=0
observer epoch=210 qpc=1942293390291 seen=0
observer epoch=211 qpc=1942293400298 seen=0
observer epoch=212 qpc=1942293410290 seen=0
observer epoch=213 qpc=1942293420281 seen=0
observer epoch=214 qpc=1942293430287 seen=0
observer epoch=215 qpc=1942293440286 seen=0
observer epoch=216 qpc=1942293450283 seen=0
observer epoch=217 qpc=1942293460287 seen=0
observer epoch=218 qpc=1942293470296 seen=0
observer epoch=219 qpc=1942293480295 seen=0
observer epoch=220 qpc=1942293490292 seen=0
observer epoch=221 qpc=1942293500286 seen=0
observer epoch=222 qpc=1942293510292 seen=0
observer epoch=223 qpc=1942293520305 seen=0
observer epoch=224 qpc=1942293530890 seen=0
observer epoch=225 qpc=1942293540285 seen=0
observer epoch=226 qpc=1942293550289 seen=0
observer epoch=227 qpc=1942293560287 seen=0
observer epoch=228 qpc=1942293570283 seen=0
observer epoch=229 qpc=1942293580281 seen=0
observer epoch=230 qpc=1942293590286 seen=0
observer epoch=231 qpc=1942293600281 seen=0
observer epoch=232 qpc=1942293610293 seen=0
observer epoch=233 qpc=1942293620286 seen=0
observer epoch=234 qpc=1942293630293 seen=0
observer epoch=235 qpc=1942293640283 seen=0
observer epoch=236 qpc=1942293650281 seen=0
observer epoch=237 qpc=1942293660284 seen=0
observer epoch=238 qpc=1942293670283 seen=0
observer epoch=239 qpc=1942293680282 seen=0
observer epoch=240 qpc=1942293690281 seen=0
observer epoch=241 qpc=1942293700284 seen=0
observer epoch=242 qpc=1942293710284 seen=0
observer epoch=243 qpc=1942293720285 seen=0
observer epoch=244 qpc=1942293730281 seen=0
observer epoch=245 qpc=1942293740285 seen=0
observer epoch=246 qpc=1942293750293 seen=0
observer epoch=247 qpc=1942293760285 seen=0
observer epoch=248 qpc=1942293770285 seen=0
observer epoch=249 qpc=1942293780291 seen=0
observer epoch=250 qpc=1942293790289 seen=0
observer epoch=251 qpc=1942293800286 seen=0
observer epoch=252 qpc=1942293810282 seen=0
observer epoch=253 qpc=1942293820291 seen=0
observer epoch=254 qpc=1942293830281 seen=0
observer epoch=255 qpc=1942293840281 seen=0
observer epoch=256 qpc=1942293850292 seen=0
observer epoch=257 qpc=1942293860287 seen=0
observer epoch=258 qpc=1942293870286 seen=0
observer epoch=259 qpc=1942293880291 seen=0
observer epoch=260 qpc=1942293890294 seen=1
observer epoch=261 qpc=1942293900288 seen=1
observer epoch=262 qpc=1942293910292 seen=1
observer epoch=263 qpc=1942293920284 seen=1
observer epoch=264 qpc=1942293930289 seen=1
observer epoch=265 qpc=1942293940288 seen=1
observer epoch=266 qpc=1942293950282 seen=1
observer epoch=267 qpc=1942293960287 seen=1
observer epoch=268 qpc=1942293970285 seen=1
observer epoch=269 qpc=1942293980282 seen=1
observer epoch=270 qpc=1942293990280 seen=1
observer epoch=271 qpc=1942294000285 seen=1
observer epoch=272 qpc=1942294010280 seen=1
observer epoch=273 qpc=1942294020290 seen=1
observer epoch=274 qpc=1942294030282 seen=1
observer epoch=275 qpc=1942294040286 seen=1
observer epoch=276 qpc=1942294050282 seen=1
observer epoch=277 qpc=1942294060281 seen=1
observer epoch=278 qpc=1942294070288 seen=1
observer epoch=279 qpc=1942294080281 seen=1
observer epoch=280 qpc=1942294090290 seen=1
observer epoch=281 qpc=1942294100283 seen=1
observer epoch=282 qpc=1942294110288 seen=1
observer epoch=283 qpc=1942294120286 seen=1
observer epoch=284 qpc=1942294130288 seen=1
observer epoch=285 qpc=1942294140284 seen=1
observer epoch=286 qpc=1942294150285 seen=1
observer epoch=287 qpc=1942294160288 seen=1
observer epoch=288 qpc=1942294170291 seen=1
observer epoch=289 qpc=1942294180285 seen=1
observer epoch=290 qpc=1942294190283 seen=1
observer epoch=291 qpc=1942294200285 seen=1
observer epoch=292 qpc=1942294210292 seen=1
observer epoch=293 qpc=1942294220287 seen=1
observer epoch=294 qpc=1942294230287 seen=1
observer epoch=295 qpc=1942294240286 seen=1
observer epoch=296 qpc=1942294250282 seen=1
observer epoch=297 qpc=1942294260281 seen=1
observer epoch=298 qpc=1942294270292 seen=1
observer epoch=299 qpc=1942294280290 seen=1
observer epoch=300 qpc=1942294290286 seen=1
observer epoch=301 qpc=1942294300284 seen=1
observer epoch=302 qpc=1942294310285 seen=1
observer epoch=303 qpc=1942294320287 seen=1
observer epoch=304 qpc=1942294330293 seen=1
observer epoch=305 qpc=1942294340282 seen=1
observer epoch=306 qpc=1942294350281 seen=1
observer epoch=307 qpc=1942294360280 seen=1
observer epoch=308 qpc=1942294370282 seen=1
observer epoch=309 qpc=1942294380283 seen=1
observer epoch=310 qpc=1942294390288 seen=1
observer epoch=311 qpc=1942294400283 seen=1
observer epoch=312 qpc=1942294410282 seen=1
observer epoch=313 qpc=1942294420285 seen=1
observer epoch=314 qpc=1942294430281 seen=1
observer epoch=315 qpc=1942294440289 seen=1
observer epoch=316 qpc=1942294450285 seen=1
observer epoch=317 qpc=1942294460290 seen=1
observer epoch=318 qpc=1942294470287 seen=1
observer epoch=319 qpc=1942294480290 seen=1
observer epoch=320 qpc=1942294490285 seen=1
observer epoch=321 qpc=1942294500281 seen=1
observer epoch=322 qpc=1942294510290 seen=1
observer epoch=323 qpc=1942294520290 seen=1
observer epoch=324 qpc=1942294530290 seen=1
observer epoch=325 qpc=1942294540292 seen=1
observer epoch=326 qpc=1942294550289 seen=1
observer epoch=327 qpc=1942294560288 seen=1
observer epoch=328 qpc=1942294570289 seen=1
observer epoch=329 qpc=1942294580281 seen=1
observer epoch=330 qpc=1942294590281 seen=1
observer epoch=331 qpc=1942294600290 seen=1
observer epoch=332 qpc=1942294610292 seen=1
observer epoch=333 qpc=1942294620286 seen=1
observer epoch=334 qpc=1942294630285 seen=1
observer epoch=335 qpc=1942294640285 seen=1
observer epoch=336 qpc=1942294650287 seen=1
observer epoch=337 qpc=1942294660291 seen=1
observer epoch=338 qpc=1942294670292 seen=1
observer epoch=339 qpc=1942294680290 seen=1
observer epoch=340 qpc=1942294690292 seen=1
observer epoch=341 qpc=1942294700285 seen=1
observer epoch=342 qpc=1942294710291 seen=1
observer epoch=343 qpc=1942294720290 seen=1
observer epoch=344 qpc=1942294730283 seen=1
observer epoch=345 qpc=1942294740292 seen=1
observer epoch=346 qpc=1942294750285 seen=1
observer epoch=347 qpc=1942294760285 seen=1
observer epoch=348 qpc=1942294770289 seen=1
observer epoch=349 qpc=1942294780281 seen=1
observer epoch=350 qpc=1942294790292 seen=1
observer epoch=351 qpc=1942294800282 seen=1
observer epoch=352 qpc=1942294810289 seen=1
observer epoch=353 qpc=1942294820289 seen=1
observer epoch=354 qpc=1942294830281 seen=1
observer epoch=355 qpc=1942294840283 seen=1
observer epoch=356 qpc=1942294850293 seen=1
observer epoch=357 qpc=1942294860280 seen=1
observer epoch=358 qpc=1942294870291 seen=1
observer epoch=359 qpc=1942294880281 seen=1
observer epoch=360 qpc=1942294890292 seen=1
observer epoch=361 qpc=1942294900282 seen=1
observer epoch=362 qpc=1942294910284 seen=1
observer epoch=363 qpc=1942294920281 seen=1
observer epoch=364 qpc=1942294930282 seen=1
observer epoch=365 qpc=1942294940285 seen=1
observer epoch=366 qpc=1942294950292 seen=1
observer epoch=367 qpc=1942294960281 seen=1
observer epoch=368 qpc=1942294970292 seen=1
observer epoch=369 qpc=1942294980291 seen=1
observer epoch=370 qpc=1942294990290 seen=1
observer epoch=371 qpc=1942295000288 seen=1
observer epoch=372 qpc=1942295010281 seen=1
observer epoch=373 qpc=1942295020288 seen=1
observer epoch=374 qpc=1942295030287 seen=1
observer epoch=375 qpc=1942295040291 seen=1
observer epoch=376 qpc=1942295050282 seen=1
observer epoch=377 qpc=1942295060282 seen=1
observer epoch=378 qpc=1942295070291 seen=1
observer epoch=379 qpc=1942295080282 seen=1
observer epoch=380 qpc=1942295090286 seen=1
observer epoch=381 qpc=1942295100291 seen=1
observer epoch=382 qpc=1942295110285 seen=1
observer epoch=383 qpc=1942295120281 seen=1
observer epoch=384 qpc=1942295130281 seen=1
observer epoch=385 qpc=1942295140288 seen=1
observer epoch=386 qpc=1942295150282 seen=1
observer epoch=387 qpc=1942295160284 seen=1
observer epoch=388 qpc=1942295170283 seen=1
observer epoch=389 qpc=1942295180286 seen=1
observer epoch=390 qpc=1942295190282 seen=1
observer epoch=391 qpc=1942295200281 seen=1
observer epoch=392 qpc=1942295210281 seen=1
observer epoch=393 qpc=1942295220281 seen=1
observer epoch=394 qpc=1942295230291 seen=1
observer epoch=395 qpc=1942295240289 seen=1
observer epoch=396 qpc=1942295250291 seen=1
observer epoch=397 qpc=1942295260289 seen=1
observer epoch=398 qpc=1942295270285 seen=1
observer epoch=399 qpc=1942295280290 seen=1
observer epoch=400 qpc=1942295290282 seen=1
observer epoch=401 qpc=1942295300288 seen=1
observer epoch=402 qpc=1942295310281 seen=1
observer epoch=403 qpc=1942295320283 seen=1
observer epoch=404 qpc=1942295330288 seen=1
observer epoch=405 qpc=1942295340292 seen=1
observer epoch=406 qpc=1942295350283 seen=1
observer epoch=407 qpc=1942295360286 seen=1
observer epoch=408 qpc=1942295370289 seen=1
observer epoch=409 qpc=1942295380282 seen=1
observer epoch=410 qpc=1942295390289 seen=1
observer epoch=411 qpc=1942295400281 seen=1
observer epoch=412 qpc=1942295410291 seen=1
observer epoch=413 qpc=1942295420284 seen=1
observer epoch=414 qpc=1942295430290 seen=1
observer epoch=415 qpc=1942295440289 seen=1
observer epoch=416 qpc=1942295450291 seen=1
observer epoch=417 qpc=1942295460284 seen=1
observer epoch=418 qpc=1942295470291 seen=1
observer epoch=419 qpc=1942295480281 seen=1
observer epoch=420 qpc=1942295490291 seen=1
observer epoch=421 qpc=1942295500281 seen=1
observer epoch=422 qpc=1942295510288 seen=1
observer epoch=423 qpc=1942295520286 seen=1
observer epoch=424 qpc=1942295530291 seen=1
observer epoch=425 qpc=1942295540282 seen=1
observer epoch=426 qpc=1942295550287 seen=1
observer epoch=427 qpc=1942295560280 seen=1
observer epoch=428 qpc=1942295570296 seen=1
observer epoch=429 qpc=1942295580288 seen=1
observer epoch=430 qpc=1942295590281 seen=1
observer epoch=431 qpc=1942295600296 seen=1
observer epoch=432 qpc=1942295610292 seen=1
observer epoch=433 qpc=1942295620284 seen=1
observer epoch=434 qpc=1942295630283 seen=1
observer epoch=435 qpc=1942295640292 seen=1
observer epoch=436 qpc=1942295650284 seen=1
observer epoch=437 qpc=1942295660282 seen=1
observer epoch=438 qpc=1942295670281 seen=1
observer epoch=439 qpc=1942295680283 seen=1
observer epoch=440 qpc=1942295690291 seen=1
observer epoch=441 qpc=1942295700297 seen=1
observer epoch=442 qpc=1942295710288 seen=1
observer epoch=443 qpc=1942295720284 seen=1
observer epoch=444 qpc=1942295730285 seen=1
observer epoch=445 qpc=1942295740282 seen=1
observer epoch=446 qpc=1942295750290 seen=1
observer epoch=447 qpc=1942295760283 seen=1
observer epoch=448 qpc=1942295770303 seen=1
observer epoch=449 qpc=1942295780290 seen=1
observer epoch=450 qpc=1942295790290 seen=1
observer epoch=451 qpc=1942295800292 seen=1
observer epoch=452 qpc=1942295810282 seen=1
observer epoch=453 qpc=1942295820289 seen=1
observer epoch=454 qpc=1942295830288 seen=1
observer epoch=455 qpc=1942295840281 seen=1
observer epoch=456 qpc=1942295850284 seen=1
observer epoch=457 qpc=1942295860281 seen=1
observer epoch=458 qpc=1942295870291 seen=1
observer epoch=459 qpc=1942295880296 seen=1
observer epoch=460 qpc=1942295890282 seen=1
observer epoch=461 qpc=1942295900289 seen=1
observer epoch=462 qpc=1942295910292 seen=1
observer epoch=463 qpc=1942295920290 seen=1
observer epoch=464 qpc=1942295930285 seen=1
observer epoch=465 qpc=1942295940287 seen=1
observer epoch=466 qpc=1942295950284 seen=1
observer epoch=467 qpc=1942295960289 seen=1
observer epoch=468 qpc=1942295970285 seen=1
observer epoch=469 qpc=1942295980281 seen=1
observer epoch=470 qpc=1942295990285 seen=1
observer epoch=471 qpc=1942296000293 seen=1
observer epoch=472 qpc=1942296010291 seen=1
observer epoch=473 qpc=1942296020297 seen=1
observer epoch=474 qpc=1942296030295 seen=1
observer epoch=475 qpc=1942296040284 seen=1
observer epoch=476 qpc=1942296050285 seen=1
observer epoch=477 qpc=1942296060298 seen=1
observer epoch=478 qpc=1942296070296 seen=1
observer epoch=479 qpc=1942296080293 seen=1
observer epoch=480 qpc=1942296090293 seen=1
observer epoch=481 qpc=1942296100290 seen=1
observer epoch=482 qpc=1942296110290 seen=1
observer epoch=483 qpc=1942296120292 seen=1
observer epoch=484 qpc=1942296130289 seen=1
observer epoch=485 qpc=1942296140288 seen=1
observer epoch=486 qpc=1942296150292 seen=1
observer epoch=487 qpc=1942296160282 seen=1
observer epoch=488 qpc=1942296170289 seen=1
observer epoch=489 qpc=1942296180283 seen=1
observer epoch=490 qpc=1942296190284 seen=1
observer epoch=491 qpc=1942296200289 seen=1
observer epoch=492 qpc=1942296210289 seen=1
observer epoch=493 qpc=1942296220283 seen=1
observer epoch=494 qpc=1942296230296 seen=1
observer epoch=495 qpc=1942296240283 seen=1
observer epoch=496 qpc=1942296250283 seen=1
observer epoch=497 qpc=1942296260288 seen=1
observer epoch=498 qpc=1942296270290 seen=1
observer epoch=499 qpc=1942296280286 seen=1
observer epoch=500 qpc=1942296290285 seen=1
observer epoch=501 qpc=1942296300287 seen=1
observer epoch=502 qpc=1942296310287 seen=1
observer epoch=503 qpc=1942296320287 seen=1
observer epoch=504 qpc=1942296330286 seen=1
observer epoch=505 qpc=1942296340291 seen=1
observer epoch=506 qpc=1942296350290 seen=1
observer epoch=507 qpc=1942296360287 seen=1
observer epoch=508 qpc=1942296370288 seen=1
observer epoch=509 qpc=1942296380291 seen=1
observer epoch=510 qpc=1942296390284 seen=1
observer epoch=511 qpc=1942296400291 seen=1
observer epoch=512 qpc=1942296410284 seen=1
observer epoch=513 qpc=1942296420283 seen=1
observer epoch=514 qpc=1942296430289 seen=1
observer epoch=515 qpc=1942296440289 seen=1
observer epoch=516 qpc=1942296450287 seen=1
observer epoch=517 qpc=1942296460282 seen=1
observer epoch=518 qpc=1942296470286 seen=1
observer epoch=519 qpc=1942296480291 seen=1
observer epoch=520 qpc=1942296490287 seen=1
observer epoch=521 qpc=1942296500284 seen=1
observer epoch=522 qpc=1942296510282 seen=1
observer epoch=523 qpc=1942296520285 seen=1
observer epoch=524 qpc=1942296530289 seen=1
observer epoch=525 qpc=1942296540287 seen=1
observer epoch=526 qpc=1942296550282 seen=1
observer epoch=527 qpc=1942296560281 seen=1
observer epoch=528 qpc=1942296570280 seen=1
observer epoch=529 qpc=1942296580286 seen=1
observer epoch=530 qpc=1942296590283 seen=1
observer epoch=531 qpc=1942296600289 seen=1
observer epoch=532 qpc=1942296610287 seen=1
observer epoch=533 qpc=1942296620288 seen=1
observer epoch=534 qpc=1942296630285 seen=1
observer epoch=535 qpc=1942296640282 seen=1
observer epoch=536 qpc=1942296650283 seen=1
observer epoch=537 qpc=1942296660291 seen=1
observer epoch=538 qpc=1942296670283 seen=1
observer epoch=539 qpc=1942296680311 seen=1
observer epoch=540 qpc=1942296690285 seen=1
observer epoch=541 qpc=1942296700283 seen=1
observer epoch=542 qpc=1942296710293 seen=1
observer epoch=543 qpc=1942296720287 seen=1
observer epoch=544 qpc=1942296730295 seen=1
observer epoch=545 qpc=1942296740288 seen=1
observer epoch=546 qpc=1942296750285 seen=1
observer epoch=547 qpc=1942296760282 seen=1
observer epoch=548 qpc=1942296770284 seen=1
observer epoch=549 qpc=1942296780284 seen=1
observer epoch=550 qpc=1942296790280 seen=1
observer epoch=551 qpc=1942296800287 seen=1
observer epoch=552 qpc=1942296810288 seen=1
observer epoch=553 qpc=1942296820285 seen=1
observer epoch=554 qpc=1942296830290 seen=1
observer epoch=555 qpc=1942296840281 seen=1
observer epoch=556 qpc=1942296850284 seen=1
observer epoch=557 qpc=1942296860286 seen=1
observer epoch=558 qpc=1942296870288 seen=1
observer epoch=559 qpc=1942296880285 seen=1
observer epoch=560 qpc=1942296890286 seen=1
observer epoch=561 qpc=1942296900289 seen=1
observer epoch=562 qpc=1942296910291 seen=1
observer epoch=563 qpc=1942296920287 seen=1
observer epoch=564 qpc=1942296930280 seen=1
observer epoch=565 qpc=1942296940293 seen=1
observer epoch=566 qpc=1942296950284 seen=1
observer epoch=567 qpc=1942296960290 seen=1
observer epoch=568 qpc=1942296970287 seen=1
observer epoch=569 qpc=1942296980290 seen=1
observer epoch=570 qpc=1942296990289 seen=1
observer epoch=571 qpc=1942297000280 seen=1
observer epoch=572 qpc=1942297010292 seen=1
observer epoch=573 qpc=1942297020288 seen=1
observer epoch=574 qpc=1942297030281 seen=1
observer epoch=575 qpc=1942297040287 seen=1
observer epoch=576 qpc=1942297050289 seen=1
observer epoch=577 qpc=1942297060284 seen=1
observer epoch=578 qpc=1942297070291 seen=1
observer epoch=579 qpc=1942297080289 seen=1
observer epoch=580 qpc=1942297090282 seen=1
observer epoch=581 qpc=1942297100288 seen=1
observer epoch=582 qpc=1942297110281 seen=1
observer epoch=583 qpc=1942297120289 seen=1
observer epoch=584 qpc=1942297130281 seen=1
observer epoch=585 qpc=1942297140291 seen=1
observer epoch=586 qpc=1942297150293 seen=1
observer epoch=587 qpc=1942297160282 seen=1
observer epoch=588 qpc=1942297170285 seen=1
observer epoch=589 qpc=1942297180292 seen=1
observer epoch=590 qpc=1942297190282 seen=1
observer epoch=591 qpc=1942297200283 seen=1
observer epoch=592 qpc=1942297210286 seen=1
observer epoch=593 qpc=1942297220292 seen=1
observer epoch=594 qpc=1942297230287 seen=1
observer epoch=595 qpc=1942297240288 seen=1
observer epoch=596 qpc=1942297250284 seen=1
observer epoch=597 qpc=1942297260291 seen=1
observer epoch=598 qpc=1942297270283 seen=1
observer epoch=599 qpc=1942297280280 seen=1
observer_summary first=260 published=1942293889038 start=1942291285280 frequency=10000000 phase_us=500
controller host_exit=0 observer_wait=0
