ALSA lib control.c:1575:(snd_ctl_open_noupdate) [error.control] Invalid CTL hw:0
ALSA lib control.c:1575:(snd_ctl_open_noupdate) [error.control] Invalid CTL hw:1
ALSA lib control.c:1575:(snd_ctl_open_noupdate) [error.control] Invalid CTL hw:0
ALSA lib control.c:1575:(snd_ctl_open_noupdate) [error.control] Invalid CTL hw:1
host loaded=C:\eos-private\Mss32.dll tid=1148 frequency=10000000 arm=2 phase=0
start begin=1942273870301 end=1942273870366
serve epoch=1 begin=1942274376486 end=1942274376589
serve epoch=2 begin=1942274872864 end=1942274872977
serve epoch=3 begin=1942275379665 end=1942275379777
serve epoch=4 begin=1942275875178 end=1942275875324
serve epoch=5 begin=1942276371301 end=1942276371458
serve epoch=6 begin=1942276878368 end=1942276878480
serve epoch=7 begin=1942277375262 end=1942277375424
serve epoch=8 begin=1942277871750 end=1942277871872
serve epoch=9 begin=1942278378558 end=1942278378700
serve epoch=10 begin=1942278875897 end=1942278876029
serve epoch=11 begin=1942279372932 end=1942279373066
serve epoch=12 begin=1942279880594 end=1942279880733
serve epoch=13 begin=1942280376829 end=1942280376969
completion count=1 callback=1942276473852 callback_end=1942276473855 thread=1168 sent=1942276473979 status=2 total=204 pos=204 worker=0 send_ok=1
event callback=1942276473852 callback_end=1942276473855 received=1942276474935 thread=1168 receiver_thread=1140
observer epoch=0 qpc=1942273870294 seen=0
observer epoch=1 qpc=1942273880300 seen=0
observer epoch=2 qpc=1942273890297 seen=0
observer epoch=3 qpc=1942273900291 seen=0
observer epoch=4 qpc=1942273910297 seen=0
observer epoch=5 qpc=1942273920297 seen=0
observer epoch=6 qpc=1942273930291 seen=0
observer epoch=7 qpc=1942273940298 seen=0
observer epoch=8 qpc=1942273950294 seen=0
observer epoch=9 qpc=1942273960293 seen=0
observer epoch=10 qpc=1942273970300 seen=0
observer epoch=11 qpc=1942273980294 seen=0
observer epoch=12 qpc=1942273990291 seen=0
observer epoch=13 qpc=1942274000299 seen=0
observer epoch=14 qpc=1942274010297 seen=0
observer epoch=15 qpc=1942274020298 seen=0
observer epoch=16 qpc=1942274030295 seen=0
observer epoch=17 qpc=1942274040292 seen=0
observer epoch=18 qpc=1942274050298 seen=0
observer epoch=19 qpc=1942274060291 seen=0
observer epoch=20 qpc=1942274070291 seen=0
observer epoch=21 qpc=1942274080290 seen=0
observer epoch=22 qpc=1942274090301 seen=0
observer epoch=23 qpc=1942274100298 seen=0
observer epoch=24 qpc=1942274110290 seen=0
observer epoch=25 qpc=1942274120296 seen=0
observer epoch=26 qpc=1942274130292 seen=0
observer epoch=27 qpc=1942274140299 seen=0
observer epoch=28 qpc=1942274150294 seen=0
observer epoch=29 qpc=1942274160301 seen=0
observer epoch=30 qpc=1942274170290 seen=0
observer epoch=31 qpc=1942274180293 seen=0
observer epoch=32 qpc=1942274190295 seen=0
observer epoch=33 qpc=1942274200293 seen=0
observer epoch=34 qpc=1942274210301 seen=0
observer epoch=35 qpc=1942274220292 seen=0
observer epoch=36 qpc=1942274230301 seen=0
observer epoch=37 qpc=1942274240296 seen=0
observer epoch=38 qpc=1942274250298 seen=0
observer epoch=39 qpc=1942274260293 seen=0
observer epoch=40 qpc=1942274270299 seen=0
observer epoch=41 qpc=1942274280295 seen=0
observer epoch=42 qpc=1942274290292 seen=0
observer epoch=43 qpc=1942274300292 seen=0
observer epoch=44 qpc=1942274310290 seen=0
observer epoch=45 qpc=1942274320295 seen=0
observer epoch=46 qpc=1942274330298 seen=0
observer epoch=47 qpc=1942274340293 seen=0
observer epoch=48 qpc=1942274350299 seen=0
observer epoch=49 qpc=1942274360301 seen=0
observer epoch=50 qpc=1942274370306 seen=0
observer epoch=51 qpc=1942274380302 seen=0
observer epoch=52 qpc=1942274390290 seen=0
observer epoch=53 qpc=1942274400306 seen=0
observer epoch=54 qpc=1942274410300 seen=0
observer epoch=55 qpc=1942274420294 seen=0
observer epoch=56 qpc=1942274430297 seen=0
observer epoch=57 qpc=1942274440297 seen=0
observer epoch=58 qpc=1942274450298 seen=0
observer epoch=59 qpc=1942274460296 seen=0
observer epoch=60 qpc=1942274470300 seen=0
observer epoch=61 qpc=1942274480300 seen=0
observer epoch=62 qpc=1942274490295 seen=0
observer epoch=63 qpc=1942274500300 seen=0
observer epoch=64 qpc=1942274510291 seen=0
observer epoch=65 qpc=1942274520294 seen=0
observer epoch=66 qpc=1942274530297 seen=0
observer epoch=67 qpc=1942274540293 seen=0
observer epoch=68 qpc=1942274550297 seen=0
observer epoch=69 qpc=1942274560293 seen=0
observer epoch=70 qpc=1942274570297 seen=0
observer epoch=71 qpc=1942274580301 seen=0
observer epoch=72 qpc=1942274590293 seen=0
observer epoch=73 qpc=1942274600296 seen=0
observer epoch=74 qpc=1942274610292 seen=0
observer epoch=75 qpc=1942274620293 seen=0
observer epoch=76 qpc=1942274630298 seen=0
observer epoch=77 qpc=1942274640301 seen=0
observer epoch=78 qpc=1942274650291 seen=0
observer epoch=79 qpc=1942274660291 seen=0
observer epoch=80 qpc=1942274670296 seen=0
observer epoch=81 qpc=1942274680296 seen=0
observer epoch=82 qpc=1942274690293 seen=0
observer epoch=83 qpc=1942274700292 seen=0
observer epoch=84 qpc=1942274710291 seen=0
observer epoch=85 qpc=1942274720295 seen=0
observer epoch=86 qpc=1942274730299 seen=0
observer epoch=87 qpc=1942274740299 seen=0
observer epoch=88 qpc=1942274750294 seen=0
observer epoch=89 qpc=1942274760291 seen=0
observer epoch=90 qpc=1942274770293 seen=0
observer epoch=91 qpc=1942274780298 seen=0
observer epoch=92 qpc=1942274790296 seen=0
observer epoch=93 qpc=1942274800293 seen=0
observer epoch=94 qpc=1942274810301 seen=0
observer epoch=95 qpc=1942274820293 seen=0
observer epoch=96 qpc=1942274830296 seen=0
observer epoch=97 qpc=1942274840296 seen=0
observer epoch=98 qpc=1942274850297 seen=0
observer epoch=99 qpc=1942274860295 seen=0
observer epoch=100 qpc=1942274870294 seen=0
observer epoch=101 qpc=1942274880301 seen=0
observer epoch=102 qpc=1942274890293 seen=0
observer epoch=103 qpc=1942274900292 seen=0
observer epoch=104 qpc=1942274910295 seen=0
observer epoch=105 qpc=1942274920299 seen=0
observer epoch=106 qpc=1942274930298 seen=0
observer epoch=107 qpc=1942274940299 seen=0
observer epoch=108 qpc=1942274950290 seen=0
observer epoch=109 qpc=1942274960297 seen=0
observer epoch=110 qpc=1942274970301 seen=0
observer epoch=111 qpc=1942274980291 seen=0
observer epoch=112 qpc=1942274990301 seen=0
observer epoch=113 qpc=1942275000296 seen=0
observer epoch=114 qpc=1942275010293 seen=0
observer epoch=115 qpc=1942275020291 seen=0
observer epoch=116 qpc=1942275030290 seen=0
observer epoch=117 qpc=1942275040298 seen=0
observer epoch=118 qpc=1942275050300 seen=0
observer epoch=119 qpc=1942275060294 seen=0
observer epoch=120 qpc=1942275070293 seen=0
observer epoch=121 qpc=1942275080294 seen=0
observer epoch=122 qpc=1942275090299 seen=0
observer epoch=123 qpc=1942275100299 seen=0
observer epoch=124 qpc=1942275110290 seen=0
observer epoch=125 qpc=1942275120296 seen=0
observer epoch=126 qpc=1942275130294 seen=0
observer epoch=127 qpc=1942275140293 seen=0
observer epoch=128 qpc=1942275150291 seen=0
observer epoch=129 qpc=1942275160301 seen=0
observer epoch=130 qpc=1942275170295 seen=0
observer epoch=131 qpc=1942275180300 seen=0
observer epoch=132 qpc=1942275190299 seen=0
observer epoch=133 qpc=1942275200300 seen=0
observer epoch=134 qpc=1942275210297 seen=0
observer epoch=135 qpc=1942275220290 seen=0
observer epoch=136 qpc=1942275230300 seen=0
observer epoch=137 qpc=1942275240294 seen=0
observer epoch=138 qpc=1942275250300 seen=0
observer epoch=139 qpc=1942275260298 seen=0
observer epoch=140 qpc=1942275270300 seen=0
observer epoch=141 qpc=1942275280300 seen=0
observer epoch=142 qpc=1942275290292 seen=0
observer epoch=143 qpc=1942275300295 seen=0
observer epoch=144 qpc=1942275310294 seen=0
observer epoch=145 qpc=1942275320300 seen=0
observer epoch=146 qpc=1942275330298 seen=0
observer epoch=147 qpc=1942275340296 seen=0
observer epoch=148 qpc=1942275350289 seen=0
observer epoch=149 qpc=1942275360299 seen=0
observer epoch=150 qpc=1942275370299 seen=0
observer epoch=151 qpc=1942275380301 seen=0
observer epoch=152 qpc=1942275390290 seen=0
observer epoch=153 qpc=1942275400300 seen=0
observer epoch=154 qpc=1942275410296 seen=0
observer epoch=155 qpc=1942275420291 seen=0
observer epoch=156 qpc=1942275430299 seen=0
observer epoch=157 qpc=1942275440291 seen=0
observer epoch=158 qpc=1942275450290 seen=0
observer epoch=159 qpc=1942275460295 seen=0
observer epoch=160 qpc=1942275470294 seen=0
observer epoch=161 qpc=1942275480296 seen=0
observer epoch=162 qpc=1942275490295 seen=0
observer epoch=163 qpc=1942275500294 seen=0
observer epoch=164 qpc=1942275510298 seen=0
observer epoch=165 qpc=1942275520299 seen=0
observer epoch=166 qpc=1942275530291 seen=0
observer epoch=167 qpc=1942275540311 seen=0
observer epoch=168 qpc=1942275550301 seen=0
observer epoch=169 qpc=1942275560292 seen=0
observer epoch=170 qpc=1942275570290 seen=0
observer epoch=171 qpc=1942275580291 seen=0
observer epoch=172 qpc=1942275590294 seen=0
observer epoch=173 qpc=1942275600300 seen=0
observer epoch=174 qpc=1942275610294 seen=0
observer epoch=175 qpc=1942275620296 seen=0
observer epoch=176 qpc=1942275630293 seen=0
observer epoch=177 qpc=1942275640301 seen=0
observer epoch=178 qpc=1942275650297 seen=0
observer epoch=179 qpc=1942275660294 seen=0
observer epoch=180 qpc=1942275670297 seen=0
observer epoch=181 qpc=1942275680291 seen=0
observer epoch=182 qpc=1942275690291 seen=0
observer epoch=183 qpc=1942275700297 seen=0
observer epoch=184 qpc=1942275710299 seen=0
observer epoch=185 qpc=1942275720290 seen=0
observer epoch=186 qpc=1942275730294 seen=0
observer epoch=187 qpc=1942275740291 seen=0
observer epoch=188 qpc=1942275750296 seen=0
observer epoch=189 qpc=1942275760291 seen=0
observer epoch=190 qpc=1942275770298 seen=0
observer epoch=191 qpc=1942275780298 seen=0
observer epoch=192 qpc=1942275790291 seen=0
observer epoch=193 qpc=1942275800297 seen=0
observer epoch=194 qpc=1942275810297 seen=0
observer epoch=195 qpc=1942275820294 seen=0
observer epoch=196 qpc=1942275830298 seen=0
observer epoch=197 qpc=1942275840294 seen=0
observer epoch=198 qpc=1942275850300 seen=0
observer epoch=199 qpc=1942275860291 seen=0
observer epoch=200 qpc=1942275870296 seen=0
observer epoch=201 qpc=1942275880295 seen=0
observer epoch=202 qpc=1942275890298 seen=0
observer epoch=203 qpc=1942275900295 seen=0
observer epoch=204 qpc=1942275910296 seen=0
observer epoch=205 qpc=1942275920291 seen=0
observer epoch=206 qpc=1942275930293 seen=0
observer epoch=207 qpc=1942275940294 seen=0
observer epoch=208 qpc=1942275950292 seen=0
observer epoch=209 qpc=1942275960291 seen=0
observer epoch=210 qpc=1942275970301 seen=0
observer epoch=211 qpc=1942275980297 seen=0
observer epoch=212 qpc=1942275990297 seen=0
observer epoch=213 qpc=1942276000294 seen=0
observer epoch=214 qpc=1942276010302 seen=0
observer epoch=215 qpc=1942276020295 seen=0
observer epoch=216 qpc=1942276030289 seen=0
observer epoch=217 qpc=1942276040300 seen=0
observer epoch=218 qpc=1942276050300 seen=0
observer epoch=219 qpc=1942276060298 seen=0
observer epoch=220 qpc=1942276070296 seen=0
observer epoch=221 qpc=1942276080292 seen=0
observer epoch=222 qpc=1942276090297 seen=0
observer epoch=223 qpc=1942276100289 seen=0
observer epoch=224 qpc=1942276110291 seen=0
observer epoch=225 qpc=1942276120300 seen=0
observer epoch=226 qpc=1942276130294 seen=0
observer epoch=227 qpc=1942276140296 seen=0
observer epoch=228 qpc=1942276150292 seen=0
observer epoch=229 qpc=1942276160294 seen=0
observer epoch=230 qpc=1942276170293 seen=0
observer epoch=231 qpc=1942276180294 seen=0
observer epoch=232 qpc=1942276190293 seen=0
observer epoch=233 qpc=1942276200295 seen=0
observer epoch=234 qpc=1942276210298 seen=0
observer epoch=235 qpc=1942276220292 seen=0
observer epoch=236 qpc=1942276230297 seen=0
observer epoch=237 qpc=1942276240300 seen=0
observer epoch=238 qpc=1942276250291 seen=0
observer epoch=239 qpc=1942276260297 seen=0
observer epoch=240 qpc=1942276270296 seen=0
observer epoch=241 qpc=1942276280299 seen=0
observer epoch=242 qpc=1942276290298 seen=0
observer epoch=243 qpc=1942276300301 seen=0
observer epoch=244 qpc=1942276310291 seen=0
observer epoch=245 qpc=1942276320296 seen=0
observer epoch=246 qpc=1942276330294 seen=0
observer epoch=247 qpc=1942276340296 seen=0
observer epoch=248 qpc=1942276350293 seen=0
observer epoch=249 qpc=1942276360292 seen=0
observer epoch=250 qpc=1942276370292 seen=0
observer epoch=251 qpc=1942276380291 seen=0
observer epoch=252 qpc=1942276390295 seen=0
observer epoch=253 qpc=1942276400296 seen=0
observer epoch=254 qpc=1942276410301 seen=0
observer epoch=255 qpc=1942276420294 seen=0
observer epoch=256 qpc=1942276430299 seen=0
observer epoch=257 qpc=1942276440293 seen=0
observer epoch=258 qpc=1942276450297 seen=0
observer epoch=259 qpc=1942276460292 seen=0
observer epoch=260 qpc=1942276470291 seen=0
observer epoch=261 qpc=1942276480299 seen=1
observer epoch=262 qpc=1942276490290 seen=1
observer epoch=263 qpc=1942276500301 seen=1
observer epoch=264 qpc=1942276510291 seen=1
observer epoch=265 qpc=1942276520290 seen=1
observer epoch=266 qpc=1942276530299 seen=1
observer epoch=267 qpc=1942276540292 seen=1
observer epoch=268 qpc=1942276550292 seen=1
observer epoch=269 qpc=1942276560301 seen=1
observer epoch=270 qpc=1942276570296 seen=1
observer epoch=271 qpc=1942276580298 seen=1
observer epoch=272 qpc=1942276590290 seen=1
observer epoch=273 qpc=1942276600300 seen=1
observer epoch=274 qpc=1942276610301 seen=1
observer epoch=275 qpc=1942276620301 seen=1
observer epoch=276 qpc=1942276630296 seen=1
observer epoch=277 qpc=1942276640296 seen=1
observer epoch=278 qpc=1942276650291 seen=1
observer epoch=279 qpc=1942276660290 seen=1
observer epoch=280 qpc=1942276670291 seen=1
observer epoch=281 qpc=1942276680298 seen=1
observer epoch=282 qpc=1942276690298 seen=1
observer epoch=283 qpc=1942276700297 seen=1
observer epoch=284 qpc=1942276710297 seen=1
observer epoch=285 qpc=1942276720299 seen=1
observer epoch=286 qpc=1942276730298 seen=1
observer epoch=287 qpc=1942276740299 seen=1
observer epoch=288 qpc=1942276750292 seen=1
observer epoch=289 qpc=1942276760295 seen=1
observer epoch=290 qpc=1942276770295 seen=1
observer epoch=291 qpc=1942276780290 seen=1
observer epoch=292 qpc=1942276790290 seen=1
observer epoch=293 qpc=1942276800296 seen=1
observer epoch=294 qpc=1942276810291 seen=1
observer epoch=295 qpc=1942276820293 seen=1
observer epoch=296 qpc=1942276830298 seen=1
observer epoch=297 qpc=1942276840298 seen=1
observer epoch=298 qpc=1942276850292 seen=1
observer epoch=299 qpc=1942276860291 seen=1
observer epoch=300 qpc=1942276870298 seen=1
observer epoch=301 qpc=1942276880298 seen=1
observer epoch=302 qpc=1942276890293 seen=1
observer epoch=303 qpc=1942276900298 seen=1
observer epoch=304 qpc=1942276910297 seen=1
observer epoch=305 qpc=1942276920290 seen=1
observer epoch=306 qpc=1942276930297 seen=1
observer epoch=307 qpc=1942276940292 seen=1
observer epoch=308 qpc=1942276950294 seen=1
observer epoch=309 qpc=1942276960291 seen=1
observer epoch=310 qpc=1942276970294 seen=1
observer epoch=311 qpc=1942276980293 seen=1
observer epoch=312 qpc=1942276990292 seen=1
observer epoch=313 qpc=1942277000293 seen=1
observer epoch=314 qpc=1942277010294 seen=1
observer epoch=315 qpc=1942277020299 seen=1
observer epoch=316 qpc=1942277030299 seen=1
observer epoch=317 qpc=1942277040301 seen=1
observer epoch=318 qpc=1942277050301 seen=1
observer epoch=319 qpc=1942277060294 seen=1
observer epoch=320 qpc=1942277070292 seen=1
observer epoch=321 qpc=1942277080290 seen=1
observer epoch=322 qpc=1942277090297 seen=1
observer epoch=323 qpc=1942277100301 seen=1
observer epoch=324 qpc=1942277110300 seen=1
observer epoch=325 qpc=1942277120300 seen=1
observer epoch=326 qpc=1942277130290 seen=1
observer epoch=327 qpc=1942277140298 seen=1
observer epoch=328 qpc=1942277150301 seen=1
observer epoch=329 qpc=1942277160292 seen=1
observer epoch=330 qpc=1942277170293 seen=1
observer epoch=331 qpc=1942277180293 seen=1
observer epoch=332 qpc=1942277190301 seen=1
observer epoch=333 qpc=1942277200291 seen=1
observer epoch=334 qpc=1942277210292 seen=1
observer epoch=335 qpc=1942277220290 seen=1
observer epoch=336 qpc=1942277230290 seen=1
observer epoch=337 qpc=1942277240294 seen=1
observer epoch=338 qpc=1942277250301 seen=1
observer epoch=339 qpc=1942277260296 seen=1
observer epoch=340 qpc=1942277270293 seen=1
observer epoch=341 qpc=1942277280289 seen=1
observer epoch=342 qpc=1942277290300 seen=1
observer epoch=343 qpc=1942277300298 seen=1
observer epoch=344 qpc=1942277310298 seen=1
observer epoch=345 qpc=1942277320297 seen=1
observer epoch=346 qpc=1942277330300 seen=1
observer epoch=347 qpc=1942277340298 seen=1
observer epoch=348 qpc=1942277350293 seen=1
observer epoch=349 qpc=1942277360301 seen=1
observer epoch=350 qpc=1942277370299 seen=1
observer epoch=351 qpc=1942277380298 seen=1
observer epoch=352 qpc=1942277390293 seen=1
observer epoch=353 qpc=1942277400295 seen=1
observer epoch=354 qpc=1942277410292 seen=1
observer epoch=355 qpc=1942277420291 seen=1
observer epoch=356 qpc=1942277430294 seen=1
observer epoch=357 qpc=1942277440301 seen=1
observer epoch=358 qpc=1942277450296 seen=1
observer epoch=359 qpc=1942277460298 seen=1
observer epoch=360 qpc=1942277470296 seen=1
observer epoch=361 qpc=1942277480301 seen=1
observer epoch=362 qpc=1942277490293 seen=1
observer epoch=363 qpc=1942277500295 seen=1
observer epoch=364 qpc=1942277510301 seen=1
observer epoch=365 qpc=1942277520300 seen=1
observer epoch=366 qpc=1942277530299 seen=1
observer epoch=367 qpc=1942277540296 seen=1
observer epoch=368 qpc=1942277550297 seen=1
observer epoch=369 qpc=1942277560298 seen=1
observer epoch=370 qpc=1942277570292 seen=1
observer epoch=371 qpc=1942277580296 seen=1
observer epoch=372 qpc=1942277590295 seen=1
observer epoch=373 qpc=1942277600294 seen=1
observer epoch=374 qpc=1942277610292 seen=1
observer epoch=375 qpc=1942277620290 seen=1
observer epoch=376 qpc=1942277630299 seen=1
observer epoch=377 qpc=1942277640297 seen=1
observer epoch=378 qpc=1942277650299 seen=1
observer epoch=379 qpc=1942277660294 seen=1
observer epoch=380 qpc=1942277670297 seen=1
observer epoch=381 qpc=1942277680294 seen=1
observer epoch=382 qpc=1942277690291 seen=1
observer epoch=383 qpc=1942277700291 seen=1
observer epoch=384 qpc=1942277710302 seen=1
observer epoch=385 qpc=1942277720296 seen=1
observer epoch=386 qpc=1942277730297 seen=1
observer epoch=387 qpc=1942277740290 seen=1
observer epoch=388 qpc=1942277750296 seen=1
observer epoch=389 qpc=1942277760299 seen=1
observer epoch=390 qpc=1942277770289 seen=1
observer epoch=391 qpc=1942277780289 seen=1
observer epoch=392 qpc=1942277790292 seen=1
observer epoch=393 qpc=1942277800289 seen=1
observer epoch=394 qpc=1942277810296 seen=1
observer epoch=395 qpc=1942277820296 seen=1
observer epoch=396 qpc=1942277830294 seen=1
observer epoch=397 qpc=1942277840295 seen=1
observer epoch=398 qpc=1942277850294 seen=1
observer epoch=399 qpc=1942277860291 seen=1
observer epoch=400 qpc=1942277870301 seen=1
observer epoch=401 qpc=1942277880291 seen=1
observer epoch=402 qpc=1942277890301 seen=1
observer epoch=403 qpc=1942277900294 seen=1
observer epoch=404 qpc=1942277910293 seen=1
observer epoch=405 qpc=1942277920293 seen=1
observer epoch=406 qpc=1942277930302 seen=1
observer epoch=407 qpc=1942277940300 seen=1
observer epoch=408 qpc=1942277950298 seen=1
observer epoch=409 qpc=1942277960291 seen=1
observer epoch=410 qpc=1942277970296 seen=1
observer epoch=411 qpc=1942277980300 seen=1
observer epoch=412 qpc=1942277990295 seen=1
observer epoch=413 qpc=1942278000292 seen=1
observer epoch=414 qpc=1942278010295 seen=1
observer epoch=415 qpc=1942278020297 seen=1
observer epoch=416 qpc=1942278030297 seen=1
observer epoch=417 qpc=1942278040291 seen=1
observer epoch=418 qpc=1942278050294 seen=1
observer epoch=419 qpc=1942278060295 seen=1
observer epoch=420 qpc=1942278070293 seen=1
observer epoch=421 qpc=1942278080294 seen=1
observer epoch=422 qpc=1942278090297 seen=1
observer epoch=423 qpc=1942278100293 seen=1
observer epoch=424 qpc=1942278110290 seen=1
observer epoch=425 qpc=1942278120291 seen=1
observer epoch=426 qpc=1942278130293 seen=1
observer epoch=427 qpc=1942278140301 seen=1
observer epoch=428 qpc=1942278150299 seen=1
observer epoch=429 qpc=1942278160295 seen=1
observer epoch=430 qpc=1942278170292 seen=1
observer epoch=431 qpc=1942278180300 seen=1
observer epoch=432 qpc=1942278190299 seen=1
observer epoch=433 qpc=1942278200297 seen=1
observer epoch=434 qpc=1942278210297 seen=1
observer epoch=435 qpc=1942278220290 seen=1
observer epoch=436 qpc=1942278230296 seen=1
observer epoch=437 qpc=1942278240296 seen=1
observer epoch=438 qpc=1942278250295 seen=1
observer epoch=439 qpc=1942278260290 seen=1
observer epoch=440 qpc=1942278270296 seen=1
observer epoch=441 qpc=1942278280297 seen=1
observer epoch=442 qpc=1942278290292 seen=1
observer epoch=443 qpc=1942278300295 seen=1
observer epoch=444 qpc=1942278310296 seen=1
observer epoch=445 qpc=1942278320297 seen=1
observer epoch=446 qpc=1942278330293 seen=1
observer epoch=447 qpc=1942278340291 seen=1
observer epoch=448 qpc=1942278350297 seen=1
observer epoch=449 qpc=1942278360299 seen=1
observer epoch=450 qpc=1942278370297 seen=1
observer epoch=451 qpc=1942278380291 seen=1
observer epoch=452 qpc=1942278390298 seen=1
observer epoch=453 qpc=1942278400295 seen=1
observer epoch=454 qpc=1942278410294 seen=1
observer epoch=455 qpc=1942278420298 seen=1
observer epoch=456 qpc=1942278430290 seen=1
observer epoch=457 qpc=1942278440296 seen=1
observer epoch=458 qpc=1942278450299 seen=1
observer epoch=459 qpc=1942278460293 seen=1
observer epoch=460 qpc=1942278470289 seen=1
observer epoch=461 qpc=1942278480292 seen=1
observer epoch=462 qpc=1942278490290 seen=1
observer epoch=463 qpc=1942278500296 seen=1
observer epoch=464 qpc=1942278510291 seen=1
observer epoch=465 qpc=1942278520293 seen=1
observer epoch=466 qpc=1942278530293 seen=1
observer epoch=467 qpc=1942278540298 seen=1
observer epoch=468 qpc=1942278550298 seen=1
observer epoch=469 qpc=1942278560295 seen=1
observer epoch=470 qpc=1942278570296 seen=1
observer epoch=471 qpc=1942278580291 seen=1
observer epoch=472 qpc=1942278590295 seen=1
observer epoch=473 qpc=1942278600293 seen=1
observer epoch=474 qpc=1942278610301 seen=1
observer epoch=475 qpc=1942278620296 seen=1
observer epoch=476 qpc=1942278630300 seen=1
observer epoch=477 qpc=1942278640297 seen=1
observer epoch=478 qpc=1942278650297 seen=1
observer epoch=479 qpc=1942278660293 seen=1
observer epoch=480 qpc=1942278670297 seen=1
observer epoch=481 qpc=1942278680296 seen=1
observer epoch=482 qpc=1942278690301 seen=1
observer epoch=483 qpc=1942278700297 seen=1
observer epoch=484 qpc=1942278710296 seen=1
observer epoch=485 qpc=1942278720298 seen=1
observer epoch=486 qpc=1942278730298 seen=1
observer epoch=487 qpc=1942278740290 seen=1
observer epoch=488 qpc=1942278750298 seen=1
observer epoch=489 qpc=1942278760293 seen=1
observer epoch=490 qpc=1942278770290 seen=1
observer epoch=491 qpc=1942278780295 seen=1
observer epoch=492 qpc=1942278790297 seen=1
observer epoch=493 qpc=1942278800296 seen=1
observer epoch=494 qpc=1942278810297 seen=1
observer epoch=495 qpc=1942278820292 seen=1
observer epoch=496 qpc=1942278830300 seen=1
observer epoch=497 qpc=1942278840296 seen=1
observer epoch=498 qpc=1942278850298 seen=1
observer epoch=499 qpc=1942278860299 seen=1
observer epoch=500 qpc=1942278870290 seen=1
observer epoch=501 qpc=1942278880293 seen=1
observer epoch=502 qpc=1942278890295 seen=1
observer epoch=503 qpc=1942278900297 seen=1
observer epoch=504 qpc=1942278910296 seen=1
observer epoch=505 qpc=1942278920294 seen=1
observer epoch=506 qpc=1942278930294 seen=1
observer epoch=507 qpc=1942278940290 seen=1
observer epoch=508 qpc=1942278950295 seen=1
observer epoch=509 qpc=1942278960296 seen=1
observer epoch=510 qpc=1942278970291 seen=1
observer epoch=511 qpc=1942278980289 seen=1
observer epoch=512 qpc=1942278990301 seen=1
observer epoch=513 qpc=1942279000297 seen=1
observer epoch=514 qpc=1942279010299 seen=1
observer epoch=515 qpc=1942279020289 seen=1
observer epoch=516 qpc=1942279030293 seen=1
observer epoch=517 qpc=1942279040291 seen=1
observer epoch=518 qpc=1942279050302 seen=1
observer epoch=519 qpc=1942279060300 seen=1
observer epoch=520 qpc=1942279070296 seen=1
observer epoch=521 qpc=1942279080290 seen=1
observer epoch=522 qpc=1942279090296 seen=1
observer epoch=523 qpc=1942279100295 seen=1
observer epoch=524 qpc=1942279110301 seen=1
observer epoch=525 qpc=1942279120299 seen=1
observer epoch=526 qpc=1942279130293 seen=1
observer epoch=527 qpc=1942279140297 seen=1
observer epoch=528 qpc=1942279150299 seen=1
observer epoch=529 qpc=1942279160290 seen=1
observer epoch=530 qpc=1942279170295 seen=1
observer epoch=531 qpc=1942279180298 seen=1
observer epoch=532 qpc=1942279190299 seen=1
observer epoch=533 qpc=1942279200295 seen=1
observer epoch=534 qpc=1942279210297 seen=1
observer epoch=535 qpc=1942279220292 seen=1
observer epoch=536 qpc=1942279230292 seen=1
observer epoch=537 qpc=1942279240291 seen=1
observer epoch=538 qpc=1942279250301 seen=1
observer epoch=539 qpc=1942279260295 seen=1
observer epoch=540 qpc=1942279270305 seen=1
observer epoch=541 qpc=1942279280297 seen=1
observer epoch=542 qpc=1942279290302 seen=1
observer epoch=543 qpc=1942279300299 seen=1
observer epoch=544 qpc=1942279310292 seen=1
observer epoch=545 qpc=1942279320305 seen=1
observer epoch=546 qpc=1942279330301 seen=1
observer epoch=547 qpc=1942279340300 seen=1
observer epoch=548 qpc=1942279350290 seen=1
observer epoch=549 qpc=1942279360301 seen=1
observer epoch=550 qpc=1942279370294 seen=1
observer epoch=551 qpc=1942279380295 seen=1
observer epoch=552 qpc=1942279390296 seen=1
observer epoch=553 qpc=1942279400289 seen=1
observer epoch=554 qpc=1942279410295 seen=1
observer epoch=555 qpc=1942279420296 seen=1
observer epoch=556 qpc=1942279430292 seen=1
observer epoch=557 qpc=1942279440296 seen=1
observer epoch=558 qpc=1942279450295 seen=1
observer epoch=559 qpc=1942279460300 seen=1
observer epoch=560 qpc=1942279470301 seen=1
observer epoch=561 qpc=1942279480298 seen=1
observer epoch=562 qpc=1942279490296 seen=1
observer epoch=563 qpc=1942279500290 seen=1
observer epoch=564 qpc=1942279510296 seen=1
observer epoch=565 qpc=1942279520294 seen=1
observer epoch=566 qpc=1942279530294 seen=1
observer epoch=567 qpc=1942279540300 seen=1
observer epoch=568 qpc=1942279550299 seen=1
observer epoch=569 qpc=1942279560301 seen=1
observer epoch=570 qpc=1942279570305 seen=1
observer epoch=571 qpc=1942279580292 seen=1
observer epoch=572 qpc=1942279590294 seen=1
observer epoch=573 qpc=1942279600299 seen=1
observer epoch=574 qpc=1942279610293 seen=1
observer epoch=575 qpc=1942279620291 seen=1
observer epoch=576 qpc=1942279630299 seen=1
observer epoch=577 qpc=1942279640299 seen=1
observer epoch=578 qpc=1942279650300 seen=1
observer epoch=579 qpc=1942279660296 seen=1
observer epoch=580 qpc=1942279670296 seen=1
observer epoch=581 qpc=1942279680301 seen=1
observer epoch=582 qpc=1942279690299 seen=1
observer epoch=583 qpc=1942279700296 seen=1
observer epoch=584 qpc=1942279710294 seen=1
observer epoch=585 qpc=1942279720293 seen=1
observer epoch=586 qpc=1942279730295 seen=1
observer epoch=587 qpc=1942279740290 seen=1
observer epoch=588 qpc=1942279750290 seen=1
observer epoch=589 qpc=1942279760293 seen=1
observer epoch=590 qpc=1942279770290 seen=1
observer epoch=591 qpc=1942279780295 seen=1
observer epoch=592 qpc=1942279790298 seen=1
observer epoch=593 qpc=1942279800292 seen=1
observer epoch=594 qpc=1942279810290 seen=1
observer epoch=595 qpc=1942279820300 seen=1
observer epoch=596 qpc=1942279830290 seen=1
observer epoch=597 qpc=1942279840301 seen=1
observer epoch=598 qpc=1942279850301 seen=1
observer epoch=599 qpc=1942279860290 seen=1
observer_summary first=261 published=1942276474938 start=1942273870289 frequency=10000000 phase_us=0
controller host_exit=0 observer_wait=0
