ALSA lib control.c:1575:(snd_ctl_open_noupdate) [error.control] Invalid CTL hw:0
ALSA lib control.c:1575:(snd_ctl_open_noupdate) [error.control] Invalid CTL hw:1
ALSA lib control.c:1575:(snd_ctl_open_noupdate) [error.control] Invalid CTL hw:0
ALSA lib control.c:1575:(snd_ctl_open_noupdate) [error.control] Invalid CTL hw:1
host loaded=C:\eos-private\Mss32.dll tid=708 frequency=10000000 arm=2 phase=500
start begin=1942185280530 end=1942185280569
serve epoch=1 begin=1942185788331 end=1942185788410
serve epoch=2 begin=1942186284838 end=1942186284921
serve epoch=3 begin=1942186782834 end=1942186782966
serve epoch=4 begin=1942187289364 end=1942187289582
serve epoch=5 begin=1942187785406 end=1942187785579
serve epoch=6 begin=1942188282265 end=1942188282444
serve epoch=7 begin=1942188790086 end=1942188790270
serve epoch=8 begin=1942189287174 end=1942189287332
serve epoch=9 begin=1942189784065 end=1942189784180
serve epoch=10 begin=1942190281783 end=1942190281894
serve epoch=11 begin=1942190790680 end=1942190790793
serve epoch=12 begin=1942191287631 end=1942191287719
serve epoch=13 begin=1942191783423 end=1942191783519
completion count=1 callback=1942187289516 callback_end=1942187289517 thread=708 sent=1942187289659 status=2 total=204 pos=204 worker=0 send_ok=1
event callback=1942187289516 callback_end=1942187289517 received=1942187290830 thread=708 receiver_thread=700
observer epoch=0 qpc=1942185285536 seen=0
observer epoch=1 qpc=1942185295535 seen=0
observer epoch=2 qpc=1942185305531 seen=0
observer epoch=3 qpc=1942185315524 seen=0
observer epoch=4 qpc=1942185325527 seen=0
observer epoch=5 qpc=1942185335529 seen=0
observer epoch=6 qpc=1942185345534 seen=0
observer epoch=7 qpc=1942185355534 seen=0
observer epoch=8 qpc=1942185365523 seen=0
observer epoch=9 qpc=1942185375524 seen=0
observer epoch=10 qpc=1942185385524 seen=0
observer epoch=11 qpc=1942185395533 seen=0
observer epoch=12 qpc=1942185405527 seen=0
observer epoch=13 qpc=1942185415534 seen=0
observer epoch=14 qpc=1942185425529 seen=0
observer epoch=15 qpc=1942185435527 seen=0
observer epoch=16 qpc=1942185445534 seen=0
observer epoch=17 qpc=1942185455535 seen=0
observer epoch=18 qpc=1942185465535 seen=0
observer epoch=19 qpc=1942185475528 seen=0
observer epoch=20 qpc=1942185485532 seen=0
observer epoch=21 qpc=1942185495523 seen=0
observer epoch=22 qpc=1942185505532 seen=0
observer epoch=23 qpc=1942185515526 seen=0
observer epoch=24 qpc=1942185525528 seen=0
observer epoch=25 qpc=1942185535523 seen=0
observer epoch=26 qpc=1942185545532 seen=0
observer epoch=27 qpc=1942185555535 seen=0
observer epoch=28 qpc=1942185565532 seen=0
observer epoch=29 qpc=1942185575529 seen=0
observer epoch=30 qpc=1942185585533 seen=0
observer epoch=31 qpc=1942185595524 seen=0
observer epoch=32 qpc=1942185605533 seen=0
observer epoch=33 qpc=1942185615527 seen=0
observer epoch=34 qpc=1942185625534 seen=0
observer epoch=35 qpc=1942185635533 seen=0
observer epoch=36 qpc=1942185645534 seen=0
observer epoch=37 qpc=1942185655527 seen=0
observer epoch=38 qpc=1942185665531 seen=0
observer epoch=39 qpc=1942185675532 seen=0
observer epoch=40 qpc=1942185685526 seen=0
observer epoch=41 qpc=1942185695534 seen=0
observer epoch=42 qpc=1942185705530 seen=0
observer epoch=43 qpc=1942185715532 seen=0
observer epoch=44 qpc=1942185725528 seen=0
observer epoch=45 qpc=1942185735529 seen=0
observer epoch=46 qpc=1942185745526 seen=0
observer epoch=47 qpc=1942185755534 seen=0
observer epoch=48 qpc=1942185765527 seen=0
observer epoch=49 qpc=1942185775524 seen=0
observer epoch=50 qpc=1942185785533 seen=0
observer epoch=51 qpc=1942185795527 seen=0
observer epoch=52 qpc=1942185805526 seen=0
observer epoch=53 qpc=1942185815533 seen=0
observer epoch=54 qpc=1942185825531 seen=0
observer epoch=55 qpc=1942185835533 seen=0
observer epoch=56 qpc=1942185845535 seen=0
observer epoch=57 qpc=1942185855525 seen=0
observer epoch=58 qpc=1942185865529 seen=0
observer epoch=59 qpc=1942185875529 seen=0
observer epoch=60 qpc=1942185885533 seen=0
observer epoch=61 qpc=1942185895532 seen=0
observer epoch=62 qpc=1942185905534 seen=0
observer epoch=63 qpc=1942185915538 seen=0
observer epoch=64 qpc=1942185925526 seen=0
observer epoch=65 qpc=1942185935531 seen=0
observer epoch=66 qpc=1942185945529 seen=0
observer epoch=67 qpc=1942185955532 seen=0
observer epoch=68 qpc=1942185965530 seen=0
observer epoch=69 qpc=1942185975530 seen=0
observer epoch=70 qpc=1942185985534 seen=0
observer epoch=71 qpc=1942185995525 seen=0
observer epoch=72 qpc=1942186005526 seen=0
observer epoch=73 qpc=1942186015530 seen=0
observer epoch=74 qpc=1942186025524 seen=0
observer epoch=75 qpc=1942186035525 seen=0
observer epoch=76 qpc=1942186045528 seen=0
observer epoch=77 qpc=1942186055535 seen=0
observer epoch=78 qpc=1942186065534 seen=0
observer epoch=79 qpc=1942186075529 seen=0
observer epoch=80 qpc=1942186085524 seen=0
observer epoch=81 qpc=1942186095536 seen=0
observer epoch=82 qpc=1942186105535 seen=0
observer epoch=83 qpc=1942186115527 seen=0
observer epoch=84 qpc=1942186125527 seen=0
observer epoch=85 qpc=1942186135525 seen=0
observer epoch=86 qpc=1942186145534 seen=0
observer epoch=87 qpc=1942186155535 seen=0
observer epoch=88 qpc=1942186165531 seen=0
observer epoch=89 qpc=1942186175528 seen=0
observer epoch=90 qpc=1942186185525 seen=0
observer epoch=91 qpc=1942186195529 seen=0
observer epoch=92 qpc=1942186205525 seen=0
observer epoch=93 qpc=1942186215534 seen=0
observer epoch=94 qpc=1942186225526 seen=0
observer epoch=95 qpc=1942186235527 seen=0
observer epoch=96 qpc=1942186245531 seen=0
observer epoch=97 qpc=1942186255533 seen=0
observer epoch=98 qpc=1942186265528 seen=0
observer epoch=99 qpc=1942186275534 seen=0
observer epoch=100 qpc=1942186285525 seen=0
observer epoch=101 qpc=1942186295533 seen=0
observer epoch=102 qpc=1942186305536 seen=0
observer epoch=103 qpc=1942186315530 seen=0
observer epoch=104 qpc=1942186325525 seen=0
observer epoch=105 qpc=1942186335527 seen=0
observer epoch=106 qpc=1942186345525 seen=0
observer epoch=107 qpc=1942186355529 seen=0
observer epoch=108 qpc=1942186365529 seen=0
observer epoch=109 qpc=1942186375529 seen=0
observer epoch=110 qpc=1942186385533 seen=0
observer epoch=111 qpc=1942186395528 seen=0
observer epoch=112 qpc=1942186405528 seen=0
observer epoch=113 qpc=1942186415532 seen=0
observer epoch=114 qpc=1942186425532 seen=0
observer epoch=115 qpc=1942186435530 seen=0
observer epoch=116 qpc=1942186445528 seen=0
observer epoch=117 qpc=1942186455534 seen=0
observer epoch=118 qpc=1942186465531 seen=0
observer epoch=119 qpc=1942186475533 seen=0
observer epoch=120 qpc=1942186485531 seen=0
observer epoch=121 qpc=1942186495527 seen=0
observer epoch=122 qpc=1942186505532 seen=0
observer epoch=123 qpc=1942186515534 seen=0
observer epoch=124 qpc=1942186525529 seen=0
observer epoch=125 qpc=1942186535528 seen=0
observer epoch=126 qpc=1942186545528 seen=0
observer epoch=127 qpc=1942186555525 seen=0
observer epoch=128 qpc=1942186565524 seen=0
observer epoch=129 qpc=1942186575526 seen=0
observer epoch=130 qpc=1942186585529 seen=0
observer epoch=131 qpc=1942186595530 seen=0
observer epoch=132 qpc=1942186605535 seen=0
observer epoch=133 qpc=1942186615534 seen=0
observer epoch=134 qpc=1942186625528 seen=0
observer epoch=135 qpc=1942186635530 seen=0
observer epoch=136 qpc=1942186645532 seen=0
observer epoch=137 qpc=1942186655525 seen=0
observer epoch=138 qpc=1942186665525 seen=0
observer epoch=139 qpc=1942186675529 seen=0
observer epoch=140 qpc=1942186685530 seen=0
observer epoch=141 qpc=1942186695532 seen=0
observer epoch=142 qpc=1942186705531 seen=0
observer epoch=143 qpc=1942186715523 seen=0
observer epoch=144 qpc=1942186725525 seen=0
observer epoch=145 qpc=1942186735528 seen=0
observer epoch=146 qpc=1942186745532 seen=0
observer epoch=147 qpc=1942186755532 seen=0
observer epoch=148 qpc=1942186765529 seen=0
observer epoch=149 qpc=1942186775530 seen=0
observer epoch=150 qpc=1942186785525 seen=0
observer epoch=151 qpc=1942186795526 seen=0
observer epoch=152 qpc=1942186805526 seen=0
observer epoch=153 qpc=1942186815529 seen=0
observer epoch=154 qpc=1942186825533 seen=0
observer epoch=155 qpc=1942186835532 seen=0
observer epoch=156 qpc=1942186845531 seen=0
observer epoch=157 qpc=1942186855526 seen=0
observer epoch=158 qpc=1942186865525 seen=0
observer epoch=159 qpc=1942186875526 seen=0
observer epoch=160 qpc=1942186885526 seen=0
observer epoch=161 qpc=1942186895527 seen=0
observer epoch=162 qpc=1942186905526 seen=0
observer epoch=163 qpc=1942186915524 seen=0
observer epoch=164 qpc=1942186925528 seen=0
observer epoch=165 qpc=1942186935528 seen=0
observer epoch=166 qpc=1942186945535 seen=0
observer epoch=167 qpc=1942186955530 seen=0
observer epoch=168 qpc=1942186965530 seen=0
observer epoch=169 qpc=1942186975533 seen=0
observer epoch=170 qpc=1942186985526 seen=0
observer epoch=171 qpc=1942186995524 seen=0
observer epoch=172 qpc=1942187005533 seen=0
observer epoch=173 qpc=1942187015538 seen=0
observer epoch=174 qpc=1942187025524 seen=0
observer epoch=175 qpc=1942187035532 seen=0
observer epoch=176 qpc=1942187045527 seen=0
observer epoch=177 qpc=1942187055529 seen=0
observer epoch=178 qpc=1942187065535 seen=0
observer epoch=179 qpc=1942187075528 seen=0
observer epoch=180 qpc=1942187085535 seen=0
observer epoch=181 qpc=1942187095533 seen=0
observer epoch=182 qpc=1942187105532 seen=0
observer epoch=183 qpc=1942187115529 seen=0
observer epoch=184 qpc=1942187125532 seen=0
observer epoch=185 qpc=1942187135524 seen=0
observer epoch=186 qpc=1942187145526 seen=0
observer epoch=187 qpc=1942187155533 seen=0
observer epoch=188 qpc=1942187165533 seen=0
observer epoch=189 qpc=1942187175524 seen=0
observer epoch=190 qpc=1942187185528 seen=0
observer epoch=191 qpc=1942187195532 seen=0
observer epoch=192 qpc=1942187205531 seen=0
observer epoch=193 qpc=1942187215526 seen=0
observer epoch=194 qpc=1942187225532 seen=0
observer epoch=195 qpc=1942187235524 seen=0
observer epoch=196 qpc=1942187245529 seen=0
observer epoch=197 qpc=1942187255524 seen=0
observer epoch=198 qpc=1942187265524 seen=0
observer epoch=199 qpc=1942187275528 seen=0
observer epoch=200 qpc=1942187285524 seen=0
observer epoch=201 qpc=1942187295531 seen=1
observer epoch=202 qpc=1942187305532 seen=1
observer epoch=203 qpc=1942187315526 seen=1
observer epoch=204 qpc=1942187325527 seen=1
observer epoch=205 qpc=1942187335529 seen=1
observer epoch=206 qpc=1942187345526 seen=1
observer epoch=207 qpc=1942187355527 seen=1
observer epoch=208 qpc=1942187365536 seen=1
observer epoch=209 qpc=1942187375527 seen=1
observer epoch=210 qpc=1942187385526 seen=1
observer epoch=211 qpc=1942187395532 seen=1
observer epoch=212 qpc=1942187405531 seen=1
observer epoch=213 qpc=1942187415530 seen=1
observer epoch=214 qpc=1942187425524 seen=1
observer epoch=215 qpc=1942187435526 seen=1
observer epoch=216 qpc=1942187445535 seen=1
observer epoch=217 qpc=1942187455532 seen=1
observer epoch=218 qpc=1942187465535 seen=1
observer epoch=219 qpc=1942187475528 seen=1
observer epoch=220 qpc=1942187485527 seen=1
observer epoch=221 qpc=1942187495533 seen=1
observer epoch=222 qpc=1942187505530 seen=1
observer epoch=223 qpc=1942187515525 seen=1
observer epoch=224 qpc=1942187525531 seen=1
observer epoch=225 qpc=1942187535527 seen=1
observer epoch=226 qpc=1942187545535 seen=1
observer epoch=227 qpc=1942187555532 seen=1
observer epoch=228 qpc=1942187565533 seen=1
observer epoch=229 qpc=1942187575524 seen=1
observer epoch=230 qpc=1942187585530 seen=1
observer epoch=231 qpc=1942187595530 seen=1
observer epoch=232 qpc=1942187605528 seen=1
observer epoch=233 qpc=1942187615523 seen=1
observer epoch=234 qpc=1942187625532 seen=1
observer epoch=235 qpc=1942187635532 seen=1
observer epoch=236 qpc=1942187645536 seen=1
observer epoch=237 qpc=1942187655527 seen=1
observer epoch=238 qpc=1942187665534 seen=1
observer epoch=239 qpc=1942187675526 seen=1
observer epoch=240 qpc=1942187685533 seen=1
observer epoch=241 qpc=1942187695532 seen=1
observer epoch=242 qpc=1942187705533 seen=1
observer epoch=243 qpc=1942187715528 seen=1
observer epoch=244 qpc=1942187725524 seen=1
observer epoch=245 qpc=1942187735528 seen=1
observer epoch=246 qpc=1942187745531 seen=1
observer epoch=247 qpc=1942187755535 seen=1
observer epoch=248 qpc=1942187765529 seen=1
observer epoch=249 qpc=1942187775525 seen=1
observer epoch=250 qpc=1942187785535 seen=1
observer epoch=251 qpc=1942187795528 seen=1
observer epoch=252 qpc=1942187805525 seen=1
observer epoch=253 qpc=1942187815524 seen=1
observer epoch=254 qpc=1942187825529 seen=1
observer epoch=255 qpc=1942187835528 seen=1
observer epoch=256 qpc=1942187845526 seen=1
observer epoch=257 qpc=1942187855527 seen=1
observer epoch=258 qpc=1942187865534 seen=1
observer epoch=259 qpc=1942187875528 seen=1
observer epoch=260 qpc=1942187885533 seen=1
observer epoch=261 qpc=1942187895524 seen=1
observer epoch=262 qpc=1942187905532 seen=1
observer epoch=263 qpc=1942187915528 seen=1
observer epoch=264 qpc=1942187925535 seen=1
observer epoch=265 qpc=1942187935524 seen=1
observer epoch=266 qpc=1942187945528 seen=1
observer epoch=267 qpc=1942187955533 seen=1
observer epoch=268 qpc=1942187965529 seen=1
observer epoch=269 qpc=1942187975525 seen=1
observer epoch=270 qpc=1942187985533 seen=1
observer epoch=271 qpc=1942187995525 seen=1
observer epoch=272 qpc=1942188005525 seen=1
observer epoch=273 qpc=1942188015532 seen=1
observer epoch=274 qpc=1942188025524 seen=1
observer epoch=275 qpc=1942188035524 seen=1
observer epoch=276 qpc=1942188045534 seen=1
observer epoch=277 qpc=1942188055534 seen=1
observer epoch=278 qpc=1942188065532 seen=1
observer epoch=279 qpc=1942188075526 seen=1
observer epoch=280 qpc=1942188085526 seen=1
observer epoch=281 qpc=1942188095524 seen=1
observer epoch=282 qpc=1942188105530 seen=1
observer epoch=283 qpc=1942188115532 seen=1
observer epoch=284 qpc=1942188125534 seen=1
observer epoch=285 qpc=1942188135526 seen=1
observer epoch=286 qpc=1942188145530 seen=1
observer epoch=287 qpc=1942188155535 seen=1
observer epoch=288 qpc=1942188165525 seen=1
observer epoch=289 qpc=1942188175528 seen=1
observer epoch=290 qpc=1942188185524 seen=1
observer epoch=291 qpc=1942188195532 seen=1
observer epoch=292 qpc=1942188205532 seen=1
observer epoch=293 qpc=1942188215533 seen=1
observer epoch=294 qpc=1942188225534 seen=1
observer epoch=295 qpc=1942188235533 seen=1
observer epoch=296 qpc=1942188245526 seen=1
observer epoch=297 qpc=1942188255526 seen=1
observer epoch=298 qpc=1942188265529 seen=1
observer epoch=299 qpc=1942188275535 seen=1
observer epoch=300 qpc=1942188285529 seen=1
observer epoch=301 qpc=1942188295535 seen=1
observer epoch=302 qpc=1942188305528 seen=1
observer epoch=303 qpc=1942188315534 seen=1
observer epoch=304 qpc=1942188325533 seen=1
observer epoch=305 qpc=1942188335529 seen=1
observer epoch=306 qpc=1942188345535 seen=1
observer epoch=307 qpc=1942188355524 seen=1
observer epoch=308 qpc=1942188365532 seen=1
observer epoch=309 qpc=1942188375530 seen=1
observer epoch=310 qpc=1942188385528 seen=1
observer epoch=311 qpc=1942188395534 seen=1
observer epoch=312 qpc=1942188405529 seen=1
observer epoch=313 qpc=1942188415529 seen=1
observer epoch=314 qpc=1942188425534 seen=1
observer epoch=315 qpc=1942188435533 seen=1
observer epoch=316 qpc=1942188445528 seen=1
observer epoch=317 qpc=1942188455533 seen=1
observer epoch=318 qpc=1942188465529 seen=1
observer epoch=319 qpc=1942188475533 seen=1
observer epoch=320 qpc=1942188485524 seen=1
observer epoch=321 qpc=1942188495529 seen=1
observer epoch=322 qpc=1942188505534 seen=1
observer epoch=323 qpc=1942188515525 seen=1
observer epoch=324 qpc=1942188525528 seen=1
observer epoch=325 qpc=1942188535531 seen=1
observer epoch=326 qpc=1942188545529 seen=1
observer epoch=327 qpc=1942188555523 seen=1
observer epoch=328 qpc=1942188565534 seen=1
observer epoch=329 qpc=1942188575524 seen=1
observer epoch=330 qpc=1942188585538 seen=1
observer epoch=331 qpc=1942188595535 seen=1
observer epoch=332 qpc=1942188605532 seen=1
observer epoch=333 qpc=1942188615533 seen=1
observer epoch=334 qpc=1942188625528 seen=1
observer epoch=335 qpc=1942188635527 seen=1
observer epoch=336 qpc=1942188645526 seen=1
observer epoch=337 qpc=1942188655533 seen=1
observer epoch=338 qpc=1942188665524 seen=1
observer epoch=339 qpc=1942188675531 seen=1
observer epoch=340 qpc=1942188685535 seen=1
observer epoch=341 qpc=1942188695526 seen=1
observer epoch=342 qpc=1942188705535 seen=1
observer epoch=343 qpc=1942188715534 seen=1
observer epoch=344 qpc=1942188725526 seen=1
observer epoch=345 qpc=1942188735524 seen=1
observer epoch=346 qpc=1942188745533 seen=1
observer epoch=347 qpc=1942188755526 seen=1
observer epoch=348 qpc=1942188765527 seen=1
observer epoch=349 qpc=1942188775535 seen=1
observer epoch=350 qpc=1942188785530 seen=1
observer epoch=351 qpc=1942188795524 seen=1
observer epoch=352 qpc=1942188805527 seen=1
observer epoch=353 qpc=1942188815535 seen=1
observer epoch=354 qpc=1942188825535 seen=1
observer epoch=355 qpc=1942188835527 seen=1
observer epoch=356 qpc=1942188845527 seen=1
observer epoch=357 qpc=1942188855535 seen=1
observer epoch=358 qpc=1942188865523 seen=1
observer epoch=359 qpc=1942188875524 seen=1
observer epoch=360 qpc=1942188885525 seen=1
observer epoch=361 qpc=1942188895531 seen=1
observer epoch=362 qpc=1942188905530 seen=1
observer epoch=363 qpc=1942188915532 seen=1
observer epoch=364 qpc=1942188925525 seen=1
observer epoch=365 qpc=1942188935525 seen=1
observer epoch=366 qpc=1942188945529 seen=1
observer epoch=367 qpc=1942188955527 seen=1
observer epoch=368 qpc=1942188965524 seen=1
observer epoch=369 qpc=1942188975531 seen=1
observer epoch=370 qpc=1942188985535 seen=1
observer epoch=371 qpc=1942188995525 seen=1
observer epoch=372 qpc=1942189005525 seen=1
observer epoch=373 qpc=1942189015528 seen=1
observer epoch=374 qpc=1942189025530 seen=1
observer epoch=375 qpc=1942189035530 seen=1
observer epoch=376 qpc=1942189045527 seen=1
observer epoch=377 qpc=1942189055525 seen=1
observer epoch=378 qpc=1942189065530 seen=1
observer epoch=379 qpc=1942189075524 seen=1
observer epoch=380 qpc=1942189085533 seen=1
observer epoch=381 qpc=1942189095528 seen=1
observer epoch=382 qpc=1942189105527 seen=1
observer epoch=383 qpc=1942189115531 seen=1
observer epoch=384 qpc=1942189125535 seen=1
observer epoch=385 qpc=1942189135529 seen=1
observer epoch=386 qpc=1942189145534 seen=1
observer epoch=387 qpc=1942189155526 seen=1
observer epoch=388 qpc=1942189165528 seen=1
observer epoch=389 qpc=1942189175529 seen=1
observer epoch=390 qpc=1942189185524 seen=1
observer epoch=391 qpc=1942189195533 seen=1
observer epoch=392 qpc=1942189205527 seen=1
observer epoch=393 qpc=1942189215528 seen=1
observer epoch=394 qpc=1942189225526 seen=1
observer epoch=395 qpc=1942189235526 seen=1
observer epoch=396 qpc=1942189245529 seen=1
observer epoch=397 qpc=1942189255533 seen=1
observer epoch=398 qpc=1942189265523 seen=1
observer epoch=399 qpc=1942189275530 seen=1
observer epoch=400 qpc=1942189285528 seen=1
observer epoch=401 qpc=1942189295526 seen=1
observer epoch=402 qpc=1942189305523 seen=1
observer epoch=403 qpc=1942189315524 seen=1
observer epoch=404 qpc=1942189325528 seen=1
observer epoch=405 qpc=1942189335528 seen=1
observer epoch=406 qpc=1942189345531 seen=1
observer epoch=407 qpc=1942189355531 seen=1
observer epoch=408 qpc=1942189365527 seen=1
observer epoch=409 qpc=1942189375530 seen=1
observer epoch=410 qpc=1942189385523 seen=1
observer epoch=411 qpc=1942189395533 seen=1
observer epoch=412 qpc=1942189405526 seen=1
observer epoch=413 qpc=1942189415532 seen=1
observer epoch=414 qpc=1942189425530 seen=1
observer epoch=415 qpc=1942189435528 seen=1
observer epoch=416 qpc=1942189445526 seen=1
observer epoch=417 qpc=1942189455532 seen=1
observer epoch=418 qpc=1942189465533 seen=1
observer epoch=419 qpc=1942189475525 seen=1
observer epoch=420 qpc=1942189485533 seen=1
observer epoch=421 qpc=1942189495526 seen=1
observer epoch=422 qpc=1942189505524 seen=1
observer epoch=423 qpc=1942189515536 seen=1
observer epoch=424 qpc=1942189525528 seen=1
observer epoch=425 qpc=1942189535535 seen=1
observer epoch=426 qpc=1942189545526 seen=1
observer epoch=427 qpc=1942189555530 seen=1
observer epoch=428 qpc=1942189565525 seen=1
observer epoch=429 qpc=1942189575535 seen=1
observer epoch=430 qpc=1942189585531 seen=1
observer epoch=431 qpc=1942189595533 seen=1
observer epoch=432 qpc=1942189605535 seen=1
observer epoch=433 qpc=1942189615532 seen=1
observer epoch=434 qpc=1942189625525 seen=1
observer epoch=435 qpc=1942189635526 seen=1
observer epoch=436 qpc=1942189645534 seen=1
observer epoch=437 qpc=1942189655526 seen=1
observer epoch=438 qpc=1942189665535 seen=1
observer epoch=439 qpc=1942189675529 seen=1
observer epoch=440 qpc=1942189685539 seen=1
observer epoch=441 qpc=1942189695532 seen=1
observer epoch=442 qpc=1942189705530 seen=1
observer epoch=443 qpc=1942189715533 seen=1
observer epoch=444 qpc=1942189725531 seen=1
observer epoch=445 qpc=1942189735531 seen=1
observer epoch=446 qpc=1942189745527 seen=1
observer epoch=447 qpc=1942189755529 seen=1
observer epoch=448 qpc=1942189765528 seen=1
observer epoch=449 qpc=1942189775526 seen=1
observer epoch=450 qpc=1942189785530 seen=1
observer epoch=451 qpc=1942189795528 seen=1
observer epoch=452 qpc=1942189805533 seen=1
observer epoch=453 qpc=1942189815532 seen=1
observer epoch=454 qpc=1942189825526 seen=1
observer epoch=455 qpc=1942189835533 seen=1
observer epoch=456 qpc=1942189845533 seen=1
observer epoch=457 qpc=1942189855525 seen=1
observer epoch=458 qpc=1942189865527 seen=1
observer epoch=459 qpc=1942189875524 seen=1
observer epoch=460 qpc=1942189885532 seen=1
observer epoch=461 qpc=1942189895531 seen=1
observer epoch=462 qpc=1942189905534 seen=1
observer epoch=463 qpc=1942189915535 seen=1
observer epoch=464 qpc=1942189925529 seen=1
observer epoch=465 qpc=1942189935526 seen=1
observer epoch=466 qpc=1942189945530 seen=1
observer epoch=467 qpc=1942189955529 seen=1
observer epoch=468 qpc=1942189965527 seen=1
observer epoch=469 qpc=1942189975529 seen=1
observer epoch=470 qpc=1942189985534 seen=1
observer epoch=471 qpc=1942189995533 seen=1
observer epoch=472 qpc=1942190005527 seen=1
observer epoch=473 qpc=1942190015525 seen=1
observer epoch=474 qpc=1942190025530 seen=1
observer epoch=475 qpc=1942190035528 seen=1
observer epoch=476 qpc=1942190045533 seen=1
observer epoch=477 qpc=1942190055524 seen=1
observer epoch=478 qpc=1942190065526 seen=1
observer epoch=479 qpc=1942190075531 seen=1
observer epoch=480 qpc=1942190085528 seen=1
observer epoch=481 qpc=1942190095534 seen=1
observer epoch=482 qpc=1942190105527 seen=1
observer epoch=483 qpc=1942190115523 seen=1
observer epoch=484 qpc=1942190125533 seen=1
observer epoch=485 qpc=1942190135529 seen=1
observer epoch=486 qpc=1942190145525 seen=1
observer epoch=487 qpc=1942190155526 seen=1
observer epoch=488 qpc=1942190165534 seen=1
observer epoch=489 qpc=1942190175528 seen=1
observer epoch=490 qpc=1942190185524 seen=1
observer epoch=491 qpc=1942190195531 seen=1
observer epoch=492 qpc=1942190205532 seen=1
observer epoch=493 qpc=1942190215527 seen=1
observer epoch=494 qpc=1942190225530 seen=1
observer epoch=495 qpc=1942190235533 seen=1
observer epoch=496 qpc=1942190245531 seen=1
observer epoch=497 qpc=1942190255524 seen=1
observer epoch=498 qpc=1942190265536 seen=1
observer epoch=499 qpc=1942190275528 seen=1
observer epoch=500 qpc=1942190285529 seen=1
observer epoch=501 qpc=1942190295537 seen=1
observer epoch=502 qpc=1942190305537 seen=1
observer epoch=503 qpc=1942190315525 seen=1
observer epoch=504 qpc=1942190325534 seen=1
observer epoch=505 qpc=1942190335526 seen=1
observer epoch=506 qpc=1942190345531 seen=1
observer epoch=507 qpc=1942190355526 seen=1
observer epoch=508 qpc=1942190365527 seen=1
observer epoch=509 qpc=1942190375530 seen=1
observer epoch=510 qpc=1942190385533 seen=1
observer epoch=511 qpc=1942190395533 seen=1
observer epoch=512 qpc=1942190405529 seen=1
observer epoch=513 qpc=1942190415531 seen=1
observer epoch=514 qpc=1942190425533 seen=1
observer epoch=515 qpc=1942190435525 seen=1
observer epoch=516 qpc=1942190445532 seen=1
observer epoch=517 qpc=1942190455533 seen=1
observer epoch=518 qpc=1942190465527 seen=1
observer epoch=519 qpc=1942190475528 seen=1
observer epoch=520 qpc=1942190485530 seen=1
observer epoch=521 qpc=1942190495534 seen=1
observer epoch=522 qpc=1942190505529 seen=1
observer epoch=523 qpc=1942190515528 seen=1
observer epoch=524 qpc=1942190525527 seen=1
observer epoch=525 qpc=1942190535524 seen=1
observer epoch=526 qpc=1942190545524 seen=1
observer epoch=527 qpc=1942190555531 seen=1
observer epoch=528 qpc=1942190565534 seen=1
observer epoch=529 qpc=1942190575527 seen=1
observer epoch=530 qpc=1942190585527 seen=1
observer epoch=531 qpc=1942190595528 seen=1
observer epoch=532 qpc=1942190605535 seen=1
observer epoch=533 qpc=1942190615529 seen=1
observer epoch=534 qpc=1942190625525 seen=1
observer epoch=535 qpc=1942190635531 seen=1
observer epoch=536 qpc=1942190645539 seen=1
observer epoch=537 qpc=1942190655535 seen=1
observer epoch=538 qpc=1942190665533 seen=1
observer epoch=539 qpc=1942190675539 seen=1
observer epoch=540 qpc=1942190685533 seen=1
observer epoch=541 qpc=1942190695539 seen=1
observer epoch=542 qpc=1942190705525 seen=1
observer epoch=543 qpc=1942190715528 seen=1
observer epoch=544 qpc=1942190725539 seen=1
observer epoch=545 qpc=1942190735535 seen=1
observer epoch=546 qpc=1942190745538 seen=1
observer epoch=547 qpc=1942190755531 seen=1
observer epoch=548 qpc=1942190765527 seen=1
observer epoch=549 qpc=1942190775525 seen=1
observer epoch=550 qpc=1942190785532 seen=1
observer epoch=551 qpc=1942190795527 seen=1
observer epoch=552 qpc=1942190805529 seen=1
observer epoch=553 qpc=1942190815529 seen=1
observer epoch=554 qpc=1942190825525 seen=1
observer epoch=555 qpc=1942190835524 seen=1
observer epoch=556 qpc=1942190845530 seen=1
observer epoch=557 qpc=1942190855532 seen=1
observer epoch=558 qpc=1942190865532 seen=1
observer epoch=559 qpc=1942190875532 seen=1
observer epoch=560 qpc=1942190885525 seen=1
observer epoch=561 qpc=1942190895526 seen=1
observer epoch=562 qpc=1942190905524 seen=1
observer epoch=563 qpc=1942190915528 seen=1
observer epoch=564 qpc=1942190925532 seen=1
observer epoch=565 qpc=1942190935531 seen=1
observer epoch=566 qpc=1942190945528 seen=1
observer epoch=567 qpc=1942190955524 seen=1
observer epoch=568 qpc=1942190965525 seen=1
observer epoch=569 qpc=1942190975529 seen=1
observer epoch=570 qpc=1942190985524 seen=1
observer epoch=571 qpc=1942190995525 seen=1
observer epoch=572 qpc=1942191005529 seen=1
observer epoch=573 qpc=1942191015523 seen=1
observer epoch=574 qpc=1942191025526 seen=1
observer epoch=575 qpc=1942191035535 seen=1
observer epoch=576 qpc=1942191045525 seen=1
observer epoch=577 qpc=1942191055533 seen=1
observer epoch=578 qpc=1942191065530 seen=1
observer epoch=579 qpc=1942191075525 seen=1
observer epoch=580 qpc=1942191085533 seen=1
observer epoch=581 qpc=1942191095527 seen=1
observer epoch=582 qpc=1942191105533 seen=1
observer epoch=583 qpc=1942191115527 seen=1
observer epoch=584 qpc=1942191125533 seen=1
observer epoch=585 qpc=1942191135527 seen=1
observer epoch=586 qpc=1942191145526 seen=1
observer epoch=587 qpc=1942191155531 seen=1
observer epoch=588 qpc=1942191165528 seen=1
observer epoch=589 qpc=1942191175526 seen=1
observer epoch=590 qpc=1942191185533 seen=1
observer epoch=591 qpc=1942191195529 seen=1
observer epoch=592 qpc=1942191205530 seen=1
observer epoch=593 qpc=1942191215531 seen=1
observer epoch=594 qpc=1942191225527 seen=1
observer epoch=595 qpc=1942191235532 seen=1
observer epoch=596 qpc=1942191245524 seen=1
observer epoch=597 qpc=1942191255529 seen=1
observer epoch=598 qpc=1942191265534 seen=1
observer epoch=599 qpc=1942191275525 seen=1
observer_summary first=201 published=1942187290831 start=1942185280523 frequency=10000000 phase_us=500
controller host_exit=0 observer_wait=0
