probe.c
Note: including file: C:\pcre-native-v3\x86-Release\pcre-4.1\pcre.h
Note: including file:  C:\Program Files (x86)\Microsoft Visual Studio 12.0\VC\INCLUDE\stdlib.h
Note: including file:   C:\Program Files (x86)\Microsoft Visual Studio 12.0\VC\INCLUDE\crtdefs.h
Note: including file:    C:\Program Files (x86)\Microsoft Visual Studio 12.0\VC\INCLUDE\sal.h
Note: including file:     C:\Program Files (x86)\Microsoft Visual Studio 12.0\VC\INCLUDE\ConcurrencySal.h
Note: including file:    C:\Program Files (x86)\Microsoft Visual Studio 12.0\VC\INCLUDE\vadefs.h
Note: including file:   C:\Program Files (x86)\Microsoft Visual Studio 12.0\VC\INCLUDE\limits.h
Note: including file:    C:\Program Files (x86)\Microsoft Visual Studio 12.0\VC\INCLUDE\crtdefs.h
Note: including file: C:\Program Files (x86)\Microsoft Visual Studio 12.0\VC\INCLUDE\stdio.h
Note: including file:  C:\Program Files (x86)\Microsoft Visual Studio 12.0\VC\INCLUDE\crtdefs.h
Note: including file:  C:\Program Files (x86)\Microsoft Visual Studio 12.0\VC\INCLUDE\swprintf.inl
Note: including file: C:\Program Files (x86)\Microsoft Visual Studio 12.0\VC\INCLUDE\string.h
Note: including file:  C:\Program Files (x86)\Microsoft Visual Studio 12.0\VC\INCLUDE\crtdefs.h
Note: including file: C:\pr-pcre18-revision2\results\source-Win32-Release\capacity.h
pcre.lib
C:\parser-integration-v3\Win32-Release\pcre.lib(1) : error C2059: syntax error : '!'
C:\parser-integration-v3\Win32-Release\pcre.lib(2) : error C2018: unknown character '0x60'
C:\parser-integration-v3\Win32-Release\pcre.lib(3) : error C2018: unknown character '0x12'
C:\parser-integration-v3\Win32-Release\pcre.lib(3) : error C2001: newline in constant
C:\parser-integration-v3\Win32-Release\pcre.lib(4) : error C2018: unknown character '0x60'
C:\parser-integration-v3\Win32-Release\pcre.lib(5) : error C2018: unknown character '0x5'
C:\parser-integration-v3\Win32-Release\pcre.lib(5) : error C2018: unknown character '0x12'
C:\parser-integration-v3\Win32-Release\pcre.lib(5) : error C2001: newline in constant
C:\parser-integration-v3\Win32-Release\pcre.lib(6) : error C2018: unknown character '0x60'
C:\parser-integration-v3\Win32-Release\pcre.lib(7) : error C2018: unknown character '0x1'
C:\parser-integration-v3\Win32-Release\pcre.lib(7) : error C2018: unknown character '0x1b'
C:\parser-integration-v3\Win32-Release\pcre.lib(8) : error C2018: unknown character '0x10'
C:\parser-integration-v3\Win32-Release\pcre.lib(8) : error C3872: '0x24': this character is not allowed in an identifier
C:\parser-integration-v3\Win32-Release\pcre.lib(8) : error C3872: '0xa0': this character is not allowed in an identifier
C:\parser-integration-v3\Win32-Release\pcre.lib(8) : error C2018: unknown character '0x40'
C:\parser-integration-v3\Win32-Release\pcre.lib(8) : error C2018: unknown character '0x1'
C:\parser-integration-v3\Win32-Release\pcre.lib(8) : error C2018: unknown character '0xe'
C:\parser-integration-v3\Win32-Release\pcre.lib(8) : error C2018: unknown character '0x14'
C:\parser-integration-v3\Win32-Release\pcre.lib(8) : error C2018: unknown character '0x15'
C:\parser-integration-v3\Win32-Release\pcre.lib(8) : error C2018: unknown character '0x11'
C:\parser-integration-v3\Win32-Release\pcre.lib(8) : error C2018: unknown character '0x12'
C:\parser-integration-v3\Win32-Release\pcre.lib(8) : error C2001: newline in constant
C:\parser-integration-v3\Win32-Release\pcre.lib(9) : error C2018: unknown character '0x12'
C:\parser-integration-v3\Win32-Release\pcre.lib(9) : error C2018: unknown character '0x40'
C:\parser-integration-v3\Win32-Release\pcre.lib(9) : error C2018: unknown character '0x10'
C:\parser-integration-v3\Win32-Release\pcre.lib(9) : error C2018: unknown character '0x19'
Generating Code...
