
Searching libraries
    Searching C:\Program Files (x86)\Microsoft Visual Studio 12.0\VC\lib\libcmtd.lib:
    Searching C:\Program Files (x86)\Microsoft Visual Studio 12.0\VC\lib\libcpmtd.lib:
    Searching C:\Program Files (x86)\Microsoft Visual Studio 12.0\VC\lib\oldnames.lib:
    Searching C:\Program Files (x86)\Windows Kits\8.1\Lib\winv6.3\um\x86\User32.Lib:
    Searching C:\Program Files (x86)\Windows Kits\8.1\Lib\winv6.3\um\x86\kernel32.Lib:
    Searching C:\client-next-build\src\external\3rd\library\miles\lib\win\Mss32.lib:
    Searching C:\Program Files (x86)\Microsoft Visual Studio 12.0\VC\lib\libcmtd.lib:
    Searching C:\Program Files (x86)\Microsoft Visual Studio 12.0\VC\lib\libcpmtd.lib:
    Searching C:\Program Files (x86)\Microsoft Visual Studio 12.0\VC\lib\oldnames.lib:
    Searching C:\Program Files (x86)\Windows Kits\8.1\Lib\winv6.3\um\x86\User32.Lib:
    Searching C:\Program Files (x86)\Windows Kits\8.1\Lib\winv6.3\um\x86\kernel32.Lib:

Finished searching libraries

Searching libraries
    Searching C:\Program Files (x86)\Microsoft Visual Studio 12.0\VC\lib\libcmtd.lib:
    Searching C:\Program Files (x86)\Microsoft Visual Studio 12.0\VC\lib\libcpmtd.lib:
    Searching C:\Program Files (x86)\Microsoft Visual Studio 12.0\VC\lib\oldnames.lib:
    Searching C:\Program Files (x86)\Windows Kits\8.1\Lib\winv6.3\um\x86\User32.Lib:
    Searching C:\Program Files (x86)\Windows Kits\8.1\Lib\winv6.3\um\x86\kernel32.Lib:
    Searching C:\client-next-build\src\external\3rd\library\miles\lib\win\Mss32.lib:

Finished searching libraries
