Build started 9/30/2026 9:41:34 AM.
     1>Project "R:\repo\src\build\win32\swg.sln" on node 1 (SwgClient target(s)).
     1>ValidateSolutionConfiguration:
         Building solution configuration "Debug|Win32".
     1>Project "R:\repo\src\build\win32\swg.sln" (1) is building "R:\repo\src\build\win32\..\..\game\client\application\SwgClient\build\win32\SwgClient.vcxproj.metaproj" (2) on node 1 (default targets).
     2>Project "R:\repo\src\build\win32\..\..\game\client\application\SwgClient\build\win32\SwgClient.vcxproj.metaproj" (2) is building "R:\repo\src\engine\shared\library\sharedRemoteDebugServer\build\win32\sharedRemoteDebugServer.vcxproj" (4) on node 2 (default targets).
     4>InitializeBuildStatus:
         Creating "..\..\..\..\..\..\compile\win32\sharedRemoteDebugServer\Debug\sharedRe.AFA9AD0A.tlog\unsuccessfulbuild" because "AlwaysCreate" was specified.
       ClCompile:
         All outputs are up-to-date.
         All outputs are up-to-date.
       Lib:
         All outputs are up-to-date.
         sharedRemoteDebugServer.vcxproj -> R:\repo\src\engine\shared\library\sharedRemoteDebugServer\build\win32\..\..\..\..\..\..\compile\win32\sharedRemoteDebugServer\Debug\sharedRemoteDebugServer.lib
       FinalizeBuildStatus:
         Deleting file "..\..\..\..\..\..\compile\win32\sharedRemoteDebugServer\Debug\sharedRe.AFA9AD0A.tlog\unsuccessfulbuild".
         Touching "..\..\..\..\..\..\compile\win32\sharedRemoteDebugServer\Debug\sharedRe.AFA9AD0A.tlog\sharedRemoteDebugServer.lastbuildstate".
     4>Done Building Project "R:\repo\src\engine\shared\library\sharedRemoteDebugServer\build\win32\sharedRemoteDebugServer.vcxproj" (default targets).
     2>Project "R:\repo\src\build\win32\..\..\game\client\application\SwgClient\build\win32\SwgClient.vcxproj.metaproj" (2) is building "R:\repo\src\external\3rd\library\ui\build\win32\ui.vcxproj" (5) on node 2 (default targets).
     5>InitializeBuildStatus:
         Creating ".\..\..\..\..\..\..\compile\win32\ui\Debug\ui.tlog\unsuccessfulbuild" because "AlwaysCreate" was specified.
     2>Project "R:\repo\src\build\win32\..\..\game\client\application\SwgClient\build\win32\SwgClient.vcxproj.metaproj" (2) is building "R:\repo\src\game\client\library\swgClientUserInterface\build\win32\swgClientUserInterface.vcxproj" (3) on node 1 (default targets).
     3>InitializeBuildStatus:
         Creating "..\..\..\..\..\..\compile\win32\swgClientUserInterface\Debug\swgClien.EAA23F07.tlog\unsuccessfulbuild" because "AlwaysCreate" was specified.
     5>ClCompile:
         All outputs are up-to-date.
         All outputs are up-to-date.
       Lib:
         All outputs are up-to-date.
         ui.vcxproj -> R:\repo\src\external\3rd\library\ui\build\win32\.\..\..\..\..\..\..\compile\win32\ui\Debug\ui.lib
       FinalizeBuildStatus:
         Deleting file ".\..\..\..\..\..\..\compile\win32\ui\Debug\ui.tlog\unsuccessfulbuild".
         Touching ".\..\..\..\..\..\..\compile\win32\ui\Debug\ui.tlog\ui.lastbuildstate".
     5>Done Building Project "R:\repo\src\external\3rd\library\ui\build\win32\ui.vcxproj" (default targets).
     2>Project "R:\repo\src\build\win32\..\..\game\client\application\SwgClient\build\win32\SwgClient.vcxproj.metaproj" (2) is building "R:\repo\src\engine\shared\library\sharedFoundation\build\win32\sharedFoundation.vcxproj" (6) on node 2 (default targets).
     6>InitializeBuildStatus:
         Creating "..\..\..\..\..\..\compile\win32\sharedFoundation\Debug\sharedFoundation.tlog\unsuccessfulbuild" because "AlwaysCreate" was specified.
       ClCompile:
         All outputs are up-to-date.
         All outputs are up-to-date.
       Lib:
         All outputs are up-to-date.
         sharedFoundation.vcxproj -> R:\repo\src\engine\shared\library\sharedFoundation\build\win32\..\..\..\..\..\..\compile\win32\sharedFoundation\Debug\sharedFoundation.lib
       FinalizeBuildStatus:
         Deleting file "..\..\..\..\..\..\compile\win32\sharedFoundation\Debug\sharedFoundation.tlog\unsuccessfulbuild".
         Touching "..\..\..\..\..\..\compile\win32\sharedFoundation\Debug\sharedFoundation.tlog\sharedFoundation.lastbuildstate".
     6>Done Building Project "R:\repo\src\engine\shared\library\sharedFoundation\build\win32\sharedFoundation.vcxproj" (default targets).
     2>Project "R:\repo\src\build\win32\..\..\game\client\application\SwgClient\build\win32\SwgClient.vcxproj.metaproj" (2) is building "R:\repo\src\engine\shared\library\sharedUtility\build\win32\sharedUtility.vcxproj" (7) on node 2 (default targets).
     7>InitializeBuildStatus:
         Creating "..\..\..\..\..\..\compile\win32\sharedUtility\Debug\sharedUtility.tlog\unsuccessfulbuild" because "AlwaysCreate" was specified.
       ClCompile:
         All outputs are up-to-date.
         All outputs are up-to-date.
       Lib:
         All outputs are up-to-date.
     3>ClCompile:
         All outputs are up-to-date.
     7>Lib:
         sharedUtility.vcxproj -> R:\repo\src\engine\shared\library\sharedUtility\build\win32\..\..\..\..\..\..\compile\win32\sharedUtility\Debug\sharedUtility.lib
       FinalizeBuildStatus:
         Deleting file "..\..\..\..\..\..\compile\win32\sharedUtility\Debug\sharedUtility.tlog\unsuccessfulbuild".
         Touching "..\..\..\..\..\..\compile\win32\sharedUtility\Debug\sharedUtility.tlog\sharedUtility.lastbuildstate".
     7>Done Building Project "R:\repo\src\engine\shared\library\sharedUtility\build\win32\sharedUtility.vcxproj" (default targets).
     2>Project "R:\repo\src\build\win32\..\..\game\client\application\SwgClient\build\win32\SwgClient.vcxproj.metaproj" (2) is building "R:\repo\src\engine\shared\library\sharedCollision\build\win32\sharedCollision.vcxproj" (8) on node 2 (default targets).
     8>InitializeBuildStatus:
         Creating "..\..\..\..\..\..\compile\win32\sharedCollision\Debug\sharedCollision.tlog\unsuccessfulbuild" because "AlwaysCreate" was specified.
       ClCompile:
         All outputs are up-to-date.
     3>ClCompile:
         All outputs are up-to-date.
     8>ClCompile:
         All outputs are up-to-date.
       Lib:
         All outputs are up-to-date.
         sharedCollision.vcxproj -> R:\repo\src\engine\shared\library\sharedCollision\build\win32\..\..\..\..\..\..\compile\win32\sharedCollision\Debug\sharedCollision.lib
       FinalizeBuildStatus:
         Deleting file "..\..\..\..\..\..\compile\win32\sharedCollision\Debug\sharedCollision.tlog\unsuccessfulbuild".
         Touching "..\..\..\..\..\..\compile\win32\sharedCollision\Debug\sharedCollision.tlog\sharedCollision.lastbuildstate".
     8>Done Building Project "R:\repo\src\engine\shared\library\sharedCollision\build\win32\sharedCollision.vcxproj" (default targets).
     3>Lib:
         All outputs are up-to-date.
     2>Project "R:\repo\src\build\win32\..\..\game\client\application\SwgClient\build\win32\SwgClient.vcxproj.metaproj" (2) is building "R:\repo\src\engine\client\library\clientGame\build\win32\clientGame.vcxproj" (9) on node 2 (default targets).
     9>InitializeBuildStatus:
         Creating "..\..\..\..\..\..\compile\win32\clientGame\Debug\clientGame.tlog\unsuccessfulbuild" because "AlwaysCreate" was specified.
     3>Lib:
         swgClientUserInterface.vcxproj -> R:\repo\src\game\client\library\swgClientUserInterface\build\win32\..\..\..\..\..\..\compile\win32\swgClientUserInterface\Debug\swgClientUserInterface.lib
       FinalizeBuildStatus:
         Deleting file "..\..\..\..\..\..\compile\win32\swgClientUserInterface\Debug\swgClien.EAA23F07.tlog\unsuccessfulbuild".
         Touching "..\..\..\..\..\..\compile\win32\swgClientUserInterface\Debug\swgClien.EAA23F07.tlog\swgClientUserInterface.lastbuildstate".
     3>Done Building Project "R:\repo\src\game\client\library\swgClientUserInterface\build\win32\swgClientUserInterface.vcxproj" (default targets).
     2>Project "R:\repo\src\build\win32\..\..\game\client\application\SwgClient\build\win32\SwgClient.vcxproj.metaproj" (2) is building "R:\repo\src\external\3rd\library\zlib-1.2.3\zlib.vcxproj" (10) on node 1 (default targets).
    10>InitializeBuildStatus:
         Creating "..\..\..\..\..\..\compile\win32\zlib\Debug\zlib.tlog\unsuccessfulbuild" because "AlwaysCreate" was specified.
       ClCompile:
         All outputs are up-to-date.
       Lib:
         All outputs are up-to-date.
         zlib.vcxproj -> R:\repo\src\external\3rd\library\zlib-1.2.3\..\..\..\..\..\..\compile\win32\zlib\Debug\zlib.lib
       FinalizeBuildStatus:
         Deleting file "..\..\..\..\..\..\compile\win32\zlib\Debug\zlib.tlog\unsuccessfulbuild".
         Touching "..\..\..\..\..\..\compile\win32\zlib\Debug\zlib.tlog\zlib.lastbuildstate".
    10>Done Building Project "R:\repo\src\external\3rd\library\zlib-1.2.3\zlib.vcxproj" (default targets).
     2>Project "R:\repo\src\build\win32\..\..\game\client\application\SwgClient\build\win32\SwgClient.vcxproj.metaproj" (2) is building "R:\repo\src\engine\shared\library\sharedFile\build\win32\sharedFile.vcxproj" (11) on node 1 (default targets).
    11>InitializeBuildStatus:
         Creating "..\..\..\..\..\..\compile\win32\sharedFile\Debug\sharedFile.tlog\unsuccessfulbuild" because "AlwaysCreate" was specified.
       ClCompile:
         All outputs are up-to-date.
         All outputs are up-to-date.
       Lib:
         All outputs are up-to-date.
         sharedFile.vcxproj -> R:\repo\src\engine\shared\library\sharedFile\build\win32\..\..\..\..\..\..\compile\win32\sharedFile\Debug\sharedFile.lib
       FinalizeBuildStatus:
         Deleting file "..\..\..\..\..\..\compile\win32\sharedFile\Debug\sharedFile.tlog\unsuccessfulbuild".
         Touching "..\..\..\..\..\..\compile\win32\sharedFile\Debug\sharedFile.tlog\sharedFile.lastbuildstate".
    11>Done Building Project "R:\repo\src\engine\shared\library\sharedFile\build\win32\sharedFile.vcxproj" (default targets).
     2>Project "R:\repo\src\build\win32\..\..\game\client\application\SwgClient\build\win32\SwgClient.vcxproj.metaproj" (2) is building "R:\repo\src\engine\shared\library\sharedMemoryManager\build\win32\sharedMemoryManager.vcxproj" (12) on node 1 (default targets).
    12>InitializeBuildStatus:
         Creating "..\..\..\..\..\..\compile\win32\sharedMemoryManager\Debug\sharedMe.DC2CD926.tlog\unsuccessfulbuild" because "AlwaysCreate" was specified.
       ClCompile:
         All outputs are up-to-date.
         All outputs are up-to-date.
       Lib:
         All outputs are up-to-date.
     9>ClCompile:
         All outputs are up-to-date.
    12>Lib:
         sharedMemoryManager.vcxproj -> R:\repo\src\engine\shared\library\sharedMemoryManager\build\win32\..\..\..\..\..\..\compile\win32\sharedMemoryManager\Debug\sharedMemoryManager.lib
       FinalizeBuildStatus:
         Deleting file "..\..\..\..\..\..\compile\win32\sharedMemoryManager\Debug\sharedMe.DC2CD926.tlog\unsuccessfulbuild".
         Touching "..\..\..\..\..\..\compile\win32\sharedMemoryManager\Debug\sharedMe.DC2CD926.tlog\sharedMemoryManager.lastbuildstate".
    12>Done Building Project "R:\repo\src\engine\shared\library\sharedMemoryManager\build\win32\sharedMemoryManager.vcxproj" (default targets).
     2>Project "R:\repo\src\build\win32\..\..\game\client\application\SwgClient\build\win32\SwgClient.vcxproj.metaproj" (2) is building "R:\repo\src\engine\shared\library\sharedDebug\build\win32\sharedDebug.vcxproj" (13) on node 1 (default targets).
    13>InitializeBuildStatus:
         Creating "..\..\..\..\..\..\compile\win32\sharedDebug\Debug\sharedDebug.tlog\unsuccessfulbuild" because "AlwaysCreate" was specified.
       ClCompile:
         All outputs are up-to-date.
         All outputs are up-to-date.
       Lib:
         All outputs are up-to-date.
         sharedDebug.vcxproj -> R:\repo\src\engine\shared\library\sharedDebug\build\win32\..\..\..\..\..\..\compile\win32\sharedDebug\Debug\sharedDebug.lib
       FinalizeBuildStatus:
         Deleting file "..\..\..\..\..\..\compile\win32\sharedDebug\Debug\sharedDebug.tlog\unsuccessfulbuild".
         Touching "..\..\..\..\..\..\compile\win32\sharedDebug\Debug\sharedDebug.tlog\sharedDebug.lastbuildstate".
    13>Done Building Project "R:\repo\src\engine\shared\library\sharedDebug\build\win32\sharedDebug.vcxproj" (default targets).
     9>ClCompile:
         All outputs are up-to-date.
     2>Project "R:\repo\src\build\win32\..\..\game\client\application\SwgClient\build\win32\SwgClient.vcxproj.metaproj" (2) is building "R:\repo\src\engine\shared\library\sharedCompression\build\win32\sharedCompression.vcxproj" (14) on node 1 (default targets).
    14>InitializeBuildStatus:
         Creating "..\..\..\..\..\..\compile\win32\sharedCompression\Debug\sharedCo.6BD52B35.tlog\unsuccessfulbuild" because "AlwaysCreate" was specified.
       ClCompile:
         All outputs are up-to-date.
         All outputs are up-to-date.
       Lib:
         All outputs are up-to-date.
         sharedCompression.vcxproj -> R:\repo\src\engine\shared\library\sharedCompression\build\win32\..\..\..\..\..\..\compile\win32\sharedCompression\Debug\sharedCompression.lib
       FinalizeBuildStatus:
         Deleting file "..\..\..\..\..\..\compile\win32\sharedCompression\Debug\sharedCo.6BD52B35.tlog\unsuccessfulbuild".
         Touching "..\..\..\..\..\..\compile\win32\sharedCompression\Debug\sharedCo.6BD52B35.tlog\sharedCompression.lastbuildstate".
    14>Done Building Project "R:\repo\src\engine\shared\library\sharedCompression\build\win32\sharedCompression.vcxproj" (default targets).
     9>Lib:
         All outputs are up-to-date.
     2>Project "R:\repo\src\build\win32\..\..\game\client\application\SwgClient\build\win32\SwgClient.vcxproj.metaproj" (2) is building "R:\repo\src\engine\shared\library\sharedTerrain\build\win32\sharedTerrain.vcxproj" (15) on node 1 (default targets).
    15>InitializeBuildStatus:
         Creating "..\..\..\..\..\..\compile\win32\sharedTerrain\Debug\sharedTerrain.tlog\unsuccessfulbuild" because "AlwaysCreate" was specified.
     9>Lib:
         clientGame.vcxproj -> R:\repo\src\engine\client\library\clientGame\build\win32\..\..\..\..\..\..\compile\win32\clientGame\Debug\clientGame.lib
       FinalizeBuildStatus:
         Deleting file "..\..\..\..\..\..\compile\win32\clientGame\Debug\clientGame.tlog\unsuccessfulbuild".
         Touching "..\..\..\..\..\..\compile\win32\clientGame\Debug\clientGame.tlog\clientGame.lastbuildstate".
     9>Done Building Project "R:\repo\src\engine\client\library\clientGame\build\win32\clientGame.vcxproj" (default targets).
    15>ClCompile:
         All outputs are up-to-date.
     2>Project "R:\repo\src\build\win32\..\..\game\client\application\SwgClient\build\win32\SwgClient.vcxproj.metaproj" (2) is building "R:\repo\src\engine\client\library\clientObject\build\win32\clientObject.vcxproj" (16) on node 2 (default targets).
    16>InitializeBuildStatus:
         Creating "..\..\..\..\..\..\compile\win32\clientObject\Debug\clientObject.tlog\unsuccessfulbuild" because "AlwaysCreate" was specified.
    15>ClCompile:
         All outputs are up-to-date.
    16>ClCompile:
         All outputs are up-to-date.
    15>Lib:
         All outputs are up-to-date.
         sharedTerrain.vcxproj -> R:\repo\src\engine\shared\library\sharedTerrain\build\win32\..\..\..\..\..\..\compile\win32\sharedTerrain\Debug\sharedTerrain.lib
       FinalizeBuildStatus:
         Deleting file "..\..\..\..\..\..\compile\win32\sharedTerrain\Debug\sharedTerrain.tlog\unsuccessfulbuild".
         Touching "..\..\..\..\..\..\compile\win32\sharedTerrain\Debug\sharedTerrain.tlog\sharedTerrain.lastbuildstate".
    15>Done Building Project "R:\repo\src\engine\shared\library\sharedTerrain\build\win32\sharedTerrain.vcxproj" (default targets).
    16>ClCompile:
         All outputs are up-to-date.
     2>Project "R:\repo\src\build\win32\..\..\game\client\application\SwgClient\build\win32\SwgClient.vcxproj.metaproj" (2) is building "R:\repo\src\external\ours\library\crypto\build\win32\crypto.vcxproj" (17) on node 1 (default targets).
    17>InitializeBuildStatus:
         Creating "..\..\..\..\..\..\compile\win32\crypto\Debug\crypto.tlog\unsuccessfulbuild" because "AlwaysCreate" was specified.
    16>Lib:
         All outputs are up-to-date.
         clientObject.vcxproj -> R:\repo\src\engine\client\library\clientObject\build\win32\..\..\..\..\..\..\compile\win32\clientObject\Debug\clientObject.lib
    17>ClCompile:
         All outputs are up-to-date.
    16>FinalizeBuildStatus:
         Deleting file "..\..\..\..\..\..\compile\win32\clientObject\Debug\clientObject.tlog\unsuccessfulbuild".
         Touching "..\..\..\..\..\..\compile\win32\clientObject\Debug\clientObject.tlog\clientObject.lastbuildstate".
    16>Done Building Project "R:\repo\src\engine\client\library\clientObject\build\win32\clientObject.vcxproj" (default targets).
    17>ClCompile:
         All outputs are up-to-date.
     2>Project "R:\repo\src\build\win32\..\..\game\client\application\SwgClient\build\win32\SwgClient.vcxproj.metaproj" (2) is building "R:\repo\src\engine\shared\library\sharedFoundationTypes\build\win32\sharedFoundationTypes.vcxproj" (18) on node 2 (default targets).
    18>InitializeBuildStatus:
         Creating "..\..\..\..\..\..\compile\win32\sharedFoundationTypes\Debug\sharedFo.D6CC353F.tlog\unsuccessfulbuild" because "AlwaysCreate" was specified.
       FinalizeBuildStatus:
         Deleting file "..\..\..\..\..\..\compile\win32\sharedFoundationTypes\Debug\sharedFo.D6CC353F.tlog\unsuccessfulbuild".
         Touching "..\..\..\..\..\..\compile\win32\sharedFoundationTypes\Debug\sharedFo.D6CC353F.tlog\sharedFoundationTypes.lastbuildstate".
    18>Done Building Project "R:\repo\src\engine\shared\library\sharedFoundationTypes\build\win32\sharedFoundationTypes.vcxproj" (default targets).
    17>Lib:
         All outputs are up-to-date.
         crypto.vcxproj -> R:\repo\src\external\ours\library\crypto\build\win32\..\..\..\..\..\..\compile\win32\crypto\Debug\crypto.lib
       FinalizeBuildStatus:
         Deleting file "..\..\..\..\..\..\compile\win32\crypto\Debug\crypto.tlog\unsuccessfulbuild".
         Touching "..\..\..\..\..\..\compile\win32\crypto\Debug\crypto.tlog\crypto.lastbuildstate".
    17>Done Building Project "R:\repo\src\external\ours\library\crypto\build\win32\crypto.vcxproj" (default targets).
     2>Project "R:\repo\src\build\win32\..\..\game\client\application\SwgClient\build\win32\SwgClient.vcxproj.metaproj" (2) is building "R:\repo\src\engine\client\library\clientSkeletalAnimation\build\win32\clientSkeletalAnimation.vcxproj" (19) on node 2 (default targets).
    19>InitializeBuildStatus:
         Creating "..\..\..\..\..\..\compile\win32\clientSkeletalAnimation\Debug\clientSk.66BCFD48.tlog\unsuccessfulbuild" because "AlwaysCreate" was specified.
     2>Project "R:\repo\src\build\win32\..\..\game\client\application\SwgClient\build\win32\SwgClient.vcxproj.metaproj" (2) is building "R:\repo\src\engine\client\library\clientUserInterface\build\win32\clientUserInterface.vcxproj" (20) on node 1 (default targets).
    20>InitializeBuildStatus:
         Creating "..\..\..\..\..\..\compile\win32\clientUserInterface\Debug\clientUs.92605A4D.tlog\unsuccessfulbuild" because "AlwaysCreate" was specified.
    19>ClCompile:
         All outputs are up-to-date.
         All outputs are up-to-date.
    20>ClCompile:
         All outputs are up-to-date.
    19>Lib:
         All outputs are up-to-date.
         clientSkeletalAnimation.vcxproj -> R:\repo\src\engine\client\library\clientSkeletalAnimation\build\win32\..\..\..\..\..\..\compile\win32\clientSkeletalAnimation\Debug\clientSkeletalAnimation.lib
       FinalizeBuildStatus:
         Deleting file "..\..\..\..\..\..\compile\win32\clientSkeletalAnimation\Debug\clientSk.66BCFD48.tlog\unsuccessfulbuild".
         Touching "..\..\..\..\..\..\compile\win32\clientSkeletalAnimation\Debug\clientSk.66BCFD48.tlog\clientSkeletalAnimation.lastbuildstate".
    19>Done Building Project "R:\repo\src\engine\client\library\clientSkeletalAnimation\build\win32\clientSkeletalAnimation.vcxproj" (default targets).
    20>ClCompile:
         All outputs are up-to-date.
     2>Project "R:\repo\src\build\win32\..\..\game\client\application\SwgClient\build\win32\SwgClient.vcxproj.metaproj" (2) is building "R:\repo\src\engine\shared\library\sharedInputMap\build\win32\sharedInputMap.vcxproj" (21) on node 2 (default targets).
    21>InitializeBuildStatus:
         Creating "..\..\..\..\..\..\compile\win32\sharedInputMap\Debug\sharedInputMap.tlog\unsuccessfulbuild" because "AlwaysCreate" was specified.
       ClCompile:
         All outputs are up-to-date.
         All outputs are up-to-date.
    20>Lib:
         All outputs are up-to-date.
    21>Lib:
         All outputs are up-to-date.
    20>Lib:
         clientUserInterface.vcxproj -> R:\repo\src\engine\client\library\clientUserInterface\build\win32\..\..\..\..\..\..\compile\win32\clientUserInterface\Debug\clientUserInterface.lib
       FinalizeBuildStatus:
         Deleting file "..\..\..\..\..\..\compile\win32\clientUserInterface\Debug\clientUs.92605A4D.tlog\unsuccessfulbuild".
         Touching "..\..\..\..\..\..\compile\win32\clientUserInterface\Debug\clientUs.92605A4D.tlog\clientUserInterface.lastbuildstate".
    20>Done Building Project "R:\repo\src\engine\client\library\clientUserInterface\build\win32\clientUserInterface.vcxproj" (default targets).
    21>Lib:
         sharedInputMap.vcxproj -> R:\repo\src\engine\shared\library\sharedInputMap\build\win32\..\..\..\..\..\..\compile\win32\sharedInputMap\Debug\sharedInputMap.lib
       FinalizeBuildStatus:
         Deleting file "..\..\..\..\..\..\compile\win32\sharedInputMap\Debug\sharedInputMap.tlog\unsuccessfulbuild".
         Touching "..\..\..\..\..\..\compile\win32\sharedInputMap\Debug\sharedInputMap.tlog\sharedInputMap.lastbuildstate".
    21>Done Building Project "R:\repo\src\engine\shared\library\sharedInputMap\build\win32\sharedInputMap.vcxproj" (default targets).
     2>Project "R:\repo\src\build\win32\..\..\game\client\application\SwgClient\build\win32\SwgClient.vcxproj.metaproj" (2) is building "R:\repo\src\external\ours\library\unicodeArchive\build\win32\unicodeArchive.vcxproj" (22) on node 1 (default targets).
    22>InitializeBuildStatus:
         Creating "..\..\..\..\..\..\compile\win32\unicodeArchive\Debug\unicodeArchive.tlog\unsuccessfulbuild" because "AlwaysCreate" was specified.
       ClCompile:
         All outputs are up-to-date.
     2>Project "R:\repo\src\build\win32\..\..\game\client\application\SwgClient\build\win32\SwgClient.vcxproj.metaproj" (2) is building "R:\repo\src\engine\shared\library\sharedFractal\build\win32\sharedFractal.vcxproj" (23) on node 2 (default targets).
    23>InitializeBuildStatus:
         Creating "..\..\..\..\..\..\compile\win32\sharedFractal\Debug\sharedFractal.tlog\unsuccessfulbuild" because "AlwaysCreate" was specified.
    22>ClCompile:
         All outputs are up-to-date.
    23>ClCompile:
         All outputs are up-to-date.
         All outputs are up-to-date.
    22>Lib:
         All outputs are up-to-date.
         unicodeArchive.vcxproj -> R:\repo\src\external\ours\library\unicodeArchive\build\win32\..\..\..\..\..\..\compile\win32\unicodeArchive\Debug\unicodeArchive.lib
       FinalizeBuildStatus:
         Deleting file "..\..\..\..\..\..\compile\win32\unicodeArchive\Debug\unicodeArchive.tlog\unsuccessfulbuild".
         Touching "..\..\..\..\..\..\compile\win32\unicodeArchive\Debug\unicodeArchive.tlog\unicodeArchive.lastbuildstate".
    22>Done Building Project "R:\repo\src\external\ours\library\unicodeArchive\build\win32\unicodeArchive.vcxproj" (default targets).
    23>Lib:
         All outputs are up-to-date.
         sharedFractal.vcxproj -> R:\repo\src\engine\shared\library\sharedFractal\build\win32\..\..\..\..\..\..\compile\win32\sharedFractal\Debug\sharedFractal.lib
       FinalizeBuildStatus:
         Deleting file "..\..\..\..\..\..\compile\win32\sharedFractal\Debug\sharedFractal.tlog\unsuccessfulbuild".
         Touching "..\..\..\..\..\..\compile\win32\sharedFractal\Debug\sharedFractal.tlog\sharedFractal.lastbuildstate".
    23>Done Building Project "R:\repo\src\engine\shared\library\sharedFractal\build\win32\sharedFractal.vcxproj" (default targets).
     2>Project "R:\repo\src\build\win32\..\..\game\client\application\SwgClient\build\win32\SwgClient.vcxproj.metaproj" (2) is building "R:\repo\src\external\3rd\library\libEverQuestTCG\build\win32\libEverQuestTCG.vcxproj" (24) on node 1 (default targets).
    24>InitializeBuildStatus:
         Creating "..\..\..\..\..\..\compile\win32\libEverQuestTCG\Debug\libEverQuestTCG.tlog\unsuccessfulbuild" because "AlwaysCreate" was specified.
       ClCompile:
         All outputs are up-to-date.
     2>Project "R:\repo\src\build\win32\..\..\game\client\application\SwgClient\build\win32\SwgClient.vcxproj.metaproj" (2) is building "R:\repo\src\engine\client\library\clientAudio\build\win32\clientAudio.vcxproj" (25) on node 2 (default targets).
    25>InitializeBuildStatus:
         Creating "..\..\..\..\..\..\compile\win32\clientAudio\Debug\clientAudio.tlog\unsuccessfulbuild" because "AlwaysCreate" was specified.
    24>Lib:
         All outputs are up-to-date.
    25>ClCompile:
         All outputs are up-to-date.
    24>Lib:
         libEverQuestTCG.vcxproj -> R:\repo\src\external\3rd\library\libEverQuestTCG\build\win32\..\..\..\..\..\..\compile\win32\libEverQuestTCG\Debug\libEverQuestTCG.lib
       FinalizeBuildStatus:
         Deleting file "..\..\..\..\..\..\compile\win32\libEverQuestTCG\Debug\libEverQuestTCG.tlog\unsuccessfulbuild".
         Touching "..\..\..\..\..\..\compile\win32\libEverQuestTCG\Debug\libEverQuestTCG.tlog\libEverQuestTCG.lastbuildstate".
    24>Done Building Project "R:\repo\src\external\3rd\library\libEverQuestTCG\build\win32\libEverQuestTCG.vcxproj" (default targets).
    25>ClCompile:
         All outputs are up-to-date.
     2>Project "R:\repo\src\build\win32\..\..\game\client\application\SwgClient\build\win32\SwgClient.vcxproj.metaproj" (2) is building "R:\repo\src\external\3rd\library\udplibrary\udplibrary.vcxproj" (26) on node 1 (default targets).
    26>InitializeBuildStatus:
         Creating ".\..\..\..\..\compile\win32\udplibrary\Debug\udplibrary.tlog\unsuccessfulbuild" because "AlwaysCreate" was specified.
       ClCompile:
         All outputs are up-to-date.
    25>Lib:
         All outputs are up-to-date.
         clientAudio.vcxproj -> R:\repo\src\engine\client\library\clientAudio\build\win32\..\..\..\..\..\..\compile\win32\clientAudio\Debug\clientAudio.lib
       FinalizeBuildStatus:
         Deleting file "..\..\..\..\..\..\compile\win32\clientAudio\Debug\clientAudio.tlog\unsuccessfulbuild".
         Touching "..\..\..\..\..\..\compile\win32\clientAudio\Debug\clientAudio.tlog\clientAudio.lastbuildstate".
    25>Done Building Project "R:\repo\src\engine\client\library\clientAudio\build\win32\clientAudio.vcxproj" (default targets).
    26>Lib:
         All outputs are up-to-date.
         udplibrary.vcxproj -> R:\repo\src\external\3rd\library\udplibrary\.\..\..\..\..\compile\win32\udplibrary\Debug\udplibrary.lib
       FinalizeBuildStatus:
         Deleting file ".\..\..\..\..\compile\win32\udplibrary\Debug\udplibrary.tlog\unsuccessfulbuild".
         Touching ".\..\..\..\..\compile\win32\udplibrary\Debug\udplibrary.tlog\udplibrary.lastbuildstate".
    26>Done Building Project "R:\repo\src\external\3rd\library\udplibrary\udplibrary.vcxproj" (default targets).
     2>Project "R:\repo\src\build\win32\..\..\game\client\application\SwgClient\build\win32\SwgClient.vcxproj.metaproj" (2) is building "R:\repo\src\engine\shared\library\sharedPathfinding\build\win32\sharedPathfinding.vcxproj" (27) on node 2 (default targets).
    27>InitializeBuildStatus:
         Creating "..\..\..\..\..\..\compile\win32\sharedPathfinding\Debug\sharedPa.7D707A5A.tlog\unsuccessfulbuild" because "AlwaysCreate" was specified.
     2>Project "R:\repo\src\build\win32\..\..\game\client\application\SwgClient\build\win32\SwgClient.vcxproj.metaproj" (2) is building "R:\repo\src\engine\shared\library\sharedGame\build\win32\sharedGame.vcxproj" (28) on node 1 (default targets).
    28>InitializeBuildStatus:
         Creating "..\..\..\..\..\..\compile\win32\sharedGame\Debug\sharedGame.tlog\unsuccessfulbuild" because "AlwaysCreate" was specified.
    27>ClCompile:
         All outputs are up-to-date.
         All outputs are up-to-date.
       Lib:
         All outputs are up-to-date.
         sharedPathfinding.vcxproj -> R:\repo\src\engine\shared\library\sharedPathfinding\build\win32\..\..\..\..\..\..\compile\win32\sharedPathfinding\Debug\sharedPathfinding.lib
       FinalizeBuildStatus:
         Deleting file "..\..\..\..\..\..\compile\win32\sharedPathfinding\Debug\sharedPa.7D707A5A.tlog\unsuccessfulbuild".
         Touching "..\..\..\..\..\..\compile\win32\sharedPathfinding\Debug\sharedPa.7D707A5A.tlog\sharedPathfinding.lastbuildstate".
    27>Done Building Project "R:\repo\src\engine\shared\library\sharedPathfinding\build\win32\sharedPathfinding.vcxproj" (default targets).
    28>ClCompile:
         All outputs are up-to-date.
     2>Project "R:\repo\src\build\win32\..\..\game\client\application\SwgClient\build\win32\SwgClient.vcxproj.metaproj" (2) is building "R:\repo\src\engine\shared\library\sharedNetworkMessages\build\win32\sharedNetworkMessages.vcxproj" (29) on node 2 (default targets).
    29>InitializeBuildStatus:
         Creating "..\..\..\..\..\..\compile\win32\sharedNetworkMessages\Debug\sharedNe.DECF2964.tlog\unsuccessfulbuild" because "AlwaysCreate" was specified.
    28>ClCompile:
         All outputs are up-to-date.
       Lib:
         All outputs are up-to-date.
         sharedGame.vcxproj -> R:\repo\src\engine\shared\library\sharedGame\build\win32\..\..\..\..\..\..\compile\win32\sharedGame\Debug\sharedGame.lib
       FinalizeBuildStatus:
         Deleting file "..\..\..\..\..\..\compile\win32\sharedGame\Debug\sharedGame.tlog\unsuccessfulbuild".
         Touching "..\..\..\..\..\..\compile\win32\sharedGame\Debug\sharedGame.tlog\sharedGame.lastbuildstate".
    28>Done Building Project "R:\repo\src\engine\shared\library\sharedGame\build\win32\sharedGame.vcxproj" (default targets).
     2>Project "R:\repo\src\build\win32\..\..\game\client\application\SwgClient\build\win32\SwgClient.vcxproj.metaproj" (2) is building "R:\repo\src\external\ours\library\archive\build\win32\archive.vcxproj" (30) on node 1 (default targets).
    30>InitializeBuildStatus:
         Creating "..\..\..\..\..\..\compile\win32\archive\Debug\archive.tlog\unsuccessfulbuild" because "AlwaysCreate" was specified.
       ClCompile:
         All outputs are up-to-date.
         All outputs are up-to-date.
       Lib:
         All outputs are up-to-date.
         archive.vcxproj -> R:\repo\src\external\ours\library\archive\build\win32\..\..\..\..\..\..\compile\win32\archive\Debug\archive.lib
       FinalizeBuildStatus:
         Deleting file "..\..\..\..\..\..\compile\win32\archive\Debug\archive.tlog\unsuccessfulbuild".
         Touching "..\..\..\..\..\..\compile\win32\archive\Debug\archive.tlog\archive.lastbuildstate".
    30>Done Building Project "R:\repo\src\external\ours\library\archive\build\win32\archive.vcxproj" (default targets).
     2>Project "R:\repo\src\build\win32\..\..\game\client\application\SwgClient\build\win32\SwgClient.vcxproj.metaproj" (2) is building "R:\repo\src\external\ours\library\fileInterface\build\win32\fileInterface.vcxproj" (31) on node 1 (default targets).
    31>InitializeBuildStatus:
         Creating "..\..\..\..\..\..\compile\win32\fileInterface\Debug\fileInterface.tlog\unsuccessfulbuild" because "AlwaysCreate" was specified.
       ClCompile:
         All outputs are up-to-date.
    29>ClCompile:
         All outputs are up-to-date.
    31>ClCompile:
         All outputs are up-to-date.
       Lib:
         All outputs are up-to-date.
         fileInterface.vcxproj -> R:\repo\src\external\ours\library\fileInterface\build\win32\..\..\..\..\..\..\compile\win32\fileInterface\Debug\fileInterface.lib
       FinalizeBuildStatus:
         Deleting file "..\..\..\..\..\..\compile\win32\fileInterface\Debug\fileInterface.tlog\unsuccessfulbuild".
         Touching "..\..\..\..\..\..\compile\win32\fileInterface\Debug\fileInterface.tlog\fileInterface.lastbuildstate".
    31>Done Building Project "R:\repo\src\external\ours\library\fileInterface\build\win32\fileInterface.vcxproj" (default targets).
     2>Project "R:\repo\src\build\win32\..\..\game\client\application\SwgClient\build\win32\SwgClient.vcxproj.metaproj" (2) is building "R:\repo\src\engine\shared\library\sharedMath\build\win32\sharedMath.vcxproj" (32) on node 1 (default targets).
    32>InitializeBuildStatus:
         Creating "..\..\..\..\..\..\compile\win32\sharedMath\Debug\sharedMath.tlog\unsuccessfulbuild" because "AlwaysCreate" was specified.
    29>ClCompile:
         All outputs are up-to-date.
    32>ClCompile:
         All outputs are up-to-date.
         All outputs are up-to-date.
    29>Lib:
         All outputs are up-to-date.
    32>Lib:
         All outputs are up-to-date.
    29>Lib:
         sharedNetworkMessages.vcxproj -> R:\repo\src\engine\shared\library\sharedNetworkMessages\build\win32\..\..\..\..\..\..\compile\win32\sharedNetworkMessages\Debug\sharedNetworkMessages.lib
    32>Lib:
         sharedMath.vcxproj -> R:\repo\src\engine\shared\library\sharedMath\build\win32\..\..\..\..\..\..\compile\win32\sharedMath\Debug\sharedMath.lib
       FinalizeBuildStatus:
         Deleting file "..\..\..\..\..\..\compile\win32\sharedMath\Debug\sharedMath.tlog\unsuccessfulbuild".
         Touching "..\..\..\..\..\..\compile\win32\sharedMath\Debug\sharedMath.tlog\sharedMath.lastbuildstate".
    29>FinalizeBuildStatus:
         Deleting file "..\..\..\..\..\..\compile\win32\sharedNetworkMessages\Debug\sharedNe.DECF2964.tlog\unsuccessfulbuild".
    32>Done Building Project "R:\repo\src\engine\shared\library\sharedMath\build\win32\sharedMath.vcxproj" (default targets).
    29>FinalizeBuildStatus:
         Touching "..\..\..\..\..\..\compile\win32\sharedNetworkMessages\Debug\sharedNe.DECF2964.tlog\sharedNetworkMessages.lastbuildstate".
    29>Done Building Project "R:\repo\src\engine\shared\library\sharedNetworkMessages\build\win32\sharedNetworkMessages.vcxproj" (default targets).
     2>Project "R:\repo\src\build\win32\..\..\game\client\application\SwgClient\build\win32\SwgClient.vcxproj.metaproj" (2) is building "R:\repo\src\engine\shared\library\SHAREDSKILLSYSTEM\build\win32\sharedSkillSystem.vcxproj" (33) on node 1 (default targets).
    33>InitializeBuildStatus:
         Creating "..\..\..\..\..\..\compile\win32\sharedSkillSystem\Debug\sharedSk.83EA2B87.tlog\unsuccessfulbuild" because "AlwaysCreate" was specified.
     2>Project "R:\repo\src\build\win32\..\..\game\client\application\SwgClient\build\win32\SwgClient.vcxproj.metaproj" (2) is building "R:\repo\src\engine\shared\library\sharedIoWin\build\win32\sharedIoWin.vcxproj" (34) on node 2 (default targets).
    34>InitializeBuildStatus:
         Creating "..\..\..\..\..\..\compile\win32\sharedIoWin\Debug\sharedIoWin.tlog\unsuccessfulbuild" because "AlwaysCreate" was specified.
    33>ClCompile:
         All outputs are up-to-date.
    34>ClCompile:
         All outputs are up-to-date.
    33>ClCompile:
         All outputs are up-to-date.
    34>ClCompile:
         All outputs are up-to-date.
       Lib:
         All outputs are up-to-date.
    33>Lib:
         All outputs are up-to-date.
    34>Lib:
         sharedIoWin.vcxproj -> R:\repo\src\engine\shared\library\sharedIoWin\build\win32\..\..\..\..\..\..\compile\win32\sharedIoWin\Debug\sharedIoWin.lib
    33>Lib:
         sharedSkillSystem.vcxproj -> R:\repo\src\engine\shared\library\SHAREDSKILLSYSTEM\build\win32\..\..\..\..\..\..\compile\win32\sharedSkillSystem\Debug\sharedSkillSystem.lib
       FinalizeBuildStatus:
         Deleting file "..\..\..\..\..\..\compile\win32\sharedSkillSystem\Debug\sharedSk.83EA2B87.tlog\unsuccessfulbuild".
         Touching "..\..\..\..\..\..\compile\win32\sharedSkillSystem\Debug\sharedSk.83EA2B87.tlog\sharedSkillSystem.lastbuildstate".
    33>Done Building Project "R:\repo\src\engine\shared\library\SHAREDSKILLSYSTEM\build\win32\sharedSkillSystem.vcxproj" (default targets).
    34>FinalizeBuildStatus:
         Deleting file "..\..\..\..\..\..\compile\win32\sharedIoWin\Debug\sharedIoWin.tlog\unsuccessfulbuild".
         Touching "..\..\..\..\..\..\compile\win32\sharedIoWin\Debug\sharedIoWin.tlog\sharedIoWin.lastbuildstate".
    34>Done Building Project "R:\repo\src\engine\shared\library\sharedIoWin\build\win32\sharedIoWin.vcxproj" (default targets).
     2>Project "R:\repo\src\build\win32\..\..\game\client\application\SwgClient\build\win32\SwgClient.vcxproj.metaproj" (2) is building "R:\repo\src\engine\shared\library\sharedXml\build\win32\sharedXml.vcxproj" (35) on node 1 (default targets).
    35>InitializeBuildStatus:
         Creating "..\..\..\..\..\..\compile\win32\sharedXml\Debug\sharedXml.tlog\unsuccessfulbuild" because "AlwaysCreate" was specified.
     2>Project "R:\repo\src\build\win32\..\..\game\client\application\SwgClient\build\win32\SwgClient.vcxproj.metaproj" (2) is building "R:\repo\src\engine\shared\library\sharedSynchronization\build\win32\sharedSynchronization.vcxproj" (36) on node 2 (default targets).
    36>InitializeBuildStatus:
         Creating "..\..\..\..\..\..\compile\win32\sharedSynchronization\Debug\sharedSy.2FE4E38D.tlog\unsuccessfulbuild" because "AlwaysCreate" was specified.
    35>ClCompile:
         All outputs are up-to-date.
    36>ClCompile:
         All outputs are up-to-date.
    35>ClCompile:
         All outputs are up-to-date.
    36>ClCompile:
         All outputs are up-to-date.
    35>Lib:
         All outputs are up-to-date.
         sharedXml.vcxproj -> R:\repo\src\engine\shared\library\sharedXml\build\win32\..\..\..\..\..\..\compile\win32\sharedXml\Debug\sharedXml.lib
    36>Lib:
         All outputs are up-to-date.
    35>FinalizeBuildStatus:
         Deleting file "..\..\..\..\..\..\compile\win32\sharedXml\Debug\sharedXml.tlog\unsuccessfulbuild".
         Touching "..\..\..\..\..\..\compile\win32\sharedXml\Debug\sharedXml.tlog\sharedXml.lastbuildstate".
    35>Done Building Project "R:\repo\src\engine\shared\library\sharedXml\build\win32\sharedXml.vcxproj" (default targets).
    36>Lib:
         sharedSynchronization.vcxproj -> R:\repo\src\engine\shared\library\sharedSynchronization\build\win32\..\..\..\..\..\..\compile\win32\sharedSynchronization\Debug\sharedSynchronization.lib
       FinalizeBuildStatus:
         Deleting file "..\..\..\..\..\..\compile\win32\sharedSynchronization\Debug\sharedSy.2FE4E38D.tlog\unsuccessfulbuild".
         Touching "..\..\..\..\..\..\compile\win32\sharedSynchronization\Debug\sharedSy.2FE4E38D.tlog\sharedSynchronization.lastbuildstate".
    36>Done Building Project "R:\repo\src\engine\shared\library\sharedSynchronization\build\win32\sharedSynchronization.vcxproj" (default targets).
     2>Project "R:\repo\src\build\win32\..\..\game\client\application\SwgClient\build\win32\SwgClient.vcxproj.metaproj" (2) is building "R:\repo\src\engine\client\library\clientGraphics\build\win32\clientGraphics.vcxproj" (37) on node 1 (default targets).
    37>InitializeBuildStatus:
         Creating "..\..\..\..\..\..\compile\win32\clientGraphics\Debug\clientGraphics.tlog\unsuccessfulbuild" because "AlwaysCreate" was specified.
     2>Project "R:\repo\src\build\win32\..\..\game\client\application\SwgClient\build\win32\SwgClient.vcxproj.metaproj" (2) is building "R:\repo\src\engine\client\library\clientTextureRenderer\build\win32\clientTextureRenderer.vcxproj" (38) on node 2 (default targets).
    38>InitializeBuildStatus:
         Creating "..\..\..\..\..\..\compile\win32\clientTextureRenderer\Debug\clientTe.F1FDC6AF.tlog\unsuccessfulbuild" because "AlwaysCreate" was specified.
       ClCompile:
         All outputs are up-to-date.
    37>ClCompile:
         All outputs are up-to-date.
    38>ClCompile:
         All outputs are up-to-date.
    37>ClCompile:
         All outputs are up-to-date.
    38>Lib:
         All outputs are up-to-date.
         clientTextureRenderer.vcxproj -> R:\repo\src\engine\client\library\clientTextureRenderer\build\win32\..\..\..\..\..\..\compile\win32\clientTextureRenderer\Debug\clientTextureRenderer.lib
       FinalizeBuildStatus:
         Deleting file "..\..\..\..\..\..\compile\win32\clientTextureRenderer\Debug\clientTe.F1FDC6AF.tlog\unsuccessfulbuild".
         Touching "..\..\..\..\..\..\compile\win32\clientTextureRenderer\Debug\clientTe.F1FDC6AF.tlog\clientTextureRenderer.lastbuildstate".
    38>Done Building Project "R:\repo\src\engine\client\library\clientTextureRenderer\build\win32\clientTextureRenderer.vcxproj" (default targets).
    37>Lib:
         All outputs are up-to-date.
         clientGraphics.vcxproj -> R:\repo\src\engine\client\library\clientGraphics\build\win32\..\..\..\..\..\..\compile\win32\clientGraphics\Debug\clientGraphics.lib
       FinalizeBuildStatus:
         Deleting file "..\..\..\..\..\..\compile\win32\clientGraphics\Debug\clientGraphics.tlog\unsuccessfulbuild".
         Touching "..\..\..\..\..\..\compile\win32\clientGraphics\Debug\clientGraphics.tlog\clientGraphics.lastbuildstate".
    37>Done Building Project "R:\repo\src\engine\client\library\clientGraphics\build\win32\clientGraphics.vcxproj" (default targets).
     2>Project "R:\repo\src\build\win32\..\..\game\client\application\SwgClient\build\win32\SwgClient.vcxproj.metaproj" (2) is building "R:\repo\src\game\shared\library\swgSharedUtility\build\win32\swgSharedUtility.vcxproj" (39) on node 2 (default targets).
    39>InitializeBuildStatus:
         Creating "..\..\..\..\..\..\compile\win32\swgSharedUtility\Debug\swgSharedUtility.tlog\unsuccessfulbuild" because "AlwaysCreate" was specified.
     2>Project "R:\repo\src\build\win32\..\..\game\client\application\SwgClient\build\win32\SwgClient.vcxproj.metaproj" (2) is building "R:\repo\src\engine\client\library\clientTerrain\build\win32\clientTerrain.vcxproj" (40) on node 1 (default targets).
    40>InitializeBuildStatus:
         Creating "..\..\..\..\..\..\compile\win32\clientTerrain\Debug\clientTerrain.tlog\unsuccessfulbuild" because "AlwaysCreate" was specified.
    39>ClCompile:
         All outputs are up-to-date.
         All outputs are up-to-date.
    40>ClCompile:
         All outputs are up-to-date.
    39>Lib:
         All outputs are up-to-date.
         swgSharedUtility.vcxproj -> R:\repo\src\game\shared\library\swgSharedUtility\build\win32\..\..\..\..\..\..\compile\win32\swgSharedUtility\Debug\swgSharedUtility.lib
    40>ClCompile:
         All outputs are up-to-date.
    39>FinalizeBuildStatus:
         Deleting file "..\..\..\..\..\..\compile\win32\swgSharedUtility\Debug\swgSharedUtility.tlog\unsuccessfulbuild".
         Touching "..\..\..\..\..\..\compile\win32\swgSharedUtility\Debug\swgSharedUtility.tlog\swgSharedUtility.lastbuildstate".
    39>Done Building Project "R:\repo\src\game\shared\library\swgSharedUtility\build\win32\swgSharedUtility.vcxproj" (default targets).
    40>Lib:
         All outputs are up-to-date.
     2>Project "R:\repo\src\build\win32\..\..\game\client\application\SwgClient\build\win32\SwgClient.vcxproj.metaproj" (2) is building "R:\repo\src\engine\shared\library\sharedMathArchive\build\win32\sharedMathArchive.vcxproj" (41) on node 2 (default targets).
    41>InitializeBuildStatus:
         Creating "..\..\..\..\..\..\compile\win32\sharedMathArchive\Debug\sharedMa.0202ADB3.tlog\unsuccessfulbuild" because "AlwaysCreate" was specified.
       FinalizeBuildStatus:
         Deleting file "..\..\..\..\..\..\compile\win32\sharedMathArchive\Debug\sharedMa.0202ADB3.tlog\unsuccessfulbuild".
         Touching "..\..\..\..\..\..\compile\win32\sharedMathArchive\Debug\sharedMa.0202ADB3.tlog\sharedMathArchive.lastbuildstate".
    41>Done Building Project "R:\repo\src\engine\shared\library\sharedMathArchive\build\win32\sharedMathArchive.vcxproj" (default targets).
    40>Lib:
         clientTerrain.vcxproj -> R:\repo\src\engine\client\library\clientTerrain\build\win32\..\..\..\..\..\..\compile\win32\clientTerrain\Debug\clientTerrain.lib
       FinalizeBuildStatus:
         Deleting file "..\..\..\..\..\..\compile\win32\clientTerrain\Debug\clientTerrain.tlog\unsuccessfulbuild".
         Touching "..\..\..\..\..\..\compile\win32\clientTerrain\Debug\clientTerrain.tlog\clientTerrain.lastbuildstate".
    40>Done Building Project "R:\repo\src\engine\client\library\clientTerrain\build\win32\clientTerrain.vcxproj" (default targets).
     2>Project "R:\repo\src\build\win32\..\..\game\client\application\SwgClient\build\win32\SwgClient.vcxproj.metaproj" (2) is building "R:\repo\src\external\ours\library\localizationArchive\build\win32\localizationArchive.vcxproj" (42) on node 1 (default targets).
    42>InitializeBuildStatus:
         Creating "..\..\..\..\..\..\compile\win32\localizationArchive\Debug\localiza.A8036EC1.tlog\unsuccessfulbuild" because "AlwaysCreate" was specified.
     2>Project "R:\repo\src\build\win32\..\..\game\client\application\SwgClient\build\win32\SwgClient.vcxproj.metaproj" (2) is building "R:\repo\src\game\shared\library\swgSharedNetworkMessages\build\win32\swgSharedNetworkMessages.vcxproj" (43) on node 2 (default targets).
    43>InitializeBuildStatus:
         Creating "..\..\..\..\..\..\compile\win32\swgSharedNetworkMessages\Debug\swgShare.FCC0F2B5.tlog\unsuccessfulbuild" because "AlwaysCreate" was specified.
    42>ClCompile:
         All outputs are up-to-date.
    43>ClCompile:
         All outputs are up-to-date.
    42>ClCompile:
         All outputs are up-to-date.
    43>ClCompile:
         All outputs are up-to-date.
    42>Lib:
         All outputs are up-to-date.
         localizationArchive.vcxproj -> R:\repo\src\external\ours\library\localizationArchive\build\win32\..\..\..\..\..\..\compile\win32\localizationArchive\Debug\localizationArchive.lib
       FinalizeBuildStatus:
         Deleting file "..\..\..\..\..\..\compile\win32\localizationArchive\Debug\localiza.A8036EC1.tlog\unsuccessfulbuild".
         Touching "..\..\..\..\..\..\compile\win32\localizationArchive\Debug\localiza.A8036EC1.tlog\localizationArchive.lastbuildstate".
    42>Done Building Project "R:\repo\src\external\ours\library\localizationArchive\build\win32\localizationArchive.vcxproj" (default targets).
    43>Lib:
         All outputs are up-to-date.
     2>Project "R:\repo\src\build\win32\..\..\game\client\application\SwgClient\build\win32\SwgClient.vcxproj.metaproj" (2) is building "R:\repo\src\engine\shared\library\sharedObject\build\win32\sharedObject.vcxproj" (44) on node 1 (default targets).
    44>InitializeBuildStatus:
         Creating "..\..\..\..\..\..\compile\win32\sharedObject\Debug\sharedObject.tlog\unsuccessfulbuild" because "AlwaysCreate" was specified.
    43>Lib:
         swgSharedNetworkMessages.vcxproj -> R:\repo\src\game\shared\library\swgSharedNetworkMessages\build\win32\..\..\..\..\..\..\compile\win32\swgSharedNetworkMessages\Debug\swgSharedNetworkMessages.lib
       FinalizeBuildStatus:
         Deleting file "..\..\..\..\..\..\compile\win32\swgSharedNetworkMessages\Debug\swgShare.FCC0F2B5.tlog\unsuccessfulbuild".
         Touching "..\..\..\..\..\..\compile\win32\swgSharedNetworkMessages\Debug\swgShare.FCC0F2B5.tlog\swgSharedNetworkMessages.lastbuildstate".
    43>Done Building Project "R:\repo\src\game\shared\library\swgSharedNetworkMessages\build\win32\swgSharedNetworkMessages.vcxproj" (default targets).
     2>Project "R:\repo\src\build\win32\..\..\game\client\application\SwgClient\build\win32\SwgClient.vcxproj.metaproj" (2) is building "R:\repo\src\external\ours\library\localization\build\win32\localization.vcxproj" (45) on node 2 (default targets).
    45>InitializeBuildStatus:
         Creating "..\..\..\..\..\..\compile\win32\localization\Debug\localization.tlog\unsuccessfulbuild" because "AlwaysCreate" was specified.
    44>ClCompile:
         All outputs are up-to-date.
    45>ClCompile:
         All outputs are up-to-date.
         All outputs are up-to-date.
    44>ClCompile:
         All outputs are up-to-date.
    45>Lib:
         All outputs are up-to-date.
         localization.vcxproj -> R:\repo\src\external\ours\library\localization\build\win32\..\..\..\..\..\..\compile\win32\localization\Debug\localization.lib
       FinalizeBuildStatus:
         Deleting file "..\..\..\..\..\..\compile\win32\localization\Debug\localization.tlog\unsuccessfulbuild".
         Touching "..\..\..\..\..\..\compile\win32\localization\Debug\localization.tlog\localization.lastbuildstate".
    45>Done Building Project "R:\repo\src\external\ours\library\localization\build\win32\localization.vcxproj" (default targets).
    44>Lib:
         All outputs are up-to-date.
         sharedObject.vcxproj -> R:\repo\src\engine\shared\library\sharedObject\build\win32\..\..\..\..\..\..\compile\win32\sharedObject\Debug\sharedObject.lib
       FinalizeBuildStatus:
         Deleting file "..\..\..\..\..\..\compile\win32\sharedObject\Debug\sharedObject.tlog\unsuccessfulbuild".
         Touching "..\..\..\..\..\..\compile\win32\sharedObject\Debug\sharedObject.tlog\sharedObject.lastbuildstate".
    44>Done Building Project "R:\repo\src\engine\shared\library\sharedObject\build\win32\sharedObject.vcxproj" (default targets).
     2>Project "R:\repo\src\build\win32\..\..\game\client\application\SwgClient\build\win32\SwgClient.vcxproj.metaproj" (2) is building "R:\repo\src\engine\shared\library\sharedThread\build\win32\sharedThread.vcxproj" (46) on node 2 (default targets).
    46>InitializeBuildStatus:
         Creating "..\..\..\..\..\..\compile\win32\sharedThread\Debug\sharedThread.tlog\unsuccessfulbuild" because "AlwaysCreate" was specified.
     2>Project "R:\repo\src\build\win32\..\..\game\client\application\SwgClient\build\win32\SwgClient.vcxproj.metaproj" (2) is building "R:\repo\src\engine\client\library\clientBugReporting\build\win32\clientBugReporting.vcxproj" (47) on node 1 (default targets).
    47>InitializeBuildStatus:
         Creating "..\..\..\..\..\..\compile\win32\clientBugReporting\Debug\clientBu.147D02D6.tlog\unsuccessfulbuild" because "AlwaysCreate" was specified.
    46>ClCompile:
         All outputs are up-to-date.
         All outputs are up-to-date.
    47>ClCompile:
         All outputs are up-to-date.
    46>Lib:
         All outputs are up-to-date.
    47>ClCompile:
         All outputs are up-to-date.
    46>Lib:
         sharedThread.vcxproj -> R:\repo\src\engine\shared\library\sharedThread\build\win32\..\..\..\..\..\..\compile\win32\sharedThread\Debug\sharedThread.lib
       FinalizeBuildStatus:
         Deleting file "..\..\..\..\..\..\compile\win32\sharedThread\Debug\sharedThread.tlog\unsuccessfulbuild".
         Touching "..\..\..\..\..\..\compile\win32\sharedThread\Debug\sharedThread.tlog\sharedThread.lastbuildstate".
    46>Done Building Project "R:\repo\src\engine\shared\library\sharedThread\build\win32\sharedThread.vcxproj" (default targets).
    47>Lib:
         All outputs are up-to-date.
         clientBugReporting.vcxproj -> R:\repo\src\engine\client\library\clientBugReporting\build\win32\..\..\..\..\..\..\compile\win32\clientBugReporting\Debug\clientBugReporting.lib
       FinalizeBuildStatus:
         Deleting file "..\..\..\..\..\..\compile\win32\clientBugReporting\Debug\clientBu.147D02D6.tlog\unsuccessfulbuild".
         Touching "..\..\..\..\..\..\compile\win32\clientBugReporting\Debug\clientBu.147D02D6.tlog\clientBugReporting.lastbuildstate".
    47>Done Building Project "R:\repo\src\engine\client\library\clientBugReporting\build\win32\clientBugReporting.vcxproj" (default targets).
     2>Project "R:\repo\src\build\win32\..\..\game\client\application\SwgClient\build\win32\SwgClient.vcxproj.metaproj" (2) is building "R:\repo\src\engine\shared\library\sharedImage\build\win32\sharedImage.vcxproj" (48) on node 2 (default targets).
    48>InitializeBuildStatus:
         Creating "..\..\..\..\..\..\compile\win32\sharedImage\Debug\sharedImage.tlog\unsuccessfulbuild" because "AlwaysCreate" was specified.
     2>Project "R:\repo\src\build\win32\..\..\game\client\application\SwgClient\build\win32\SwgClient.vcxproj.metaproj" (2) is building "R:\repo\src\engine\shared\library\sharedStatusWindow\build\win32\sharedStatusWindow.vcxproj" (49) on node 1 (default targets).
    49>InitializeBuildStatus:
         Creating "..\..\..\..\..\..\compile\win32\sharedStatusWindow\Debug\sharedSt.AE9205DD.tlog\unsuccessfulbuild" because "AlwaysCreate" was specified.
    48>ClCompile:
         All outputs are up-to-date.
    49>ClCompile:
         All outputs are up-to-date.
    48>ClCompile:
         All outputs are up-to-date.
    49>ClCompile:
         All outputs are up-to-date.
    48>Lib:
         All outputs are up-to-date.
    49>Lib:
         All outputs are up-to-date.
    48>Lib:
         sharedImage.vcxproj -> R:\repo\src\engine\shared\library\sharedImage\build\win32\..\..\..\..\..\..\compile\win32\sharedImage\Debug\sharedImage.lib
       FinalizeBuildStatus:
         Deleting file "..\..\..\..\..\..\compile\win32\sharedImage\Debug\sharedImage.tlog\unsuccessfulbuild".
         Touching "..\..\..\..\..\..\compile\win32\sharedImage\Debug\sharedImage.tlog\sharedImage.lastbuildstate".
    48>Done Building Project "R:\repo\src\engine\shared\library\sharedImage\build\win32\sharedImage.vcxproj" (default targets).
    49>Lib:
         sharedStatusWindow.vcxproj -> R:\repo\src\engine\shared\library\sharedStatusWindow\build\win32\..\..\..\..\..\..\compile\win32\sharedStatusWindow\Debug\sharedStatusWindow.lib
       FinalizeBuildStatus:
         Deleting file "..\..\..\..\..\..\compile\win32\sharedStatusWindow\Debug\sharedSt.AE9205DD.tlog\unsuccessfulbuild".
         Touching "..\..\..\..\..\..\compile\win32\sharedStatusWindow\Debug\sharedSt.AE9205DD.tlog\sharedStatusWindow.lastbuildstate".
    49>Done Building Project "R:\repo\src\engine\shared\library\sharedStatusWindow\build\win32\sharedStatusWindow.vcxproj" (default targets).
     2>Project "R:\repo\src\build\win32\..\..\game\client\application\SwgClient\build\win32\SwgClient.vcxproj.metaproj" (2) is building "R:\repo\src\external\3rd\library\dpvs\implementation\msvc8\dpvs.vcxproj" (50) on node 1 (default targets).
    50>InitializeBuildStatus:
         Creating ".\..\..\..\..\..\..\compile\Win32\dpvs\Debug\dpvs.tlog\unsuccessfulbuild" because "AlwaysCreate" was specified.
     2>Project "R:\repo\src\build\win32\..\..\game\client\application\SwgClient\build\win32\SwgClient.vcxproj.metaproj" (2) is building "R:\repo\src\engine\client\library\clientParticle\build\win32\clientParticle.vcxproj" (51) on node 2 (default targets).
    51>InitializeBuildStatus:
         Creating "..\..\..\..\..\..\compile\win32\clientParticle\Debug\clientParticle.tlog\unsuccessfulbuild" because "AlwaysCreate" was specified.
    50>ClCompile:
         All outputs are up-to-date.
    51>ClCompile:
         All outputs are up-to-date.
    50>ResourceCompile:
         All outputs are up-to-date.
    51>ClCompile:
         All outputs are up-to-date.
       Lib:
         All outputs are up-to-date.
         clientParticle.vcxproj -> R:\repo\src\engine\client\library\clientParticle\build\win32\..\..\..\..\..\..\compile\win32\clientParticle\Debug\clientParticle.lib
       FinalizeBuildStatus:
         Deleting file "..\..\..\..\..\..\compile\win32\clientParticle\Debug\clientParticle.tlog\unsuccessfulbuild".
         Touching "..\..\..\..\..\..\compile\win32\clientParticle\Debug\clientParticle.tlog\clientParticle.lastbuildstate".
    51>Done Building Project "R:\repo\src\engine\client\library\clientParticle\build\win32\clientParticle.vcxproj" (default targets).
    50>Link:
         All outputs are up-to-date.
         dpvs.vcxproj -> R:\repo\src\external\3rd\library\dpvs\implementation\msvc8\.\..\..\..\..\..\..\compile\Win32\dpvs\Debug\dpvs.dll
       FinalizeBuildStatus:
         Deleting file ".\..\..\..\..\..\..\compile\Win32\dpvs\Debug\dpvs.tlog\unsuccessfulbuild".
         Touching ".\..\..\..\..\..\..\compile\Win32\dpvs\Debug\dpvs.tlog\dpvs.lastbuildstate".
    50>Done Building Project "R:\repo\src\external\3rd\library\dpvs\implementation\msvc8\dpvs.vcxproj" (default targets).
     2>Project "R:\repo\src\build\win32\..\..\game\client\application\SwgClient\build\win32\SwgClient.vcxproj.metaproj" (2) is building "R:\repo\src\engine\shared\library\sharedRandom\build\win32\sharedRandom.vcxproj" (52) on node 2 (default targets).
    52>InitializeBuildStatus:
         Creating "..\..\..\..\..\..\compile\win32\sharedRandom\Debug\sharedRandom.tlog\unsuccessfulbuild" because "AlwaysCreate" was specified.
     2>Project "R:\repo\src\build\win32\..\..\game\client\application\SwgClient\build\win32\SwgClient.vcxproj.metaproj" (2) is building "R:\repo\src\engine\shared\library\sharedRegex\build\win32\sharedRegex.vcxproj" (53) on node 1 (default targets).
    53>InitializeBuildStatus:
         Creating "..\..\..\..\..\..\compile\win32\sharedRegex\Debug\sharedRegex.tlog\unsuccessfulbuild" because "AlwaysCreate" was specified.
    52>ClCompile:
         All outputs are up-to-date.
    53>ClCompile:
         All outputs are up-to-date.
    52>ClCompile:
         All outputs are up-to-date.
    53>ClCompile:
         All outputs are up-to-date.
    52>Lib:
         All outputs are up-to-date.
    53>Lib:
         All outputs are up-to-date.
    52>Lib:
         sharedRandom.vcxproj -> R:\repo\src\engine\shared\library\sharedRandom\build\win32\..\..\..\..\..\..\compile\win32\sharedRandom\Debug\sharedRandom.lib
       FinalizeBuildStatus:
         Deleting file "..\..\..\..\..\..\compile\win32\sharedRandom\Debug\sharedRandom.tlog\unsuccessfulbuild".
         Touching "..\..\..\..\..\..\compile\win32\sharedRandom\Debug\sharedRandom.tlog\sharedRandom.lastbuildstate".
    52>Done Building Project "R:\repo\src\engine\shared\library\sharedRandom\build\win32\sharedRandom.vcxproj" (default targets).
    53>Lib:
         sharedRegex.vcxproj -> R:\repo\src\engine\shared\library\sharedRegex\build\win32\..\..\..\..\..\..\compile\win32\sharedRegex\Debug\sharedRegex.lib
       FinalizeBuildStatus:
         Deleting file "..\..\..\..\..\..\compile\win32\sharedRegex\Debug\sharedRegex.tlog\unsuccessfulbuild".
         Touching "..\..\..\..\..\..\compile\win32\sharedRegex\Debug\sharedRegex.tlog\sharedRegex.lastbuildstate".
    53>Done Building Project "R:\repo\src\engine\shared\library\sharedRegex\build\win32\sharedRegex.vcxproj" (default targets).
     2>Project "R:\repo\src\build\win32\..\..\game\client\application\SwgClient\build\win32\SwgClient.vcxproj.metaproj" (2) is building "R:\repo\src\engine\shared\library\sharedCommandParser\build\win32\sharedCommandParser.vcxproj" (54) on node 1 (default targets).
    54>InitializeBuildStatus:
         Creating "..\..\..\..\..\..\compile\win32\sharedCommandParser\Debug\sharedCo.20D4D8EB.tlog\unsuccessfulbuild" because "AlwaysCreate" was specified.
     2>Project "R:\repo\src\build\win32\..\..\game\client\application\SwgClient\build\win32\SwgClient.vcxproj.metaproj" (2) is building "R:\repo\src\engine\shared\library\sharedSwitcher\build\win32\sharedSwitcher.vcxproj" (55) on node 2 (default targets).
    55>InitializeBuildStatus:
         Creating "..\..\..\..\..\..\compile\win32\sharedSwitcher\Debug\sharedSwitcher.tlog\unsuccessfulbuild" because "AlwaysCreate" was specified.
    54>ClCompile:
         All outputs are up-to-date.
    55>ClCompile:
         All outputs are up-to-date.
    54>ClCompile:
         All outputs are up-to-date.
    55>ClCompile:
         All outputs are up-to-date.
    54>Lib:
         All outputs are up-to-date.
         sharedCommandParser.vcxproj -> R:\repo\src\engine\shared\library\sharedCommandParser\build\win32\..\..\..\..\..\..\compile\win32\sharedCommandParser\Debug\sharedCommandParser.lib
       FinalizeBuildStatus:
         Deleting file "..\..\..\..\..\..\compile\win32\sharedCommandParser\Debug\sharedCo.20D4D8EB.tlog\unsuccessfulbuild".
         Touching "..\..\..\..\..\..\compile\win32\sharedCommandParser\Debug\sharedCo.20D4D8EB.tlog\sharedCommandParser.lastbuildstate".
    54>Done Building Project "R:\repo\src\engine\shared\library\sharedCommandParser\build\win32\sharedCommandParser.vcxproj" (default targets).
    55>Lib:
         All outputs are up-to-date.
     2>Project "R:\repo\src\build\win32\..\..\game\client\application\SwgClient\build\win32\SwgClient.vcxproj.metaproj" (2) is building "R:\repo\src\engine\client\library\clientAnimation\build\win32\clientAnimation.vcxproj" (56) on node 1 (default targets).
    56>InitializeBuildStatus:
         Creating "..\..\..\..\..\..\compile\win32\clientAnimation\Debug\clientAnimation.tlog\unsuccessfulbuild" because "AlwaysCreate" was specified.
    55>Lib:
         sharedSwitcher.vcxproj -> R:\repo\src\engine\shared\library\sharedSwitcher\build\win32\..\..\..\..\..\..\compile\win32\sharedSwitcher\Debug\sharedSwitcher.lib
       FinalizeBuildStatus:
         Deleting file "..\..\..\..\..\..\compile\win32\sharedSwitcher\Debug\sharedSwitcher.tlog\unsuccessfulbuild".
         Touching "..\..\..\..\..\..\compile\win32\sharedSwitcher\Debug\sharedSwitcher.tlog\sharedSwitcher.lastbuildstate".
    55>Done Building Project "R:\repo\src\engine\shared\library\sharedSwitcher\build\win32\sharedSwitcher.vcxproj" (default targets).
    56>ClCompile:
         All outputs are up-to-date.
     2>Project "R:\repo\src\build\win32\..\..\game\client\application\SwgClient\build\win32\SwgClient.vcxproj.metaproj" (2) is building "R:\repo\src\external\ours\library\unicode\build\win32\unicode.vcxproj" (57) on node 2 (default targets).
    57>InitializeBuildStatus:
         Creating "..\..\..\..\..\..\compile\win32\unicode\Debug\unicode.tlog\unsuccessfulbuild" because "AlwaysCreate" was specified.
    56>ClCompile:
         All outputs are up-to-date.
    57>ClCompile:
         All outputs are up-to-date.
    56>Lib:
         All outputs are up-to-date.
    57>ClCompile:
         All outputs are up-to-date.
    56>Lib:
         clientAnimation.vcxproj -> R:\repo\src\engine\client\library\clientAnimation\build\win32\..\..\..\..\..\..\compile\win32\clientAnimation\Debug\clientAnimation.lib
       FinalizeBuildStatus:
         Deleting file "..\..\..\..\..\..\compile\win32\clientAnimation\Debug\clientAnimation.tlog\unsuccessfulbuild".
         Touching "..\..\..\..\..\..\compile\win32\clientAnimation\Debug\clientAnimation.tlog\clientAnimation.lastbuildstate".
    56>Done Building Project "R:\repo\src\engine\client\library\clientAnimation\build\win32\clientAnimation.vcxproj" (default targets).
    57>Lib:
         All outputs are up-to-date.
     2>Project "R:\repo\src\build\win32\..\..\game\client\application\SwgClient\build\win32\SwgClient.vcxproj.metaproj" (2) is building "R:\repo\src\engine\shared\library\sharedLog\build\win32\sharedLog.vcxproj" (58) on node 1 (default targets).
    58>InitializeBuildStatus:
         Creating "..\..\..\..\..\..\compile\win32\sharedLog\Debug\sharedLog.tlog\unsuccessfulbuild" because "AlwaysCreate" was specified.
    57>Lib:
         unicode.vcxproj -> R:\repo\src\external\ours\library\unicode\build\win32\..\..\..\..\..\..\compile\win32\unicode\Debug\unicode.lib
       FinalizeBuildStatus:
         Deleting file "..\..\..\..\..\..\compile\win32\unicode\Debug\unicode.tlog\unsuccessfulbuild".
         Touching "..\..\..\..\..\..\compile\win32\unicode\Debug\unicode.tlog\unicode.lastbuildstate".
    57>Done Building Project "R:\repo\src\external\ours\library\unicode\build\win32\unicode.vcxproj" (default targets).
    58>ClCompile:
         All outputs are up-to-date.
         All outputs are up-to-date.
     2>Project "R:\repo\src\build\win32\..\..\game\client\application\SwgClient\build\win32\SwgClient.vcxproj.metaproj" (2) is building "R:\repo\src\engine\shared\library\sharedMessageDispatch\build\win32\sharedMessageDispatch.vcxproj" (59) on node 2 (default targets).
    59>InitializeBuildStatus:
         Creating "..\..\..\..\..\..\compile\win32\sharedMessageDispatch\Debug\sharedMe.C87164F5.tlog\unsuccessfulbuild" because "AlwaysCreate" was specified.
    58>Lib:
         All outputs are up-to-date.
    59>ClCompile:
         All outputs are up-to-date.
    58>Lib:
         sharedLog.vcxproj -> R:\repo\src\engine\shared\library\sharedLog\build\win32\..\..\..\..\..\..\compile\win32\sharedLog\Debug\sharedLog.lib
       FinalizeBuildStatus:
         Deleting file "..\..\..\..\..\..\compile\win32\sharedLog\Debug\sharedLog.tlog\unsuccessfulbuild".
         Touching "..\..\..\..\..\..\compile\win32\sharedLog\Debug\sharedLog.tlog\sharedLog.lastbuildstate".
    58>Done Building Project "R:\repo\src\engine\shared\library\sharedLog\build\win32\sharedLog.vcxproj" (default targets).
    59>ClCompile:
         All outputs are up-to-date.
     2>Project "R:\repo\src\build\win32\..\..\game\client\application\SwgClient\build\win32\SwgClient.vcxproj.metaproj" (2) is building "R:\repo\src\engine\client\library\clientDirectInput\build\win32\clientDirectInput.vcxproj" (60) on node 1 (default targets).
    60>InitializeBuildStatus:
         Creating "..\..\..\..\..\..\compile\win32\clientDirectInput\Debug\clientDi.F1B57BF8.tlog\unsuccessfulbuild" because "AlwaysCreate" was specified.
    59>Lib:
         All outputs are up-to-date.
    60>ClCompile:
         All outputs are up-to-date.
    59>Lib:
         sharedMessageDispatch.vcxproj -> R:\repo\src\engine\shared\library\sharedMessageDispatch\build\win32\..\..\..\..\..\..\compile\win32\sharedMessageDispatch\Debug\sharedMessageDispatch.lib
       FinalizeBuildStatus:
         Deleting file "..\..\..\..\..\..\compile\win32\sharedMessageDispatch\Debug\sharedMe.C87164F5.tlog\unsuccessfulbuild".
         Touching "..\..\..\..\..\..\compile\win32\sharedMessageDispatch\Debug\sharedMe.C87164F5.tlog\sharedMessageDispatch.lastbuildstate".
    59>Done Building Project "R:\repo\src\engine\shared\library\sharedMessageDispatch\build\win32\sharedMessageDispatch.vcxproj" (default targets).
    60>ClCompile:
         All outputs are up-to-date.
     2>Project "R:\repo\src\build\win32\..\..\game\client\application\SwgClient\build\win32\SwgClient.vcxproj.metaproj" (2) is building "R:\repo\src\external\3rd\library\blat194\build\win32\blat.vcxproj" (61) on node 2 (default targets).
    61>InitializeBuildStatus:
         Creating ".\..\..\..\..\..\..\compile\win32\blat\Debug\blat.tlog\unsuccessfulbuild" because "AlwaysCreate" was specified.
    60>Lib:
         All outputs are up-to-date.
         clientDirectInput.vcxproj -> R:\repo\src\engine\client\library\clientDirectInput\build\win32\..\..\..\..\..\..\compile\win32\clientDirectInput\Debug\clientDirectInput.lib
       FinalizeBuildStatus:
         Deleting file "..\..\..\..\..\..\compile\win32\clientDirectInput\Debug\clientDi.F1B57BF8.tlog\unsuccessfulbuild".
         Touching "..\..\..\..\..\..\compile\win32\clientDirectInput\Debug\clientDi.F1B57BF8.tlog\clientDirectInput.lastbuildstate".
    60>Done Building Project "R:\repo\src\engine\client\library\clientDirectInput\build\win32\clientDirectInput.vcxproj" (default targets).
    61>ClCompile:
         All outputs are up-to-date.
         All outputs are up-to-date.
       Lib:
         All outputs are up-to-date.
         blat.vcxproj -> R:\repo\src\external\3rd\library\blat194\build\win32\.\..\..\..\..\..\..\compile\win32\blat\Debug\blat.lib
       FinalizeBuildStatus:
         Deleting file ".\..\..\..\..\..\..\compile\win32\blat\Debug\blat.tlog\unsuccessfulbuild".
         Touching ".\..\..\..\..\..\..\compile\win32\blat\Debug\blat.tlog\blat.lastbuildstate".
    61>Done Building Project "R:\repo\src\external\3rd\library\blat194\build\win32\blat.vcxproj" (default targets).
     2>Project "R:\repo\src\build\win32\..\..\game\client\application\SwgClient\build\win32\SwgClient.vcxproj.metaproj" (2) is building "R:\repo\src\build\win32\..\..\engine\client\application\Direct3d9\build\win32\Direct3d9_ffp.vcxproj.metaproj" (62) on node 1 (default targets).
    62>Project "R:\repo\src\build\win32\..\..\engine\client\application\Direct3d9\build\win32\Direct3d9_ffp.vcxproj.metaproj" (62) is building "R:\repo\src\engine\client\application\DllExport\build\win32\DllExport.vcxproj" (67) on node 2 (default targets).
    67>InitializeBuildStatus:
         Creating ".\..\..\..\..\..\..\compile\win32\DllExport\Debug\DllExport.tlog\unsuccessfulbuild" because "AlwaysCreate" was specified.
       ClCompile:
         All outputs are up-to-date.
     2>Project "R:\repo\src\build\win32\..\..\game\client\application\SwgClient\build\win32\SwgClient.vcxproj.metaproj" (2) is building "R:\repo\src\build\win32\..\..\engine\shared\library\sharedNetwork\build\win32\sharedNetwork.vcxproj.metaproj" (66) on node 1 (default targets).
    66>Project "R:\repo\src\build\win32\..\..\engine\shared\library\sharedNetwork\build\win32\sharedNetwork.vcxproj.metaproj" (66) is building "R:\repo\src\engine\shared\library\sharedNetwork\build\win32\sharedNetwork.vcxproj" (68) on node 1 (default targets).
    68>InitializeBuildStatus:
         Creating "..\..\..\..\..\..\compile\win32\sharedNetwork\Debug\sharedNetwork.tlog\unsuccessfulbuild" because "AlwaysCreate" was specified.
       ClCompile:
         All outputs are up-to-date.
    67>Link:
         All outputs are up-to-date.
         DllExport.vcxproj -> R:\repo\src\engine\client\application\DllExport\build\win32\.\..\..\..\..\..\..\compile\win32\DllExport\Debug\DllExport.dll
       FinalizeBuildStatus:
         Deleting file ".\..\..\..\..\..\..\compile\win32\DllExport\Debug\DllExport.tlog\unsuccessfulbuild".
         Touching ".\..\..\..\..\..\..\compile\win32\DllExport\Debug\DllExport.tlog\DllExport.lastbuildstate".
    67>Done Building Project "R:\repo\src\engine\client\application\DllExport\build\win32\DllExport.vcxproj" (default targets).
    68>ClCompile:
         All outputs are up-to-date.
       Lib:
         All outputs are up-to-date.
         sharedNetwork.vcxproj -> R:\repo\src\engine\shared\library\sharedNetwork\build\win32\..\..\..\..\..\..\compile\win32\sharedNetwork\Debug\sharedNetwork.lib
       FinalizeBuildStatus:
         Deleting file "..\..\..\..\..\..\compile\win32\sharedNetwork\Debug\sharedNetwork.tlog\unsuccessfulbuild".
         Touching "..\..\..\..\..\..\compile\win32\sharedNetwork\Debug\sharedNetwork.tlog\sharedNetwork.lastbuildstate".
    68>Done Building Project "R:\repo\src\engine\shared\library\sharedNetwork\build\win32\sharedNetwork.vcxproj" (default targets).
    66>Done Building Project "R:\repo\src\build\win32\..\..\engine\shared\library\sharedNetwork\build\win32\sharedNetwork.vcxproj.metaproj" (default targets).
     2>Project "R:\repo\src\build\win32\..\..\game\client\application\SwgClient\build\win32\SwgClient.vcxproj.metaproj" (2) is building "R:\repo\src\build\win32\..\..\engine\client\application\Direct3d9\build\win32\Direct3d9_vsps.vcxproj.metaproj" (64) on node 1 (default targets).
    64>Project "R:\repo\src\build\win32\..\..\engine\client\application\Direct3d9\build\win32\Direct3d9_vsps.vcxproj.metaproj" (64) is building "R:\repo\src\engine\client\application\Direct3d9\build\win32\Direct3d9_vsps.vcxproj" (71) on node 1 (default targets).
    71>InitializeBuildStatus:
         Creating ".\..\..\..\..\..\..\compile\win32\Direct3d9_vsps\Debug\Direct3d9_vsps.tlog\unsuccessfulbuild" because "AlwaysCreate" was specified.
     2>Project "R:\repo\src\build\win32\..\..\game\client\application\SwgClient\build\win32\SwgClient.vcxproj.metaproj" (2) is building "R:\repo\src\build\win32\..\..\external\3rd\library\lcdui_src\build\win32\lcdui.vcxproj.metaproj" (65) on node 1 (default targets).
    65>Project "R:\repo\src\build\win32\..\..\external\3rd\library\lcdui_src\build\win32\lcdui.vcxproj.metaproj" (65) is building "R:\repo\src\external\3rd\library\lcdui_src\build\win32\lcdui.vcxproj" (69) on node 2 (default targets).
    69>InitializeBuildStatus:
         Creating "..\..\..\..\..\..\compile\win32\lcdui\Debug\lcdui.tlog\unsuccessfulbuild" because "AlwaysCreate" was specified.
    71>ClCompile:
         All outputs are up-to-date.
    69>ClCompile:
         All outputs are up-to-date.
    71>ClCompile:
         All outputs are up-to-date.
    62>Project "R:\repo\src\build\win32\..\..\engine\client\application\Direct3d9\build\win32\Direct3d9_ffp.vcxproj.metaproj" (62) is building "R:\repo\src\engine\client\application\Direct3d9\build\win32\Direct3d9_ffp.vcxproj" (72) on node 2 (default targets).
    72>InitializeBuildStatus:
         Creating ".\..\..\..\..\..\..\compile\win32\Direct3d9_ffp\Debug\Direct3d9_ffp.tlog\unsuccessfulbuild" because "AlwaysCreate" was specified.
     2>Project "R:\repo\src\build\win32\..\..\game\client\application\SwgClient\build\win32\SwgClient.vcxproj.metaproj" (2) is building "R:\repo\src\build\win32\..\..\engine\client\application\Direct3d9\build\win32\Direct3d9.vcxproj.metaproj" (63) on node 1 (default targets).
    63>Project "R:\repo\src\build\win32\..\..\engine\client\application\Direct3d9\build\win32\Direct3d9.vcxproj.metaproj" (63) is building "R:\repo\src\engine\client\application\Direct3d9\build\win32\Direct3d9.vcxproj" (70) on node 1 (default targets).
    70>InitializeBuildStatus:
         Creating ".\..\..\..\..\..\..\compile\win32\Direct3d9\Debug\Direct3d9.tlog\unsuccessfulbuild" because "AlwaysCreate" was specified.
       ClCompile:
         All outputs are up-to-date.
    72>ClCompile:
         All outputs are up-to-date.
         All outputs are up-to-date.
    70>ClCompile:
         All outputs are up-to-date.
    70>C:\Program Files (x86)\MSBuild\Microsoft.Cpp\v4.0\V120\Microsoft.CppBuild.targets(1193,5): warning MSB8012: TargetPath(R:\repo\src\engine\client\application\Direct3d9\build\win32\.\..\..\..\..\..\..\compile\win32\Direct3d9\Debug\Direct3d9.dll) does not match the Linker's OutputFile property value (R:\repo\src\compile\win32\Direct3d9\Debug\gl05_d.dll). This may cause your project to build incorrectly. To correct this, please make sure that $(OutDir), $(TargetName) and $(TargetExt) property values match the value specified in %(Link.OutputFile). [R:\repo\src\engine\client\application\Direct3d9\build\win32\Direct3d9.vcxproj]
    70>C:\Program Files (x86)\MSBuild\Microsoft.Cpp\v4.0\V120\Microsoft.CppBuild.targets(1195,5): warning MSB8012: TargetName(Direct3d9) does not match the Linker's OutputFile property value (gl05_d). This may cause your project to build incorrectly. To correct this, please make sure that $(OutDir), $(TargetName) and $(TargetExt) property values match the value specified in %(Link.OutputFile). [R:\repo\src\engine\client\application\Direct3d9\build\win32\Direct3d9.vcxproj]
    72>C:\Program Files (x86)\MSBuild\Microsoft.Cpp\v4.0\V120\Microsoft.CppBuild.targets(1193,5): warning MSB8012: TargetPath(R:\repo\src\engine\client\application\Direct3d9\build\win32\.\..\..\..\..\..\..\compile\win32\Direct3d9_ffp\Debug\Direct3d9_ffp.dll) does not match the Linker's OutputFile property value (R:\repo\src\compile\win32\Direct3d9_ffp\Debug\gl06_d.dll). This may cause your project to build incorrectly. To correct this, please make sure that $(OutDir), $(TargetName) and $(TargetExt) property values match the value specified in %(Link.OutputFile). [R:\repo\src\engine\client\application\Direct3d9\build\win32\Direct3d9_ffp.vcxproj]
    72>C:\Program Files (x86)\MSBuild\Microsoft.Cpp\v4.0\V120\Microsoft.CppBuild.targets(1195,5): warning MSB8012: TargetName(Direct3d9_ffp) does not match the Linker's OutputFile property value (gl06_d). This may cause your project to build incorrectly. To correct this, please make sure that $(OutDir), $(TargetName) and $(TargetExt) property values match the value specified in %(Link.OutputFile). [R:\repo\src\engine\client\application\Direct3d9\build\win32\Direct3d9_ffp.vcxproj]
       Link:
         All outputs are up-to-date.
    72>Link:
         All outputs are up-to-date.
    70>Link:
         Direct3d9.vcxproj -> R:\repo\src\engine\client\application\Direct3d9\build\win32\.\..\..\..\..\..\..\compile\win32\Direct3d9\Debug\Direct3d9.dll
    72>Link:
         Direct3d9_ffp.vcxproj -> R:\repo\src\engine\client\application\Direct3d9\build\win32\.\..\..\..\..\..\..\compile\win32\Direct3d9_ffp\Debug\Direct3d9_ffp.dll
    71>C:\Program Files (x86)\MSBuild\Microsoft.Cpp\v4.0\V120\Microsoft.CppBuild.targets(1193,5): warning MSB8012: TargetPath(R:\repo\src\engine\client\application\Direct3d9\build\win32\.\..\..\..\..\..\..\compile\win32\Direct3d9_vsps\Debug\Direct3d9_vsps.dll) does not match the Linker's OutputFile property value (R:\repo\src\compile\win32\Direct3d9_vsps\Debug\gl07_d.dll). This may cause your project to build incorrectly. To correct this, please make sure that $(OutDir), $(TargetName) and $(TargetExt) property values match the value specified in %(Link.OutputFile). [R:\repo\src\engine\client\application\Direct3d9\build\win32\Direct3d9_vsps.vcxproj]
    71>C:\Program Files (x86)\MSBuild\Microsoft.Cpp\v4.0\V120\Microsoft.CppBuild.targets(1195,5): warning MSB8012: TargetName(Direct3d9_vsps) does not match the Linker's OutputFile property value (gl07_d). This may cause your project to build incorrectly. To correct this, please make sure that $(OutDir), $(TargetName) and $(TargetExt) property values match the value specified in %(Link.OutputFile). [R:\repo\src\engine\client\application\Direct3d9\build\win32\Direct3d9_vsps.vcxproj]
       FinalizeBuildStatus:
         Deleting file ".\..\..\..\..\..\..\compile\win32\Direct3d9_ffp\Debug\Direct3d9_ffp.tlog\unsuccessfulbuild".
         Touching ".\..\..\..\..\..\..\compile\win32\Direct3d9_ffp\Debug\Direct3d9_ffp.tlog\Direct3d9_ffp.lastbuildstate".
    72>Done Building Project "R:\repo\src\engine\client\application\Direct3d9\build\win32\Direct3d9_ffp.vcxproj" (default targets).
    71>Link:
         All outputs are up-to-date.
         Direct3d9_vsps.vcxproj -> R:\repo\src\engine\client\application\Direct3d9\build\win32\.\..\..\..\..\..\..\compile\win32\Direct3d9_vsps\Debug\Direct3d9_vsps.dll
       FinalizeBuildStatus:
         Deleting file ".\..\..\..\..\..\..\compile\win32\Direct3d9_vsps\Debug\Direct3d9_vsps.tlog\unsuccessfulbuild".
         Touching ".\..\..\..\..\..\..\compile\win32\Direct3d9_vsps\Debug\Direct3d9_vsps.tlog\Direct3d9_vsps.lastbuildstate".
    71>Done Building Project "R:\repo\src\engine\client\application\Direct3d9\build\win32\Direct3d9_vsps.vcxproj" (default targets).
    62>Done Building Project "R:\repo\src\build\win32\..\..\engine\client\application\Direct3d9\build\win32\Direct3d9_ffp.vcxproj.metaproj" (default targets).
    70>FinalizeBuildStatus:
         Deleting file ".\..\..\..\..\..\..\compile\win32\Direct3d9\Debug\Direct3d9.tlog\unsuccessfulbuild".
         Touching ".\..\..\..\..\..\..\compile\win32\Direct3d9\Debug\Direct3d9.tlog\Direct3d9.lastbuildstate".
    70>Done Building Project "R:\repo\src\engine\client\application\Direct3d9\build\win32\Direct3d9.vcxproj" (default targets).
    63>Done Building Project "R:\repo\src\build\win32\..\..\engine\client\application\Direct3d9\build\win32\Direct3d9.vcxproj.metaproj" (default targets).
    64>Done Building Project "R:\repo\src\build\win32\..\..\engine\client\application\Direct3d9\build\win32\Direct3d9_vsps.vcxproj.metaproj" (default targets).
    69>Lib:
         All outputs are up-to-date.
         lcdui.vcxproj -> R:\repo\src\external\3rd\library\lcdui_src\build\win32\..\..\..\..\..\..\compile\win32\lcdui\Debug\lcdui.lib
       FinalizeBuildStatus:
         Deleting file "..\..\..\..\..\..\compile\win32\lcdui\Debug\lcdui.tlog\unsuccessfulbuild".
         Touching "..\..\..\..\..\..\compile\win32\lcdui\Debug\lcdui.tlog\lcdui.lastbuildstate".
    69>Done Building Project "R:\repo\src\external\3rd\library\lcdui_src\build\win32\lcdui.vcxproj" (default targets).
    65>Done Building Project "R:\repo\src\build\win32\..\..\external\3rd\library\lcdui_src\build\win32\lcdui.vcxproj.metaproj" (default targets).
     2>Project "R:\repo\src\build\win32\..\..\game\client\application\SwgClient\build\win32\SwgClient.vcxproj.metaproj" (2) is building "R:\repo\src\game\client\application\SwgClient\build\win32\SwgClient.vcxproj" (73) on node 2 (default targets).
    73>InitializeBuildStatus:
         Creating "..\..\..\..\..\..\compile\win32\SwgClient\Debug\SwgClient.tlog\unsuccessfulbuild" because "AlwaysCreate" was specified.
       ClCompile:
         All outputs are up-to-date.
         All outputs are up-to-date.
       ResourceCompile:
         All outputs are up-to-date.
    73>C:\Program Files (x86)\MSBuild\Microsoft.Cpp\v4.0\V120\Microsoft.CppBuild.targets(1193,5): warning MSB8012: TargetPath(R:\repo\src\game\client\application\SwgClient\build\win32\..\..\..\..\..\..\compile\win32\SwgClient\Debug\SwgClient.exe) does not match the Linker's OutputFile property value (R:\repo\src\compile\win32\SwgClient\Debug\SwgClient_d.exe). This may cause your project to build incorrectly. To correct this, please make sure that $(OutDir), $(TargetName) and $(TargetExt) property values match the value specified in %(Link.OutputFile). [R:\repo\src\game\client\application\SwgClient\build\win32\SwgClient.vcxproj]
    73>C:\Program Files (x86)\MSBuild\Microsoft.Cpp\v4.0\V120\Microsoft.CppBuild.targets(1195,5): warning MSB8012: TargetName(SwgClient) does not match the Linker's OutputFile property value (SwgClient_d). This may cause your project to build incorrectly. To correct this, please make sure that $(OutDir), $(TargetName) and $(TargetExt) property values match the value specified in %(Link.OutputFile). [R:\repo\src\game\client\application\SwgClient\build\win32\SwgClient.vcxproj]
       Link:
         All outputs are up-to-date.
         SwgClient.vcxproj -> R:\repo\src\game\client\application\SwgClient\build\win32\..\..\..\..\..\..\compile\win32\SwgClient\Debug\SwgClient.exe
       FinalizeBuildStatus:
         Deleting file "..\..\..\..\..\..\compile\win32\SwgClient\Debug\SwgClient.tlog\unsuccessfulbuild".
         Touching "..\..\..\..\..\..\compile\win32\SwgClient\Debug\SwgClient.tlog\SwgClient.lastbuildstate".
    73>Done Building Project "R:\repo\src\game\client\application\SwgClient\build\win32\SwgClient.vcxproj" (default targets).
     2>Done Building Project "R:\repo\src\build\win32\..\..\game\client\application\SwgClient\build\win32\SwgClient.vcxproj.metaproj" (default targets).
     1>Done Building Project "R:\repo\src\build\win32\swg.sln" (SwgClient target(s)).

Build succeeded.

       "R:\repo\src\build\win32\swg.sln" (SwgClient target) (1) ->
       "R:\repo\src\build\win32\..\..\game\client\application\SwgClient\build\win32\SwgClient.vcxproj.metaproj" (default target) (2) ->
       "R:\repo\src\build\win32\..\..\engine\client\application\Direct3d9\build\win32\Direct3d9.vcxproj.metaproj" (default target) (63) ->
       "R:\repo\src\engine\client\application\Direct3d9\build\win32\Direct3d9.vcxproj" (default target) (70) ->
       (DoLinkOutputFilesMatch target) -> 
         C:\Program Files (x86)\MSBuild\Microsoft.Cpp\v4.0\V120\Microsoft.CppBuild.targets(1193,5): warning MSB8012: TargetPath(R:\repo\src\engine\client\application\Direct3d9\build\win32\.\..\..\..\..\..\..\compile\win32\Direct3d9\Debug\Direct3d9.dll) does not match the Linker's OutputFile property value (R:\repo\src\compile\win32\Direct3d9\Debug\gl05_d.dll). This may cause your project to build incorrectly. To correct this, please make sure that $(OutDir), $(TargetName) and $(TargetExt) property values match the value specified in %(Link.OutputFile). [R:\repo\src\engine\client\application\Direct3d9\build\win32\Direct3d9.vcxproj]
         C:\Program Files (x86)\MSBuild\Microsoft.Cpp\v4.0\V120\Microsoft.CppBuild.targets(1195,5): warning MSB8012: TargetName(Direct3d9) does not match the Linker's OutputFile property value (gl05_d). This may cause your project to build incorrectly. To correct this, please make sure that $(OutDir), $(TargetName) and $(TargetExt) property values match the value specified in %(Link.OutputFile). [R:\repo\src\engine\client\application\Direct3d9\build\win32\Direct3d9.vcxproj]


       "R:\repo\src\build\win32\swg.sln" (SwgClient target) (1) ->
       "R:\repo\src\build\win32\..\..\game\client\application\SwgClient\build\win32\SwgClient.vcxproj.metaproj" (default target) (2) ->
       "R:\repo\src\build\win32\..\..\engine\client\application\Direct3d9\build\win32\Direct3d9_ffp.vcxproj.metaproj" (default target) (62) ->
       "R:\repo\src\engine\client\application\Direct3d9\build\win32\Direct3d9_ffp.vcxproj" (default target) (72) ->
         C:\Program Files (x86)\MSBuild\Microsoft.Cpp\v4.0\V120\Microsoft.CppBuild.targets(1193,5): warning MSB8012: TargetPath(R:\repo\src\engine\client\application\Direct3d9\build\win32\.\..\..\..\..\..\..\compile\win32\Direct3d9_ffp\Debug\Direct3d9_ffp.dll) does not match the Linker's OutputFile property value (R:\repo\src\compile\win32\Direct3d9_ffp\Debug\gl06_d.dll). This may cause your project to build incorrectly. To correct this, please make sure that $(OutDir), $(TargetName) and $(TargetExt) property values match the value specified in %(Link.OutputFile). [R:\repo\src\engine\client\application\Direct3d9\build\win32\Direct3d9_ffp.vcxproj]
         C:\Program Files (x86)\MSBuild\Microsoft.Cpp\v4.0\V120\Microsoft.CppBuild.targets(1195,5): warning MSB8012: TargetName(Direct3d9_ffp) does not match the Linker's OutputFile property value (gl06_d). This may cause your project to build incorrectly. To correct this, please make sure that $(OutDir), $(TargetName) and $(TargetExt) property values match the value specified in %(Link.OutputFile). [R:\repo\src\engine\client\application\Direct3d9\build\win32\Direct3d9_ffp.vcxproj]


       "R:\repo\src\build\win32\swg.sln" (SwgClient target) (1) ->
       "R:\repo\src\build\win32\..\..\game\client\application\SwgClient\build\win32\SwgClient.vcxproj.metaproj" (default target) (2) ->
       "R:\repo\src\build\win32\..\..\engine\client\application\Direct3d9\build\win32\Direct3d9_vsps.vcxproj.metaproj" (default target) (64) ->
       "R:\repo\src\engine\client\application\Direct3d9\build\win32\Direct3d9_vsps.vcxproj" (default target) (71) ->
         C:\Program Files (x86)\MSBuild\Microsoft.Cpp\v4.0\V120\Microsoft.CppBuild.targets(1193,5): warning MSB8012: TargetPath(R:\repo\src\engine\client\application\Direct3d9\build\win32\.\..\..\..\..\..\..\compile\win32\Direct3d9_vsps\Debug\Direct3d9_vsps.dll) does not match the Linker's OutputFile property value (R:\repo\src\compile\win32\Direct3d9_vsps\Debug\gl07_d.dll). This may cause your project to build incorrectly. To correct this, please make sure that $(OutDir), $(TargetName) and $(TargetExt) property values match the value specified in %(Link.OutputFile). [R:\repo\src\engine\client\application\Direct3d9\build\win32\Direct3d9_vsps.vcxproj]
         C:\Program Files (x86)\MSBuild\Microsoft.Cpp\v4.0\V120\Microsoft.CppBuild.targets(1195,5): warning MSB8012: TargetName(Direct3d9_vsps) does not match the Linker's OutputFile property value (gl07_d). This may cause your project to build incorrectly. To correct this, please make sure that $(OutDir), $(TargetName) and $(TargetExt) property values match the value specified in %(Link.OutputFile). [R:\repo\src\engine\client\application\Direct3d9\build\win32\Direct3d9_vsps.vcxproj]


       "R:\repo\src\build\win32\swg.sln" (SwgClient target) (1) ->
       "R:\repo\src\build\win32\..\..\game\client\application\SwgClient\build\win32\SwgClient.vcxproj.metaproj" (default target) (2) ->
       "R:\repo\src\game\client\application\SwgClient\build\win32\SwgClient.vcxproj" (default target) (73) ->
         C:\Program Files (x86)\MSBuild\Microsoft.Cpp\v4.0\V120\Microsoft.CppBuild.targets(1193,5): warning MSB8012: TargetPath(R:\repo\src\game\client\application\SwgClient\build\win32\..\..\..\..\..\..\compile\win32\SwgClient\Debug\SwgClient.exe) does not match the Linker's OutputFile property value (R:\repo\src\compile\win32\SwgClient\Debug\SwgClient_d.exe). This may cause your project to build incorrectly. To correct this, please make sure that $(OutDir), $(TargetName) and $(TargetExt) property values match the value specified in %(Link.OutputFile). [R:\repo\src\game\client\application\SwgClient\build\win32\SwgClient.vcxproj]
         C:\Program Files (x86)\MSBuild\Microsoft.Cpp\v4.0\V120\Microsoft.CppBuild.targets(1195,5): warning MSB8012: TargetName(SwgClient) does not match the Linker's OutputFile property value (SwgClient_d). This may cause your project to build incorrectly. To correct this, please make sure that $(OutDir), $(TargetName) and $(TargetExt) property values match the value specified in %(Link.OutputFile). [R:\repo\src\game\client\application\SwgClient\build\win32\SwgClient.vcxproj]

    8 Warning(s)
    0 Error(s)

Time Elapsed 00:00:04.35
