ffmpeg version n9.0.1 Copyright (c) 2000-2026 the FFmpeg developers
  built with gcc 16 (GCC)
  configuration: --prefix=/usr --disable-debug --disable-static --disable-stripping --enable-amf --enable-avisynth --enable-cuda-llvm --enable-lto --enable-fontconfig --enable-frei0r --enable-gmp --enable-gnutls --enable-gpl --enable-ladspa --enable-lcms2 --enable-libaom --enable-libass --enable-libbluray --enable-libbs2b --enable-libdav1d --enable-libdrm --enable-libdvdnav --enable-libdvdread --enable-libfreetype --enable-libfribidi --enable-libgsm --enable-libharfbuzz --enable-libiec61883 --enable-libjack --enable-libjxl --enable-libmodplug --enable-libmp3lame --enable-libopencore_amrnb --enable-libopencore_amrwb --enable-libopenjpeg --enable-libopenmpt --enable-libopus --enable-libplacebo --enable-libpulse --enable-librav1e --enable-librsvg --enable-librubberband --enable-libsnappy --enable-libsoxr --enable-libspeex --enable-libsrt --enable-libssh --enable-libsvtav1 --enable-libtheora --enable-libv4l2 --enable-libvidstab --enable-libvmaf --enable-libvorbis --enable-libvpl --enable-libvpx --enable-libwebp --enable-libx264 --enable-libx265 --enable-libxcb --enable-libxml2 --enable-libxvid --enable-libzimg --enable-libzmq --enable-nvdec --enable-nvenc --enable-opencl --enable-opengl --enable-shared --enable-vapoursynth --enable-version3 --enable-vulkan --disable-decoder=magicyuv
  libavutil      61.  1.101 / 61.  1.101
  libavcodec     63.  1.101 / 63.  1.101
  libavformat    63.  1.101 / 63.  1.101
  libavdevice    63.  1.101 / 63.  1.101
  libavfilter    12.  1.101 / 12.  1.101
  libswscale     10.  1.101 / 10.  1.101
  libswresample   7.  1.101 /  7.  1.101
Input #0, bink, from 'private/public-sample/logo_legal.bik':
  Duration: 00:00:05.00, start: 0.000000, bitrate: 633 kb/s
  Stream #0:0[0x0]: Video: binkvideo (BIKi / 0x694B4942), yuv420p(tv), 640x480, 30 fps, 30 tbr, 30 tbn
Stream mapping:
  Stream #0:0 -> #0:0 (binkvideo (native) -> rawvideo (native))
Output #0, rawvideo, to 'private/public-sample/ffmpeg.bgra':
  Metadata:
    encoder         : Lavf63.1.101
  Stream #0:0: Video: rawvideo (BGRA / 0x41524742), bgra(pc, gbr/unknown/unknown, progressive), 640x480, q=2-31, 294912 kb/s, 30 fps, 30 tbn
    Metadata:
      encoder         : Lavc63.1.101 rawvideo
[out#0/rawvideo @ 0x56cbde049680] video:4800KiB audio:0KiB subtitle:0KiB other streams:0KiB global headers:0KiB muxing overhead: 0.000000%
frame=    4 fps=0.0 q=-0.0 Lsize=    4800KiB time=00:00:01.06 bitrate=36864.0kbits/s speed=93.7x elapsed=0:00:00.01    
