TCPQueue.cpp
Note: including file: C:\pr-imemmove18-v1\candidate\src\engine\client\library\clientGame\include\public\clientGame/FirstClientGame.h
Note: including file:  C:\pr-imemmove18-v1\candidate\src\engine\client\library\clientGame\include\public\../../src/shared/core/FirstClientGame.h
Note: including file:   C:\pr-imemmove18-v1\candidate\src\engine\shared\library\sharedFoundation\include\public\../../../../../../engine/shared/library/sharedFoundation/include/public/sharedFoundation/FirstSharedFoundation.h
Note: including file:    c:\pr-imemmove18-v1\candidate\src\engine\shared\library\sharedfoundation\include\public\sharedfoundation\../../../src/shared/FirstSharedFoundation.h
Note: including file:     c:\pr-imemmove18-v1\candidate\src\engine\shared\library\sharedfoundation\src\shared\../../../../../../engine/shared/library/sharedFoundationTypes/include/public/sharedFoundationTypes/FoundationTypes.h
Note: including file:      c:\pr-imemmove18-v1\candidate\src\engine\shared\library\sharedfoundationtypes\include\public\sharedfoundationtypes\../../../src/shared/FoundationTypes.h
Note: including file:       c:\pr-imemmove18-v1\candidate\src\engine\shared\library\sharedfoundationtypes\src\shared\../win32/FoundationTypesWin32.h
Note: including file:     c:\pr-imemmove18-v1\candidate\src\engine\shared\library\sharedfoundation\src\shared\../../../../../../engine/shared/library/sharedFoundation/include/public/sharedFoundation/FirstPlatform.h
Note: including file:      c:\pr-imemmove18-v1\candidate\src\engine\shared\library\sharedfoundation\include\public\sharedfoundation\../../../src/win32/FirstPlatform.h
Note: including file:       c:\pr-imemmove18-v1\candidate\src\engine\shared\library\sharedfoundation\src\win32\../../../../../../engine/shared/library/sharedFoundation/include/public/sharedFoundation/WindowsWrapper.h
Note: including file:        c:\pr-imemmove18-v1\candidate\src\engine\shared\library\sharedfoundation\include\public\sharedfoundation\../../../src/win32/WindowsWrapper.h
Note: including file:         C:\Program Files (x86)\Windows Kits\8.1\include\um\windows.h
Note: including file:          C:\Program Files (x86)\Windows Kits\8.1\include\shared\winapifamily.h
Note: including file:          C:\Program Files (x86)\Windows Kits\8.1\include\shared\sdkddkver.h
Note: including file:          C:\Program Files (x86)\Microsoft Visual Studio 12.0\VC\INCLUDE\excpt.h
Note: including file:           C:\Program Files (x86)\Microsoft Visual Studio 12.0\VC\INCLUDE\crtdefs.h
Note: including file:            C:\Program Files (x86)\Microsoft Visual Studio 12.0\VC\INCLUDE\sal.h
Note: including file:             C:\Program Files (x86)\Microsoft Visual Studio 12.0\VC\INCLUDE\ConcurrencySal.h
Note: including file:            C:\Program Files (x86)\Microsoft Visual Studio 12.0\VC\INCLUDE\vadefs.h
Note: including file:          C:\integration-current-v1\workspace\repo\src\external\3rd\library\stlport453\stlport\stdarg.h
Note: including file:           C:\integration-current-v1\workspace\repo\src\external\3rd\library\stlport453\stlport\stl/_prolog.h
Note: including file:            C:\integration-current-v1\workspace\repo\src\external\3rd\library\stlport453\stlport\stl/_config.h
Note: including file:             C:\integration-current-v1\workspace\repo\src\external\3rd\library\stlport453\stlport\stl_user_config.h
Note: including file:             C:\integration-current-v1\workspace\repo\src\external\3rd\library\stlport453\stlport\stl/_config_compat.h
Note: including file:             C:\integration-current-v1\workspace\repo\src\external\3rd\library\stlport453\stlport\stl/_site_config.h
Note: including file:             C:\integration-current-v1\workspace\repo\src\external\3rd\library\stlport453\stlport\config/stlcomp.h
Note: including file:              C:\integration-current-v1\workspace\repo\src\external\3rd\library\stlport453\stlport\config/stl_msvc.h
Note: including file:               C:\integration-current-v1\workspace\repo\src\external\3rd\library\stlport453\stlport\config/vc_select_lib.h
Note: including file:                C:\integration-current-v1\workspace\repo\src\external\3rd\library\stlport453\stlport\config/stl_select_lib.h
Note: including file:             C:\integration-current-v1\workspace\repo\src\external\3rd\library\stlport453\stlport\config/stl_confix.h
Note: including file:            C:\integration-current-v1\workspace\repo\src\external\3rd\library\stlport453\stlport\config/_prolog.h
Note: including file:             C:\integration-current-v1\workspace\repo\src\external\3rd\library\stlport453\stlport\config/_msvc_warnings_off.h
Note: including file:           C:\Program Files (x86)\Microsoft Visual Studio 12.0\VC\INCLUDE\../include/stdarg.h
Note: including file:            C:\Program Files (x86)\Microsoft Visual Studio 12.0\VC\INCLUDE\crtdefs.h
Note: including file:           C:\integration-current-v1\workspace\repo\src\external\3rd\library\stlport453\stlport\stl/_epilog.h
Note: including file:            C:\integration-current-v1\workspace\repo\src\external\3rd\library\stlport453\stlport\config/_epilog.h
Note: including file:            C:\integration-current-v1\workspace\repo\src\external\3rd\library\stlport453\stlport\stl/_config_compat_post.h
Note: including file:          C:\Program Files (x86)\Windows Kits\8.1\include\shared\windef.h
Note: including file:           C:\Program Files (x86)\Windows Kits\8.1\include\shared\minwindef.h
Note: including file:            C:\Program Files (x86)\Windows Kits\8.1\include\shared\specstrings.h
Note: including file:             C:\Program Files (x86)\Windows Kits\8.1\include\shared\specstrings_strict.h
Note: including file:              C:\Program Files (x86)\Windows Kits\8.1\include\shared\specstrings_undef.h
Note: including file:             C:\Program Files (x86)\Windows Kits\8.1\include\shared\driverspecs.h
Note: including file:              c:\program files (x86)\windows kits\8.1\include\shared\sdv_driverspecs.h
Note: including file:            C:\Program Files (x86)\Windows Kits\8.1\include\um\winnt.h
Note: including file:             C:\integration-current-v1\workspace\repo\src\external\3rd\library\stlport453\stlport\ctype.h
Note: including file:              C:\integration-current-v1\workspace\repo\src\external\3rd\library\stlport453\stlport\stl/_prolog.h
Note: including file:               C:\integration-current-v1\workspace\repo\src\external\3rd\library\stlport453\stlport\config/_prolog.h
Note: including file:                C:\integration-current-v1\workspace\repo\src\external\3rd\library\stlport453\stlport\config/_msvc_warnings_off.h
Note: including file:              C:\Program Files (x86)\Microsoft Visual Studio 12.0\VC\INCLUDE\../include/ctype.h
Note: including file:               C:\Program Files (x86)\Microsoft Visual Studio 12.0\VC\INCLUDE\crtdefs.h
Note: including file:              C:\integration-current-v1\workspace\repo\src\external\3rd\library\stlport453\stlport\stl/_epilog.h
Note: including file:               C:\integration-current-v1\workspace\repo\src\external\3rd\library\stlport453\stlport\config/_epilog.h
Note: including file:               C:\integration-current-v1\workspace\repo\src\external\3rd\library\stlport453\stlport\stl/_config_compat_post.h
Note: including file:             C:\Program Files (x86)\Windows Kits\8.1\include\shared\kernelspecs.h
Note: including file:             C:\Program Files (x86)\Windows Kits\8.1\include\shared\basetsd.h
Note: including file:             C:\Program Files (x86)\Windows Kits\8.1\include\shared\guiddef.h
Note: including file:              C:\integration-current-v1\workspace\repo\src\external\3rd\library\stlport453\stlport\string.h
Note: including file:               C:\integration-current-v1\workspace\repo\src\external\3rd\library\stlport453\stlport\stl/_prolog.h
Note: including file:                C:\integration-current-v1\workspace\repo\src\external\3rd\library\stlport453\stlport\config/_prolog.h
Note: including file:                 C:\integration-current-v1\workspace\repo\src\external\3rd\library\stlport453\stlport\config/_msvc_warnings_off.h
Note: including file:               C:\Program Files (x86)\Microsoft Visual Studio 12.0\VC\INCLUDE\../include/string.h
Note: including file:                C:\Program Files (x86)\Microsoft Visual Studio 12.0\VC\INCLUDE\crtdefs.h
Note: including file:               C:\integration-current-v1\workspace\repo\src\external\3rd\library\stlport453\stlport\stl/_epilog.h
Note: including file:                C:\integration-current-v1\workspace\repo\src\external\3rd\library\stlport453\stlport\config/_epilog.h
Note: including file:                C:\integration-current-v1\workspace\repo\src\external\3rd\library\stlport453\stlport\stl/_config_compat_post.h
Note: including file:             c:\program files (x86)\windows kits\8.1\include\shared\pshpack4.h
Note: including file:             c:\program files (x86)\windows kits\8.1\include\shared\poppack.h
Note: including file:             c:\program files (x86)\windows kits\8.1\include\shared\pshpack4.h
Note: including file:             c:\program files (x86)\windows kits\8.1\include\shared\poppack.h
Note: including file:             C:\Program Files (x86)\Windows Kits\8.1\include\shared\pshpack4.h
Note: including file:             C:\Program Files (x86)\Windows Kits\8.1\include\shared\poppack.h
Note: including file:             c:\program files (x86)\windows kits\8.1\include\shared\pshpack4.h
Note: including file:             c:\program files (x86)\windows kits\8.1\include\shared\pshpack2.h
Note: including file:             c:\program files (x86)\windows kits\8.1\include\shared\poppack.h
Note: including file:             c:\program files (x86)\windows kits\8.1\include\shared\pshpack2.h
Note: including file:             C:\Program Files (x86)\Windows Kits\8.1\include\shared\pshpack2.h
Note: including file:             C:\Program Files (x86)\Windows Kits\8.1\include\shared\poppack.h
Note: including file:             c:\program files (x86)\windows kits\8.1\include\shared\poppack.h
Note: including file:             c:\program files (x86)\windows kits\8.1\include\shared\pshpack8.h
Note: including file:             c:\program files (x86)\windows kits\8.1\include\shared\poppack.h
Note: including file:             c:\program files (x86)\windows kits\8.1\include\shared\poppack.h
Note: including file:             C:\Program Files (x86)\Windows Kits\8.1\include\shared\apiset.h
Note: including file:             C:\integration-current-v1\workspace\repo\src\external\3rd\library\stlport453\stlport\string.h
Note: including file:              C:\integration-current-v1\workspace\repo\src\external\3rd\library\stlport453\stlport\stl/_prolog.h
Note: including file:               C:\integration-current-v1\workspace\repo\src\external\3rd\library\stlport453\stlport\config/_prolog.h
Note: including file:                C:\integration-current-v1\workspace\repo\src\external\3rd\library\stlport453\stlport\config/_msvc_warnings_off.h
Note: including file:              C:\integration-current-v1\workspace\repo\src\external\3rd\library\stlport453\stlport\stl/_epilog.h
Note: including file:               C:\integration-current-v1\workspace\repo\src\external\3rd\library\stlport453\stlport\config/_epilog.h
Note: including file:               C:\integration-current-v1\workspace\repo\src\external\3rd\library\stlport453\stlport\stl/_config_compat_post.h
Note: including file:             C:\Program Files (x86)\Windows Kits\8.1\include\shared\ktmtypes.h
Note: including file:          C:\Program Files (x86)\Windows Kits\8.1\include\um\winbase.h
Note: including file:           C:\Program Files (x86)\Windows Kits\8.1\include\shared\apisetcconv.h
Note: including file:           C:\Program Files (x86)\Windows Kits\8.1\include\um\minwinbase.h
Note: including file:           C:\Program Files (x86)\Windows Kits\8.1\include\um\processenv.h
Note: including file:           C:\Program Files (x86)\Windows Kits\8.1\include\um\fileapi.h
Note: including file:           C:\Program Files (x86)\Windows Kits\8.1\include\um\debugapi.h
Note: including file:           C:\Program Files (x86)\Windows Kits\8.1\include\um\utilapiset.h
Note: including file:           C:\Program Files (x86)\Windows Kits\8.1\include\um\handleapi.h
Note: including file:           C:\Program Files (x86)\Windows Kits\8.1\include\um\errhandlingapi.h
Note: including file:           C:\Program Files (x86)\Windows Kits\8.1\include\um\fibersapi.h
Note: including file:           C:\Program Files (x86)\Windows Kits\8.1\include\um\namedpipeapi.h
Note: including file:           C:\Program Files (x86)\Windows Kits\8.1\include\um\profileapi.h
Note: including file:           C:\Program Files (x86)\Windows Kits\8.1\include\um\heapapi.h
Note: including file:           C:\Program Files (x86)\Windows Kits\8.1\include\um\ioapiset.h
Note: including file:           C:\Program Files (x86)\Windows Kits\8.1\include\um\synchapi.h
Note: including file:           C:\Program Files (x86)\Windows Kits\8.1\include\um\interlockedapi.h
Note: including file:           C:\Program Files (x86)\Windows Kits\8.1\include\um\processthreadsapi.h
Note: including file:           C:\Program Files (x86)\Windows Kits\8.1\include\um\sysinfoapi.h
Note: including file:           C:\Program Files (x86)\Windows Kits\8.1\include\um\memoryapi.h
Note: including file:           C:\Program Files (x86)\Windows Kits\8.1\include\um\threadpoollegacyapiset.h
Note: including file:           C:\Program Files (x86)\Windows Kits\8.1\include\um\threadpoolapiset.h
Note: including file:           C:\Program Files (x86)\Windows Kits\8.1\include\um\bemapiset.h
Note: including file:           C:\Program Files (x86)\Windows Kits\8.1\include\um\jobapi.h
Note: including file:           C:\Program Files (x86)\Windows Kits\8.1\include\um\wow64apiset.h
Note: including file:           C:\Program Files (x86)\Windows Kits\8.1\include\um\libloaderapi.h
Note: including file:           C:\Program Files (x86)\Windows Kits\8.1\include\um\securitybaseapi.h
Note: including file:           C:\Program Files (x86)\Windows Kits\8.1\include\um\namespaceapi.h
Note: including file:           C:\Program Files (x86)\Windows Kits\8.1\include\um\systemtopologyapi.h
Note: including file:           C:\Program Files (x86)\Windows Kits\8.1\include\um\processtopologyapi.h
Note: including file:           C:\Program Files (x86)\Windows Kits\8.1\include\um\securityappcontainer.h
Note: including file:           C:\Program Files (x86)\Windows Kits\8.1\include\um\realtimeapiset.h
Note: including file:           C:\Program Files (x86)\Windows Kits\8.1\include\shared\winerror.h
Note: including file:           C:\Program Files (x86)\Windows Kits\8.1\include\um\timezoneapi.h
Note: including file:          C:\Program Files (x86)\Windows Kits\8.1\include\um\wingdi.h
Note: including file:           C:\Program Files (x86)\Windows Kits\8.1\include\shared\pshpack1.h
Note: including file:           C:\Program Files (x86)\Windows Kits\8.1\include\shared\poppack.h
Note: including file:           C:\Program Files (x86)\Windows Kits\8.1\include\shared\pshpack2.h
Note: including file:           C:\Program Files (x86)\Windows Kits\8.1\include\shared\poppack.h
Note: including file:           C:\Program Files (x86)\Windows Kits\8.1\include\shared\pshpack4.h
Note: including file:           C:\Program Files (x86)\Windows Kits\8.1\include\shared\poppack.h
Note: including file:           C:\Program Files (x86)\Windows Kits\8.1\include\shared\pshpack4.h
Note: including file:           C:\Program Files (x86)\Windows Kits\8.1\include\shared\poppack.h
Note: including file:          C:\Program Files (x86)\Windows Kits\8.1\include\um\winuser.h
Note: including file:           C:\integration-current-v1\workspace\repo\src\external\3rd\library\stlport453\stlport\stdarg.h
Note: including file:            C:\integration-current-v1\workspace\repo\src\external\3rd\library\stlport453\stlport\stl/_prolog.h
Note: including file:             C:\integration-current-v1\workspace\repo\src\external\3rd\library\stlport453\stlport\config/_prolog.h
Note: including file:              C:\integration-current-v1\workspace\repo\src\external\3rd\library\stlport453\stlport\config/_msvc_warnings_off.h
Note: including file:            C:\integration-current-v1\workspace\repo\src\external\3rd\library\stlport453\stlport\stl/_epilog.h
Note: including file:             C:\integration-current-v1\workspace\repo\src\external\3rd\library\stlport453\stlport\config/_epilog.h
Note: including file:             C:\integration-current-v1\workspace\repo\src\external\3rd\library\stlport453\stlport\stl/_config_compat_post.h
Note: including file:           C:\Program Files (x86)\Windows Kits\8.1\include\shared\pshpack2.h
Note: including file:           C:\Program Files (x86)\Windows Kits\8.1\include\shared\poppack.h
Note: including file:           C:\Program Files (x86)\Windows Kits\8.1\include\shared\tvout.h
Note: including file:          C:\Program Files (x86)\Windows Kits\8.1\include\um\winnls.h
Note: including file:           C:\Program Files (x86)\Windows Kits\8.1\include\um\datetimeapi.h
Note: including file:           C:\Program Files (x86)\Windows Kits\8.1\include\um\stringapiset.h
Note: including file:            C:\Program Files (x86)\Windows Kits\8.1\include\um\winnls.h
Note: including file:          C:\Program Files (x86)\Windows Kits\8.1\include\um\wincon.h
Note: including file:           C:\Program Files (x86)\Windows Kits\8.1\include\um\consoleapi.h
Note: including file:          C:\Program Files (x86)\Windows Kits\8.1\include\um\winver.h
Note: including file:           C:\Program Files (x86)\Windows Kits\8.1\include\um\verrsrc.h
Note: including file:          C:\Program Files (x86)\Windows Kits\8.1\include\um\winreg.h
Note: including file:           C:\Program Files (x86)\Windows Kits\8.1\include\um\reason.h
Note: including file:          C:\Program Files (x86)\Windows Kits\8.1\include\um\winnetwk.h
Note: including file:           C:\Program Files (x86)\Windows Kits\8.1\include\shared\wnnc.h
Note: including file:          C:\Program Files (x86)\Windows Kits\8.1\include\shared\stralign.h
Note: including file:          C:\Program Files (x86)\Windows Kits\8.1\include\um\imm.h
Note: including file:           C:\Program Files (x86)\Windows Kits\8.1\include\um\ime_cmodes.h
Note: including file:         C:\Program Files (x86)\Windows Kits\8.1\include\shared\wtypes.h
Note: including file:          c:\program files (x86)\windows kits\8.1\include\shared\rpc.h
Note: including file:           C:\Program Files (x86)\Windows Kits\8.1\include\shared\rpcdce.h
Note: including file:            C:\Program Files (x86)\Windows Kits\8.1\include\shared\rpcdcep.h
Note: including file:           C:\Program Files (x86)\Windows Kits\8.1\include\um\rpcnsi.h
Note: including file:           C:\Program Files (x86)\Windows Kits\8.1\include\shared\rpcnterr.h
Note: including file:           C:\Program Files (x86)\Windows Kits\8.1\include\shared\rpcasync.h
Note: including file:          c:\program files (x86)\windows kits\8.1\include\shared\rpcndr.h
Note: including file:           C:\Program Files (x86)\Windows Kits\8.1\include\shared\pshpack8.h
Note: including file:           C:\Program Files (x86)\Windows Kits\8.1\include\um\rpcnsip.h
Note: including file:           C:\Program Files (x86)\Windows Kits\8.1\include\shared\rpcsal.h
Note: including file:           C:\Program Files (x86)\Windows Kits\8.1\include\shared\poppack.h
Note: including file:          c:\program files (x86)\windows kits\8.1\include\shared\wtypesbase.h
Note: including file:           c:\program files (x86)\windows kits\8.1\include\shared\guiddef.h
Note: including file:       c:\pr-imemmove18-v1\candidate\src\engine\shared\library\sharedfoundation\src\win32\../../../../../../engine/shared/library/sharedFoundation/src/win32/PlatformGlue.h
Note: including file:        C:\integration-current-v1\workspace\repo\src\external\3rd\library\stlport453\stlport\time.h
Note: including file:         C:\integration-current-v1\workspace\repo\src\external\3rd\library\stlport453\stlport\stl/_prolog.h
Note: including file:          C:\integration-current-v1\workspace\repo\src\external\3rd\library\stlport453\stlport\config/_prolog.h
Note: including file:           C:\integration-current-v1\workspace\repo\src\external\3rd\library\stlport453\stlport\config/_msvc_warnings_off.h
Note: including file:         C:\Program Files (x86)\Microsoft Visual Studio 12.0\VC\INCLUDE\../include/time.h
Note: including file:          C:\Program Files (x86)\Microsoft Visual Studio 12.0\VC\INCLUDE\crtdefs.h
Note: including file:          C:\Program Files (x86)\Microsoft Visual Studio 12.0\VC\INCLUDE\wtime.inl
Note: including file:          C:\Program Files (x86)\Microsoft Visual Studio 12.0\VC\INCLUDE\time.inl
Note: including file:         C:\integration-current-v1\workspace\repo\src\external\3rd\library\stlport453\stlport\stl/_epilog.h
Note: including file:          C:\integration-current-v1\workspace\repo\src\external\3rd\library\stlport453\stlport\config/_epilog.h
Note: including file:          C:\integration-current-v1\workspace\repo\src\external\3rd\library\stlport453\stlport\stl/_config_compat_post.h
Note: including file:     c:\pr-imemmove18-v1\candidate\src\engine\shared\library\sharedfoundation\src\shared\../../../../../../engine/shared/library/sharedMemoryManager/include/public/sharedMemoryManager/MemoryManager.h
Note: including file:      c:\pr-imemmove18-v1\candidate\src\engine\shared\library\sharedmemorymanager\include\public\sharedmemorymanager\../../../src/shared/MemoryManager.h
Note: including file:       c:\pr-imemmove18-v1\candidate\src\engine\shared\library\sharedmemorymanager\src\shared\../../../../../../engine/shared/library/sharedDebug/include/public/sharedDebug/DebugHelp.h
Note: including file:        c:\pr-imemmove18-v1\candidate\src\engine\shared\library\shareddebug\include\public\shareddebug\../../../src/win32/DebugHelp.h
Note: including file:       C:\integration-current-v1\workspace\repo\src\external\3rd\library\stlport453\stlport\new
Note: including file:        C:\integration-current-v1\workspace\repo\src\external\3rd\library\stlport453\stlport\stl/_prolog.h
Note: including file:         C:\integration-current-v1\workspace\repo\src\external\3rd\library\stlport453\stlport\config/_prolog.h
Note: including file:          C:\integration-current-v1\workspace\repo\src\external\3rd\library\stlport453\stlport\config/_msvc_warnings_off.h
Note: including file:        C:\integration-current-v1\workspace\repo\src\external\3rd\library\stlport453\stlport\cstddef
Note: including file:         C:\Program Files (x86)\Microsoft Visual Studio 12.0\VC\INCLUDE\../include/cstddef
Note: including file:          C:\Program Files (x86)\Microsoft Visual Studio 12.0\VC\INCLUDE\yvals.h
Note: including file:           C:\Program Files (x86)\Microsoft Visual Studio 12.0\VC\INCLUDE\xkeycheck.h
Note: including file:           C:\Program Files (x86)\Microsoft Visual Studio 12.0\VC\INCLUDE\crtdefs.h
Note: including file:           C:\Program Files (x86)\Microsoft Visual Studio 12.0\VC\INCLUDE\use_ansi.h
Note: including file:          C:\integration-current-v1\workspace\repo\src\external\3rd\library\stlport453\stlport\stddef.h
Note: including file:           C:\Program Files (x86)\Microsoft Visual Studio 12.0\VC\INCLUDE\../include/stddef.h
Note: including file:            C:\Program Files (x86)\Microsoft Visual Studio 12.0\VC\INCLUDE\crtdefs.h
Note: including file:        C:\Program Files (x86)\Microsoft Visual Studio 12.0\VC\INCLUDE\../include/new
Note: including file:         C:\integration-current-v1\workspace\repo\src\external\3rd\library\stlport453\stlport\exception
Note: including file:          C:\Program Files (x86)\Microsoft Visual Studio 12.0\VC\INCLUDE\../include/exception
Note: including file:           C:\Program Files (x86)\Microsoft Visual Studio 12.0\VC\INCLUDE\xstddef
Note: including file:            C:\integration-current-v1\workspace\repo\src\external\3rd\library\stlport453\stlport\stdlib.h
Note: including file:             C:\Program Files (x86)\Microsoft Visual Studio 12.0\VC\INCLUDE\../include/stdlib.h
Note: including file:              C:\Program Files (x86)\Microsoft Visual Studio 12.0\VC\INCLUDE\crtdefs.h
Note: including file:              C:\Program Files (x86)\Microsoft Visual Studio 12.0\VC\INCLUDE\limits.h
Note: including file:               C:\Program Files (x86)\Microsoft Visual Studio 12.0\VC\INCLUDE\crtdefs.h
Note: including file:            C:\Program Files (x86)\Microsoft Visual Studio 12.0\VC\INCLUDE\initializer_list
Note: including file:            C:\Program Files (x86)\Microsoft Visual Studio 12.0\VC\INCLUDE\xtr1common
Note: including file:           C:\Program Files (x86)\Microsoft Visual Studio 12.0\VC\INCLUDE\eh.h
Note: including file:            C:\Program Files (x86)\Microsoft Visual Studio 12.0\VC\INCLUDE\crtdefs.h
Note: including file:           C:\Program Files (x86)\Microsoft Visual Studio 12.0\VC\INCLUDE\malloc.h
Note: including file:            C:\Program Files (x86)\Microsoft Visual Studio 12.0\VC\INCLUDE\crtdefs.h
Note: including file:           C:\integration-current-v1\workspace\repo\src\external\3rd\library\stlport453\stlport\string.h
Note: including file:          C:\integration-current-v1\workspace\repo\src\external\3rd\library\stlport453\stlport\config/_msvc_warnings_off.h
Note: including file:        C:\integration-current-v1\workspace\repo\src\external\3rd\library\stlport453\stlport\stl/_epilog.h
Note: including file:         C:\integration-current-v1\workspace\repo\src\external\3rd\library\stlport453\stlport\config/_epilog.h
Note: including file:         C:\integration-current-v1\workspace\repo\src\external\3rd\library\stlport453\stlport\stl/_config_compat_post.h
Note: including file:       c:\pr-imemmove18-v1\candidate\src\engine\shared\library\sharedmemorymanager\src\shared\../../../../../../engine/shared/library/sharedMemoryManager/include/public/sharedMemoryManager/OsNewDel.h
Note: including file:        c:\pr-imemmove18-v1\candidate\src\engine\shared\library\sharedmemorymanager\include\public\sharedmemorymanager\../../../src/win32/OsNewDel.h
Note: including file:     C:\integration-current-v1\workspace\repo\src\external\3rd\library\stlport453\stlport\cfloat
Note: including file:      C:\integration-current-v1\workspace\repo\src\external\3rd\library\stlport453\stlport\stl/_prolog.h
Note: including file:       C:\integration-current-v1\workspace\repo\src\external\3rd\library\stlport453\stlport\config/_prolog.h
Note: including file:        C:\integration-current-v1\workspace\repo\src\external\3rd\library\stlport453\stlport\config/_msvc_warnings_off.h
Note: including file:      C:\Program Files (x86)\Microsoft Visual Studio 12.0\VC\INCLUDE\../include/cfloat
Note: including file:       C:\Program Files (x86)\Microsoft Visual Studio 12.0\VC\INCLUDE\float.h
Note: including file:        C:\Program Files (x86)\Microsoft Visual Studio 12.0\VC\INCLUDE\crtdefs.h
Note: including file:        C:\Program Files (x86)\Microsoft Visual Studio 12.0\VC\INCLUDE\crtwrn.h
Note: including file:         C:\Program Files (x86)\Microsoft Visual Studio 12.0\VC\INCLUDE\crtdefs.h
Note: including file:      C:\integration-current-v1\workspace\repo\src\external\3rd\library\stlport453\stlport\stl/_epilog.h
Note: including file:       C:\integration-current-v1\workspace\repo\src\external\3rd\library\stlport453\stlport\config/_epilog.h
Note: including file:       C:\integration-current-v1\workspace\repo\src\external\3rd\library\stlport453\stlport\stl/_config_compat_post.h
Note: including file:     C:\integration-current-v1\workspace\repo\src\external\3rd\library\stlport453\stlport\math.h
Note: including file:      C:\integration-current-v1\workspace\repo\src\external\3rd\library\stlport453\stlport\stl/_prolog.h
Note: including file:       C:\integration-current-v1\workspace\repo\src\external\3rd\library\stlport453\stlport\config/_prolog.h
Note: including file:        C:\integration-current-v1\workspace\repo\src\external\3rd\library\stlport453\stlport\config/_msvc_warnings_off.h
Note: including file:      C:\Program Files (x86)\Microsoft Visual Studio 12.0\VC\INCLUDE\../include/math.h
Note: including file:       C:\Program Files (x86)\Microsoft Visual Studio 12.0\VC\INCLUDE\crtdefs.h
Note: including file:      C:\integration-current-v1\workspace\repo\src\external\3rd\library\stlport453\stlport\stl/_epilog.h
Note: including file:       C:\integration-current-v1\workspace\repo\src\external\3rd\library\stlport453\stlport\config/_epilog.h
Note: including file:       C:\integration-current-v1\workspace\repo\src\external\3rd\library\stlport453\stlport\stl/_config_compat_post.h
Note: including file:     C:\integration-current-v1\workspace\repo\src\external\3rd\library\stlport453\stlport\string.h
Note: including file:      C:\integration-current-v1\workspace\repo\src\external\3rd\library\stlport453\stlport\stl/_prolog.h
Note: including file:       C:\integration-current-v1\workspace\repo\src\external\3rd\library\stlport453\stlport\config/_prolog.h
Note: including file:        C:\integration-current-v1\workspace\repo\src\external\3rd\library\stlport453\stlport\config/_msvc_warnings_off.h
Note: including file:      C:\integration-current-v1\workspace\repo\src\external\3rd\library\stlport453\stlport\stl/_epilog.h
Note: including file:       C:\integration-current-v1\workspace\repo\src\external\3rd\library\stlport453\stlport\config/_epilog.h
Note: including file:       C:\integration-current-v1\workspace\repo\src\external\3rd\library\stlport453\stlport\stl/_config_compat_post.h
Note: including file:     C:\integration-current-v1\workspace\repo\src\external\3rd\library\stlport453\stlport\ctype.h
Note: including file:      C:\integration-current-v1\workspace\repo\src\external\3rd\library\stlport453\stlport\stl/_prolog.h
Note: including file:       C:\integration-current-v1\workspace\repo\src\external\3rd\library\stlport453\stlport\config/_prolog.h
Note: including file:        C:\integration-current-v1\workspace\repo\src\external\3rd\library\stlport453\stlport\config/_msvc_warnings_off.h
Note: including file:      C:\integration-current-v1\workspace\repo\src\external\3rd\library\stlport453\stlport\stl/_epilog.h
Note: including file:       C:\integration-current-v1\workspace\repo\src\external\3rd\library\stlport453\stlport\config/_epilog.h
Note: including file:       C:\integration-current-v1\workspace\repo\src\external\3rd\library\stlport453\stlport\stl/_config_compat_post.h
Note: including file:     C:\integration-current-v1\workspace\repo\src\external\3rd\library\stlport453\stlport\stdarg.h
Note: including file:      C:\integration-current-v1\workspace\repo\src\external\3rd\library\stlport453\stlport\stl/_prolog.h
Note: including file:       C:\integration-current-v1\workspace\repo\src\external\3rd\library\stlport453\stlport\config/_prolog.h
Note: including file:        C:\integration-current-v1\workspace\repo\src\external\3rd\library\stlport453\stlport\config/_msvc_warnings_off.h
Note: including file:      C:\integration-current-v1\workspace\repo\src\external\3rd\library\stlport453\stlport\stl/_epilog.h
Note: including file:       C:\integration-current-v1\workspace\repo\src\external\3rd\library\stlport453\stlport\config/_epilog.h
Note: including file:       C:\integration-current-v1\workspace\repo\src\external\3rd\library\stlport453\stlport\stl/_config_compat_post.h
Note: including file:     c:\pr-imemmove18-v1\candidate\src\engine\shared\library\sharedfoundation\src\shared\../../../../../../engine/shared/library/sharedFoundation/include/public/sharedFoundation/MacroFoundation.h
Note: including file:      c:\pr-imemmove18-v1\candidate\src\engine\shared\library\sharedfoundation\include\public\sharedfoundation\../../../src/shared/MacroFoundation.h
Note: including file:     c:\pr-imemmove18-v1\candidate\src\engine\shared\library\sharedfoundation\src\shared\../../../../../../engine/shared/library/sharedFoundation/include/public/sharedFoundation/Binary.h
Note: including file:      c:\pr-imemmove18-v1\candidate\src\engine\shared\library\sharedfoundation\include\public\sharedfoundation\../../../src/shared/Binary.h
Note: including file:     c:\pr-imemmove18-v1\candidate\src\engine\shared\library\sharedfoundation\src\shared\../../../../../../engine/shared/library/sharedFoundation/include/public/sharedFoundation/Fatal.h
Note: including file:      c:\pr-imemmove18-v1\candidate\src\engine\shared\library\sharedfoundation\include\public\sharedfoundation\../../../src/shared/Fatal.h
Note: including file:     c:\pr-imemmove18-v1\candidate\src\engine\shared\library\sharedfoundation\src\shared\../../../../../../engine/shared/library/sharedFoundation/include/public/sharedFoundation/StlForwardDeclaration.h
Note: including file:      c:\pr-imemmove18-v1\candidate\src\engine\shared\library\sharedfoundation\include\public\sharedfoundation\../../../src/shared/StlForwardDeclaration.h
Note: including file:     c:\pr-imemmove18-v1\candidate\src\engine\shared\library\sharedfoundation\src\shared\../../../../../../engine/shared/library/sharedFoundation/include/public/sharedFoundation/Misc.h
Note: including file:      c:\pr-imemmove18-v1\candidate\src\engine\shared\library\sharedfoundation\include\public\sharedfoundation\../../../src/shared/Misc.h
Note: including file:     c:\pr-imemmove18-v1\candidate\src\engine\shared\library\sharedfoundation\src\shared\../../../../../../engine/shared/library/sharedDebug/include/public/sharedDebug/RemoteDebug.h
Note: including file:      c:\pr-imemmove18-v1\candidate\src\engine\shared\library\shareddebug\include\public\shareddebug\../../../src/shared/RemoteDebug.h
Note: including file:     c:\pr-imemmove18-v1\candidate\src\engine\shared\library\sharedfoundation\src\shared\../../../../../../engine/shared/library/sharedDebug/include/public/sharedDebug/Report.h
Note: including file:      c:\pr-imemmove18-v1\candidate\src\engine\shared\library\shareddebug\include\public\shareddebug\../../../src/shared/Report.h
Note: including file:     c:\pr-imemmove18-v1\candidate\src\engine\shared\library\sharedfoundation\src\shared\../../../../../../engine/shared/library/sharedFoundation/include/public/sharedFoundation/FloatMath.h
Note: including file:      c:\pr-imemmove18-v1\candidate\src\engine\shared\library\sharedfoundation\include\public\sharedfoundation\../../../src/shared/FloatMath.h
Note: including file:     c:\pr-imemmove18-v1\candidate\src\engine\shared\library\sharedfoundation\src\shared\../../../../../../engine/shared/library/sharedFoundation/include/public/sharedFoundation/SafeCast.h
Note: including file:      c:\pr-imemmove18-v1\candidate\src\engine\shared\library\sharedfoundation\include\public\sharedfoundation\../../../src/shared/SafeCast.h
Note: including file:   C:\integration-current-v1\workspace\repo\src\external\3rd\library\ui\include\_precompile.h
Note: including file:    c:\integration-current-v1\workspace\repo\src\external\3rd\library\ui\include\../src/win32/_precompile.h
Note: including file:     C:\integration-current-v1\workspace\repo\src\external\3rd\library\stlport453\stlport\cstdlib
Note: including file:      C:\integration-current-v1\workspace\repo\src\external\3rd\library\stlport453\stlport\stl/_prolog.h
Note: including file:       C:\integration-current-v1\workspace\repo\src\external\3rd\library\stlport453\stlport\config/_prolog.h
Note: including file:        C:\integration-current-v1\workspace\repo\src\external\3rd\library\stlport453\stlport\config/_msvc_warnings_off.h
Note: including file:      C:\Program Files (x86)\Microsoft Visual Studio 12.0\VC\INCLUDE\../include/cstdlib
Note: including file:       C:\integration-current-v1\workspace\repo\src\external\3rd\library\stlport453\stlport\stdlib.h
Note: including file:      C:\integration-current-v1\workspace\repo\src\external\3rd\library\stlport453\stlport\stl/_epilog.h
Note: including file:       C:\integration-current-v1\workspace\repo\src\external\3rd\library\stlport453\stlport\config/_epilog.h
Note: including file:       C:\integration-current-v1\workspace\repo\src\external\3rd\library\stlport453\stlport\stl/_config_compat_post.h
Note: including file:     c:\integration-current-v1\workspace\repo\src\external\3rd\library\ui\src\win32\UIStlFwd.h
Note: including file:     c:\integration-current-v1\workspace\repo\src\external\3rd\library\ui\include\UiReport.h
Note: including file:      c:\integration-current-v1\workspace\repo\src\external\3rd\library\ui\include\../src/shared/core/UiReport.h
Note: including file:       C:\integration-current-v1\workspace\repo\src\external\3rd\library\stlport453\stlport\cstdarg
Note: including file:        C:\integration-current-v1\workspace\repo\src\external\3rd\library\stlport453\stlport\stl/_prolog.h
Note: including file:         C:\integration-current-v1\workspace\repo\src\external\3rd\library\stlport453\stlport\config/_prolog.h
Note: including file:          C:\integration-current-v1\workspace\repo\src\external\3rd\library\stlport453\stlport\config/_msvc_warnings_off.h
Note: including file:        C:\Program Files (x86)\Microsoft Visual Studio 12.0\VC\INCLUDE\../include/cstdarg
Note: including file:         C:\integration-current-v1\workspace\repo\src\external\3rd\library\stlport453\stlport\stdarg.h
Note: including file:        C:\integration-current-v1\workspace\repo\src\external\3rd\library\stlport453\stlport\stl/_epilog.h
Note: including file:         C:\integration-current-v1\workspace\repo\src\external\3rd\library\stlport453\stlport\config/_epilog.h
Note: including file:         C:\integration-current-v1\workspace\repo\src\external\3rd\library\stlport453\stlport\stl/_config_compat_post.h
Note: including file:     C:\integration-current-v1\workspace\repo\src\external\ours\library\unicode\include\UnicodeUtils.h
Note: including file:      c:\integration-current-v1\workspace\repo\src\external\ours\library\unicode\include\../src/shared/UnicodeUtils.h
Note: including file:       c:\integration-current-v1\workspace\repo\src\external\ours\library\unicode\src\shared\Unicode.h
Note: including file:        C:\integration-current-v1\workspace\repo\src\external\3rd\library\stlport453\stlport\string
Note: including file:         C:\integration-current-v1\workspace\repo\src\external\3rd\library\stlport453\stlport\stl/_prolog.h
Note: including file:          C:\integration-current-v1\workspace\repo\src\external\3rd\library\stlport453\stlport\config/_prolog.h
Note: including file:           C:\integration-current-v1\workspace\repo\src\external\3rd\library\stlport453\stlport\config/_msvc_warnings_off.h
Note: including file:         C:\integration-current-v1\workspace\repo\src\external\3rd\library\stlport453\stlport\stl/_string.h
Note: including file:          C:\integration-current-v1\workspace\repo\src\external\3rd\library\stlport453\stlport\memory
Note: including file:           C:\integration-current-v1\workspace\repo\src\external\3rd\library\stlport453\stlport\stl/_alloc.h
Note: including file:            C:\integration-current-v1\workspace\repo\src\external\3rd\library\stlport453\stlport\cstring
Note: including file:             C:\Program Files (x86)\Microsoft Visual Studio 12.0\VC\INCLUDE\../include/cstring
Note: including file:              C:\integration-current-v1\workspace\repo\src\external\3rd\library\stlport453\stlport\string.h
Note: including file:             C:\integration-current-v1\workspace\repo\src\external\3rd\library\stlport453\stlport\using/cstring
Note: including file:            C:\integration-current-v1\workspace\repo\src\external\3rd\library\stlport453\stlport\cstdio
Note: including file:             C:\Program Files (x86)\Microsoft Visual Studio 12.0\VC\INCLUDE\../include/cstdio
Note: including file:              C:\integration-current-v1\workspace\repo\src\external\3rd\library\stlport453\stlport\stdio.h
Note: including file:               C:\Program Files (x86)\Microsoft Visual Studio 12.0\VC\INCLUDE\../include/stdio.h
Note: including file:                C:\Program Files (x86)\Microsoft Visual Studio 12.0\VC\INCLUDE\crtdefs.h
Note: including file:                C:\Program Files (x86)\Microsoft Visual Studio 12.0\VC\INCLUDE\swprintf.inl
Note: including file:            C:\integration-current-v1\workspace\repo\src\external\3rd\library\stlport453\stlport\stl/_threads.h
Note: including file:             C:\integration-current-v1\workspace\repo\src\external\3rd\library\stlport453\stlport\stl/_threads.c
Note: including file:            C:\integration-current-v1\workspace\repo\src\external\3rd\library\stlport453\stlport\stl/_construct.h
Note: including file:             C:\integration-current-v1\workspace\repo\src\external\3rd\library\stlport453\stlport\stl/_iterator_base.h
Note: including file:              C:\integration-current-v1\workspace\repo\src\external\3rd\library\stlport453\stlport\stl/type_traits.h
Note: including file:           C:\integration-current-v1\workspace\repo\src\external\3rd\library\stlport453\stlport\stl/_tempbuf.h
Note: including file:            C:\integration-current-v1\workspace\repo\src\external\3rd\library\stlport453\stlport\climits
Note: including file:             C:\Program Files (x86)\Microsoft Visual Studio 12.0\VC\INCLUDE\../include/climits
Note: including file:            C:\integration-current-v1\workspace\repo\src\external\3rd\library\stlport453\stlport\stl/_uninitialized.h
Note: including file:             C:\integration-current-v1\workspace\repo\src\external\3rd\library\stlport453\stlport\stl/_algobase.h
Note: including file:              C:\integration-current-v1\workspace\repo\src\external\3rd\library\stlport453\stlport\stl/_pair.h
Note: including file:              C:\integration-current-v1\workspace\repo\src\external\3rd\library\stlport453\stlport\stl/_algobase.c
Note: including file:               C:\integration-current-v1\workspace\repo\src\external\3rd\library\stlport453\stlport\stl/_iterator.h
Note: including file:            C:\integration-current-v1\workspace\repo\src\external\3rd\library\stlport453\stlport\stl/_tempbuf.c
Note: including file:           C:\integration-current-v1\workspace\repo\src\external\3rd\library\stlport453\stlport\stl/_raw_storage_iter.h
Note: including file:           C:\integration-current-v1\workspace\repo\src\external\3rd\library\stlport453\stlport\stl/_auto_ptr.h
Note: including file:          C:\integration-current-v1\workspace\repo\src\external\3rd\library\stlport453\stlport\cctype
Note: including file:           C:\Program Files (x86)\Microsoft Visual Studio 12.0\VC\INCLUDE\../include/cctype
Note: including file:            C:\integration-current-v1\workspace\repo\src\external\3rd\library\stlport453\stlport\ctype.h
Note: including file:          C:\integration-current-v1\workspace\repo\src\external\3rd\library\stlport453\stlport\stl/_string_fwd.h
Note: including file:           C:\integration-current-v1\workspace\repo\src\external\3rd\library\stlport453\stlport\iosfwd
Note: including file:            C:\integration-current-v1\workspace\repo\src\external\3rd\library\stlport453\stlport\cwchar
Note: including file:             C:\Program Files (x86)\Microsoft Visual Studio 12.0\VC\INCLUDE\../include/cwchar
Note: including file:              C:\integration-current-v1\workspace\repo\src\external\3rd\library\stlport453\stlport\wchar.h
Note: including file:               C:\Program Files (x86)\Microsoft Visual Studio 12.0\VC\INCLUDE\../include/wchar.h
Note: including file:                C:\Program Files (x86)\Microsoft Visual Studio 12.0\VC\INCLUDE\crtdefs.h
Note: including file:            C:\integration-current-v1\workspace\repo\src\external\3rd\library\stlport453\stlport\stl/_iosfwd.h
Note: including file:             C:\integration-current-v1\workspace\repo\src\external\3rd\library\stlport453\stlport\stl/char_traits.h
Note: including file:          C:\integration-current-v1\workspace\repo\src\external\3rd\library\stlport453\stlport\stl/_function.h
Note: including file:           C:\integration-current-v1\workspace\repo\src\external\3rd\library\stlport453\stlport\stl/_function_base.h
Note: including file:          C:\integration-current-v1\workspace\repo\src\external\3rd\library\stlport453\stlport\stl/_ctraits_fns.h
Note: including file:          C:\integration-current-v1\workspace\repo\src\external\3rd\library\stlport453\stlport\stl/_string.c
Note: including file:           C:\integration-current-v1\workspace\repo\src\external\3rd\library\stlport453\stlport\stl/_string_fwd.c
Note: including file:           C:\integration-current-v1\workspace\repo\src\external\3rd\library\stlport453\stlport\stl/_range_errors.h
Note: including file:          C:\integration-current-v1\workspace\repo\src\external\3rd\library\stlport453\stlport\stl/_string_io.h
Note: including file:           C:\integration-current-v1\workspace\repo\src\external\3rd\library\stlport453\stlport\stl/_string_io.c
Note: including file:          C:\integration-current-v1\workspace\repo\src\external\3rd\library\stlport453\stlport\stl/_string_hash.h
Note: including file:           C:\integration-current-v1\workspace\repo\src\external\3rd\library\stlport453\stlport\stl/_hash_fun.h
Note: including file:         C:\integration-current-v1\workspace\repo\src\external\3rd\library\stlport453\stlport\stl/_epilog.h
Note: including file:          C:\integration-current-v1\workspace\repo\src\external\3rd\library\stlport453\stlport\config/_epilog.h
Note: including file:          C:\integration-current-v1\workspace\repo\src\external\3rd\library\stlport453\stlport\stl/_config_compat_post.h
Note: including file:       c:\integration-current-v1\workspace\repo\src\external\ours\library\unicode\src\shared\utf8.h
Note: including file:        C:\integration-current-v1\workspace\repo\src\external\3rd\library\stlport453\stlport\stdio.h
Note: including file:         C:\integration-current-v1\workspace\repo\src\external\3rd\library\stlport453\stlport\stl/_prolog.h
Note: including file:          C:\integration-current-v1\workspace\repo\src\external\3rd\library\stlport453\stlport\config/_prolog.h
Note: including file:           C:\integration-current-v1\workspace\repo\src\external\3rd\library\stlport453\stlport\config/_msvc_warnings_off.h
Note: including file:         C:\integration-current-v1\workspace\repo\src\external\3rd\library\stlport453\stlport\stl/_epilog.h
Note: including file:          C:\integration-current-v1\workspace\repo\src\external\3rd\library\stlport453\stlport\config/_epilog.h
Note: including file:          C:\integration-current-v1\workspace\repo\src\external\3rd\library\stlport453\stlport\stl/_config_compat_post.h
Note: including file:   C:\integration-current-v1\workspace\repo\src\external\ours\library\localization\include\StringId.h
Note: including file:    c:\integration-current-v1\workspace\repo\src\external\ours\library\localization\include\../src/shared/StringId.h
Note: including file:     C:\integration-current-v1\workspace\repo\src\external\ours\library\unicode\include\Unicode.h
Note: including file: c:\pr-imemmove18-v1\candidate\src\engine\client\library\clientgame\src\shared\httppost\TCPQueue.h
Note: including file:  C:\integration-current-v1\workspace\repo\src\external\3rd\library\stlport453\stlport\vector
Note: including file:   C:\integration-current-v1\workspace\repo\src\external\3rd\library\stlport453\stlport\stl/_prolog.h
Note: including file:    C:\integration-current-v1\workspace\repo\src\external\3rd\library\stlport453\stlport\config/_prolog.h
Note: including file:     C:\integration-current-v1\workspace\repo\src\external\3rd\library\stlport453\stlport\config/_msvc_warnings_off.h
Note: including file:   C:\integration-current-v1\workspace\repo\src\external\3rd\library\stlport453\stlport\stl/_vector.h
Note: including file:    C:\integration-current-v1\workspace\repo\src\external\3rd\library\stlport453\stlport\stl/_relops_cont.h
Note: including file:    C:\integration-current-v1\workspace\repo\src\external\3rd\library\stlport453\stlport\stl/_vector.c
Note: including file:    C:\integration-current-v1\workspace\repo\src\external\3rd\library\stlport453\stlport\stl/_bvector.h
Note: including file:   C:\integration-current-v1\workspace\repo\src\external\3rd\library\stlport453\stlport\stl/_epilog.h
Note: including file:    C:\integration-current-v1\workspace\repo\src\external\3rd\library\stlport453\stlport\config/_epilog.h
Note: including file:    C:\integration-current-v1\workspace\repo\src\external\3rd\library\stlport453\stlport\stl/_config_compat_post.h
