LoginServer: station ids are derived with the gcc64 scheme recorded in the login database (evidence)
CentralServer not launching starting processes because m_clusterId is 0 - not received from the LoginServer yet
Cluster swg is not ready for players.
CentralServer now launching starting processes because has a connection to the TaskManager *AND* has received cluster Id (1) from the LoginServer
New Central Server connection active
New Database Server connection active
Cluster swg is not ready for players.
Cluster swg is not ready for players.
Cluster swg is not ready for players.
Cluster swg is not ready for players.
Cluster swg is not ready for players.
Cluster swg is not ready for players.
Cluster swg is not ready for players.
Cluster swg is not ready for players.
Cluster swg is not ready for players.
Cluster swg is not ready for players.
Cluster swg is not ready for players.
Cluster swg is not ready for players.
Cluster swg is not ready for players.
Cluster swg is not ready for players.
Cluster swg is not ready for players.
Cluster swg is not ready for players.
Cluster swg is not ready for players.
Cluster swg is not ready for players.
Cluster swg is not ready for players.
Cluster swg is not ready for players.
Cluster swg is not ready for players.
Cluster swg is not ready for players.
Cluster swg is not ready for players.
Cluster swg is not ready for players.
Cluster swg is not ready for players.
Cluster swg is not ready for players.
Cluster swg is not ready for players.
Cluster swg is not ready for players.
Cluster swg is not ready for players.
Cluster swg is not ready for players.
Cluster swg is not ready for players.
Cluster swg is not ready for players.
Cluster swg is not ready for players.
Cluster swg is not ready for players.
Cluster swg is not ready for players.
Cluster swg is not ready for players.
Cluster swg is not ready for players.
Cluster swg is not ready for players.
[Commodities Server] : 0 locations loaded to memory from database in (0) seconds.
[Commodities Server] : 0 auctions loaded to memory from database in (0) seconds.
[Commodities Server] : 0 auction attributes loaded to memory from database in (0) seconds.
[Commodities Server] : 0 bids loaded to memory from database in (0) seconds.
CommoditiesLoadDone Message received on connection with the database server
0 rows received on Auction_Locations
0 rows received on Market_Auctions
0 rows received on Market_Auction_Attributes
0 rows received on Market_Auction_Bids
New Planet Server connection active
New Planet Server connection active
New Planet Server connection active
New Planet Server connection active
New Planet Server connection active
New Planet Server connection active
New Planet Server connection active
New Planet Server connection active
New Planet Server connection active
New Planet Server connection active
New Planet Server connection active
New Planet Server connection active
New Planet Server connection active
New Planet Server connection active
New Planet Server connection active
New Planet Server connection active
New Planet Server connection active
New Planet Server connection active
New Planet Server connection active
New Planet Server connection active
New Planet Server connection active
New Planet Server connection active
New Planet Server connection active
New Planet Server connection active
New Planet Server connection active
New Planet Server connection active
New Planet Server connection active
New Planet Server connection active
New Planet Server connection active
New Planet Server connection active
New Planet Server connection active
New Planet Server connection active
New Planet Server connection active
New Planet Server connection active
New Planet Server connection active
New Planet Server connection active
New Planet Server connection active
New Planet Server connection active
New Game Server connection active
New Game Server connection active
New Game Server connection active
New Game Server connection active
New Game Server connection active
New Game Server connection active
New Game Server connection active
New Game Server connection active
New Game Server connection active
New Game Server connection active
New Game Server connection active
New Game Server connection active
New Game Server connection active
New Game Server connection active
New Game Server connection active
New Game Server connection active
New Game Server connection active
New Game Server connection active
New Game Server connection active
New Game Server connection active
New Game Server connection active
New Game Server connection active
New Game Server connection active
New Game Server connection active
New Game Server connection active
New Game Server connection active
New Game Server connection active
New Game Server connection active
New Game Server connection active
New Game Server connection active
New Game Server connection active
New Game Server connection active
New Game Server connection active
New Game Server connection active
New Game Server connection active
New Game Server connection active
New Game Server connection active
New Game Server connection active
GameServer 50 (pid 6365) shutdown, reason: CentralConnectionClosed : TcpClient::update recv returned 0
PlanetServer (pid 6335) shutdown, reason: CentralConnectionClosed : TcpClient::update recv returned 0
PlanetServer (pid 6306) shutdown, reason: CentralConnectionClosed : TcpClient::update recv returned 0
GameServer 78 (pid 6380) shutdown, reason: CentralConnectionClosed : TcpClient::update recv returned 0
PlanetServer (pid 6332) shutdown, reason: CentralConnectionClosed : TcpClient::update recv returned 0
GameServer 73 (pid 6381) shutdown, reason: CentralConnectionClosed : TcpClient::update recv returned 0
PlanetServer (pid 6343) shutdown, reason: CentralConnectionClosed : TcpClient::update recv returned 0
GameServer 55 (pid 6358) shutdown, reason: CentralConnectionClosed : TcpClient::update recv returned 0
PlanetServer (pid 6328) shutdown, reason: CentralConnectionClosed : TcpClient::update recv returned 0
PlanetServer (pid 6314) shutdown, reason: CentralConnectionClosed : TcpClient::update recv returned 0
PlanetServer (pid 6322) shutdown, reason: CentralConnectionClosed : TcpClient::update recv returned 0
PlanetServer (pid 6311) shutdown, reason: CentralConnectionClosed : TcpClient::update recv returned 0
PlanetServer (pid 6323) shutdown, reason: CentralConnectionClosed : TcpClient::update recv returned 0
PlanetServer (pid 6336) shutdown, reason: CentralConnectionClosed : TcpClient::update recv returned 0
PlanetServer (pid 6318) shutdown, reason: CentralConnectionClosed : TcpClient::update recv returned 0
PlanetServer (pid 6308) shutdown, reason: CentralConnectionClosed : TcpClient::update recv returned 0
DatabaseServer 4 (pid 6279) shutdown, reason: CentralConnectionClosed : TcpClient::update recv returned 0
WARNING:     (a6109445): Database lost connection to central.
GameServer 52 (pid 6363) shutdown, reason: CentralConnectionClosed : TcpClient::update recv returned 0
PlanetServer (pid 6307) shutdown, reason: CentralConnectionClosed : TcpClient::update recv returned 0
PlanetServer (pid 6330) shutdown, reason: CentralConnectionClosed : TcpClient::update recv returned 0
PlanetServer (pid 6329) shutdown, reason: CentralConnectionClosed : TcpClient::update recv returned 0
PlanetServer (pid 6325) shutdown, reason: CentralConnectionClosed : TcpClient::update recv returned 0
GameServer 67 (pid 6361) shutdown, reason: CentralConnectionClosed : TcpClient::update recv returned 0
PlanetServer (pid 6315) shutdown, reason: CentralConnectionClosed : TcpClient::update recv returned 0
GameServer 49 (pid 6379) shutdown, reason: CentralConnectionClosed : TcpClient::update recv returned 0
GameServer 47 (pid 6352) shutdown, reason: CentralConnectionClosed : TcpClient::update recv returned 0
PlanetServer (pid 6342) shutdown, reason: CentralConnectionClosed : TcpClient::update recv returned 0
PlanetServer (pid 6339) shutdown, reason: CentralConnectionClosed : TcpClient::update recv returned 0
PlanetServer (pid 6317) shutdown, reason: CentralConnectionClosed : TcpClient::update recv returned 0
PlanetServer (pid 6320) shutdown, reason: CentralConnectionClosed : TcpClient::update recv returned 0
PlanetServer (pid 6313) shutdown, reason: CentralConnectionClosed : TcpClient::update recv returned 0
PlanetServer (pid 6340) shutdown, reason: CentralConnectionClosed : TcpClient::update recv returned 0
PlanetServer (pid 6337) shutdown, reason: CentralConnectionClosed : TcpClient::update recv returned 0
PlanetServer (pid 6326) shutdown, reason: CentralConnectionClosed : TcpClient::update recv returned 0
PlanetServer (pid 6321) shutdown, reason: CentralConnectionClosed : TcpClient::update recv returned 0
PlanetServer (pid 6338) shutdown, reason: CentralConnectionClosed : TcpClient::update recv returned 0
PlanetServer (pid 6331) shutdown, reason: CentralConnectionClosed : TcpClient::update recv returned 0
GameServer 44 (pid 6345) shutdown, reason: CentralConnectionClosed : TcpClient::update recv returned 0
GameServer 71 (pid 6351) shutdown, reason: CentralConnectionClosed : TcpClient::update recv returned 0
GameServer 65 (pid 6344) shutdown, reason: CentralConnectionClosed : TcpClient::update recv returned 0
GameServer 54 (pid 6354) shutdown, reason: CentralConnectionClosed : TcpClient::update recv returned 0
PlanetServer (pid 6327) shutdown, reason: CentralConnectionClosed : TcpClient::update recv returned 0
PlanetServer (pid 6312) shutdown, reason: CentralConnectionClosed : TcpClient::update recv returned 0
PlanetServer (pid 6310) shutdown, reason: CentralConnectionClosed : TcpClient::update recv returned 0
GameServer 46 (pid 6377) shutdown, reason: CentralConnectionClosed : TcpClient::update recv returned 0
PlanetServer (pid 6324) shutdown, reason: CentralConnectionClosed : TcpClient::update recv returned 0
PlanetServer (pid 6316) shutdown, reason: CentralConnectionClosed : TcpClient::update recv returned 0
PlanetServer (pid 6319) shutdown, reason: CentralConnectionClosed : TcpClient::update recv returned 0
GameServer 57 (pid 6353) shutdown, reason: CentralConnectionClosed : TcpClient::update recv returned 0
GameServer 80 (pid 6375) shutdown, reason: CentralConnectionClosed : TcpClient::update recv returned 0
PlanetServer (pid 6333) shutdown, reason: CentralConnectionClosed : TcpClient::update recv returned 0
GameServer 69 (pid 6349) shutdown, reason: CentralConnectionClosed : TcpClient::update recv returned 0
GameServer 45 (pid 6373) shutdown, reason: CentralConnectionClosed : TcpClient::update recv returned 0
GameServer 75 (pid 6350) shutdown, reason: CentralConnectionClosed : TcpClient::update recv returned 0
GameServer 51 (pid 6347) shutdown, reason: CentralConnectionClosed : TcpClient::update recv returned 0
GameServer 79 (pid 6368) shutdown, reason: CentralConnectionClosed : TcpClient::update recv returned 0
PlanetServer (pid 6334) shutdown, reason: CentralConnectionClosed : TcpClient::update recv returned 0
GameServer 59 (pid 6348) shutdown, reason: CentralConnectionClosed : TcpClient::update recv returned 0
PlanetServer (pid 6309) shutdown, reason: CentralConnectionClosed : TcpClient::update recv returned 0
PlanetServer (pid 6341) shutdown, reason: CentralConnectionClosed : TcpClient::update recv returned 0
GameServer 61 (pid 6356) shutdown, reason: CentralConnectionClosed : TcpClient::update recv returned 0
ConnectionServer (pid 6278) shutdown, reason: CentralConnectionClosed: TcpClient::update recv returned 0
send: : Broken pipe
GameServer 66 (pid 6359) shutdown, reason: CentralConnectionClosed : TcpClient::update recv returned 0
GameServer 48 (pid 6371) shutdown, reason: CentralConnectionClosed : TcpClient::update recv returned 0
GameServer 63 (pid 6372) shutdown, reason: CentralConnectionClosed : TcpClient::update recv returned 0
GameServer 58 (pid 6369) shutdown, reason: CentralConnectionClosed : TcpClient::update recv returned 0
GameServer 77 (pid 6367) shutdown, reason: CentralConnectionClosed : TcpClient::update recv returned 0
GameServer 72 (pid 6357) shutdown, reason: CentralConnectionClosed : TcpClient::update recv returned 0
GameServer 74 (pid 6374) shutdown, reason: CentralConnectionClosed : TcpClient::update recv returned 0
GameServer 70 (pid 6366) shutdown, reason: CentralConnectionClosed : TcpClient::update recv returned 0
GameServer 62 (pid 6376) shutdown, reason: CentralConnectionClosed : TcpClient::update recv returned 0
GameServer 53 (pid 6355) shutdown, reason: CentralConnectionClosed : TcpClient::update recv returned 0
GameServer 76 (pid 6378) shutdown, reason: CentralConnectionClosed : TcpClient::update recv returned 0
send: : Broken pipe
GameServer 64 (pid 6346) shutdown, reason: PlanetConnectionClosed : TcpClient::update recv returned 0
GameServer 68 (pid 6362) shutdown, reason: CentralConnectionClosed : TcpClient::update recv returned 0
send: : Broken pipe
GameServer 56 (pid 6360) shutdown, reason: CentralConnectionClosed : TcpClient::update recv returned 0
GameServer 60 (pid 6364) shutdown, reason: PlanetConnectionClosed : TcpClient::commit send returned -1, errno=22
exec.sh: line 9:  6275 Terminated              ./bin/TaskManager -- @servercommon.cfg
WARNING:     (d2a9f729): Parent process exited!
