LoginServer: station ids are derived with the gcc64 scheme recorded in the login database (evidence)
CentralServer not launching starting processes because m_clusterId is 0 - not received from the LoginServer yet
Cluster swg is not ready for players.
CentralServer now launching starting processes because has a connection to the TaskManager *AND* has received cluster Id (1) from the LoginServer
New Central Server connection active
New Database Server connection active
Cluster swg is not ready for players.
Cluster swg is not ready for players.
Cluster swg is not ready for players.
Cluster swg is not ready for players.
Cluster swg is not ready for players.
Cluster swg is not ready for players.
Cluster swg is not ready for players.
Cluster swg is not ready for players.
Cluster swg is not ready for players.
Cluster swg is not ready for players.
Cluster swg is not ready for players.
Cluster swg is not ready for players.
Cluster swg is not ready for players.
Cluster swg is not ready for players.
Cluster swg is not ready for players.
Cluster swg is not ready for players.
Cluster swg is not ready for players.
Cluster swg is not ready for players.
Cluster swg is not ready for players.
Cluster swg is not ready for players.
Cluster swg is not ready for players.
Cluster swg is not ready for players.
Cluster swg is not ready for players.
Cluster swg is not ready for players.
Cluster swg is not ready for players.
Cluster swg is not ready for players.
Cluster swg is not ready for players.
Cluster swg is not ready for players.
Cluster swg is not ready for players.
Cluster swg is not ready for players.
Cluster swg is not ready for players.
Cluster swg is not ready for players.
Cluster swg is not ready for players.
Cluster swg is not ready for players.
Cluster swg is not ready for players.
Cluster swg is not ready for players.
Cluster swg is not ready for players.
Cluster swg is not ready for players.
[Commodities Server] : 0 locations loaded to memory from database in (0) seconds.
[Commodities Server] : 0 auctions loaded to memory from database in (0) seconds.
[Commodities Server] : 0 auction attributes loaded to memory from database in (0) seconds.
[Commodities Server] : 0 bids loaded to memory from database in (0) seconds.
CommoditiesLoadDone Message received on connection with the database server
0 rows received on Auction_Locations
0 rows received on Market_Auctions
0 rows received on Market_Auction_Attributes
0 rows received on Market_Auction_Bids
New Planet Server connection active
New Planet Server connection active
New Planet Server connection active
New Planet Server connection active
New Planet Server connection active
New Planet Server connection active
New Planet Server connection active
New Planet Server connection active
New Planet Server connection active
New Planet Server connection active
New Planet Server connection active
New Planet Server connection active
New Planet Server connection active
New Planet Server connection active
New Planet Server connection active
New Planet Server connection active
New Planet Server connection active
New Planet Server connection active
New Planet Server connection active
New Planet Server connection active
New Planet Server connection active
New Planet Server connection active
New Planet Server connection active
New Planet Server connection active
New Planet Server connection active
New Planet Server connection active
New Planet Server connection active
New Planet Server connection active
New Planet Server connection active
New Planet Server connection active
New Planet Server connection active
New Planet Server connection active
New Planet Server connection active
New Planet Server connection active
New Planet Server connection active
New Planet Server connection active
New Planet Server connection active
New Planet Server connection active
New Game Server connection active
New Game Server connection active
New Game Server connection active
New Game Server connection active
New Game Server connection active
New Game Server connection active
New Game Server connection active
New Game Server connection active
New Game Server connection active
New Game Server connection active
New Game Server connection active
New Game Server connection active
New Game Server connection active
New Game Server connection active
New Game Server connection active
New Game Server connection active
New Game Server connection active
New Game Server connection active
New Game Server connection active
New Game Server connection active
New Game Server connection active
New Game Server connection active
New Game Server connection active
New Game Server connection active
New Game Server connection active
New Game Server connection active
New Game Server connection active
New Game Server connection active
New Game Server connection active
New Game Server connection active
New Game Server connection active
New Game Server connection active
New Game Server connection active
New Game Server connection active
New Game Server connection active
New Game Server connection active
New Game Server connection active
New Game Server connection active
PlanetServer (pid 4823) shutdown, reason: CentralConnectionClosed : TcpClient::update recv returned 0
PlanetServer (pid 4821) shutdown, reason: CentralConnectionClosed : TcpClient::update recv returned 0
PlanetServer (pid 4820) shutdown, reason: CentralConnectionClosed : TcpClient::update recv returned 0
GameServer 54 (pid 4870) shutdown, reason: CentralConnectionClosed : TcpClient::update recv returned 0
GameServer 53 (pid 4868) shutdown, reason: CentralConnectionClosed : TcpClient::update recv returned 0
GameServer 75 (pid 4850) shutdown, reason: CentralConnectionClosed : TcpClient::update recv returned 0
PlanetServer (pid 4843) shutdown, reason: CentralConnectionClosed : TcpClient::update recv returned 0
PlanetServer (pid 4841) shutdown, reason: CentralConnectionClosed : TcpClient::update recv returned 0
GameServer 56 (pid 4864) shutdown, reason: CentralConnectionClosed : TcpClient::update recv returned 0
GameServer 72 (pid 4867) shutdown, reason: CentralConnectionClosed : TcpClient::update recv returned 0
PlanetServer (pid 4849) shutdown, reason: CentralConnectionClosed : TcpClient::update recv returned 0
GameServer 59 (pid 4854) shutdown, reason: CentralConnectionClosed : TcpClient::update recv returned 0
PlanetServer (pid 4834) shutdown, reason: CentralConnectionClosed : TcpClient::update recv returned 0
PlanetServer (pid 4837) shutdown, reason: CentralConnectionClosed : TcpClient::update recv returned 0
GameServer 64 (pid 4852) shutdown, reason: CentralConnectionClosed : TcpClient::update recv returned 0
PlanetServer (pid 4835) shutdown, reason: CentralConnectionClosed : TcpClient::update recv returned 0
PlanetServer (pid 4831) shutdown, reason: CentralConnectionClosed : TcpClient::update recv returned 0
PlanetServer (pid 4844) shutdown, reason: CentralConnectionClosed : TcpClient::update recv returned 0
GameServer 79 (pid 4875) shutdown, reason: CentralConnectionClosed : TcpClient::update recv returned 0
GameServer 51 (pid 4882) shutdown, reason: CentralConnectionClosed : TcpClient::update recv returned 0
PlanetServer (pid 4819) shutdown, reason: CentralConnectionClosed : TcpClient::update recv returned 0
PlanetServer (pid 4846) shutdown, reason: CentralConnectionClosed : TcpClient::update recv returned 0
GameServer 44 (pid 4877) shutdown, reason: CentralConnectionClosed : TcpClient::update recv returned 0
PlanetServer (pid 4848) shutdown, reason: CentralConnectionClosed : TcpClient::update recv returned 0
GameServer 57 (pid 4858) shutdown, reason: CentralConnectionClosed : TcpClient::update recv returned 0
GameServer 63 (pid 4871) shutdown, reason: CentralConnectionClosed : TcpClient::update recv returned 0
PlanetServer (pid 4842) shutdown, reason: CentralConnectionClosed : TcpClient::update recv returned 0
PlanetServer (pid 4826) shutdown, reason: CentralConnectionClosed : TcpClient::update recv returned 0
ConnectionServer (pid 4784) shutdown, reason: CentralConnectionClosed: TcpClient::update recv returned 0
GameServer 48 (pid 4886) shutdown, reason: CentralConnectionClosed : TcpClient::update recv returned 0
GameServer 58 (pid 4873) shutdown, reason: CentralConnectionClosed : TcpClient::update recv returned 0
PlanetServer (pid 4845) shutdown, reason: CentralConnectionClosed : TcpClient::update recv returned 0
PlanetServer (pid 4840) shutdown, reason: CentralConnectionClosed : TcpClient::update recv returned 0
GameServer 76 (pid 4866) shutdown, reason: CentralConnectionClosed : TcpClient::update recv returned 0
GameServer 78 (pid 4885) shutdown, reason: CentralConnectionClosed : TcpClient::update recv returned 0
GameServer 47 (pid 4851) shutdown, reason: CentralConnectionClosed : TcpClient::update recv returned 0
GameServer 52 (pid 4869) shutdown, reason: CentralConnectionClosed : TcpClient::update recv returned 0
PlanetServer (pid 4815) shutdown, reason: CentralConnectionClosed : TcpClient::update recv returned 0
GameServer 55 (pid 4887) shutdown, reason: CentralConnectionClosed : TcpClient::update recv returned 0
PlanetServer (pid 4828) shutdown, reason: CentralConnectionClosed : TcpClient::update recv returned 0
PlanetServer (pid 4813) shutdown, reason: CentralConnectionClosed : TcpClient::update recv returned 0
GameServer 77 (pid 4857) shutdown, reason: CentralConnectionClosed : TcpClient::update recv returned 0
GameServer 49 (pid 4856) shutdown, reason: CentralConnectionClosed : TcpClient::update recv returned 0
PlanetServer (pid 4818) shutdown, reason: CentralConnectionClosed : TcpClient::update recv returned 0
PlanetServer (pid 4832) shutdown, reason: CentralConnectionClosed : TcpClient::update recv returned 0
GameServer 73 (pid 4861) shutdown, reason: CentralConnectionClosed : TcpClient::update recv returned 0
PlanetServer (pid 4830) shutdown, reason: CentralConnectionClosed : TcpClient::update recv returned 0
GameServer 70 (pid 4862) shutdown, reason: CentralConnectionClosed : TcpClient::update recv returned 0
GameServer 80 (pid 4879) shutdown, reason: CentralConnectionClosed : TcpClient::update recv returned 0
PlanetServer (pid 4824) shutdown, reason: CentralConnectionClosed : TcpClient::update recv returned 0
PlanetServer (pid 4829) shutdown, reason: CentralConnectionClosed : TcpClient::update recv returned 0
PlanetServer (pid 4839) shutdown, reason: CentralConnectionClosed : TcpClient::update recv returned 0
GameServer 62 (pid 4872) shutdown, reason: CentralConnectionClosed : TcpClient::update recv returned 0
PlanetServer (pid 4825) shutdown, reason: CentralConnectionClosed : TcpClient::update recv returned 0
PlanetServer (pid 4817) shutdown, reason: CentralConnectionClosed : TcpClient::update recv returned 0
PlanetServer (pid 4822) shutdown, reason: CentralConnectionClosed : TcpClient::update recv returned 0
PlanetServer (pid 4814) shutdown, reason: CentralConnectionClosed : TcpClient::update recv returned 0
PlanetServer (pid 4833) shutdown, reason: CentralConnectionClosed : TcpClient::update recv returned 0
PlanetServer (pid 4838) shutdown, reason: CentralConnectionClosed : TcpClient::update recv returned 0
GameServer 68 (pid 4855) shutdown, reason: CentralConnectionClosed : TcpClient::update recv returned 0
GameServer 69 (pid 4884) shutdown, reason: CentralConnectionClosed : TcpClient::update recv returned 0
PlanetServer (pid 4816) shutdown, reason: CentralConnectionClosed : TcpClient::update recv returned 0
PlanetServer (pid 4836) shutdown, reason: CentralConnectionClosed : TcpClient::update recv returned 0
PlanetServer (pid 4812) shutdown, reason: CentralConnectionClosed : TcpClient::update recv returned 0
PlanetServer (pid 4827) shutdown, reason: CentralConnectionClosed : TcpClient::update recv returned 0
GameServer 60 (pid 4880) shutdown, reason: CentralConnectionClosed : TcpClient::update recv returned 0
PlanetServer (pid 4847) shutdown, reason: CentralConnectionClosed : TcpClient::update recv returned 0
GameServer 67 (pid 4881) shutdown, reason: CentralConnectionClosed : TcpClient::update recv returned 0
GameServer 74 (pid 4876) shutdown, reason: CentralConnectionClosed : TcpClient::update recv returned 0
GameServer 45 (pid 4865) shutdown, reason: CentralConnectionClosed : TcpClient::update recv returned 0
GameServer 81 (pid 4878) shutdown, reason: CentralConnectionClosed : TcpClient::update recv returned 0
GameServer 46 (pid 4859) shutdown, reason: CentralConnectionClosed : TcpClient::update recv returned 0
DatabaseServer 4 (pid 4785) shutdown, reason: CentralConnectionClosed : TcpClient::update recv returned 0
WARNING:     (a6109445): Database lost connection to central.
GameServer 65 (pid 4883) shutdown, reason: CentralConnectionClosed : TcpClient::update recv returned 0
send: : Broken pipe
send: : Broken pipe
GameServer 61 (pid 4863) shutdown, reason: CentralConnectionClosed : TcpClient::update recv returned 0
send: : Broken pipe
send: : Broken pipe
GameServer 71 (pid 4853) shutdown, reason: CentralConnectionClosed : TcpClient::update recv returned 0
GameServer 50 (pid 4874) shutdown, reason: CentralConnectionClosed : TcpClient::update recv returned 0
exec.sh: line 9:  4781 Terminated              ./bin/TaskManager -- @servercommon.cfg
