LoginServer: station ids are derived with the gcc64 scheme recorded in the login database (evidence)
CentralServer not launching starting processes because m_clusterId is 0 - not received from the LoginServer yet
Cluster swg is not ready for players.
CentralServer now launching starting processes because has a connection to the TaskManager *AND* has received cluster Id (1) from the LoginServer
New Central Server connection active
New Database Server connection active
Cluster swg is not ready for players.
Cluster swg is not ready for players.
Cluster swg is not ready for players.
Cluster swg is not ready for players.
Cluster swg is not ready for players.
Cluster swg is not ready for players.
Cluster swg is not ready for players.
Cluster swg is not ready for players.
Cluster swg is not ready for players.
Cluster swg is not ready for players.
Cluster swg is not ready for players.
Cluster swg is not ready for players.
Cluster swg is not ready for players.
Cluster swg is not ready for players.
Cluster swg is not ready for players.
Cluster swg is not ready for players.
Cluster swg is not ready for players.
Cluster swg is not ready for players.
Cluster swg is not ready for players.
Cluster swg is not ready for players.
Cluster swg is not ready for players.
Cluster swg is not ready for players.
Cluster swg is not ready for players.
Cluster swg is not ready for players.
Cluster swg is not ready for players.
Cluster swg is not ready for players.
Cluster swg is not ready for players.
Cluster swg is not ready for players.
Cluster swg is not ready for players.
Cluster swg is not ready for players.
Cluster swg is not ready for players.
Cluster swg is not ready for players.
Cluster swg is not ready for players.
Cluster swg is not ready for players.
Cluster swg is not ready for players.
Cluster swg is not ready for players.
Cluster swg is not ready for players.
Cluster swg is not ready for players.
[Commodities Server] : 0 locations loaded to memory from database in (0) seconds.
[Commodities Server] : 0 auctions loaded to memory from database in (0) seconds.
[Commodities Server] : 0 auction attributes loaded to memory from database in (0) seconds.
[Commodities Server] : 0 bids loaded to memory from database in (0) seconds.
CommoditiesLoadDone Message received on connection with the database server
0 rows received on Auction_Locations
0 rows received on Market_Auctions
0 rows received on Market_Auction_Attributes
0 rows received on Market_Auction_Bids
New Planet Server connection active
New Planet Server connection active
New Planet Server connection active
New Planet Server connection active
New Planet Server connection active
New Planet Server connection active
New Planet Server connection active
New Planet Server connection active
New Planet Server connection active
New Planet Server connection active
New Planet Server connection active
New Planet Server connection active
New Planet Server connection active
New Planet Server connection active
New Planet Server connection active
New Planet Server connection active
New Planet Server connection active
New Planet Server connection active
New Planet Server connection active
New Planet Server connection active
New Planet Server connection active
New Planet Server connection active
New Planet Server connection active
New Planet Server connection active
New Planet Server connection active
New Planet Server connection active
New Planet Server connection active
New Planet Server connection active
New Planet Server connection active
New Planet Server connection active
New Planet Server connection active
New Planet Server connection active
New Planet Server connection active
New Planet Server connection active
New Planet Server connection active
New Planet Server connection active
New Planet Server connection active
New Planet Server connection active
New Game Server connection active
New Game Server connection active
New Game Server connection active
New Game Server connection active
New Game Server connection active
New Game Server connection active
New Game Server connection active
New Game Server connection active
New Game Server connection active
New Game Server connection active
New Game Server connection active
New Game Server connection active
New Game Server connection active
New Game Server connection active
New Game Server connection active
New Game Server connection active
New Game Server connection active
New Game Server connection active
New Game Server connection active
New Game Server connection active
New Game Server connection active
New Game Server connection active
New Game Server connection active
New Game Server connection active
New Game Server connection active
New Game Server connection active
New Game Server connection active
New Game Server connection active
New Game Server connection active
New Game Server connection active
New Game Server connection active
New Game Server connection active
New Game Server connection active
New Game Server connection active
New Game Server connection active
New Game Server connection active
New Game Server connection active
New Game Server connection active
GameServer 57 (pid 3295) shutdown, reason: CentralConnectionClosed : TcpClient::update recv returned 0
GameServer 45 (pid 3276) shutdown, reason: CentralConnectionClosed : TcpClient::update recv returned 0
GameServer 64 (pid 3284) shutdown, reason: CentralConnectionClosed : TcpClient::update recv returned 0
GameServer 59 (pid 3273) shutdown, reason: CentralConnectionClosed : TcpClient::update recv returned 0
GameServer 75 (pid 3306) shutdown, reason: CentralConnectionClosed : TcpClient::update recv returned 0
GameServer 48 (pid 3291) shutdown, reason: CentralConnectionClosed : TcpClient::update recv returned 0
GameServer 80 (pid 3287) shutdown, reason: CentralConnectionClosed : TcpClient::update recv returned 0
GameServer 50 (pid 3282) shutdown, reason: CentralConnectionClosed : TcpClient::update recv returned 0
GameServer 66 (pid 3296) shutdown, reason: CentralConnectionClosed : TcpClient::update recv returned 0
GameServer 58 (pid 3281) shutdown, reason: CentralConnectionClosed : TcpClient::update recv returned 0
GameServer 81 (pid 3304) shutdown, reason: CentralConnectionClosed : TcpClient::update recv returned 0
GameServer 62 (pid 3285) shutdown, reason: CentralConnectionClosed : TcpClient::update recv returned 0
GameServer 63 (pid 3301) shutdown, reason: CentralConnectionClosed : TcpClient::update recv returned 0
GameServer 69 (pid 3299) shutdown, reason: CentralConnectionClosed : TcpClient::update recv returned 0
GameServer 52 (pid 3303) shutdown, reason: CentralConnectionClosed : TcpClient::update recv returned 0
GameServer 70 (pid 3293) shutdown, reason: CentralConnectionClosed : TcpClient::update recv returned 0
GameServer 71 (pid 3277) shutdown, reason: CentralConnectionClosed : TcpClient::update recv returned 0
GameServer 76 (pid 3302) shutdown, reason: CentralConnectionClosed : TcpClient::update recv returned 0
GameServer 77 (pid 3298) shutdown, reason: CentralConnectionClosed : TcpClient::update recv returned 0
GameServer 73 (pid 3294) shutdown, reason: CentralConnectionClosed : TcpClient::update recv returned 0
GameServer 53 (pid 3269) shutdown, reason: CentralConnectionClosed : TcpClient::update recv returned 0
GameServer 60 (pid 3280) shutdown, reason: CentralConnectionClosed : TcpClient::update recv returned 0
GameServer 56 (pid 3286) shutdown, reason: CentralConnectionClosed : TcpClient::update recv returned 0
GameServer 44 (pid 3272) shutdown, reason: CentralConnectionClosed : TcpClient::update recv returned 0
GameServer 72 (pid 3300) shutdown, reason: CentralConnectionClosed : TcpClient::update recv returned 0
GameServer 78 (pid 3297) shutdown, reason: CentralConnectionClosed : TcpClient::update recv returned 0
GameServer 61 (pid 3278) shutdown, reason: CentralConnectionClosed : TcpClient::update recv returned 0
GameServer 74 (pid 3283) shutdown, reason: CentralConnectionClosed : TcpClient::update recv returned 0
GameServer 65 (pid 3305) shutdown, reason: CentralConnectionClosed : TcpClient::update recv returned 0
DatabaseServer 2 (pid 3204) shutdown, reason: CentralConnectionClosed : TcpClient::update recv returned 0
WARNING:     (a6109445): Database lost connection to central.
GameServer 51 (pid 3270) shutdown, reason: CentralConnectionClosed : TcpClient::update recv returned 0
PlanetServer (pid 3260) shutdown, reason: CentralConnectionClosed : TcpClient::update recv returned 0
PlanetServer (pid 3266) shutdown, reason: CentralConnectionClosed : TcpClient::update recv returned 0
PlanetServer (pid 3268) shutdown, reason: CentralConnectionClosed : TcpClient::update recv returned 0
PlanetServer (pid 3261) shutdown, reason: CentralConnectionClosed : TcpClient::update recv returned 0
PlanetServer (pid 3259) shutdown, reason: CentralConnectionClosed : TcpClient::update recv returned 0
PlanetServer (pid 3265) shutdown, reason: CentralConnectionClosed : TcpClient::update recv returned 0
PlanetServer (pid 3267) shutdown, reason: CentralConnectionClosed : TcpClient::update recv returned 0
GameServer 54 (pid 3279) shutdown, reason: CentralConnectionClosed : TcpClient::update recv returned 0
GameServer 79 (pid 3289) shutdown, reason: CentralConnectionClosed : TcpClient::update recv returned 0
GameServer 47 (pid 3271) shutdown, reason: CentralConnectionClosed : TcpClient::update recv returned 0
PlanetServer (pid 3243) shutdown, reason: CentralConnectionClosed : TcpClient::update recv returned 0
PlanetServer (pid 3253) shutdown, reason: CentralConnectionClosed : TcpClient::update recv returned 0
GameServer 67 (pid 3290) shutdown, reason: CentralConnectionClosed : TcpClient::update recv returned 0
PlanetServer (pid 3235) shutdown, reason: CentralConnectionClosed : TcpClient::update recv returned 0
PlanetServer (pid 3234) shutdown, reason: CentralConnectionClosed : TcpClient::update recv returned 0
send: : Broken pipe
PlanetServer (pid 3242) shutdown, reason: CentralConnectionClosed : TcpClient::update recv returned 0
PlanetServer (pid 3251) shutdown, reason: CentralConnectionClosed : TcpClient::update recv returned 0
PlanetServer (pid 3245) shutdown, reason: CentralConnectionClosed : TcpClient::update recv returned 0
PlanetServer (pid 3241) shutdown, reason: CentralConnectionClosed : TcpClient::update recv returned 0
PlanetServer (pid 3246) shutdown, reason: CentralConnectionClosed : TcpClient::update recv returned 0
PlanetServer (pid 3255) shutdown, reason: CentralConnectionClosed : TcpClient::update recv returned 0
PlanetServer (pid 3254) shutdown, reason: CentralConnectionClosed : TcpClient::update recv returned 0
PlanetServer (pid 3244) shutdown, reason: CentralConnectionClosed : TcpClient::update recv returned 0
PlanetServer (pid 3247) shutdown, reason: CentralConnectionClosed : TcpClient::update recv returned 0
PlanetServer (pid 3236) shutdown, reason: CentralConnectionClosed : TcpClient::update recv returned 0
GameServer 46 (pid 3274) shutdown, reason: CentralConnectionClosed : TcpClient::update recv returned 0
PlanetServer (pid 3257) shutdown, reason: CentralConnectionClosed : TcpClient::update recv returned 0
PlanetServer (pid 3256) shutdown, reason: CentralConnectionClosed : TcpClient::update recv returned 0
PlanetServer (pid 3252) shutdown, reason: CentralConnectionClosed : TcpClient::update recv returned 0
PlanetServer (pid 3238) shutdown, reason: CentralConnectionClosed : TcpClient::update recv returned 0
PlanetServer (pid 3258) shutdown, reason: CentralConnectionClosed : TcpClient::update recv returned 0
send: : Connection reset by peer
GameServer 49 (pid 3292) shutdown, reason: CentralConnectionClosed : TcpClient::update recv returned 0
send: : Broken pipe
GameServer 68 (pid 3288) shutdown, reason: DatabaseProcessConnection closed: TcpClient::commit send returned -1, errno=22
exec.sh: line 9:  3200 Terminated              ./bin/TaskManager -- @servercommon.cfg
