PASS accept
PASS accept2
PASS add_wrap
PASS div_min_neg1
PASS div_unsigned
PASS div_zero
PASS enum_int32_ovf
PASS enum_next_ovf
PASS float_negmin
PASS float_u32
PASS int16_40000
PASS int16_70000
PASS int32_ffffffff
PASS int8_200
PASS int8_300
PASS line_report
PASS lit_2p32
PASS lit_huge
PASS mod_zero
PASS mul_ovf
PASS neg_min
PASS not_80000000
PASS not_ffffffff
PASS not_zero_u32
PASS octal_09
PASS ovf_add
PASS shl_31
PASS shl_32
PASS shl_neg
PASS shr_ffffffff
PASS uint16_65536
PASS uint32_neg1
PASS uint8_neg1
33 cases, 0 failed
