stage thread
stage foundation
stage file
stage math
stage audio
ALSA lib control.c:1575:(snd_ctl_open_noupdate) [error.control] Invalid CTL hw:0
ALSA lib control.c:1575:(snd_ctl_open_noupdate) [error.control] Invalid CTL hw:1
ALSA lib control.c:1575:(snd_ctl_open_noupdate) [error.control] Invalid CTL hw:0
ALSA lib control.c:1575:(snd_ctl_open_noupdate) [error.control] Invalid CTL hw:1
stage play
ALTER epoch=0 sound=1 sample=2 timeValid=1 total=204 current=0 eos=0
ALTER epoch=1 sound=1 sample=2 timeValid=1 total=204 current=0 eos=0
ALTER epoch=2 sound=1 sample=2 timeValid=1 total=204 current=0 eos=0
ALTER epoch=3 sound=1 sample=2 timeValid=1 total=204 current=16 eos=0
ALTER epoch=4 sound=1 sample=2 timeValid=1 total=204 current=32 eos=0
ALTER epoch=5 sound=1 sample=2 timeValid=1 total=204 current=40 eos=0
ALTER epoch=6 sound=1 sample=2 timeValid=1 total=204 current=40 eos=0
ALTER epoch=7 sound=1 sample=2 timeValid=1 total=204 current=64 eos=0
ALTER epoch=8 sound=1 sample=2 timeValid=1 total=204 current=72 eos=0
ALTER epoch=9 sound=1 sample=2 timeValid=1 total=204 current=80 eos=0
ALTER epoch=10 sound=1 sample=2 timeValid=1 total=204 current=96 eos=0
ALTER epoch=11 sound=1 sample=2 timeValid=1 total=204 current=104 eos=0
ALTER epoch=12 sound=1 sample=2 timeValid=1 total=204 current=112 eos=0
ALTER epoch=13 sound=1 sample=2 timeValid=1 total=204 current=128 eos=0
ALTER epoch=14 sound=1 sample=2 timeValid=1 total=204 current=136 eos=0
ALTER epoch=15 sound=1 sample=2 timeValid=1 total=204 current=144 eos=0
ALTER epoch=16 sound=1 sample=2 timeValid=1 total=204 current=161 eos=0
ALTER epoch=17 sound=1 sample=2 timeValid=1 total=204 current=161 eos=0
ALTER epoch=18 sound=1 sample=2 timeValid=1 total=204 current=169 eos=0
ALTER epoch=19 sound=1 sample=2 timeValid=1 total=204 current=177 eos=0
ALTER epoch=20 sound=1 sample=2 timeValid=1 total=204 current=201 eos=0
ENGINE_CALLBACK count=1 qpc=1949565830246 tid=320
ALTER epoch=21 sound=1 sample=2 timeValid=1 total=204 current=204 eos=1
ALTER epoch=22 sound=1 sample=3 timeValid=1 total=204 current=0 eos=1
ALTER epoch=23 sound=1 sample=3 timeValid=1 total=204 current=8 eos=1
ALTER epoch=24 sound=1 sample=3 timeValid=1 total=204 current=8 eos=1
ALTER epoch=25 sound=1 sample=3 timeValid=1 total=204 current=32 eos=1
ALTER epoch=26 sound=1 sample=3 timeValid=1 total=204 current=40 eos=1
ALTER epoch=27 sound=1 sample=3 timeValid=1 total=204 current=48 eos=1
ALTER epoch=28 sound=1 sample=3 timeValid=1 total=204 current=48 eos=1
ALTER epoch=29 sound=1 sample=3 timeValid=1 total=204 current=72 eos=1
ALTER epoch=30 sound=1 sample=3 timeValid=1 total=204 current=80 eos=1
ALTER epoch=31 sound=1 sample=3 timeValid=1 total=204 current=96 eos=1
ALTER epoch=32 sound=1 sample=3 timeValid=1 total=204 current=96 eos=1
ALTER epoch=33 sound=1 sample=3 timeValid=1 total=204 current=104 eos=1
ALTER epoch=34 sound=1 sample=3 timeValid=1 total=204 current=112 eos=1
ALTER epoch=35 sound=1 sample=3 timeValid=1 total=204 current=128 eos=1
ALTER epoch=36 sound=1 sample=3 timeValid=1 total=204 current=128 eos=1
ALTER epoch=37 sound=1 sample=3 timeValid=1 total=204 current=144 eos=1
ALTER epoch=38 sound=1 sample=3 timeValid=1 total=204 current=161 eos=1
ALTER epoch=39 sound=1 sample=3 timeValid=1 total=204 current=169 eos=1
ALTER epoch=40 sound=1 sample=3 timeValid=1 total=204 current=177 eos=1
ALTER_ZERO
ALTER epoch=41 sound=1 sample=3 timeValid=1 total=204 current=193 eos=1
ALTER epoch=42 sound=1 sample=3 timeValid=1 total=204 current=201 eos=1
ENGINE_CALLBACK count=2 qpc=1949568093004 tid=320
ALTER epoch=43 sound=0 sample=0 timeValid=0 total=-1 current=-1 eos=2
ALTER epoch=44 sound=0 sample=0 timeValid=0 total=-1 current=-1 eos=2
ALTER epoch=45 sound=0 sample=0 timeValid=0 total=-1 current=-1 eos=2
ALTER epoch=46 sound=0 sample=0 timeValid=0 total=-1 current=-1 eos=2
ALTER epoch=47 sound=0 sample=0 timeValid=0 total=-1 current=-1 eos=2
ALTER epoch=48 sound=0 sample=0 timeValid=0 total=-1 current=-1 eos=2
ALTER epoch=49 sound=0 sample=0 timeValid=0 total=-1 current=-1 eos=2
ALTER epoch=50 sound=0 sample=0 timeValid=0 total=-1 current=-1 eos=2
ALTER epoch=51 sound=0 sample=0 timeValid=0 total=-1 current=-1 eos=2
ALTER epoch=52 sound=0 sample=0 timeValid=0 total=-1 current=-1 eos=2
ALTER epoch=53 sound=0 sample=0 timeValid=0 total=-1 current=-1 eos=2
ALTER epoch=54 sound=0 sample=0 timeValid=0 total=-1 current=-1 eos=2
ALTER epoch=55 sound=0 sample=0 timeValid=0 total=-1 current=-1 eos=2
ALTER epoch=56 sound=0 sample=0 timeValid=0 total=-1 current=-1 eos=2
ALTER epoch=57 sound=0 sample=0 timeValid=0 total=-1 current=-1 eos=2
ALTER epoch=58 sound=0 sample=0 timeValid=0 total=-1 current=-1 eos=2
ALTER epoch=59 sound=0 sample=0 timeValid=0 total=-1 current=-1 eos=2
ALTER epoch=60 sound=0 sample=0 timeValid=0 total=-1 current=-1 eos=2
ALTER epoch=61 sound=0 sample=0 timeValid=0 total=-1 current=-1 eos=2
ALTER epoch=62 sound=0 sample=0 timeValid=0 total=-1 current=-1 eos=2
ALTER epoch=63 sound=0 sample=0 timeValid=0 total=-1 current=-1 eos=2
ALTER epoch=64 sound=0 sample=0 timeValid=0 total=-1 current=-1 eos=2
ALTER epoch=65 sound=0 sample=0 timeValid=0 total=-1 current=-1 eos=2
ALTER epoch=66 sound=0 sample=0 timeValid=0 total=-1 current=-1 eos=2
ALTER epoch=67 sound=0 sample=0 timeValid=0 total=-1 current=-1 eos=2
ALTER epoch=68 sound=0 sample=0 timeValid=0 total=-1 current=-1 eos=2
ALTER epoch=69 sound=0 sample=0 timeValid=0 total=-1 current=-1 eos=2
ALTER epoch=70 sound=0 sample=0 timeValid=0 total=-1 current=-1 eos=2
ALTER epoch=71 sound=0 sample=0 timeValid=0 total=-1 current=-1 eos=2
ALTER epoch=72 sound=0 sample=0 timeValid=0 total=-1 current=-1 eos=2
ALTER epoch=73 sound=0 sample=0 timeValid=0 total=-1 current=-1 eos=2
ALTER epoch=74 sound=0 sample=0 timeValid=0 total=-1 current=-1 eos=2
ALTER epoch=75 sound=0 sample=0 timeValid=0 total=-1 current=-1 eos=2
ALTER epoch=76 sound=0 sample=0 timeValid=0 total=-1 current=-1 eos=2
ALTER epoch=77 sound=0 sample=0 timeValid=0 total=-1 current=-1 eos=2
ALTER epoch=78 sound=0 sample=0 timeValid=0 total=-1 current=-1 eos=2
ALTER epoch=79 sound=0 sample=0 timeValid=0 total=-1 current=-1 eos=2
ALTER epoch=80 sound=0 sample=0 timeValid=0 total=-1 current=-1 eos=2
ALTER epoch=81 sound=0 sample=0 timeValid=0 total=-1 current=-1 eos=2
ALTER epoch=82 sound=0 sample=0 timeValid=0 total=-1 current=-1 eos=2
ALTER epoch=83 sound=0 sample=0 timeValid=0 total=-1 current=-1 eos=2
ALTER epoch=84 sound=0 sample=0 timeValid=0 total=-1 current=-1 eos=2
ALTER epoch=85 sound=0 sample=0 timeValid=0 total=-1 current=-1 eos=2
ALTER epoch=86 sound=0 sample=0 timeValid=0 total=-1 current=-1 eos=2
ALTER epoch=87 sound=0 sample=0 timeValid=0 total=-1 current=-1 eos=2
ALTER epoch=88 sound=0 sample=0 timeValid=0 total=-1 current=-1 eos=2
ALTER epoch=89 sound=0 sample=0 timeValid=0 total=-1 current=-1 eos=2
ALTER epoch=90 sound=0 sample=0 timeValid=0 total=-1 current=-1 eos=2
ALTER epoch=91 sound=0 sample=0 timeValid=0 total=-1 current=-1 eos=2
ALTER epoch=92 sound=0 sample=0 timeValid=0 total=-1 current=-1 eos=2
ALTER epoch=93 sound=0 sample=0 timeValid=0 total=-1 current=-1 eos=2
ALTER epoch=94 sound=0 sample=0 timeValid=0 total=-1 current=-1 eos=2
ALTER epoch=95 sound=0 sample=0 timeValid=0 total=-1 current=-1 eos=2
ALTER epoch=96 sound=0 sample=0 timeValid=0 total=-1 current=-1 eos=2
ALTER epoch=97 sound=0 sample=0 timeValid=0 total=-1 current=-1 eos=2
ALTER epoch=98 sound=0 sample=0 timeValid=0 total=-1 current=-1 eos=2
ALTER epoch=99 sound=0 sample=0 timeValid=0 total=-1 current=-1 eos=2
SUMMARY eos=2 released=1 sounds=0
stage remove
probe.exe: unknown.0
unknown location : FATAL be5fbc55: ExceptionHandler invoked
