controller-frequency=10000000 tid=440
request id=1 op=1 generation=1
ALSA lib control.c:1575:(snd_ctl_open_noupdate) [error.control] Invalid CTL hw:0
ALSA lib control.c:1575:(snd_ctl_open_noupdate) [error.control] Invalid CTL hw:1
ALSA lib control.c:1575:(snd_ctl_open_noupdate) [error.control] Invalid CTL hw:0
ALSA lib control.c:1575:(snd_ctl_open_noupdate) [error.control] Invalid CTL hw:1
reply id=1 kind=0 result=0 slot=1 gen=1 event=0 status=-1 total=-1 pos=-1 begin=1949755600260 end=1949756853215 tid=440
request id=2 op=2 generation=1
reply id=2 kind=0 result=0 slot=1 gen=1 event=0 status=-1 total=-1 pos=-1 begin=1949756853501 end=1949756854263 tid=440
request id=3 op=3 generation=1
reply id=3 kind=0 result=0 slot=1 gen=1 event=0 status=-1 total=-1 pos=-1 begin=1949757355322 end=1949757356882 tid=440
request id=4 op=4 generation=1
reply id=4 kind=0 result=0 slot=1 gen=1 event=0 status=4 total=-1 pos=-1 begin=1949757356977 end=1949757357657 tid=440
request id=5 op=5 generation=1
reply id=5 kind=0 result=0 slot=1 gen=1 event=0 status=-1 total=204 pos=0 begin=1949757357733 end=1949757358514 tid=440
request id=6 op=3 generation=1
reply id=6 kind=0 result=0 slot=1 gen=1 event=0 status=-1 total=-1 pos=-1 begin=1949757859526 end=1949757861340 tid=440
request id=7 op=4 generation=1
reply id=7 kind=0 result=0 slot=1 gen=1 event=0 status=4 total=-1 pos=-1 begin=1949757861523 end=1949757862673 tid=440
request id=8 op=5 generation=1
reply id=8 kind=0 result=0 slot=1 gen=1 event=0 status=-1 total=204 pos=32 begin=1949757862774 end=1949757863609 tid=440
request id=9 op=3 generation=1
reply id=9 kind=0 result=0 slot=1 gen=1 event=0 status=-1 total=-1 pos=-1 begin=1949758364630 end=1949758365994 tid=440
request id=10 op=4 generation=1
reply id=10 kind=0 result=0 slot=1 gen=1 event=0 status=4 total=-1 pos=-1 begin=1949758366117 end=1949758366800 tid=440
request id=11 op=5 generation=1
reply id=11 kind=0 result=0 slot=1 gen=1 event=0 status=-1 total=204 pos=80 begin=1949758366901 end=1949758367642 tid=440
request id=12 op=3 generation=1
reply id=12 kind=0 result=0 slot=1 gen=1 event=0 status=-1 total=-1 pos=-1 begin=1949758868660 end=1949758870792 tid=440
request id=13 op=4 generation=1
reply id=13 kind=0 result=0 slot=1 gen=1 event=0 status=4 total=-1 pos=-1 begin=1949758871005 end=1949758871721 tid=440
request id=14 op=5 generation=1
host main=448 frequency=10000000 loaded=C:\generation-private\Mss32.dll mode=stream
audit phase=begin id=1 op=1 request_gen=1 current_gen=1 handle=00000000 lifetime=0 vendor=0 statuscalls=0 creates=0 releases=0 starts=0 qpc=1949756849444
audit phase=end id=1 op=1 request_gen=1 current_gen=1 handle=00895660 lifetime=1 vendor=3 statuscalls=0 creates=1 releases=0 starts=0 qpc=1949756852637
audit phase=begin id=2 op=2 request_gen=1 current_gen=1 handle=00895660 lifetime=1 vendor=3 statuscalls=0 creates=1 releases=0 starts=0 qpc=1949756853869
audit phase=end id=2 op=2 request_gen=1 current_gen=1 handle=00895660 lifetime=1 vendor=4 statuscalls=0 creates=1 releases=0 starts=1 qpc=1949756853935
audit phase=begin id=3 op=3 request_gen=1 current_gen=1 handle=00895660 lifetime=1 vendor=4 statuscalls=0 creates=1 releases=0 starts=1 qpc=1949757356277
audit phase=end id=3 op=3 request_gen=1 current_gen=1 handle=00895660 lifetime=1 vendor=5 statuscalls=0 creates=1 releases=0 starts=1 qpc=1949757356448
audit phase=begin id=4 op=4 request_gen=1 current_gen=1 handle=00895660 lifetime=1 vendor=5 statuscalls=0 creates=1 releases=0 starts=1 qpc=1949757357326
audit phase=end id=4 op=4 request_gen=1 current_gen=1 handle=00895660 lifetime=1 vendor=6 statuscalls=1 creates=1 releases=0 starts=1 qpc=1949757357347
audit phase=begin id=5 op=5 request_gen=1 current_gen=1 handle=00895660 lifetime=1 vendor=6 statuscalls=1 creates=1 releases=0 starts=1 qpc=1949757358129
audit phase=end id=5 op=5 request_gen=1 current_gen=1 handle=00895660 lifetime=1 vendor=7 statuscalls=1 creates=1 releases=0 starts=1 qpc=1949757358176
audit phase=begin id=6 op=3 request_gen=1 current_gen=1 handle=00895660 lifetime=1 vendor=7 statuscalls=1 creates=1 releases=0 starts=1 qpc=1949757860531
audit phase=end id=6 op=3 request_gen=1 current_gen=1 handle=00895660 lifetime=1 vendor=8 statuscalls=1 creates=1 releases=0 starts=1 qpc=1949757860727
audit phase=begin id=7 op=4 request_gen=1 current_gen=1 handle=00895660 lifetime=1 vendor=8 statuscalls=1 creates=1 releases=0 starts=1 qpc=1949757862085
audit phase=end id=7 op=4 request_gen=1 current_gen=1 handle=00895660 lifetime=1 vendor=9 statuscalls=2 creates=1 releases=0 starts=1 qpc=1949757862125
audit phase=begin id=8 op=5 request_gen=1 current_gen=1 handle=00895660 lifetime=1 vendor=9 statuscalls=2 creates=1 releases=0 starts=1 qpc=1949757863162
audit phase=end id=8 op=5 request_gen=1 current_gen=1 handle=00895660 lifetime=1 vendor=10 statuscalls=2 creates=1 releases=0 starts=1 qpc=1949757863230
audit phase=begin id=9 op=3 request_gen=1 current_gen=1 handle=00895660 lifetime=1 vendor=10 statuscalls=2 creates=1 releases=0 starts=1 qpc=1949758365419
audit phase=end id=9 op=3 request_gen=1 current_gen=1 handle=00895660 lifetime=1 vendor=11 statuscalls=2 creates=1 releases=0 starts=1 qpc=1949758365564
audit phase=begin id=10 op=4 request_gen=1 current_gen=1 handle=00895660 lifetime=1 vendor=11 statuscalls=2 creates=1 releases=0 starts=1 qpc=1949758366442
audit phase=end id=10 op=4 request_gen=1 current_gen=1 handle=00895660 lifetime=1 vendor=12 statuscalls=3 creates=1 releases=0 starts=1 qpc=1949758366460
audit phase=begin id=11 op=5 request_gen=1 current_gen=1 handle=00895660 lifetime=1 vendor=12 statuscalls=3 creates=1 releases=0 starts=1 qpc=1949758367248
audit phase=end id=11 op=5 request_gen=1 current_gen=1 handle=00895660 lifetime=1 vendor=13 statuscalls=3 creates=1 releases=0 starts=1 qpc=1949758367298
audit phase=begin id=12 op=3 request_gen=1 current_gen=1 handle=00895660 lifetime=1 vendor=13 statuscalls=3 creates=1 releases=0 starts=1 qpc=1949758870211
audit phase=end id=12 op=3 request_gen=1 current_gen=1 handle=00895660 lifetime=1 vendor=14 statuscalls=3 creates=1 releases=0 starts=1 qpc=1949758870370
audit phase=begin id=13 op=4 request_gen=1 current_gen=1 handle=00895660 lifetime=1 vendor=14 statuscalls=3 creates=1 releases=0 starts=1 qpc=1949758871368
audit phase=end id=13 op=4 request_gen=1 current_gen=1 handle=00895660 lifetime=1 vendor=15 statuscalls=4 creates=1 releases=0 starts=1 qpc=1949758871392
audit phase=begreply id=14 kind=0 result=0 slot=1 gen=1 event=0 status=-1 total=204 pos=128 begin=1949758871880 end=1949758872961 tid=440
request id=15 op=3 generation=1
reply id=15 kind=0 result=0 slot=1 gen=1 event=0 status=-1 total=-1 pos=-1 begin=1949759373992 end=1949759375408 tid=440
request id=16 op=4 generation=1
reply id=16 kind=0 result=0 slot=1 gen=1 event=0 status=4 total=-1 pos=-1 begin=1949759375557 end=1949759376381 tid=440
request id=17 op=5 generation=1
reply id=17 kind=0 result=0 slot=1 gen=1 event=0 status=-1 total=204 pos=177 begin=1949759376479 end=1949759377199 tid=440
request id=18 op=3 generation=1
reply id=18 kind=1 result=0 slot=1 gen=1 event=34 status=-1 total=-1 pos=-1 begin=1949759878173 end=1949759879571 tid=440
reply id=18 kind=0 result=0 slot=1 gen=1 event=0 status=-1 total=-1 pos=-1 begin=1949759878173 end=1949759879804 tid=440
request id=19 op=4 generation=1
reply id=19 kind=0 result=0 slot=1 gen=1 event=0 status=2 total=-1 pos=-1 begin=1949759879886 end=1949759880649 tid=440
request id=20 op=5 generation=1
reply id=20 kind=0 result=0 slot=1 gen=1 event=0 status=-1 total=204 pos=204 begin=1949759880724 end=1949759881653 tid=440
request id=21 op=3 generation=1
reply id=21 kind=0 result=0 slot=1 gen=1 event=0 status=-1 total=-1 pos=-1 begin=1949760382575 end=1949760384276 tid=440
request id=22 op=4 generation=1
reply id=22 kind=0 result=0 slot=1 gen=1 event=0 status=2 total=-1 pos=-1 begin=1949760384381 end=1949760385121 tid=440
request id=23 op=5 generation=1
reply id=23 kind=0 result=0 slot=1 gen=1 event=0 status=-1 total=204 pos=204 begin=1949760385197 end=1949760385868 tid=440
request id=24 op=3 generation=1
reply id=24 kind=0 result=0 slot=1 gen=1 event=0 status=-1 total=-1 pos=-1 begin=1949760886867 end=1949760888156 tid=440
request id=25 op=4 generation=1
reply id=25 kind=0 result=0 slot=1 gen=1 event=0 status=2 total=-1 pos=-1 begin=1949760888449 end=1949760889223 tid=440
request id=26 op=5 generation=1
reply id=26 kind=0 result=0 slot=1 gen=1 event=0 status=-1 total=204 pos=204 begin=1949760889343 end=1949760890089 tid=440
request id=27 op=3 generation=1
in id=14 op=5 request_gen=1 current_gen=1 handle=00895660 lifetime=1 vendor=15 statuscalls=4 creates=1 releases=0 starts=1 qpc=1949758872319
audit phase=end id=14 op=5 request_gen=1 current_gen=1 handle=00895660 lifetime=1 vendor=16 statuscalls=4 creates=1 releases=0 starts=1 qpc=1949758872612
audit phase=begin id=15 op=3 request_gen=1 current_gen=1 handle=00895660 lifetime=1 vendor=16 statuscalls=4 creates=1 releases=0 starts=1 qpc=1949759374801
audit phase=end id=15 op=3 request_gen=1 current_gen=1 handle=00895660 lifetime=1 vendor=17 statuscalls=4 creates=1 releases=0 starts=1 qpc=1949759374974
audit phase=begin id=16 op=4 request_gen=1 current_gen=1 handle=00895660 lifetime=1 vendor=17 statuscalls=4 creates=1 releases=0 starts=1 qpc=1949759375995
audit phase=end id=16 op=4 request_gen=1 current_gen=1 handle=00895660 lifetime=1 vendor=18 statuscalls=5 creates=1 releases=0 starts=1 qpc=1949759376017
audit phase=begin id=17 op=5 request_gen=1 current_gen=1 handle=00895660 lifetime=1 vendor=18 statuscalls=5 creates=1 releases=0 starts=1 qpc=1949759376809
audit phase=end id=17 op=5 request_gen=1 current_gen=1 handle=00895660 lifetime=1 vendor=19 statuscalls=5 creates=1 releases=0 starts=1 qpc=1949759376852
audit phase=begin id=18 op=3 request_gen=1 current_gen=1 handle=00895660 lifetime=1 vendor=19 statuscalls=5 creates=1 releases=0 starts=1 qpc=1949759879015
audit phase=end id=18 op=3 request_gen=1 current_gen=1 handle=00895660 lifetime=1 vendor=20 statuscalls=5 creates=1 releases=0 starts=1 qpc=1949759879149
audit phase=begin id=19 op=4 request_gen=1 current_gen=1 handle=00895660 lifetime=1 vendor=20 statuscalls=5 creates=1 releases=0 starts=1 qpc=1949759880299
audit phase=end id=19 op=4 request_gen=1 current_gen=1 handle=00895660 lifetime=1 vendor=21 statuscalls=6 creates=1 releases=0 starts=1 qpc=1949759880327
audit phase=begin id=20 op=5 request_gen=1 current_gen=1 handle=00895660 lifetime=1 vendor=21 statuscalls=6 creates=1 releases=0 starts=1 qpc=1949759881057
audit phase=end id=20 op=5 request_gen=1 current_gen=1 handle=00895660 lifetime=1 vendor=22 statuscalls=6 creates=1 releases=0 starts=1 qpc=1949759881106
audit phase=begin id=21 op=3 request_gen=1 current_gen=1 handle=00895660 lifetime=1 vendor=22 statuscalls=6 creates=1 releases=0 starts=1 qpc=1949760383740
audit phase=end id=21 op=3 request_gen=1 current_gen=1 handle=00895660 lifetime=1 vendor=23 statuscalls=6 creates=1 releases=0 starts=1 qpc=1949760383865
audit phase=begin id=22 op=4 request_gen=1 current_gen=1 handle=00895660 lifetime=1 vendor=23 statuscalls=6 creates=1 releases=0 starts=1 qpc=1949760384733
audit phase=end id=22 op=4 request_gen=1 current_gen=1 handle=00895660 lifetime=1 vendor=24 statuscalls=7 creates=1 releases=0 starts=1 qpc=1949760384753
audit phase=begin id=23 op=5 request_gen=1 current_gen=1 handle=00895660 lifetime=1 vendor=24 statuscalls=7 creates=1 releases=0 starts=1 qpc=1949760385501
audit phase=end id=23 op=5 request_gen=1 current_gen=1 handle=00895660 lifetime=1 vendor=25 statuscalls=7 creates=1 releases=0 starts=1 qpc=1949760385537
audit phase=begin id=24 op=3 request_gen=1 current_gen=1 handle=00895660 lifetime=1 vendor=25 statuscalls=7 creates=1 releases=0 starts=1 qpc=1949760887609
audit phase=end id=24 op=3 request_gen=1 current_gen=1 handle=00895660 lifetime=1 vendor=26 statuscalls=7 creates=1 releases=0 starts=1 qpc=1949760887708
audit phase=begin id=25 op=4 request_gen=1 current_gen=1 handle=00895660 lifetime=1 vendor=26 statuscalls=7 creates=1 releases=0 starts=1 qpc=1949760888812
audit phase=end id=25 op=4 request_gen=1 current_gen=1 handle=00895660 lifetime=1 vendor=27 statuscalls=8 creates=1 releases=0 starts=1 qpc=1949760888828
audit phase=begin id=26 op=5 request_gen=1 current_gen=1 handle=00895660 lifetime=1 vendor=27 statuscalls=8 creates=1 releases=0 starts=1 qpc=1949760889681
audit phase=end id=26 op=5 request_gen=1 current_gen=1 handle=00895660 lifetime=1 vendor=28 statuscalls=8 creates=1 releases=0 starts=1 qpc=1949760889714
audit phase=begin id=27 op=3 request_gen=1 current_gen=1 handle=00895660 lifetimereply id=27 kind=0 result=0 slot=1 gen=1 event=0 status=-1 total=-1 pos=-1 begin=1949761391075 end=1949761392670 tid=440
request id=28 op=4 generation=1
reply id=28 kind=0 result=0 slot=1 gen=1 event=0 status=2 total=-1 pos=-1 begin=1949761392849 end=1949761393503 tid=440
request id=29 op=5 generation=1
reply id=29 kind=0 result=0 slot=1 gen=1 event=0 status=-1 total=204 pos=204 begin=1949761393577 end=1949761394216 tid=440
request id=30 op=3 generation=1
reply id=30 kind=0 result=0 slot=1 gen=1 event=0 status=-1 total=-1 pos=-1 begin=1949761895154 end=1949761896574 tid=440
request id=31 op=4 generation=1
reply id=31 kind=0 result=0 slot=1 gen=1 event=0 status=2 total=-1 pos=-1 begin=1949761896667 end=1949761897356 tid=440
request id=32 op=5 generation=1
reply id=32 kind=0 result=0 slot=1 gen=1 event=0 status=-1 total=204 pos=204 begin=1949761897433 end=1949761898130 tid=440
request id=33 op=3 generation=1
reply id=33 kind=0 result=0 slot=1 gen=1 event=0 status=-1 total=-1 pos=-1 begin=1949762399037 end=1949762400615 tid=440
request id=34 op=4 generation=1
reply id=34 kind=0 result=0 slot=1 gen=1 event=0 status=2 total=-1 pos=-1 begin=1949762400711 end=1949762401425 tid=440
request id=35 op=5 generation=1
reply id=35 kind=0 result=0 slot=1 gen=1 event=0 status=-1 total=204 pos=204 begin=1949762401497 end=1949762402159 tid=440
request id=36 op=3 generation=1
reply id=36 kind=0 result=0 slot=1 gen=1 event=0 status=-1 total=-1 pos=-1 begin=1949762903111 end=1949762904509 tid=440
request id=37 op=4 generation=1
reply id=37 kind=0 result=0 slot=1 gen=1 event=0 status=2 total=-1 pos=-1 begin=1949762904607 end=1949762905346 tid=440
request id=38 op=5 generation=1
reply id=38 kind=0 result=0 slot=1 gen=1 event=0 status=-1 total=204 pos=204 begin=1949762905421 end=1949762906110 tid=440
request id=39 op=3 generation=1
reply id=39 kind=0 result=0 slot=1 gen=1 event=0 status=-1 total=-1 pos=-1 begin=1949763407068 end=1949763408376 tid=440
request id=40 op=4 generation=1
=1 vendor=28 statuscalls=8 creates=1 releases=0 starts=1 qpc=1949761391880
audit phase=end id=27 op=3 request_gen=1 current_gen=1 handle=00895660 lifetime=1 vendor=29 statuscalls=8 creates=1 releases=0 starts=1 qpc=1949761392264
audit phase=begin id=28 op=4 request_gen=1 current_gen=1 handle=00895660 lifetime=1 vendor=29 statuscalls=8 creates=1 releases=0 starts=1 qpc=1949761393174
audit phase=end id=28 op=4 request_gen=1 current_gen=1 handle=00895660 lifetime=1 vendor=30 statuscalls=9 creates=1 releases=0 starts=1 qpc=1949761393192
audit phase=begin id=29 op=5 request_gen=1 current_gen=1 handle=00895660 lifetime=1 vendor=30 statuscalls=9 creates=1 releases=0 starts=1 qpc=1949761393875
audit phase=end id=29 op=5 request_gen=1 current_gen=1 handle=00895660 lifetime=1 vendor=31 statuscalls=9 creates=1 releases=0 starts=1 qpc=1949761393912
audit phase=begin id=30 op=3 request_gen=1 current_gen=1 handle=00895660 lifetime=1 vendor=31 statuscalls=9 creates=1 releases=0 starts=1 qpc=1949761896021
audit phase=end id=30 op=3 request_gen=1 current_gen=1 handle=00895660 lifetime=1 vendor=32 statuscalls=9 creates=1 releases=0 starts=1 qpc=1949761896141
audit phase=begin id=31 op=4 request_gen=1 current_gen=1 handle=00895660 lifetime=1 vendor=32 statuscalls=9 creates=1 releases=0 starts=1 qpc=1949761897004
audit phase=end id=31 op=4 request_gen=1 current_gen=1 handle=00895660 lifetime=1 vendor=33 statuscalls=10 creates=1 releases=0 starts=1 qpc=1949761897024
audit phase=begin id=32 op=5 request_gen=1 current_gen=1 handle=00895660 lifetime=1 vendor=33 statuscalls=10 creates=1 releases=0 starts=1 qpc=1949761897760
audit phase=end id=32 op=5 request_gen=1 current_gen=1 handle=00895660 lifetime=1 vendor=34 statuscalls=10 creates=1 releases=0 starts=1 qpc=1949761897795
audit phase=begin id=33 op=3 request_gen=1 current_gen=1 handle=00895660 lifetime=1 vendor=34 statuscalls=10 creates=1 releases=0 starts=1 qpc=1949762399971
audit phase=end id=33 op=3 request_gen=1 current_gen=1 handle=00895660 lifetime=1 vendor=35 statuscalls=10 creates=1 releases=0 starts=1 qpc=1949762400184
audit phase=begin id=34 op=4 request_gen=1 current_gen=1 handle=00895660 lifetime=1 vendor=35 statuscalls=10 creates=1 releases=0 starts=1 qpc=1949762401079
audit phase=end id=34 op=4 request_gen=1 current_gen=1 handle=00895660 lifetime=1 vendor=36 statuscalls=11 creates=1 releases=0 starts=1 qpc=1949762401098
audit phase=begin id=35 op=5 request_gen=1 current_gen=1 handle=00895660 lifetime=1 vendor=36 statuscalls=11 creates=1 releases=0 starts=1 qpc=1949762401805
audit phase=end id=35 op=5 request_gen=1 current_gen=1 handle=00895660 lifetime=1 vendor=37 statuscalls=11 creates=1 releases=0 starts=1 qpc=1949762401842
audit phase=begin id=36 op=3 request_gen=1 current_gen=1 handle=00895660 lifetime=1 vendor=37 statuscalls=11 creates=1 releases=0 starts=1 qpc=1949762903963
audit phase=end id=36 op=3 request_gen=1 current_gen=1 handle=00895660 lifetime=1 vendor=38 statuscalls=11 creates=1 releases=0 starts=1 qpc=1949762904101
audit phase=begin id=37 op=4 request_gen=1 current_gen=1 handle=00895660 lifetime=1 vendor=38 statuscalls=11 creates=1 releases=0 starts=1 qpc=1949762904993
audit phase=end id=37 op=4 request_gen=1 current_gen=1 handle=00895660 lifetime=1 vendor=39 statuscalls=12 creates=1 releases=0 starts=1 qpc=1949762905012
audit phase=begin id=38 op=5 request_gen=1 current_gen=1 handle=00895660 lifetime=1 vendor=39 statuscalls=12 creates=1 releases=0 starts=1 qpc=1949762905731
audit phase=end id=38 op=5 request_gen=1 current_gen=1 handle=00895660 lifetime=1 vendor=40 statuscalls=12 creates=1 releases=0 starts=1 qpc=1949762905768
audit phase=begin id=39 op=3 request_gen=1 current_gen=1 handle=00895660 lifetime=1 vendor=40 statuscalls=12 creates=1 releases=0 starts=1 qpc=1949763407828
audit phase=end id=39 op=3 request_gen=1 current_gen=1 handle=00895660 lifetime=1 vendor=41 statuscalls=12 creates=1 releases=0 starts=1 qpc=1949763407960
audit phase=begin id=40 op=4 request_gen=1 current_gen=1 handle=00895660 lifetime=1 vendor=41 statuscalls=12 creates=1 releases=0 reply id=40 kind=0 result=0 slot=1 gen=1 event=0 status=2 total=-1 pos=-1 begin=1949763408519 end=1949763409470 tid=440
request id=41 op=5 generation=1
reply id=41 kind=0 result=0 slot=1 gen=1 event=0 status=-1 total=204 pos=204 begin=1949763409624 end=1949763410606 tid=440
request id=42 op=3 generation=1
reply id=42 kind=0 result=0 slot=1 gen=1 event=0 status=-1 total=-1 pos=-1 begin=1949763911645 end=1949763913376 tid=440
request id=43 op=4 generation=1
reply id=43 kind=0 result=0 slot=1 gen=1 event=0 status=2 total=-1 pos=-1 begin=1949763913644 end=1949763914781 tid=440
request id=44 op=5 generation=1
reply id=44 kind=0 result=0 slot=1 gen=1 event=0 status=-1 total=204 pos=204 begin=1949763915107 end=1949763916322 tid=440
request id=45 op=3 generation=1
reply id=45 kind=0 result=0 slot=1 gen=1 event=0 status=-1 total=-1 pos=-1 begin=1949764417280 end=1949764418964 tid=440
request id=46 op=4 generation=1
reply id=46 kind=0 result=0 slot=1 gen=1 event=0 status=2 total=-1 pos=-1 begin=1949764419171 end=1949764419970 tid=440
request id=47 op=5 generation=1
reply id=47 kind=0 result=0 slot=1 gen=1 event=0 status=-1 total=204 pos=204 begin=1949764420117 end=1949764420909 tid=440
request id=48 op=3 generation=1
reply id=48 kind=0 result=0 slot=1 gen=1 event=0 status=-1 total=-1 pos=-1 begin=1949764921961 end=1949764924289 tid=440
request id=49 op=4 generation=1
reply id=49 kind=0 result=0 slot=1 gen=1 event=0 status=2 total=-1 pos=-1 begin=1949764924515 end=1949764925505 tid=440
request id=50 op=5 generation=1
reply id=50 kind=0 result=0 slot=1 gen=1 event=0 status=-1 total=204 pos=204 begin=1949764925664 end=1949764926426 tid=440
request id=51 op=3 generation=1
reply id=51 kind=0 result=0 slot=1 gen=1 event=0 status=-1 total=-1 pos=-1 begin=1949765427535 end=1949765428932 tid=440
request id=52 op=4 generation=1
reply id=52 kind=0 result=0 slot=1 gen=1 event=0 status=2 total=-1 pos=-1 begin=1949765429063 end=1949765430464 tid=440
request id=53 op=5 generation=1
starts=1 qpc=1949763408867
audit phase=end id=40 op=4 request_gen=1 current_gen=1 handle=00895660 lifetime=1 vendor=42 statuscalls=13 creates=1 releases=0 starts=1 qpc=1949763409142
audit phase=begin id=41 op=5 request_gen=1 current_gen=1 handle=00895660 lifetime=1 vendor=42 statuscalls=13 creates=1 releases=0 starts=1 qpc=1949763409955
audit phase=end id=41 op=5 request_gen=1 current_gen=1 handle=00895660 lifetime=1 vendor=43 statuscalls=13 creates=1 releases=0 starts=1 qpc=1949763410077
audit phase=begin id=42 op=3 request_gen=1 current_gen=1 handle=00895660 lifetime=1 vendor=43 statuscalls=13 creates=1 releases=0 starts=1 qpc=1949763912514
audit phase=end id=42 op=3 request_gen=1 current_gen=1 handle=00895660 lifetime=1 vendor=44 statuscalls=13 creates=1 releases=0 starts=1 qpc=1949763912638
audit phase=begin id=43 op=4 request_gen=1 current_gen=1 handle=00895660 lifetime=1 vendor=44 statuscalls=13 creates=1 releases=0 starts=1 qpc=1949763914312
audit phase=end id=43 op=4 request_gen=1 current_gen=1 handle=00895660 lifetime=1 vendor=45 statuscalls=14 creates=1 releases=0 starts=1 qpc=1949763914343
audit phase=begin id=44 op=5 request_gen=1 current_gen=1 handle=00895660 lifetime=1 vendor=45 statuscalls=14 creates=1 releases=0 starts=1 qpc=1949763915691
audit phase=end id=44 op=5 request_gen=1 current_gen=1 handle=00895660 lifetime=1 vendor=46 statuscalls=14 creates=1 releases=0 starts=1 qpc=1949763915756
audit phase=begin id=45 op=3 request_gen=1 current_gen=1 handle=00895660 lifetime=1 vendor=46 statuscalls=14 creates=1 releases=0 starts=1 qpc=1949764418348
audit phase=end id=45 op=3 request_gen=1 current_gen=1 handle=00895660 lifetime=1 vendor=47 statuscalls=14 creates=1 releases=0 starts=1 qpc=1949764418485
audit phase=begin id=46 op=4 request_gen=1 current_gen=1 handle=00895660 lifetime=1 vendor=47 statuscalls=14 creates=1 releases=0 starts=1 qpc=1949764419599
audit phase=end id=46 op=4 request_gen=1 current_gen=1 handle=00895660 lifetime=1 vendor=48 statuscalls=15 creates=1 releases=0 starts=1 qpc=1949764419617
audit phase=begin id=47 op=5 request_gen=1 current_gen=1 handle=00895660 lifetime=1 vendor=48 statuscalls=15 creates=1 releases=0 starts=1 qpc=1949764420504
audit phase=end id=47 op=5 request_gen=1 current_gen=1 handle=00895660 lifetime=1 vendor=49 statuscalls=15 creates=1 releases=0 starts=1 qpc=1949764420572
audit phase=begin id=48 op=3 request_gen=1 current_gen=1 handle=00895660 lifetime=1 vendor=49 statuscalls=15 creates=1 releases=0 starts=1 qpc=1949764923246
audit phase=end id=48 op=3 request_gen=1 current_gen=1 handle=00895660 lifetime=1 vendor=50 statuscalls=15 creates=1 releases=0 starts=1 qpc=1949764923405
audit phase=begin id=49 op=4 request_gen=1 current_gen=1 handle=00895660 lifetime=1 vendor=50 statuscalls=15 creates=1 releases=0 starts=1 qpc=1949764925042
audit phase=end id=49 op=4 request_gen=1 current_gen=1 handle=00895660 lifetime=1 vendor=51 statuscalls=16 creates=1 releases=0 starts=1 qpc=1949764925078
audit phase=begin id=50 op=5 request_gen=1 current_gen=1 handle=00895660 lifetime=1 vendor=51 statuscalls=16 creates=1 releases=0 starts=1 qpc=1949764926031
audit phase=end id=50 op=5 request_gen=1 current_gen=1 handle=00895660 lifetime=1 vendor=52 statuscalls=16 creates=1 releases=0 starts=1 qpc=1949764926087
audit phase=begin id=51 op=3 request_gen=1 current_gen=1 handle=00895660 lifetime=1 vendor=52 statuscalls=16 creates=1 releases=0 starts=1 qpc=1949765428332
audit phase=end id=51 op=3 request_gen=1 current_gen=1 handle=00895660 lifetime=1 vendor=53 statuscalls=16 creates=1 releases=0 starts=1 qpc=1949765428455
audit phase=begin id=52 op=4 request_gen=1 current_gen=1 handle=00895660 lifetime=1 vendor=53 statuscalls=16 creates=1 releases=0 starts=1 qpc=1949765429447
audit phase=end id=52 op=4 request_gen=1 current_gen=1 handle=00895660 lifetime=1 vendor=54 statuscalls=17 creates=1 releases=0 starts=1 qpc=1949765429466
audit phase=begin id=53 op=5 request_gen=1 current_gen=1 handle=00895660 lifetime=1 vendor=54 statuscalls=17 creates=1 releases=0 starts=1 qpc=1949765431137
audit phase=ereply id=53 kind=0 result=0 slot=1 gen=1 event=0 status=-1 total=204 pos=204 begin=1949765430673 end=1949765431804 tid=440
request id=54 op=3 generation=1
reply id=54 kind=0 result=0 slot=1 gen=1 event=0 status=-1 total=-1 pos=-1 begin=1949765932872 end=1949765936790 tid=440
request id=55 op=4 generation=1
reply id=55 kind=0 result=0 slot=1 gen=1 event=0 status=2 total=-1 pos=-1 begin=1949765936958 end=1949765938007 tid=440
request id=56 op=5 generation=1
reply id=56 kind=0 result=0 slot=1 gen=1 event=0 status=-1 total=204 pos=204 begin=1949765938087 end=1949765938881 tid=440
request id=57 op=3 generation=1
reply id=57 kind=0 result=0 slot=1 gen=1 event=0 status=-1 total=-1 pos=-1 begin=1949766439775 end=1949766441408 tid=440
request id=58 op=4 generation=1
reply id=58 kind=0 result=0 slot=1 gen=1 event=0 status=2 total=-1 pos=-1 begin=1949766441510 end=1949766442292 tid=440
request id=59 op=5 generation=1
reply id=59 kind=0 result=0 slot=1 gen=1 event=0 status=-1 total=204 pos=204 begin=1949766442367 end=1949766443249 tid=440
request id=60 op=3 generation=1
reply id=60 kind=0 result=0 slot=1 gen=1 event=0 status=-1 total=-1 pos=-1 begin=1949766944275 end=1949766945801 tid=440
request id=61 op=4 generation=1
reply id=61 kind=0 result=0 slot=1 gen=1 event=0 status=2 total=-1 pos=-1 begin=1949766945920 end=1949766946717 tid=440
request id=62 op=5 generation=1
reply id=62 kind=0 result=0 slot=1 gen=1 event=0 status=-1 total=204 pos=204 begin=1949766946812 end=1949766947601 tid=440
request id=63 op=6 generation=1
reply id=63 kind=0 result=0 slot=1 gen=1 event=0 status=-1 total=-1 pos=-1 begin=1949766947693 end=1949766948485 tid=440
request id=64 op=7 generation=1
reply id=64 kind=0 result=0 slot=1 gen=2 event=0 status=-1 total=-1 pos=-1 begin=1949766948583 end=1949766949880 tid=440
request id=65 op=1 generation=2
reply id=65 kind=0 result=0 slot=1 gen=2 event=0 status=-1 total=-1 pos=-1 begin=1949766950152 end=1949766952864 tid=440
request id=66 op=4 generation=1
nd id=53 op=5 request_gen=1 current_gen=1 handle=00895660 lifetime=1 vendor=55 statuscalls=17 creates=1 releases=0 starts=1 qpc=1949765431182
audit phase=begin id=54 op=3 request_gen=1 current_gen=1 handle=00895660 lifetime=1 vendor=55 statuscalls=17 creates=1 releases=0 starts=1 qpc=1949765935656
audit phase=end id=54 op=3 request_gen=1 current_gen=1 handle=00895660 lifetime=1 vendor=56 statuscalls=17 creates=1 releases=0 starts=1 qpc=1949765935837
audit phase=begin id=55 op=4 request_gen=1 current_gen=1 handle=00895660 lifetime=1 vendor=56 statuscalls=17 creates=1 releases=0 starts=1 qpc=1949765937575
audit phase=end id=55 op=4 request_gen=1 current_gen=1 handle=00895660 lifetime=1 vendor=57 statuscalls=18 creates=1 releases=0 starts=1 qpc=1949765937609
audit phase=begin id=56 op=5 request_gen=1 current_gen=1 handle=00895660 lifetime=1 vendor=57 statuscalls=18 creates=1 releases=0 starts=1 qpc=1949765938485
audit phase=end id=56 op=5 request_gen=1 current_gen=1 handle=00895660 lifetime=1 vendor=58 statuscalls=18 creates=1 releases=0 starts=1 qpc=1949765938540
audit phase=begin id=57 op=3 request_gen=1 current_gen=1 handle=00895660 lifetime=1 vendor=58 statuscalls=18 creates=1 releases=0 starts=1 qpc=1949766440741
audit phase=end id=57 op=3 request_gen=1 current_gen=1 handle=00895660 lifetime=1 vendor=59 statuscalls=18 creates=1 releases=0 starts=1 qpc=1949766440936
audit phase=begin id=58 op=4 request_gen=1 current_gen=1 handle=00895660 lifetime=1 vendor=59 statuscalls=18 creates=1 releases=0 starts=1 qpc=1949766441912
audit phase=end id=58 op=4 request_gen=1 current_gen=1 handle=00895660 lifetime=1 vendor=60 statuscalls=19 creates=1 releases=0 starts=1 qpc=1949766441933
audit phase=begin id=59 op=5 request_gen=1 current_gen=1 handle=00895660 lifetime=1 vendor=60 statuscalls=19 creates=1 releases=0 starts=1 qpc=1949766442781
audit phase=end id=59 op=5 request_gen=1 current_gen=1 handle=00895660 lifetime=1 vendor=61 statuscalls=19 creates=1 releases=0 starts=1 qpc=1949766442820
audit phase=begin id=60 op=3 request_gen=1 current_gen=1 handle=00895660 lifetime=1 vendor=61 statuscalls=19 creates=1 releases=0 starts=1 qpc=1949766945104
audit phase=end id=60 op=3 request_gen=1 current_gen=1 handle=00895660 lifetime=1 vendor=62 statuscalls=19 creates=1 releases=0 starts=1 qpc=1949766945280
audit phase=begin id=61 op=4 request_gen=1 current_gen=1 handle=00895660 lifetime=1 vendor=62 statuscalls=19 creates=1 releases=0 starts=1 qpc=1949766946334
audit phase=end id=61 op=4 request_gen=1 current_gen=1 handle=00895660 lifetime=1 vendor=63 statuscalls=20 creates=1 releases=0 starts=1 qpc=1949766946351
audit phase=begin id=62 op=5 request_gen=1 current_gen=1 handle=00895660 lifetime=1 vendor=63 statuscalls=20 creates=1 releases=0 starts=1 qpc=1949766947206
audit phase=end id=62 op=5 request_gen=1 current_gen=1 handle=00895660 lifetime=1 vendor=64 statuscalls=20 creates=1 releases=0 starts=1 qpc=1949766947239
audit phase=begin id=63 op=6 request_gen=1 current_gen=1 handle=00895660 lifetime=1 vendor=64 statuscalls=20 creates=1 releases=0 starts=1 qpc=1949766948087
audit phase=end id=63 op=6 request_gen=1 current_gen=1 handle=00895660 lifetime=1 vendor=65 statuscalls=20 creates=1 releases=0 starts=1 qpc=1949766948117
audit phase=begin id=64 op=7 request_gen=1 current_gen=1 handle=00895660 lifetime=1 vendor=65 statuscalls=20 creates=1 releases=0 starts=1 qpc=1949766949229
audit phase=end id=64 op=7 request_gen=1 current_gen=2 handle=00000000 lifetime=0 vendor=66 statuscalls=20 creates=1 releases=1 starts=1 qpc=1949766949431
audit phase=begin id=65 op=1 request_gen=2 current_gen=2 handle=00000000 lifetime=0 vendor=66 statuscalls=20 creates=1 releases=1 starts=1 qpc=1949766950686
audit phase=end id=65 op=1 request_gen=2 current_gen=2 handle=00895660 lifetime=2 vendor=69 statuscalls=20 creates=2 releases=1 starts=1 qpc=1949766952467
audit phase=begin id=66 op=4 request_gen=1 current_gen=2 handle=00895660 lifetime=2 vendor=69 statuscalls=20 creates=2 releases=1 starts=1 qpc=1949766953335
audit phase=end id=66 op=4 request_gen=1 current_gen=reply id=66 kind=0 result=1 slot=1 gen=2 event=0 status=-1 total=-1 pos=-1 begin=1949766952994 end=1949766953952 tid=440
request id=67 op=4 generation=2
reply id=67 kind=0 result=0 slot=1 gen=2 event=0 status=2 total=-1 pos=-1 begin=1949766954092 end=1949766954786 tid=440
request id=68 op=7 generation=2
reply id=68 kind=0 result=0 slot=1 gen=3 event=0 status=-1 total=-1 pos=-1 begin=1949766954880 end=1949766955820 tid=440
request id=69 op=8 generation=3
reply id=69 kind=0 result=0 slot=1 gen=3 event=0 status=-1 total=-1 pos=-1 begin=1949766955893 end=1949766956872 tid=440
2 handle=00895660 lifetime=2 vendor=69 statuscalls=20 creates=2 releases=1 starts=1 qpc=1949766953356
audit phase=begin id=67 op=4 request_gen=2 current_gen=2 handle=00895660 lifetime=2 vendor=69 statuscalls=20 creates=2 releases=1 starts=1 qpc=1949766954421
audit phase=end id=67 op=4 request_gen=2 current_gen=2 handle=00895660 lifetime=2 vendor=70 statuscalls=21 creates=2 releases=1 starts=1 qpc=1949766954444
audit phase=begin id=68 op=7 request_gen=2 current_gen=2 handle=00895660 lifetime=2 vendor=70 statuscalls=21 creates=2 releases=1 starts=1 qpc=1949766955217
audit phase=end id=68 op=7 request_gen=2 current_gen=3 handle=00000000 lifetime=0 vendor=71 statuscalls=21 creates=2 releases=2 starts=1 qpc=1949766955473
audit phase=begin id=69 op=8 request_gen=3 current_gen=3 handle=00000000 lifetime=0 vendor=71 statuscalls=21 creates=2 releases=2 starts=1 qpc=1949766956501
audit phase=end id=69 op=8 request_gen=3 current_gen=3 handle=00000000 lifetime=0 vendor=71 statuscalls=21 creates=2 releases=2 starts=1 qpc=1949766956524
event seq=0 active_id=1 active_op=1 observed_last_id=1 observed_last_op=1 tid=448 eos=0 qpc=1949756849442 cw=027f sw=0120 mx=00001f80
event seq=1 active_id=1 active_op=1 observed_last_id=1 observed_last_op=1 tid=448 eos=0 qpc=1949756852666 cw=027f sw=4020 mx=00001f80
event seq=2 active_id=2 active_op=2 observed_last_id=2 observed_last_op=2 tid=448 eos=0 qpc=1949756853867 cw=027f sw=4020 mx=00001f80
event seq=3 active_id=2 active_op=2 observed_last_id=2 observed_last_op=2 tid=448 eos=0 qpc=1949756853954 cw=027f sw=4020 mx=00001f80
event seq=4 active_id=3 active_op=3 observed_last_id=3 observed_last_op=3 tid=448 eos=0 qpc=1949757356274 cw=027f sw=4020 mx=00001f80
event seq=5 active_id=3 active_op=3 observed_last_id=3 observed_last_op=3 tid=448 eos=0 qpc=1949757356469 cw=027f sw=4020 mx=00001f80
event seq=6 active_id=4 active_op=4 observed_last_id=4 observed_last_op=4 tid=448 eos=0 qpc=1949757357325 cw=027f sw=4020 mx=00001f80
event seq=7 active_id=4 active_op=4 observed_last_id=4 observed_last_op=4 tid=448 eos=0 qpc=1949757357364 cw=027f sw=4020 mx=00001f80
event seq=8 active_id=5 active_op=5 observed_last_id=5 observed_last_op=5 tid=448 eos=0 qpc=1949757358127 cw=027f sw=4020 mx=00001f80
event seq=9 active_id=5 active_op=5 observed_last_id=5 observed_last_op=5 tid=448 eos=0 qpc=1949757358193 cw=027f sw=4020 mx=00001f80
event seq=10 active_id=6 active_op=3 observed_last_id=6 observed_last_op=3 tid=448 eos=0 qpc=1949757860529 cw=027f sw=4020 mx=00001f80
event seq=11 active_id=6 active_op=3 observed_last_id=6 observed_last_op=3 tid=448 eos=0 qpc=1949757860748 cw=027f sw=0020 mx=00001f80
event seq=12 active_id=7 active_op=4 observed_last_id=7 observed_last_op=4 tid=448 eos=0 qpc=1949757862083 cw=027f sw=0020 mx=00001f80
event seq=13 active_id=7 active_op=4 observed_last_id=7 observed_last_op=4 tid=448 eos=0 qpc=1949757862144 cw=027f sw=0020 mx=00001f80
event seq=14 active_id=8 active_op=5 observed_last_id=8 observed_last_op=5 tid=448 eos=0 qpc=1949757863159 cw=027f sw=0020 mx=00001f80
event seq=15 active_id=8 active_op=5 observed_last_id=8 observed_last_op=5 tid=448 eos=0 qpc=1949757863247 cw=027f sw=0020 mx=00001f80
event seq=16 active_id=9 active_op=3 observed_last_id=9 observed_last_op=3 tid=448 eos=0 qpc=1949758365417 cw=027f sw=0020 mx=00001f80
event seq=17 active_id=9 active_op=3 observed_last_id=9 observed_last_op=3 tid=448 eos=0 qpc=1949758365585 cw=027f sw=0020 mx=00001f80
event seq=18 active_id=10 active_op=4 observed_last_id=10 observed_last_op=4 tid=448 eos=0 qpc=1949758366440 cw=027f sw=0020 mx=00001f80
event seq=19 active_id=10 active_op=4 observed_last_id=10 observed_last_op=4 tid=448 eos=0 qpc=1949758366473 cw=027f sw=0020 mx=00001f80
event seq=20 active_id=11 active_op=5 observed_last_id=11 observed_last_op=5 tid=448 eos=0 qpc=1949758367246 cw=027f sw=0020 mx=00001f80
event seq=21 active_id=11 active_op=5 observed_last_id=11 observed_last_op=5 tid=448 eos=0 qpc=1949758367317 cw=027f sw=0020 mx=00001f80
event seq=22 active_id=12 active_op=3 observed_last_id=12 observed_last_op=3 tid=448 eos=0 qpc=1949758870208 cw=027f sw=0020 mx=00001f80
event seq=23 active_id=12 active_op=3 observed_last_id=12 observed_last_op=3 tid=448 eos=0 qpc=1949758870391 cw=027f sw=0020 mx=00001f80
event seq=24 active_id=13 active_op=4 observed_last_id=13 observed_last_op=4 tid=448 eos=0 qpc=1949758871366 cw=027f sw=0020 mx=00001f80
event seq=25 active_id=13 active_op=4 observed_last_id=13 observed_last_op=4 tid=448 eos=0 qpc=1949758871410 cw=027f sw=0020 mx=00001f80
event seq=26 active_id=14 active_op=5 observed_last_id=14 observed_last_op=5 tid=448 eos=0 qpc=1949758872317 cw=027f sw=0020 mx=00001f80
event seq=27 active_id=14 active_op=5 observed_last_id=14 observed_last_op=5 tid=448 eos=0 qpc=1949758872631 cw=027f sw=0020 mx=00001f80
event seq=28 active_id=15 active_op=3 observed_last_id=15 observed_last_op=3 tid=448 eos=0 qpc=1949759374797 cw=027f sw=0020 mx=00001f80
event seq=29 active_id=15 active_op=3 observed_last_id=15 observed_last_op=3 tid=448 eos=0 qpc=1949759374995 cw=027f sw=0020 mx=00001f80
event seq=30 active_id=16 active_op=4 observed_last_id=16 observed_last_op=4 tid=448 eos=0 qpc=1949759375992 cw=027f sw=0020 mx=00001f80
event seq=31 active_id=16 active_op=4 observed_last_id=16 observed_last_op=4 tid=448 eos=0 qpc=1949759376034 cw=027f sw=0020 mx=00001f80
event seq=32 active_id=17 active_op=5 observed_last_id=17 observed_last_op=5 tid=448 eos=0 qpc=1949759376808 cw=027f sw=0020 mx=00001f80
event seq=33 active_id=17 active_op=5 observed_last_id=17 observed_last_op=5 tid=448 eos=0 qpc=1949759376870 cw=027f sw=0220 mx=00001f80
event seq=34 active_id=0 active_op=0 observed_last_id=17 observed_last_op=5 tid=468 eos=1 qpc=1949759659580 cw=027f sw=0020 mx=00001f80
event seq=35 active_id=18 active_op=3 observed_last_id=18 observed_last_op=3 tid=448 eos=0 qpc=1949759879011 cw=027f sw=0220 mx=00001f80
event seq=36 active_id=18 active_op=3 observed_last_id=18 observed_last_op=3 tid=448 eos=0 qpc=1949759879171 cw=027f sw=0220 mx=00001f80
event seq=37 active_id=19 active_op=4 observed_last_id=19 observed_last_op=4 tid=448 eos=0 qpc=1949759880298 cw=027f sw=0220 mx=00001f80
event seq=38 active_id=19 active_op=4 observed_last_id=19 observed_last_op=4 tid=448 eos=0 qpc=1949759880343 cw=027f sw=0220 mx=00001f80
event seq=39 active_id=20 active_op=5 observed_last_id=20 observed_last_op=5 tid=448 eos=0 qpc=1949759881056 cw=027f sw=0220 mx=00001f80
event seq=40 active_id=20 active_op=5 observed_last_id=20 observed_last_op=5 tid=448 eos=0 qpc=1949759881125 cw=027f sw=0220 mx=00001f80
event seq=41 active_id=21 active_op=3 observed_last_id=21 observed_last_op=3 tid=448 eos=0 qpc=1949760383736 cw=027f sw=0220 mx=00001f80
event seq=42 active_id=21 active_op=3 observed_last_id=21 observed_last_op=3 tid=448 eos=0 qpc=1949760383882 cw=027f sw=0220 mx=00001f80
event seq=43 active_id=22 active_op=4 observed_last_id=22 observed_last_op=4 tid=448 eos=0 qpc=1949760384731 cw=027f sw=0220 mx=00001f80
event seq=44 active_id=22 active_op=4 observed_last_id=22 observed_last_op=4 tid=448 eos=0 qpc=1949760384766 cw=027f sw=0220 mx=00001f80
event seq=45 active_id=23 active_op=5 observed_last_id=23 observed_last_op=5 tid=448 eos=0 qpc=1949760385500 cw=027f sw=0220 mx=00001f80
event seq=46 active_id=23 active_op=5 observed_last_id=23 observed_last_op=5 tid=448 eos=0 qpc=1949760385550 cw=027f sw=0220 mx=00001f80
event seq=47 active_id=24 active_op=3 observed_last_id=24 observed_last_op=3 tid=448 eos=0 qpc=1949760887607 cw=027f sw=0220 mx=00001f80
event seq=48 active_id=24 active_op=3 observed_last_id=24 observed_last_op=3 tid=448 eos=0 qpc=1949760887722 cw=027f sw=0220 mx=00001f80
event seq=49 active_id=25 active_op=4 observed_last_id=25 observed_last_op=4 tid=448 eos=0 qpc=1949760888811 cw=027f sw=0220 mx=00001f80
event seq=50 active_id=25 active_op=4 observed_last_id=25 observed_last_op=4 tid=448 eos=0 qpc=1949760888841 cw=027f sw=0220 mx=00001f80
event seq=51 active_id=26 active_op=5 observed_last_id=26 observed_last_op=5 tid=448 eos=0 qpc=1949760889680 cw=027f sw=0220 mx=00001f80
event seq=52 active_id=26 active_op=5 observed_last_id=26 observed_last_op=5 tid=448 eos=0 qpc=1949760889727 cw=027f sw=0220 mx=00001f80
event seq=53 active_id=27 active_op=3 observed_last_id=27 observed_last_op=3 tid=448 eos=0 qpc=1949761391876 cw=027f sw=0220 mx=00001f80
event seq=54 active_id=27 active_op=3 observed_last_id=27 observed_last_op=3 tid=448 eos=0 qpc=1949761392280 cw=027f sw=0220 mx=00001f80
event seq=55 active_id=28 active_op=4 observed_last_id=28 observed_last_op=4 tid=448 eos=0 qpc=1949761393173 cw=027f sw=0220 mx=00001f80
event seq=56 active_id=28 active_op=4 observed_last_id=28 observed_last_op=4 tid=448 eos=0 qpc=1949761393205 cw=027f sw=0220 mx=00001f80
event seq=57 active_id=29 active_op=5 observed_last_id=29 observed_last_op=5 tid=448 eos=0 qpc=1949761393873 cw=027f sw=0220 mx=00001f80
event seq=58 active_id=29 active_op=5 observed_last_id=29 observed_last_op=5 tid=448 eos=0 qpc=1949761393925 cw=027f sw=0220 mx=00001f80
event seq=59 active_id=30 active_op=3 observed_last_id=30 observed_last_op=3 tid=448 eos=0 qpc=1949761896016 cw=027f sw=0220 mx=00001f80
event seq=60 active_id=30 active_op=3 observed_last_id=30 observed_last_op=3 tid=448 eos=0 qpc=1949761896156 cw=027f sw=0220 mx=00001f80
event seq=61 active_id=31 active_op=4 observed_last_id=31 observed_last_op=4 tid=448 eos=0 qpc=1949761897003 cw=027f sw=0220 mx=00001f80
event seq=62 active_id=31 active_op=4 observed_last_id=31 observed_last_op=4 tid=448 eos=0 qpc=1949761897036 cw=027f sw=0220 mx=00001f80
event seq=63 active_id=32 active_op=5 observed_last_id=32 observed_last_op=5 tid=448 eos=0 qpc=1949761897759 cw=027f sw=0220 mx=00001f80
event seq=64 active_id=32 active_op=5 observed_last_id=32 observed_last_op=5 tid=448 eos=0 qpc=1949761897807 cw=027f sw=0220 mx=00001f80
event seq=65 active_id=33 active_op=3 observed_last_id=33 observed_last_op=3 tid=448 eos=0 qpc=1949762399967 cw=027f sw=0220 mx=00001f80
event seq=66 active_id=33 active_op=3 observed_last_id=33 observed_last_op=3 tid=448 eos=0 qpc=1949762400199 cw=027f sw=0220 mx=00001f80
event seq=67 active_id=34 active_op=4 observed_last_id=34 observed_last_op=4 tid=448 eos=0 qpc=1949762401078 cw=027f sw=0220 mx=00001f80
event seq=68 active_id=34 active_op=4 observed_last_id=34 observed_last_op=4 tid=448 eos=0 qpc=1949762401110 cw=027f sw=0220 mx=00001f80
event seq=69 active_id=35 active_op=5 observed_last_id=35 observed_last_op=5 tid=448 eos=0 qpc=1949762401804 cw=027f sw=0220 mx=00001f80
event seq=70 active_id=35 active_op=5 observed_last_id=35 observed_last_op=5 tid=448 eos=0 qpc=1949762401855 cw=027f sw=0220 mx=00001f80
event seq=71 active_id=36 active_op=3 observed_last_id=36 observed_last_op=3 tid=448 eos=0 qpc=1949762903960 cw=027f sw=0220 mx=00001f80
event seq=72 active_id=36 active_op=3 observed_last_id=36 observed_last_op=3 tid=448 eos=0 qpc=1949762904117 cw=027f sw=0220 mx=00001f80
event seq=73 active_id=37 active_op=4 observed_last_id=37 observed_last_op=4 tid=448 eos=0 qpc=1949762904992 cw=027f sw=0220 mx=00001f80
event seq=74 active_id=37 active_op=4 observed_last_id=37 observed_last_op=4 tid=448 eos=0 qpc=1949762905024 cw=027f sw=0220 mx=00001f80
event seq=75 active_id=38 active_op=5 observed_last_id=38 observed_last_op=5 tid=448 eos=0 qpc=1949762905729 cw=027f sw=0220 mx=00001f80
event seq=76 active_id=38 active_op=5 observed_last_id=38 observed_last_op=5 tid=448 eos=0 qpc=1949762905781 cw=027f sw=0220 mx=00001f80
event seq=77 active_id=39 active_op=3 observed_last_id=39 observed_last_op=3 tid=448 eos=0 qpc=1949763407824 cw=027f sw=0220 mx=00001f80
event seq=78 active_id=39 active_op=3 observed_last_id=39 observed_last_op=3 tid=448 eos=0 qpc=1949763407975 cw=027f sw=0220 mx=00001f80
event seq=79 active_id=40 active_op=4 observed_last_id=40 observed_last_op=4 tid=448 eos=0 qpc=1949763408865 cw=027f sw=0220 mx=00001f80
event seq=80 active_id=40 active_op=4 observed_last_id=40 observed_last_op=4 tid=448 eos=0 qpc=1949763409160 cw=027f sw=0220 mx=00001f80
event seq=81 active_id=41 active_op=5 observed_last_id=41 observed_last_op=5 tid=448 eos=0 qpc=1949763409954 cw=027f sw=0220 mx=00001f80
event seq=82 active_id=41 active_op=5 observed_last_id=41 observed_last_op=5 tid=448 eos=0 qpc=1949763410093 cw=027f sw=0220 mx=00001f80
event seq=83 active_id=42 active_op=3 observed_last_id=42 observed_last_op=3 tid=448 eos=0 qpc=1949763912511 cw=027f sw=0220 mx=00001f80
event seq=84 active_id=42 active_op=3 observed_last_id=42 observed_last_op=3 tid=448 eos=0 qpc=1949763912655 cw=027f sw=0220 mx=00001f80
event seq=85 active_id=43 active_op=4 observed_last_id=43 observed_last_op=4 tid=448 eos=0 qpc=1949763914310 cw=027f sw=0220 mx=00001f80
event seq=86 active_id=43 active_op=4 observed_last_id=43 observed_last_op=4 tid=448 eos=0 qpc=1949763914359 cw=027f sw=0220 mx=00001f80
event seq=87 active_id=44 active_op=5 observed_last_id=44 observed_last_op=5 tid=448 eos=0 qpc=1949763915689 cw=027f sw=0220 mx=00001f80
event seq=88 active_id=44 active_op=5 observed_last_id=44 observed_last_op=5 tid=448 eos=0 qpc=1949763915772 cw=027f sw=0220 mx=00001f80
event seq=89 active_id=45 active_op=3 observed_last_id=45 observed_last_op=3 tid=448 eos=0 qpc=1949764418345 cw=027f sw=0220 mx=00001f80
event seq=90 active_id=45 active_op=3 observed_last_id=45 observed_last_op=3 tid=448 eos=0 qpc=1949764418507 cw=027f sw=0220 mx=00001f80
event seq=91 active_id=46 active_op=4 observed_last_id=46 observed_last_op=4 tid=448 eos=0 qpc=1949764419598 cw=027f sw=0220 mx=00001f80
event seq=92 active_id=46 active_op=4 observed_last_id=46 observed_last_op=4 tid=448 eos=0 qpc=1949764419630 cw=027f sw=0220 mx=00001f80
event seq=93 active_id=47 active_op=5 observed_last_id=47 observed_last_op=5 tid=448 eos=0 qpc=1949764420502 cw=027f sw=0220 mx=00001f80
event seq=94 active_id=47 active_op=5 observed_last_id=47 observed_last_op=5 tid=448 eos=0 qpc=1949764420588 cw=027f sw=0220 mx=00001f80
event seq=95 active_id=48 active_op=3 observed_last_id=48 observed_last_op=3 tid=448 eos=0 qpc=1949764923243 cw=027f sw=0220 mx=00001f80
event seq=96 active_id=48 active_op=3 observed_last_id=48 observed_last_op=3 tid=448 eos=0 qpc=1949764923421 cw=027f sw=0220 mx=00001f80
event seq=97 active_id=49 active_op=4 observed_last_id=49 observed_last_op=4 tid=448 eos=0 qpc=1949764925040 cw=027f sw=0220 mx=00001f80
event seq=98 active_id=49 active_op=4 observed_last_id=49 observed_last_op=4 tid=448 eos=0 qpc=1949764925096 cw=027f sw=0220 mx=00001f80
event seq=99 active_id=50 active_op=5 observed_last_id=50 observed_last_op=5 tid=448 eos=0 qpc=1949764926029 cw=027f sw=0220 mx=00001f80
event seq=100 active_id=50 active_op=5 observed_last_id=50 observed_last_op=5 tid=448 eos=0 qpc=1949764926100 cw=027f sw=0220 mx=00001f80
event seq=101 active_id=51 active_op=3 observed_last_id=51 observed_last_op=3 tid=448 eos=0 qpc=1949765428329 cw=027f sw=0220 mx=00001f80
event seq=102 active_id=51 active_op=3 observed_last_id=51 observed_last_op=3 tid=448 eos=0 qpc=1949765428471 cw=027f sw=0220 mx=00001f80
event seq=103 active_id=52 active_op=4 observed_last_id=52 observed_last_op=4 tid=448 eos=0 qpc=1949765429446 cw=027f sw=0220 mx=00001f80
event seq=104 active_id=52 active_op=4 observed_last_id=52 observed_last_op=4 tid=448 eos=0 qpc=1949765429479 cw=027f sw=0220 mx=00001f80
event seq=105 active_id=53 active_op=5 observed_last_id=53 observed_last_op=5 tid=448 eos=0 qpc=1949765431136 cw=027f sw=0220 mx=00001f80
event seq=106 active_id=53 active_op=5 observed_last_id=53 observed_last_op=5 tid=448 eos=0 qpc=1949765431403 cw=027f sw=0220 mx=00001f80
event seq=107 active_id=54 active_op=3 observed_last_id=54 observed_last_op=3 tid=448 eos=0 qpc=1949765935653 cw=027f sw=0220 mx=00001f80
event seq=108 active_id=54 active_op=3 observed_last_id=54 observed_last_op=3 tid=448 eos=0 qpc=1949765935853 cw=027f sw=0220 mx=00001f80
event seq=109 active_id=55 active_op=4 observed_last_id=55 observed_last_op=4 tid=448 eos=0 qpc=1949765937574 cw=027f sw=0220 mx=00001f80
event seq=110 active_id=55 active_op=4 observed_last_id=55 observed_last_op=4 tid=448 eos=0 qpc=1949765937624 cw=027f sw=0220 mx=00001f80
event seq=111 active_id=56 active_op=5 observed_last_id=56 observed_last_op=5 tid=448 eos=0 qpc=1949765938484 cw=027f sw=0220 mx=00001f80
event seq=112 active_id=56 active_op=5 observed_last_id=56 observed_last_op=5 tid=448 eos=0 qpc=1949765938553 cw=027f sw=0220 mx=00001f80
event seq=113 active_id=57 active_op=3 observed_last_id=57 observed_last_op=3 tid=448 eos=0 qpc=1949766440738 cw=027f sw=0220 mx=00001f80
event seq=114 active_id=57 active_op=3 observed_last_id=57 observed_last_op=3 tid=448 eos=0 qpc=1949766440951 cw=027f sw=0220 mx=00001f80
event seq=115 active_id=58 active_op=4 observed_last_id=58 observed_last_op=4 tid=448 eos=0 qpc=1949766441911 cw=027f sw=0220 mx=00001f80
event seq=116 active_id=58 active_op=4 observed_last_id=58 observed_last_op=4 tid=448 eos=0 qpc=1949766441946 cw=027f sw=0220 mx=00001f80
event seq=117 active_id=59 active_op=5 observed_last_id=59 observed_last_op=5 tid=448 eos=0 qpc=1949766442779 cw=027f sw=0220 mx=00001f80
event seq=118 active_id=59 active_op=5 observed_last_id=59 observed_last_op=5 tid=448 eos=0 qpc=1949766442832 cw=027f sw=0220 mx=00001f80
event seq=119 active_id=60 active_op=3 observed_last_id=60 observed_last_op=3 tid=448 eos=0 qpc=1949766945100 cw=027f sw=0220 mx=00001f80
event seq=120 active_id=60 active_op=3 observed_last_id=60 observed_last_op=3 tid=448 eos=0 qpc=1949766945295 cw=027f sw=0220 mx=00001f80
event seq=121 active_id=61 active_op=4 observed_last_id=61 observed_last_op=4 tid=448 eos=0 qpc=1949766946333 cw=027f sw=0220 mx=00001f80
event seq=122 active_id=61 active_op=4 observed_last_id=61 observed_last_op=4 tid=448 eos=0 qpc=1949766946363 cw=027f sw=0220 mx=00001f80
event seq=123 active_id=62 active_op=5 observed_last_id=62 observed_last_op=5 tid=448 eos=0 qpc=1949766947205 cw=027f sw=0220 mx=00001f80
event seq=124 active_id=62 active_op=5 observed_last_id=62 observed_last_op=5 tid=448 eos=0 qpc=1949766947252 cw=027f sw=0220 mx=00001f80
event seq=125 active_id=63 active_op=6 observed_last_id=63 observed_last_op=6 tid=448 eos=0 qpc=1949766948086 cw=027f sw=0220 mx=00001f80
event seq=126 active_id=63 active_op=6 observed_last_id=63 observed_last_op=6 tid=448 eos=0 qpc=1949766948130 cw=027f sw=0220 mx=00001f80
event seq=127 active_id=64 active_op=7 observed_last_id=64 observed_last_op=7 tid=448 eos=0 qpc=1949766949227 cw=027f sw=0220 mx=00001f80
event seq=128 active_id=64 active_op=7 observed_last_id=64 observed_last_op=7 tid=448 eos=0 qpc=1949766949449 cw=027f sw=0220 mx=00001f80
event seq=129 active_id=65 active_op=1 observed_last_id=65 observed_last_op=1 tid=448 eos=0 qpc=1949766950685 cw=027f sw=0220 mx=00001f80
event seq=130 active_id=65 active_op=1 observed_last_id=65 observed_last_op=1 tid=448 eos=0 qpc=1949766952494 cw=027f sw=4020 mx=00001f80
event seq=131 active_id=66 active_op=4 observed_last_id=66 observed_last_op=4 tid=448 eos=0 qpc=1949766953334 cw=027f sw=4020 mx=00001f80
event seq=132 active_id=66 active_op=4 observed_last_id=66 observed_last_op=4 tid=448 eos=0 qpc=1949766953620 cw=027f sw=4020 mx=00001f80
event seq=133 active_id=67 active_op=4 observed_last_id=67 observed_last_op=4 tid=448 eos=0 qpc=1949766954420 cw=027f sw=4020 mx=00001f80
event seq=134 active_id=67 active_op=4 observed_last_id=67 observed_last_op=4 tid=448 eos=0 qpc=1949766954461 cw=027f sw=4020 mx=00001f80
event seq=135 active_id=68 active_op=7 observed_last_id=68 observed_last_op=7 tid=448 eos=0 qpc=1949766955215 cw=027f sw=4020 mx=00001f80
event seq=136 active_id=68 active_op=7 observed_last_id=68 observed_last_op=7 tid=448 eos=0 qpc=1949766955488 cw=027f sw=4020 mx=00001f80
event seq=137 active_id=69 active_op=8 observed_last_id=69 observed_last_op=8 tid=448 eos=0 qpc=1949766956499 cw=027f sw=4020 mx=00001f80
event seq=138 active_id=69 active_op=8 observed_last_id=69 observed_last_op=8 tid=448 eos=0 qpc=1949766956538 cw=027f sw=4020 mx=00001f80
summary events=139 eos=1 ok=1 generation=3 creates=2 releases=2 starts=1 vendor=71 statuscalls=21 live=0 bypass=0
controller replies=69 events=1 host_exit=0 ok=1 oracle=1
