controller-frequency=10000000 tid=364
request id=1 op=1 generation=1
ALSA lib control.c:1575:(snd_ctl_open_noupdate) [error.control] Invalid CTL hw:0
ALSA lib control.c:1575:(snd_ctl_open_noupdate) [error.control] Invalid CTL hw:1
ALSA lib control.c:1575:(snd_ctl_open_noupdate) [error.control] Invalid CTL hw:0
ALSA lib control.c:1575:(snd_ctl_open_noupdate) [error.control] Invalid CTL hw:1
reply id=1 kind=0 result=0 slot=1 gen=1 event=0 status=-1 total=-1 pos=-1 begin=1949731732601 end=1949732977284 tid=364
request id=2 op=2 generation=1
reply id=2 kind=0 result=0 slot=1 gen=1 event=0 status=-1 total=-1 pos=-1 begin=1949732977582 end=1949732978409 tid=364
request id=3 op=3 generation=1
reply id=3 kind=0 result=0 slot=1 gen=1 event=0 status=-1 total=-1 pos=-1 begin=1949733479328 end=1949733480763 tid=364
request id=4 op=4 generation=1
reply id=4 kind=0 result=0 slot=1 gen=1 event=0 status=4 total=-1 pos=-1 begin=1949733480903 end=1949733481590 tid=364
request id=5 op=5 generation=1
reply id=5 kind=0 result=0 slot=1 gen=1 event=0 status=-1 total=204 pos=104 begin=1949733481695 end=1949733482346 tid=364
request id=6 op=3 generation=1
reply id=6 kind=0 result=0 slot=1 gen=1 event=0 status=-1 total=-1 pos=-1 begin=1949733983308 end=1949733984961 tid=364
request id=7 op=4 generation=1
reply id=7 kind=0 result=0 slot=1 gen=1 event=0 status=4 total=-1 pos=-1 begin=1949733985101 end=1949733985887 tid=364
request id=8 op=5 generation=1
reply id=8 kind=0 result=0 slot=1 gen=1 event=0 status=-1 total=204 pos=161 begin=1949733985990 end=1949733986795 tid=364
request id=9 op=3 generation=1
reply id=9 kind=1 result=0 slot=1 gen=1 event=16 status=-1 total=-1 pos=-1 begin=1949734487739 end=1949734489249 tid=364
reply id=9 kind=0 result=0 slot=1 gen=1 event=0 status=-1 total=-1 pos=-1 begin=1949734487739 end=1949734489456 tid=364
request id=10 op=4 generation=1
reply id=10 kind=0 result=0 slot=1 gen=1 event=0 status=2 total=-1 pos=-1 begin=1949734489558 end=1949734490295 tid=364
request id=11 op=5 generation=1
reply id=11 kind=0 result=0 slot=1 gen=1 event=0 status=-1 total=204 pos=204 begin=1949734490392 end=1949734491060 tid=364
request id=12 op=3 generation=1
reply id=12 kind=0 result=0 slot=1 gen=1 event=0 status=-1 total=-1 pos=-1 begin=1949734992015 end=1949734993619 tid=364
request id=13 op=4 generation=1
reply id=13 kind=0 result=0 slot=1 gen=1 event=0 status=2 total=-1 pos=-1 begin=1949734993713 end=1949734994634 tid=364
request id=14 op=5 generation=1
host main=372 frequency=10000000 loaded=C:\generation-private\Mss32.dll mode=sample
audit phase=begin id=1 op=1 request_gen=1 current_gen=1 handle=00000000 lifetime=0 vendor=0 statuscalls=0 creates=0 releases=0 starts=0 qpc=1949732976320
audit phase=end id=1 op=1 request_gen=1 current_gen=1 handle=00876E40 lifetime=1 vendor=4 statuscalls=0 creates=1 releases=0 starts=0 qpc=1949732976753
audit phase=begin id=2 op=2 request_gen=1 current_gen=1 handle=00876E40 lifetime=1 vendor=4 statuscalls=0 creates=1 releases=0 starts=0 qpc=1949732978025
audit phase=end id=2 op=2 request_gen=1 current_gen=1 handle=00876E40 lifetime=1 vendor=5 statuscalls=0 creates=1 releases=0 starts=1 qpc=1949732978084
audit phase=begin id=3 op=3 request_gen=1 current_gen=1 handle=00876E40 lifetime=1 vendor=5 statuscalls=0 creates=1 releases=0 starts=1 qpc=1949733480054
audit phase=end id=3 op=3 request_gen=1 current_gen=1 handle=00876E40 lifetime=1 vendor=6 statuscalls=0 creates=1 releases=0 starts=1 qpc=1949733480339
audit phase=begin id=4 op=4 request_gen=1 current_gen=1 handle=00876E40 lifetime=1 vendor=6 statuscalls=0 creates=1 releases=0 starts=1 qpc=1949733481248
audit phase=end id=4 op=4 request_gen=1 current_gen=1 handle=00876E40 lifetime=1 vendor=7 statuscalls=1 creates=1 releases=0 starts=1 qpc=1949733481268
audit phase=begin id=5 op=5 request_gen=1 current_gen=1 handle=00876E40 lifetime=1 vendor=7 statuscalls=1 creates=1 releases=0 starts=1 qpc=1949733482009
audit phase=end id=5 op=5 request_gen=1 current_gen=1 handle=00876E40 lifetime=1 vendor=8 statuscalls=1 creates=1 releases=0 starts=1 qpc=1949733482027
audit phase=begin id=6 op=3 request_gen=1 current_gen=1 handle=00876E40 lifetime=1 vendor=8 statuscalls=1 creates=1 releases=0 starts=1 qpc=1949733984160
audit phase=end id=6 op=3 request_gen=1 current_gen=1 handle=00876E40 lifetime=1 vendor=9 statuscalls=1 creates=1 releases=0 starts=1 qpc=1949733984420
audit phase=begin id=7 op=4 request_gen=1 current_gen=1 handle=00876E40 lifetime=1 vendor=9 statuscalls=1 creates=1 releases=0 starts=1 qpc=1949733985487
audit phase=end id=7 op=4 request_gen=1 current_gen=1 handle=00876E40 lifetime=1 vendor=10 statuscalls=2 creates=1 releases=0 starts=1 qpc=1949733985507
audit phase=begin id=8 op=5 request_gen=1 current_gen=1 handle=00876E40 lifetime=1 vendor=10 statuscalls=2 creates=1 releases=0 starts=1 qpc=1949733986431
audit phase=end id=8 op=5 request_gen=1 current_gen=1 handle=00876E40 lifetime=1 vendor=11 statuscalls=2 creates=1 releases=0 starts=1 qpc=1949733986452
audit phase=begin id=9 op=3 request_gen=1 current_gen=1 handle=00876E40 lifetime=1 vendor=11 statuscalls=2 creates=1 releases=0 starts=1 qpc=1949734488613
audit phase=end id=9 op=3 request_gen=1 current_gen=1 handle=00876E40 lifetime=1 vendor=12 statuscalls=2 creates=1 releases=0 starts=1 qpc=1949734488837
audit phase=begin id=10 op=4 request_gen=1 current_gen=1 handle=00876E40 lifetime=1 vendor=12 statuscalls=2 creates=1 releases=0 starts=1 qpc=1949734489883
audit phase=end id=10 op=4 request_gen=1 current_gen=1 handle=00876E40 lifetime=1 vendor=13 statuscalls=3 creates=1 releases=0 starts=1 qpc=1949734489908
audit phase=begin id=11 op=5 request_gen=1 current_gen=1 handle=00876E40 lifetime=1 vendor=13 statuscalls=3 creates=1 releases=0 starts=1 qpc=1949734490712
audit phase=end id=11 op=5 request_gen=1 current_gen=1 handle=00876E40 lifetime=1 vendor=14 statuscalls=3 creates=1 releases=0 starts=1 qpc=1949734490737
audit phase=begin id=12 op=3 request_gen=1 current_gen=1 handle=00876E40 lifetime=1 vendor=14 statuscalls=3 creates=1 releases=0 starts=1 qpc=1949734992983
audit phase=end id=12 op=3 request_gen=1 current_gen=1 handle=00876E40 lifetime=1 vendor=15 statuscalls=3 creates=1 releases=0 starts=1 qpc=1949734993183
audit phase=begin id=13 op=4 request_gen=1 current_gen=1 handle=00876E40 lifetime=1 vendor=15 statuscalls=3 creates=1 releases=0 starts=1 qpc=1949734994257
audit phase=end id=13 op=4 request_gen=1 current_gen=1 handle=00876E40 lifetime=1 vendor=16 statuscalls=4 creates=1 releases=0 starts=1 qpc=1949734994284
audit phase=breply id=14 kind=0 result=0 slot=1 gen=1 event=0 status=-1 total=204 pos=204 begin=1949734994709 end=1949734995708 tid=364
request id=15 op=3 generation=1
reply id=15 kind=0 result=0 slot=1 gen=1 event=0 status=-1 total=-1 pos=-1 begin=1949735496748 end=1949735498630 tid=364
request id=16 op=4 generation=1
reply id=16 kind=0 result=0 slot=1 gen=1 event=0 status=2 total=-1 pos=-1 begin=1949735498744 end=1949735499700 tid=364
request id=17 op=5 generation=1
reply id=17 kind=0 result=0 slot=1 gen=1 event=0 status=-1 total=204 pos=204 begin=1949735499775 end=1949735500551 tid=364
request id=18 op=3 generation=1
reply id=18 kind=0 result=0 slot=1 gen=1 event=0 status=-1 total=-1 pos=-1 begin=1949736001569 end=1949736002955 tid=364
request id=19 op=4 generation=1
reply id=19 kind=0 result=0 slot=1 gen=1 event=0 status=2 total=-1 pos=-1 begin=1949736003053 end=1949736003711 tid=364
request id=20 op=5 generation=1
reply id=20 kind=0 result=0 slot=1 gen=1 event=0 status=-1 total=204 pos=204 begin=1949736003784 end=1949736004509 tid=364
request id=21 op=3 generation=1
reply id=21 kind=0 result=0 slot=1 gen=1 event=0 status=-1 total=-1 pos=-1 begin=1949736505433 end=1949736506972 tid=364
request id=22 op=4 generation=1
reply id=22 kind=0 result=0 slot=1 gen=1 event=0 status=2 total=-1 pos=-1 begin=1949736507065 end=1949736507785 tid=364
request id=23 op=5 generation=1
reply id=23 kind=0 result=0 slot=1 gen=1 event=0 status=-1 total=204 pos=204 begin=1949736507860 end=1949736508493 tid=364
request id=24 op=3 generation=1
reply id=24 kind=0 result=0 slot=1 gen=1 event=0 status=-1 total=-1 pos=-1 begin=1949737009597 end=1949737011169 tid=364
request id=25 op=4 generation=1
reply id=25 kind=0 result=0 slot=1 gen=1 event=0 status=2 total=-1 pos=-1 begin=1949737011368 end=1949737012079 tid=364
request id=26 op=5 generation=1
reply id=26 kind=0 result=0 slot=1 gen=1 event=0 status=-1 total=204 pos=204 begin=1949737012172 end=1949737012865 tid=364
request id=27 op=3 generation=1
egin id=14 op=5 request_gen=1 current_gen=1 handle=00876E40 lifetime=1 vendor=16 statuscalls=4 creates=1 releases=0 starts=1 qpc=1949734995090
audit phase=end id=14 op=5 request_gen=1 current_gen=1 handle=00876E40 lifetime=1 vendor=17 statuscalls=4 creates=1 releases=0 starts=1 qpc=1949734995361
audit phase=begin id=15 op=3 request_gen=1 current_gen=1 handle=00876E40 lifetime=1 vendor=17 statuscalls=4 creates=1 releases=0 starts=1 qpc=1949735497992
audit phase=end id=15 op=3 request_gen=1 current_gen=1 handle=00876E40 lifetime=1 vendor=18 statuscalls=4 creates=1 releases=0 starts=1 qpc=1949735498222
audit phase=begin id=16 op=4 request_gen=1 current_gen=1 handle=00876E40 lifetime=1 vendor=18 statuscalls=4 creates=1 releases=0 starts=1 qpc=1949735499315
audit phase=end id=16 op=4 request_gen=1 current_gen=1 handle=00876E40 lifetime=1 vendor=19 statuscalls=5 creates=1 releases=0 starts=1 qpc=1949735499342
audit phase=begin id=17 op=5 request_gen=1 current_gen=1 handle=00876E40 lifetime=1 vendor=19 statuscalls=5 creates=1 releases=0 starts=1 qpc=1949735500184
audit phase=end id=17 op=5 request_gen=1 current_gen=1 handle=00876E40 lifetime=1 vendor=20 statuscalls=5 creates=1 releases=0 starts=1 qpc=1949735500208
audit phase=begin id=18 op=3 request_gen=1 current_gen=1 handle=00876E40 lifetime=1 vendor=20 statuscalls=5 creates=1 releases=0 starts=1 qpc=1949736002313
audit phase=end id=18 op=3 request_gen=1 current_gen=1 handle=00876E40 lifetime=1 vendor=21 statuscalls=5 creates=1 releases=0 starts=1 qpc=1949736002528
audit phase=begin id=19 op=4 request_gen=1 current_gen=1 handle=00876E40 lifetime=1 vendor=21 statuscalls=5 creates=1 releases=0 starts=1 qpc=1949736003380
audit phase=end id=19 op=4 request_gen=1 current_gen=1 handle=00876E40 lifetime=1 vendor=22 statuscalls=6 creates=1 releases=0 starts=1 qpc=1949736003397
audit phase=begin id=20 op=5 request_gen=1 current_gen=1 handle=00876E40 lifetime=1 vendor=22 statuscalls=6 creates=1 releases=0 starts=1 qpc=1949736004085
audit phase=end id=20 op=5 request_gen=1 current_gen=1 handle=00876E40 lifetime=1 vendor=23 statuscalls=6 creates=1 releases=0 starts=1 qpc=1949736004121
audit phase=begin id=21 op=3 request_gen=1 current_gen=1 handle=00876E40 lifetime=1 vendor=23 statuscalls=6 creates=1 releases=0 starts=1 qpc=1949736506310
audit phase=end id=21 op=3 request_gen=1 current_gen=1 handle=00876E40 lifetime=1 vendor=24 statuscalls=6 creates=1 releases=0 starts=1 qpc=1949736506504
audit phase=begin id=22 op=4 request_gen=1 current_gen=1 handle=00876E40 lifetime=1 vendor=24 statuscalls=6 creates=1 releases=0 starts=1 qpc=1949736507424
audit phase=end id=22 op=4 request_gen=1 current_gen=1 handle=00876E40 lifetime=1 vendor=25 statuscalls=7 creates=1 releases=0 starts=1 qpc=1949736507458
audit phase=begin id=23 op=5 request_gen=1 current_gen=1 handle=00876E40 lifetime=1 vendor=25 statuscalls=7 creates=1 releases=0 starts=1 qpc=1949736508167
audit phase=end id=23 op=5 request_gen=1 current_gen=1 handle=00876E40 lifetime=1 vendor=26 statuscalls=7 creates=1 releases=0 starts=1 qpc=1949736508189
audit phase=begin id=24 op=3 request_gen=1 current_gen=1 handle=00876E40 lifetime=1 vendor=26 statuscalls=7 creates=1 releases=0 starts=1 qpc=1949737010534
audit phase=end id=24 op=3 request_gen=1 current_gen=1 handle=00876E40 lifetime=1 vendor=27 statuscalls=7 creates=1 releases=0 starts=1 qpc=1949737010730
audit phase=begin id=25 op=4 request_gen=1 current_gen=1 handle=00876E40 lifetime=1 vendor=27 statuscalls=7 creates=1 releases=0 starts=1 qpc=1949737011711
audit phase=end id=25 op=4 request_gen=1 current_gen=1 handle=00876E40 lifetime=1 vendor=28 statuscalls=8 creates=1 releases=0 starts=1 qpc=1949737011735
audit phase=begin id=26 op=5 request_gen=1 current_gen=1 handle=00876E40 lifetime=1 vendor=28 statuscalls=8 creates=1 releases=0 starts=1 qpc=1949737012497
audit phase=end id=26 op=5 request_gen=1 current_gen=1 handle=00876E40 lifetime=1 vendor=29 statuscalls=8 creates=1 releases=0 starts=1 qpc=1949737012522
audit phase=begin id=27 op=3 request_gen=1 current_gen=1 handle=00876E40 lifetireply id=27 kind=0 result=0 slot=1 gen=1 event=0 status=-1 total=-1 pos=-1 begin=1949737513856 end=1949737515511 tid=364
request id=28 op=4 generation=1
reply id=28 kind=0 result=0 slot=1 gen=1 event=0 status=2 total=-1 pos=-1 begin=1949737515686 end=1949737516332 tid=364
request id=29 op=5 generation=1
reply id=29 kind=0 result=0 slot=1 gen=1 event=0 status=-1 total=204 pos=204 begin=1949737516403 end=1949737517031 tid=364
request id=30 op=3 generation=1
reply id=30 kind=0 result=0 slot=1 gen=1 event=0 status=-1 total=-1 pos=-1 begin=1949738018020 end=1949738019564 tid=364
request id=31 op=4 generation=1
reply id=31 kind=0 result=0 slot=1 gen=1 event=0 status=2 total=-1 pos=-1 begin=1949738019658 end=1949738020462 tid=364
request id=32 op=5 generation=1
reply id=32 kind=0 result=0 slot=1 gen=1 event=0 status=-1 total=204 pos=204 begin=1949738020543 end=1949738021216 tid=364
request id=33 op=3 generation=1
reply id=33 kind=0 result=0 slot=1 gen=1 event=0 status=-1 total=-1 pos=-1 begin=1949738522167 end=1949738523571 tid=364
request id=34 op=4 generation=1
reply id=34 kind=0 result=0 slot=1 gen=1 event=0 status=2 total=-1 pos=-1 begin=1949738523667 end=1949738524351 tid=364
request id=35 op=5 generation=1
reply id=35 kind=0 result=0 slot=1 gen=1 event=0 status=-1 total=204 pos=204 begin=1949738524429 end=1949738525087 tid=364
request id=36 op=3 generation=1
reply id=36 kind=0 result=0 slot=1 gen=1 event=0 status=-1 total=-1 pos=-1 begin=1949739026071 end=1949739027596 tid=364
request id=37 op=4 generation=1
reply id=37 kind=0 result=0 slot=1 gen=1 event=0 status=2 total=-1 pos=-1 begin=1949739027693 end=1949739028426 tid=364
request id=38 op=5 generation=1
reply id=38 kind=0 result=0 slot=1 gen=1 event=0 status=-1 total=204 pos=204 begin=1949739028503 end=1949739029185 tid=364
request id=39 op=3 generation=1
reply id=39 kind=0 result=0 slot=1 gen=1 event=0 status=-1 total=-1 pos=-1 begin=1949739530266 end=1949739531784 tid=364
request id=40 op=4 generation=1
me=1 vendor=29 statuscalls=8 creates=1 releases=0 starts=1 qpc=1949737514686
audit phase=end id=27 op=3 request_gen=1 current_gen=1 handle=00876E40 lifetime=1 vendor=30 statuscalls=8 creates=1 releases=0 starts=1 qpc=1949737515128
audit phase=begin id=28 op=4 request_gen=1 current_gen=1 handle=00876E40 lifetime=1 vendor=30 statuscalls=8 creates=1 releases=0 starts=1 qpc=1949737516008
audit phase=end id=28 op=4 request_gen=1 current_gen=1 handle=00876E40 lifetime=1 vendor=31 statuscalls=9 creates=1 releases=0 starts=1 qpc=1949737516024
audit phase=begin id=29 op=5 request_gen=1 current_gen=1 handle=00876E40 lifetime=1 vendor=31 statuscalls=9 creates=1 releases=0 starts=1 qpc=1949737516710
audit phase=end id=29 op=5 request_gen=1 current_gen=1 handle=00876E40 lifetime=1 vendor=32 statuscalls=9 creates=1 releases=0 starts=1 qpc=1949737516728
audit phase=begin id=30 op=3 request_gen=1 current_gen=1 handle=00876E40 lifetime=1 vendor=32 statuscalls=9 creates=1 releases=0 starts=1 qpc=1949738018952
audit phase=end id=30 op=3 request_gen=1 current_gen=1 handle=00876E40 lifetime=1 vendor=33 statuscalls=9 creates=1 releases=0 starts=1 qpc=1949738019164
audit phase=begin id=31 op=4 request_gen=1 current_gen=1 handle=00876E40 lifetime=1 vendor=33 statuscalls=9 creates=1 releases=0 starts=1 qpc=1949738019976
audit phase=end id=31 op=4 request_gen=1 current_gen=1 handle=00876E40 lifetime=1 vendor=34 statuscalls=10 creates=1 releases=0 starts=1 qpc=1949738020084
audit phase=begin id=32 op=5 request_gen=1 current_gen=1 handle=00876E40 lifetime=1 vendor=34 statuscalls=10 creates=1 releases=0 starts=1 qpc=1949738020868
audit phase=end id=32 op=5 request_gen=1 current_gen=1 handle=00876E40 lifetime=1 vendor=35 statuscalls=10 creates=1 releases=0 starts=1 qpc=1949738020895
audit phase=begin id=33 op=3 request_gen=1 current_gen=1 handle=00876E40 lifetime=1 vendor=35 statuscalls=10 creates=1 releases=0 starts=1 qpc=1949738522943
audit phase=end id=33 op=3 request_gen=1 current_gen=1 handle=00876E40 lifetime=1 vendor=36 statuscalls=10 creates=1 releases=0 starts=1 qpc=1949738523154
audit phase=begin id=34 op=4 request_gen=1 current_gen=1 handle=00876E40 lifetime=1 vendor=36 statuscalls=10 creates=1 releases=0 starts=1 qpc=1949738524000
audit phase=end id=34 op=4 request_gen=1 current_gen=1 handle=00876E40 lifetime=1 vendor=37 statuscalls=11 creates=1 releases=0 starts=1 qpc=1949738524027
audit phase=begin id=35 op=5 request_gen=1 current_gen=1 handle=00876E40 lifetime=1 vendor=37 statuscalls=11 creates=1 releases=0 starts=1 qpc=1949738524742
audit phase=end id=35 op=5 request_gen=1 current_gen=1 handle=00876E40 lifetime=1 vendor=38 statuscalls=11 creates=1 releases=0 starts=1 qpc=1949738524768
audit phase=begin id=36 op=3 request_gen=1 current_gen=1 handle=00876E40 lifetime=1 vendor=38 statuscalls=11 creates=1 releases=0 starts=1 qpc=1949739026938
audit phase=end id=36 op=3 request_gen=1 current_gen=1 handle=00876E40 lifetime=1 vendor=39 statuscalls=11 creates=1 releases=0 starts=1 qpc=1949739027147
audit phase=begin id=37 op=4 request_gen=1 current_gen=1 handle=00876E40 lifetime=1 vendor=39 statuscalls=11 creates=1 releases=0 starts=1 qpc=1949739028086
audit phase=end id=37 op=4 request_gen=1 current_gen=1 handle=00876E40 lifetime=1 vendor=40 statuscalls=12 creates=1 releases=0 starts=1 qpc=1949739028110
audit phase=begin id=38 op=5 request_gen=1 current_gen=1 handle=00876E40 lifetime=1 vendor=40 statuscalls=12 creates=1 releases=0 starts=1 qpc=1949739028840
audit phase=end id=38 op=5 request_gen=1 current_gen=1 handle=00876E40 lifetime=1 vendor=41 statuscalls=12 creates=1 releases=0 starts=1 qpc=1949739028866
audit phase=begin id=39 op=3 request_gen=1 current_gen=1 handle=00876E40 lifetime=1 vendor=41 statuscalls=12 creates=1 releases=0 starts=1 qpc=1949739531143
audit phase=end id=39 op=3 request_gen=1 current_gen=1 handle=00876E40 lifetime=1 vendor=42 statuscalls=12 creates=1 releases=0 starts=1 qpc=1949739531359
audit phase=begin id=40 op=4 request_gen=1 current_gen=1 handle=00876E40 lifetime=1 vendor=42 statuscalls=12 creates=1 releases=reply id=40 kind=0 result=0 slot=1 gen=1 event=0 status=2 total=-1 pos=-1 begin=1949739531894 end=1949739532849 tid=364
request id=41 op=5 generation=1
reply id=41 kind=0 result=0 slot=1 gen=1 event=0 status=-1 total=204 pos=204 begin=1949739533053 end=1949739533738 tid=364
request id=42 op=3 generation=1
reply id=42 kind=0 result=0 slot=1 gen=1 event=0 status=-1 total=-1 pos=-1 begin=1949740034738 end=1949740036198 tid=364
request id=43 op=4 generation=1
reply id=43 kind=0 result=0 slot=1 gen=1 event=0 status=2 total=-1 pos=-1 begin=1949740036303 end=1949740037084 tid=364
request id=44 op=5 generation=1
reply id=44 kind=0 result=0 slot=1 gen=1 event=0 status=-1 total=204 pos=204 begin=1949740037167 end=1949740038264 tid=364
request id=45 op=3 generation=1
reply id=45 kind=0 result=0 slot=1 gen=1 event=0 status=-1 total=-1 pos=-1 begin=1949740539181 end=1949740540850 tid=364
request id=46 op=4 generation=1
reply id=46 kind=0 result=0 slot=1 gen=1 event=0 status=2 total=-1 pos=-1 begin=1949740540946 end=1949740541725 tid=364
request id=47 op=5 generation=1
reply id=47 kind=0 result=0 slot=1 gen=1 event=0 status=-1 total=204 pos=204 begin=1949740541798 end=1949740542535 tid=364
request id=48 op=3 generation=1
reply id=48 kind=0 result=0 slot=1 gen=1 event=0 status=-1 total=-1 pos=-1 begin=1949741043535 end=1949741045057 tid=364
request id=49 op=4 generation=1
reply id=49 kind=0 result=0 slot=1 gen=1 event=0 status=2 total=-1 pos=-1 begin=1949741045155 end=1949741045945 tid=364
request id=50 op=5 generation=1
reply id=50 kind=0 result=0 slot=1 gen=1 event=0 status=-1 total=204 pos=204 begin=1949741046066 end=1949741046830 tid=364
request id=51 op=3 generation=1
reply id=51 kind=0 result=0 slot=1 gen=1 event=0 status=-1 total=-1 pos=-1 begin=1949741548012 end=1949741550152 tid=364
request id=52 op=4 generation=1
reply id=52 kind=0 result=0 slot=1 gen=1 event=0 status=2 total=-1 pos=-1 begin=1949741550335 end=1949741551063 tid=364
request id=53 op=5 generation=1
0 starts=1 qpc=1949739532230
audit phase=end id=40 op=4 request_gen=1 current_gen=1 handle=00876E40 lifetime=1 vendor=43 statuscalls=13 creates=1 releases=0 starts=1 qpc=1949739532505
audit phase=begin id=41 op=5 request_gen=1 current_gen=1 handle=00876E40 lifetime=1 vendor=43 statuscalls=13 creates=1 releases=0 starts=1 qpc=1949739533381
audit phase=end id=41 op=5 request_gen=1 current_gen=1 handle=00876E40 lifetime=1 vendor=44 statuscalls=13 creates=1 releases=0 starts=1 qpc=1949739533406
audit phase=begin id=42 op=3 request_gen=1 current_gen=1 handle=00876E40 lifetime=1 vendor=44 statuscalls=13 creates=1 releases=0 starts=1 qpc=1949740035603
audit phase=end id=42 op=3 request_gen=1 current_gen=1 handle=00876E40 lifetime=1 vendor=45 statuscalls=13 creates=1 releases=0 starts=1 qpc=1949740035790
audit phase=begin id=43 op=4 request_gen=1 current_gen=1 handle=00876E40 lifetime=1 vendor=45 statuscalls=13 creates=1 releases=0 starts=1 qpc=1949740036715
audit phase=end id=43 op=4 request_gen=1 current_gen=1 handle=00876E40 lifetime=1 vendor=46 statuscalls=14 creates=1 releases=0 starts=1 qpc=1949740036747
audit phase=begin id=44 op=5 request_gen=1 current_gen=1 handle=00876E40 lifetime=1 vendor=46 statuscalls=14 creates=1 releases=0 starts=1 qpc=1949740037851
audit phase=end id=44 op=5 request_gen=1 current_gen=1 handle=00876E40 lifetime=1 vendor=47 statuscalls=14 creates=1 releases=0 starts=1 qpc=1949740037889
audit phase=begin id=45 op=3 request_gen=1 current_gen=1 handle=00876E40 lifetime=1 vendor=47 statuscalls=14 creates=1 releases=0 starts=1 qpc=1949740540147
audit phase=end id=45 op=3 request_gen=1 current_gen=1 handle=00876E40 lifetime=1 vendor=48 statuscalls=14 creates=1 releases=0 starts=1 qpc=1949740540356
audit phase=begin id=46 op=4 request_gen=1 current_gen=1 handle=00876E40 lifetime=1 vendor=48 statuscalls=14 creates=1 releases=0 starts=1 qpc=1949740541356
audit phase=end id=46 op=4 request_gen=1 current_gen=1 handle=00876E40 lifetime=1 vendor=49 statuscalls=15 creates=1 releases=0 starts=1 qpc=1949740541381
audit phase=begin id=47 op=5 request_gen=1 current_gen=1 handle=00876E40 lifetime=1 vendor=49 statuscalls=15 creates=1 releases=0 starts=1 qpc=1949740542173
audit phase=end id=47 op=5 request_gen=1 current_gen=1 handle=00876E40 lifetime=1 vendor=50 statuscalls=15 creates=1 releases=0 starts=1 qpc=1949740542198
audit phase=begin id=48 op=3 request_gen=1 current_gen=1 handle=00876E40 lifetime=1 vendor=50 statuscalls=15 creates=1 releases=0 starts=1 qpc=1949741044377
audit phase=end id=48 op=3 request_gen=1 current_gen=1 handle=00876E40 lifetime=1 vendor=51 statuscalls=15 creates=1 releases=0 starts=1 qpc=1949741044616
audit phase=begin id=49 op=4 request_gen=1 current_gen=1 handle=00876E40 lifetime=1 vendor=51 statuscalls=15 creates=1 releases=0 starts=1 qpc=1949741045571
audit phase=end id=49 op=4 request_gen=1 current_gen=1 handle=00876E40 lifetime=1 vendor=52 statuscalls=16 creates=1 releases=0 starts=1 qpc=1949741045591
audit phase=begin id=50 op=5 request_gen=1 current_gen=1 handle=00876E40 lifetime=1 vendor=52 statuscalls=16 creates=1 releases=0 starts=1 qpc=1949741046474
audit phase=end id=50 op=5 request_gen=1 current_gen=1 handle=00876E40 lifetime=1 vendor=53 statuscalls=16 creates=1 releases=0 starts=1 qpc=1949741046499
audit phase=begin id=51 op=3 request_gen=1 current_gen=1 handle=00876E40 lifetime=1 vendor=53 statuscalls=16 creates=1 releases=0 starts=1 qpc=1949741549337
audit phase=end id=51 op=3 request_gen=1 current_gen=1 handle=00876E40 lifetime=1 vendor=54 statuscalls=16 creates=1 releases=0 starts=1 qpc=1949741549565
audit phase=begin id=52 op=4 request_gen=1 current_gen=1 handle=00876E40 lifetime=1 vendor=54 statuscalls=16 creates=1 releases=0 starts=1 qpc=1949741550717
audit phase=end id=52 op=4 request_gen=1 current_gen=1 handle=00876E40 lifetime=1 vendor=55 statuscalls=17 creates=1 releases=0 starts=1 qpc=1949741550746
audit phase=begin id=53 op=5 request_gen=1 current_gen=1 handle=00876E40 lifetime=1 vendor=55 statuscalls=17 creates=1 releases=0 starts=1 qpc=1949741551463
audit phasereply id=53 kind=0 result=0 slot=1 gen=1 event=0 status=-1 total=204 pos=204 begin=1949741551140 end=1949741552046 tid=364
request id=54 op=3 generation=1
reply id=54 kind=0 result=0 slot=1 gen=1 event=0 status=-1 total=-1 pos=-1 begin=1949742053031 end=1949742054584 tid=364
request id=55 op=4 generation=1
reply id=55 kind=0 result=0 slot=1 gen=1 event=0 status=2 total=-1 pos=-1 begin=1949742054683 end=1949742055341 tid=364
request id=56 op=5 generation=1
reply id=56 kind=0 result=0 slot=1 gen=1 event=0 status=-1 total=204 pos=204 begin=1949742055421 end=1949742056053 tid=364
request id=57 op=3 generation=1
reply id=57 kind=0 result=0 slot=1 gen=1 event=0 status=-1 total=-1 pos=-1 begin=1949742557000 end=1949742558489 tid=364
request id=58 op=4 generation=1
reply id=58 kind=0 result=0 slot=1 gen=1 event=0 status=2 total=-1 pos=-1 begin=1949742558583 end=1949742559247 tid=364
request id=59 op=5 generation=1
reply id=59 kind=0 result=0 slot=1 gen=1 event=0 status=-1 total=204 pos=204 begin=1949742559328 end=1949742560099 tid=364
request id=60 op=3 generation=1
reply id=60 kind=0 result=0 slot=1 gen=1 event=0 status=-1 total=-1 pos=-1 begin=1949743061132 end=1949743062780 tid=364
request id=61 op=4 generation=1
reply id=61 kind=0 result=0 slot=1 gen=1 event=0 status=2 total=-1 pos=-1 begin=1949743062919 end=1949743063632 tid=364
request id=62 op=5 generation=1
reply id=62 kind=0 result=0 slot=1 gen=1 event=0 status=-1 total=204 pos=204 begin=1949743063734 end=1949743064541 tid=364
request id=63 op=6 generation=1
reply id=63 kind=0 result=0 slot=1 gen=1 event=0 status=-1 total=-1 pos=-1 begin=1949743064740 end=1949743065487 tid=364
request id=64 op=7 generation=1
reply id=64 kind=0 result=0 slot=1 gen=2 event=0 status=-1 total=-1 pos=-1 begin=1949743065588 end=1949743066350 tid=364
request id=65 op=1 generation=2
reply id=65 kind=0 result=0 slot=1 gen=2 event=0 status=-1 total=-1 pos=-1 begin=1949743066442 end=1949743067527 tid=364
request id=66 op=4 generation=1
=end id=53 op=5 request_gen=1 current_gen=1 handle=00876E40 lifetime=1 vendor=56 statuscalls=17 creates=1 releases=0 starts=1 qpc=1949741551485
audit phase=begin id=54 op=3 request_gen=1 current_gen=1 handle=00876E40 lifetime=1 vendor=56 statuscalls=17 creates=1 releases=0 starts=1 qpc=1949742053984
audit phase=end id=54 op=3 request_gen=1 current_gen=1 handle=00876E40 lifetime=1 vendor=57 statuscalls=17 creates=1 releases=0 starts=1 qpc=1949742054172
audit phase=begin id=55 op=4 request_gen=1 current_gen=1 handle=00876E40 lifetime=1 vendor=57 statuscalls=17 creates=1 releases=0 starts=1 qpc=1949742055011
audit phase=end id=55 op=4 request_gen=1 current_gen=1 handle=00876E40 lifetime=1 vendor=58 statuscalls=18 creates=1 releases=0 starts=1 qpc=1949742055033
audit phase=begin id=56 op=5 request_gen=1 current_gen=1 handle=00876E40 lifetime=1 vendor=58 statuscalls=18 creates=1 releases=0 starts=1 qpc=1949742055728
audit phase=end id=56 op=5 request_gen=1 current_gen=1 handle=00876E40 lifetime=1 vendor=59 statuscalls=18 creates=1 releases=0 starts=1 qpc=1949742055748
audit phase=begin id=57 op=3 request_gen=1 current_gen=1 handle=00876E40 lifetime=1 vendor=59 statuscalls=18 creates=1 releases=0 starts=1 qpc=1949742557889
audit phase=end id=57 op=3 request_gen=1 current_gen=1 handle=00876E40 lifetime=1 vendor=60 statuscalls=18 creates=1 releases=0 starts=1 qpc=1949742558074
audit phase=begin id=58 op=4 request_gen=1 current_gen=1 handle=00876E40 lifetime=1 vendor=60 statuscalls=18 creates=1 releases=0 starts=1 qpc=1949742558900
audit phase=end id=58 op=4 request_gen=1 current_gen=1 handle=00876E40 lifetime=1 vendor=61 statuscalls=19 creates=1 releases=0 starts=1 qpc=1949742558922
audit phase=begin id=59 op=5 request_gen=1 current_gen=1 handle=00876E40 lifetime=1 vendor=61 statuscalls=19 creates=1 releases=0 starts=1 qpc=1949742559652
audit phase=end id=59 op=5 request_gen=1 current_gen=1 handle=00876E40 lifetime=1 vendor=62 statuscalls=19 creates=1 releases=0 starts=1 qpc=1949742559673
audit phase=begin id=60 op=3 request_gen=1 current_gen=1 handle=00876E40 lifetime=1 vendor=62 statuscalls=19 creates=1 releases=0 starts=1 qpc=1949743062124
audit phase=end id=60 op=3 request_gen=1 current_gen=1 handle=00876E40 lifetime=1 vendor=63 statuscalls=19 creates=1 releases=0 starts=1 qpc=1949743062346
audit phase=begin id=61 op=4 request_gen=1 current_gen=1 handle=00876E40 lifetime=1 vendor=63 statuscalls=19 creates=1 releases=0 starts=1 qpc=1949743063266
audit phase=end id=61 op=4 request_gen=1 current_gen=1 handle=00876E40 lifetime=1 vendor=64 statuscalls=20 creates=1 releases=0 starts=1 qpc=1949743063294
audit phase=begin id=62 op=5 request_gen=1 current_gen=1 handle=00876E40 lifetime=1 vendor=64 statuscalls=20 creates=1 releases=0 starts=1 qpc=1949743064045
audit phase=end id=62 op=5 request_gen=1 current_gen=1 handle=00876E40 lifetime=1 vendor=65 statuscalls=20 creates=1 releases=0 starts=1 qpc=1949743064069
audit phase=begin id=63 op=6 request_gen=1 current_gen=1 handle=00876E40 lifetime=1 vendor=65 statuscalls=20 creates=1 releases=0 starts=1 qpc=1949743065073
audit phase=end id=63 op=6 request_gen=1 current_gen=1 handle=00876E40 lifetime=1 vendor=66 statuscalls=20 creates=1 releases=0 starts=1 qpc=1949743065122
audit phase=begin id=64 op=7 request_gen=1 current_gen=1 handle=00876E40 lifetime=1 vendor=66 statuscalls=20 creates=1 releases=0 starts=1 qpc=1949743065897
audit phase=end id=64 op=7 request_gen=1 current_gen=2 handle=00000000 lifetime=0 vendor=67 statuscalls=20 creates=1 releases=1 starts=1 qpc=1949743065989
audit phase=begin id=65 op=1 request_gen=2 current_gen=2 handle=00000000 lifetime=0 vendor=67 statuscalls=20 creates=1 releases=1 starts=1 qpc=1949743066745
audit phase=end id=65 op=1 request_gen=2 current_gen=2 handle=00876E40 lifetime=2 vendor=71 statuscalls=20 creates=2 releases=1 starts=1 qpc=1949743067148
audit phase=begin id=66 op=4 request_gen=1 current_gen=2 handle=00876E40 lifetime=2 vendor=71 statuscalls=20 creates=2 releases=1 starts=1 qpc=1949743067986
audit phase=end id=66 op=4 request_gen=1 current_gereply id=66 kind=0 result=0 slot=1 gen=2 event=0 status=2 total=-1 pos=-1 begin=1949743067613 end=1949743068664 tid=364
request id=67 op=4 generation=2
reply id=67 kind=0 result=0 slot=1 gen=2 event=0 status=2 total=-1 pos=-1 begin=1949743068841 end=1949743069595 tid=364
request id=68 op=7 generation=2
reply id=68 kind=0 result=0 slot=1 gen=3 event=0 status=-1 total=-1 pos=-1 begin=1949743069686 end=1949743070480 tid=364
request id=69 op=8 generation=3
reply id=69 kind=0 result=0 slot=1 gen=3 event=0 status=-1 total=-1 pos=-1 begin=1949743070549 end=1949743071284 tid=364
n=2 handle=00876E40 lifetime=2 vendor=72 statuscalls=21 creates=2 releases=1 starts=1 qpc=1949743068006
audit phase=begin id=67 op=4 request_gen=2 current_gen=2 handle=00876E40 lifetime=2 vendor=72 statuscalls=21 creates=2 releases=1 starts=1 qpc=1949743069206
audit phase=end id=67 op=4 request_gen=2 current_gen=2 handle=00876E40 lifetime=2 vendor=73 statuscalls=22 creates=2 releases=1 starts=1 qpc=1949743069222
audit phase=begin id=68 op=7 request_gen=2 current_gen=2 handle=00876E40 lifetime=2 vendor=73 statuscalls=22 creates=2 releases=1 starts=1 qpc=1949743070053
audit phase=end id=68 op=7 request_gen=2 current_gen=3 handle=00000000 lifetime=0 vendor=74 statuscalls=22 creates=2 releases=2 starts=1 qpc=1949743070144
audit phase=begin id=69 op=8 request_gen=3 current_gen=3 handle=00000000 lifetime=0 vendor=74 statuscalls=22 creates=2 releases=2 starts=1 qpc=1949743070922
audit phase=end id=69 op=8 request_gen=3 current_gen=3 handle=00000000 lifetime=0 vendor=74 statuscalls=22 creates=2 releases=2 starts=1 qpc=1949743070940
event seq=0 active_id=1 active_op=1 observed_last_id=1 observed_last_op=1 tid=372 eos=0 qpc=1949732976319 cw=027f sw=0120 mx=00001f80
event seq=1 active_id=1 active_op=1 observed_last_id=1 observed_last_op=1 tid=372 eos=0 qpc=1949732976770 cw=027f sw=4020 mx=00001f80
event seq=2 active_id=2 active_op=2 observed_last_id=2 observed_last_op=2 tid=372 eos=0 qpc=1949732978023 cw=027f sw=4020 mx=00001f80
event seq=3 active_id=2 active_op=2 observed_last_id=2 observed_last_op=2 tid=372 eos=0 qpc=1949732978101 cw=027f sw=0020 mx=00001f80
event seq=4 active_id=3 active_op=3 observed_last_id=3 observed_last_op=3 tid=372 eos=0 qpc=1949733480051 cw=027f sw=0020 mx=00001f80
event seq=5 active_id=3 active_op=3 observed_last_id=3 observed_last_op=3 tid=372 eos=0 qpc=1949733480359 cw=027f sw=0020 mx=00001f80
event seq=6 active_id=4 active_op=4 observed_last_id=4 observed_last_op=4 tid=372 eos=0 qpc=1949733481246 cw=027f sw=0020 mx=00001f80
event seq=7 active_id=4 active_op=4 observed_last_id=4 observed_last_op=4 tid=372 eos=0 qpc=1949733481284 cw=027f sw=0020 mx=00001f80
event seq=8 active_id=5 active_op=5 observed_last_id=5 observed_last_op=5 tid=372 eos=0 qpc=1949733482008 cw=027f sw=0020 mx=00001f80
event seq=9 active_id=5 active_op=5 observed_last_id=5 observed_last_op=5 tid=372 eos=0 qpc=1949733482040 cw=027f sw=0020 mx=00001f80
event seq=10 active_id=6 active_op=3 observed_last_id=6 observed_last_op=3 tid=372 eos=0 qpc=1949733984156 cw=027f sw=0020 mx=00001f80
event seq=11 active_id=6 active_op=3 observed_last_id=6 observed_last_op=3 tid=372 eos=0 qpc=1949733984439 cw=027f sw=0020 mx=00001f80
event seq=12 active_id=7 active_op=4 observed_last_id=7 observed_last_op=4 tid=372 eos=0 qpc=1949733985486 cw=027f sw=0020 mx=00001f80
event seq=13 active_id=7 active_op=4 observed_last_id=7 observed_last_op=4 tid=372 eos=0 qpc=1949733985525 cw=027f sw=0020 mx=00001f80
event seq=14 active_id=8 active_op=5 observed_last_id=8 observed_last_op=5 tid=372 eos=0 qpc=1949733986429 cw=027f sw=0020 mx=00001f80
event seq=15 active_id=8 active_op=5 observed_last_id=8 observed_last_op=5 tid=372 eos=0 qpc=1949733986468 cw=027f sw=0220 mx=00001f80
event seq=16 active_id=0 active_op=0 observed_last_id=8 observed_last_op=5 tid=392 eos=1 qpc=1949734480980 cw=027f sw=0020 mx=00001f80
event seq=17 active_id=9 active_op=3 observed_last_id=9 observed_last_op=3 tid=372 eos=0 qpc=1949734488609 cw=027f sw=0220 mx=00001f80
event seq=18 active_id=9 active_op=3 observed_last_id=9 observed_last_op=3 tid=372 eos=0 qpc=1949734488858 cw=027f sw=0220 mx=00001f80
event seq=19 active_id=10 active_op=4 observed_last_id=10 observed_last_op=4 tid=372 eos=0 qpc=1949734489882 cw=027f sw=0220 mx=00001f80
event seq=20 active_id=10 active_op=4 observed_last_id=10 observed_last_op=4 tid=372 eos=0 qpc=1949734489925 cw=027f sw=0220 mx=00001f80
event seq=21 active_id=11 active_op=5 observed_last_id=11 observed_last_op=5 tid=372 eos=0 qpc=1949734490711 cw=027f sw=0220 mx=00001f80
event seq=22 active_id=11 active_op=5 observed_last_id=11 observed_last_op=5 tid=372 eos=0 qpc=1949734490753 cw=027f sw=0220 mx=00001f80
event seq=23 active_id=12 active_op=3 observed_last_id=12 observed_last_op=3 tid=372 eos=0 qpc=1949734992978 cw=027f sw=0220 mx=00001f80
event seq=24 active_id=12 active_op=3 observed_last_id=12 observed_last_op=3 tid=372 eos=0 qpc=1949734993204 cw=027f sw=0220 mx=00001f80
event seq=25 active_id=13 active_op=4 observed_last_id=13 observed_last_op=4 tid=372 eos=0 qpc=1949734994256 cw=027f sw=0220 mx=00001f80
event seq=26 active_id=13 active_op=4 observed_last_id=13 observed_last_op=4 tid=372 eos=0 qpc=1949734994304 cw=027f sw=0220 mx=00001f80
event seq=27 active_id=14 active_op=5 observed_last_id=14 observed_last_op=5 tid=372 eos=0 qpc=1949734995088 cw=027f sw=0220 mx=00001f80
event seq=28 active_id=14 active_op=5 observed_last_id=14 observed_last_op=5 tid=372 eos=0 qpc=1949734995380 cw=027f sw=0220 mx=00001f80
event seq=29 active_id=15 active_op=3 observed_last_id=15 observed_last_op=3 tid=372 eos=0 qpc=1949735497987 cw=027f sw=0220 mx=00001f80
event seq=30 active_id=15 active_op=3 observed_last_id=15 observed_last_op=3 tid=372 eos=0 qpc=1949735498242 cw=027f sw=0220 mx=00001f80
event seq=31 active_id=16 active_op=4 observed_last_id=16 observed_last_op=4 tid=372 eos=0 qpc=1949735499313 cw=027f sw=0220 mx=00001f80
event seq=32 active_id=16 active_op=4 observed_last_id=16 observed_last_op=4 tid=372 eos=0 qpc=1949735499360 cw=027f sw=0220 mx=00001f80
event seq=33 active_id=17 active_op=5 observed_last_id=17 observed_last_op=5 tid=372 eos=0 qpc=1949735500183 cw=027f sw=0220 mx=00001f80
event seq=34 active_id=17 active_op=5 observed_last_id=17 observed_last_op=5 tid=372 eos=0 qpc=1949735500225 cw=027f sw=0220 mx=00001f80
event seq=35 active_id=18 active_op=3 observed_last_id=18 observed_last_op=3 tid=372 eos=0 qpc=1949736002309 cw=027f sw=0220 mx=00001f80
event seq=36 active_id=18 active_op=3 observed_last_id=18 observed_last_op=3 tid=372 eos=0 qpc=1949736002544 cw=027f sw=0220 mx=00001f80
event seq=37 active_id=19 active_op=4 observed_last_id=19 observed_last_op=4 tid=372 eos=0 qpc=1949736003379 cw=027f sw=0220 mx=00001f80
event seq=38 active_id=19 active_op=4 observed_last_id=19 observed_last_op=4 tid=372 eos=0 qpc=1949736003410 cw=027f sw=0220 mx=00001f80
event seq=39 active_id=20 active_op=5 observed_last_id=20 observed_last_op=5 tid=372 eos=0 qpc=1949736004084 cw=027f sw=0220 mx=00001f80
event seq=40 active_id=20 active_op=5 observed_last_id=20 observed_last_op=5 tid=372 eos=0 qpc=1949736004135 cw=027f sw=0220 mx=00001f80
event seq=41 active_id=21 active_op=3 observed_last_id=21 observed_last_op=3 tid=372 eos=0 qpc=1949736506306 cw=027f sw=0220 mx=00001f80
event seq=42 active_id=21 active_op=3 observed_last_id=21 observed_last_op=3 tid=372 eos=0 qpc=1949736506524 cw=027f sw=0220 mx=00001f80
event seq=43 active_id=22 active_op=4 observed_last_id=22 observed_last_op=4 tid=372 eos=0 qpc=1949736507422 cw=027f sw=0220 mx=00001f80
event seq=44 active_id=22 active_op=4 observed_last_id=22 observed_last_op=4 tid=372 eos=0 qpc=1949736507473 cw=027f sw=0220 mx=00001f80
event seq=45 active_id=23 active_op=5 observed_last_id=23 observed_last_op=5 tid=372 eos=0 qpc=1949736508166 cw=027f sw=0220 mx=00001f80
event seq=46 active_id=23 active_op=5 observed_last_id=23 observed_last_op=5 tid=372 eos=0 qpc=1949736508201 cw=027f sw=0220 mx=00001f80
event seq=47 active_id=24 active_op=3 observed_last_id=24 observed_last_op=3 tid=372 eos=0 qpc=1949737010530 cw=027f sw=0220 mx=00001f80
event seq=48 active_id=24 active_op=3 observed_last_id=24 observed_last_op=3 tid=372 eos=0 qpc=1949737010751 cw=027f sw=0220 mx=00001f80
event seq=49 active_id=25 active_op=4 observed_last_id=25 observed_last_op=4 tid=372 eos=0 qpc=1949737011710 cw=027f sw=0220 mx=00001f80
event seq=50 active_id=25 active_op=4 observed_last_id=25 observed_last_op=4 tid=372 eos=0 qpc=1949737011751 cw=027f sw=0220 mx=00001f80
event seq=51 active_id=26 active_op=5 observed_last_id=26 observed_last_op=5 tid=372 eos=0 qpc=1949737012495 cw=027f sw=0220 mx=00001f80
event seq=52 active_id=26 active_op=5 observed_last_id=26 observed_last_op=5 tid=372 eos=0 qpc=1949737012538 cw=027f sw=0220 mx=00001f80
event seq=53 active_id=27 active_op=3 observed_last_id=27 observed_last_op=3 tid=372 eos=0 qpc=1949737514682 cw=027f sw=0220 mx=00001f80
event seq=54 active_id=27 active_op=3 observed_last_id=27 observed_last_op=3 tid=372 eos=0 qpc=1949737515144 cw=027f sw=0220 mx=00001f80
event seq=55 active_id=28 active_op=4 observed_last_id=28 observed_last_op=4 tid=372 eos=0 qpc=1949737516006 cw=027f sw=0220 mx=00001f80
event seq=56 active_id=28 active_op=4 observed_last_id=28 observed_last_op=4 tid=372 eos=0 qpc=1949737516038 cw=027f sw=0220 mx=00001f80
event seq=57 active_id=29 active_op=5 observed_last_id=29 observed_last_op=5 tid=372 eos=0 qpc=1949737516709 cw=027f sw=0220 mx=00001f80
event seq=58 active_id=29 active_op=5 observed_last_id=29 observed_last_op=5 tid=372 eos=0 qpc=1949737516741 cw=027f sw=0220 mx=00001f80
event seq=59 active_id=30 active_op=3 observed_last_id=30 observed_last_op=3 tid=372 eos=0 qpc=1949738018947 cw=027f sw=0220 mx=00001f80
event seq=60 active_id=30 active_op=3 observed_last_id=30 observed_last_op=3 tid=372 eos=0 qpc=1949738019185 cw=027f sw=0220 mx=00001f80
event seq=61 active_id=31 active_op=4 observed_last_id=31 observed_last_op=4 tid=372 eos=0 qpc=1949738019975 cw=027f sw=0220 mx=00001f80
event seq=62 active_id=31 active_op=4 observed_last_id=31 observed_last_op=4 tid=372 eos=0 qpc=1949738020103 cw=027f sw=0220 mx=00001f80
event seq=63 active_id=32 active_op=5 observed_last_id=32 observed_last_op=5 tid=372 eos=0 qpc=1949738020867 cw=027f sw=0220 mx=00001f80
event seq=64 active_id=32 active_op=5 observed_last_id=32 observed_last_op=5 tid=372 eos=0 qpc=1949738020913 cw=027f sw=0220 mx=00001f80
event seq=65 active_id=33 active_op=3 observed_last_id=33 observed_last_op=3 tid=372 eos=0 qpc=1949738522939 cw=027f sw=0220 mx=00001f80
event seq=66 active_id=33 active_op=3 observed_last_id=33 observed_last_op=3 tid=372 eos=0 qpc=1949738523174 cw=027f sw=0220 mx=00001f80
event seq=67 active_id=34 active_op=4 observed_last_id=34 observed_last_op=4 tid=372 eos=0 qpc=1949738523998 cw=027f sw=0220 mx=00001f80
event seq=68 active_id=34 active_op=4 observed_last_id=34 observed_last_op=4 tid=372 eos=0 qpc=1949738524045 cw=027f sw=0220 mx=00001f80
event seq=69 active_id=35 active_op=5 observed_last_id=35 observed_last_op=5 tid=372 eos=0 qpc=1949738524740 cw=027f sw=0220 mx=00001f80
event seq=70 active_id=35 active_op=5 observed_last_id=35 observed_last_op=5 tid=372 eos=0 qpc=1949738524787 cw=027f sw=0220 mx=00001f80
event seq=71 active_id=36 active_op=3 observed_last_id=36 observed_last_op=3 tid=372 eos=0 qpc=1949739026935 cw=027f sw=0220 mx=00001f80
event seq=72 active_id=36 active_op=3 observed_last_id=36 observed_last_op=3 tid=372 eos=0 qpc=1949739027168 cw=027f sw=0220 mx=00001f80
event seq=73 active_id=37 active_op=4 observed_last_id=37 observed_last_op=4 tid=372 eos=0 qpc=1949739028084 cw=027f sw=0220 mx=00001f80
event seq=74 active_id=37 active_op=4 observed_last_id=37 observed_last_op=4 tid=372 eos=0 qpc=1949739028126 cw=027f sw=0220 mx=00001f80
event seq=75 active_id=38 active_op=5 observed_last_id=38 observed_last_op=5 tid=372 eos=0 qpc=1949739028839 cw=027f sw=0220 mx=00001f80
event seq=76 active_id=38 active_op=5 observed_last_id=38 observed_last_op=5 tid=372 eos=0 qpc=1949739028882 cw=027f sw=0220 mx=00001f80
event seq=77 active_id=39 active_op=3 observed_last_id=39 observed_last_op=3 tid=372 eos=0 qpc=1949739531139 cw=027f sw=0220 mx=00001f80
event seq=78 active_id=39 active_op=3 observed_last_id=39 observed_last_op=3 tid=372 eos=0 qpc=1949739531379 cw=027f sw=0220 mx=00001f80
event seq=79 active_id=40 active_op=4 observed_last_id=40 observed_last_op=4 tid=372 eos=0 qpc=1949739532229 cw=027f sw=0220 mx=00001f80
event seq=80 active_id=40 active_op=4 observed_last_id=40 observed_last_op=4 tid=372 eos=0 qpc=1949739532524 cw=027f sw=0220 mx=00001f80
event seq=81 active_id=41 active_op=5 observed_last_id=41 observed_last_op=5 tid=372 eos=0 qpc=1949739533380 cw=027f sw=0220 mx=00001f80
event seq=82 active_id=41 active_op=5 observed_last_id=41 observed_last_op=5 tid=372 eos=0 qpc=1949739533423 cw=027f sw=0220 mx=00001f80
event seq=83 active_id=42 active_op=3 observed_last_id=42 observed_last_op=3 tid=372 eos=0 qpc=1949740035600 cw=027f sw=0220 mx=00001f80
event seq=84 active_id=42 active_op=3 observed_last_id=42 observed_last_op=3 tid=372 eos=0 qpc=1949740035807 cw=027f sw=0220 mx=00001f80
event seq=85 active_id=43 active_op=4 observed_last_id=43 observed_last_op=4 tid=372 eos=0 qpc=1949740036713 cw=027f sw=0220 mx=00001f80
event seq=86 active_id=43 active_op=4 observed_last_id=43 observed_last_op=4 tid=372 eos=0 qpc=1949740036767 cw=027f sw=0220 mx=00001f80
event seq=87 active_id=44 active_op=5 observed_last_id=44 observed_last_op=5 tid=372 eos=0 qpc=1949740037849 cw=027f sw=0220 mx=00001f80
event seq=88 active_id=44 active_op=5 observed_last_id=44 observed_last_op=5 tid=372 eos=0 qpc=1949740037908 cw=027f sw=0220 mx=00001f80
event seq=89 active_id=45 active_op=3 observed_last_id=45 observed_last_op=3 tid=372 eos=0 qpc=1949740540142 cw=027f sw=0220 mx=00001f80
event seq=90 active_id=45 active_op=3 observed_last_id=45 observed_last_op=3 tid=372 eos=0 qpc=1949740540376 cw=027f sw=0220 mx=00001f80
event seq=91 active_id=46 active_op=4 observed_last_id=46 observed_last_op=4 tid=372 eos=0 qpc=1949740541354 cw=027f sw=0220 mx=00001f80
event seq=92 active_id=46 active_op=4 observed_last_id=46 observed_last_op=4 tid=372 eos=0 qpc=1949740541398 cw=027f sw=0220 mx=00001f80
event seq=93 active_id=47 active_op=5 observed_last_id=47 observed_last_op=5 tid=372 eos=0 qpc=1949740542172 cw=027f sw=0220 mx=00001f80
event seq=94 active_id=47 active_op=5 observed_last_id=47 observed_last_op=5 tid=372 eos=0 qpc=1949740542215 cw=027f sw=0220 mx=00001f80
event seq=95 active_id=48 active_op=3 observed_last_id=48 observed_last_op=3 tid=372 eos=0 qpc=1949741044373 cw=027f sw=0220 mx=00001f80
event seq=96 active_id=48 active_op=3 observed_last_id=48 observed_last_op=3 tid=372 eos=0 qpc=1949741044637 cw=027f sw=0220 mx=00001f80
event seq=97 active_id=49 active_op=4 observed_last_id=49 observed_last_op=4 tid=372 eos=0 qpc=1949741045569 cw=027f sw=0220 mx=00001f80
event seq=98 active_id=49 active_op=4 observed_last_id=49 observed_last_op=4 tid=372 eos=0 qpc=1949741045608 cw=027f sw=0220 mx=00001f80
event seq=99 active_id=50 active_op=5 observed_last_id=50 observed_last_op=5 tid=372 eos=0 qpc=1949741046473 cw=027f sw=0220 mx=00001f80
event seq=100 active_id=50 active_op=5 observed_last_id=50 observed_last_op=5 tid=372 eos=0 qpc=1949741046517 cw=027f sw=0220 mx=00001f80
event seq=101 active_id=51 active_op=3 observed_last_id=51 observed_last_op=3 tid=372 eos=0 qpc=1949741549334 cw=027f sw=0220 mx=00001f80
event seq=102 active_id=51 active_op=3 observed_last_id=51 observed_last_op=3 tid=372 eos=0 qpc=1949741549581 cw=027f sw=0220 mx=00001f80
event seq=103 active_id=52 active_op=4 observed_last_id=52 observed_last_op=4 tid=372 eos=0 qpc=1949741550715 cw=027f sw=0220 mx=00001f80
event seq=104 active_id=52 active_op=4 observed_last_id=52 observed_last_op=4 tid=372 eos=0 qpc=1949741550761 cw=027f sw=0220 mx=00001f80
event seq=105 active_id=53 active_op=5 observed_last_id=53 observed_last_op=5 tid=372 eos=0 qpc=1949741551462 cw=027f sw=0220 mx=00001f80
event seq=106 active_id=53 active_op=5 observed_last_id=53 observed_last_op=5 tid=372 eos=0 qpc=1949741551722 cw=027f sw=0220 mx=00001f80
event seq=107 active_id=54 active_op=3 observed_last_id=54 observed_last_op=3 tid=372 eos=0 qpc=1949742053980 cw=027f sw=0220 mx=00001f80
event seq=108 active_id=54 active_op=3 observed_last_id=54 observed_last_op=3 tid=372 eos=0 qpc=1949742054188 cw=027f sw=0220 mx=00001f80
event seq=109 active_id=55 active_op=4 observed_last_id=55 observed_last_op=4 tid=372 eos=0 qpc=1949742055010 cw=027f sw=0220 mx=00001f80
event seq=110 active_id=55 active_op=4 observed_last_id=55 observed_last_op=4 tid=372 eos=0 qpc=1949742055046 cw=027f sw=0220 mx=00001f80
event seq=111 active_id=56 active_op=5 observed_last_id=56 observed_last_op=5 tid=372 eos=0 qpc=1949742055727 cw=027f sw=0220 mx=00001f80
event seq=112 active_id=56 active_op=5 observed_last_id=56 observed_last_op=5 tid=372 eos=0 qpc=1949742055761 cw=027f sw=0220 mx=00001f80
event seq=113 active_id=57 active_op=3 observed_last_id=57 observed_last_op=3 tid=372 eos=0 qpc=1949742557885 cw=027f sw=0220 mx=00001f80
event seq=114 active_id=57 active_op=3 observed_last_id=57 observed_last_op=3 tid=372 eos=0 qpc=1949742558090 cw=027f sw=0220 mx=00001f80
event seq=115 active_id=58 active_op=4 observed_last_id=58 observed_last_op=4 tid=372 eos=0 qpc=1949742558899 cw=027f sw=0220 mx=00001f80
event seq=116 active_id=58 active_op=4 observed_last_id=58 observed_last_op=4 tid=372 eos=0 qpc=1949742558935 cw=027f sw=0220 mx=00001f80
event seq=117 active_id=59 active_op=5 observed_last_id=59 observed_last_op=5 tid=372 eos=0 qpc=1949742559651 cw=027f sw=0220 mx=00001f80
event seq=118 active_id=59 active_op=5 observed_last_id=59 observed_last_op=5 tid=372 eos=0 qpc=1949742559686 cw=027f sw=0220 mx=00001f80
event seq=119 active_id=60 active_op=3 observed_last_id=60 observed_last_op=3 tid=372 eos=0 qpc=1949743062120 cw=027f sw=0220 mx=00001f80
event seq=120 active_id=60 active_op=3 observed_last_id=60 observed_last_op=3 tid=372 eos=0 qpc=1949743062367 cw=027f sw=0220 mx=00001f80
event seq=121 active_id=61 active_op=4 observed_last_id=61 observed_last_op=4 tid=372 eos=0 qpc=1949743063264 cw=027f sw=0220 mx=00001f80
event seq=122 active_id=61 active_op=4 observed_last_id=61 observed_last_op=4 tid=372 eos=0 qpc=1949743063312 cw=027f sw=0220 mx=00001f80
event seq=123 active_id=62 active_op=5 observed_last_id=62 observed_last_op=5 tid=372 eos=0 qpc=1949743064043 cw=027f sw=0220 mx=00001f80
event seq=124 active_id=62 active_op=5 observed_last_id=62 observed_last_op=5 tid=372 eos=0 qpc=1949743064087 cw=027f sw=0220 mx=00001f80
event seq=125 active_id=63 active_op=6 observed_last_id=63 observed_last_op=6 tid=372 eos=0 qpc=1949743065072 cw=027f sw=0220 mx=00001f80
event seq=126 active_id=63 active_op=6 observed_last_id=63 observed_last_op=6 tid=372 eos=0 qpc=1949743065140 cw=027f sw=0220 mx=00001f80
event seq=127 active_id=64 active_op=7 observed_last_id=64 observed_last_op=7 tid=372 eos=0 qpc=1949743065896 cw=027f sw=0220 mx=00001f80
event seq=128 active_id=64 active_op=7 observed_last_id=64 observed_last_op=7 tid=372 eos=0 qpc=1949743066002 cw=027f sw=0220 mx=00001f80
event seq=129 active_id=65 active_op=1 observed_last_id=65 observed_last_op=1 tid=372 eos=0 qpc=1949743066743 cw=027f sw=0220 mx=00001f80
event seq=130 active_id=65 active_op=1 observed_last_id=65 observed_last_op=1 tid=372 eos=0 qpc=1949743067166 cw=027f sw=4020 mx=00001f80
event seq=131 active_id=66 active_op=4 observed_last_id=66 observed_last_op=4 tid=372 eos=0 qpc=1949743067984 cw=027f sw=4020 mx=00001f80
event seq=132 active_id=66 active_op=4 observed_last_id=66 observed_last_op=4 tid=372 eos=0 qpc=1949743068272 cw=027f sw=4020 mx=00001f80
event seq=133 active_id=67 active_op=4 observed_last_id=67 observed_last_op=4 tid=372 eos=0 qpc=1949743069204 cw=027f sw=4020 mx=00001f80
event seq=134 active_id=67 active_op=4 observed_last_id=67 observed_last_op=4 tid=372 eos=0 qpc=1949743069239 cw=027f sw=4020 mx=00001f80
event seq=135 active_id=68 active_op=7 observed_last_id=68 observed_last_op=7 tid=372 eos=0 qpc=1949743070051 cw=027f sw=4020 mx=00001f80
event seq=136 active_id=68 active_op=7 observed_last_id=68 observed_last_op=7 tid=372 eos=0 qpc=1949743070162 cw=027f sw=4020 mx=00001f80
event seq=137 active_id=69 active_op=8 observed_last_id=69 observed_last_op=8 tid=372 eos=0 qpc=1949743070921 cw=027f sw=4020 mx=00001f80
event seq=138 active_id=69 active_op=8 observed_last_id=69 observed_last_op=8 tid=372 eos=0 qpc=1949743070957 cw=027f sw=4020 mx=00001f80
summary events=139 eos=1 ok=1 generation=3 creates=2 releases=2 starts=1 vendor=74 statuscalls=22 live=0 bypass=1
controller replies=69 events=1 host_exit=0 ok=1 oracle=0
