metadata_wire.cpp
Note: including file: c:\startup-metadata-v3-wrongpath\startup-metadata-v3\metadata.h
Note: including file:  c:\startup-metadata-v3-wrongpath\startup-metadata-v3\../host-candidate/host_dispatch.h
Note: including file:   c:\startup-metadata-v3-wrongpath\host-candidate\../protocol-candidate/miles_wire.h
Note: including file:    C:\Program Files (x86)\Microsoft Visual Studio 12.0\VC\INCLUDE\stdint.h
Note: including file:     C:\Program Files (x86)\Microsoft Visual Studio 12.0\VC\INCLUDE\crtdefs.h
Note: including file:      C:\Program Files (x86)\Microsoft Visual Studio 12.0\VC\INCLUDE\sal.h
Note: including file:       C:\Program Files (x86)\Microsoft Visual Studio 12.0\VC\INCLUDE\ConcurrencySal.h
Note: including file:      C:\Program Files (x86)\Microsoft Visual Studio 12.0\VC\INCLUDE\vadefs.h
Note: including file:    C:\Program Files (x86)\Microsoft Visual Studio 12.0\VC\INCLUDE\stddef.h
Note: including file:     C:\Program Files (x86)\Microsoft Visual Studio 12.0\VC\INCLUDE\crtdefs.h
Note: including file:  c:\startup-metadata-v3-wrongpath\startup-metadata-v3\../transport-candidate/codec.h
Note: including file:   c:\startup-metadata-v3-wrongpath\transport-candidate\resource_registry.h
Note: including file:    C:\Program Files (x86)\Microsoft Visual Studio 12.0\VC\INCLUDE\stdexcept
Note: including file:     C:\Program Files (x86)\Microsoft Visual Studio 12.0\VC\INCLUDE\exception
Note: including file:      C:\Program Files (x86)\Microsoft Visual Studio 12.0\VC\INCLUDE\xstddef
Note: including file:       C:\Program Files (x86)\Microsoft Visual Studio 12.0\VC\INCLUDE\stdlib.h
Note: including file:        C:\Program Files (x86)\Microsoft Visual Studio 12.0\VC\INCLUDE\crtdefs.h
Note: including file:        C:\Program Files (x86)\Microsoft Visual Studio 12.0\VC\INCLUDE\limits.h
Note: including file:         C:\Program Files (x86)\Microsoft Visual Studio 12.0\VC\INCLUDE\crtdefs.h
Note: including file:       C:\Program Files (x86)\Microsoft Visual Studio 12.0\VC\INCLUDE\cstddef
Note: including file:        C:\Program Files (x86)\Microsoft Visual Studio 12.0\VC\INCLUDE\yvals.h
Note: including file:         C:\Program Files (x86)\Microsoft Visual Studio 12.0\VC\INCLUDE\xkeycheck.h
Note: including file:         C:\Program Files (x86)\Microsoft Visual Studio 12.0\VC\INCLUDE\crtdefs.h
Note: including file:         C:\Program Files (x86)\Microsoft Visual Studio 12.0\VC\INCLUDE\use_ansi.h
Note: including file:       C:\Program Files (x86)\Microsoft Visual Studio 12.0\VC\INCLUDE\initializer_list
Note: including file:       C:\Program Files (x86)\Microsoft Visual Studio 12.0\VC\INCLUDE\xtr1common
Note: including file:      C:\Program Files (x86)\Microsoft Visual Studio 12.0\VC\INCLUDE\eh.h
Note: including file:       C:\Program Files (x86)\Microsoft Visual Studio 12.0\VC\INCLUDE\crtdefs.h
Note: including file:      C:\Program Files (x86)\Microsoft Visual Studio 12.0\VC\INCLUDE\malloc.h
Note: including file:       C:\Program Files (x86)\Microsoft Visual Studio 12.0\VC\INCLUDE\crtdefs.h
Note: including file:      C:\Program Files (x86)\Microsoft Visual Studio 12.0\VC\INCLUDE\string.h
Note: including file:       C:\Program Files (x86)\Microsoft Visual Studio 12.0\VC\INCLUDE\crtdefs.h
Note: including file:     C:\Program Files (x86)\Microsoft Visual Studio 12.0\VC\INCLUDE\xstring
Note: including file:      C:\Program Files (x86)\Microsoft Visual Studio 12.0\VC\INCLUDE\xmemory0
Note: including file:       C:\Program Files (x86)\Microsoft Visual Studio 12.0\VC\INCLUDE\cstdlib
Note: including file:       C:\Program Files (x86)\Microsoft Visual Studio 12.0\VC\INCLUDE\limits
Note: including file:        C:\Program Files (x86)\Microsoft Visual Studio 12.0\VC\INCLUDE\ymath.h
Note: including file:        C:\Program Files (x86)\Microsoft Visual Studio 12.0\VC\INCLUDE\cfloat
Note: including file:         C:\Program Files (x86)\Microsoft Visual Studio 12.0\VC\INCLUDE\float.h
Note: including file:          C:\Program Files (x86)\Microsoft Visual Studio 12.0\VC\INCLUDE\crtdefs.h
Note: including file:          C:\Program Files (x86)\Microsoft Visual Studio 12.0\VC\INCLUDE\crtwrn.h
Note: including file:           C:\Program Files (x86)\Microsoft Visual Studio 12.0\VC\INCLUDE\crtdefs.h
Note: including file:        C:\Program Files (x86)\Microsoft Visual Studio 12.0\VC\INCLUDE\climits
Note: including file:        C:\Program Files (x86)\Microsoft Visual Studio 12.0\VC\INCLUDE\cmath
Note: including file:         C:\Program Files (x86)\Microsoft Visual Studio 12.0\VC\INCLUDE\math.h
Note: including file:          C:\Program Files (x86)\Microsoft Visual Studio 12.0\VC\INCLUDE\crtdefs.h
Note: including file:         C:\Program Files (x86)\Microsoft Visual Studio 12.0\VC\INCLUDE\xtgmath.h
Note: including file:        C:\Program Files (x86)\Microsoft Visual Studio 12.0\VC\INCLUDE\cwchar
Note: including file:         C:\Program Files (x86)\Microsoft Visual Studio 12.0\VC\INCLUDE\wchar.h
Note: including file:          C:\Program Files (x86)\Microsoft Visual Studio 12.0\VC\INCLUDE\crtdefs.h
Note: including file:          C:\Program Files (x86)\Microsoft Visual Studio 12.0\VC\INCLUDE\swprintf.inl
Note: including file:          C:\Program Files (x86)\Microsoft Visual Studio 12.0\VC\INCLUDE\wtime.inl
Note: including file:       C:\Program Files (x86)\Microsoft Visual Studio 12.0\VC\INCLUDE\new
Note: including file:       C:\Program Files (x86)\Microsoft Visual Studio 12.0\VC\INCLUDE\xutility
Note: including file:        C:\Program Files (x86)\Microsoft Visual Studio 12.0\VC\INCLUDE\utility
Note: including file:         C:\Program Files (x86)\Microsoft Visual Studio 12.0\VC\INCLUDE\iosfwd
Note: including file:          C:\Program Files (x86)\Microsoft Visual Studio 12.0\VC\INCLUDE\cstdio
Note: including file:           C:\Program Files (x86)\Microsoft Visual Studio 12.0\VC\INCLUDE\stdio.h
Note: including file:            C:\Program Files (x86)\Microsoft Visual Studio 12.0\VC\INCLUDE\crtdefs.h
Note: including file:          C:\Program Files (x86)\Microsoft Visual Studio 12.0\VC\INCLUDE\cstring
Note: including file:          C:\Program Files (x86)\Microsoft Visual Studio 12.0\VC\INCLUDE\crtdbg.h
Note: including file:           C:\Program Files (x86)\Microsoft Visual Studio 12.0\VC\INCLUDE\crtdefs.h
Note: including file:         C:\Program Files (x86)\Microsoft Visual Studio 12.0\VC\INCLUDE\type_traits
Note: including file:          C:\Program Files (x86)\Microsoft Visual Studio 12.0\VC\INCLUDE\xrefwrap
Note: including file:       C:\Program Files (x86)\Microsoft Visual Studio 12.0\VC\INCLUDE\xatomic0.h
Note: including file:       C:\Program Files (x86)\Microsoft Visual Studio 12.0\VC\INCLUDE\intrin.h
Note: including file:        C:\Program Files (x86)\Microsoft Visual Studio 12.0\VC\INCLUDE\crtdefs.h
Note: including file:        C:\Program Files (x86)\Microsoft Visual Studio 12.0\VC\INCLUDE\setjmp.h
Note: including file:         C:\Program Files (x86)\Microsoft Visual Studio 12.0\VC\INCLUDE\crtdefs.h
Note: including file:        C:\Program Files (x86)\Microsoft Visual Studio 12.0\VC\INCLUDE\immintrin.h
Note: including file:         C:\Program Files (x86)\Microsoft Visual Studio 12.0\VC\INCLUDE\wmmintrin.h
Note: including file:          C:\Program Files (x86)\Microsoft Visual Studio 12.0\VC\INCLUDE\nmmintrin.h
Note: including file:           C:\Program Files (x86)\Microsoft Visual Studio 12.0\VC\INCLUDE\smmintrin.h
Note: including file:            C:\Program Files (x86)\Microsoft Visual Studio 12.0\VC\INCLUDE\tmmintrin.h
Note: including file:             C:\Program Files (x86)\Microsoft Visual Studio 12.0\VC\INCLUDE\pmmintrin.h
Note: including file:              C:\Program Files (x86)\Microsoft Visual Studio 12.0\VC\INCLUDE\emmintrin.h
Note: including file:               C:\Program Files (x86)\Microsoft Visual Studio 12.0\VC\INCLUDE\xmmintrin.h
Note: including file:                C:\Program Files (x86)\Microsoft Visual Studio 12.0\VC\INCLUDE\mmintrin.h
Note: including file:                 C:\Program Files (x86)\Microsoft Visual Studio 12.0\VC\INCLUDE\crtdefs.h
Note: including file:        C:\Program Files (x86)\Microsoft Visual Studio 12.0\VC\INCLUDE\ammintrin.h
Note: including file:        C:\Program Files (x86)\Microsoft Visual Studio 12.0\VC\INCLUDE\mm3dnow.h
Note: including file:         C:\Program Files (x86)\Microsoft Visual Studio 12.0\VC\INCLUDE\crtdefs.h
Note: including file:    C:\Program Files (x86)\Microsoft Visual Studio 12.0\VC\INCLUDE\vector
Note: including file:     C:\Program Files (x86)\Microsoft Visual Studio 12.0\VC\INCLUDE\xmemory
Note: including file:  C:\Program Files (x86)\Microsoft Visual Studio 12.0\VC\INCLUDE\list
codec.cpp
Note: including file: c:\startup-metadata-v3-wrongpath\transport-candidate\codec.h
Note: including file:  c:\startup-metadata-v3-wrongpath\transport-candidate\resource_registry.h
Note: including file:   c:\startup-metadata-v3-wrongpath\transport-candidate\../protocol-candidate/miles_wire.h
Note: including file:    C:\Program Files (x86)\Microsoft Visual Studio 12.0\VC\INCLUDE\stdint.h
Note: including file:     C:\Program Files (x86)\Microsoft Visual Studio 12.0\VC\INCLUDE\crtdefs.h
Note: including file:      C:\Program Files (x86)\Microsoft Visual Studio 12.0\VC\INCLUDE\sal.h
Note: including file:       C:\Program Files (x86)\Microsoft Visual Studio 12.0\VC\INCLUDE\ConcurrencySal.h
Note: including file:      C:\Program Files (x86)\Microsoft Visual Studio 12.0\VC\INCLUDE\vadefs.h
Note: including file:    C:\Program Files (x86)\Microsoft Visual Studio 12.0\VC\INCLUDE\stddef.h
Note: including file:     C:\Program Files (x86)\Microsoft Visual Studio 12.0\VC\INCLUDE\crtdefs.h
Note: including file:   C:\Program Files (x86)\Microsoft Visual Studio 12.0\VC\INCLUDE\stdexcept
Note: including file:    C:\Program Files (x86)\Microsoft Visual Studio 12.0\VC\INCLUDE\exception
Note: including file:     C:\Program Files (x86)\Microsoft Visual Studio 12.0\VC\INCLUDE\xstddef
Note: including file:      C:\Program Files (x86)\Microsoft Visual Studio 12.0\VC\INCLUDE\stdlib.h
Note: including file:       C:\Program Files (x86)\Microsoft Visual Studio 12.0\VC\INCLUDE\crtdefs.h
Note: including file:       C:\Program Files (x86)\Microsoft Visual Studio 12.0\VC\INCLUDE\limits.h
Note: including file:        C:\Program Files (x86)\Microsoft Visual Studio 12.0\VC\INCLUDE\crtdefs.h
Note: including file:      C:\Program Files (x86)\Microsoft Visual Studio 12.0\VC\INCLUDE\cstddef
Note: including file:       C:\Program Files (x86)\Microsoft Visual Studio 12.0\VC\INCLUDE\yvals.h
Note: including file:        C:\Program Files (x86)\Microsoft Visual Studio 12.0\VC\INCLUDE\xkeycheck.h
Note: including file:        C:\Program Files (x86)\Microsoft Visual Studio 12.0\VC\INCLUDE\crtdefs.h
Note: including file:        C:\Program Files (x86)\Microsoft Visual Studio 12.0\VC\INCLUDE\use_ansi.h
Note: including file:      C:\Program Files (x86)\Microsoft Visual Studio 12.0\VC\INCLUDE\initializer_list
Note: including file:      C:\Program Files (x86)\Microsoft Visual Studio 12.0\VC\INCLUDE\xtr1common
Note: including file:     C:\Program Files (x86)\Microsoft Visual Studio 12.0\VC\INCLUDE\eh.h
Note: including file:      C:\Program Files (x86)\Microsoft Visual Studio 12.0\VC\INCLUDE\crtdefs.h
Note: including file:     C:\Program Files (x86)\Microsoft Visual Studio 12.0\VC\INCLUDE\malloc.h
Note: including file:      C:\Program Files (x86)\Microsoft Visual Studio 12.0\VC\INCLUDE\crtdefs.h
Note: including file:     C:\Program Files (x86)\Microsoft Visual Studio 12.0\VC\INCLUDE\string.h
Note: including file:      C:\Program Files (x86)\Microsoft Visual Studio 12.0\VC\INCLUDE\crtdefs.h
Note: including file:    C:\Program Files (x86)\Microsoft Visual Studio 12.0\VC\INCLUDE\xstring
Note: including file:     C:\Program Files (x86)\Microsoft Visual Studio 12.0\VC\INCLUDE\xmemory0
Note: including file:      C:\Program Files (x86)\Microsoft Visual Studio 12.0\VC\INCLUDE\cstdlib
Note: including file:      C:\Program Files (x86)\Microsoft Visual Studio 12.0\VC\INCLUDE\limits
Note: including file:       C:\Program Files (x86)\Microsoft Visual Studio 12.0\VC\INCLUDE\ymath.h
Note: including file:       C:\Program Files (x86)\Microsoft Visual Studio 12.0\VC\INCLUDE\cfloat
Note: including file:        C:\Program Files (x86)\Microsoft Visual Studio 12.0\VC\INCLUDE\float.h
Note: including file:         C:\Program Files (x86)\Microsoft Visual Studio 12.0\VC\INCLUDE\crtdefs.h
Note: including file:         C:\Program Files (x86)\Microsoft Visual Studio 12.0\VC\INCLUDE\crtwrn.h
Note: including file:          C:\Program Files (x86)\Microsoft Visual Studio 12.0\VC\INCLUDE\crtdefs.h
Note: including file:       C:\Program Files (x86)\Microsoft Visual Studio 12.0\VC\INCLUDE\climits
Note: including file:       C:\Program Files (x86)\Microsoft Visual Studio 12.0\VC\INCLUDE\cmath
Note: including file:        C:\Program Files (x86)\Microsoft Visual Studio 12.0\VC\INCLUDE\math.h
Note: including file:         C:\Program Files (x86)\Microsoft Visual Studio 12.0\VC\INCLUDE\crtdefs.h
Note: including file:        C:\Program Files (x86)\Microsoft Visual Studio 12.0\VC\INCLUDE\xtgmath.h
Note: including file:       C:\Program Files (x86)\Microsoft Visual Studio 12.0\VC\INCLUDE\cwchar
Note: including file:        C:\Program Files (x86)\Microsoft Visual Studio 12.0\VC\INCLUDE\wchar.h
Note: including file:         C:\Program Files (x86)\Microsoft Visual Studio 12.0\VC\INCLUDE\crtdefs.h
Note: including file:         C:\Program Files (x86)\Microsoft Visual Studio 12.0\VC\INCLUDE\swprintf.inl
Note: including file:         C:\Program Files (x86)\Microsoft Visual Studio 12.0\VC\INCLUDE\wtime.inl
Note: including file:      C:\Program Files (x86)\Microsoft Visual Studio 12.0\VC\INCLUDE\new
Note: including file:      C:\Program Files (x86)\Microsoft Visual Studio 12.0\VC\INCLUDE\xutility
Note: including file:       C:\Program Files (x86)\Microsoft Visual Studio 12.0\VC\INCLUDE\utility
Note: including file:        C:\Program Files (x86)\Microsoft Visual Studio 12.0\VC\INCLUDE\iosfwd
Note: including file:         C:\Program Files (x86)\Microsoft Visual Studio 12.0\VC\INCLUDE\cstdio
Note: including file:          C:\Program Files (x86)\Microsoft Visual Studio 12.0\VC\INCLUDE\stdio.h
Note: including file:           C:\Program Files (x86)\Microsoft Visual Studio 12.0\VC\INCLUDE\crtdefs.h
Note: including file:         C:\Program Files (x86)\Microsoft Visual Studio 12.0\VC\INCLUDE\cstring
Note: including file:         C:\Program Files (x86)\Microsoft Visual Studio 12.0\VC\INCLUDE\crtdbg.h
Note: including file:          C:\Program Files (x86)\Microsoft Visual Studio 12.0\VC\INCLUDE\crtdefs.h
Note: including file:        C:\Program Files (x86)\Microsoft Visual Studio 12.0\VC\INCLUDE\type_traits
Note: including file:         C:\Program Files (x86)\Microsoft Visual Studio 12.0\VC\INCLUDE\xrefwrap
Note: including file:      C:\Program Files (x86)\Microsoft Visual Studio 12.0\VC\INCLUDE\xatomic0.h
Note: including file:      C:\Program Files (x86)\Microsoft Visual Studio 12.0\VC\INCLUDE\intrin.h
Note: including file:       C:\Program Files (x86)\Microsoft Visual Studio 12.0\VC\INCLUDE\crtdefs.h
Note: including file:       C:\Program Files (x86)\Microsoft Visual Studio 12.0\VC\INCLUDE\setjmp.h
Note: including file:        C:\Program Files (x86)\Microsoft Visual Studio 12.0\VC\INCLUDE\crtdefs.h
Note: including file:       C:\Program Files (x86)\Microsoft Visual Studio 12.0\VC\INCLUDE\immintrin.h
Note: including file:        C:\Program Files (x86)\Microsoft Visual Studio 12.0\VC\INCLUDE\wmmintrin.h
Note: including file:         C:\Program Files (x86)\Microsoft Visual Studio 12.0\VC\INCLUDE\nmmintrin.h
Note: including file:          C:\Program Files (x86)\Microsoft Visual Studio 12.0\VC\INCLUDE\smmintrin.h
Note: including file:           C:\Program Files (x86)\Microsoft Visual Studio 12.0\VC\INCLUDE\tmmintrin.h
Note: including file:            C:\Program Files (x86)\Microsoft Visual Studio 12.0\VC\INCLUDE\pmmintrin.h
Note: including file:             C:\Program Files (x86)\Microsoft Visual Studio 12.0\VC\INCLUDE\emmintrin.h
Note: including file:              C:\Program Files (x86)\Microsoft Visual Studio 12.0\VC\INCLUDE\xmmintrin.h
Note: including file:               C:\Program Files (x86)\Microsoft Visual Studio 12.0\VC\INCLUDE\mmintrin.h
Note: including file:                C:\Program Files (x86)\Microsoft Visual Studio 12.0\VC\INCLUDE\crtdefs.h
Note: including file:       C:\Program Files (x86)\Microsoft Visual Studio 12.0\VC\INCLUDE\ammintrin.h
Note: including file:       C:\Program Files (x86)\Microsoft Visual Studio 12.0\VC\INCLUDE\mm3dnow.h
Note: including file:        C:\Program Files (x86)\Microsoft Visual Studio 12.0\VC\INCLUDE\crtdefs.h
Note: including file:   C:\Program Files (x86)\Microsoft Visual Studio 12.0\VC\INCLUDE\vector
Note: including file:    C:\Program Files (x86)\Microsoft Visual Studio 12.0\VC\INCLUDE\xmemory
host_test.cpp
Note: including file: c:\startup-metadata-v3-wrongpath\startup-metadata-v3\metadata.h
Note: including file:  c:\startup-metadata-v3-wrongpath\startup-metadata-v3\../host-candidate/host_dispatch.h
Note: including file:   c:\startup-metadata-v3-wrongpath\host-candidate\../protocol-candidate/miles_wire.h
Note: including file:    C:\Program Files (x86)\Microsoft Visual Studio 12.0\VC\INCLUDE\stdint.h
Note: including file:     C:\Program Files (x86)\Microsoft Visual Studio 12.0\VC\INCLUDE\crtdefs.h
Note: including file:      C:\Program Files (x86)\Microsoft Visual Studio 12.0\VC\INCLUDE\sal.h
Note: including file:       C:\Program Files (x86)\Microsoft Visual Studio 12.0\VC\INCLUDE\ConcurrencySal.h
Note: including file:      C:\Program Files (x86)\Microsoft Visual Studio 12.0\VC\INCLUDE\vadefs.h
Note: including file:    C:\Program Files (x86)\Microsoft Visual Studio 12.0\VC\INCLUDE\stddef.h
Note: including file:     C:\Program Files (x86)\Microsoft Visual Studio 12.0\VC\INCLUDE\crtdefs.h
Note: including file:  c:\startup-metadata-v3-wrongpath\startup-metadata-v3\../transport-candidate/codec.h
Note: including file:   c:\startup-metadata-v3-wrongpath\transport-candidate\resource_registry.h
Note: including file:    C:\Program Files (x86)\Microsoft Visual Studio 12.0\VC\INCLUDE\stdexcept
Note: including file:     C:\Program Files (x86)\Microsoft Visual Studio 12.0\VC\INCLUDE\exception
Note: including file:      C:\Program Files (x86)\Microsoft Visual Studio 12.0\VC\INCLUDE\xstddef
Note: including file:       C:\Program Files (x86)\Microsoft Visual Studio 12.0\VC\INCLUDE\stdlib.h
Note: including file:        C:\Program Files (x86)\Microsoft Visual Studio 12.0\VC\INCLUDE\crtdefs.h
Note: including file:        C:\Program Files (x86)\Microsoft Visual Studio 12.0\VC\INCLUDE\limits.h
Note: including file:         C:\Program Files (x86)\Microsoft Visual Studio 12.0\VC\INCLUDE\crtdefs.h
Note: including file:       C:\Program Files (x86)\Microsoft Visual Studio 12.0\VC\INCLUDE\cstddef
Note: including file:        C:\Program Files (x86)\Microsoft Visual Studio 12.0\VC\INCLUDE\yvals.h
Note: including file:         C:\Program Files (x86)\Microsoft Visual Studio 12.0\VC\INCLUDE\xkeycheck.h
Note: including file:         C:\Program Files (x86)\Microsoft Visual Studio 12.0\VC\INCLUDE\crtdefs.h
Note: including file:         C:\Program Files (x86)\Microsoft Visual Studio 12.0\VC\INCLUDE\use_ansi.h
Note: including file:       C:\Program Files (x86)\Microsoft Visual Studio 12.0\VC\INCLUDE\initializer_list
Note: including file:       C:\Program Files (x86)\Microsoft Visual Studio 12.0\VC\INCLUDE\xtr1common
Note: including file:      C:\Program Files (x86)\Microsoft Visual Studio 12.0\VC\INCLUDE\eh.h
Note: including file:       C:\Program Files (x86)\Microsoft Visual Studio 12.0\VC\INCLUDE\crtdefs.h
Note: including file:      C:\Program Files (x86)\Microsoft Visual Studio 12.0\VC\INCLUDE\malloc.h
Note: including file:       C:\Program Files (x86)\Microsoft Visual Studio 12.0\VC\INCLUDE\crtdefs.h
Note: including file:      C:\Program Files (x86)\Microsoft Visual Studio 12.0\VC\INCLUDE\string.h
Note: including file:       C:\Program Files (x86)\Microsoft Visual Studio 12.0\VC\INCLUDE\crtdefs.h
Note: including file:     C:\Program Files (x86)\Microsoft Visual Studio 12.0\VC\INCLUDE\xstring
Note: including file:      C:\Program Files (x86)\Microsoft Visual Studio 12.0\VC\INCLUDE\xmemory0
Note: including file:       C:\Program Files (x86)\Microsoft Visual Studio 12.0\VC\INCLUDE\cstdlib
Note: including file:       C:\Program Files (x86)\Microsoft Visual Studio 12.0\VC\INCLUDE\limits
Note: including file:        C:\Program Files (x86)\Microsoft Visual Studio 12.0\VC\INCLUDE\ymath.h
Note: including file:        C:\Program Files (x86)\Microsoft Visual Studio 12.0\VC\INCLUDE\cfloat
Note: including file:         C:\Program Files (x86)\Microsoft Visual Studio 12.0\VC\INCLUDE\float.h
Note: including file:          C:\Program Files (x86)\Microsoft Visual Studio 12.0\VC\INCLUDE\crtdefs.h
Note: including file:          C:\Program Files (x86)\Microsoft Visual Studio 12.0\VC\INCLUDE\crtwrn.h
Note: including file:           C:\Program Files (x86)\Microsoft Visual Studio 12.0\VC\INCLUDE\crtdefs.h
Note: including file:        C:\Program Files (x86)\Microsoft Visual Studio 12.0\VC\INCLUDE\climits
Note: including file:        C:\Program Files (x86)\Microsoft Visual Studio 12.0\VC\INCLUDE\cmath
Note: including file:         C:\Program Files (x86)\Microsoft Visual Studio 12.0\VC\INCLUDE\math.h
Note: including file:          C:\Program Files (x86)\Microsoft Visual Studio 12.0\VC\INCLUDE\crtdefs.h
Note: including file:         C:\Program Files (x86)\Microsoft Visual Studio 12.0\VC\INCLUDE\xtgmath.h
Note: including file:        C:\Program Files (x86)\Microsoft Visual Studio 12.0\VC\INCLUDE\cwchar
Note: including file:         C:\Program Files (x86)\Microsoft Visual Studio 12.0\VC\INCLUDE\wchar.h
Note: including file:          C:\Program Files (x86)\Microsoft Visual Studio 12.0\VC\INCLUDE\crtdefs.h
Note: including file:          C:\Program Files (x86)\Microsoft Visual Studio 12.0\VC\INCLUDE\swprintf.inl
Note: including file:          C:\Program Files (x86)\Microsoft Visual Studio 12.0\VC\INCLUDE\wtime.inl
Note: including file:       C:\Program Files (x86)\Microsoft Visual Studio 12.0\VC\INCLUDE\new
Note: including file:       C:\Program Files (x86)\Microsoft Visual Studio 12.0\VC\INCLUDE\xutility
Note: including file:        C:\Program Files (x86)\Microsoft Visual Studio 12.0\VC\INCLUDE\utility
Note: including file:         C:\Program Files (x86)\Microsoft Visual Studio 12.0\VC\INCLUDE\iosfwd
Note: including file:          C:\Program Files (x86)\Microsoft Visual Studio 12.0\VC\INCLUDE\cstdio
Note: including file:           C:\Program Files (x86)\Microsoft Visual Studio 12.0\VC\INCLUDE\stdio.h
Note: including file:            C:\Program Files (x86)\Microsoft Visual Studio 12.0\VC\INCLUDE\crtdefs.h
Note: including file:          C:\Program Files (x86)\Microsoft Visual Studio 12.0\VC\INCLUDE\cstring
Note: including file:          C:\Program Files (x86)\Microsoft Visual Studio 12.0\VC\INCLUDE\crtdbg.h
Note: including file:           C:\Program Files (x86)\Microsoft Visual Studio 12.0\VC\INCLUDE\crtdefs.h
Note: including file:         C:\Program Files (x86)\Microsoft Visual Studio 12.0\VC\INCLUDE\type_traits
Note: including file:          C:\Program Files (x86)\Microsoft Visual Studio 12.0\VC\INCLUDE\xrefwrap
Note: including file:       C:\Program Files (x86)\Microsoft Visual Studio 12.0\VC\INCLUDE\xatomic0.h
Note: including file:       C:\Program Files (x86)\Microsoft Visual Studio 12.0\VC\INCLUDE\intrin.h
Note: including file:        C:\Program Files (x86)\Microsoft Visual Studio 12.0\VC\INCLUDE\crtdefs.h
Note: including file:        C:\Program Files (x86)\Microsoft Visual Studio 12.0\VC\INCLUDE\setjmp.h
Note: including file:         C:\Program Files (x86)\Microsoft Visual Studio 12.0\VC\INCLUDE\crtdefs.h
Note: including file:        C:\Program Files (x86)\Microsoft Visual Studio 12.0\VC\INCLUDE\immintrin.h
Note: including file:         C:\Program Files (x86)\Microsoft Visual Studio 12.0\VC\INCLUDE\wmmintrin.h
Note: including file:          C:\Program Files (x86)\Microsoft Visual Studio 12.0\VC\INCLUDE\nmmintrin.h
Note: including file:           C:\Program Files (x86)\Microsoft Visual Studio 12.0\VC\INCLUDE\smmintrin.h
Note: including file:            C:\Program Files (x86)\Microsoft Visual Studio 12.0\VC\INCLUDE\tmmintrin.h
Note: including file:             C:\Program Files (x86)\Microsoft Visual Studio 12.0\VC\INCLUDE\pmmintrin.h
Note: including file:              C:\Program Files (x86)\Microsoft Visual Studio 12.0\VC\INCLUDE\emmintrin.h
Note: including file:               C:\Program Files (x86)\Microsoft Visual Studio 12.0\VC\INCLUDE\xmmintrin.h
Note: including file:                C:\Program Files (x86)\Microsoft Visual Studio 12.0\VC\INCLUDE\mmintrin.h
Note: including file:                 C:\Program Files (x86)\Microsoft Visual Studio 12.0\VC\INCLUDE\crtdefs.h
Note: including file:        C:\Program Files (x86)\Microsoft Visual Studio 12.0\VC\INCLUDE\ammintrin.h
Note: including file:        C:\Program Files (x86)\Microsoft Visual Studio 12.0\VC\INCLUDE\mm3dnow.h
Note: including file:         C:\Program Files (x86)\Microsoft Visual Studio 12.0\VC\INCLUDE\crtdefs.h
Note: including file:    C:\Program Files (x86)\Microsoft Visual Studio 12.0\VC\INCLUDE\vector
Note: including file:     C:\Program Files (x86)\Microsoft Visual Studio 12.0\VC\INCLUDE\xmemory
Note: including file:  C:\Program Files (x86)\Microsoft Visual Studio 12.0\VC\INCLUDE\list
Note: including file: c:\startup-metadata-v3-wrongpath\startup-metadata-v3\../host-candidate/registry_resolver.h
Note: including file: C:\client-next-build\src\external\3rd\library\miles\include\Mss.h
Note: including file: C:\Program Files (x86)\Windows Kits\8.1\include\um\windows.h
Note: including file:  C:\Program Files (x86)\Windows Kits\8.1\include\shared\winapifamily.h
Note: including file:  C:\Program Files (x86)\Windows Kits\8.1\include\shared\sdkddkver.h
Note: including file:  C:\Program Files (x86)\Microsoft Visual Studio 12.0\VC\INCLUDE\excpt.h
Note: including file:   C:\Program Files (x86)\Microsoft Visual Studio 12.0\VC\INCLUDE\crtdefs.h
Note: including file:  C:\Program Files (x86)\Microsoft Visual Studio 12.0\VC\INCLUDE\stdarg.h
Note: including file:   C:\Program Files (x86)\Microsoft Visual Studio 12.0\VC\INCLUDE\crtdefs.h
Note: including file:  C:\Program Files (x86)\Windows Kits\8.1\include\shared\windef.h
Note: including file:   C:\Program Files (x86)\Windows Kits\8.1\include\shared\minwindef.h
Note: including file:    C:\Program Files (x86)\Windows Kits\8.1\include\shared\specstrings.h
Note: including file:     C:\Program Files (x86)\Windows Kits\8.1\include\shared\specstrings_strict.h
Note: including file:      C:\Program Files (x86)\Windows Kits\8.1\include\shared\specstrings_undef.h
Note: including file:     C:\Program Files (x86)\Windows Kits\8.1\include\shared\driverspecs.h
Note: including file:      c:\program files (x86)\windows kits\8.1\include\shared\sdv_driverspecs.h
Note: including file:    C:\Program Files (x86)\Windows Kits\8.1\include\um\winnt.h
Note: including file:     C:\Program Files (x86)\Microsoft Visual Studio 12.0\VC\INCLUDE\ctype.h
Note: including file:      C:\Program Files (x86)\Microsoft Visual Studio 12.0\VC\INCLUDE\crtdefs.h
Note: including file:     C:\Program Files (x86)\Windows Kits\8.1\include\shared\kernelspecs.h
Note: including file:     C:\Program Files (x86)\Windows Kits\8.1\include\shared\basetsd.h
Note: including file:     C:\Program Files (x86)\Windows Kits\8.1\include\shared\guiddef.h
Note: including file:     c:\program files (x86)\windows kits\8.1\include\shared\pshpack4.h
Note: including file:     c:\program files (x86)\windows kits\8.1\include\shared\poppack.h
Note: including file:     c:\program files (x86)\windows kits\8.1\include\shared\pshpack4.h
Note: including file:     c:\program files (x86)\windows kits\8.1\include\shared\poppack.h
Note: including file:     C:\Program Files (x86)\Windows Kits\8.1\include\shared\pshpack4.h
Note: including file:     C:\Program Files (x86)\Windows Kits\8.1\include\shared\poppack.h
Note: including file:     c:\program files (x86)\windows kits\8.1\include\shared\pshpack4.h
Note: including file:     c:\program files (x86)\windows kits\8.1\include\shared\pshpack2.h
Note: including file:     c:\program files (x86)\windows kits\8.1\include\shared\poppack.h
Note: including file:     c:\program files (x86)\windows kits\8.1\include\shared\pshpack2.h
Note: including file:     C:\Program Files (x86)\Windows Kits\8.1\include\shared\pshpack2.h
Note: including file:     C:\Program Files (x86)\Windows Kits\8.1\include\shared\poppack.h
Note: including file:     c:\program files (x86)\windows kits\8.1\include\shared\poppack.h
Note: including file:     c:\program files (x86)\windows kits\8.1\include\shared\pshpack8.h
Note: including file:     c:\program files (x86)\windows kits\8.1\include\shared\poppack.h
Note: including file:     c:\program files (x86)\windows kits\8.1\include\shared\poppack.h
Note: including file:     C:\Program Files (x86)\Windows Kits\8.1\include\shared\apiset.h
Note: including file:     C:\Program Files (x86)\Windows Kits\8.1\include\shared\ktmtypes.h
Note: including file:  C:\Program Files (x86)\Windows Kits\8.1\include\um\winbase.h
Note: including file:   C:\Program Files (x86)\Windows Kits\8.1\include\shared\apisetcconv.h
Note: including file:   C:\Program Files (x86)\Windows Kits\8.1\include\um\minwinbase.h
Note: including file:   C:\Program Files (x86)\Windows Kits\8.1\include\um\processenv.h
Note: including file:   C:\Program Files (x86)\Windows Kits\8.1\include\um\fileapi.h
Note: including file:   C:\Program Files (x86)\Windows Kits\8.1\include\um\debugapi.h
Note: including file:   C:\Program Files (x86)\Windows Kits\8.1\include\um\utilapiset.h
Note: including file:   C:\Program Files (x86)\Windows Kits\8.1\include\um\handleapi.h
Note: including file:   C:\Program Files (x86)\Windows Kits\8.1\include\um\errhandlingapi.h
Note: including file:   C:\Program Files (x86)\Windows Kits\8.1\include\um\fibersapi.h
Note: including file:   C:\Program Files (x86)\Windows Kits\8.1\include\um\namedpipeapi.h
Note: including file:   C:\Program Files (x86)\Windows Kits\8.1\include\um\profileapi.h
Note: including file:   C:\Program Files (x86)\Windows Kits\8.1\include\um\heapapi.h
Note: including file:   C:\Program Files (x86)\Windows Kits\8.1\include\um\ioapiset.h
Note: including file:   C:\Program Files (x86)\Windows Kits\8.1\include\um\synchapi.h
Note: including file:   C:\Program Files (x86)\Windows Kits\8.1\include\um\interlockedapi.h
Note: including file:   C:\Program Files (x86)\Windows Kits\8.1\include\um\processthreadsapi.h
Note: including file:   C:\Program Files (x86)\Windows Kits\8.1\include\um\sysinfoapi.h
Note: including file:   C:\Program Files (x86)\Windows Kits\8.1\include\um\memoryapi.h
Note: including file:   C:\Program Files (x86)\Windows Kits\8.1\include\um\threadpoollegacyapiset.h
Note: including file:   C:\Program Files (x86)\Windows Kits\8.1\include\um\threadpoolapiset.h
Note: including file:   C:\Program Files (x86)\Windows Kits\8.1\include\um\bemapiset.h
Note: including file:   C:\Program Files (x86)\Windows Kits\8.1\include\um\jobapi.h
Note: including file:   C:\Program Files (x86)\Windows Kits\8.1\include\um\wow64apiset.h
Note: including file:   C:\Program Files (x86)\Windows Kits\8.1\include\um\libloaderapi.h
Note: including file:   C:\Program Files (x86)\Windows Kits\8.1\include\um\securitybaseapi.h
Note: including file:   C:\Program Files (x86)\Windows Kits\8.1\include\um\namespaceapi.h
Note: including file:   C:\Program Files (x86)\Windows Kits\8.1\include\um\systemtopologyapi.h
Note: including file:   C:\Program Files (x86)\Windows Kits\8.1\include\um\processtopologyapi.h
Note: including file:   C:\Program Files (x86)\Windows Kits\8.1\include\um\securityappcontainer.h
Note: including file:   C:\Program Files (x86)\Windows Kits\8.1\include\um\realtimeapiset.h
Note: including file:   C:\Program Files (x86)\Windows Kits\8.1\include\shared\winerror.h
Note: including file:   C:\Program Files (x86)\Windows Kits\8.1\include\um\timezoneapi.h
Note: including file:  C:\Program Files (x86)\Windows Kits\8.1\include\um\wingdi.h
Note: including file:   C:\Program Files (x86)\Windows Kits\8.1\include\shared\pshpack1.h
Note: including file:   C:\Program Files (x86)\Windows Kits\8.1\include\shared\poppack.h
Note: including file:   C:\Program Files (x86)\Windows Kits\8.1\include\shared\pshpack2.h
Note: including file:   C:\Program Files (x86)\Windows Kits\8.1\include\shared\poppack.h
Note: including file:   C:\Program Files (x86)\Windows Kits\8.1\include\shared\pshpack2.h
Note: including file:   C:\Program Files (x86)\Windows Kits\8.1\include\shared\poppack.h
Note: including file:   C:\Program Files (x86)\Windows Kits\8.1\include\shared\pshpack4.h
Note: including file:   C:\Program Files (x86)\Windows Kits\8.1\include\shared\poppack.h
Note: including file:   C:\Program Files (x86)\Windows Kits\8.1\include\shared\pshpack4.h
Note: including file:   C:\Program Files (x86)\Windows Kits\8.1\include\shared\poppack.h
Note: including file:  C:\Program Files (x86)\Windows Kits\8.1\include\um\winuser.h
Note: including file:   C:\Program Files (x86)\Windows Kits\8.1\include\shared\pshpack2.h
Note: including file:   C:\Program Files (x86)\Windows Kits\8.1\include\shared\poppack.h
Note: including file:   C:\Program Files (x86)\Windows Kits\8.1\include\shared\tvout.h
Note: including file:  C:\Program Files (x86)\Windows Kits\8.1\include\um\winnls.h
Note: including file:   C:\Program Files (x86)\Windows Kits\8.1\include\um\datetimeapi.h
Note: including file:   C:\Program Files (x86)\Windows Kits\8.1\include\um\stringapiset.h
Note: including file:    C:\Program Files (x86)\Windows Kits\8.1\include\um\winnls.h
Note: including file:  C:\Program Files (x86)\Windows Kits\8.1\include\um\wincon.h
Note: including file:   C:\Program Files (x86)\Windows Kits\8.1\include\um\consoleapi.h
Note: including file:  C:\Program Files (x86)\Windows Kits\8.1\include\um\winver.h
Note: including file:   C:\Program Files (x86)\Windows Kits\8.1\include\um\verrsrc.h
Note: including file:  C:\Program Files (x86)\Windows Kits\8.1\include\um\winreg.h
Note: including file:   C:\Program Files (x86)\Windows Kits\8.1\include\um\reason.h
Note: including file:  C:\Program Files (x86)\Windows Kits\8.1\include\um\winnetwk.h
Note: including file:   C:\Program Files (x86)\Windows Kits\8.1\include\shared\wnnc.h
Note: including file:  C:\Program Files (x86)\Windows Kits\8.1\include\shared\stralign.h
Note: including file:  C:\Program Files (x86)\Windows Kits\8.1\include\um\winsvc.h
Note: including file:  C:\Program Files (x86)\Windows Kits\8.1\include\um\mcx.h
Note: including file:  C:\Program Files (x86)\Windows Kits\8.1\include\um\imm.h
Note: including file:   C:\Program Files (x86)\Windows Kits\8.1\include\um\ime_cmodes.h
metadata_host.cpp
Note: including file: c:\startup-metadata-v3-wrongpath\startup-metadata-v3\metadata.h
Note: including file:  c:\startup-metadata-v3-wrongpath\startup-metadata-v3\../host-candidate/host_dispatch.h
Note: including file:   c:\startup-metadata-v3-wrongpath\host-candidate\../protocol-candidate/miles_wire.h
Note: including file:    C:\Program Files (x86)\Microsoft Visual Studio 12.0\VC\INCLUDE\stdint.h
Note: including file:     C:\Program Files (x86)\Microsoft Visual Studio 12.0\VC\INCLUDE\crtdefs.h
Note: including file:      C:\Program Files (x86)\Microsoft Visual Studio 12.0\VC\INCLUDE\sal.h
Note: including file:       C:\Program Files (x86)\Microsoft Visual Studio 12.0\VC\INCLUDE\ConcurrencySal.h
Note: including file:      C:\Program Files (x86)\Microsoft Visual Studio 12.0\VC\INCLUDE\vadefs.h
Note: including file:    C:\Program Files (x86)\Microsoft Visual Studio 12.0\VC\INCLUDE\stddef.h
Note: including file:     C:\Program Files (x86)\Microsoft Visual Studio 12.0\VC\INCLUDE\crtdefs.h
Note: including file:  c:\startup-metadata-v3-wrongpath\startup-metadata-v3\../transport-candidate/codec.h
Note: including file:   c:\startup-metadata-v3-wrongpath\transport-candidate\resource_registry.h
Note: including file:    C:\Program Files (x86)\Microsoft Visual Studio 12.0\VC\INCLUDE\stdexcept
Note: including file:     C:\Program Files (x86)\Microsoft Visual Studio 12.0\VC\INCLUDE\exception
Note: including file:      C:\Program Files (x86)\Microsoft Visual Studio 12.0\VC\INCLUDE\xstddef
Note: including file:       C:\Program Files (x86)\Microsoft Visual Studio 12.0\VC\INCLUDE\stdlib.h
Note: including file:        C:\Program Files (x86)\Microsoft Visual Studio 12.0\VC\INCLUDE\crtdefs.h
Note: including file:        C:\Program Files (x86)\Microsoft Visual Studio 12.0\VC\INCLUDE\limits.h
Note: including file:         C:\Program Files (x86)\Microsoft Visual Studio 12.0\VC\INCLUDE\crtdefs.h
Note: including file:       C:\Program Files (x86)\Microsoft Visual Studio 12.0\VC\INCLUDE\cstddef
Note: including file:        C:\Program Files (x86)\Microsoft Visual Studio 12.0\VC\INCLUDE\yvals.h
Note: including file:         C:\Program Files (x86)\Microsoft Visual Studio 12.0\VC\INCLUDE\xkeycheck.h
Note: including file:         C:\Program Files (x86)\Microsoft Visual Studio 12.0\VC\INCLUDE\crtdefs.h
Note: including file:         C:\Program Files (x86)\Microsoft Visual Studio 12.0\VC\INCLUDE\use_ansi.h
Note: including file:       C:\Program Files (x86)\Microsoft Visual Studio 12.0\VC\INCLUDE\initializer_list
Note: including file:       C:\Program Files (x86)\Microsoft Visual Studio 12.0\VC\INCLUDE\xtr1common
Note: including file:      C:\Program Files (x86)\Microsoft Visual Studio 12.0\VC\INCLUDE\eh.h
Note: including file:       C:\Program Files (x86)\Microsoft Visual Studio 12.0\VC\INCLUDE\crtdefs.h
Note: including file:      C:\Program Files (x86)\Microsoft Visual Studio 12.0\VC\INCLUDE\malloc.h
Note: including file:       C:\Program Files (x86)\Microsoft Visual Studio 12.0\VC\INCLUDE\crtdefs.h
Note: including file:      C:\Program Files (x86)\Microsoft Visual Studio 12.0\VC\INCLUDE\string.h
Note: including file:       C:\Program Files (x86)\Microsoft Visual Studio 12.0\VC\INCLUDE\crtdefs.h
Note: including file:     C:\Program Files (x86)\Microsoft Visual Studio 12.0\VC\INCLUDE\xstring
Note: including file:      C:\Program Files (x86)\Microsoft Visual Studio 12.0\VC\INCLUDE\xmemory0
Note: including file:       C:\Program Files (x86)\Microsoft Visual Studio 12.0\VC\INCLUDE\cstdlib
Note: including file:       C:\Program Files (x86)\Microsoft Visual Studio 12.0\VC\INCLUDE\limits
Note: including file:        C:\Program Files (x86)\Microsoft Visual Studio 12.0\VC\INCLUDE\ymath.h
Note: including file:        C:\Program Files (x86)\Microsoft Visual Studio 12.0\VC\INCLUDE\cfloat
Note: including file:         C:\Program Files (x86)\Microsoft Visual Studio 12.0\VC\INCLUDE\float.h
Note: including file:          C:\Program Files (x86)\Microsoft Visual Studio 12.0\VC\INCLUDE\crtdefs.h
Note: including file:          C:\Program Files (x86)\Microsoft Visual Studio 12.0\VC\INCLUDE\crtwrn.h
Note: including file:           C:\Program Files (x86)\Microsoft Visual Studio 12.0\VC\INCLUDE\crtdefs.h
Note: including file:        C:\Program Files (x86)\Microsoft Visual Studio 12.0\VC\INCLUDE\climits
Note: including file:        C:\Program Files (x86)\Microsoft Visual Studio 12.0\VC\INCLUDE\cmath
Note: including file:         C:\Program Files (x86)\Microsoft Visual Studio 12.0\VC\INCLUDE\math.h
Note: including file:          C:\Program Files (x86)\Microsoft Visual Studio 12.0\VC\INCLUDE\crtdefs.h
Note: including file:         C:\Program Files (x86)\Microsoft Visual Studio 12.0\VC\INCLUDE\xtgmath.h
Note: including file:        C:\Program Files (x86)\Microsoft Visual Studio 12.0\VC\INCLUDE\cwchar
Note: including file:         C:\Program Files (x86)\Microsoft Visual Studio 12.0\VC\INCLUDE\wchar.h
Note: including file:          C:\Program Files (x86)\Microsoft Visual Studio 12.0\VC\INCLUDE\crtdefs.h
Note: including file:          C:\Program Files (x86)\Microsoft Visual Studio 12.0\VC\INCLUDE\swprintf.inl
Note: including file:          C:\Program Files (x86)\Microsoft Visual Studio 12.0\VC\INCLUDE\wtime.inl
Note: including file:       C:\Program Files (x86)\Microsoft Visual Studio 12.0\VC\INCLUDE\new
Note: including file:       C:\Program Files (x86)\Microsoft Visual Studio 12.0\VC\INCLUDE\xutility
Note: including file:        C:\Program Files (x86)\Microsoft Visual Studio 12.0\VC\INCLUDE\utility
Note: including file:         C:\Program Files (x86)\Microsoft Visual Studio 12.0\VC\INCLUDE\iosfwd
Note: including file:          C:\Program Files (x86)\Microsoft Visual Studio 12.0\VC\INCLUDE\cstdio
Note: including file:           C:\Program Files (x86)\Microsoft Visual Studio 12.0\VC\INCLUDE\stdio.h
Note: including file:            C:\Program Files (x86)\Microsoft Visual Studio 12.0\VC\INCLUDE\crtdefs.h
Note: including file:          C:\Program Files (x86)\Microsoft Visual Studio 12.0\VC\INCLUDE\cstring
Note: including file:          C:\Program Files (x86)\Microsoft Visual Studio 12.0\VC\INCLUDE\crtdbg.h
Note: including file:           C:\Program Files (x86)\Microsoft Visual Studio 12.0\VC\INCLUDE\crtdefs.h
Note: including file:         C:\Program Files (x86)\Microsoft Visual Studio 12.0\VC\INCLUDE\type_traits
Note: including file:          C:\Program Files (x86)\Microsoft Visual Studio 12.0\VC\INCLUDE\xrefwrap
Note: including file:       C:\Program Files (x86)\Microsoft Visual Studio 12.0\VC\INCLUDE\xatomic0.h
Note: including file:       C:\Program Files (x86)\Microsoft Visual Studio 12.0\VC\INCLUDE\intrin.h
Note: including file:        C:\Program Files (x86)\Microsoft Visual Studio 12.0\VC\INCLUDE\crtdefs.h
Note: including file:        C:\Program Files (x86)\Microsoft Visual Studio 12.0\VC\INCLUDE\setjmp.h
Note: including file:         C:\Program Files (x86)\Microsoft Visual Studio 12.0\VC\INCLUDE\crtdefs.h
Note: including file:        C:\Program Files (x86)\Microsoft Visual Studio 12.0\VC\INCLUDE\immintrin.h
Note: including file:         C:\Program Files (x86)\Microsoft Visual Studio 12.0\VC\INCLUDE\wmmintrin.h
Note: including file:          C:\Program Files (x86)\Microsoft Visual Studio 12.0\VC\INCLUDE\nmmintrin.h
Note: including file:           C:\Program Files (x86)\Microsoft Visual Studio 12.0\VC\INCLUDE\smmintrin.h
Note: including file:            C:\Program Files (x86)\Microsoft Visual Studio 12.0\VC\INCLUDE\tmmintrin.h
Note: including file:             C:\Program Files (x86)\Microsoft Visual Studio 12.0\VC\INCLUDE\pmmintrin.h
Note: including file:              C:\Program Files (x86)\Microsoft Visual Studio 12.0\VC\INCLUDE\emmintrin.h
Note: including file:               C:\Program Files (x86)\Microsoft Visual Studio 12.0\VC\INCLUDE\xmmintrin.h
Note: including file:                C:\Program Files (x86)\Microsoft Visual Studio 12.0\VC\INCLUDE\mmintrin.h
Note: including file:                 C:\Program Files (x86)\Microsoft Visual Studio 12.0\VC\INCLUDE\crtdefs.h
Note: including file:        C:\Program Files (x86)\Microsoft Visual Studio 12.0\VC\INCLUDE\ammintrin.h
Note: including file:        C:\Program Files (x86)\Microsoft Visual Studio 12.0\VC\INCLUDE\mm3dnow.h
Note: including file:         C:\Program Files (x86)\Microsoft Visual Studio 12.0\VC\INCLUDE\crtdefs.h
Note: including file:    C:\Program Files (x86)\Microsoft Visual Studio 12.0\VC\INCLUDE\vector
Note: including file:     C:\Program Files (x86)\Microsoft Visual Studio 12.0\VC\INCLUDE\xmemory
Note: including file:  C:\Program Files (x86)\Microsoft Visual Studio 12.0\VC\INCLUDE\list
Note: including file: C:\client-next-build\src\external\3rd\library\miles\include\Mss.h
Generating Code...

Searching libraries
    Searching C:\client-next-build\src\external\3rd\library\miles\lib\win\Mss32.lib:
    Searching C:\Program Files (x86)\Microsoft Visual Studio 12.0\VC\LIB\libcpmt.lib:
    Searching C:\Program Files (x86)\Microsoft Visual Studio 12.0\VC\LIB\LIBCMT.lib:
    Searching C:\Program Files (x86)\Microsoft Visual Studio 12.0\VC\LIB\OLDNAMES.lib:
    Searching C:\Program Files (x86)\Windows Kits\8.1\lib\winv6.3\um\x86\kernel32.lib:
    Searching C:\Program Files (x86)\Windows Kits\8.1\lib\winv6.3\um\x86\uuid.lib:
    Searching C:\client-next-build\src\external\3rd\library\miles\lib\win\Mss32.lib:
    Searching C:\Program Files (x86)\Microsoft Visual Studio 12.0\VC\LIB\libcpmt.lib:
    Searching C:\Program Files (x86)\Microsoft Visual Studio 12.0\VC\LIB\LIBCMT.lib:
    Searching C:\Program Files (x86)\Microsoft Visual Studio 12.0\VC\LIB\OLDNAMES.lib:

Finished searching libraries

Searching libraries
    Searching C:\client-next-build\src\external\3rd\library\miles\lib\win\Mss32.lib:
    Searching C:\Program Files (x86)\Microsoft Visual Studio 12.0\VC\LIB\libcpmt.lib:
    Searching C:\Program Files (x86)\Microsoft Visual Studio 12.0\VC\LIB\LIBCMT.lib:
    Searching C:\Program Files (x86)\Microsoft Visual Studio 12.0\VC\LIB\OLDNAMES.lib:
    Searching C:\Program Files (x86)\Windows Kits\8.1\lib\winv6.3\um\x86\kernel32.lib:
    Searching C:\Program Files (x86)\Windows Kits\8.1\lib\winv6.3\um\x86\uuid.lib:
    Searching C:\client-next-build\src\external\3rd\library\miles\lib\win\Mss32.lib:
    Searching C:\Program Files (x86)\Microsoft Visual Studio 12.0\VC\LIB\libcpmt.lib:

Finished searching libraries
