Microsoft (R) COFF/PE Dumper Version 12.00.40629.0
Copyright (C) Microsoft Corporation.  All rights reserved.


Dump of file C:\native74-closure\results\amd64-plain-boundary52-failure_boundary\amd64-plain-boundary52-failure_boundary.obj

File Type: COFF OBJECT

COFF SYMBOL TABLE
000 00E19EB5 ABS    notype       Static       | @comp.id
001 80000190 ABS    notype       Static       | @feat.00
002 00000000 SECT1  notype       Static       | .drectve
    Section length   C2, #relocs    0, #linenums    0, checksum        0
004 00000000 SECT2  notype       Static       | .debug$S
    Section length   C0, #relocs    0, #linenums    0, checksum        0
006 00000000 SECT3  notype       Static       | .bss
    Section length    8, #relocs    0, #linenums    0, checksum        0
008 00000000 SECT3  notype       External     | ?reporter@?A0x06da84a5@ClientMilesPrivate52@@3P6AXIPEBD@ZEA (void (__cdecl* ClientMilesPrivate52::`anonymous namespace'::reporter)(unsigned int,char const *))
009 00000000 SECT4  notype       Static       | .rdata
    Section length   A0, #relocs    3, #linenums    0, checksum 3DDA968B
00B 00000000 SECT4  notype       Static       | $SG3785
00C 00000040 SECT4  notype       Static       | $SG3789
00D 00000000 SECT5  notype       Static       | .text$mn
    Section length   BE, #relocs    A, #linenums    0, checksum 8749DB6B
00F 00000000 SECT6  notype       Static       | .text$x
    Section length   1B, #relocs    1, #linenums    0, checksum E159E7C1
011 00000000 SECT5  notype ()    External     | ?bindFatalReporter@ClientMilesPrivate52@@YAXP6AXIPEBD@Z@Z (void __cdecl ClientMilesPrivate52::bindFatalReporter(void (__cdecl*)(unsigned int,char const *)))
012 00000050 SECT5  notype ()    External     | ?requireFatalReporter@ClientMilesPrivate52@@YAXXZ (void __cdecl ClientMilesPrivate52::requireFatalReporter(void))
013 00000080 SECT5  notype ()    External     | ?fail@ClientMilesPrivate52@@YAXW4Fault@1@PEBD@Z (void __cdecl ClientMilesPrivate52::fail(enum ClientMilesPrivate52::Fault,char const *))
014 00000000 UNDEF  notype ()    External     | abort
015 00000000 SECT6  notype ()    Static       | ?catch$0@?0??fail@ClientMilesPrivate52@@YAXW4Fault@1@PEBD@Z@4HA (int `void __cdecl ClientMilesPrivate52::fail(enum fail::Fault,char const *)'::`1'::catch$0)
016 00000000 UNDEF  notype ()    External     | __CxxFrameHandler3
017 00000000 SECT5  notype       Label        | $LN5
018 00000050 SECT5  notype       Label        | $LN4
019 000000B2 SECT5  notype       Label        | $LN8
01A 000000BE SECT5  notype       Label        | $LN9
01B 0000000D SECT6  notype ()    Static       | __catch$?fail@ClientMilesPrivate52@@YAXW4Fault@1@PEBD@Z$0
01C 00000080 SECT5  notype       Label        | $LN11
01D 00000000 SECT7  notype       Static       | .xdata
    Section length   88, #relocs    A, #linenums    0, checksum B1071A56
01F 00000000 SECT7  notype       Static       | $unwind$?bindFatalReporter@ClientMilesPrivate52@@YAXP6AXIPEBD@Z@Z
020 00000000 SECT8  notype       Static       | .pdata
    Section length   24, #relocs    9, #linenums    0, checksum 80F962F2
022 00000000 SECT8  notype       Static       | $pdata$?bindFatalReporter@ClientMilesPrivate52@@YAXP6AXIPEBD@Z@Z
023 00000008 SECT7  notype       Static       | $unwind$?requireFatalReporter@ClientMilesPrivate52@@YAXXZ
024 0000000C SECT8  notype       Static       | $pdata$?requireFatalReporter@ClientMilesPrivate52@@YAXXZ
025 00000010 SECT7  notype       Static       | $unwind$?fail@ClientMilesPrivate52@@YAXW4Fault@1@PEBD@Z
026 00000018 SECT8  notype       Static       | $pdata$?fail@ClientMilesPrivate52@@YAXW4Fault@1@PEBD@Z
027 00000078 SECT4  notype       Static       | $cppxdata$?fail@ClientMilesPrivate52@@YAXW4Fault@1@PEBD@Z
028 00000020 SECT7  notype       Static       | $stateUnwindMap$?fail@ClientMilesPrivate52@@YAXW4Fault@1@PEBD@Z
029 00000030 SECT7  notype       Static       | $tryMap$?fail@ClientMilesPrivate52@@YAXW4Fault@1@PEBD@Z
02A 00000044 SECT7  notype       Static       | $handlerMap$0$?fail@ClientMilesPrivate52@@YAXW4Fault@1@PEBD@Z
02B 00000058 SECT7  notype       Static       | $ip2state$?fail@ClientMilesPrivate52@@YAXW4Fault@1@PEBD@Z
02C 00000078 SECT7  notype       Static       | $unwind$?catch$0@?0??fail@ClientMilesPrivate52@@YAXW4Fault@1@PEBD@Z@4HA
02D 00000000 SECT9  notype       Static       | .pdata
    Section length    C, #relocs    3, #linenums    0, checksum 21D12D7D
02F 00000000 SECT9  notype       Static       | $pdata$?catch$0@?0??fail@ClientMilesPrivate52@@YAXW4Fault@1@PEBD@Z@4HA

String Table Size = 0x487 bytes

  Summary

           8 .bss
          C0 .debug$S
          C2 .drectve
          30 .pdata
          A0 .rdata
          BE .text$mn
          1B .text$x
          88 .xdata
