SYNTAX EXIT: 0
PASS: time fields are 4 bytes on the wire
SYNTAX EXIT: 0
SYNTAX EXIT: 0
SYNTAX EXIT: 0
SYNTAX EXIT: 0
MESA-EGL: warning: pci id for fd 38: 10de:2704, driver (null)
pci id for fd 39: 10de:2704, driver (null)
pci id for fd 40: 10de:2704, driver (null)
MESA-EGL: warning: egl: failed to create dri2 screen
MESA-EGL: warning: pci id for fd 38: 10de:2704, driver (null)
pci id for fd 39: 10de:2704, driver (null)
pci id for fd 40: 10de:2704, driver (null)
MESA-EGL: warning: egl: failed to create dri2 screen
MESA-EGL: warning: pci id for fd 38: 10de:2704, driver (null)
PASS: active and completed high-key quests match legacy32 literal bytes including ages
PASS: legacy32 quests decode active tasks, completed reward and high-bit keys
PASS: packed map high-bit keys and values match legacy32 literal bytes
PASS: packed map legacy32 literal decodes to exact unsigned decimal values
PASS: legacy32 counter wrap decodes two inserts into [65,66]
PASS: counter wrap resulting baseline matches legacy32 bytes
PASS: map behind across 2^31 applies the pending ADD
PASS: map catches up to baseline 0x80000005 in legacy32 bytes
PASS: map wrap through zero skips the one already-applied command
PASS: map wrap resulting baseline 0 matches legacy32 bytes
PASS: map repeated deltas apply once; a replayed delta is skipped
PASS: set behind across 2^31 applies the INSERT and catches up
PASS: set wrap through zero skips the already-applied INSERT
PASS: queue unsigned skip clamps and consumes an ahead delta
PASS: queue skipped delta preserves legacy baseline zero
PASS: queue wrap preserves both PUSHes and baseline one
PASS: queue duplicate delta is consumed without reapplying PUSHes
PASS: packed map <int, NetworkId> matches legacy32 bytes
PASS: packed map <int, NetworkId> decodes to the same text
PASS: packed map <NetworkId, int> matches legacy32 bytes
PASS: packed map <NetworkId, int> decodes to the same text
PASS: packed map <int, Unicode::String> matches legacy32 bytes
PASS: packed map <int, Unicode::String> decodes to the same UTF-8 text
PASS: ChatLogEntry timestamp encodes as 4 legacy32 bytes
PASS: ChatLogEntry timestamp decodes as signed with no trailing bytes
PASS: ImageDesignChangeMessage startingTime -2147483648 round-trips as signed legacy32
PASS: BuffBuilderChangeMessage startingTime -2147483648 round-trips as signed legacy32
PASS: ChatLogEntry time -2147483648 round-trips as signed legacy32
PASS: ImageDesignChangeMessage startingTime -1 round-trips as signed legacy32
PASS: BuffBuilderChangeMessage startingTime -1 round-trips as signed legacy32
PASS: ChatLogEntry time -1 round-trips as signed legacy32
PASS: ImageDesignChangeMessage startingTime 0 round-trips as signed legacy32
PASS: BuffBuilderChangeMessage startingTime 0 round-trips as signed legacy32
PASS: ChatLogEntry time 0 round-trips as signed legacy32
PASS: ImageDesignChangeMessage startingTime 2147483647 round-trips as signed legacy32
PASS: BuffBuilderChangeMessage startingTime 2147483647 round-trips as signed legacy32
PASS: ChatLogEntry time 2147483647 round-trips as signed legacy32
PASS: ImageDesignChangeMessage rejects -2147483649 and keeps the previous time
PASS: BuffBuilderChangeMessage rejects -2147483649 and keeps the previous time
PASS: ChatLogEntry rejects -2147483649 with std::out_of_range
PASS: ImageDesignChangeMessage rejects 2147483648 and keeps the previous time
PASS: BuffBuilderChangeMessage rejects 2147483648 and keeps the previous time
PASS: ChatLogEntry rejects 2147483648 with std::out_of_range
PASS: unsigned count UINT32_MAX is representable
PASS: signed count INT32_MAX is representable
PASS: signed count INT32_MAX + 1 is rejected with std::out_of_range
PASS: unsigned count UINT32_MAX + 1 is rejected with std::out_of_range
PASS: string 65534 uses legacy short header
PASS: string 65535 uses legacy long header
PASS: ImageDesignChangeMessage morph/index counts encode as legacy signed 32-bit
PASS: ImageDesignChangeMessage counts decode with no trailing bytes
PASS: BuffBuilderChangeMessage component count encodes as legacy signed 32-bit
PASS: BuffBuilderChangeMessage count decodes with no trailing bytes
PASS: empty mission response has six-byte legacy32 header
PASS: two mission entries match legacy32 count and element bytes
PASS: legacy32 mission response decodes both entries with no trailing bytes
OK: 57/57 checks passed
