Microsoft (R) COFF/PE Dumper Version 12.00.40629.0
Copyright (C) Microsoft Corporation.  All rights reserved.


Dump of file C:\native74-closure\results\x86-host-callback-context41-call_context\x86-host-callback-context41-call_context.obj

File Type: COFF OBJECT

COFF SYMBOL TABLE
000 00E19EB5 ABS    notype       Static       | @comp.id
001 80000191 ABS    notype       Static       | @feat.00
002 00000000 SECT1  notype       Static       | .drectve
    Section length   30, #relocs    0, #linenums    0, checksum        0
004 00000000 SECT2  notype       Static       | .debug$S
    Section length   C4, #relocs    0, #linenums    0, checksum        0
006 00000000 SECT3  notype       Static       | .tls$
    Section length    4, #relocs    0, #linenums    0, checksum        0
008 00000000 SECT3  notype       External     | ?current@?A0x7db18043@MilesHostContext@@3PBVScope@2@B (class MilesHostContext::Scope const * const MilesHostContext::`anonymous namespace'::current)
009 00000000 SECT4  notype       Static       | .text$mn
    Section length  1F1, #relocs   18, #linenums    0, checksum  E3FA2BA
00B 00000000 SECT4  notype ()    External     | ??0Scope@MilesHostContext@@QAE@ABUOrigin@1@@Z (public: __thiscall MilesHostContext::Scope::Scope(struct MilesHostContext::Origin const &))
00C 00000110 SECT4  notype ()    External     | ??1Scope@MilesHostContext@@QAE@XZ (public: __thiscall MilesHostContext::Scope::~Scope(void))
00D 00000160 SECT4  notype ()    External     | ?snapshot@MilesHostContext@@YA?AW4SnapshotResult@1@_KAAUOrigin@1@@Z (enum MilesHostContext::SnapshotResult __cdecl MilesHostContext::snapshot(unsigned __int64,struct MilesHostContext::Origin &))
00E 00000000 UNDEF  notype       External     | __tls_array
00F 00000000 UNDEF  notype       External     | __tls_index

String Table Size = 0xE6 bytes

  Summary

          C4 .debug$S
          30 .drectve
         1F1 .text$mn
           4 .tls$
