event=entry tick=188585198 thread=448 cw=027f mxcsr=00001f80
ALSA lib control.c:1575:(snd_ctl_open_noupdate) [error.control] Invalid CTL hw:0
ALSA lib control.c:1575:(snd_ctl_open_noupdate) [error.control] Invalid CTL hw:1
ALSA lib control.c:1575:(snd_ctl_open_noupdate) [error.control] Invalid CTL hw:0
ALSA lib control.c:1575:(snd_ctl_open_noupdate) [error.control] Invalid CTL hw:1
runtime-resource-version=7.2a wave-devices=1
startup=1 error=
event=startup tick=188585336 thread=448 cw=027f mxcsr=00001f80
event=decode-start tick=188585337 thread=448 cw=027f mxcsr=00001f80
decode-okay=1 bytes=428588 error=
event=decode-end tick=188585337 thread=448 cw=027f mxcsr=00001fa0
module=C:\vendor-miles-probe\probe.exe
module=C:\windows\system32\ntdll.dll
module=C:\windows\system32\kernel32.dll
module=C:\windows\system32\kernelbase.dll
module=C:\windows\system32\WINMM.dll
module=C:\windows\system32\advapi32.dll
module=C:\windows\system32\msvcrt.dll
module=C:\windows\system32\sechost.dll
module=C:\windows\system32\ucrtbase.dll
module=C:\windows\system32\msacm32.dll
module=C:\windows\system32\user32.dll
module=C:\windows\system32\gdi32.dll
module=C:\windows\system32\win32u.dll
module=C:\windows\system32\ole32.dll
module=C:\windows\system32\combase.dll
module=C:\windows\system32\rpcrt4.dll
module=C:\windows\system32\cryptbase.dll
module=C:\windows\system32\coml2.dll
module=C:\windows\system32\imm32.dll
module=C:\vendor-miles-probe\Mss32.dll
module=c:\windows\system32\winex11.drv
module=C:\windows\system32\uxtheme.dll
module=C:\windows\system32\mmdevapi.dll
module=C:\windows\system32\oleaut32.dll
module=C:\windows\system32\version.dll
module=C:\vendor-miles-probe\miles\mssmp3.asi
module=C:\vendor-miles-probe\miles\mssogg.asi
module=C:\vendor-miles-probe\miles\mssvoice.asi
driver=0082CFE0 error=
module=C:\vendor-miles-probe\probe.exe
module=C:\windows\system32\ntdll.dll
module=C:\windows\system32\kernel32.dll
module=C:\windows\system32\kernelbase.dll
module=C:\windows\system32\WINMM.dll
module=C:\windows\system32\advapi32.dll
module=C:\windows\system32\msvcrt.dll
module=C:\windows\system32\sechost.dll
module=C:\windows\system32\ucrtbase.dll
module=C:\windows\system32\msacm32.dll
module=C:\windows\system32\user32.dll
module=C:\windows\system32\gdi32.dll
module=C:\windows\system32\win32u.dll
module=C:\windows\system32\ole32.dll
module=C:\windows\system32\combase.dll
module=C:\windows\system32\rpcrt4.dll
module=C:\windows\system32\cryptbase.dll
module=C:\windows\system32\coml2.dll
module=C:\windows\system32\imm32.dll
module=C:\vendor-miles-probe\Mss32.dll
module=c:\windows\system32\winex11.drv
module=C:\windows\system32\uxtheme.dll
module=C:\windows\system32\mmdevapi.dll
module=C:\windows\system32\oleaut32.dll
module=C:\windows\system32\version.dll
module=C:\vendor-miles-probe\miles\mssmp3.asi
module=C:\vendor-miles-probe\miles\mssogg.asi
module=C:\vendor-miles-probe\miles\mssvoice.asi
module=C:\windows\system32\DSOUND.DLL
sample-accepted=1
event=sample-start tick=188585422 thread=448 cw=027f mxcsr=00001fa0
sample tick=188585422 status=4 position=64 total=204
sample tick=188585422 status=4 position=64 total=204
sample tick=188585438 status=4 position=72 total=204
sample tick=188585438 status=4 position=80 total=204
sample tick=188585454 status=4 position=96 total=204
sample tick=188585464 status=4 position=104 total=204
sample tick=188585480 status=4 position=112 total=204
sample tick=188585480 status=4 position=136 total=204
sample tick=188585496 status=4 position=144 total=204
sample tick=188585512 status=4 position=161 total=204
sample tick=188585512 status=4 position=161 total=204
sample tick=188585528 status=4 position=169 total=204
sample tick=188585545 status=4 position=177 total=204
sample tick=188585545 status=4 position=193 total=204
sample tick=188585561 status=4 position=201 total=204
event=sample-eos tick=188585561 thread=496 cw=027f mxcsr=00001f80
stream=00889C00 error=
event=stream-start tick=188585577 thread=448 cw=027f mxcsr=00001fa0
stream tick=188585577 status=4
stream tick=188585577 status=4
stream tick=188585593 status=4
stream tick=188585593 status=4
stream tick=188585609 status=4
stream tick=188585625 status=4
stream tick=188585625 status=4
stream tick=188585641 status=4
stream tick=188585657 status=4
stream tick=188585657 status=4
stream tick=188585673 status=4
stream tick=188585673 status=4
stream tick=188585690 status=4
stream tick=188585706 status=4
stream tick=188585706 status=4
stream tick=188585722 status=4
stream tick=188585738 status=4
stream tick=188585738 status=4
stream tick=188585754 status=4
stream tick=188585770 status=4
stream tick=188585770 status=4
stream tick=188585786 status=4
stream tick=188585786 status=4
stream tick=188585802 status=4
stream tick=188585818 status=4
stream tick=188585818 status=4
event=stream-eos tick=188585834 thread=496 cw=027f mxcsr=00001f80
module=C:\vendor-miles-probe\probe.exe
module=C:\windows\system32\ntdll.dll
module=C:\windows\system32\kernel32.dll
module=C:\windows\system32\kernelbase.dll
module=C:\windows\system32\WINMM.dll
module=C:\windows\system32\advapi32.dll
module=C:\windows\system32\msvcrt.dll
module=C:\windows\system32\sechost.dll
module=C:\windows\system32\ucrtbase.dll
module=C:\windows\system32\msacm32.dll
module=C:\windows\system32\user32.dll
module=C:\windows\system32\gdi32.dll
module=C:\windows\system32\win32u.dll
module=C:\windows\system32\ole32.dll
module=C:\windows\system32\combase.dll
module=C:\windows\system32\rpcrt4.dll
module=C:\windows\system32\cryptbase.dll
module=C:\windows\system32\coml2.dll
module=C:\windows\system32\imm32.dll
module=C:\vendor-miles-probe\Mss32.dll
module=c:\windows\system32\winex11.drv
module=C:\windows\system32\uxtheme.dll
module=C:\windows\system32\mmdevapi.dll
module=C:\windows\system32\oleaut32.dll
module=C:\windows\system32\version.dll
module=C:\vendor-miles-probe\miles\mssmp3.asi
module=C:\vendor-miles-probe\miles\mssogg.asi
module=C:\vendor-miles-probe\miles\mssvoice.asi
module=C:\windows\system32\DSOUND.DLL
event=shutdown tick=188585858 thread=448 cw=027f mxcsr=00001fa0
sample-eos=1 stream-eos=1
