native_startup_calls.cpp
Note: including file: C:\native-plain54\inputs\require-v120.h
Note: including file: c:\native-plain54\inputs\candidate\native\../private/native_startup_calls.h
Note: including file:  c:\native-plain54\inputs\candidate\private\../ClientMiles.h
Note: including file:   C:\Program Files (x86)\Microsoft Visual Studio 12.0\VC\INCLUDE\stdint.h
Note: including file:    C:\Program Files (x86)\Microsoft Visual Studio 12.0\VC\INCLUDE\crtdefs.h
Note: including file:     C:\Program Files (x86)\Microsoft Visual Studio 12.0\VC\INCLUDE\sal.h
Note: including file:      C:\Program Files (x86)\Microsoft Visual Studio 12.0\VC\INCLUDE\ConcurrencySal.h
Note: including file:     C:\Program Files (x86)\Microsoft Visual Studio 12.0\VC\INCLUDE\vadefs.h
Note: including file: C:\Program Files (x86)\Windows Kits\8.1\include\um\windows.h
Note: including file:  C:\Program Files (x86)\Windows Kits\8.1\include\shared\winapifamily.h
Note: including file:  C:\Program Files (x86)\Windows Kits\8.1\include\shared\sdkddkver.h
Note: including file:  C:\Program Files (x86)\Microsoft Visual Studio 12.0\VC\INCLUDE\excpt.h
Note: including file:   C:\Program Files (x86)\Microsoft Visual Studio 12.0\VC\INCLUDE\crtdefs.h
Note: including file:  C:\Program Files (x86)\Microsoft Visual Studio 12.0\VC\INCLUDE\stdarg.h
Note: including file:   C:\Program Files (x86)\Microsoft Visual Studio 12.0\VC\INCLUDE\crtdefs.h
Note: including file:  C:\Program Files (x86)\Windows Kits\8.1\include\shared\windef.h
Note: including file:   C:\Program Files (x86)\Windows Kits\8.1\include\shared\minwindef.h
Note: including file:    C:\Program Files (x86)\Windows Kits\8.1\include\shared\specstrings.h
Note: including file:     C:\Program Files (x86)\Windows Kits\8.1\include\shared\specstrings_strict.h
Note: including file:      C:\Program Files (x86)\Windows Kits\8.1\include\shared\specstrings_undef.h
Note: including file:     C:\Program Files (x86)\Windows Kits\8.1\include\shared\driverspecs.h
Note: including file:      c:\program files (x86)\windows kits\8.1\include\shared\sdv_driverspecs.h
Note: including file:    C:\Program Files (x86)\Windows Kits\8.1\include\um\winnt.h
Note: including file:     C:\Program Files (x86)\Microsoft Visual Studio 12.0\VC\INCLUDE\ctype.h
Note: including file:      C:\Program Files (x86)\Microsoft Visual Studio 12.0\VC\INCLUDE\crtdefs.h
Note: including file:     C:\Program Files (x86)\Windows Kits\8.1\include\shared\kernelspecs.h
Note: including file:     C:\Program Files (x86)\Windows Kits\8.1\include\shared\basetsd.h
Note: including file:     C:\Program Files (x86)\Windows Kits\8.1\include\shared\guiddef.h
Note: including file:      C:\Program Files (x86)\Microsoft Visual Studio 12.0\VC\INCLUDE\string.h
Note: including file:       C:\Program Files (x86)\Microsoft Visual Studio 12.0\VC\INCLUDE\crtdefs.h
Note: including file:     c:\program files (x86)\windows kits\8.1\include\shared\pshpack4.h
Note: including file:     c:\program files (x86)\windows kits\8.1\include\shared\poppack.h
Note: including file:     C:\Program Files (x86)\Windows Kits\8.1\include\shared\pshpack4.h
Note: including file:     C:\Program Files (x86)\Windows Kits\8.1\include\shared\poppack.h
Note: including file:     c:\program files (x86)\windows kits\8.1\include\shared\pshpack4.h
Note: including file:     c:\program files (x86)\windows kits\8.1\include\shared\pshpack2.h
Note: including file:     c:\program files (x86)\windows kits\8.1\include\shared\poppack.h
Note: including file:     c:\program files (x86)\windows kits\8.1\include\shared\pshpack2.h
Note: including file:     C:\Program Files (x86)\Windows Kits\8.1\include\shared\pshpack2.h
Note: including file:     C:\Program Files (x86)\Windows Kits\8.1\include\shared\poppack.h
Note: including file:     c:\program files (x86)\windows kits\8.1\include\shared\poppack.h
Note: including file:     c:\program files (x86)\windows kits\8.1\include\shared\pshpack8.h
Note: including file:     c:\program files (x86)\windows kits\8.1\include\shared\poppack.h
Note: including file:     c:\program files (x86)\windows kits\8.1\include\shared\poppack.h
Note: including file:     C:\Program Files (x86)\Windows Kits\8.1\include\shared\apiset.h
Note: including file:     C:\Program Files (x86)\Windows Kits\8.1\include\shared\ktmtypes.h
Note: including file:  C:\Program Files (x86)\Windows Kits\8.1\include\um\winbase.h
Note: including file:   C:\Program Files (x86)\Windows Kits\8.1\include\shared\apisetcconv.h
Note: including file:   C:\Program Files (x86)\Windows Kits\8.1\include\um\minwinbase.h
Note: including file:   C:\Program Files (x86)\Windows Kits\8.1\include\um\processenv.h
Note: including file:   C:\Program Files (x86)\Windows Kits\8.1\include\um\fileapi.h
Note: including file:   C:\Program Files (x86)\Windows Kits\8.1\include\um\debugapi.h
Note: including file:   C:\Program Files (x86)\Windows Kits\8.1\include\um\utilapiset.h
Note: including file:   C:\Program Files (x86)\Windows Kits\8.1\include\um\handleapi.h
Note: including file:   C:\Program Files (x86)\Windows Kits\8.1\include\um\errhandlingapi.h
Note: including file:   C:\Program Files (x86)\Windows Kits\8.1\include\um\fibersapi.h
Note: including file:   C:\Program Files (x86)\Windows Kits\8.1\include\um\namedpipeapi.h
Note: including file:   C:\Program Files (x86)\Windows Kits\8.1\include\um\profileapi.h
Note: including file:   C:\Program Files (x86)\Windows Kits\8.1\include\um\heapapi.h
Note: including file:   C:\Program Files (x86)\Windows Kits\8.1\include\um\ioapiset.h
Note: including file:   C:\Program Files (x86)\Windows Kits\8.1\include\um\synchapi.h
Note: including file:   C:\Program Files (x86)\Windows Kits\8.1\include\um\interlockedapi.h
Note: including file:   C:\Program Files (x86)\Windows Kits\8.1\include\um\processthreadsapi.h
Note: including file:   C:\Program Files (x86)\Windows Kits\8.1\include\um\sysinfoapi.h
Note: including file:   C:\Program Files (x86)\Windows Kits\8.1\include\um\memoryapi.h
Note: including file:   C:\Program Files (x86)\Windows Kits\8.1\include\um\threadpoollegacyapiset.h
Note: including file:   C:\Program Files (x86)\Windows Kits\8.1\include\um\threadpoolapiset.h
Note: including file:   C:\Program Files (x86)\Windows Kits\8.1\include\um\bemapiset.h
Note: including file:   C:\Program Files (x86)\Windows Kits\8.1\include\um\jobapi.h
Note: including file:   C:\Program Files (x86)\Windows Kits\8.1\include\um\wow64apiset.h
Note: including file:   C:\Program Files (x86)\Windows Kits\8.1\include\um\libloaderapi.h
Note: including file:   C:\Program Files (x86)\Windows Kits\8.1\include\um\securitybaseapi.h
Note: including file:   C:\Program Files (x86)\Windows Kits\8.1\include\um\namespaceapi.h
Note: including file:   C:\Program Files (x86)\Windows Kits\8.1\include\um\systemtopologyapi.h
Note: including file:   C:\Program Files (x86)\Windows Kits\8.1\include\um\processtopologyapi.h
Note: including file:   C:\Program Files (x86)\Windows Kits\8.1\include\um\securityappcontainer.h
Note: including file:   C:\Program Files (x86)\Windows Kits\8.1\include\um\realtimeapiset.h
Note: including file:   C:\Program Files (x86)\Windows Kits\8.1\include\shared\winerror.h
Note: including file:   C:\Program Files (x86)\Windows Kits\8.1\include\um\timezoneapi.h
Note: including file:  C:\Program Files (x86)\Windows Kits\8.1\include\um\wingdi.h
Note: including file:   C:\Program Files (x86)\Windows Kits\8.1\include\shared\pshpack1.h
Note: including file:   C:\Program Files (x86)\Windows Kits\8.1\include\shared\poppack.h
Note: including file:   C:\Program Files (x86)\Windows Kits\8.1\include\shared\pshpack2.h
Note: including file:   C:\Program Files (x86)\Windows Kits\8.1\include\shared\poppack.h
Note: including file:   C:\Program Files (x86)\Windows Kits\8.1\include\shared\pshpack2.h
Note: including file:   C:\Program Files (x86)\Windows Kits\8.1\include\shared\poppack.h
Note: including file:   C:\Program Files (x86)\Windows Kits\8.1\include\shared\pshpack4.h
Note: including file:   C:\Program Files (x86)\Windows Kits\8.1\include\shared\poppack.h
Note: including file:   C:\Program Files (x86)\Windows Kits\8.1\include\shared\pshpack4.h
Note: including file:   C:\Program Files (x86)\Windows Kits\8.1\include\shared\poppack.h
Note: including file:  C:\Program Files (x86)\Windows Kits\8.1\include\um\winuser.h
Note: including file:   C:\Program Files (x86)\Windows Kits\8.1\include\shared\pshpack2.h
Note: including file:   C:\Program Files (x86)\Windows Kits\8.1\include\shared\poppack.h
Note: including file:   C:\Program Files (x86)\Windows Kits\8.1\include\shared\tvout.h
Note: including file:  C:\Program Files (x86)\Windows Kits\8.1\include\um\winnls.h
Note: including file:   C:\Program Files (x86)\Windows Kits\8.1\include\um\datetimeapi.h
Note: including file:   C:\Program Files (x86)\Windows Kits\8.1\include\um\stringapiset.h
Note: including file:    C:\Program Files (x86)\Windows Kits\8.1\include\um\winnls.h
Note: including file:  C:\Program Files (x86)\Windows Kits\8.1\include\um\wincon.h
Note: including file:   C:\Program Files (x86)\Windows Kits\8.1\include\um\consoleapi.h
Note: including file:  C:\Program Files (x86)\Windows Kits\8.1\include\um\winver.h
Note: including file:   C:\Program Files (x86)\Windows Kits\8.1\include\um\verrsrc.h
Note: including file:  C:\Program Files (x86)\Windows Kits\8.1\include\um\winreg.h
Note: including file:   C:\Program Files (x86)\Windows Kits\8.1\include\um\reason.h
Note: including file:  C:\Program Files (x86)\Windows Kits\8.1\include\um\winnetwk.h
Note: including file:   C:\Program Files (x86)\Windows Kits\8.1\include\shared\wnnc.h
Note: including file:  C:\Program Files (x86)\Windows Kits\8.1\include\shared\cderr.h
Note: including file:  C:\Program Files (x86)\Windows Kits\8.1\include\um\dde.h
Note: including file:  C:\Program Files (x86)\Windows Kits\8.1\include\um\ddeml.h
Note: including file:  C:\Program Files (x86)\Windows Kits\8.1\include\um\dlgs.h
Note: including file:  C:\Program Files (x86)\Windows Kits\8.1\include\um\lzexpand.h
Note: including file:  C:\Program Files (x86)\Windows Kits\8.1\include\um\mmsystem.h
Note: including file:   C:\Program Files (x86)\Windows Kits\8.1\include\um\mmsyscom.h
Note: including file:    C:\Program Files (x86)\Windows Kits\8.1\include\shared\pshpack1.h
Note: including file:    C:\Program Files (x86)\Windows Kits\8.1\include\shared\poppack.h
Note: including file:   C:\Program Files (x86)\Windows Kits\8.1\include\shared\pshpack1.h
Note: including file:   C:\Program Files (x86)\Windows Kits\8.1\include\um\mciapi.h
Note: including file:    C:\Program Files (x86)\Windows Kits\8.1\include\um\mmsyscom.h
Note: including file:   C:\Program Files (x86)\Windows Kits\8.1\include\um\mmiscapi.h
Note: including file:    C:\Program Files (x86)\Windows Kits\8.1\include\um\mmsyscom.h
Note: including file:   C:\Program Files (x86)\Windows Kits\8.1\include\um\mmiscapi2.h
Note: including file:    C:\Program Files (x86)\Windows Kits\8.1\include\um\mmsyscom.h
Note: including file:   C:\Program Files (x86)\Windows Kits\8.1\include\um\playsoundapi.h
Note: including file:    C:\Program Files (x86)\Windows Kits\8.1\include\um\mmsyscom.h
Note: including file:   C:\Program Files (x86)\Windows Kits\8.1\include\um\mmeapi.h
Note: including file:    C:\Program Files (x86)\Windows Kits\8.1\include\um\mmsyscom.h
Note: including file:   C:\Program Files (x86)\Windows Kits\8.1\include\um\timeapi.h
Note: including file:    C:\Program Files (x86)\Windows Kits\8.1\include\um\mmsyscom.h
Note: including file:   C:\Program Files (x86)\Windows Kits\8.1\include\um\joystickapi.h
Note: including file:    C:\Program Files (x86)\Windows Kits\8.1\include\um\mmsyscom.h
Note: including file:   C:\Program Files (x86)\Windows Kits\8.1\include\shared\poppack.h
Note: including file:  C:\Program Files (x86)\Windows Kits\8.1\include\um\nb30.h
Note: including file:  C:\Program Files (x86)\Windows Kits\8.1\include\shared\rpc.h
Note: including file:   C:\Program Files (x86)\Windows Kits\8.1\include\shared\pshpack8.h
Note: including file:   C:\Program Files (x86)\Windows Kits\8.1\include\shared\rpcdce.h
Note: including file:    C:\Program Files (x86)\Windows Kits\8.1\include\shared\rpcdcep.h
Note: including file:   C:\Program Files (x86)\Windows Kits\8.1\include\um\rpcnsi.h
Note: including file:   C:\Program Files (x86)\Windows Kits\8.1\include\shared\rpcnterr.h
Note: including file:   C:\Program Files (x86)\Windows Kits\8.1\include\shared\rpcasync.h
Note: including file:    C:\Program Files (x86)\Windows Kits\8.1\include\shared\pshpack8.h
Note: including file:    C:\Program Files (x86)\Windows Kits\8.1\include\shared\poppack.h
Note: including file:   C:\Program Files (x86)\Windows Kits\8.1\include\shared\poppack.h
Note: including file:  C:\Program Files (x86)\Windows Kits\8.1\include\um\shellapi.h
Note: including file:  C:\Program Files (x86)\Windows Kits\8.1\include\um\winperf.h
Note: including file:   C:\Program Files (x86)\Windows Kits\8.1\include\shared\pshpack8.h
Note: including file:   C:\Program Files (x86)\Windows Kits\8.1\include\shared\poppack.h
Note: including file:  C:\Program Files (x86)\Windows Kits\8.1\include\um\winsock.h
Note: including file:   C:\Program Files (x86)\Windows Kits\8.1\include\shared\inaddr.h
Note: including file:  C:\Program Files (x86)\Windows Kits\8.1\include\um\wincrypt.h
Note: including file:   C:\Program Files (x86)\Windows Kits\8.1\include\shared\bcrypt.h
Note: including file:   C:\Program Files (x86)\Windows Kits\8.1\include\um\ncrypt.h
Note: including file:   C:\Program Files (x86)\Windows Kits\8.1\include\um\dpapi.h
Note: including file:  C:\Program Files (x86)\Windows Kits\8.1\include\um\winefs.h
Note: including file:  C:\Program Files (x86)\Windows Kits\8.1\include\um\winscard.h
Note: including file:   C:\Program Files (x86)\Windows Kits\8.1\include\shared\wtypes.h
Note: including file:    c:\program files (x86)\windows kits\8.1\include\shared\rpcndr.h
Note: including file:     C:\Program Files (x86)\Windows Kits\8.1\include\shared\pshpack8.h
Note: including file:     C:\Program Files (x86)\Windows Kits\8.1\include\um\rpcnsip.h
Note: including file:     C:\Program Files (x86)\Windows Kits\8.1\include\shared\rpcsal.h
Note: including file:     C:\Program Files (x86)\Windows Kits\8.1\include\shared\poppack.h
Note: including file:    c:\program files (x86)\windows kits\8.1\include\shared\wtypesbase.h
Note: including file:     c:\program files (x86)\windows kits\8.1\include\shared\guiddef.h
Note: including file:   C:\Program Files (x86)\Windows Kits\8.1\include\um\winioctl.h
Note: including file:    C:\Program Files (x86)\Windows Kits\8.1\include\shared\pshpack1.h
Note: including file:    C:\Program Files (x86)\Windows Kits\8.1\include\shared\poppack.h
Note: including file:    C:\Program Files (x86)\Windows Kits\8.1\include\shared\pshpack1.h
Note: including file:    C:\Program Files (x86)\Windows Kits\8.1\include\shared\poppack.h
Note: including file:    C:\Program Files (x86)\Windows Kits\8.1\include\shared\pshpack1.h
Note: including file:    C:\Program Files (x86)\Windows Kits\8.1\include\shared\poppack.h
Note: including file:    C:\Program Files (x86)\Windows Kits\8.1\include\shared\pshpack1.h
Note: including file:    C:\Program Files (x86)\Windows Kits\8.1\include\shared\poppack.h
Note: including file:    C:\Program Files (x86)\Windows Kits\8.1\include\shared\pshpack1.h
Note: including file:    C:\Program Files (x86)\Windows Kits\8.1\include\shared\poppack.h
Note: including file:    C:\Program Files (x86)\Windows Kits\8.1\include\shared\pshpack1.h
Note: including file:    C:\Program Files (x86)\Windows Kits\8.1\include\shared\poppack.h
Note: including file:    C:\Program Files (x86)\Windows Kits\8.1\include\shared\pshpack1.h
Note: including file:    C:\Program Files (x86)\Windows Kits\8.1\include\shared\poppack.h
Note: including file:   C:\Program Files (x86)\Windows Kits\8.1\include\shared\winsmcrd.h
Note: including file:  C:\Program Files (x86)\Windows Kits\8.1\include\um\winspool.h
Note: including file:   C:\Program Files (x86)\Windows Kits\8.1\include\um\prsht.h
Note: including file:    C:\Program Files (x86)\Windows Kits\8.1\include\shared\pshpack8.h
Note: including file:    C:\Program Files (x86)\Windows Kits\8.1\include\shared\poppack.h
Note: including file:  C:\Program Files (x86)\Windows Kits\8.1\include\um\ole2.h
Note: including file:   C:\Program Files (x86)\Windows Kits\8.1\include\shared\pshpack8.h
Note: including file:   C:\Program Files (x86)\Windows Kits\8.1\include\um\objbase.h
Note: including file:    C:\Program Files (x86)\Windows Kits\8.1\include\shared\pshpack8.h
Note: including file:    C:\Program Files (x86)\Windows Kits\8.1\include\um\combaseapi.h
Note: including file:     C:\Program Files (x86)\Windows Kits\8.1\include\shared\pshpack8.h
Note: including file:     C:\Program Files (x86)\Microsoft Visual Studio 12.0\VC\INCLUDE\stdlib.h
Note: including file:      C:\Program Files (x86)\Microsoft Visual Studio 12.0\VC\INCLUDE\crtdefs.h
Note: including file:      C:\Program Files (x86)\Microsoft Visual Studio 12.0\VC\INCLUDE\limits.h
Note: including file:       C:\Program Files (x86)\Microsoft Visual Studio 12.0\VC\INCLUDE\crtdefs.h
Note: including file:     C:\Program Files (x86)\Windows Kits\8.1\include\um\unknwnbase.h
Note: including file:     C:\Program Files (x86)\Windows Kits\8.1\include\um\objidlbase.h
Note: including file:     C:\Program Files (x86)\Windows Kits\8.1\include\shared\guiddef.h
Note: including file:     C:\Program Files (x86)\Windows Kits\8.1\include\um\cguid.h
Note: including file:     C:\Program Files (x86)\Windows Kits\8.1\include\shared\poppack.h
Note: including file:    C:\Program Files (x86)\Windows Kits\8.1\include\um\objidl.h
Note: including file:     c:\program files (x86)\windows kits\8.1\include\um\unknwn.h
Note: including file:    C:\Program Files (x86)\Windows Kits\8.1\include\um\urlmon.h
Note: including file:     c:\program files (x86)\windows kits\8.1\include\um\oleidl.h
Note: including file:     c:\program files (x86)\windows kits\8.1\include\um\servprov.h
Note: including file:     c:\program files (x86)\windows kits\8.1\include\um\msxml.h
Note: including file:      c:\program files (x86)\windows kits\8.1\include\um\oaidl.h
Note: including file:    C:\Program Files (x86)\Windows Kits\8.1\include\um\propidl.h
Note: including file:    C:\Program Files (x86)\Windows Kits\8.1\include\shared\poppack.h
Note: including file:   C:\Program Files (x86)\Windows Kits\8.1\include\um\oleauto.h
Note: including file:    C:\Program Files (x86)\Windows Kits\8.1\include\shared\pshpack8.h
Note: including file:    C:\Program Files (x86)\Windows Kits\8.1\include\shared\poppack.h
Note: including file:   C:\Program Files (x86)\Windows Kits\8.1\include\shared\poppack.h
Note: including file:  C:\Program Files (x86)\Windows Kits\8.1\include\um\commdlg.h
Note: including file:   C:\Program Files (x86)\Windows Kits\8.1\include\um\prsht.h
Note: including file:  C:\Program Files (x86)\Windows Kits\8.1\include\shared\stralign.h
Note: including file:  C:\Program Files (x86)\Windows Kits\8.1\include\um\winsvc.h
Note: including file:  C:\Program Files (x86)\Windows Kits\8.1\include\um\mcx.h
Note: including file:  C:\Program Files (x86)\Windows Kits\8.1\include\um\imm.h
Note: including file:   C:\Program Files (x86)\Windows Kits\8.1\include\um\ime_cmodes.h
Note: including file: C:\native-file-callbacks35\snapshot\src\external\3rd\library\miles\include\Mss.h
Note: including file: C:\Program Files (x86)\Microsoft Visual Studio 12.0\VC\INCLUDE\type_traits
Note: including file:  C:\Program Files (x86)\Microsoft Visual Studio 12.0\VC\INCLUDE\xstddef
Note: including file:   C:\Program Files (x86)\Microsoft Visual Studio 12.0\VC\INCLUDE\cstddef
Note: including file:    C:\Program Files (x86)\Microsoft Visual Studio 12.0\VC\INCLUDE\yvals.h
Note: including file:     C:\Program Files (x86)\Microsoft Visual Studio 12.0\VC\INCLUDE\xkeycheck.h
Note: including file:     C:\Program Files (x86)\Microsoft Visual Studio 12.0\VC\INCLUDE\crtdefs.h
Note: including file:     C:\Program Files (x86)\Microsoft Visual Studio 12.0\VC\INCLUDE\use_ansi.h
Note: including file:    C:\Program Files (x86)\Microsoft Visual Studio 12.0\VC\INCLUDE\stddef.h
Note: including file:     C:\Program Files (x86)\Microsoft Visual Studio 12.0\VC\INCLUDE\crtdefs.h
Note: including file:   C:\Program Files (x86)\Microsoft Visual Studio 12.0\VC\INCLUDE\initializer_list
Note: including file:   C:\Program Files (x86)\Microsoft Visual Studio 12.0\VC\INCLUDE\xtr1common
Note: including file:  C:\Program Files (x86)\Microsoft Visual Studio 12.0\VC\INCLUDE\xrefwrap
