Microsoft (R) COFF/PE Dumper Version 12.00.40629.0
Copyright (C) Microsoft Corporation.  All rights reserved.


Dump of file C:\native-plain54\results\engine_plain_probe\engine_plain_probe.obj

File Type: COFF OBJECT

COFF SYMBOL TABLE
000 00E19EB5 ABS    notype       Static       | @comp.id
001 80000190 ABS    notype       Static       | @feat.00
002 00000000 SECT1  notype       Static       | .drectve
    Section length   E8, #relocs    0, #linenums    0, checksum        0
004 00000000 SECT2  notype       Static       | .debug$S
    Section length 58D8, #relocs   28, #linenums    0, checksum        0
006 00000000 SECT3  notype       Static       | .debug$T
    Section length   60, #relocs    0, #linenums    0, checksum        0
008 00000000 SECT4  notype       Static       | .rdata
    Section length    E, #relocs    0, #linenums    0, checksum 17AD799A
00A 00000000 SECT4  notype       Static       | PI
00B 00000004 SECT4  notype       Static       | E
00C 00000008 SECT4  notype       Static       | $SG39498
00D 00000000 SECT5  notype       Static       | .text$di
    Section length   1C, #relocs    3, #linenums    0, checksum 6D53DB04, selection    2 (pick any)
00F 00000000 SECT6  notype       Static       | .debug$S
    Section length   A4, #relocs    4, #linenums    0, checksum        0, selection    5 (pick associative Section 0x5)
011 00000000 SECT7  notype       Static       | .text$di
    Section length   1C, #relocs    3, #linenums    0, checksum 6D53DB04, selection    2 (pick any)
013 00000000 SECT8  notype       Static       | .debug$S
    Section length   A4, #relocs    4, #linenums    0, checksum        0, selection    5 (pick associative Section 0x7)
015 00000000 SECT9  notype       Static       | .text$di
    Section length   1C, #relocs    3, #linenums    0, checksum 6D53DB04, selection    2 (pick any)
017 00000000 SECTA  notype       Static       | .debug$S
    Section length   A8, #relocs    4, #linenums    0, checksum        0, selection    5 (pick associative Section 0x9)
019 00000000 SECTB  notype       Static       | .text$di
    Section length   1C, #relocs    3, #linenums    0, checksum 6D53DB04, selection    2 (pick any)
01B 00000000 SECTC  notype       Static       | .debug$S
    Section length   A4, #relocs    4, #linenums    0, checksum        0, selection    5 (pick associative Section 0xB)
01D 00000000 SECTD  notype       Static       | .text$di
    Section length   1C, #relocs    3, #linenums    0, checksum 6D53DB04, selection    2 (pick any)
01F 00000000 SECTE  notype       Static       | .debug$S
    Section length   A4, #relocs    4, #linenums    0, checksum        0, selection    5 (pick associative Section 0xD)
021 00000000 SECTF  notype       Static       | .text$di
    Section length   1C, #relocs    3, #linenums    0, checksum 6D53DB04, selection    2 (pick any)
023 00000000 SECT10 notype       Static       | .debug$S
    Section length   A4, #relocs    4, #linenums    0, checksum        0, selection    5 (pick associative Section 0xF)
025 00000000 SECT11 notype       Static       | .text$di
    Section length   1C, #relocs    3, #linenums    0, checksum 6D53DB04, selection    2 (pick any)
027 00000000 SECT12 notype       Static       | .debug$S
    Section length   A4, #relocs    4, #linenums    0, checksum        0, selection    5 (pick associative Section 0x11)
029 00000000 SECT13 notype       Static       | .text$di
    Section length   1C, #relocs    3, #linenums    0, checksum 6D53DB04, selection    2 (pick any)
02B 00000000 SECT14 notype       Static       | .debug$S
    Section length   A4, #relocs    4, #linenums    0, checksum        0, selection    5 (pick associative Section 0x13)
02D 00000000 SECT15 notype       Static       | .text$di
    Section length   1C, #relocs    3, #linenums    0, checksum 90AA2371, selection    2 (pick any)
02F 00000000 SECT16 notype       Static       | .debug$S
    Section length   A4, #relocs    4, #linenums    0, checksum        0, selection    5 (pick associative Section 0x15)
031 00000000 SECT17 notype       Static       | .text$mn
    Section length   C1, #relocs   11, #linenums    0, checksum D885C55E, selection    1 (pick no duplicates)
033 00000000 SECT18 notype       Static       | .debug$S
    Section length  114, #relocs    4, #linenums    0, checksum        0, selection    5 (pick associative Section 0x17)
035 00000000 SECT15 notype ()    Static       | ??__EPI_TIMES_2@@YAXXZ (void __cdecl `dynamic initializer for 'PI_TIMES_2''(void))
036 00000000 SECTB  notype ()    Static       | ??__EPI_OVER_2@@YAXXZ (void __cdecl `dynamic initializer for 'PI_OVER_2''(void))
037 00000000 SECTD  notype ()    Static       | ??__EPI_OVER_3@@YAXXZ (void __cdecl `dynamic initializer for 'PI_OVER_3''(void))
038 00000000 SECTF  notype ()    Static       | ??__EPI_OVER_4@@YAXXZ (void __cdecl `dynamic initializer for 'PI_OVER_4''(void))
039 00000000 SECT11 notype ()    Static       | ??__EPI_OVER_6@@YAXXZ (void __cdecl `dynamic initializer for 'PI_OVER_6''(void))
03A 00000000 SECT13 notype ()    Static       | ??__EPI_OVER_8@@YAXXZ (void __cdecl `dynamic initializer for 'PI_OVER_8''(void))
03B 00000000 SECT5  notype ()    Static       | ??__EPI_OVER_12@@YAXXZ (void __cdecl `dynamic initializer for 'PI_OVER_12''(void))
03C 00000000 SECT7  notype ()    Static       | ??__EPI_OVER_16@@YAXXZ (void __cdecl `dynamic initializer for 'PI_OVER_16''(void))
03D 00000000 SECT9  notype ()    Static       | ??__EPI_OVER_180@@YAXXZ (void __cdecl `dynamic initializer for 'PI_OVER_180''(void))
03E 00000000 UNDEF  notype ()    External     | ?startup@ClientMiles@@YAHXZ (int __cdecl ClientMiles::startup(void))
03F 00000000 UNDEF  notype ()    External     | ?shutdown@ClientMiles@@YAXXZ (void __cdecl ClientMiles::shutdown(void))
040 00000000 UNDEF  notype ()    External     | ?get_preference@ClientMiles@@YA_JI@Z (__int64 __cdecl ClientMiles::get_preference(unsigned int))
041 00000000 UNDEF  notype ()    External     | ?set_preference@ClientMiles@@YA_JI_J@Z (__int64 __cdecl ClientMiles::set_preference(unsigned int,__int64))
042 00000000 UNDEF  notype ()    External     | ?last_error@ClientMiles@@YAPEBDXZ (char const * __cdecl ClientMiles::last_error(void))
043 00000000 UNDEF  notype ()    External     | ?set_redist_directory@ClientMiles@@YAPEBDPEBD@Z (char const * __cdecl ClientMiles::set_redist_directory(char const *))
044 00000000 UNDEF  notype ()    External     | ?MSS_version@ClientMiles@@YAXPEADH@Z (void __cdecl ClientMiles::MSS_version(char *,int))
045 00000000 UNDEF  notype ()    External     | ?set_file_callbacks@ClientMiles@@YAXP6AIPEBDPEA_K@ZP6AX_K@ZP6AH3HI@ZP6AI3PEAXI@Z@Z (void __cdecl ClientMiles::set_file_callbacks(unsigned int (__cdecl*)(char const *,unsigned __int64 *),void (__cdecl*)(unsigned __int64),int (__cdecl*)(unsigned __int64,int,unsigned int),unsigned int (__cdecl*)(unsigned __int64,void *,unsigned int)))
046 00000000 UNDEF  notype ()    External     | ?plainProbeOpen@@YAIPEBDPEA_K@Z (unsigned int __cdecl plainProbeOpen(char const *,unsigned __int64 *))
047 00000000 UNDEF  notype ()    External     | ?plainProbeClose@@YAX_K@Z (void __cdecl plainProbeClose(unsigned __int64))
048 00000000 UNDEF  notype ()    External     | ?plainProbeSeek@@YAH_KHI@Z (int __cdecl plainProbeSeek(unsigned __int64,int,unsigned int))
049 00000000 UNDEF  notype ()    External     | ?plainProbeRead@@YAI_KPEAXI@Z (unsigned int __cdecl plainProbeRead(unsigned __int64,void *,unsigned int))
04A 00000000 SECT17 notype ()    External     | ?probePlainStartupHeader@@YAXXZ (void __cdecl probePlainStartupHeader(void))
04B 00000000 UNDEF  notype ()    External     | _RTC_CheckStackVars
04C 00000000 UNDEF  notype ()    External     | _RTC_InitBase
04D 00000000 UNDEF  notype ()    External     | _RTC_Shutdown
04E 00000000 UNDEF  notype ()    External     | __GSHandlerCheck
04F 00000000 UNDEF  notype ()    External     | __security_check_cookie
050 00000000 SECT17 notype       Label        | $LN3
051 00000000 SECT19 notype       Static       | .xdata
    Section length    8, #relocs    0, #linenums    0, checksum 6E9162C9, selection    5 (pick associative Section 0x15)
053 00000000 SECT19 notype       Static       | $unwind$??__EPI_TIMES_2@@YAXXZ
054 00000000 SECT1A notype       Static       | .pdata
    Section length    C, #relocs    3, #linenums    0, checksum 2B142464, selection    5 (pick associative Section 0x15)
056 00000000 SECT1A notype       Static       | $pdata$??__EPI_TIMES_2@@YAXXZ
057 00000000 SECT1B notype       Static       | .xdata
    Section length    8, #relocs    0, #linenums    0, checksum 6E9162C9, selection    5 (pick associative Section 0xB)
059 00000000 SECT1B notype       Static       | $unwind$??__EPI_OVER_2@@YAXXZ
05A 00000000 SECT1C notype       Static       | .pdata
    Section length    C, #relocs    3, #linenums    0, checksum 2B142464, selection    5 (pick associative Section 0xB)
05C 00000000 SECT1C notype       Static       | $pdata$??__EPI_OVER_2@@YAXXZ
05D 00000000 SECT1D notype       Static       | .xdata
    Section length    8, #relocs    0, #linenums    0, checksum 6E9162C9, selection    5 (pick associative Section 0xD)
05F 00000000 SECT1D notype       Static       | $unwind$??__EPI_OVER_3@@YAXXZ
060 00000000 SECT1E notype       Static       | .pdata
    Section length    C, #relocs    3, #linenums    0, checksum 2B142464, selection    5 (pick associative Section 0xD)
062 00000000 SECT1E notype       Static       | $pdata$??__EPI_OVER_3@@YAXXZ
063 00000000 SECT1F notype       Static       | .xdata
    Section length    8, #relocs    0, #linenums    0, checksum 6E9162C9, selection    5 (pick associative Section 0xF)
065 00000000 SECT1F notype       Static       | $unwind$??__EPI_OVER_4@@YAXXZ
066 00000000 SECT20 notype       Static       | .pdata
    Section length    C, #relocs    3, #linenums    0, checksum 2B142464, selection    5 (pick associative Section 0xF)
068 00000000 SECT20 notype       Static       | $pdata$??__EPI_OVER_4@@YAXXZ
069 00000000 SECT21 notype       Static       | .xdata
    Section length    8, #relocs    0, #linenums    0, checksum 6E9162C9, selection    5 (pick associative Section 0x11)
06B 00000000 SECT21 notype       Static       | $unwind$??__EPI_OVER_6@@YAXXZ
06C 00000000 SECT22 notype       Static       | .pdata
    Section length    C, #relocs    3, #linenums    0, checksum 2B142464, selection    5 (pick associative Section 0x11)
06E 00000000 SECT22 notype       Static       | $pdata$??__EPI_OVER_6@@YAXXZ
06F 00000000 SECT23 notype       Static       | .xdata
    Section length    8, #relocs    0, #linenums    0, checksum 6E9162C9, selection    5 (pick associative Section 0x13)
071 00000000 SECT23 notype       Static       | $unwind$??__EPI_OVER_8@@YAXXZ
072 00000000 SECT24 notype       Static       | .pdata
    Section length    C, #relocs    3, #linenums    0, checksum 2B142464, selection    5 (pick associative Section 0x13)
074 00000000 SECT24 notype       Static       | $pdata$??__EPI_OVER_8@@YAXXZ
075 00000000 SECT25 notype       Static       | .xdata
    Section length    8, #relocs    0, #linenums    0, checksum 6E9162C9, selection    5 (pick associative Section 0x5)
077 00000000 SECT25 notype       Static       | $unwind$??__EPI_OVER_12@@YAXXZ
078 00000000 SECT26 notype       Static       | .pdata
    Section length    C, #relocs    3, #linenums    0, checksum 2B142464, selection    5 (pick associative Section 0x5)
07A 00000000 SECT26 notype       Static       | $pdata$??__EPI_OVER_12@@YAXXZ
07B 00000000 SECT27 notype       Static       | .xdata
    Section length    8, #relocs    0, #linenums    0, checksum 6E9162C9, selection    5 (pick associative Section 0x7)
07D 00000000 SECT27 notype       Static       | $unwind$??__EPI_OVER_16@@YAXXZ
07E 00000000 SECT28 notype       Static       | .pdata
    Section length    C, #relocs    3, #linenums    0, checksum 2B142464, selection    5 (pick associative Section 0x7)
080 00000000 SECT28 notype       Static       | $pdata$??__EPI_OVER_16@@YAXXZ
081 00000000 SECT29 notype       Static       | .xdata
    Section length    8, #relocs    0, #linenums    0, checksum 6E9162C9, selection    5 (pick associative Section 0x9)
083 00000000 SECT29 notype       Static       | $unwind$??__EPI_OVER_180@@YAXXZ
084 00000000 SECT2A notype       Static       | .pdata
    Section length    C, #relocs    3, #linenums    0, checksum 2B142464, selection    5 (pick associative Section 0x9)
086 00000000 SECT2A notype       Static       | $pdata$??__EPI_OVER_180@@YAXXZ
087 00000000 SECT2B notype       Static       | .rdata
    Section length   60, #relocs    2, #linenums    0, checksum 3115B67C, selection    5 (pick associative Section 0x17)
089 00000000 SECT2B notype       Static       | ?probePlainStartupHeader@@YAXXZ$rtcName$0 (?probePlainStartupHeader@@YAXXZ$rtcName$0)
08A 00000010 SECT2B notype       Static       | ?probePlainStartupHeader@@YAXXZ$rtcVarDesc (?probePlainStartupHeader@@YAXXZ$rtcVarDesc)
08B 00000050 SECT2B notype       Static       | ?probePlainStartupHeader@@YAXXZ$rtcFrameData (?probePlainStartupHeader@@YAXXZ$rtcFrameData)
08C 00000000 SECT2C notype       Static       | .xdata
    Section length   14, #relocs    1, #linenums    0, checksum 9FC5572F, selection    5 (pick associative Section 0x17)
08E 00000000 SECT2C notype       Static       | $unwind$?probePlainStartupHeader@@YAXXZ
08F 00000000 SECT2D notype       Static       | .pdata
    Section length    C, #relocs    3, #linenums    0, checksum B60C47A9, selection    5 (pick associative Section 0x17)
091 00000000 SECT2D notype       Static       | $pdata$?probePlainStartupHeader@@YAXXZ
092 00000000 SECT2E notype       Static       | .bss
    Section length   24, #relocs    0, #linenums    0, checksum        0
094 00000014 SECT2E notype       Static       | PI_TIMES_2
095 00000010 SECT2E notype       Static       | PI_OVER_2
096 00000000 SECT2E notype       Static       | PI_OVER_3
097 00000020 SECT2E notype       Static       | PI_OVER_4
098 0000000C SECT2E notype       Static       | PI_OVER_6
099 00000004 SECT2E notype       Static       | PI_OVER_8
09A 00000008 SECT2E notype       Static       | PI_OVER_12
09B 00000018 SECT2E notype       Static       | PI_OVER_16
09C 0000001C SECT2E notype       Static       | PI_OVER_180
09D 00000000 SECT2F notype       Static       | .rtc$IMZ
    Section length    8, #relocs    1, #linenums    0, checksum        0, selection    2 (pick any)
09F 00000000 SECT2F notype       Static       | _RTC_InitBase.rtc$IMZ
0A0 00000000 SECT30 notype       Static       | .rtc$TMZ
    Section length    8, #relocs    1, #linenums    0, checksum        0, selection    2 (pick any)
0A2 00000000 SECT30 notype       Static       | _RTC_Shutdown.rtc$TMZ
0A3 00000000 SECT31 notype       Static       | .rdata
    Section length    4, #relocs    0, #linenums    0, checksum 76DC4190, selection    2 (pick any)
0A5 00000000 SECT31 notype       External     | __real@40000000
0A6 00000000 SECT32 notype       Static       | .rdata
    Section length    4, #relocs    0, #linenums    0, checksum 86A50E95, selection    2 (pick any)
0A8 00000000 SECT32 notype       External     | __real@40400000
0A9 00000000 SECT33 notype       Static       | .rdata
    Section length    4, #relocs    0, #linenums    0, checksum 4D5FD9DB, selection    2 (pick any)
0AB 00000000 SECT33 notype       External     | __real@40800000
0AC 00000000 SECT34 notype       Static       | .rdata
    Section length    4, #relocs    0, #linenums    0, checksum BD2696DE, selection    2 (pick any)
0AE 00000000 SECT34 notype       External     | __real@40c00000
0AF 00000000 SECT35 notype       Static       | .rdata
    Section length    4, #relocs    0, #linenums    0, checksum  1DB7106, selection    2 (pick any)
0B1 00000000 SECT35 notype       External     | __real@41000000
0B2 00000000 SECT36 notype       Static       | .rdata
    Section length    4, #relocs    0, #linenums    0, checksum F1A23E03, selection    2 (pick any)
0B4 00000000 SECT36 notype       External     | __real@41400000
0B5 00000000 SECT37 notype       Static       | .rdata
    Section length    4, #relocs    0, #linenums    0, checksum 3A58E94D, selection    2 (pick any)
0B7 00000000 SECT37 notype       External     | __real@41800000
0B8 00000000 SECT38 notype       Static       | .rdata
    Section length    4, #relocs    0, #linenums    0, checksum 54FFE3DD, selection    2 (pick any)
0BA 00000000 SECT38 notype       External     | __real@43340000
0BB 00000000 UNDEF  notype       External     | __security_cookie
0BC 00000000 UNDEF  notype       External     | _fltused
0BD 00000000 SECT39 notype       Static       | .CRT$XCU
    Section length   48, #relocs    9, #linenums    0, checksum        0
0BF 00000000 SECT39 notype       Static       | PI_TIMES_2$initializer$
0C0 00000008 SECT39 notype       Static       | PI_OVER_2$initializer$
0C1 00000010 SECT39 notype       Static       | PI_OVER_3$initializer$
0C2 00000018 SECT39 notype       Static       | PI_OVER_4$initializer$
0C3 00000020 SECT39 notype       Static       | PI_OVER_6$initializer$
0C4 00000028 SECT39 notype       Static       | PI_OVER_8$initializer$
0C5 00000030 SECT39 notype       Static       | PI_OVER_12$initializer$
0C6 00000038 SECT39 notype       Static       | PI_OVER_16$initializer$
0C7 00000040 SECT39 notype       Static       | PI_OVER_180$initializer$

String Table Size = 0x7E9 bytes

  Summary

          48 .CRT$XCU
          24 .bss
        5FB4 .debug$S
          60 .debug$T
          E8 .drectve
          78 .pdata
          8E .rdata
           8 .rtc$IMZ
           8 .rtc$TMZ
          FC .text$di
          C1 .text$mn
          5C .xdata
