probe.cpp
Note: including file: C:\Program Files (x86)\Windows Kits\8.1\include\um\winsock2.h
Note: including file:  C:\Program Files (x86)\Windows Kits\8.1\include\shared\winapifamily.h
Note: including file:  C:\Program Files (x86)\Windows Kits\8.1\include\um\windows.h
Note: including file:   C:\Program Files (x86)\Windows Kits\8.1\include\shared\sdkddkver.h
Note: including file:   C:\Program Files (x86)\Microsoft Visual Studio 12.0\VC\INCLUDE\excpt.h
Note: including file:    C:\Program Files (x86)\Microsoft Visual Studio 12.0\VC\INCLUDE\crtdefs.h
Note: including file:     C:\Program Files (x86)\Microsoft Visual Studio 12.0\VC\INCLUDE\sal.h
Note: including file:      C:\Program Files (x86)\Microsoft Visual Studio 12.0\VC\INCLUDE\ConcurrencySal.h
Note: including file:     C:\Program Files (x86)\Microsoft Visual Studio 12.0\VC\INCLUDE\vadefs.h
Note: including file:   C:\Program Files (x86)\Microsoft Visual Studio 12.0\VC\INCLUDE\stdarg.h
Note: including file:    C:\Program Files (x86)\Microsoft Visual Studio 12.0\VC\INCLUDE\crtdefs.h
Note: including file:   C:\Program Files (x86)\Windows Kits\8.1\include\shared\windef.h
Note: including file:    C:\Program Files (x86)\Windows Kits\8.1\include\shared\minwindef.h
Note: including file:     C:\Program Files (x86)\Windows Kits\8.1\include\shared\specstrings.h
Note: including file:      C:\Program Files (x86)\Windows Kits\8.1\include\shared\specstrings_strict.h
Note: including file:       C:\Program Files (x86)\Windows Kits\8.1\include\shared\specstrings_undef.h
Note: including file:      C:\Program Files (x86)\Windows Kits\8.1\include\shared\driverspecs.h
Note: including file:       c:\program files (x86)\windows kits\8.1\include\shared\sdv_driverspecs.h
Note: including file:     C:\Program Files (x86)\Windows Kits\8.1\include\um\winnt.h
Note: including file:      C:\Program Files (x86)\Microsoft Visual Studio 12.0\VC\INCLUDE\ctype.h
Note: including file:       C:\Program Files (x86)\Microsoft Visual Studio 12.0\VC\INCLUDE\crtdefs.h
Note: including file:      C:\Program Files (x86)\Windows Kits\8.1\include\shared\kernelspecs.h
Note: including file:      C:\Program Files (x86)\Windows Kits\8.1\include\shared\basetsd.h
Note: including file:      C:\Program Files (x86)\Windows Kits\8.1\include\shared\guiddef.h
Note: including file:       C:\Program Files (x86)\Microsoft Visual Studio 12.0\VC\INCLUDE\string.h
Note: including file:        C:\Program Files (x86)\Microsoft Visual Studio 12.0\VC\INCLUDE\crtdefs.h
Note: including file:      c:\program files (x86)\windows kits\8.1\include\shared\pshpack4.h
Note: including file:      c:\program files (x86)\windows kits\8.1\include\shared\poppack.h
Note: including file:      C:\Program Files (x86)\Windows Kits\8.1\include\shared\pshpack4.h
Note: including file:      C:\Program Files (x86)\Windows Kits\8.1\include\shared\poppack.h
Note: including file:      c:\program files (x86)\windows kits\8.1\include\shared\pshpack4.h
Note: including file:      c:\program files (x86)\windows kits\8.1\include\shared\pshpack2.h
Note: including file:      c:\program files (x86)\windows kits\8.1\include\shared\poppack.h
Note: including file:      c:\program files (x86)\windows kits\8.1\include\shared\pshpack2.h
Note: including file:      C:\Program Files (x86)\Windows Kits\8.1\include\shared\pshpack2.h
Note: including file:      C:\Program Files (x86)\Windows Kits\8.1\include\shared\poppack.h
Note: including file:      c:\program files (x86)\windows kits\8.1\include\shared\poppack.h
Note: including file:      c:\program files (x86)\windows kits\8.1\include\shared\pshpack8.h
Note: including file:      c:\program files (x86)\windows kits\8.1\include\shared\poppack.h
Note: including file:      c:\program files (x86)\windows kits\8.1\include\shared\poppack.h
Note: including file:      C:\Program Files (x86)\Windows Kits\8.1\include\shared\apiset.h
Note: including file:      C:\Program Files (x86)\Windows Kits\8.1\include\shared\ktmtypes.h
Note: including file:   C:\Program Files (x86)\Windows Kits\8.1\include\um\winbase.h
Note: including file:    C:\Program Files (x86)\Windows Kits\8.1\include\shared\apisetcconv.h
Note: including file:    C:\Program Files (x86)\Windows Kits\8.1\include\um\minwinbase.h
Note: including file:    C:\Program Files (x86)\Windows Kits\8.1\include\um\processenv.h
Note: including file:    C:\Program Files (x86)\Windows Kits\8.1\include\um\fileapi.h
Note: including file:    C:\Program Files (x86)\Windows Kits\8.1\include\um\debugapi.h
Note: including file:    C:\Program Files (x86)\Windows Kits\8.1\include\um\utilapiset.h
Note: including file:    C:\Program Files (x86)\Windows Kits\8.1\include\um\handleapi.h
Note: including file:    C:\Program Files (x86)\Windows Kits\8.1\include\um\errhandlingapi.h
Note: including file:    C:\Program Files (x86)\Windows Kits\8.1\include\um\fibersapi.h
Note: including file:    C:\Program Files (x86)\Windows Kits\8.1\include\um\namedpipeapi.h
Note: including file:    C:\Program Files (x86)\Windows Kits\8.1\include\um\profileapi.h
Note: including file:    C:\Program Files (x86)\Windows Kits\8.1\include\um\heapapi.h
Note: including file:    C:\Program Files (x86)\Windows Kits\8.1\include\um\ioapiset.h
Note: including file:    C:\Program Files (x86)\Windows Kits\8.1\include\um\synchapi.h
Note: including file:    C:\Program Files (x86)\Windows Kits\8.1\include\um\interlockedapi.h
Note: including file:    C:\Program Files (x86)\Windows Kits\8.1\include\um\processthreadsapi.h
Note: including file:    C:\Program Files (x86)\Windows Kits\8.1\include\um\sysinfoapi.h
Note: including file:    C:\Program Files (x86)\Windows Kits\8.1\include\um\memoryapi.h
Note: including file:    C:\Program Files (x86)\Windows Kits\8.1\include\um\threadpoollegacyapiset.h
Note: including file:    C:\Program Files (x86)\Windows Kits\8.1\include\um\threadpoolapiset.h
Note: including file:    C:\Program Files (x86)\Windows Kits\8.1\include\um\bemapiset.h
Note: including file:    C:\Program Files (x86)\Windows Kits\8.1\include\um\jobapi.h
Note: including file:    C:\Program Files (x86)\Windows Kits\8.1\include\um\wow64apiset.h
Note: including file:    C:\Program Files (x86)\Windows Kits\8.1\include\um\libloaderapi.h
Note: including file:    C:\Program Files (x86)\Windows Kits\8.1\include\um\securitybaseapi.h
Note: including file:    C:\Program Files (x86)\Windows Kits\8.1\include\um\namespaceapi.h
Note: including file:    C:\Program Files (x86)\Windows Kits\8.1\include\um\systemtopologyapi.h
Note: including file:    C:\Program Files (x86)\Windows Kits\8.1\include\um\processtopologyapi.h
Note: including file:    C:\Program Files (x86)\Windows Kits\8.1\include\um\securityappcontainer.h
Note: including file:    C:\Program Files (x86)\Windows Kits\8.1\include\um\realtimeapiset.h
Note: including file:    C:\Program Files (x86)\Windows Kits\8.1\include\shared\winerror.h
Note: including file:    C:\Program Files (x86)\Windows Kits\8.1\include\um\timezoneapi.h
Note: including file:   C:\Program Files (x86)\Windows Kits\8.1\include\um\wingdi.h
Note: including file:    C:\Program Files (x86)\Windows Kits\8.1\include\shared\pshpack1.h
Note: including file:    C:\Program Files (x86)\Windows Kits\8.1\include\shared\poppack.h
Note: including file:    C:\Program Files (x86)\Windows Kits\8.1\include\shared\pshpack2.h
Note: including file:    C:\Program Files (x86)\Windows Kits\8.1\include\shared\poppack.h
Note: including file:    C:\Program Files (x86)\Windows Kits\8.1\include\shared\pshpack2.h
Note: including file:    C:\Program Files (x86)\Windows Kits\8.1\include\shared\poppack.h
Note: including file:    C:\Program Files (x86)\Windows Kits\8.1\include\shared\pshpack4.h
Note: including file:    C:\Program Files (x86)\Windows Kits\8.1\include\shared\poppack.h
Note: including file:    C:\Program Files (x86)\Windows Kits\8.1\include\shared\pshpack4.h
Note: including file:    C:\Program Files (x86)\Windows Kits\8.1\include\shared\poppack.h
Note: including file:   C:\Program Files (x86)\Windows Kits\8.1\include\um\winuser.h
Note: including file:    C:\Program Files (x86)\Windows Kits\8.1\include\shared\pshpack2.h
Note: including file:    C:\Program Files (x86)\Windows Kits\8.1\include\shared\poppack.h
Note: including file:    C:\Program Files (x86)\Windows Kits\8.1\include\shared\tvout.h
Note: including file:   C:\Program Files (x86)\Windows Kits\8.1\include\um\winnls.h
Note: including file:    C:\Program Files (x86)\Windows Kits\8.1\include\um\datetimeapi.h
Note: including file:    C:\Program Files (x86)\Windows Kits\8.1\include\um\stringapiset.h
Note: including file:     C:\Program Files (x86)\Windows Kits\8.1\include\um\winnls.h
Note: including file:   C:\Program Files (x86)\Windows Kits\8.1\include\um\wincon.h
Note: including file:    C:\Program Files (x86)\Windows Kits\8.1\include\um\consoleapi.h
Note: including file:   C:\Program Files (x86)\Windows Kits\8.1\include\um\winver.h
Note: including file:    C:\Program Files (x86)\Windows Kits\8.1\include\um\verrsrc.h
Note: including file:   C:\Program Files (x86)\Windows Kits\8.1\include\um\winreg.h
Note: including file:    C:\Program Files (x86)\Windows Kits\8.1\include\um\reason.h
Note: including file:   C:\Program Files (x86)\Windows Kits\8.1\include\um\winnetwk.h
Note: including file:    C:\Program Files (x86)\Windows Kits\8.1\include\shared\wnnc.h
Note: including file:   C:\Program Files (x86)\Windows Kits\8.1\include\shared\stralign.h
Note: including file:   C:\Program Files (x86)\Windows Kits\8.1\include\um\winsvc.h
Note: including file:   C:\Program Files (x86)\Windows Kits\8.1\include\um\mcx.h
Note: including file:   C:\Program Files (x86)\Windows Kits\8.1\include\um\imm.h
Note: including file:    C:\Program Files (x86)\Windows Kits\8.1\include\um\ime_cmodes.h
Note: including file:  C:\Program Files (x86)\Windows Kits\8.1\include\shared\ws2def.h
Note: including file:   C:\Program Files (x86)\Windows Kits\8.1\include\shared\inaddr.h
Note: including file:  C:\Program Files (x86)\Windows Kits\8.1\include\shared\qos.h
Note: including file: C:\pr-network18-v2-all\reverted-headers\src\external/3rd/library/udplibrary/UdpLibrary.hpp
Note: including file:  C:\Program Files (x86)\Microsoft Visual Studio 12.0\VC\INCLUDE\stdio.h
Note: including file:   C:\Program Files (x86)\Microsoft Visual Studio 12.0\VC\INCLUDE\crtdefs.h
Note: including file:   C:\Program Files (x86)\Microsoft Visual Studio 12.0\VC\INCLUDE\swprintf.inl
Note: including file:  C:\pr-network18-v2-source\src\external\3rd\library\udplibrary\UdpHandler.hpp
Note: including file:  C:\pr-network18-v2-source\src\external\3rd\library\udplibrary\priority.hpp
Note: including file:  C:\pr-network18-v2-source\src\external\3rd\library\udplibrary\hashtable.hpp
Note: including file:   C:\Program Files (x86)\Microsoft Visual Studio 12.0\VC\INCLUDE\stddef.h
Note: including file:    C:\Program Files (x86)\Microsoft Visual Studio 12.0\VC\INCLUDE\crtdefs.h
Note: including file:   C:\Program Files (x86)\Microsoft Visual Studio 12.0\VC\INCLUDE\memory.h
Note: including file:    C:\Program Files (x86)\Microsoft Visual Studio 12.0\VC\INCLUDE\crtdefs.h
C:\pr-network18-v2-all\reverted-headers\src\external/3rd/library/udplibrary/UdpLibrary.hpp(10) : error C2371: 'SOCKET' : redefinition; different basic types
        C:\Program Files (x86)\Windows Kits\8.1\include\um\winsock2.h(122) : see declaration of 'SOCKET'
Note: including file: C:\Program Files (x86)\Microsoft Visual Studio 12.0\VC\INCLUDE\stdlib.h
Note: including file:  C:\Program Files (x86)\Microsoft Visual Studio 12.0\VC\INCLUDE\crtdefs.h
Note: including file:  C:\Program Files (x86)\Microsoft Visual Studio 12.0\VC\INCLUDE\limits.h
Note: including file:   C:\Program Files (x86)\Microsoft Visual Studio 12.0\VC\INCLUDE\crtdefs.h
