ACP=1252 CPINFO_OK=1 MAX_CHAR_SIZE=1 THREAD_LOCALE=1033
CASE=1 KIND=nonempty ID=1 CAPACITY=1 OFFSET=8
BEFORE=C3C3C3C3C3C3C3C3A5D7D7D7D7D7D7D7D7D7D7D7D7D7D7D7D7D7D7D7D7D7D7D7
AFTER=C3C3C3C3C3C3C3C300D7D7D7D7D7D7D7D7D7D7D7D7D7D7D7D7D7D7D7D7D7D7D7
COUNT=0 LAST_ERROR=305419896 GUARDS=1
CASE=2 KIND=nonempty ID=1 CAPACITY=2 OFFSET=8
BEFORE=C3C3C3C3C3C3C3C3A5A5D7D7D7D7D7D7D7D7D7D7D7D7D7D7D7D7D7D7D7D7D7D7
AFTER=C3C3C3C3C3C3C3C34100D7D7D7D7D7D7D7D7D7D7D7D7D7D7D7D7D7D7D7D7D7D7
COUNT=1 LAST_ERROR=305419896 GUARDS=1
CASE=3 KIND=nonempty ID=1 CAPACITY=4 OFFSET=8
BEFORE=C3C3C3C3C3C3C3C3A5A5A5A5D7D7D7D7D7D7D7D7D7D7D7D7D7D7D7D7D7D7D7D7
AFTER=C3C3C3C3C3C3C3C341424300D7D7D7D7D7D7D7D7D7D7D7D7D7D7D7D7D7D7D7D7
COUNT=3 LAST_ERROR=305419896 GUARDS=1
CASE=4 KIND=nonempty ID=1 CAPACITY=6 OFFSET=8
BEFORE=C3C3C3C3C3C3C3C3A5A5A5A5A5A5D7D7D7D7D7D7D7D7D7D7D7D7D7D7D7D7D7D7
AFTER=C3C3C3C3C3C3C3C3414243444500D7D7D7D7D7D7D7D7D7D7D7D7D7D7D7D7D7D7
COUNT=5 LAST_ERROR=305419896 GUARDS=1
CASE=5 KIND=nonempty ID=1 CAPACITY=7 OFFSET=8
BEFORE=C3C3C3C3C3C3C3C3A5A5A5A5A5A5A5D7D7D7D7D7D7D7D7D7D7D7D7D7D7D7D7D7
AFTER=C3C3C3C3C3C3C3C341424344454600D7D7D7D7D7D7D7D7D7D7D7D7D7D7D7D7D7
COUNT=6 LAST_ERROR=305419896 GUARDS=1
CASE=6 KIND=nonempty ID=1 CAPACITY=11 OFFSET=8
BEFORE=C3C3C3C3C3C3C3C3A5A5A5A5A5A5A5A5A5A5A5D7D7D7D7D7D7D7D7D7D7D7D7D7
AFTER=C3C3C3C3C3C3C3C341424344454600A5A5A5A5D7D7D7D7D7D7D7D7D7D7D7D7D7
COUNT=6 LAST_ERROR=305419896 GUARDS=1
CASE=7 KIND=explicit_empty ID=2 CAPACITY=1 OFFSET=8
BEFORE=C3C3C3C3C3C3C3C3A5D7D7D7D7D7D7D7D7D7D7D7D7D7D7D7D7D7D7D7D7D7D7D7
AFTER=C3C3C3C3C3C3C3C300D7D7D7D7D7D7D7D7D7D7D7D7D7D7D7D7D7D7D7D7D7D7D7
COUNT=0 LAST_ERROR=305419896 GUARDS=1
CASE=8 KIND=explicit_empty ID=2 CAPACITY=2 OFFSET=8
BEFORE=C3C3C3C3C3C3C3C3A5A5D7D7D7D7D7D7D7D7D7D7D7D7D7D7D7D7D7D7D7D7D7D7
AFTER=C3C3C3C3C3C3C3C300A5D7D7D7D7D7D7D7D7D7D7D7D7D7D7D7D7D7D7D7D7D7D7
COUNT=0 LAST_ERROR=305419896 GUARDS=1
CASE=9 KIND=explicit_empty ID=2 CAPACITY=4 OFFSET=8
BEFORE=C3C3C3C3C3C3C3C3A5A5A5A5D7D7D7D7D7D7D7D7D7D7D7D7D7D7D7D7D7D7D7D7
AFTER=C3C3C3C3C3C3C3C300A5A5A5D7D7D7D7D7D7D7D7D7D7D7D7D7D7D7D7D7D7D7D7
COUNT=0 LAST_ERROR=305419896 GUARDS=1
CASE=10 KIND=explicit_empty ID=2 CAPACITY=6 OFFSET=8
BEFORE=C3C3C3C3C3C3C3C3A5A5A5A5A5A5D7D7D7D7D7D7D7D7D7D7D7D7D7D7D7D7D7D7
AFTER=C3C3C3C3C3C3C3C300A5A5A5A5A5D7D7D7D7D7D7D7D7D7D7D7D7D7D7D7D7D7D7
COUNT=0 LAST_ERROR=305419896 GUARDS=1
CASE=11 KIND=explicit_empty ID=2 CAPACITY=7 OFFSET=8
BEFORE=C3C3C3C3C3C3C3C3A5A5A5A5A5A5A5D7D7D7D7D7D7D7D7D7D7D7D7D7D7D7D7D7
AFTER=C3C3C3C3C3C3C3C300A5A5A5A5A5A5D7D7D7D7D7D7D7D7D7D7D7D7D7D7D7D7D7
COUNT=0 LAST_ERROR=305419896 GUARDS=1
CASE=12 KIND=explicit_empty ID=2 CAPACITY=11 OFFSET=8
BEFORE=C3C3C3C3C3C3C3C3A5A5A5A5A5A5A5A5A5A5A5D7D7D7D7D7D7D7D7D7D7D7D7D7
AFTER=C3C3C3C3C3C3C3C300A5A5A5A5A5A5A5A5A5A5D7D7D7D7D7D7D7D7D7D7D7D7D7
COUNT=0 LAST_ERROR=305419896 GUARDS=1
CASE=13 KIND=missing_same_bundle ID=3 CAPACITY=1 OFFSET=8
BEFORE=C3C3C3C3C3C3C3C3A5D7D7D7D7D7D7D7D7D7D7D7D7D7D7D7D7D7D7D7D7D7D7D7
AFTER=C3C3C3C3C3C3C3C300D7D7D7D7D7D7D7D7D7D7D7D7D7D7D7D7D7D7D7D7D7D7D7
COUNT=0 LAST_ERROR=305419896 GUARDS=1
CASE=14 KIND=missing_same_bundle ID=3 CAPACITY=2 OFFSET=8
BEFORE=C3C3C3C3C3C3C3C3A5A5D7D7D7D7D7D7D7D7D7D7D7D7D7D7D7D7D7D7D7D7D7D7
AFTER=C3C3C3C3C3C3C3C300A5D7D7D7D7D7D7D7D7D7D7D7D7D7D7D7D7D7D7D7D7D7D7
COUNT=0 LAST_ERROR=305419896 GUARDS=1
CASE=15 KIND=missing_same_bundle ID=3 CAPACITY=4 OFFSET=8
BEFORE=C3C3C3C3C3C3C3C3A5A5A5A5D7D7D7D7D7D7D7D7D7D7D7D7D7D7D7D7D7D7D7D7
AFTER=C3C3C3C3C3C3C3C300A5A5A5D7D7D7D7D7D7D7D7D7D7D7D7D7D7D7D7D7D7D7D7
COUNT=0 LAST_ERROR=305419896 GUARDS=1
CASE=16 KIND=missing_same_bundle ID=3 CAPACITY=6 OFFSET=8
BEFORE=C3C3C3C3C3C3C3C3A5A5A5A5A5A5D7D7D7D7D7D7D7D7D7D7D7D7D7D7D7D7D7D7
AFTER=C3C3C3C3C3C3C3C300A5A5A5A5A5D7D7D7D7D7D7D7D7D7D7D7D7D7D7D7D7D7D7
COUNT=0 LAST_ERROR=305419896 GUARDS=1
CASE=17 KIND=missing_same_bundle ID=3 CAPACITY=7 OFFSET=8
BEFORE=C3C3C3C3C3C3C3C3A5A5A5A5A5A5A5D7D7D7D7D7D7D7D7D7D7D7D7D7D7D7D7D7
AFTER=C3C3C3C3C3C3C3C300A5A5A5A5A5A5D7D7D7D7D7D7D7D7D7D7D7D7D7D7D7D7D7
COUNT=0 LAST_ERROR=305419896 GUARDS=1
CASE=18 KIND=missing_same_bundle ID=3 CAPACITY=11 OFFSET=8
BEFORE=C3C3C3C3C3C3C3C3A5A5A5A5A5A5A5A5A5A5A5D7D7D7D7D7D7D7D7D7D7D7D7D7
AFTER=C3C3C3C3C3C3C3C300A5A5A5A5A5A5A5A5A5A5D7D7D7D7D7D7D7D7D7D7D7D7D7
COUNT=0 LAST_ERROR=305419896 GUARDS=1
CASE=19 KIND=missing_bundle ID=33 CAPACITY=1 OFFSET=8
BEFORE=C3C3C3C3C3C3C3C3A5D7D7D7D7D7D7D7D7D7D7D7D7D7D7D7D7D7D7D7D7D7D7D7
AFTER=C3C3C3C3C3C3C3C300D7D7D7D7D7D7D7D7D7D7D7D7D7D7D7D7D7D7D7D7D7D7D7
COUNT=0 LAST_ERROR=1814 GUARDS=1
CASE=20 KIND=missing_bundle ID=33 CAPACITY=2 OFFSET=8
BEFORE=C3C3C3C3C3C3C3C3A5A5D7D7D7D7D7D7D7D7D7D7D7D7D7D7D7D7D7D7D7D7D7D7
AFTER=C3C3C3C3C3C3C3C300A5D7D7D7D7D7D7D7D7D7D7D7D7D7D7D7D7D7D7D7D7D7D7
COUNT=0 LAST_ERROR=1814 GUARDS=1
CASE=21 KIND=missing_bundle ID=33 CAPACITY=4 OFFSET=8
BEFORE=C3C3C3C3C3C3C3C3A5A5A5A5D7D7D7D7D7D7D7D7D7D7D7D7D7D7D7D7D7D7D7D7
AFTER=C3C3C3C3C3C3C3C300A5A5A5D7D7D7D7D7D7D7D7D7D7D7D7D7D7D7D7D7D7D7D7
COUNT=0 LAST_ERROR=1814 GUARDS=1
CASE=22 KIND=missing_bundle ID=33 CAPACITY=6 OFFSET=8
BEFORE=C3C3C3C3C3C3C3C3A5A5A5A5A5A5D7D7D7D7D7D7D7D7D7D7D7D7D7D7D7D7D7D7
AFTER=C3C3C3C3C3C3C3C300A5A5A5A5A5D7D7D7D7D7D7D7D7D7D7D7D7D7D7D7D7D7D7
COUNT=0 LAST_ERROR=1814 GUARDS=1
CASE=23 KIND=missing_bundle ID=33 CAPACITY=7 OFFSET=8
BEFORE=C3C3C3C3C3C3C3C3A5A5A5A5A5A5A5D7D7D7D7D7D7D7D7D7D7D7D7D7D7D7D7D7
AFTER=C3C3C3C3C3C3C3C300A5A5A5A5A5A5D7D7D7D7D7D7D7D7D7D7D7D7D7D7D7D7D7
COUNT=0 LAST_ERROR=1814 GUARDS=1
CASE=24 KIND=missing_bundle ID=33 CAPACITY=11 OFFSET=8
BEFORE=C3C3C3C3C3C3C3C3A5A5A5A5A5A5A5A5A5A5A5D7D7D7D7D7D7D7D7D7D7D7D7D7
AFTER=C3C3C3C3C3C3C3C300A5A5A5A5A5A5A5A5A5A5D7D7D7D7D7D7D7D7D7D7D7D7D7
COUNT=0 LAST_ERROR=1814 GUARDS=1
CASES=24 GUARDS_ALL=1
