
Searching libraries
    Searching C:\pcre-native-v3\amd64-Release\pcre-4.1\pcre.lib:
    Searching C:\xml-pcre-next-v3\amd64-Release\libxml2-2.6.7\win32\bin.msvc\libxml2.lib:
    Searching C:\vivox-wrapper-source-v1\Release-amd64\vivoxSharedWrapper.lib:
    Searching R:\repo\src\compile\deps\v120\x64\Release\stlport.lib:
    Searching ..\..\..\..\..\..\..\src\compile\x64\archive\Release\archive.lib:
    Searching ..\..\..\..\..\..\..\src\compile\x64\blat\Release\blat.lib:
    Searching ..\..\..\..\..\..\..\src\compile\x64\clientAnimation\Release\clientAnimation.lib:
    Searching ..\..\..\..\..\..\..\src\compile\x64\clientAudio\Release\clientAudio.lib:
    Searching ..\..\..\..\..\..\..\src\compile\x64\clientBugReporting\Release\clientBugReporting.lib:
    Searching ..\..\..\..\..\..\..\src\compile\x64\clientDirectInput\Release\clientDirectInput.lib:
    Searching ..\..\..\..\..\..\..\src\compile\x64\clientGame\Release\clientGame.lib:
    Searching ..\..\..\..\..\..\..\src\compile\x64\clientGraphics\Release\clientGraphics.lib:
    Searching ..\..\..\..\..\..\..\src\compile\x64\clientObject\Release\clientObject.lib:
    Searching ..\..\..\..\..\..\..\src\compile\x64\clientParticle\Release\clientParticle.lib:
    Searching ..\..\..\..\..\..\..\src\compile\x64\clientSkeletalAnimation\Release\clientSkeletalAnimation.lib:
    Searching ..\..\..\..\..\..\..\src\compile\x64\clientTerrain\Release\clientTerrain.lib:
    Searching ..\..\..\..\..\..\..\src\compile\x64\clientTextureRenderer\Release\clientTextureRenderer.lib:
    Searching ..\..\..\..\..\..\..\src\compile\x64\clientUserInterface\Release\clientUserInterface.lib:
    Searching ..\..\..\..\..\..\..\src\compile\x64\crypto\Release\crypto.lib:
    Searching ..\..\..\..\..\..\..\src\compile\x64\Direct3d9\Release\gl05_r.lib:
    Searching ..\..\..\..\..\..\..\src\compile\x64\Direct3d9_ffp\Release\gl06_r.lib:
    Searching ..\..\..\..\..\..\..\src\compile\x64\Direct3d9_vsps\Release\gl07_r.lib:
    Searching ..\..\..\..\..\..\..\src\compile\x64\fileInterface\Release\fileInterface.lib:
    Searching ..\..\..\..\..\..\..\src\compile\x64\lcdui\Release\lcdui.lib:
    Searching ..\..\..\..\..\..\..\src\compile\x64\libEverQuestTCG\Release\libEverQuestTCG.lib:
    Searching ..\..\..\..\..\..\..\src\compile\x64\localization\Release\localization.lib:
    Searching ..\..\..\..\..\..\..\src\compile\x64\localizationArchive\Release\localizationArchive.lib:
    Searching ..\..\..\..\..\..\..\src\compile\x64\sharedCollision\Release\sharedCollision.lib:
    Searching ..\..\..\..\..\..\..\src\compile\x64\sharedCommandParser\Release\sharedCommandParser.lib:
    Searching ..\..\..\..\..\..\..\src\compile\x64\sharedCompression\Release\sharedCompression.lib:
    Searching ..\..\..\..\..\..\..\src\compile\x64\sharedFile\Release\sharedFile.lib:
    Searching ..\..\..\..\..\..\..\src\compile\x64\sharedFoundation\Release\sharedFoundation.lib:
    Searching ..\..\..\..\..\..\..\src\compile\x64\sharedFractal\Release\sharedFractal.lib:
    Searching ..\..\..\..\..\..\..\src\compile\x64\sharedGame\Release\sharedGame.lib:
    Searching ..\..\..\..\..\..\..\src\compile\x64\sharedImage\Release\sharedImage.lib:
    Searching ..\..\..\..\..\..\..\src\compile\x64\sharedInputMap\Release\sharedInputMap.lib:
    Searching ..\..\..\..\..\..\..\src\compile\x64\sharedIoWin\Release\sharedIoWin.lib:
    Searching ..\..\..\..\..\..\..\src\compile\x64\sharedLog\Release\sharedLog.lib:
    Searching ..\..\..\..\..\..\..\src\compile\x64\sharedMath\Release\sharedMath.lib:
    Searching ..\..\..\..\..\..\..\src\compile\x64\sharedMemoryManager\Release\sharedMemoryManager.lib:
    Searching ..\..\..\..\..\..\..\src\compile\x64\sharedMessageDispatch\Release\sharedMessageDispatch.lib:
    Searching ..\..\..\..\..\..\..\src\compile\x64\sharedNetwork\Release\sharedNetwork.lib:
    Searching ..\..\..\..\..\..\..\src\compile\x64\sharedNetworkMessages\Release\sharedNetworkMessages.lib:
    Searching ..\..\..\..\..\..\..\src\compile\x64\sharedObject\Release\sharedObject.lib:
    Searching ..\..\..\..\..\..\..\src\compile\x64\sharedPathfinding\Release\sharedPathfinding.lib:
    Searching ..\..\..\..\..\..\..\src\compile\x64\sharedRandom\Release\sharedRandom.lib:
    Searching ..\..\..\..\..\..\..\src\compile\x64\sharedRegex\Release\sharedRegex.lib:
    Searching ..\..\..\..\..\..\..\src\compile\x64\sharedSkillSystem\Release\sharedSkillSystem.lib:
    Searching ..\..\..\..\..\..\..\src\compile\x64\sharedStatusWindow\Release\sharedStatusWindow.lib:
    Searching ..\..\..\..\..\..\..\src\compile\x64\sharedSwitcher\Release\sharedSwitcher.lib:
    Searching ..\..\..\..\..\..\..\src\compile\x64\sharedSynchronization\Release\sharedSynchronization.lib:
    Searching ..\..\..\..\..\..\..\src\compile\x64\sharedTerrain\Release\sharedTerrain.lib:
    Searching ..\..\..\..\..\..\..\src\compile\x64\sharedThread\Release\sharedThread.lib:
    Searching ..\..\..\..\..\..\..\src\compile\x64\sharedUtility\Release\sharedUtility.lib:
    Searching ..\..\..\..\..\..\..\src\compile\x64\sharedXml\Release\sharedXml.lib:
    Searching ..\..\..\..\..\..\..\src\compile\x64\swgClientUserInterface\Release\swgClientUserInterface.lib:
    Searching ..\..\..\..\..\..\..\src\compile\x64\swgSharedNetworkMessages\Release\swgSharedNetworkMessages.lib:
    Searching ..\..\..\..\..\..\..\src\compile\x64\swgSharedUtility\Release\swgSharedUtility.lib:
    Searching ..\..\..\..\..\..\..\src\compile\x64\udplibrary\Release\udplibrary.lib:
    Searching ..\..\..\..\..\..\..\src\compile\x64\ui\Release\ui.lib:
    Searching ..\..\..\..\..\..\..\src\compile\x64\unicode\Release\unicode.lib:
    Searching ..\..\..\..\..\..\..\src\compile\x64\unicodeArchive\Release\unicodeArchive.lib:
    Searching ..\..\..\..\..\..\..\src\compile\x64\sharedDebug\Release\sharedDebug.lib:
    Searching ..\..\..\..\..\..\..\src\compile\x64\zlib\Release\zlib.lib:
    Searching ..\..\..\..\..\..\..\src\external\3rd\library\ati_compress\ATI_Compress.lib:
    Searching ..\..\..\..\..\..\..\src\external\3rd\library\atlmfc\lib\atldload.lib:
    Searching ..\..\..\..\..\..\..\src\external\3rd\library\atlmfc\lib\atlsd.lib:
    Searching ..\..\..\..\..\..\..\src\external\3rd\library\atlmfc\lib\eafxisd.lib:
    Searching ..\..\..\..\..\..\..\src\external\3rd\library\atlmfc\lib\atl.lib:
    Searching ..\..\..\..\..\..\..\src\external\3rd\library\atlmfc\lib\MFCM80D.lib:
    Searching ..\..\..\..\..\..\..\src\external\3rd\library\atlmfc\lib\MFCM80UD.lib:
    Searching ..\..\..\..\..\..\..\src\external\3rd\library\atlmfc\lib\MFCS80D.lib:
    Searching ..\..\..\..\..\..\..\src\external\3rd\library\atlmfc\lib\MFCS80UD.lib:
    Searching ..\..\..\..\..\..\..\src\external\3rd\library\atlmfc\lib\NafxcWD.lib:
    Searching ..\..\..\..\..\..\..\src\external\3rd\library\atlmfc\lib\NAFXISD.lib:
    Searching ..\..\..\..\..\..\..\src\external\3rd\library\atlmfc\lib\UafxcWD.lib:
    Searching ..\..\..\..\..\..\..\src\external\3rd\library\atlmfc\lib\mfc80d.lib:
    Searching ..\..\..\..\..\..\..\src\external\3rd\library\atlmfc\lib\mfc80ud.lib:
    Searching ..\..\..\..\..\..\..\src\external\3rd\library\atlmfc\lib\mfcdload.lib:
    Searching ..\..\..\..\..\..\..\src\external\3rd\library\bink\lib\win32\binkw32.lib:
    Searching ..\..\..\..\..\..\..\src\external\3rd\library\DejaInsight\DejaDLL.Win32.lib:
    Searching ..\..\..\..\..\..\..\src\external\3rd\library\DejaInsight\DejaLib.Win32.lib:
    Searching ..\..\..\..\..\..\..\src\external\3rd\library\DejaInsight\DejaLib.X360.lib:
    Searching C:/SDKs/DXSDK\Lib\x64\d3d9.lib:
    Searching ..\..\..\..\..\..\..\src\external\3rd\library\directx9\lib\d3dx.lib:
    Searching C:/SDKs/DXSDK\Lib\x64\d3dx9.lib:
    Searching ..\..\..\..\..\..\..\src\external\3rd\library\directx9\lib\d3dx9dt.lib:
    Searching ..\..\..\..\..\..\..\src\external\3rd\library\directx9\lib\ddraw.lib:
    Searching C:/SDKs/DXSDK\Lib\x64\dinput8.lib:
    Searching ..\..\..\..\..\..\..\src\external\3rd\library\directx9\lib\dsetup.lib:
    Searching C:/SDKs/DXSDK\Lib\x64\dsound.lib:
    Searching ..\..\..\..\..\..\..\src\external\3rd\library\directx9\lib\DxErr9.lib:
    Searching C:/SDKs/DXSDK\Lib\x64\dxguid.lib:
    Searching ..\..\..\..\..\..\..\src\compile\x64\dpvs\Release\dpvs.lib:
    Searching C:/lcd-props-eval-v1/LCDSDK/Lib/x64\lgLcd.lib:
    Searching ..\..\..\..\..\..\..\src\external\3rd\library\libjpeg\lib\libjpeg.lib:
    Searching ..\..\..\..\..\..\..\src\external\3rd\library\miles\lib\win\Mss32.lib:
    Searching ..\..\..\..\..\..\..\src\external\3rd\library\ms_unicode\unicows.lib:
    Searching ..\..\..\..\..\..\..\src\external\3rd\library\nvtristrip\NvTriStrip.lib:
    Searching ..\..\..\..\..\..\..\src\external\3rd\library\soePlatform\libs\Win32-Release\Base.lib:
    Searching ..\..\..\..\..\..\..\src\external\3rd\library\soePlatform\libs\Win32-Release\Base_vchat.lib:
    Searching ..\..\..\..\..\..\..\src\external\3rd\library\soePlatform\libs\Win32-Release\ChatAPI.lib:
    Searching ..\..\..\..\..\..\..\src\external\3rd\library\soePlatform\libs\Win32-Release\ChatMono.lib:
    Searching ..\..\..\..\..\..\..\src\external\3rd\library\soePlatform\libs\Win32-Release\CommodityAPI.lib:
    Searching ..\..\..\..\..\..\..\src\external\3rd\library\soePlatform\libs\Win32-Release\dbgutil.lib:
    Searching ..\..\..\..\..\..\..\src\external\3rd\library\soePlatform\libs\Win32-Release\monapi.lib:
    Searching ..\..\..\..\..\..\..\src\external\3rd\library\soePlatform\libs\Win32-Release\Network.lib:
    Searching ..\..\..\..\..\..\..\src\external\3rd\library\soePlatform\libs\Win32-Release\rdp.lib:
    Searching ..\..\..\..\..\..\..\src\external\3rd\library\soePlatform\libs\Win32-Release\TcpLibrary.lib:
    Searching ..\..\..\..\..\..\..\src\external\3rd\library\soePlatform\libs\Win32-Release\VChatAPI.lib:
    Searching ..\..\..\..\..\..\..\src\external\3rd\library\stationapi\989crypt.lib:
    Searching ..\..\..\..\..\..\..\src\external\3rd\library\tinyxml\lib\tinyxmld.lib:
    Searching ..\..\..\..\..\..\..\src\external\3rd\library\tinyxml\lib\tinyxmld_STL.lib:
    Searching ..\..\..\..\..\..\..\src\external\3rd\library\videocapture\AudioCapture\lib\win32\AudioCapture.lib:
    Searching ..\..\..\..\..\..\..\src\external\3rd\library\videocapture\CaptureCommon\lib\win32\CaptureCommon_release.lib:
    Searching ..\..\..\..\..\..\..\src\external\3rd\library\videocapture\ImageCapture\lib\win32\ImageCapture_release.lib:
    Searching ..\..\..\..\..\..\..\src\external\3rd\library\videocapture\PICTools\Lib\win32\picn20md.lib:
    Searching ..\..\..\..\..\..\..\src\external\3rd\library\videocapture\Smart\lib\win32\Smart_debug.lib:
    Searching ..\..\..\..\..\..\..\src\external\3rd\library\videocapture\SoeUtil\lib\win32\SoeUtil_debug.lib:
    Searching ..\..\..\..\..\..\..\src\external\3rd\library\videocapture\VideoCapture\lib\win32\VideoCapture_release.lib:
    Searching ..\..\..\..\..\..\..\src\external\3rd\library\videocapture\ZlibUtil\lib\win32\ZlibUtil_release.lib:
    Searching ..\..\..\..\..\..\..\src\external\3rd\library\vivox\lib\libsndfile-1.lib:
    Searching ..\..\..\..\..\..\..\src\external\3rd\library\vivox\lib\vivoxplatform.lib:
    Searching ..\..\..\..\..\..\..\src\external\3rd\library\vivox\lib\vivoxsdk.lib:
    Searching ..\..\..\..\..\..\..\src\compile\x64\sharedRemoteDebugServer\Release\sharedRemoteDebugServer.lib:
    Searching ..\..\..\..\..\..\..\src\external\3rd\library\videocapture\Smart\lib\win32\Smart_release.lib:
    Searching ..\..\..\..\..\..\..\src\external\3rd\library\videocapture\SoeUtil\lib\win32\SoeUtil_release.lib:
    Searching ..\..\..\..\..\..\..\src\external\3rd\library\videocapture\PICTools\Lib\win32\picn20m.lib:
    Searching C:\Program Files (x86)\Windows Kits\8.1\lib\winv6.3\um\x64\ws2_32.lib:
    Searching C:\Program Files (x86)\Windows Kits\8.1\lib\winv6.3\um\x64\winmm.lib:
    Searching C:\Program Files (x86)\Windows Kits\8.1\lib\winv6.3\um\x64\mswsock.lib:
    Searching C:\Program Files (x86)\Windows Kits\8.1\lib\winv6.3\um\x64\kernel32.lib:
    Searching C:\Program Files (x86)\Windows Kits\8.1\lib\winv6.3\um\x64\user32.lib:
    Searching C:\Program Files (x86)\Windows Kits\8.1\lib\winv6.3\um\x64\gdi32.lib:
    Searching C:\Program Files (x86)\Windows Kits\8.1\lib\winv6.3\um\x64\winspool.lib:
    Searching C:\Program Files (x86)\Windows Kits\8.1\lib\winv6.3\um\x64\comdlg32.lib:
    Searching C:\Program Files (x86)\Windows Kits\8.1\lib\winv6.3\um\x64\advapi32.lib:
    Searching C:\Program Files (x86)\Windows Kits\8.1\lib\winv6.3\um\x64\shell32.lib:
    Searching C:\Program Files (x86)\Windows Kits\8.1\lib\winv6.3\um\x64\ole32.lib:
    Searching C:\Program Files (x86)\Windows Kits\8.1\lib\winv6.3\um\x64\oleaut32.lib:
    Searching C:\Program Files (x86)\Windows Kits\8.1\lib\winv6.3\um\x64\uuid.lib:
    Searching C:\Program Files (x86)\Windows Kits\8.1\lib\winv6.3\um\x64\odbc32.lib:
    Searching C:\Program Files (x86)\Windows Kits\8.1\lib\winv6.3\um\x64\odbccp32.lib:
    Searching C:\Program Files (x86)\Microsoft Visual Studio 12.0\VC\LIB\amd64\libcpmt.lib:
    Searching C:\Program Files (x86)\Microsoft Visual Studio 12.0\VC\LIB\amd64\LIBCMT.lib:
    Searching C:\Program Files (x86)\Microsoft Visual Studio 12.0\VC\LIB\amd64\OLDNAMES.lib:
    Searching C:\pcre-native-v3\amd64-Release\pcre-4.1\pcre.lib:
    Searching C:\xml-pcre-next-v3\amd64-Release\libxml2-2.6.7\win32\bin.msvc\libxml2.lib:
    Searching C:\vivox-wrapper-source-v1\Release-amd64\vivoxSharedWrapper.lib:
    Searching R:\repo\src\compile\deps\v120\x64\Release\stlport.lib:
    Searching ..\..\..\..\..\..\..\src\compile\x64\archive\Release\archive.lib:
    Searching ..\..\..\..\..\..\..\src\compile\x64\blat\Release\blat.lib:
    Searching ..\..\..\..\..\..\..\src\compile\x64\clientAnimation\Release\clientAnimation.lib:
    Searching ..\..\..\..\..\..\..\src\compile\x64\clientAudio\Release\clientAudio.lib:
    Searching ..\..\..\..\..\..\..\src\compile\x64\clientBugReporting\Release\clientBugReporting.lib:
    Searching ..\..\..\..\..\..\..\src\compile\x64\clientDirectInput\Release\clientDirectInput.lib:
    Searching ..\..\..\..\..\..\..\src\compile\x64\clientGame\Release\clientGame.lib:
    Searching ..\..\..\..\..\..\..\src\compile\x64\clientGraphics\Release\clientGraphics.lib:
    Searching ..\..\..\..\..\..\..\src\compile\x64\clientObject\Release\clientObject.lib:
    Searching ..\..\..\..\..\..\..\src\compile\x64\clientParticle\Release\clientParticle.lib:
    Searching ..\..\..\..\..\..\..\src\compile\x64\clientSkeletalAnimation\Release\clientSkeletalAnimation.lib:
    Searching ..\..\..\..\..\..\..\src\compile\x64\clientTerrain\Release\clientTerrain.lib:
    Searching ..\..\..\..\..\..\..\src\compile\x64\clientTextureRenderer\Release\clientTextureRenderer.lib:
    Searching ..\..\..\..\..\..\..\src\compile\x64\clientUserInterface\Release\clientUserInterface.lib:
    Searching ..\..\..\..\..\..\..\src\compile\x64\crypto\Release\crypto.lib:
    Searching ..\..\..\..\..\..\..\src\compile\x64\Direct3d9\Release\gl05_r.lib:
    Searching ..\..\..\..\..\..\..\src\compile\x64\Direct3d9_ffp\Release\gl06_r.lib:
    Searching ..\..\..\..\..\..\..\src\compile\x64\Direct3d9_vsps\Release\gl07_r.lib:
    Searching ..\..\..\..\..\..\..\src\compile\x64\fileInterface\Release\fileInterface.lib:
    Searching ..\..\..\..\..\..\..\src\compile\x64\lcdui\Release\lcdui.lib:
    Searching ..\..\..\..\..\..\..\src\compile\x64\libEverQuestTCG\Release\libEverQuestTCG.lib:
    Searching ..\..\..\..\..\..\..\src\compile\x64\localization\Release\localization.lib:
    Searching ..\..\..\..\..\..\..\src\compile\x64\localizationArchive\Release\localizationArchive.lib:
    Searching ..\..\..\..\..\..\..\src\compile\x64\sharedCollision\Release\sharedCollision.lib:
    Searching ..\..\..\..\..\..\..\src\compile\x64\sharedCommandParser\Release\sharedCommandParser.lib:
    Searching ..\..\..\..\..\..\..\src\compile\x64\sharedCompression\Release\sharedCompression.lib:
    Searching ..\..\..\..\..\..\..\src\compile\x64\sharedFile\Release\sharedFile.lib:
    Searching ..\..\..\..\..\..\..\src\compile\x64\sharedFoundation\Release\sharedFoundation.lib:
    Searching ..\..\..\..\..\..\..\src\compile\x64\sharedFractal\Release\sharedFractal.lib:
    Searching ..\..\..\..\..\..\..\src\compile\x64\sharedGame\Release\sharedGame.lib:
    Searching ..\..\..\..\..\..\..\src\compile\x64\sharedImage\Release\sharedImage.lib:
    Searching ..\..\..\..\..\..\..\src\compile\x64\sharedInputMap\Release\sharedInputMap.lib:
    Searching ..\..\..\..\..\..\..\src\compile\x64\sharedIoWin\Release\sharedIoWin.lib:
    Searching ..\..\..\..\..\..\..\src\compile\x64\sharedLog\Release\sharedLog.lib:
    Searching ..\..\..\..\..\..\..\src\compile\x64\sharedMath\Release\sharedMath.lib:
    Searching ..\..\..\..\..\..\..\src\compile\x64\sharedMemoryManager\Release\sharedMemoryManager.lib:
    Searching ..\..\..\..\..\..\..\src\compile\x64\sharedMessageDispatch\Release\sharedMessageDispatch.lib:
    Searching ..\..\..\..\..\..\..\src\compile\x64\sharedNetwork\Release\sharedNetwork.lib:
    Searching ..\..\..\..\..\..\..\src\compile\x64\sharedNetworkMessages\Release\sharedNetworkMessages.lib:
    Searching ..\..\..\..\..\..\..\src\compile\x64\sharedObject\Release\sharedObject.lib:
    Searching ..\..\..\..\..\..\..\src\compile\x64\sharedPathfinding\Release\sharedPathfinding.lib:
    Searching ..\..\..\..\..\..\..\src\compile\x64\sharedRandom\Release\sharedRandom.lib:
    Searching ..\..\..\..\..\..\..\src\compile\x64\sharedRegex\Release\sharedRegex.lib:
    Searching ..\..\..\..\..\..\..\src\compile\x64\sharedSkillSystem\Release\sharedSkillSystem.lib:
    Searching ..\..\..\..\..\..\..\src\compile\x64\sharedStatusWindow\Release\sharedStatusWindow.lib:
    Searching ..\..\..\..\..\..\..\src\compile\x64\sharedSwitcher\Release\sharedSwitcher.lib:
    Searching ..\..\..\..\..\..\..\src\compile\x64\sharedSynchronization\Release\sharedSynchronization.lib:
    Searching ..\..\..\..\..\..\..\src\compile\x64\sharedTerrain\Release\sharedTerrain.lib:
    Searching ..\..\..\..\..\..\..\src\compile\x64\sharedThread\Release\sharedThread.lib:
    Searching ..\..\..\..\..\..\..\src\compile\x64\sharedUtility\Release\sharedUtility.lib:
    Searching ..\..\..\..\..\..\..\src\compile\x64\sharedXml\Release\sharedXml.lib:
    Searching ..\..\..\..\..\..\..\src\compile\x64\swgClientUserInterface\Release\swgClientUserInterface.lib:
    Searching ..\..\..\..\..\..\..\src\compile\x64\swgSharedNetworkMessages\Release\swgSharedNetworkMessages.lib:
    Searching ..\..\..\..\..\..\..\src\compile\x64\swgSharedUtility\Release\swgSharedUtility.lib:
    Searching ..\..\..\..\..\..\..\src\compile\x64\udplibrary\Release\udplibrary.lib:
    Searching ..\..\..\..\..\..\..\src\compile\x64\ui\Release\ui.lib:
    Searching ..\..\..\..\..\..\..\src\compile\x64\unicode\Release\unicode.lib:
    Searching ..\..\..\..\..\..\..\src\compile\x64\unicodeArchive\Release\unicodeArchive.lib:
    Searching ..\..\..\..\..\..\..\src\compile\x64\sharedDebug\Release\sharedDebug.lib:
    Searching ..\..\..\..\..\..\..\src\compile\x64\zlib\Release\zlib.lib:
    Searching ..\..\..\..\..\..\..\src\external\3rd\library\ati_compress\ATI_Compress.lib:
    Searching ..\..\..\..\..\..\..\src\external\3rd\library\atlmfc\lib\atldload.lib:
    Searching ..\..\..\..\..\..\..\src\external\3rd\library\atlmfc\lib\atlsd.lib:
    Searching ..\..\..\..\..\..\..\src\external\3rd\library\atlmfc\lib\eafxisd.lib:
    Searching ..\..\..\..\..\..\..\src\external\3rd\library\atlmfc\lib\atl.lib:
    Searching ..\..\..\..\..\..\..\src\external\3rd\library\atlmfc\lib\MFCM80D.lib:
    Searching ..\..\..\..\..\..\..\src\external\3rd\library\atlmfc\lib\MFCM80UD.lib:
    Searching ..\..\..\..\..\..\..\src\external\3rd\library\atlmfc\lib\MFCS80D.lib:
    Searching ..\..\..\..\..\..\..\src\external\3rd\library\atlmfc\lib\MFCS80UD.lib:
    Searching ..\..\..\..\..\..\..\src\external\3rd\library\atlmfc\lib\NafxcWD.lib:
    Searching ..\..\..\..\..\..\..\src\external\3rd\library\atlmfc\lib\NAFXISD.lib:
    Searching ..\..\..\..\..\..\..\src\external\3rd\library\atlmfc\lib\UafxcWD.lib:
    Searching ..\..\..\..\..\..\..\src\external\3rd\library\atlmfc\lib\mfc80d.lib:
    Searching ..\..\..\..\..\..\..\src\external\3rd\library\atlmfc\lib\mfc80ud.lib:
    Searching ..\..\..\..\..\..\..\src\external\3rd\library\atlmfc\lib\mfcdload.lib:
    Searching ..\..\..\..\..\..\..\src\external\3rd\library\bink\lib\win32\binkw32.lib:
    Searching ..\..\..\..\..\..\..\src\external\3rd\library\DejaInsight\DejaDLL.Win32.lib:
    Searching ..\..\..\..\..\..\..\src\external\3rd\library\DejaInsight\DejaLib.Win32.lib:
    Searching ..\..\..\..\..\..\..\src\external\3rd\library\DejaInsight\DejaLib.X360.lib:
    Searching C:/SDKs/DXSDK\Lib\x64\d3d9.lib:
    Searching ..\..\..\..\..\..\..\src\external\3rd\library\directx9\lib\d3dx.lib:
    Searching C:/SDKs/DXSDK\Lib\x64\d3dx9.lib:
    Searching ..\..\..\..\..\..\..\src\external\3rd\library\directx9\lib\d3dx9dt.lib:
    Searching ..\..\..\..\..\..\..\src\external\3rd\library\directx9\lib\ddraw.lib:
    Searching C:/SDKs/DXSDK\Lib\x64\dinput8.lib:
    Searching ..\..\..\..\..\..\..\src\external\3rd\library\directx9\lib\dsetup.lib:
    Searching C:/SDKs/DXSDK\Lib\x64\dsound.lib:
    Searching ..\..\..\..\..\..\..\src\external\3rd\library\directx9\lib\DxErr9.lib:
    Searching C:/SDKs/DXSDK\Lib\x64\dxguid.lib:
    Searching ..\..\..\..\..\..\..\src\compile\x64\dpvs\Release\dpvs.lib:
    Searching C:/lcd-props-eval-v1/LCDSDK/Lib/x64\lgLcd.lib:
    Searching ..\..\..\..\..\..\..\src\external\3rd\library\libjpeg\lib\libjpeg.lib:
    Searching ..\..\..\..\..\..\..\src\external\3rd\library\miles\lib\win\Mss32.lib:
    Searching ..\..\..\..\..\..\..\src\external\3rd\library\ms_unicode\unicows.lib:
    Searching ..\..\..\..\..\..\..\src\external\3rd\library\nvtristrip\NvTriStrip.lib:
    Searching ..\..\..\..\..\..\..\src\external\3rd\library\soePlatform\libs\Win32-Release\Base.lib:
    Searching ..\..\..\..\..\..\..\src\external\3rd\library\soePlatform\libs\Win32-Release\Base_vchat.lib:
    Searching ..\..\..\..\..\..\..\src\external\3rd\library\soePlatform\libs\Win32-Release\ChatAPI.lib:
    Searching ..\..\..\..\..\..\..\src\external\3rd\library\soePlatform\libs\Win32-Release\ChatMono.lib:
    Searching ..\..\..\..\..\..\..\src\external\3rd\library\soePlatform\libs\Win32-Release\CommodityAPI.lib:
    Searching ..\..\..\..\..\..\..\src\external\3rd\library\soePlatform\libs\Win32-Release\dbgutil.lib:
    Searching ..\..\..\..\..\..\..\src\external\3rd\library\soePlatform\libs\Win32-Release\monapi.lib:
    Searching ..\..\..\..\..\..\..\src\external\3rd\library\soePlatform\libs\Win32-Release\Network.lib:
    Searching ..\..\..\..\..\..\..\src\external\3rd\library\soePlatform\libs\Win32-Release\rdp.lib:
    Searching ..\..\..\..\..\..\..\src\external\3rd\library\soePlatform\libs\Win32-Release\TcpLibrary.lib:
    Searching ..\..\..\..\..\..\..\src\external\3rd\library\soePlatform\libs\Win32-Release\VChatAPI.lib:
    Searching ..\..\..\..\..\..\..\src\external\3rd\library\stationapi\989crypt.lib:
    Searching ..\..\..\..\..\..\..\src\external\3rd\library\tinyxml\lib\tinyxmld.lib:
    Searching ..\..\..\..\..\..\..\src\external\3rd\library\tinyxml\lib\tinyxmld_STL.lib:
    Searching ..\..\..\..\..\..\..\src\external\3rd\library\videocapture\AudioCapture\lib\win32\AudioCapture.lib:
    Searching ..\..\..\..\..\..\..\src\external\3rd\library\videocapture\CaptureCommon\lib\win32\CaptureCommon_release.lib:
    Searching ..\..\..\..\..\..\..\src\external\3rd\library\videocapture\ImageCapture\lib\win32\ImageCapture_release.lib:
    Searching ..\..\..\..\..\..\..\src\external\3rd\library\videocapture\PICTools\Lib\win32\picn20md.lib:
    Searching ..\..\..\..\..\..\..\src\external\3rd\library\videocapture\Smart\lib\win32\Smart_debug.lib:
    Searching ..\..\..\..\..\..\..\src\external\3rd\library\videocapture\SoeUtil\lib\win32\SoeUtil_debug.lib:
    Searching ..\..\..\..\..\..\..\src\external\3rd\library\videocapture\VideoCapture\lib\win32\VideoCapture_release.lib:
    Searching ..\..\..\..\..\..\..\src\external\3rd\library\videocapture\ZlibUtil\lib\win32\ZlibUtil_release.lib:
    Searching ..\..\..\..\..\..\..\src\external\3rd\library\vivox\lib\libsndfile-1.lib:
    Searching ..\..\..\..\..\..\..\src\external\3rd\library\vivox\lib\vivoxplatform.lib:
    Searching ..\..\..\..\..\..\..\src\external\3rd\library\vivox\lib\vivoxsdk.lib:
    Searching ..\..\..\..\..\..\..\src\compile\x64\sharedRemoteDebugServer\Release\sharedRemoteDebugServer.lib:
    Searching ..\..\..\..\..\..\..\src\external\3rd\library\videocapture\Smart\lib\win32\Smart_release.lib:
    Searching ..\..\..\..\..\..\..\src\external\3rd\library\videocapture\SoeUtil\lib\win32\SoeUtil_release.lib:
    Searching ..\..\..\..\..\..\..\src\external\3rd\library\videocapture\PICTools\Lib\win32\picn20m.lib:
    Searching C:\Program Files (x86)\Windows Kits\8.1\lib\winv6.3\um\x64\ws2_32.lib:
    Searching C:\Program Files (x86)\Windows Kits\8.1\lib\winv6.3\um\x64\winmm.lib:
    Searching C:\Program Files (x86)\Windows Kits\8.1\lib\winv6.3\um\x64\mswsock.lib:
    Searching C:\Program Files (x86)\Windows Kits\8.1\lib\winv6.3\um\x64\kernel32.lib:
    Searching C:\Program Files (x86)\Windows Kits\8.1\lib\winv6.3\um\x64\user32.lib:
    Searching C:\Program Files (x86)\Windows Kits\8.1\lib\winv6.3\um\x64\gdi32.lib:
    Searching C:\Program Files (x86)\Windows Kits\8.1\lib\winv6.3\um\x64\winspool.lib:
    Searching C:\Program Files (x86)\Windows Kits\8.1\lib\winv6.3\um\x64\comdlg32.lib:
    Searching C:\Program Files (x86)\Windows Kits\8.1\lib\winv6.3\um\x64\advapi32.lib:
    Searching C:\Program Files (x86)\Windows Kits\8.1\lib\winv6.3\um\x64\shell32.lib:
    Searching C:\Program Files (x86)\Windows Kits\8.1\lib\winv6.3\um\x64\ole32.lib:
    Searching C:\Program Files (x86)\Windows Kits\8.1\lib\winv6.3\um\x64\oleaut32.lib:
    Searching C:\Program Files (x86)\Windows Kits\8.1\lib\winv6.3\um\x64\uuid.lib:
    Searching C:\Program Files (x86)\Windows Kits\8.1\lib\winv6.3\um\x64\odbc32.lib:
    Searching C:\Program Files (x86)\Windows Kits\8.1\lib\winv6.3\um\x64\odbccp32.lib:
    Searching C:\Program Files (x86)\Microsoft Visual Studio 12.0\VC\LIB\amd64\libcpmt.lib:
    Searching C:\Program Files (x86)\Microsoft Visual Studio 12.0\VC\LIB\amd64\LIBCMT.lib:
    Searching C:\Program Files (x86)\Microsoft Visual Studio 12.0\VC\LIB\amd64\OLDNAMES.lib:
    Searching C:\pcre-native-v3\amd64-Release\pcre-4.1\pcre.lib:
    Searching C:\xml-pcre-next-v3\amd64-Release\libxml2-2.6.7\win32\bin.msvc\libxml2.lib:
    Searching C:\vivox-wrapper-source-v1\Release-amd64\vivoxSharedWrapper.lib:
    Searching R:\repo\src\compile\deps\v120\x64\Release\stlport.lib:
    Searching ..\..\..\..\..\..\..\src\compile\x64\archive\Release\archive.lib:
    Searching ..\..\..\..\..\..\..\src\compile\x64\blat\Release\blat.lib:
    Searching ..\..\..\..\..\..\..\src\compile\x64\clientAnimation\Release\clientAnimation.lib:
    Searching ..\..\..\..\..\..\..\src\compile\x64\clientAudio\Release\clientAudio.lib:
    Searching ..\..\..\..\..\..\..\src\compile\x64\clientBugReporting\Release\clientBugReporting.lib:
    Searching ..\..\..\..\..\..\..\src\compile\x64\clientDirectInput\Release\clientDirectInput.lib:
    Searching ..\..\..\..\..\..\..\src\compile\x64\clientGame\Release\clientGame.lib:
    Searching ..\..\..\..\..\..\..\src\compile\x64\clientGraphics\Release\clientGraphics.lib:
    Searching ..\..\..\..\..\..\..\src\compile\x64\clientObject\Release\clientObject.lib:
    Searching ..\..\..\..\..\..\..\src\compile\x64\clientParticle\Release\clientParticle.lib:
    Searching ..\..\..\..\..\..\..\src\compile\x64\clientSkeletalAnimation\Release\clientSkeletalAnimation.lib:
    Searching ..\..\..\..\..\..\..\src\compile\x64\clientTerrain\Release\clientTerrain.lib:
    Searching ..\..\..\..\..\..\..\src\compile\x64\clientTextureRenderer\Release\clientTextureRenderer.lib:
    Searching ..\..\..\..\..\..\..\src\compile\x64\clientUserInterface\Release\clientUserInterface.lib:
    Searching ..\..\..\..\..\..\..\src\compile\x64\crypto\Release\crypto.lib:
    Searching ..\..\..\..\..\..\..\src\compile\x64\Direct3d9\Release\gl05_r.lib:
    Searching ..\..\..\..\..\..\..\src\compile\x64\Direct3d9_ffp\Release\gl06_r.lib:
    Searching ..\..\..\..\..\..\..\src\compile\x64\Direct3d9_vsps\Release\gl07_r.lib:
    Searching ..\..\..\..\..\..\..\src\compile\x64\fileInterface\Release\fileInterface.lib:
    Searching ..\..\..\..\..\..\..\src\compile\x64\lcdui\Release\lcdui.lib:
    Searching ..\..\..\..\..\..\..\src\compile\x64\libEverQuestTCG\Release\libEverQuestTCG.lib:
    Searching ..\..\..\..\..\..\..\src\compile\x64\localization\Release\localization.lib:
    Searching ..\..\..\..\..\..\..\src\compile\x64\localizationArchive\Release\localizationArchive.lib:
    Searching ..\..\..\..\..\..\..\src\compile\x64\sharedCollision\Release\sharedCollision.lib:
    Searching ..\..\..\..\..\..\..\src\compile\x64\sharedCommandParser\Release\sharedCommandParser.lib:
    Searching ..\..\..\..\..\..\..\src\compile\x64\sharedCompression\Release\sharedCompression.lib:
    Searching ..\..\..\..\..\..\..\src\compile\x64\sharedFile\Release\sharedFile.lib:
    Searching ..\..\..\..\..\..\..\src\compile\x64\sharedFoundation\Release\sharedFoundation.lib:
    Searching ..\..\..\..\..\..\..\src\compile\x64\sharedFractal\Release\sharedFractal.lib:
    Searching ..\..\..\..\..\..\..\src\compile\x64\sharedGame\Release\sharedGame.lib:
    Searching ..\..\..\..\..\..\..\src\compile\x64\sharedImage\Release\sharedImage.lib:
    Searching ..\..\..\..\..\..\..\src\compile\x64\sharedInputMap\Release\sharedInputMap.lib:
    Searching ..\..\..\..\..\..\..\src\compile\x64\sharedIoWin\Release\sharedIoWin.lib:
    Searching ..\..\..\..\..\..\..\src\compile\x64\sharedLog\Release\sharedLog.lib:
    Searching ..\..\..\..\..\..\..\src\compile\x64\sharedMath\Release\sharedMath.lib:
    Searching ..\..\..\..\..\..\..\src\compile\x64\sharedMemoryManager\Release\sharedMemoryManager.lib:
    Searching ..\..\..\..\..\..\..\src\compile\x64\sharedMessageDispatch\Release\sharedMessageDispatch.lib:
    Searching ..\..\..\..\..\..\..\src\compile\x64\sharedNetwork\Release\sharedNetwork.lib:
    Searching ..\..\..\..\..\..\..\src\compile\x64\sharedNetworkMessages\Release\sharedNetworkMessages.lib:
    Searching ..\..\..\..\..\..\..\src\compile\x64\sharedObject\Release\sharedObject.lib:
    Searching ..\..\..\..\..\..\..\src\compile\x64\sharedPathfinding\Release\sharedPathfinding.lib:
    Searching ..\..\..\..\..\..\..\src\compile\x64\sharedRandom\Release\sharedRandom.lib:
    Searching ..\..\..\..\..\..\..\src\compile\x64\sharedRegex\Release\sharedRegex.lib:
    Searching ..\..\..\..\..\..\..\src\compile\x64\sharedSkillSystem\Release\sharedSkillSystem.lib:
    Searching ..\..\..\..\..\..\..\src\compile\x64\sharedStatusWindow\Release\sharedStatusWindow.lib:
    Searching ..\..\..\..\..\..\..\src\compile\x64\sharedSwitcher\Release\sharedSwitcher.lib:
    Searching ..\..\..\..\..\..\..\src\compile\x64\sharedSynchronization\Release\sharedSynchronization.lib:
    Searching ..\..\..\..\..\..\..\src\compile\x64\sharedTerrain\Release\sharedTerrain.lib:
    Searching ..\..\..\..\..\..\..\src\compile\x64\sharedThread\Release\sharedThread.lib:
    Searching ..\..\..\..\..\..\..\src\compile\x64\sharedUtility\Release\sharedUtility.lib:
    Searching ..\..\..\..\..\..\..\src\compile\x64\sharedXml\Release\sharedXml.lib:
    Searching ..\..\..\..\..\..\..\src\compile\x64\swgClientUserInterface\Release\swgClientUserInterface.lib:
    Searching ..\..\..\..\..\..\..\src\compile\x64\swgSharedNetworkMessages\Release\swgSharedNetworkMessages.lib:
    Searching ..\..\..\..\..\..\..\src\compile\x64\swgSharedUtility\Release\swgSharedUtility.lib:
    Searching ..\..\..\..\..\..\..\src\compile\x64\udplibrary\Release\udplibrary.lib:
    Searching ..\..\..\..\..\..\..\src\compile\x64\ui\Release\ui.lib:
    Searching ..\..\..\..\..\..\..\src\compile\x64\unicode\Release\unicode.lib:
    Searching ..\..\..\..\..\..\..\src\compile\x64\unicodeArchive\Release\unicodeArchive.lib:
    Searching ..\..\..\..\..\..\..\src\compile\x64\sharedDebug\Release\sharedDebug.lib:
    Searching ..\..\..\..\..\..\..\src\compile\x64\zlib\Release\zlib.lib:
    Searching ..\..\..\..\..\..\..\src\external\3rd\library\ati_compress\ATI_Compress.lib:
    Searching ..\..\..\..\..\..\..\src\external\3rd\library\atlmfc\lib\atldload.lib:
    Searching ..\..\..\..\..\..\..\src\external\3rd\library\atlmfc\lib\atlsd.lib:
    Searching ..\..\..\..\..\..\..\src\external\3rd\library\atlmfc\lib\eafxisd.lib:
    Searching ..\..\..\..\..\..\..\src\external\3rd\library\atlmfc\lib\atl.lib:
    Searching ..\..\..\..\..\..\..\src\external\3rd\library\atlmfc\lib\MFCM80D.lib:
    Searching ..\..\..\..\..\..\..\src\external\3rd\library\atlmfc\lib\MFCM80UD.lib:
    Searching ..\..\..\..\..\..\..\src\external\3rd\library\atlmfc\lib\MFCS80D.lib:
    Searching ..\..\..\..\..\..\..\src\external\3rd\library\atlmfc\lib\MFCS80UD.lib:
    Searching ..\..\..\..\..\..\..\src\external\3rd\library\atlmfc\lib\NafxcWD.lib:
    Searching ..\..\..\..\..\..\..\src\external\3rd\library\atlmfc\lib\NAFXISD.lib:
    Searching ..\..\..\..\..\..\..\src\external\3rd\library\atlmfc\lib\UafxcWD.lib:
    Searching ..\..\..\..\..\..\..\src\external\3rd\library\atlmfc\lib\mfc80d.lib:
    Searching ..\..\..\..\..\..\..\src\external\3rd\library\atlmfc\lib\mfc80ud.lib:
    Searching ..\..\..\..\..\..\..\src\external\3rd\library\atlmfc\lib\mfcdload.lib:
    Searching ..\..\..\..\..\..\..\src\external\3rd\library\bink\lib\win32\binkw32.lib:
    Searching ..\..\..\..\..\..\..\src\external\3rd\library\DejaInsight\DejaDLL.Win32.lib:
    Searching ..\..\..\..\..\..\..\src\external\3rd\library\DejaInsight\DejaLib.Win32.lib:
    Searching ..\..\..\..\..\..\..\src\external\3rd\library\DejaInsight\DejaLib.X360.lib:
    Searching C:/SDKs/DXSDK\Lib\x64\d3d9.lib:
    Searching ..\..\..\..\..\..\..\src\external\3rd\library\directx9\lib\d3dx.lib:
    Searching C:/SDKs/DXSDK\Lib\x64\d3dx9.lib:
    Searching ..\..\..\..\..\..\..\src\external\3rd\library\directx9\lib\d3dx9dt.lib:
    Searching ..\..\..\..\..\..\..\src\external\3rd\library\directx9\lib\ddraw.lib:
    Searching C:/SDKs/DXSDK\Lib\x64\dinput8.lib:
    Searching ..\..\..\..\..\..\..\src\external\3rd\library\directx9\lib\dsetup.lib:
    Searching C:/SDKs/DXSDK\Lib\x64\dsound.lib:
    Searching ..\..\..\..\..\..\..\src\external\3rd\library\directx9\lib\DxErr9.lib:
    Searching C:/SDKs/DXSDK\Lib\x64\dxguid.lib:
    Searching ..\..\..\..\..\..\..\src\compile\x64\dpvs\Release\dpvs.lib:
    Searching C:/lcd-props-eval-v1/LCDSDK/Lib/x64\lgLcd.lib:
    Searching ..\..\..\..\..\..\..\src\external\3rd\library\libjpeg\lib\libjpeg.lib:
    Searching ..\..\..\..\..\..\..\src\external\3rd\library\miles\lib\win\Mss32.lib:
    Searching ..\..\..\..\..\..\..\src\external\3rd\library\ms_unicode\unicows.lib:
    Searching ..\..\..\..\..\..\..\src\external\3rd\library\nvtristrip\NvTriStrip.lib:
    Searching ..\..\..\..\..\..\..\src\external\3rd\library\soePlatform\libs\Win32-Release\Base.lib:
    Searching ..\..\..\..\..\..\..\src\external\3rd\library\soePlatform\libs\Win32-Release\Base_vchat.lib:
    Searching ..\..\..\..\..\..\..\src\external\3rd\library\soePlatform\libs\Win32-Release\ChatAPI.lib:
    Searching ..\..\..\..\..\..\..\src\external\3rd\library\soePlatform\libs\Win32-Release\ChatMono.lib:
    Searching ..\..\..\..\..\..\..\src\external\3rd\library\soePlatform\libs\Win32-Release\CommodityAPI.lib:
    Searching ..\..\..\..\..\..\..\src\external\3rd\library\soePlatform\libs\Win32-Release\dbgutil.lib:
    Searching ..\..\..\..\..\..\..\src\external\3rd\library\soePlatform\libs\Win32-Release\monapi.lib:
    Searching ..\..\..\..\..\..\..\src\external\3rd\library\soePlatform\libs\Win32-Release\Network.lib:
    Searching ..\..\..\..\..\..\..\src\external\3rd\library\soePlatform\libs\Win32-Release\rdp.lib:
    Searching ..\..\..\..\..\..\..\src\external\3rd\library\soePlatform\libs\Win32-Release\TcpLibrary.lib:
    Searching ..\..\..\..\..\..\..\src\external\3rd\library\soePlatform\libs\Win32-Release\VChatAPI.lib:
    Searching ..\..\..\..\..\..\..\src\external\3rd\library\stationapi\989crypt.lib:
    Searching ..\..\..\..\..\..\..\src\external\3rd\library\tinyxml\lib\tinyxmld.lib:
    Searching ..\..\..\..\..\..\..\src\external\3rd\library\tinyxml\lib\tinyxmld_STL.lib:
    Searching ..\..\..\..\..\..\..\src\external\3rd\library\videocapture\AudioCapture\lib\win32\AudioCapture.lib:
    Searching ..\..\..\..\..\..\..\src\external\3rd\library\videocapture\CaptureCommon\lib\win32\CaptureCommon_release.lib:
    Searching ..\..\..\..\..\..\..\src\external\3rd\library\videocapture\ImageCapture\lib\win32\ImageCapture_release.lib:
    Searching ..\..\..\..\..\..\..\src\external\3rd\library\videocapture\PICTools\Lib\win32\picn20md.lib:
    Searching ..\..\..\..\..\..\..\src\external\3rd\library\videocapture\Smart\lib\win32\Smart_debug.lib:
    Searching ..\..\..\..\..\..\..\src\external\3rd\library\videocapture\SoeUtil\lib\win32\SoeUtil_debug.lib:
    Searching ..\..\..\..\..\..\..\src\external\3rd\library\videocapture\VideoCapture\lib\win32\VideoCapture_release.lib:
    Searching ..\..\..\..\..\..\..\src\external\3rd\library\videocapture\ZlibUtil\lib\win32\ZlibUtil_release.lib:
    Searching ..\..\..\..\..\..\..\src\external\3rd\library\vivox\lib\libsndfile-1.lib:
    Searching ..\..\..\..\..\..\..\src\external\3rd\library\vivox\lib\vivoxplatform.lib:
    Searching ..\..\..\..\..\..\..\src\external\3rd\library\vivox\lib\vivoxsdk.lib:
    Searching ..\..\..\..\..\..\..\src\compile\x64\sharedRemoteDebugServer\Release\sharedRemoteDebugServer.lib:
    Searching ..\..\..\..\..\..\..\src\external\3rd\library\videocapture\Smart\lib\win32\Smart_release.lib:
    Searching ..\..\..\..\..\..\..\src\external\3rd\library\videocapture\SoeUtil\lib\win32\SoeUtil_release.lib:
    Searching ..\..\..\..\..\..\..\src\external\3rd\library\videocapture\PICTools\Lib\win32\picn20m.lib:
    Searching C:\Program Files (x86)\Windows Kits\8.1\lib\winv6.3\um\x64\ws2_32.lib:
    Searching C:\Program Files (x86)\Windows Kits\8.1\lib\winv6.3\um\x64\winmm.lib:
    Searching C:\Program Files (x86)\Windows Kits\8.1\lib\winv6.3\um\x64\mswsock.lib:
    Searching C:\Program Files (x86)\Windows Kits\8.1\lib\winv6.3\um\x64\kernel32.lib:
    Searching C:\Program Files (x86)\Windows Kits\8.1\lib\winv6.3\um\x64\user32.lib:
    Searching C:\Program Files (x86)\Windows Kits\8.1\lib\winv6.3\um\x64\gdi32.lib:
    Searching C:\Program Files (x86)\Windows Kits\8.1\lib\winv6.3\um\x64\winspool.lib:
    Searching C:\Program Files (x86)\Windows Kits\8.1\lib\winv6.3\um\x64\comdlg32.lib:
    Searching C:\Program Files (x86)\Windows Kits\8.1\lib\winv6.3\um\x64\advapi32.lib:
    Searching C:\Program Files (x86)\Windows Kits\8.1\lib\winv6.3\um\x64\shell32.lib:
    Searching C:\Program Files (x86)\Windows Kits\8.1\lib\winv6.3\um\x64\ole32.lib:
    Searching C:\Program Files (x86)\Windows Kits\8.1\lib\winv6.3\um\x64\oleaut32.lib:
    Searching C:\Program Files (x86)\Windows Kits\8.1\lib\winv6.3\um\x64\uuid.lib:
    Searching C:\Program Files (x86)\Windows Kits\8.1\lib\winv6.3\um\x64\odbc32.lib:
    Searching C:\Program Files (x86)\Windows Kits\8.1\lib\winv6.3\um\x64\odbccp32.lib:
    Searching C:\Program Files (x86)\Microsoft Visual Studio 12.0\VC\LIB\amd64\libcpmt.lib:

Finished searching libraries
   Creating library C:/xml-pcre-link-v1/Release/SwgClient.lib and object C:/xml-pcre-link-v1/Release/SwgClient.exp

Searching libraries
    Searching C:\pcre-native-v3\amd64-Release\pcre-4.1\pcre.lib:
    Searching C:\xml-pcre-next-v3\amd64-Release\libxml2-2.6.7\win32\bin.msvc\libxml2.lib:
    Searching C:\vivox-wrapper-source-v1\Release-amd64\vivoxSharedWrapper.lib:
    Searching R:\repo\src\compile\deps\v120\x64\Release\stlport.lib:
    Searching ..\..\..\..\..\..\..\src\compile\x64\archive\Release\archive.lib:
    Searching ..\..\..\..\..\..\..\src\compile\x64\blat\Release\blat.lib:
    Searching ..\..\..\..\..\..\..\src\compile\x64\clientAnimation\Release\clientAnimation.lib:
    Searching ..\..\..\..\..\..\..\src\compile\x64\clientAudio\Release\clientAudio.lib:
    Searching ..\..\..\..\..\..\..\src\compile\x64\clientBugReporting\Release\clientBugReporting.lib:
    Searching ..\..\..\..\..\..\..\src\compile\x64\clientDirectInput\Release\clientDirectInput.lib:
    Searching ..\..\..\..\..\..\..\src\compile\x64\clientGame\Release\clientGame.lib:
    Searching ..\..\..\..\..\..\..\src\compile\x64\clientGraphics\Release\clientGraphics.lib:
    Searching ..\..\..\..\..\..\..\src\compile\x64\clientObject\Release\clientObject.lib:
    Searching ..\..\..\..\..\..\..\src\compile\x64\clientParticle\Release\clientParticle.lib:
    Searching ..\..\..\..\..\..\..\src\compile\x64\clientSkeletalAnimation\Release\clientSkeletalAnimation.lib:
    Searching ..\..\..\..\..\..\..\src\compile\x64\clientTerrain\Release\clientTerrain.lib:
    Searching ..\..\..\..\..\..\..\src\compile\x64\clientTextureRenderer\Release\clientTextureRenderer.lib:
    Searching ..\..\..\..\..\..\..\src\compile\x64\clientUserInterface\Release\clientUserInterface.lib:
    Searching ..\..\..\..\..\..\..\src\compile\x64\crypto\Release\crypto.lib:
    Searching ..\..\..\..\..\..\..\src\compile\x64\Direct3d9\Release\gl05_r.lib:
    Searching ..\..\..\..\..\..\..\src\compile\x64\Direct3d9_ffp\Release\gl06_r.lib:
    Searching ..\..\..\..\..\..\..\src\compile\x64\Direct3d9_vsps\Release\gl07_r.lib:
    Searching ..\..\..\..\..\..\..\src\compile\x64\fileInterface\Release\fileInterface.lib:
    Searching ..\..\..\..\..\..\..\src\compile\x64\lcdui\Release\lcdui.lib:
    Searching ..\..\..\..\..\..\..\src\compile\x64\libEverQuestTCG\Release\libEverQuestTCG.lib:
    Searching ..\..\..\..\..\..\..\src\compile\x64\localization\Release\localization.lib:
    Searching ..\..\..\..\..\..\..\src\compile\x64\localizationArchive\Release\localizationArchive.lib:
    Searching ..\..\..\..\..\..\..\src\compile\x64\sharedCollision\Release\sharedCollision.lib:
    Searching ..\..\..\..\..\..\..\src\compile\x64\sharedCommandParser\Release\sharedCommandParser.lib:
    Searching ..\..\..\..\..\..\..\src\compile\x64\sharedCompression\Release\sharedCompression.lib:
    Searching ..\..\..\..\..\..\..\src\compile\x64\sharedFile\Release\sharedFile.lib:
    Searching ..\..\..\..\..\..\..\src\compile\x64\sharedFoundation\Release\sharedFoundation.lib:
    Searching ..\..\..\..\..\..\..\src\compile\x64\sharedFractal\Release\sharedFractal.lib:
    Searching ..\..\..\..\..\..\..\src\compile\x64\sharedGame\Release\sharedGame.lib:
    Searching ..\..\..\..\..\..\..\src\compile\x64\sharedImage\Release\sharedImage.lib:
    Searching ..\..\..\..\..\..\..\src\compile\x64\sharedInputMap\Release\sharedInputMap.lib:
    Searching ..\..\..\..\..\..\..\src\compile\x64\sharedIoWin\Release\sharedIoWin.lib:
    Searching ..\..\..\..\..\..\..\src\compile\x64\sharedLog\Release\sharedLog.lib:
    Searching ..\..\..\..\..\..\..\src\compile\x64\sharedMath\Release\sharedMath.lib:
    Searching ..\..\..\..\..\..\..\src\compile\x64\sharedMemoryManager\Release\sharedMemoryManager.lib:
    Searching ..\..\..\..\..\..\..\src\compile\x64\sharedMessageDispatch\Release\sharedMessageDispatch.lib:
    Searching ..\..\..\..\..\..\..\src\compile\x64\sharedNetwork\Release\sharedNetwork.lib:
    Searching ..\..\..\..\..\..\..\src\compile\x64\sharedNetworkMessages\Release\sharedNetworkMessages.lib:
    Searching ..\..\..\..\..\..\..\src\compile\x64\sharedObject\Release\sharedObject.lib:
    Searching ..\..\..\..\..\..\..\src\compile\x64\sharedPathfinding\Release\sharedPathfinding.lib:
    Searching ..\..\..\..\..\..\..\src\compile\x64\sharedRandom\Release\sharedRandom.lib:
    Searching ..\..\..\..\..\..\..\src\compile\x64\sharedRegex\Release\sharedRegex.lib:
    Searching ..\..\..\..\..\..\..\src\compile\x64\sharedSkillSystem\Release\sharedSkillSystem.lib:
    Searching ..\..\..\..\..\..\..\src\compile\x64\sharedStatusWindow\Release\sharedStatusWindow.lib:
    Searching ..\..\..\..\..\..\..\src\compile\x64\sharedSwitcher\Release\sharedSwitcher.lib:
    Searching ..\..\..\..\..\..\..\src\compile\x64\sharedSynchronization\Release\sharedSynchronization.lib:
    Searching ..\..\..\..\..\..\..\src\compile\x64\sharedTerrain\Release\sharedTerrain.lib:
    Searching ..\..\..\..\..\..\..\src\compile\x64\sharedThread\Release\sharedThread.lib:
    Searching ..\..\..\..\..\..\..\src\compile\x64\sharedUtility\Release\sharedUtility.lib:
    Searching ..\..\..\..\..\..\..\src\compile\x64\sharedXml\Release\sharedXml.lib:
    Searching ..\..\..\..\..\..\..\src\compile\x64\swgClientUserInterface\Release\swgClientUserInterface.lib:
    Searching ..\..\..\..\..\..\..\src\compile\x64\swgSharedNetworkMessages\Release\swgSharedNetworkMessages.lib:
    Searching ..\..\..\..\..\..\..\src\compile\x64\swgSharedUtility\Release\swgSharedUtility.lib:
    Searching ..\..\..\..\..\..\..\src\compile\x64\udplibrary\Release\udplibrary.lib:
    Searching ..\..\..\..\..\..\..\src\compile\x64\ui\Release\ui.lib:
    Searching ..\..\..\..\..\..\..\src\compile\x64\unicode\Release\unicode.lib:
    Searching ..\..\..\..\..\..\..\src\compile\x64\unicodeArchive\Release\unicodeArchive.lib:
    Searching ..\..\..\..\..\..\..\src\compile\x64\sharedDebug\Release\sharedDebug.lib:
    Searching ..\..\..\..\..\..\..\src\compile\x64\zlib\Release\zlib.lib:
    Searching ..\..\..\..\..\..\..\src\external\3rd\library\ati_compress\ATI_Compress.lib:
    Searching ..\..\..\..\..\..\..\src\external\3rd\library\atlmfc\lib\atldload.lib:
    Searching ..\..\..\..\..\..\..\src\external\3rd\library\atlmfc\lib\atlsd.lib:
    Searching ..\..\..\..\..\..\..\src\external\3rd\library\atlmfc\lib\eafxisd.lib:
    Searching ..\..\..\..\..\..\..\src\external\3rd\library\atlmfc\lib\atl.lib:
    Searching ..\..\..\..\..\..\..\src\external\3rd\library\atlmfc\lib\MFCM80D.lib:
    Searching ..\..\..\..\..\..\..\src\external\3rd\library\atlmfc\lib\MFCM80UD.lib:
    Searching ..\..\..\..\..\..\..\src\external\3rd\library\atlmfc\lib\MFCS80D.lib:
    Searching ..\..\..\..\..\..\..\src\external\3rd\library\atlmfc\lib\MFCS80UD.lib:
    Searching ..\..\..\..\..\..\..\src\external\3rd\library\atlmfc\lib\NafxcWD.lib:
    Searching ..\..\..\..\..\..\..\src\external\3rd\library\atlmfc\lib\NAFXISD.lib:
    Searching ..\..\..\..\..\..\..\src\external\3rd\library\atlmfc\lib\UafxcWD.lib:
    Searching ..\..\..\..\..\..\..\src\external\3rd\library\atlmfc\lib\mfc80d.lib:
    Searching ..\..\..\..\..\..\..\src\external\3rd\library\atlmfc\lib\mfc80ud.lib:
    Searching ..\..\..\..\..\..\..\src\external\3rd\library\atlmfc\lib\mfcdload.lib:
    Searching ..\..\..\..\..\..\..\src\external\3rd\library\bink\lib\win32\binkw32.lib:
    Searching ..\..\..\..\..\..\..\src\external\3rd\library\DejaInsight\DejaDLL.Win32.lib:
    Searching ..\..\..\..\..\..\..\src\external\3rd\library\DejaInsight\DejaLib.Win32.lib:
    Searching ..\..\..\..\..\..\..\src\external\3rd\library\DejaInsight\DejaLib.X360.lib:
    Searching C:/SDKs/DXSDK\Lib\x64\d3d9.lib:
    Searching ..\..\..\..\..\..\..\src\external\3rd\library\directx9\lib\d3dx.lib:
    Searching C:/SDKs/DXSDK\Lib\x64\d3dx9.lib:
    Searching ..\..\..\..\..\..\..\src\external\3rd\library\directx9\lib\d3dx9dt.lib:
    Searching ..\..\..\..\..\..\..\src\external\3rd\library\directx9\lib\ddraw.lib:
    Searching C:/SDKs/DXSDK\Lib\x64\dinput8.lib:
    Searching ..\..\..\..\..\..\..\src\external\3rd\library\directx9\lib\dsetup.lib:
    Searching C:/SDKs/DXSDK\Lib\x64\dsound.lib:
    Searching ..\..\..\..\..\..\..\src\external\3rd\library\directx9\lib\DxErr9.lib:
    Searching C:/SDKs/DXSDK\Lib\x64\dxguid.lib:
    Searching ..\..\..\..\..\..\..\src\compile\x64\dpvs\Release\dpvs.lib:
    Searching C:/lcd-props-eval-v1/LCDSDK/Lib/x64\lgLcd.lib:
    Searching ..\..\..\..\..\..\..\src\external\3rd\library\libjpeg\lib\libjpeg.lib:
    Searching ..\..\..\..\..\..\..\src\external\3rd\library\miles\lib\win\Mss32.lib:
    Searching ..\..\..\..\..\..\..\src\external\3rd\library\ms_unicode\unicows.lib:
    Searching ..\..\..\..\..\..\..\src\external\3rd\library\nvtristrip\NvTriStrip.lib:
    Searching ..\..\..\..\..\..\..\src\external\3rd\library\soePlatform\libs\Win32-Release\Base.lib:
    Searching ..\..\..\..\..\..\..\src\external\3rd\library\soePlatform\libs\Win32-Release\Base_vchat.lib:
    Searching ..\..\..\..\..\..\..\src\external\3rd\library\soePlatform\libs\Win32-Release\ChatAPI.lib:
    Searching ..\..\..\..\..\..\..\src\external\3rd\library\soePlatform\libs\Win32-Release\ChatMono.lib:
    Searching ..\..\..\..\..\..\..\src\external\3rd\library\soePlatform\libs\Win32-Release\CommodityAPI.lib:
    Searching ..\..\..\..\..\..\..\src\external\3rd\library\soePlatform\libs\Win32-Release\dbgutil.lib:
    Searching ..\..\..\..\..\..\..\src\external\3rd\library\soePlatform\libs\Win32-Release\monapi.lib:
    Searching ..\..\..\..\..\..\..\src\external\3rd\library\soePlatform\libs\Win32-Release\Network.lib:
    Searching ..\..\..\..\..\..\..\src\external\3rd\library\soePlatform\libs\Win32-Release\rdp.lib:
    Searching ..\..\..\..\..\..\..\src\external\3rd\library\soePlatform\libs\Win32-Release\TcpLibrary.lib:
    Searching ..\..\..\..\..\..\..\src\external\3rd\library\soePlatform\libs\Win32-Release\VChatAPI.lib:
    Searching ..\..\..\..\..\..\..\src\external\3rd\library\stationapi\989crypt.lib:
    Searching ..\..\..\..\..\..\..\src\external\3rd\library\tinyxml\lib\tinyxmld.lib:
    Searching ..\..\..\..\..\..\..\src\external\3rd\library\tinyxml\lib\tinyxmld_STL.lib:
    Searching ..\..\..\..\..\..\..\src\external\3rd\library\videocapture\AudioCapture\lib\win32\AudioCapture.lib:
    Searching ..\..\..\..\..\..\..\src\external\3rd\library\videocapture\CaptureCommon\lib\win32\CaptureCommon_release.lib:
    Searching ..\..\..\..\..\..\..\src\external\3rd\library\videocapture\ImageCapture\lib\win32\ImageCapture_release.lib:
    Searching ..\..\..\..\..\..\..\src\external\3rd\library\videocapture\PICTools\Lib\win32\picn20md.lib:
    Searching ..\..\..\..\..\..\..\src\external\3rd\library\videocapture\Smart\lib\win32\Smart_debug.lib:
    Searching ..\..\..\..\..\..\..\src\external\3rd\library\videocapture\SoeUtil\lib\win32\SoeUtil_debug.lib:
    Searching ..\..\..\..\..\..\..\src\external\3rd\library\videocapture\VideoCapture\lib\win32\VideoCapture_release.lib:
    Searching ..\..\..\..\..\..\..\src\external\3rd\library\videocapture\ZlibUtil\lib\win32\ZlibUtil_release.lib:
    Searching ..\..\..\..\..\..\..\src\external\3rd\library\vivox\lib\libsndfile-1.lib:
    Searching ..\..\..\..\..\..\..\src\external\3rd\library\vivox\lib\vivoxplatform.lib:
    Searching ..\..\..\..\..\..\..\src\external\3rd\library\vivox\lib\vivoxsdk.lib:
    Searching ..\..\..\..\..\..\..\src\compile\x64\sharedRemoteDebugServer\Release\sharedRemoteDebugServer.lib:
    Searching ..\..\..\..\..\..\..\src\external\3rd\library\videocapture\Smart\lib\win32\Smart_release.lib:
    Searching ..\..\..\..\..\..\..\src\external\3rd\library\videocapture\SoeUtil\lib\win32\SoeUtil_release.lib:
    Searching ..\..\..\..\..\..\..\src\external\3rd\library\videocapture\PICTools\Lib\win32\picn20m.lib:
    Searching C:\Program Files (x86)\Windows Kits\8.1\lib\winv6.3\um\x64\ws2_32.lib:
    Searching C:\Program Files (x86)\Windows Kits\8.1\lib\winv6.3\um\x64\winmm.lib:
    Searching C:\Program Files (x86)\Windows Kits\8.1\lib\winv6.3\um\x64\mswsock.lib:
    Searching C:\Program Files (x86)\Windows Kits\8.1\lib\winv6.3\um\x64\kernel32.lib:
    Searching C:\Program Files (x86)\Windows Kits\8.1\lib\winv6.3\um\x64\user32.lib:
    Searching C:\Program Files (x86)\Windows Kits\8.1\lib\winv6.3\um\x64\gdi32.lib:
    Searching C:\Program Files (x86)\Windows Kits\8.1\lib\winv6.3\um\x64\winspool.lib:
    Searching C:\Program Files (x86)\Windows Kits\8.1\lib\winv6.3\um\x64\comdlg32.lib:
    Searching C:\Program Files (x86)\Windows Kits\8.1\lib\winv6.3\um\x64\advapi32.lib:
    Searching C:\Program Files (x86)\Windows Kits\8.1\lib\winv6.3\um\x64\shell32.lib:
    Searching C:\Program Files (x86)\Windows Kits\8.1\lib\winv6.3\um\x64\ole32.lib:
    Searching C:\Program Files (x86)\Windows Kits\8.1\lib\winv6.3\um\x64\oleaut32.lib:
    Searching C:\Program Files (x86)\Windows Kits\8.1\lib\winv6.3\um\x64\uuid.lib:
    Searching C:\Program Files (x86)\Windows Kits\8.1\lib\winv6.3\um\x64\odbc32.lib:
    Searching C:\Program Files (x86)\Windows Kits\8.1\lib\winv6.3\um\x64\odbccp32.lib:
    Searching C:\Program Files (x86)\Microsoft Visual Studio 12.0\VC\LIB\amd64\libcpmt.lib:
    Searching C:\Program Files (x86)\Microsoft Visual Studio 12.0\VC\LIB\amd64\LIBCMT.lib:
    Searching C:\Program Files (x86)\Microsoft Visual Studio 12.0\VC\LIB\amd64\OLDNAMES.lib:

Finished searching libraries

Searching libraries
    Searching C:\pcre-native-v3\amd64-Release\pcre-4.1\pcre.lib:
    Searching C:\xml-pcre-next-v3\amd64-Release\libxml2-2.6.7\win32\bin.msvc\libxml2.lib:
    Searching C:\vivox-wrapper-source-v1\Release-amd64\vivoxSharedWrapper.lib:
    Searching R:\repo\src\compile\deps\v120\x64\Release\stlport.lib:
    Searching ..\..\..\..\..\..\..\src\compile\x64\archive\Release\archive.lib:
    Searching ..\..\..\..\..\..\..\src\compile\x64\blat\Release\blat.lib:
    Searching ..\..\..\..\..\..\..\src\compile\x64\clientAnimation\Release\clientAnimation.lib:
    Searching ..\..\..\..\..\..\..\src\compile\x64\clientAudio\Release\clientAudio.lib:
    Searching ..\..\..\..\..\..\..\src\compile\x64\clientBugReporting\Release\clientBugReporting.lib:
    Searching ..\..\..\..\..\..\..\src\compile\x64\clientDirectInput\Release\clientDirectInput.lib:
    Searching ..\..\..\..\..\..\..\src\compile\x64\clientGame\Release\clientGame.lib:
    Searching ..\..\..\..\..\..\..\src\compile\x64\clientGraphics\Release\clientGraphics.lib:
    Searching ..\..\..\..\..\..\..\src\compile\x64\clientObject\Release\clientObject.lib:
    Searching ..\..\..\..\..\..\..\src\compile\x64\clientParticle\Release\clientParticle.lib:
    Searching ..\..\..\..\..\..\..\src\compile\x64\clientSkeletalAnimation\Release\clientSkeletalAnimation.lib:
    Searching ..\..\..\..\..\..\..\src\compile\x64\clientTerrain\Release\clientTerrain.lib:
    Searching ..\..\..\..\..\..\..\src\compile\x64\clientTextureRenderer\Release\clientTextureRenderer.lib:
    Searching ..\..\..\..\..\..\..\src\compile\x64\clientUserInterface\Release\clientUserInterface.lib:
    Searching ..\..\..\..\..\..\..\src\compile\x64\crypto\Release\crypto.lib:
    Searching ..\..\..\..\..\..\..\src\compile\x64\Direct3d9\Release\gl05_r.lib:
    Searching ..\..\..\..\..\..\..\src\compile\x64\Direct3d9_ffp\Release\gl06_r.lib:
    Searching ..\..\..\..\..\..\..\src\compile\x64\Direct3d9_vsps\Release\gl07_r.lib:
    Searching ..\..\..\..\..\..\..\src\compile\x64\fileInterface\Release\fileInterface.lib:
    Searching ..\..\..\..\..\..\..\src\compile\x64\lcdui\Release\lcdui.lib:
    Searching ..\..\..\..\..\..\..\src\compile\x64\libEverQuestTCG\Release\libEverQuestTCG.lib:
    Searching ..\..\..\..\..\..\..\src\compile\x64\localization\Release\localization.lib:
    Searching ..\..\..\..\..\..\..\src\compile\x64\localizationArchive\Release\localizationArchive.lib:
    Searching ..\..\..\..\..\..\..\src\compile\x64\sharedCollision\Release\sharedCollision.lib:
    Searching ..\..\..\..\..\..\..\src\compile\x64\sharedCommandParser\Release\sharedCommandParser.lib:
    Searching ..\..\..\..\..\..\..\src\compile\x64\sharedCompression\Release\sharedCompression.lib:
    Searching ..\..\..\..\..\..\..\src\compile\x64\sharedFile\Release\sharedFile.lib:
    Searching ..\..\..\..\..\..\..\src\compile\x64\sharedFoundation\Release\sharedFoundation.lib:
    Searching ..\..\..\..\..\..\..\src\compile\x64\sharedFractal\Release\sharedFractal.lib:
    Searching ..\..\..\..\..\..\..\src\compile\x64\sharedGame\Release\sharedGame.lib:
    Searching ..\..\..\..\..\..\..\src\compile\x64\sharedImage\Release\sharedImage.lib:
    Searching ..\..\..\..\..\..\..\src\compile\x64\sharedInputMap\Release\sharedInputMap.lib:
    Searching ..\..\..\..\..\..\..\src\compile\x64\sharedIoWin\Release\sharedIoWin.lib:
    Searching ..\..\..\..\..\..\..\src\compile\x64\sharedLog\Release\sharedLog.lib:
    Searching ..\..\..\..\..\..\..\src\compile\x64\sharedMath\Release\sharedMath.lib:
    Searching ..\..\..\..\..\..\..\src\compile\x64\sharedMemoryManager\Release\sharedMemoryManager.lib:
    Searching ..\..\..\..\..\..\..\src\compile\x64\sharedMessageDispatch\Release\sharedMessageDispatch.lib:
    Searching ..\..\..\..\..\..\..\src\compile\x64\sharedNetwork\Release\sharedNetwork.lib:
    Searching ..\..\..\..\..\..\..\src\compile\x64\sharedNetworkMessages\Release\sharedNetworkMessages.lib:
    Searching ..\..\..\..\..\..\..\src\compile\x64\sharedObject\Release\sharedObject.lib:
    Searching ..\..\..\..\..\..\..\src\compile\x64\sharedPathfinding\Release\sharedPathfinding.lib:
    Searching ..\..\..\..\..\..\..\src\compile\x64\sharedRandom\Release\sharedRandom.lib:
    Searching ..\..\..\..\..\..\..\src\compile\x64\sharedRegex\Release\sharedRegex.lib:
    Searching ..\..\..\..\..\..\..\src\compile\x64\sharedSkillSystem\Release\sharedSkillSystem.lib:
    Searching ..\..\..\..\..\..\..\src\compile\x64\sharedStatusWindow\Release\sharedStatusWindow.lib:
    Searching ..\..\..\..\..\..\..\src\compile\x64\sharedSwitcher\Release\sharedSwitcher.lib:
    Searching ..\..\..\..\..\..\..\src\compile\x64\sharedSynchronization\Release\sharedSynchronization.lib:
    Searching ..\..\..\..\..\..\..\src\compile\x64\sharedTerrain\Release\sharedTerrain.lib:
    Searching ..\..\..\..\..\..\..\src\compile\x64\sharedThread\Release\sharedThread.lib:
    Searching ..\..\..\..\..\..\..\src\compile\x64\sharedUtility\Release\sharedUtility.lib:
    Searching ..\..\..\..\..\..\..\src\compile\x64\sharedXml\Release\sharedXml.lib:
    Searching ..\..\..\..\..\..\..\src\compile\x64\swgClientUserInterface\Release\swgClientUserInterface.lib:
    Searching ..\..\..\..\..\..\..\src\compile\x64\swgSharedNetworkMessages\Release\swgSharedNetworkMessages.lib:
    Searching ..\..\..\..\..\..\..\src\compile\x64\swgSharedUtility\Release\swgSharedUtility.lib:
    Searching ..\..\..\..\..\..\..\src\compile\x64\udplibrary\Release\udplibrary.lib:
    Searching ..\..\..\..\..\..\..\src\compile\x64\ui\Release\ui.lib:
    Searching ..\..\..\..\..\..\..\src\compile\x64\unicode\Release\unicode.lib:
    Searching ..\..\..\..\..\..\..\src\compile\x64\unicodeArchive\Release\unicodeArchive.lib:
    Searching ..\..\..\..\..\..\..\src\compile\x64\sharedDebug\Release\sharedDebug.lib:
    Searching ..\..\..\..\..\..\..\src\compile\x64\zlib\Release\zlib.lib:
    Searching ..\..\..\..\..\..\..\src\external\3rd\library\ati_compress\ATI_Compress.lib:
    Searching ..\..\..\..\..\..\..\src\external\3rd\library\atlmfc\lib\atldload.lib:
    Searching ..\..\..\..\..\..\..\src\external\3rd\library\atlmfc\lib\atlsd.lib:
    Searching ..\..\..\..\..\..\..\src\external\3rd\library\atlmfc\lib\eafxisd.lib:
    Searching ..\..\..\..\..\..\..\src\external\3rd\library\atlmfc\lib\atl.lib:
    Searching ..\..\..\..\..\..\..\src\external\3rd\library\atlmfc\lib\MFCM80D.lib:
    Searching ..\..\..\..\..\..\..\src\external\3rd\library\atlmfc\lib\MFCM80UD.lib:
    Searching ..\..\..\..\..\..\..\src\external\3rd\library\atlmfc\lib\MFCS80D.lib:
    Searching ..\..\..\..\..\..\..\src\external\3rd\library\atlmfc\lib\MFCS80UD.lib:
    Searching ..\..\..\..\..\..\..\src\external\3rd\library\atlmfc\lib\NafxcWD.lib:
    Searching ..\..\..\..\..\..\..\src\external\3rd\library\atlmfc\lib\NAFXISD.lib:
    Searching ..\..\..\..\..\..\..\src\external\3rd\library\atlmfc\lib\UafxcWD.lib:
    Searching ..\..\..\..\..\..\..\src\external\3rd\library\atlmfc\lib\mfc80d.lib:
    Searching ..\..\..\..\..\..\..\src\external\3rd\library\atlmfc\lib\mfc80ud.lib:
    Searching ..\..\..\..\..\..\..\src\external\3rd\library\atlmfc\lib\mfcdload.lib:
    Searching ..\..\..\..\..\..\..\src\external\3rd\library\bink\lib\win32\binkw32.lib:
    Searching ..\..\..\..\..\..\..\src\external\3rd\library\DejaInsight\DejaDLL.Win32.lib:
    Searching ..\..\..\..\..\..\..\src\external\3rd\library\DejaInsight\DejaLib.Win32.lib:
    Searching ..\..\..\..\..\..\..\src\external\3rd\library\DejaInsight\DejaLib.X360.lib:
    Searching C:/SDKs/DXSDK\Lib\x64\d3d9.lib:
    Searching ..\..\..\..\..\..\..\src\external\3rd\library\directx9\lib\d3dx.lib:
    Searching C:/SDKs/DXSDK\Lib\x64\d3dx9.lib:
    Searching ..\..\..\..\..\..\..\src\external\3rd\library\directx9\lib\d3dx9dt.lib:
    Searching ..\..\..\..\..\..\..\src\external\3rd\library\directx9\lib\ddraw.lib:
    Searching C:/SDKs/DXSDK\Lib\x64\dinput8.lib:
    Searching ..\..\..\..\..\..\..\src\external\3rd\library\directx9\lib\dsetup.lib:
    Searching C:/SDKs/DXSDK\Lib\x64\dsound.lib:
    Searching ..\..\..\..\..\..\..\src\external\3rd\library\directx9\lib\DxErr9.lib:
    Searching C:/SDKs/DXSDK\Lib\x64\dxguid.lib:
    Searching ..\..\..\..\..\..\..\src\compile\x64\dpvs\Release\dpvs.lib:
    Searching C:/lcd-props-eval-v1/LCDSDK/Lib/x64\lgLcd.lib:
    Searching ..\..\..\..\..\..\..\src\external\3rd\library\libjpeg\lib\libjpeg.lib:
    Searching ..\..\..\..\..\..\..\src\external\3rd\library\miles\lib\win\Mss32.lib:
    Searching ..\..\..\..\..\..\..\src\external\3rd\library\ms_unicode\unicows.lib:
    Searching ..\..\..\..\..\..\..\src\external\3rd\library\nvtristrip\NvTriStrip.lib:
    Searching ..\..\..\..\..\..\..\src\external\3rd\library\soePlatform\libs\Win32-Release\Base.lib:
    Searching ..\..\..\..\..\..\..\src\external\3rd\library\soePlatform\libs\Win32-Release\Base_vchat.lib:
    Searching ..\..\..\..\..\..\..\src\external\3rd\library\soePlatform\libs\Win32-Release\ChatAPI.lib:
    Searching ..\..\..\..\..\..\..\src\external\3rd\library\soePlatform\libs\Win32-Release\ChatMono.lib:
    Searching ..\..\..\..\..\..\..\src\external\3rd\library\soePlatform\libs\Win32-Release\CommodityAPI.lib:
    Searching ..\..\..\..\..\..\..\src\external\3rd\library\soePlatform\libs\Win32-Release\dbgutil.lib:
    Searching ..\..\..\..\..\..\..\src\external\3rd\library\soePlatform\libs\Win32-Release\monapi.lib:
    Searching ..\..\..\..\..\..\..\src\external\3rd\library\soePlatform\libs\Win32-Release\Network.lib:
    Searching ..\..\..\..\..\..\..\src\external\3rd\library\soePlatform\libs\Win32-Release\rdp.lib:
    Searching ..\..\..\..\..\..\..\src\external\3rd\library\soePlatform\libs\Win32-Release\TcpLibrary.lib:
    Searching ..\..\..\..\..\..\..\src\external\3rd\library\soePlatform\libs\Win32-Release\VChatAPI.lib:
    Searching ..\..\..\..\..\..\..\src\external\3rd\library\stationapi\989crypt.lib:
    Searching ..\..\..\..\..\..\..\src\external\3rd\library\tinyxml\lib\tinyxmld.lib:
    Searching ..\..\..\..\..\..\..\src\external\3rd\library\tinyxml\lib\tinyxmld_STL.lib:
    Searching ..\..\..\..\..\..\..\src\external\3rd\library\videocapture\AudioCapture\lib\win32\AudioCapture.lib:
    Searching ..\..\..\..\..\..\..\src\external\3rd\library\videocapture\CaptureCommon\lib\win32\CaptureCommon_release.lib:
    Searching ..\..\..\..\..\..\..\src\external\3rd\library\videocapture\ImageCapture\lib\win32\ImageCapture_release.lib:
    Searching ..\..\..\..\..\..\..\src\external\3rd\library\videocapture\PICTools\Lib\win32\picn20md.lib:
    Searching ..\..\..\..\..\..\..\src\external\3rd\library\videocapture\Smart\lib\win32\Smart_debug.lib:
    Searching ..\..\..\..\..\..\..\src\external\3rd\library\videocapture\SoeUtil\lib\win32\SoeUtil_debug.lib:
    Searching ..\..\..\..\..\..\..\src\external\3rd\library\videocapture\VideoCapture\lib\win32\VideoCapture_release.lib:
    Searching ..\..\..\..\..\..\..\src\external\3rd\library\videocapture\ZlibUtil\lib\win32\ZlibUtil_release.lib:
    Searching ..\..\..\..\..\..\..\src\external\3rd\library\vivox\lib\libsndfile-1.lib:
    Searching ..\..\..\..\..\..\..\src\external\3rd\library\vivox\lib\vivoxplatform.lib:
    Searching ..\..\..\..\..\..\..\src\external\3rd\library\vivox\lib\vivoxsdk.lib:
    Searching ..\..\..\..\..\..\..\src\compile\x64\sharedRemoteDebugServer\Release\sharedRemoteDebugServer.lib:
    Searching ..\..\..\..\..\..\..\src\external\3rd\library\videocapture\Smart\lib\win32\Smart_release.lib:
    Searching ..\..\..\..\..\..\..\src\external\3rd\library\videocapture\SoeUtil\lib\win32\SoeUtil_release.lib:
    Searching ..\..\..\..\..\..\..\src\external\3rd\library\videocapture\PICTools\Lib\win32\picn20m.lib:
    Searching C:\Program Files (x86)\Windows Kits\8.1\lib\winv6.3\um\x64\ws2_32.lib:
    Searching C:\Program Files (x86)\Windows Kits\8.1\lib\winv6.3\um\x64\winmm.lib:
    Searching C:\Program Files (x86)\Windows Kits\8.1\lib\winv6.3\um\x64\mswsock.lib:
    Searching C:\Program Files (x86)\Windows Kits\8.1\lib\winv6.3\um\x64\kernel32.lib:
    Searching C:\Program Files (x86)\Windows Kits\8.1\lib\winv6.3\um\x64\user32.lib:
    Searching C:\Program Files (x86)\Windows Kits\8.1\lib\winv6.3\um\x64\gdi32.lib:
    Searching C:\Program Files (x86)\Windows Kits\8.1\lib\winv6.3\um\x64\winspool.lib:
    Searching C:\Program Files (x86)\Windows Kits\8.1\lib\winv6.3\um\x64\comdlg32.lib:
    Searching C:\Program Files (x86)\Windows Kits\8.1\lib\winv6.3\um\x64\advapi32.lib:
    Searching C:\Program Files (x86)\Windows Kits\8.1\lib\winv6.3\um\x64\shell32.lib:
    Searching C:\Program Files (x86)\Windows Kits\8.1\lib\winv6.3\um\x64\ole32.lib:
    Searching C:\Program Files (x86)\Windows Kits\8.1\lib\winv6.3\um\x64\oleaut32.lib:
    Searching C:\Program Files (x86)\Windows Kits\8.1\lib\winv6.3\um\x64\uuid.lib:
    Searching C:\Program Files (x86)\Windows Kits\8.1\lib\winv6.3\um\x64\odbc32.lib:
    Searching C:\Program Files (x86)\Windows Kits\8.1\lib\winv6.3\um\x64\odbccp32.lib:
    Searching C:\Program Files (x86)\Microsoft Visual Studio 12.0\VC\LIB\amd64\libcpmt.lib:
    Searching C:\Program Files (x86)\Microsoft Visual Studio 12.0\VC\LIB\amd64\LIBCMT.lib:
    Searching C:\Program Files (x86)\Microsoft Visual Studio 12.0\VC\LIB\amd64\OLDNAMES.lib:

Finished searching libraries
clientAudio.lib(Audio.obj) : error LNK2019: unresolved external symbol __imp_AIL_get_timer_highest_delay referenced in function "public: static void __cdecl Audio::alter(float,class Object const *)" (?alter@Audio@@SAXMPEBVObject@@@Z)
clientAudio.lib(Audio.obj) : error LNK2019: unresolved external symbol __imp_AIL_serve referenced in function "public: static void __cdecl Audio::serve(void)" (?serve@Audio@@SAXXZ)
clientAudio.lib(Audio.obj) : error LNK2019: unresolved external symbol __imp_AIL_file_error referenced in function "char const * __cdecl getFileError(void)" (?getFileError@@YAPEBDXZ)
clientAudio.lib(Audio.obj) : error LNK2019: unresolved external symbol __imp_AIL_startup referenced in function "public: static bool __cdecl Audio::install(void)" (?install@Audio@@SA_NXZ)
clientAudio.lib(Audio.obj) : error LNK2019: unresolved external symbol __imp_AIL_get_preference referenced in function "public: static bool __cdecl Audio::install(void)" (?install@Audio@@SA_NXZ)
clientAudio.lib(Audio.obj) : error LNK2019: unresolved external symbol __imp_AIL_shutdown referenced in function "public: static void __cdecl Audio::remove(void)" (?remove@Audio@@SAXXZ)
clientAudio.lib(Audio.obj) : error LNK2019: unresolved external symbol __imp_AIL_set_preference referenced in function "public: static void __cdecl Audio::setLargePreMixBuffer(void)" (?setLargePreMixBuffer@Audio@@SAXXZ)
clientAudio.lib(Audio.obj) : error LNK2019: unresolved external symbol __imp_AIL_last_error referenced in function "public: static bool __cdecl Audio::install(void)" (?install@Audio@@SA_NXZ)
clientAudio.lib(Audio.obj) : error LNK2019: unresolved external symbol __imp_AIL_lock referenced in function "public: static void __cdecl Audio::lock(void)" (?lock@Audio@@SAXXZ)
clientAudio.lib(Audio.obj) : error LNK2019: unresolved external symbol __imp_AIL_unlock referenced in function "public: static void __cdecl Audio::unLock(void)" (?unLock@Audio@@SAXXZ)
clientAudio.lib(Audio.obj) : error LNK2019: unresolved external symbol __imp_AIL_open_digital_driver referenced in function "public: static bool __cdecl Audio::install(void)" (?install@Audio@@SA_NXZ)
clientAudio.lib(Audio.obj) : error LNK2019: unresolved external symbol __imp_AIL_set_redist_directory referenced in function "public: static bool __cdecl Audio::install(void)" (?install@Audio@@SA_NXZ)
clientAudio.lib(Audio.obj) : error LNK2019: unresolved external symbol __imp_AIL_digital_CPU_percent referenced in function "public: static int __cdecl Audio::getDigitalCpuPercent(void)" (?getDigitalCpuPercent@Audio@@SAHXZ)
clientAudio.lib(Audio.obj) : error LNK2019: unresolved external symbol __imp_AIL_digital_latency referenced in function "public: static int __cdecl Audio::getDigitalLatency(void)" (?getDigitalLatency@Audio@@SAHXZ)
clientAudio.lib(Audio.obj) : error LNK2019: unresolved external symbol __imp_AIL_allocate_sample_handle referenced in function "class SampleId __cdecl AudioNamespace::createSampleId(class Sound2 &)" (?createSampleId@AudioNamespace@@YA?AVSampleId@@AEAVSound2@@@Z)
clientAudio.lib(Audio.obj) : error LNK2019: unresolved external symbol __imp_AIL_speaker_configuration referenced in function "public: static bool __cdecl Audio::install(void)" (?install@Audio@@SA_NXZ)
clientAudio.lib(Audio.obj) : error LNK2019: unresolved external symbol __imp_AIL_release_sample_handle referenced in function "void __cdecl getSampleTime(char const *,unsigned char *,int,float &,float &)" (?getSampleTime@@YAXPEBDPEAEHAEAM2@Z)
clientAudio.lib(Audio.obj) : error LNK2019: unresolved external symbol __imp_AIL_set_sample_file referenced in function "private: static void __cdecl Audio::startSample(class Sound2 &)" (?startSample@Audio@@CAXAEAVSound2@@@Z)
clientAudio.lib(Audio.obj) : error LNK2019: unresolved external symbol __imp_AIL_set_named_sample_file referenced in function "void __cdecl getSampleTime(char const *,unsigned char *,int,float &,float &)" (?getSampleTime@@YAXPEBDPEAEHAEAM2@Z)
clientAudio.lib(Audio.obj) : error LNK2019: unresolved external symbol __imp_AIL_start_sample referenced in function "public: static void __cdecl Audio::playBufferedMusic(char const * const,unsigned long,char const * const)" (?playBufferedMusic@Audio@@SAXQEBDK0@Z)
clientAudio.lib(Audio.obj) : error LNK2019: unresolved external symbol __imp_AIL_stop_sample referenced in function "public: static void __cdecl Audio::stopBufferedMusic(void)" (?stopBufferedMusic@Audio@@SAXXZ)
clientAudio.lib(Audio.obj) : error LNK2019: unresolved external symbol __imp_AIL_end_sample referenced in function "void __cdecl getSampleTime(char const *,unsigned char *,int,float &,float &)" (?getSampleTime@@YAXPEBDPEAEHAEAM2@Z)
clientAudio.lib(Audio.obj) : error LNK2019: unresolved external symbol __imp_AIL_set_sample_playback_rate referenced in function "protected: static void __cdecl Audio::setSamplePlayBackRate(class SampleId const &,int,float)" (?setSamplePlayBackRate@Audio@@KAXAEBVSampleId@@HM@Z)
clientAudio.lib(Audio.obj) : error LNK2019: unresolved external symbol __imp_AIL_set_sample_volume_levels referenced in function "public: static void __cdecl Audio::playBufferedMusic(char const * const,unsigned long,char const * const)" (?playBufferedMusic@Audio@@SAXQEBDK0@Z)
clientAudio.lib(Audio.obj) : error LNK2019: unresolved external symbol __imp_AIL_set_sample_reverb_levels referenced in function "protected: static void __cdecl Audio::setSampleEffectsLevel(class SampleId const &,float)" (?setSampleEffectsLevel@Audio@@KAXAEBVSampleId@@M@Z)
clientAudio.lib(Audio.obj) : error LNK2019: unresolved external symbol __imp_AIL_set_sample_loop_count referenced in function "private: static void __cdecl Audio::startSample(class Sound2 &)" (?startSample@Audio@@CAXAEAVSound2@@@Z)
clientAudio.lib(Audio.obj) : error LNK2019: unresolved external symbol __imp_AIL_set_sample_loop_block referenced in function "private: static void __cdecl Audio::startSample(class Sound2 &)" (?startSample@Audio@@CAXAEAVSound2@@@Z)
clientAudio.lib(Audio.obj) : error LNK2019: unresolved external symbol __imp_AIL_sample_status referenced in function "protected: static enum Audio::PlayBackStatus __cdecl Audio::getSamplePlayBackStatus(class SampleId const &)" (?getSamplePlayBackStatus@Audio@@KA?AW4PlayBackStatus@1@AEBVSampleId@@@Z)
clientAudio.lib(Audio.obj) : error LNK2019: unresolved external symbol __imp_AIL_sample_playback_rate referenced in function "protected: static int __cdecl Audio::getSamplePlayBackRate(class SampleId const &)" (?getSamplePlayBackRate@Audio@@KAHAEBVSampleId@@@Z)
clientAudio.lib(Audio.obj) : error LNK2019: unresolved external symbol __imp_AIL_sample_volume_levels referenced in function "protected: static float __cdecl Audio::getSampleVolume(class SampleId const &)" (?getSampleVolume@Audio@@KAMAEBVSampleId@@@Z)
clientAudio.lib(Audio.obj) : error LNK2019: unresolved external symbol __imp_AIL_sample_reverb_levels referenced in function "protected: static float __cdecl Audio::getSampleEffectsLevel(class SampleId const &)" (?getSampleEffectsLevel@Audio@@KAMAEBVSampleId@@@Z)
clientAudio.lib(Audio.obj) : error LNK2019: unresolved external symbol __imp_AIL_set_sample_position referenced in function "protected: static void __cdecl Audio::setSampleCurrentTime(class SampleId const &,int)" (?setSampleCurrentTime@Audio@@KAXAEBVSampleId@@H@Z)
clientAudio.lib(Audio.obj) : error LNK2019: unresolved external symbol __imp_AIL_sample_position referenced in function "protected: static int __cdecl Audio::getSampleCurrentTime(class SampleId const &)" (?getSampleCurrentTime@Audio@@KAHAEBVSampleId@@@Z)
clientAudio.lib(Audio.obj) : error LNK2019: unresolved external symbol __imp_AIL_register_EOS_callback referenced in function "private: static void __cdecl Audio::startSample(class Sound2 &)" (?startSample@Audio@@CAXAEAVSound2@@@Z)
clientAudio.lib(Audio.obj) : error LNK2019: unresolved external symbol __imp_AIL_set_sample_ms_position referenced in function "protected: static void __cdecl Audio::setSampleCurrentTime(class SampleId const &,int)" (?setSampleCurrentTime@Audio@@KAXAEBVSampleId@@H@Z)
clientAudio.lib(Audio.obj) : error LNK2019: unresolved external symbol __imp_AIL_sample_ms_position referenced in function "protected: static int __cdecl Audio::getSampleCurrentTime(class SampleId const &)" (?getSampleCurrentTime@Audio@@KAHAEBVSampleId@@@Z)
clientAudio.lib(Audio.obj) : error LNK2019: unresolved external symbol __imp_AIL_open_stream referenced in function "class SampleId __cdecl AudioNamespace::createSampleId(class Sound2 &)" (?createSampleId@AudioNamespace@@YA?AVSampleId@@AEAVSound2@@@Z)
clientAudio.lib(Audio.obj) : error LNK2019: unresolved external symbol __imp_AIL_close_stream referenced in function "void __cdecl stopSample(class Sound2 const &)" (?stopSample@@YAXAEBVSound2@@@Z)
clientAudio.lib(Audio.obj) : error LNK2019: unresolved external symbol __imp_AIL_stream_sample_handle referenced in function "protected: static int __cdecl Audio::getSamplePlayBackRate(class SampleId const &)" (?getSamplePlayBackRate@Audio@@KAHAEBVSampleId@@@Z)
clientAudio.lib(Audio.obj) : error LNK2019: unresolved external symbol __imp_AIL_start_stream referenced in function "protected: static void __cdecl Audio::setSampleCurrentTime(class SampleId const &,int)" (?setSampleCurrentTime@Audio@@KAXAEBVSampleId@@H@Z)
clientAudio.lib(Audio.obj) : error LNK2019: unresolved external symbol __imp_AIL_set_stream_loop_count referenced in function "private: static void __cdecl Audio::startSample(class Sound2 &)" (?startSample@Audio@@CAXAEAVSound2@@@Z)
clientAudio.lib(Audio.obj) : error LNK2019: unresolved external symbol __imp_AIL_set_stream_loop_block referenced in function "private: static void __cdecl Audio::startSample(class Sound2 &)" (?startSample@Audio@@CAXAEAVSound2@@@Z)
clientAudio.lib(Audio.obj) : error LNK2019: unresolved external symbol __imp_AIL_stream_status referenced in function "protected: static enum Audio::PlayBackStatus __cdecl Audio::getSamplePlayBackStatus(class SampleId const &)" (?getSamplePlayBackStatus@Audio@@KA?AW4PlayBackStatus@1@AEBVSampleId@@@Z)
clientAudio.lib(Audio.obj) : error LNK2019: unresolved external symbol __imp_AIL_register_stream_callback referenced in function "private: static void __cdecl Audio::startSample(class Sound2 &)" (?startSample@Audio@@CAXAEAVSound2@@@Z)
clientAudio.lib(Audio.obj) : error LNK2019: unresolved external symbol __imp_AIL_set_stream_ms_position referenced in function "protected: static void __cdecl Audio::setSampleCurrentTime(class SampleId const &,int)" (?setSampleCurrentTime@Audio@@KAXAEBVSampleId@@H@Z)
clientAudio.lib(Audio.obj) : error LNK2019: unresolved external symbol __imp_AIL_stream_ms_position referenced in function "protected: static int __cdecl Audio::getSampleCurrentTime(class SampleId const &)" (?getSampleCurrentTime@Audio@@KAHAEBVSampleId@@@Z)
clientAudio.lib(Audio.obj) : error LNK2019: unresolved external symbol __imp_AIL_set_file_callbacks referenced in function "public: static bool __cdecl Audio::install(void)" (?install@Audio@@SA_NXZ)
clientAudio.lib(Audio.obj) : error LNK2019: unresolved external symbol __imp_AIL_WAV_info referenced in function "public: static class AudioSampleInformation __cdecl Audio::getSampleInformation(class _STL::basic_string<char,class _STL::char_traits<char>,class _STL::allocator<char> > const &)" (?getSampleInformation@Audio@@SA?AVAudioSampleInformation@@AEBV?$basic_string@DV?$char_traits@D@_STL@@V?$allocator@D@2@@_STL@@@Z)
clientAudio.lib(Audio.obj) : error LNK2019: unresolved external symbol __imp_AIL_file_type referenced in function "public: static class _STL::basic_string<char,class _STL::char_traits<char>,class _STL::allocator<char> > __cdecl Audio::getSampleType(void *,int)" (?getSampleType@Audio@@SA?AV?$basic_string@DV?$char_traits@D@_STL@@V?$allocator@D@2@@_STL@@PEAXH@Z)
clientAudio.lib(Audio.obj) : error LNK2019: unresolved external symbol __imp_AIL_room_type referenced in function "public: static enum Audio::RoomType __cdecl Audio::getRoomType(void)" (?getRoomType@Audio@@SA?AW4RoomType@1@XZ)
clientAudio.lib(Audio.obj) : error LNK2019: unresolved external symbol __imp_AIL_set_room_type referenced in function "public: static void __cdecl Audio::setRoomType(enum Audio::RoomType)" (?setRoomType@Audio@@SAXW4RoomType@1@@Z)
clientAudio.lib(Audio.obj) : error LNK2019: unresolved external symbol __imp_AIL_set_3D_rolloff_factor referenced in function "public: static bool __cdecl Audio::install(void)" (?install@Audio@@SA_NXZ)
clientAudio.lib(Audio.obj) : error LNK2019: unresolved external symbol __imp_AIL_set_sample_obstruction referenced in function "public: static void __cdecl Audio::setSampleObstruction(class SampleId const &,float)" (?setSampleObstruction@Audio@@SAXAEBVSampleId@@M@Z)
clientAudio.lib(Audio.obj) : error LNK2019: unresolved external symbol __imp_AIL_set_sample_occlusion referenced in function "public: static void __cdecl Audio::setSampleOcclusion(class SampleId const &,float)" (?setSampleOcclusion@Audio@@SAXAEBVSampleId@@M@Z)
clientAudio.lib(Audio.obj) : error LNK2019: unresolved external symbol __imp_AIL_set_sample_3D_distances referenced in function "private: static void __cdecl Audio::startSample(class Sound2 &)" (?startSample@Audio@@CAXAEAVSound2@@@Z)
clientAudio.lib(Audio.obj) : error LNK2019: unresolved external symbol __imp_AIL_set_sample_3D_position referenced in function "protected: static void __cdecl Audio::setSamplePosition_w(class SampleId const &,class Vector const &)" (?setSamplePosition_w@Audio@@KAXAEBVSampleId@@AEBVVector@@@Z)
clientAudio.lib(Audio.obj) : error LNK2019: unresolved external symbol __imp_AIL_set_sample_3D_velocity_vector referenced in function "private: static void __cdecl Audio::startSample(class Sound2 &)" (?startSample@Audio@@CAXAEAVSound2@@@Z)
clientAudio.lib(SoundObject3d.obj) : error LNK2019: unresolved external symbol __imp_AIL_set_listener_3D_position referenced in function "public: void __cdecl SoundObject3d::alter(void)" (?alter@SoundObject3d@@QEAAXXZ)
clientAudio.lib(SoundObject3d.obj) : error LNK2019: unresolved external symbol __imp_AIL_set_listener_3D_velocity_vector referenced in function "public: void __cdecl SoundObject3d::alter(void)" (?alter@SoundObject3d@@QEAAXXZ)
clientAudio.lib(SoundObject3d.obj) : error LNK2019: unresolved external symbol __imp_AIL_set_listener_3D_orientation referenced in function "public: void __cdecl SoundObject3d::alter(void)" (?alter@SoundObject3d@@QEAAXXZ)
C:/xml-pcre-link-v1/Release/SwgClient.exe : fatal error LNK1120: 60 unresolved externals
