KEY path=Software\SWGSourceTrackIRPRCheck-20261001T101053Z-7e4ddf57-Win32 create=0 disposition=1
CASE id=0 dll=NPClient.dll chars=1 terminated=1 registryBytes=2 set=0
QUERY case=0 mode=old capacity=498 result=0 bytes=2 append=1
QUERY case=0 mode=candidate capacity=499 result=0 bytes=2 append=1
CASE id=1 dll=NPClient.dll chars=497 terminated=1 registryBytes=498 set=0
QUERY case=1 mode=old capacity=498 result=0 bytes=498 append=1
QUERY case=1 mode=candidate capacity=499 result=0 bytes=498 append=1
CASE id=2 dll=NPClient.dll chars=498 terminated=1 registryBytes=499 set=0
QUERY case=2 mode=old capacity=498 result=234 bytes=499 append=0
QUERY case=2 mode=candidate capacity=499 result=0 bytes=499 append=1
CASE id=3 dll=NPClient.dll chars=499 terminated=1 registryBytes=500 set=0
QUERY case=3 mode=old capacity=498 result=234 bytes=500 append=0
QUERY case=3 mode=candidate capacity=499 result=234 bytes=500 append=0
CASE id=4 dll=NPClient.dll chars=1 terminated=0 registryBytes=1 set=0
QUERY case=4 mode=old capacity=498 result=0 bytes=1 append=1
QUERY case=4 mode=candidate capacity=499 result=0 bytes=1 append=1
CASE id=5 dll=NPClient.dll chars=497 terminated=0 registryBytes=497 set=0
QUERY case=5 mode=old capacity=498 result=0 bytes=497 append=1
QUERY case=5 mode=candidate capacity=499 result=0 bytes=497 append=1
CASE id=6 dll=NPClient.dll chars=498 terminated=0 registryBytes=498 set=0
QUERY case=6 mode=old capacity=498 result=0 bytes=498 append=1
QUERY case=6 mode=candidate capacity=499 result=0 bytes=498 append=1
CASE id=7 dll=NPClient.dll chars=499 terminated=0 registryBytes=499 set=0
QUERY case=7 mode=old capacity=498 result=234 bytes=499 append=0
QUERY case=7 mode=candidate capacity=499 result=0 bytes=499 append=0
CASE id=8 dll=NPClient64.dll chars=1 terminated=1 registryBytes=2 set=0
QUERY case=8 mode=old capacity=496 result=0 bytes=2 append=1
QUERY case=8 mode=candidate capacity=497 result=0 bytes=2 append=1
CASE id=9 dll=NPClient64.dll chars=495 terminated=1 registryBytes=496 set=0
QUERY case=9 mode=old capacity=496 result=0 bytes=496 append=1
QUERY case=9 mode=candidate capacity=497 result=0 bytes=496 append=1
CASE id=10 dll=NPClient64.dll chars=496 terminated=1 registryBytes=497 set=0
QUERY case=10 mode=old capacity=496 result=234 bytes=497 append=0
QUERY case=10 mode=candidate capacity=497 result=0 bytes=497 append=1
CASE id=11 dll=NPClient64.dll chars=497 terminated=1 registryBytes=498 set=0
QUERY case=11 mode=old capacity=496 result=234 bytes=498 append=0
QUERY case=11 mode=candidate capacity=497 result=234 bytes=498 append=0
CASE id=12 dll=NPClient64.dll chars=1 terminated=0 registryBytes=1 set=0
QUERY case=12 mode=old capacity=496 result=0 bytes=1 append=1
QUERY case=12 mode=candidate capacity=497 result=0 bytes=1 append=1
CASE id=13 dll=NPClient64.dll chars=495 terminated=0 registryBytes=495 set=0
QUERY case=13 mode=old capacity=496 result=0 bytes=495 append=1
QUERY case=13 mode=candidate capacity=497 result=0 bytes=495 append=1
CASE id=14 dll=NPClient64.dll chars=496 terminated=0 registryBytes=496 set=0
QUERY case=14 mode=old capacity=496 result=0 bytes=496 append=1
QUERY case=14 mode=candidate capacity=497 result=0 bytes=496 append=1
CASE id=15 dll=NPClient64.dll chars=497 terminated=0 registryBytes=497 set=0
QUERY case=15 mode=old capacity=496 result=234 bytes=497 append=0
QUERY case=15 mode=candidate capacity=497 result=0 bytes=497 append=0
CLEANUP close=0 delete=0 absent=2
RESULT arch=Win32 cases=16 queries=32 failures=0 keyDeleted=1
