event=entry tick=18999015 thread=6152 cw=027f mxcsr=00001f80
runtime-resource-version=7.2a wave-devices=0
startup=1 error=
event=startup tick=18999031 thread=6152 cw=027f mxcsr=00001f80
event=decode-start tick=18999031 thread=6152 cw=027f mxcsr=00001f80
decode-okay=1 bytes=428588 error=
event=decode-end tick=18999046 thread=6152 cw=027f mxcsr=00001fa0
module=C:\vendor-miles-probe\probe.exe
module=C:\Windows\SYSTEM32\ntdll.dll
module=C:\Windows\System32\KERNEL32.DLL
module=C:\Windows\System32\KERNELBASE.dll
module=C:\Windows\System32\USER32.dll
module=C:\Windows\System32\win32u.dll
module=C:\Windows\System32\GDI32.dll
module=C:\Windows\System32\gdi32full.dll
module=C:\Windows\SYSTEM32\WINMM.dll
module=C:\Windows\System32\msvcp_win.dll
module=C:\Windows\System32\msvcrt.dll
module=C:\Windows\System32\ucrtbase.dll
module=C:\vendor-miles-probe\Mss32.dll
module=C:\Windows\SYSTEM32\winmmbase.dll
module=C:\Windows\System32\sechost.dll
module=C:\Windows\System32\RPCRT4.dll
module=C:\Windows\System32\bcrypt.dll
module=C:\Windows\SYSTEM32\MMDevAPI.DLL
module=C:\Windows\System32\shcore.dll
module=C:\Windows\SYSTEM32\DEVOBJ.dll
module=C:\Windows\System32\combase.dll
module=C:\Windows\System32\cfgmgr32.dll
module=C:\Windows\SYSTEM32\wdmaud.drv
module=C:\Windows\SYSTEM32\ksuser.dll
module=C:\Windows\SYSTEM32\AVRT.dll
module=C:\Windows\SYSTEM32\kernel.appcore.dll
module=C:\vendor-miles-probe\miles\mssmp3.asi
module=C:\vendor-miles-probe\miles\mssogg.asi
module=C:\vendor-miles-probe\miles\mssvoice.asi
module=C:\vendor-miles-probe\miles\AudioCapture.flt
module=C:\vendor-miles-probe\miles\mssdolby.flt
module=C:\vendor-miles-probe\miles\mssds3d.flt
module=C:\vendor-miles-probe\miles\mssdsp.flt
module=C:\vendor-miles-probe\miles\msseax.flt
module=C:\vendor-miles-probe\miles\msssrs.flt
driver=00000000 error=waveOutOpen() failed.
module=C:\vendor-miles-probe\probe.exe
module=C:\Windows\SYSTEM32\ntdll.dll
module=C:\Windows\System32\KERNEL32.DLL
module=C:\Windows\System32\KERNELBASE.dll
module=C:\Windows\System32\USER32.dll
module=C:\Windows\System32\win32u.dll
module=C:\Windows\System32\GDI32.dll
module=C:\Windows\System32\gdi32full.dll
module=C:\Windows\SYSTEM32\WINMM.dll
module=C:\Windows\System32\msvcp_win.dll
module=C:\Windows\System32\msvcrt.dll
module=C:\Windows\System32\ucrtbase.dll
module=C:\vendor-miles-probe\Mss32.dll
module=C:\Windows\SYSTEM32\winmmbase.dll
module=C:\Windows\System32\sechost.dll
module=C:\Windows\System32\RPCRT4.dll
module=C:\Windows\System32\bcrypt.dll
module=C:\Windows\SYSTEM32\MMDevAPI.DLL
module=C:\Windows\System32\shcore.dll
module=C:\Windows\SYSTEM32\DEVOBJ.dll
module=C:\Windows\System32\combase.dll
module=C:\Windows\System32\cfgmgr32.dll
module=C:\Windows\SYSTEM32\wdmaud.drv
module=C:\Windows\SYSTEM32\ksuser.dll
module=C:\Windows\SYSTEM32\AVRT.dll
module=C:\Windows\SYSTEM32\kernel.appcore.dll
module=C:\vendor-miles-probe\miles\mssmp3.asi
module=C:\vendor-miles-probe\miles\mssogg.asi
module=C:\vendor-miles-probe\miles\mssvoice.asi
module=C:\vendor-miles-probe\miles\AudioCapture.flt
module=C:\vendor-miles-probe\miles\mssdolby.flt
module=C:\vendor-miles-probe\miles\mssds3d.flt
module=C:\vendor-miles-probe\miles\mssdsp.flt
module=C:\vendor-miles-probe\miles\msseax.flt
module=C:\vendor-miles-probe\miles\msssrs.flt
module=C:\Windows\SYSTEM32\DSOUND.DLL
module=C:\Windows\System32\advapi32.dll
module=C:\Windows\SYSTEM32\powrprof.dll
module=C:\Windows\SYSTEM32\UMPDC.dll
module=C:\Windows\System32\bcryptPrimitives.dll
module=C:\Windows\System32\clbcatq.dll
BLOCKED no original Miles output driver; no playback verdict
