event=entry tick=18858468 thread=7796 cw=027f mxcsr=00001f80
runtime-resource-version=7.2a wave-devices=0
startup=1 error=
event=startup tick=18858515 thread=7796 cw=027f mxcsr=00001f80
driver=00000000 error=waveOutOpen() failed.
module=C:\vendor-miles-probe\probe.exe
module=C:\Windows\SYSTEM32\ntdll.dll
module=C:\Windows\System32\KERNEL32.DLL
module=C:\Windows\System32\KERNELBASE.dll
module=C:\Windows\SYSTEM32\apphelp.dll
module=C:\Windows\System32\USER32.dll
module=C:\Windows\System32\win32u.dll
module=C:\Windows\SYSTEM32\WINMM.dll
module=C:\Windows\System32\GDI32.dll
module=C:\Windows\System32\msvcrt.dll
module=C:\Windows\System32\gdi32full.dll
module=C:\Windows\System32\msvcp_win.dll
module=C:\Windows\System32\ucrtbase.dll
module=C:\vendor-miles-probe\Mss32.dll
module=C:\Windows\SYSTEM32\winmmbase.dll
module=C:\Windows\System32\sechost.dll
module=C:\Windows\System32\RPCRT4.dll
module=C:\Windows\System32\bcrypt.dll
module=C:\Windows\SYSTEM32\MMDevAPI.DLL
module=C:\Windows\System32\shcore.dll
module=C:\Windows\System32\combase.dll
module=C:\Windows\SYSTEM32\DEVOBJ.dll
module=C:\Windows\System32\cfgmgr32.dll
module=C:\Windows\SYSTEM32\wdmaud.drv
module=C:\Windows\SYSTEM32\kernel.appcore.dll
module=C:\Windows\SYSTEM32\AVRT.dll
module=C:\Windows\SYSTEM32\ksuser.dll
module=C:\Windows\SYSTEM32\DSOUND.DLL
module=C:\Windows\System32\advapi32.dll
module=C:\Windows\SYSTEM32\powrprof.dll
module=C:\Windows\SYSTEM32\UMPDC.dll
module=C:\Windows\System32\bcryptPrimitives.dll
module=C:\Windows\System32\clbcatq.dll
BLOCKED no original Miles output driver; no playback verdict
