event=entry tick=186671632 thread=300 cw=027f mxcsr=00001f80
ALSA lib control.c:1575:(snd_ctl_open_noupdate) [error.control] Invalid CTL hw:0
ALSA lib control.c:1575:(snd_ctl_open_noupdate) [error.control] Invalid CTL hw:1
ALSA lib control.c:1575:(snd_ctl_open_noupdate) [error.control] Invalid CTL hw:0
ALSA lib control.c:1575:(snd_ctl_open_noupdate) [error.control] Invalid CTL hw:1
runtime-resource-version=7.2a wave-devices=1
startup=1 error=
event=startup tick=186671667 thread=300 cw=027f mxcsr=00001f80
event=decode-start tick=186671667 thread=300 cw=027f mxcsr=00001f80
decode-okay=1 bytes=428588 error=
event=decode-end tick=186671668 thread=300 cw=027f mxcsr=00001fa0
module=Z:\home\akilleez\Work\client-wire-validation\vendor-options\miles-probe\wine-prefix\drive_c\vendor-miles-probe\probe.exe
module=C:\windows\system32\ntdll.dll
module=C:\windows\system32\kernel32.dll
module=C:\windows\system32\kernelbase.dll
module=C:\windows\system32\WINMM.dll
module=C:\windows\system32\advapi32.dll
module=C:\windows\system32\msvcrt.dll
module=C:\windows\system32\sechost.dll
module=C:\windows\system32\ucrtbase.dll
module=C:\windows\system32\msacm32.dll
module=C:\windows\system32\user32.dll
module=C:\windows\system32\gdi32.dll
module=C:\windows\system32\win32u.dll
module=C:\windows\system32\ole32.dll
module=C:\windows\system32\combase.dll
module=C:\windows\system32\rpcrt4.dll
module=C:\windows\system32\cryptbase.dll
module=C:\windows\system32\coml2.dll
module=C:\windows\system32\imm32.dll
module=C:\vendor-miles-probe\Mss32.dll
module=c:\windows\system32\winex11.drv
module=C:\windows\system32\uxtheme.dll
module=C:\windows\system32\mmdevapi.dll
module=C:\windows\system32\oleaut32.dll
module=C:\windows\system32\version.dll
module=C:\vendor-miles-probe\miles\mssmp3.asi
module=C:\vendor-miles-probe\miles\mssogg.asi
module=C:\vendor-miles-probe\miles\mssvoice.asi
driver=008386E0 error=
module=Z:\home\akilleez\Work\client-wire-validation\vendor-options\miles-probe\wine-prefix\drive_c\vendor-miles-probe\probe.exe
module=C:\windows\system32\ntdll.dll
module=C:\windows\system32\kernel32.dll
module=C:\windows\system32\kernelbase.dll
module=C:\windows\system32\WINMM.dll
module=C:\windows\system32\advapi32.dll
module=C:\windows\system32\msvcrt.dll
module=C:\windows\system32\sechost.dll
module=C:\windows\system32\ucrtbase.dll
module=C:\windows\system32\msacm32.dll
module=C:\windows\system32\user32.dll
module=C:\windows\system32\gdi32.dll
module=C:\windows\system32\win32u.dll
module=C:\windows\system32\ole32.dll
module=C:\windows\system32\combase.dll
module=C:\windows\system32\rpcrt4.dll
module=C:\windows\system32\cryptbase.dll
module=C:\windows\system32\coml2.dll
module=C:\windows\system32\imm32.dll
module=C:\vendor-miles-probe\Mss32.dll
module=c:\windows\system32\winex11.drv
module=C:\windows\system32\uxtheme.dll
module=C:\windows\system32\mmdevapi.dll
module=C:\windows\system32\oleaut32.dll
module=C:\windows\system32\version.dll
module=C:\vendor-miles-probe\miles\mssmp3.asi
module=C:\vendor-miles-probe\miles\mssogg.asi
module=C:\vendor-miles-probe\miles\mssvoice.asi
module=C:\windows\system32\DSOUND.DLL
sample-accepted=1
event=sample-start tick=186671707 thread=300 cw=027f mxcsr=00001fa0
sample tick=186671707 status=4 position=64 total=204
sample tick=186671707 status=4 position=64 total=204
sample tick=186671723 status=4 position=104 total=204
sample tick=186671723 status=4 position=177 total=204
event=sample-eos tick=186671739 thread=300 cw=027f mxcsr=00001fa0
sample tick=186671739 status=2 position=204 total=204
stream=0082D020 error=
event=stream-start tick=186671760 thread=300 cw=027f mxcsr=00001fa0
stream tick=186671760 status=4
stream tick=186671760 status=4
stream tick=186671776 status=4
stream tick=186671776 status=4
stream tick=186671792 status=4
stream tick=186671808 status=4
stream tick=186671808 status=4
stream tick=186671824 status=4
stream tick=186671840 status=4
stream tick=186671840 status=4
stream tick=186671856 status=4
stream tick=186671856 status=4
event=stream-eos tick=186671872 thread=300 cw=027f mxcsr=00001fa0
stream tick=186671872 status=2
module=Z:\home\akilleez\Work\client-wire-validation\vendor-options\miles-probe\wine-prefix\drive_c\vendor-miles-probe\probe.exe
module=C:\windows\system32\ntdll.dll
module=C:\windows\system32\kernel32.dll
module=C:\windows\system32\kernelbase.dll
module=C:\windows\system32\WINMM.dll
module=C:\windows\system32\advapi32.dll
module=C:\windows\system32\msvcrt.dll
module=C:\windows\system32\sechost.dll
module=C:\windows\system32\ucrtbase.dll
module=C:\windows\system32\msacm32.dll
module=C:\windows\system32\user32.dll
module=C:\windows\system32\gdi32.dll
module=C:\windows\system32\win32u.dll
module=C:\windows\system32\ole32.dll
module=C:\windows\system32\combase.dll
module=C:\windows\system32\rpcrt4.dll
module=C:\windows\system32\cryptbase.dll
module=C:\windows\system32\coml2.dll
module=C:\windows\system32\imm32.dll
module=C:\vendor-miles-probe\Mss32.dll
module=c:\windows\system32\winex11.drv
module=C:\windows\system32\uxtheme.dll
module=C:\windows\system32\mmdevapi.dll
module=C:\windows\system32\oleaut32.dll
module=C:\windows\system32\version.dll
module=C:\vendor-miles-probe\miles\mssmp3.asi
module=C:\vendor-miles-probe\miles\mssogg.asi
module=C:\vendor-miles-probe\miles\mssvoice.asi
module=C:\windows\system32\DSOUND.DLL
event=shutdown tick=186671911 thread=300 cw=027f mxcsr=00001fa0
sample-eos=1 stream-eos=1
