event=entry tick=188717038 thread=516 cw=027f mxcsr=00001f80
ALSA lib control.c:1575:(snd_ctl_open_noupdate) [error.control] Invalid CTL hw:0
ALSA lib control.c:1575:(snd_ctl_open_noupdate) [error.control] Invalid CTL hw:1
ALSA lib control.c:1575:(snd_ctl_open_noupdate) [error.control] Invalid CTL hw:0
ALSA lib control.c:1575:(snd_ctl_open_noupdate) [error.control] Invalid CTL hw:1
runtime-resource-version=7.2a wave-devices=1
startup=1 error=
event=startup tick=188717183 thread=516 cw=027f mxcsr=00001f80
event=decode-start tick=188717183 thread=516 cw=027f mxcsr=00001f80
decode-okay=1 bytes=428588 error=
event=decode-end tick=188717184 thread=516 cw=027f mxcsr=00001fa0
module=C:\vendor-miles-probe\probe-drain-isolated.exe
module=C:\windows\system32\ntdll.dll
module=C:\windows\system32\kernel32.dll
module=C:\windows\system32\kernelbase.dll
module=C:\windows\system32\WINMM.dll
module=C:\windows\system32\advapi32.dll
module=C:\windows\system32\msvcrt.dll
module=C:\windows\system32\sechost.dll
module=C:\windows\system32\ucrtbase.dll
module=C:\windows\system32\msacm32.dll
module=C:\windows\system32\user32.dll
module=C:\windows\system32\gdi32.dll
module=C:\windows\system32\win32u.dll
module=C:\windows\system32\ole32.dll
module=C:\windows\system32\combase.dll
module=C:\windows\system32\rpcrt4.dll
module=C:\windows\system32\cryptbase.dll
module=C:\windows\system32\coml2.dll
module=C:\windows\system32\imm32.dll
module=C:\vendor-miles-probe\Mss32.dll
module=c:\windows\system32\winex11.drv
module=C:\windows\system32\uxtheme.dll
module=C:\windows\system32\mmdevapi.dll
module=C:\windows\system32\oleaut32.dll
module=C:\windows\system32\version.dll
module=C:\vendor-miles-probe\miles\mssmp3.asi
module=C:\vendor-miles-probe\miles\mssogg.asi
module=C:\vendor-miles-probe\miles\mssvoice.asi
driver=00837E20 error=
module=C:\vendor-miles-probe\probe-drain-isolated.exe
module=C:\windows\system32\ntdll.dll
module=C:\windows\system32\kernel32.dll
module=C:\windows\system32\kernelbase.dll
module=C:\windows\system32\WINMM.dll
module=C:\windows\system32\advapi32.dll
module=C:\windows\system32\msvcrt.dll
module=C:\windows\system32\sechost.dll
module=C:\windows\system32\ucrtbase.dll
module=C:\windows\system32\msacm32.dll
module=C:\windows\system32\user32.dll
module=C:\windows\system32\gdi32.dll
module=C:\windows\system32\win32u.dll
module=C:\windows\system32\ole32.dll
module=C:\windows\system32\combase.dll
module=C:\windows\system32\rpcrt4.dll
module=C:\windows\system32\cryptbase.dll
module=C:\windows\system32\coml2.dll
module=C:\windows\system32\imm32.dll
module=C:\vendor-miles-probe\Mss32.dll
module=c:\windows\system32\winex11.drv
module=C:\windows\system32\uxtheme.dll
module=C:\windows\system32\mmdevapi.dll
module=C:\windows\system32\oleaut32.dll
module=C:\windows\system32\version.dll
module=C:\vendor-miles-probe\miles\mssmp3.asi
module=C:\vendor-miles-probe\miles\mssogg.asi
module=C:\vendor-miles-probe\miles\mssvoice.asi
module=C:\windows\system32\DSOUND.DLL
stream=00889A00 error=
event=stream-start tick=188717269 thread=516 cw=027f mxcsr=00001fa0
stream tick=188717269 status=4
stream tick=188717269 status=4
stream tick=188717285 status=4
stream tick=188717285 status=4
stream tick=188717301 status=4
stream tick=188717314 status=4
stream tick=188717330 status=4
stream tick=188717330 status=4
stream tick=188717346 status=4
stream tick=188717346 status=4
stream tick=188717362 status=4
stream tick=188717378 status=4
stream tick=188717378 status=4
stream tick=188717394 status=4
stream tick=188717410 status=4
stream tick=188717410 status=4
stream tick=188717426 status=4
stream tick=188717443 status=4
stream tick=188717443 status=4
stream tick=188717459 status=4
stream tick=188717475 status=4
stream tick=188717475 status=4
stream tick=188717491 status=4
stream tick=188717507 status=4
stream tick=188717507 status=4
stream tick=188717523 status=4
stream tick=188717523 status=4
stream tick=188717539 status=4
event=stream-eos tick=188717556 thread=516 cw=027f mxcsr=00001fa0
stream tick=188717556 status=2
event=stream-drain-start tick=188717556 thread=516 cw=027f mxcsr=00001fa0
event=stream-drain-end tick=188718070 thread=516 cw=027f mxcsr=00001fa0
module=C:\vendor-miles-probe\probe-drain-isolated.exe
module=C:\windows\system32\ntdll.dll
module=C:\windows\system32\kernel32.dll
module=C:\windows\system32\kernelbase.dll
module=C:\windows\system32\WINMM.dll
module=C:\windows\system32\advapi32.dll
module=C:\windows\system32\msvcrt.dll
module=C:\windows\system32\sechost.dll
module=C:\windows\system32\ucrtbase.dll
module=C:\windows\system32\msacm32.dll
module=C:\windows\system32\user32.dll
module=C:\windows\system32\gdi32.dll
module=C:\windows\system32\win32u.dll
module=C:\windows\system32\ole32.dll
module=C:\windows\system32\combase.dll
module=C:\windows\system32\rpcrt4.dll
module=C:\windows\system32\cryptbase.dll
module=C:\windows\system32\coml2.dll
module=C:\windows\system32\imm32.dll
module=C:\vendor-miles-probe\Mss32.dll
module=c:\windows\system32\winex11.drv
module=C:\windows\system32\uxtheme.dll
module=C:\windows\system32\mmdevapi.dll
module=C:\windows\system32\oleaut32.dll
module=C:\windows\system32\version.dll
module=C:\vendor-miles-probe\miles\mssmp3.asi
module=C:\vendor-miles-probe\miles\mssogg.asi
module=C:\vendor-miles-probe\miles\mssvoice.asi
module=C:\windows\system32\DSOUND.DLL
event=shutdown tick=188718096 thread=516 cw=027f mxcsr=00001fa0
sample-eos=0 stream-eos=1
