loaded_dll=C:\live31-private\mss32.dll
request=1 opcode=4096 admission=0 transport=0 vendor=0 text_bytes=0
request=2 opcode=4101 admission=1 transport=0 vendor=0 text_bytes=5
request=3 opcode=34 admission=2 transport=0 vendor=0 text_bytes=7
vendor startup=1
request=4 opcode=56 admission=3 transport=0 vendor=1 text_bytes=0
request=5 opcode=14 admission=4 transport=0 vendor=0 text_bytes=0
request=6 opcode=53 admission=5 transport=0 vendor=0 text_bytes=0
owned allocation=1 slot=2 generation=1 tracked=1
request=7 opcode=3 admission=6 transport=0 vendor=0 text_bytes=0
request=8 opcode=7 admission=7 transport=0 vendor=0 text_bytes=0
request=9 opcode=18 admission=8 transport=0 vendor=0 text_bytes=0
request=10 opcode=7 admission=8 transport=2 vendor=0 text_bytes=0
owned allocation=2 slot=2 generation=2 tracked=1
request=11 opcode=3 admission=9 transport=0 vendor=0 text_bytes=0
request=12 opcode=7 admission=10 transport=0 vendor=0 text_bytes=0
request=13 opcode=18 admission=11 transport=0 vendor=0 text_bytes=0
owned allocation=3 slot=2 generation=3 tracked=1
request=14 opcode=3 admission=12 transport=0 vendor=0 text_bytes=0
request=15 opcode=7 admission=13 transport=0 vendor=0 text_bytes=0
request=16 opcode=18 admission=14 transport=0 vendor=0 text_bytes=0
owned allocation=4 slot=2 generation=4 tracked=1
request=17 opcode=3 admission=15 transport=0 vendor=0 text_bytes=0
request=18 opcode=7 admission=16 transport=0 vendor=0 text_bytes=0
request=19 opcode=18 admission=17 transport=0 vendor=0 text_bytes=0
owned allocation=5 slot=2 generation=5 tracked=1
request=20 opcode=3 admission=18 transport=0 vendor=0 text_bytes=0
request=21 opcode=7 admission=19 transport=0 vendor=0 text_bytes=0
request=22 opcode=18 admission=20 transport=0 vendor=0 text_bytes=0
owned allocation=6 slot=2 generation=6 tracked=1
request=23 opcode=3 admission=21 transport=0 vendor=0 text_bytes=0
request=24 opcode=7 admission=22 transport=0 vendor=0 text_bytes=0
request=25 opcode=18 admission=23 transport=0 vendor=0 text_bytes=0
owned allocation=7 slot=2 generation=7 tracked=1
request=26 opcode=3 admission=24 transport=0 vendor=0 text_bytes=0
request=27 opcode=7 admission=25 transport=0 vendor=0 text_bytes=0
request=28 opcode=18 admission=26 transport=0 vendor=0 text_bytes=0
owned allocation=8 slot=2 generation=8 tracked=1
request=29 opcode=3 admission=27 transport=0 vendor=0 text_bytes=0
request=30 opcode=7 admission=28 transport=0 vendor=0 text_bytes=0
request=31 opcode=18 admission=29 transport=0 vendor=0 text_bytes=0
owned allocation=9 slot=2 generation=9 tracked=1
request=32 opcode=3 admission=30 transport=0 vendor=0 text_bytes=0
request=33 opcode=7 admission=31 transport=0 vendor=0 text_bytes=0
request=34 opcode=18 admission=32 transport=0 vendor=0 text_bytes=0
owned allocation=10 slot=2 generation=10 tracked=1
request=35 opcode=3 admission=33 transport=0 vendor=0 text_bytes=0
request=36 opcode=7 admission=34 transport=0 vendor=0 text_bytes=0
request=37 opcode=18 admission=35 transport=0 vendor=0 text_bytes=0
owned allocation=11 slot=2 generation=11 tracked=1
request=38 opcode=3 admission=36 transport=0 vendor=0 text_bytes=0
request=39 opcode=7 admission=37 transport=0 vendor=0 text_bytes=0
request=40 opcode=18 admission=38 transport=0 vendor=0 text_bytes=0
owned allocation=12 slot=2 generation=12 tracked=1
request=41 opcode=3 admission=39 transport=0 vendor=0 text_bytes=0
request=42 opcode=7 admission=40 transport=0 vendor=0 text_bytes=0
request=43 opcode=18 admission=41 transport=0 vendor=0 text_bytes=0
owned allocation=13 slot=2 generation=13 tracked=1
request=44 opcode=3 admission=42 transport=0 vendor=0 text_bytes=0
request=45 opcode=7 admission=43 transport=0 vendor=0 text_bytes=0
request=46 opcode=18 admission=44 transport=0 vendor=0 text_bytes=0
owned allocation=14 slot=2 generation=14 tracked=1
request=47 opcode=3 admission=45 transport=0 vendor=0 text_bytes=0
request=48 opcode=7 admission=46 transport=0 vendor=0 text_bytes=0
request=49 opcode=18 admission=47 transport=0 vendor=0 text_bytes=0
owned allocation=15 slot=2 generation=15 tracked=1
request=50 opcode=3 admission=48 transport=0 vendor=0 text_bytes=0
request=51 opcode=7 admission=49 transport=0 vendor=0 text_bytes=0
request=52 opcode=18 admission=50 transport=0 vendor=0 text_bytes=0
owned allocation=16 slot=2 generation=16 tracked=1
request=53 opcode=3 admission=51 transport=0 vendor=0 text_bytes=0
request=54 opcode=7 admission=52 transport=0 vendor=0 text_bytes=0
request=55 opcode=18 admission=53 transport=0 vendor=0 text_bytes=0
owned allocation=17 slot=2 generation=17 tracked=1
request=56 opcode=3 admission=54 transport=0 vendor=0 text_bytes=0
request=57 opcode=7 admission=55 transport=0 vendor=0 text_bytes=0
request=58 opcode=18 admission=56 transport=0 vendor=0 text_bytes=0
owned allocation=18 slot=2 generation=18 tracked=1
request=59 opcode=3 admission=57 transport=0 vendor=0 text_bytes=0
request=60 opcode=7 admission=58 transport=0 vendor=0 text_bytes=0
request=61 opcode=18 admission=59 transport=0 vendor=0 text_bytes=0
owned allocation=19 slot=2 generation=19 tracked=1
request=62 opcode=3 admission=60 transport=0 vendor=0 text_bytes=0
request=63 opcode=7 admission=61 transport=0 vendor=0 text_bytes=0
request=64 opcode=18 admission=62 transport=0 vendor=0 text_bytes=0
owned allocation=20 slot=2 generation=20 tracked=1
request=65 opcode=3 admission=63 transport=0 vendor=0 text_bytes=0
request=66 opcode=7 admission=64 transport=0 vendor=0 text_bytes=0
request=67 opcode=18 admission=65 transport=0 vendor=0 text_bytes=0
owned allocation=21 slot=2 generation=21 tracked=1
request=68 opcode=3 admission=66 transport=0 vendor=0 text_bytes=0
request=69 opcode=7 admission=67 transport=0 vendor=0 text_bytes=0
request=70 opcode=18 admission=68 transport=0 vendor=0 text_bytes=0
owned allocation=22 slot=2 generation=22 tracked=1
request=71 opcode=3 admission=69 transport=0 vendor=0 text_bytes=0
request=72 opcode=7 admission=70 transport=0 vendor=0 text_bytes=0
request=73 opcode=18 admission=71 transport=0 vendor=0 text_bytes=0
owned allocation=23 slot=2 generation=23 tracked=1
request=74 opcode=3 admission=72 transport=0 vendor=0 text_bytes=0
request=75 opcode=7 admission=73 transport=0 vendor=0 text_bytes=0
request=76 opcode=18 admission=74 transport=0 vendor=0 text_bytes=0
owned allocation=24 slot=2 generation=24 tracked=1
request=77 opcode=3 admission=75 transport=0 vendor=0 text_bytes=0
request=78 opcode=7 admission=76 transport=0 vendor=0 text_bytes=0
request=79 opcode=18 admission=77 transport=0 vendor=0 text_bytes=0
owned allocation=25 slot=2 generation=25 tracked=1
request=80 opcode=3 admission=78 transport=0 vendor=0 text_bytes=0
request=81 opcode=7 admission=79 transport=0 vendor=0 text_bytes=0
request=82 opcode=18 admission=80 transport=0 vendor=0 text_bytes=0
owned allocation=26 slot=2 generation=26 tracked=1
request=83 opcode=3 admission=81 transport=0 vendor=0 text_bytes=0
request=84 opcode=7 admission=82 transport=0 vendor=0 text_bytes=0
request=85 opcode=18 admission=83 transport=0 vendor=0 text_bytes=0
owned allocation=27 slot=2 generation=27 tracked=1
request=86 opcode=3 admission=84 transport=0 vendor=0 text_bytes=0
request=87 opcode=7 admission=85 transport=0 vendor=0 text_bytes=0
request=88 opcode=18 admission=86 transport=0 vendor=0 text_bytes=0
owned allocation=28 slot=2 generation=28 tracked=1
request=89 opcode=3 admission=87 transport=0 vendor=0 text_bytes=0
request=90 opcode=7 admission=88 transport=0 vendor=0 text_bytes=0
request=91 opcode=18 admission=89 transport=0 vendor=0 text_bytes=0
owned allocation=29 slot=2 generation=29 tracked=1
request=92 opcode=3 admission=90 transport=0 vendor=0 text_bytes=0
request=93 opcode=7 admission=91 transport=0 vendor=0 text_bytes=0
request=94 opcode=18 admission=92 transport=0 vendor=0 text_bytes=0
owned allocation=30 slot=2 generation=30 tracked=1
request=95 opcode=3 admission=93 transport=0 vendor=0 text_bytes=0
request=96 opcode=7 admission=94 transport=0 vendor=0 text_bytes=0
request=97 opcode=18 admission=95 transport=0 vendor=0 text_bytes=0
owned allocation=31 slot=2 generation=31 tracked=1
request=98 opcode=3 admission=96 transport=0 vendor=0 text_bytes=0
request=99 opcode=7 admission=97 transport=0 vendor=0 text_bytes=0
request=100 opcode=18 admission=98 transport=0 vendor=0 text_bytes=0
owned allocation=32 slot=2 generation=32 tracked=1
request=101 opcode=3 admission=99 transport=0 vendor=0 text_bytes=0
request=102 opcode=7 admission=100 transport=0 vendor=0 text_bytes=0
request=103 opcode=18 admission=101 transport=0 vendor=0 text_bytes=0
owned allocation=33 slot=2 generation=33 tracked=1
request=104 opcode=3 admission=102 transport=0 vendor=0 text_bytes=0
request=105 opcode=7 admission=103 transport=0 vendor=0 text_bytes=0
request=106 opcode=18 admission=104 transport=0 vendor=0 text_bytes=0
owned allocation=34 slot=2 generation=34 tracked=1
request=107 opcode=3 admission=105 transport=0 vendor=0 text_bytes=0
request=108 opcode=7 admission=106 transport=0 vendor=0 text_bytes=0
request=109 opcode=18 admission=107 transport=0 vendor=0 text_bytes=0
owned allocation=35 slot=2 generation=35 tracked=1
request=110 opcode=3 admission=108 transport=0 vendor=0 text_bytes=0
request=111 opcode=7 admission=109 transport=0 vendor=0 text_bytes=0
request=112 opcode=18 admission=110 transport=0 vendor=0 text_bytes=0
owned allocation=36 slot=2 generation=36 tracked=1
request=113 opcode=3 admission=111 transport=0 vendor=0 text_bytes=0
request=114 opcode=7 admission=112 transport=0 vendor=0 text_bytes=0
request=115 opcode=18 admission=113 transport=0 vendor=0 text_bytes=0
owned allocation=37 slot=2 generation=37 tracked=1
request=116 opcode=3 admission=114 transport=0 vendor=0 text_bytes=0
request=117 opcode=7 admission=115 transport=0 vendor=0 text_bytes=0
request=118 opcode=18 admission=116 transport=0 vendor=0 text_bytes=0
owned allocation=38 slot=2 generation=38 tracked=1
request=119 opcode=3 admission=117 transport=0 vendor=0 text_bytes=0
request=120 opcode=7 admission=118 transport=0 vendor=0 text_bytes=0
request=121 opcode=18 admission=119 transport=0 vendor=0 text_bytes=0
owned allocation=39 slot=2 generation=39 tracked=1
request=122 opcode=3 admission=120 transport=0 vendor=0 text_bytes=0
request=123 opcode=7 admission=121 transport=0 vendor=0 text_bytes=0
request=124 opcode=18 admission=122 transport=0 vendor=0 text_bytes=0
owned allocation=40 slot=2 generation=40 tracked=1
request=125 opcode=3 admission=123 transport=0 vendor=0 text_bytes=0
request=126 opcode=7 admission=124 transport=0 vendor=0 text_bytes=0
request=127 opcode=18 admission=125 transport=0 vendor=0 text_bytes=0
owned allocation=41 slot=2 generation=41 tracked=1
request=128 opcode=3 admission=126 transport=0 vendor=0 text_bytes=0
request=129 opcode=7 admission=127 transport=0 vendor=0 text_bytes=0
request=130 opcode=18 admission=128 transport=0 vendor=0 text_bytes=0
owned allocation=42 slot=2 generation=42 tracked=1
request=131 opcode=3 admission=129 transport=0 vendor=0 text_bytes=0
request=132 opcode=7 admission=130 transport=0 vendor=0 text_bytes=0
request=133 opcode=18 admission=131 transport=0 vendor=0 text_bytes=0
owned allocation=43 slot=2 generation=43 tracked=1
request=134 opcode=3 admission=132 transport=0 vendor=0 text_bytes=0
request=135 opcode=7 admission=133 transport=0 vendor=0 text_bytes=0
request=136 opcode=18 admission=134 transport=0 vendor=0 text_bytes=0
owned allocation=44 slot=2 generation=44 tracked=1
request=137 opcode=3 admission=135 transport=0 vendor=0 text_bytes=0
request=138 opcode=7 admission=136 transport=0 vendor=0 text_bytes=0
request=139 opcode=18 admission=137 transport=0 vendor=0 text_bytes=0
owned allocation=45 slot=2 generation=45 tracked=1
request=140 opcode=3 admission=138 transport=0 vendor=0 text_bytes=0
request=141 opcode=7 admission=139 transport=0 vendor=0 text_bytes=0
request=142 opcode=18 admission=140 transport=0 vendor=0 text_bytes=0
owned allocation=46 slot=2 generation=46 tracked=1
request=143 opcode=3 admission=141 transport=0 vendor=0 text_bytes=0
request=144 opcode=7 admission=142 transport=0 vendor=0 text_bytes=0
request=145 opcode=18 admission=143 transport=0 vendor=0 text_bytes=0
owned allocation=47 slot=2 generation=47 tracked=1
request=146 opcode=3 admission=144 transport=0 vendor=0 text_bytes=0
request=147 opcode=7 admission=145 transport=0 vendor=0 text_bytes=0
request=148 opcode=18 admission=146 transport=0 vendor=0 text_bytes=0
owned allocation=48 slot=2 generation=48 tracked=1
request=149 opcode=3 admission=147 transport=0 vendor=0 text_bytes=0
request=150 opcode=7 admission=148 transport=0 vendor=0 text_bytes=0
request=151 opcode=18 admission=149 transport=0 vendor=0 text_bytes=0
owned allocation=49 slot=2 generation=49 tracked=1
request=152 opcode=3 admission=150 transport=0 vendor=0 text_bytes=0
request=153 opcode=7 admission=151 transport=0 vendor=0 text_bytes=0
request=154 opcode=18 admission=152 transport=0 vendor=0 text_bytes=0
owned allocation=50 slot=2 generation=50 tracked=1
request=155 opcode=3 admission=153 transport=0 vendor=0 text_bytes=0
request=156 opcode=7 admission=154 transport=0 vendor=0 text_bytes=0
request=157 opcode=18 admission=155 transport=0 vendor=0 text_bytes=0
owned allocation=51 slot=2 generation=51 tracked=1
request=158 opcode=3 admission=156 transport=0 vendor=0 text_bytes=0
request=159 opcode=7 admission=157 transport=0 vendor=0 text_bytes=0
request=160 opcode=18 admission=158 transport=0 vendor=0 text_bytes=0
owned allocation=52 slot=2 generation=52 tracked=1
request=161 opcode=3 admission=159 transport=0 vendor=0 text_bytes=0
request=162 opcode=7 admission=160 transport=0 vendor=0 text_bytes=0
request=163 opcode=18 admission=161 transport=0 vendor=0 text_bytes=0
owned allocation=53 slot=2 generation=53 tracked=1
request=164 opcode=3 admission=162 transport=0 vendor=0 text_bytes=0
request=165 opcode=7 admission=163 transport=0 vendor=0 text_bytes=0
request=166 opcode=18 admission=164 transport=0 vendor=0 text_bytes=0
owned allocation=54 slot=2 generation=54 tracked=1
request=167 opcode=3 admission=165 transport=0 vendor=0 text_bytes=0
request=168 opcode=7 admission=166 transport=0 vendor=0 text_bytes=0
request=169 opcode=18 admission=167 transport=0 vendor=0 text_bytes=0
owned allocation=55 slot=2 generation=55 tracked=1
request=170 opcode=3 admission=168 transport=0 vendor=0 text_bytes=0
request=171 opcode=7 admission=169 transport=0 vendor=0 text_bytes=0
request=172 opcode=18 admission=170 transport=0 vendor=0 text_bytes=0
owned allocation=56 slot=2 generation=56 tracked=1
request=173 opcode=3 admission=171 transport=0 vendor=0 text_bytes=0
request=174 opcode=7 admission=172 transport=0 vendor=0 text_bytes=0
request=175 opcode=18 admission=173 transport=0 vendor=0 text_bytes=0
owned allocation=57 slot=2 generation=57 tracked=1
request=176 opcode=3 admission=174 transport=0 vendor=0 text_bytes=0
request=177 opcode=7 admission=175 transport=0 vendor=0 text_bytes=0
request=178 opcode=18 admission=176 transport=0 vendor=0 text_bytes=0
owned allocation=58 slot=2 generation=58 tracked=1
request=179 opcode=3 admission=177 transport=0 vendor=0 text_bytes=0
request=180 opcode=7 admission=178 transport=0 vendor=0 text_bytes=0
request=181 opcode=18 admission=179 transport=0 vendor=0 text_bytes=0
owned allocation=59 slot=2 generation=59 tracked=1
request=182 opcode=3 admission=180 transport=0 vendor=0 text_bytes=0
request=183 opcode=7 admission=181 transport=0 vendor=0 text_bytes=0
request=184 opcode=18 admission=182 transport=0 vendor=0 text_bytes=0
owned allocation=60 slot=2 generation=60 tracked=1
request=185 opcode=3 admission=183 transport=0 vendor=0 text_bytes=0
request=186 opcode=7 admission=184 transport=0 vendor=0 text_bytes=0
request=187 opcode=18 admission=185 transport=0 vendor=0 text_bytes=0
owned allocation=61 slot=2 generation=61 tracked=1
request=188 opcode=3 admission=186 transport=0 vendor=0 text_bytes=0
request=189 opcode=7 admission=187 transport=0 vendor=0 text_bytes=0
request=190 opcode=18 admission=188 transport=0 vendor=0 text_bytes=0
owned allocation=62 slot=2 generation=62 tracked=1
request=191 opcode=3 admission=189 transport=0 vendor=0 text_bytes=0
request=192 opcode=7 admission=190 transport=0 vendor=0 text_bytes=0
request=193 opcode=18 admission=191 transport=0 vendor=0 text_bytes=0
owned allocation=63 slot=2 generation=63 tracked=1
request=194 opcode=3 admission=192 transport=0 vendor=0 text_bytes=0
request=195 opcode=7 admission=193 transport=0 vendor=0 text_bytes=0
request=196 opcode=18 admission=194 transport=0 vendor=0 text_bytes=0
owned allocation=64 slot=2 generation=64 tracked=1
request=197 opcode=3 admission=195 transport=0 vendor=0 text_bytes=0
request=198 opcode=7 admission=196 transport=0 vendor=0 text_bytes=0
request=199 opcode=18 admission=197 transport=0 vendor=0 text_bytes=0
owned allocation=65 slot=2 generation=65 tracked=1
request=200 opcode=3 admission=198 transport=0 vendor=0 text_bytes=0
request=201 opcode=7 admission=199 transport=0 vendor=0 text_bytes=0
request=202 opcode=18 admission=200 transport=0 vendor=0 text_bytes=0
owned allocation=66 slot=2 generation=66 tracked=1
request=203 opcode=3 admission=201 transport=0 vendor=0 text_bytes=0
request=204 opcode=7 admission=202 transport=0 vendor=0 text_bytes=0
request=205 opcode=18 admission=203 transport=0 vendor=0 text_bytes=0
owned allocation=67 slot=2 generation=67 tracked=1
request=206 opcode=3 admission=204 transport=0 vendor=0 text_bytes=0
request=207 opcode=7 admission=205 transport=0 vendor=0 text_bytes=0
request=208 opcode=18 admission=206 transport=0 vendor=0 text_bytes=0
owned allocation=68 slot=2 generation=68 tracked=1
request=209 opcode=3 admission=207 transport=0 vendor=0 text_bytes=0
request=210 opcode=7 admission=208 transport=0 vendor=0 text_bytes=0
request=211 opcode=18 admission=209 transport=0 vendor=0 text_bytes=0
owned allocation=69 slot=2 generation=69 tracked=1
request=212 opcode=3 admission=210 transport=0 vendor=0 text_bytes=0
request=213 opcode=7 admission=211 transport=0 vendor=0 text_bytes=0
request=214 opcode=18 admission=212 transport=0 vendor=0 text_bytes=0
owned allocation=70 slot=2 generation=70 tracked=1
request=215 opcode=3 admission=213 transport=0 vendor=0 text_bytes=0
request=216 opcode=7 admission=214 transport=0 vendor=0 text_bytes=0
request=217 opcode=18 admission=215 transport=0 vendor=0 text_bytes=0
owned allocation=71 slot=2 generation=71 tracked=1
request=218 opcode=3 admission=216 transport=0 vendor=0 text_bytes=0
request=219 opcode=7 admission=217 transport=0 vendor=0 text_bytes=0
request=220 opcode=18 admission=218 transport=0 vendor=0 text_bytes=0
owned allocation=72 slot=2 generation=72 tracked=1
request=221 opcode=3 admission=219 transport=0 vendor=0 text_bytes=0
request=222 opcode=7 admission=220 transport=0 vendor=0 text_bytes=0
request=223 opcode=18 admission=221 transport=0 vendor=0 text_bytes=0
owned allocation=73 slot=2 generation=73 tracked=1
request=224 opcode=3 admission=222 transport=0 vendor=0 text_bytes=0
request=225 opcode=7 admission=223 transport=0 vendor=0 text_bytes=0
request=226 opcode=18 admission=224 transport=0 vendor=0 text_bytes=0
owned allocation=74 slot=2 generation=74 tracked=1
request=227 opcode=3 admission=225 transport=0 vendor=0 text_bytes=0
request=228 opcode=7 admission=226 transport=0 vendor=0 text_bytes=0
request=229 opcode=18 admission=227 transport=0 vendor=0 text_bytes=0
owned allocation=75 slot=2 generation=75 tracked=1
request=230 opcode=3 admission=228 transport=0 vendor=0 text_bytes=0
request=231 opcode=7 admission=229 transport=0 vendor=0 text_bytes=0
request=232 opcode=18 admission=230 transport=0 vendor=0 text_bytes=0
owned allocation=76 slot=2 generation=76 tracked=1
request=233 opcode=3 admission=231 transport=0 vendor=0 text_bytes=0
request=234 opcode=7 admission=232 transport=0 vendor=0 text_bytes=0
request=235 opcode=18 admission=233 transport=0 vendor=0 text_bytes=0
owned allocation=77 slot=2 generation=77 tracked=1
request=236 opcode=3 admission=234 transport=0 vendor=0 text_bytes=0
request=237 opcode=7 admission=235 transport=0 vendor=0 text_bytes=0
request=238 opcode=18 admission=236 transport=0 vendor=0 text_bytes=0
owned allocation=78 slot=2 generation=78 tracked=1
request=239 opcode=3 admission=237 transport=0 vendor=0 text_bytes=0
request=240 opcode=7 admission=238 transport=0 vendor=0 text_bytes=0
request=241 opcode=18 admission=239 transport=0 vendor=0 text_bytes=0
owned allocation=79 slot=2 generation=79 tracked=1
request=242 opcode=3 admission=240 transport=0 vendor=0 text_bytes=0
request=243 opcode=7 admission=241 transport=0 vendor=0 text_bytes=0
request=244 opcode=18 admission=242 transport=0 vendor=0 text_bytes=0
owned allocation=80 slot=2 generation=80 tracked=1
request=245 opcode=3 admission=243 transport=0 vendor=0 text_bytes=0
request=246 opcode=7 admission=244 transport=0 vendor=0 text_bytes=0
request=247 opcode=18 admission=245 transport=0 vendor=0 text_bytes=0
owned allocation=81 slot=2 generation=81 tracked=1
request=248 opcode=3 admission=246 transport=0 vendor=0 text_bytes=0
request=249 opcode=7 admission=247 transport=0 vendor=0 text_bytes=0
request=250 opcode=18 admission=248 transport=0 vendor=0 text_bytes=0
owned allocation=82 slot=2 generation=82 tracked=1
request=251 opcode=3 admission=249 transport=0 vendor=0 text_bytes=0
request=252 opcode=7 admission=250 transport=0 vendor=0 text_bytes=0
request=253 opcode=18 admission=251 transport=0 vendor=0 text_bytes=0
owned allocation=83 slot=2 generation=83 tracked=1
request=254 opcode=3 admission=252 transport=0 vendor=0 text_bytes=0
request=255 opcode=7 admission=253 transport=0 vendor=0 text_bytes=0
request=256 opcode=18 admission=254 transport=0 vendor=0 text_bytes=0
owned allocation=84 slot=2 generation=84 tracked=1
request=257 opcode=3 admission=255 transport=0 vendor=0 text_bytes=0
request=258 opcode=7 admission=256 transport=0 vendor=0 text_bytes=0
request=259 opcode=18 admission=257 transport=0 vendor=0 text_bytes=0
owned allocation=85 slot=2 generation=85 tracked=1
request=260 opcode=3 admission=258 transport=0 vendor=0 text_bytes=0
request=261 opcode=7 admission=259 transport=0 vendor=0 text_bytes=0
request=262 opcode=18 admission=260 transport=0 vendor=0 text_bytes=0
owned allocation=86 slot=2 generation=86 tracked=1
request=263 opcode=3 admission=261 transport=0 vendor=0 text_bytes=0
request=264 opcode=7 admission=262 transport=0 vendor=0 text_bytes=0
request=265 opcode=18 admission=263 transport=0 vendor=0 text_bytes=0
owned allocation=87 slot=2 generation=87 tracked=1
request=266 opcode=3 admission=264 transport=0 vendor=0 text_bytes=0
request=267 opcode=7 admission=265 transport=0 vendor=0 text_bytes=0
request=268 opcode=18 admission=266 transport=0 vendor=0 text_bytes=0
owned allocation=88 slot=2 generation=88 tracked=1
request=269 opcode=3 admission=267 transport=0 vendor=0 text_bytes=0
request=270 opcode=7 admission=268 transport=0 vendor=0 text_bytes=0
request=271 opcode=18 admission=269 transport=0 vendor=0 text_bytes=0
owned allocation=89 slot=2 generation=89 tracked=1
request=272 opcode=3 admission=270 transport=0 vendor=0 text_bytes=0
request=273 opcode=7 admission=271 transport=0 vendor=0 text_bytes=0
request=274 opcode=18 admission=272 transport=0 vendor=0 text_bytes=0
owned allocation=90 slot=2 generation=90 tracked=1
request=275 opcode=3 admission=273 transport=0 vendor=0 text_bytes=0
request=276 opcode=7 admission=274 transport=0 vendor=0 text_bytes=0
request=277 opcode=18 admission=275 transport=0 vendor=0 text_bytes=0
owned allocation=91 slot=2 generation=91 tracked=1
request=278 opcode=3 admission=276 transport=0 vendor=0 text_bytes=0
request=279 opcode=7 admission=277 transport=0 vendor=0 text_bytes=0
request=280 opcode=18 admission=278 transport=0 vendor=0 text_bytes=0
owned allocation=92 slot=2 generation=92 tracked=1
request=281 opcode=3 admission=279 transport=0 vendor=0 text_bytes=0
request=282 opcode=7 admission=280 transport=0 vendor=0 text_bytes=0
request=283 opcode=18 admission=281 transport=0 vendor=0 text_bytes=0
owned allocation=93 slot=2 generation=93 tracked=1
request=284 opcode=3 admission=282 transport=0 vendor=0 text_bytes=0
request=285 opcode=7 admission=283 transport=0 vendor=0 text_bytes=0
request=286 opcode=18 admission=284 transport=0 vendor=0 text_bytes=0
owned allocation=94 slot=2 generation=94 tracked=1
request=287 opcode=3 admission=285 transport=0 vendor=0 text_bytes=0
request=288 opcode=7 admission=286 transport=0 vendor=0 text_bytes=0
request=289 opcode=18 admission=287 transport=0 vendor=0 text_bytes=0
owned allocation=95 slot=2 generation=95 tracked=1
request=290 opcode=3 admission=288 transport=0 vendor=0 text_bytes=0
request=291 opcode=7 admission=289 transport=0 vendor=0 text_bytes=0
request=292 opcode=18 admission=290 transport=0 vendor=0 text_bytes=0
owned allocation=96 slot=2 generation=96 tracked=1
request=293 opcode=3 admission=291 transport=0 vendor=0 text_bytes=0
request=294 opcode=7 admission=292 transport=0 vendor=0 text_bytes=0
request=295 opcode=18 admission=293 transport=0 vendor=0 text_bytes=0
owned allocation=97 slot=2 generation=97 tracked=1
request=296 opcode=3 admission=294 transport=0 vendor=0 text_bytes=0
request=297 opcode=7 admission=295 transport=0 vendor=0 text_bytes=0
request=298 opcode=18 admission=296 transport=0 vendor=0 text_bytes=0
owned allocation=98 slot=2 generation=98 tracked=1
request=299 opcode=3 admission=297 transport=0 vendor=0 text_bytes=0
request=300 opcode=7 admission=298 transport=0 vendor=0 text_bytes=0
request=301 opcode=18 admission=299 transport=0 vendor=0 text_bytes=0
owned allocation=99 slot=2 generation=99 tracked=1
request=302 opcode=3 admission=300 transport=0 vendor=0 text_bytes=0
request=303 opcode=7 admission=301 transport=0 vendor=0 text_bytes=0
request=304 opcode=18 admission=302 transport=0 vendor=0 text_bytes=0
owned allocation=100 slot=2 generation=100 tracked=1
request=305 opcode=3 admission=303 transport=0 vendor=0 text_bytes=0
request=306 opcode=7 admission=304 transport=0 vendor=0 text_bytes=0
request=307 opcode=18 admission=305 transport=0 vendor=0 text_bytes=0
owned allocation=101 slot=2 generation=101 tracked=1
request=308 opcode=3 admission=306 transport=0 vendor=0 text_bytes=0
request=309 opcode=7 admission=307 transport=0 vendor=0 text_bytes=0
request=310 opcode=18 admission=308 transport=0 vendor=0 text_bytes=0
owned allocation=102 slot=2 generation=102 tracked=1
request=311 opcode=3 admission=309 transport=0 vendor=0 text_bytes=0
request=312 opcode=7 admission=310 transport=0 vendor=0 text_bytes=0
request=313 opcode=18 admission=311 transport=0 vendor=0 text_bytes=0
owned allocation=103 slot=2 generation=103 tracked=1
request=314 opcode=3 admission=312 transport=0 vendor=0 text_bytes=0
request=315 opcode=7 admission=313 transport=0 vendor=0 text_bytes=0
request=316 opcode=18 admission=314 transport=0 vendor=0 text_bytes=0
owned allocation=104 slot=2 generation=104 tracked=1
request=317 opcode=3 admission=315 transport=0 vendor=0 text_bytes=0
request=318 opcode=7 admission=316 transport=0 vendor=0 text_bytes=0
request=319 opcode=18 admission=317 transport=0 vendor=0 text_bytes=0
owned allocation=105 slot=2 generation=105 tracked=1
request=320 opcode=3 admission=318 transport=0 vendor=0 text_bytes=0
request=321 opcode=7 admission=319 transport=0 vendor=0 text_bytes=0
request=322 opcode=18 admission=320 transport=0 vendor=0 text_bytes=0
owned allocation=106 slot=2 generation=106 tracked=1
request=323 opcode=3 admission=321 transport=0 vendor=0 text_bytes=0
request=324 opcode=7 admission=322 transport=0 vendor=0 text_bytes=0
request=325 opcode=18 admission=323 transport=0 vendor=0 text_bytes=0
owned allocation=107 slot=2 generation=107 tracked=1
request=326 opcode=3 admission=324 transport=0 vendor=0 text_bytes=0
request=327 opcode=7 admission=325 transport=0 vendor=0 text_bytes=0
request=328 opcode=18 admission=326 transport=0 vendor=0 text_bytes=0
owned allocation=108 slot=2 generation=108 tracked=1
request=329 opcode=3 admission=327 transport=0 vendor=0 text_bytes=0
request=330 opcode=7 admission=328 transport=0 vendor=0 text_bytes=0
request=331 opcode=18 admission=329 transport=0 vendor=0 text_bytes=0
owned allocation=109 slot=2 generation=109 tracked=1
request=332 opcode=3 admission=330 transport=0 vendor=0 text_bytes=0
request=333 opcode=7 admission=331 transport=0 vendor=0 text_bytes=0
request=334 opcode=18 admission=332 transport=0 vendor=0 text_bytes=0
owned allocation=110 slot=2 generation=110 tracked=1
request=335 opcode=3 admission=333 transport=0 vendor=0 text_bytes=0
request=336 opcode=7 admission=334 transport=0 vendor=0 text_bytes=0
request=337 opcode=18 admission=335 transport=0 vendor=0 text_bytes=0
owned allocation=111 slot=2 generation=111 tracked=1
request=338 opcode=3 admission=336 transport=0 vendor=0 text_bytes=0
request=339 opcode=7 admission=337 transport=0 vendor=0 text_bytes=0
request=340 opcode=18 admission=338 transport=0 vendor=0 text_bytes=0
owned allocation=112 slot=2 generation=112 tracked=1
request=341 opcode=3 admission=339 transport=0 vendor=0 text_bytes=0
request=342 opcode=7 admission=340 transport=0 vendor=0 text_bytes=0
request=343 opcode=18 admission=341 transport=0 vendor=0 text_bytes=0
owned allocation=113 slot=2 generation=113 tracked=1
request=344 opcode=3 admission=342 transport=0 vendor=0 text_bytes=0
request=345 opcode=7 admission=343 transport=0 vendor=0 text_bytes=0
request=346 opcode=18 admission=344 transport=0 vendor=0 text_bytes=0
owned allocation=114 slot=2 generation=114 tracked=1
request=347 opcode=3 admission=345 transport=0 vendor=0 text_bytes=0
request=348 opcode=7 admission=346 transport=0 vendor=0 text_bytes=0
request=349 opcode=18 admission=347 transport=0 vendor=0 text_bytes=0
owned allocation=115 slot=2 generation=115 tracked=1
request=350 opcode=3 admission=348 transport=0 vendor=0 text_bytes=0
request=351 opcode=7 admission=349 transport=0 vendor=0 text_bytes=0
request=352 opcode=18 admission=350 transport=0 vendor=0 text_bytes=0
owned allocation=116 slot=2 generation=116 tracked=1
request=353 opcode=3 admission=351 transport=0 vendor=0 text_bytes=0
request=354 opcode=7 admission=352 transport=0 vendor=0 text_bytes=0
request=355 opcode=18 admission=353 transport=0 vendor=0 text_bytes=0
owned allocation=117 slot=2 generation=117 tracked=1
request=356 opcode=3 admission=354 transport=0 vendor=0 text_bytes=0
request=357 opcode=7 admission=355 transport=0 vendor=0 text_bytes=0
request=358 opcode=18 admission=356 transport=0 vendor=0 text_bytes=0
owned allocation=118 slot=2 generation=118 tracked=1
request=359 opcode=3 admission=357 transport=0 vendor=0 text_bytes=0
request=360 opcode=7 admission=358 transport=0 vendor=0 text_bytes=0
request=361 opcode=18 admission=359 transport=0 vendor=0 text_bytes=0
owned allocation=119 slot=2 generation=119 tracked=1
request=362 opcode=3 admission=360 transport=0 vendor=0 text_bytes=0
request=363 opcode=7 admission=361 transport=0 vendor=0 text_bytes=0
request=364 opcode=18 admission=362 transport=0 vendor=0 text_bytes=0
owned allocation=120 slot=2 generation=120 tracked=1
request=365 opcode=3 admission=363 transport=0 vendor=0 text_bytes=0
request=366 opcode=7 admission=364 transport=0 vendor=0 text_bytes=0
request=367 opcode=18 admission=365 transport=0 vendor=0 text_bytes=0
owned allocation=121 slot=2 generation=121 tracked=1
request=368 opcode=3 admission=366 transport=0 vendor=0 text_bytes=0
request=369 opcode=7 admission=367 transport=0 vendor=0 text_bytes=0
request=370 opcode=18 admission=368 transport=0 vendor=0 text_bytes=0
owned allocation=122 slot=2 generation=122 tracked=1
request=371 opcode=3 admission=369 transport=0 vendor=0 text_bytes=0
request=372 opcode=7 admission=370 transport=0 vendor=0 text_bytes=0
request=373 opcode=18 admission=371 transport=0 vendor=0 text_bytes=0
owned allocation=123 slot=2 generation=123 tracked=1
request=374 opcode=3 admission=372 transport=0 vendor=0 text_bytes=0
request=375 opcode=7 admission=373 transport=0 vendor=0 text_bytes=0
request=376 opcode=18 admission=374 transport=0 vendor=0 text_bytes=0
owned allocation=124 slot=2 generation=124 tracked=1
request=377 opcode=3 admission=375 transport=0 vendor=0 text_bytes=0
request=378 opcode=7 admission=376 transport=0 vendor=0 text_bytes=0
request=379 opcode=18 admission=377 transport=0 vendor=0 text_bytes=0
owned allocation=125 slot=2 generation=125 tracked=1
request=380 opcode=3 admission=378 transport=0 vendor=0 text_bytes=0
request=381 opcode=7 admission=379 transport=0 vendor=0 text_bytes=0
request=382 opcode=18 admission=380 transport=0 vendor=0 text_bytes=0
owned allocation=126 slot=2 generation=126 tracked=1
request=383 opcode=3 admission=381 transport=0 vendor=0 text_bytes=0
request=384 opcode=7 admission=382 transport=0 vendor=0 text_bytes=0
request=385 opcode=18 admission=383 transport=0 vendor=0 text_bytes=0
owned allocation=127 slot=2 generation=127 tracked=1
request=386 opcode=3 admission=384 transport=0 vendor=0 text_bytes=0
request=387 opcode=7 admission=385 transport=0 vendor=0 text_bytes=0
request=388 opcode=18 admission=386 transport=0 vendor=0 text_bytes=0
owned allocation=128 slot=2 generation=128 tracked=1
request=389 opcode=3 admission=387 transport=0 vendor=0 text_bytes=0
request=390 opcode=7 admission=388 transport=0 vendor=0 text_bytes=0
request=391 opcode=18 admission=389 transport=0 vendor=0 text_bytes=0
owned allocation=129 slot=2 generation=129 tracked=1
request=392 opcode=3 admission=390 transport=0 vendor=0 text_bytes=0
request=393 opcode=7 admission=391 transport=0 vendor=0 text_bytes=0
request=394 opcode=18 admission=392 transport=0 vendor=0 text_bytes=0
owned allocation=130 slot=2 generation=130 tracked=1
request=395 opcode=3 admission=393 transport=0 vendor=0 text_bytes=0
request=396 opcode=7 admission=394 transport=0 vendor=0 text_bytes=0
request=397 opcode=18 admission=395 transport=0 vendor=0 text_bytes=0
owned allocation=131 slot=2 generation=131 tracked=1
request=398 opcode=3 admission=396 transport=0 vendor=0 text_bytes=0
request=399 opcode=7 admission=397 transport=0 vendor=0 text_bytes=0
request=400 opcode=18 admission=398 transport=0 vendor=0 text_bytes=0
owned allocation=132 slot=2 generation=132 tracked=1
request=401 opcode=3 admission=399 transport=0 vendor=0 text_bytes=0
request=402 opcode=7 admission=400 transport=0 vendor=0 text_bytes=0
request=403 opcode=18 admission=401 transport=0 vendor=0 text_bytes=0
owned allocation=133 slot=2 generation=133 tracked=1
request=404 opcode=3 admission=402 transport=0 vendor=0 text_bytes=0
request=405 opcode=7 admission=403 transport=0 vendor=0 text_bytes=0
request=406 opcode=18 admission=404 transport=0 vendor=0 text_bytes=0
owned allocation=134 slot=2 generation=134 tracked=1
request=407 opcode=3 admission=405 transport=0 vendor=0 text_bytes=0
request=408 opcode=7 admission=406 transport=0 vendor=0 text_bytes=0
request=409 opcode=18 admission=407 transport=0 vendor=0 text_bytes=0
owned allocation=135 slot=2 generation=135 tracked=1
request=410 opcode=3 admission=408 transport=0 vendor=0 text_bytes=0
request=411 opcode=7 admission=409 transport=0 vendor=0 text_bytes=0
request=412 opcode=18 admission=410 transport=0 vendor=0 text_bytes=0
owned allocation=136 slot=2 generation=136 tracked=1
request=413 opcode=3 admission=411 transport=0 vendor=0 text_bytes=0
request=414 opcode=7 admission=412 transport=0 vendor=0 text_bytes=0
request=415 opcode=18 admission=413 transport=0 vendor=0 text_bytes=0
owned allocation=137 slot=2 generation=137 tracked=1
request=416 opcode=3 admission=414 transport=0 vendor=0 text_bytes=0
request=417 opcode=7 admission=415 transport=0 vendor=0 text_bytes=0
request=418 opcode=18 admission=416 transport=0 vendor=0 text_bytes=0
owned allocation=138 slot=2 generation=138 tracked=1
request=419 opcode=3 admission=417 transport=0 vendor=0 text_bytes=0
request=420 opcode=7 admission=418 transport=0 vendor=0 text_bytes=0
request=421 opcode=18 admission=419 transport=0 vendor=0 text_bytes=0
owned allocation=139 slot=2 generation=139 tracked=1
request=422 opcode=3 admission=420 transport=0 vendor=0 text_bytes=0
request=423 opcode=7 admission=421 transport=0 vendor=0 text_bytes=0
request=424 opcode=18 admission=422 transport=0 vendor=0 text_bytes=0
owned allocation=140 slot=2 generation=140 tracked=1
request=425 opcode=3 admission=423 transport=0 vendor=0 text_bytes=0
request=426 opcode=7 admission=424 transport=0 vendor=0 text_bytes=0
request=427 opcode=18 admission=425 transport=0 vendor=0 text_bytes=0
owned allocation=141 slot=2 generation=141 tracked=1
request=428 opcode=3 admission=426 transport=0 vendor=0 text_bytes=0
request=429 opcode=7 admission=427 transport=0 vendor=0 text_bytes=0
request=430 opcode=18 admission=428 transport=0 vendor=0 text_bytes=0
owned allocation=142 slot=2 generation=142 tracked=1
request=431 opcode=3 admission=429 transport=0 vendor=0 text_bytes=0
request=432 opcode=7 admission=430 transport=0 vendor=0 text_bytes=0
request=433 opcode=18 admission=431 transport=0 vendor=0 text_bytes=0
owned allocation=143 slot=2 generation=143 tracked=1
request=434 opcode=3 admission=432 transport=0 vendor=0 text_bytes=0
request=435 opcode=7 admission=433 transport=0 vendor=0 text_bytes=0
request=436 opcode=18 admission=434 transport=0 vendor=0 text_bytes=0
owned allocation=144 slot=2 generation=144 tracked=1
request=437 opcode=3 admission=435 transport=0 vendor=0 text_bytes=0
request=438 opcode=7 admission=436 transport=0 vendor=0 text_bytes=0
request=439 opcode=18 admission=437 transport=0 vendor=0 text_bytes=0
owned allocation=145 slot=2 generation=145 tracked=1
request=440 opcode=3 admission=438 transport=0 vendor=0 text_bytes=0
request=441 opcode=7 admission=439 transport=0 vendor=0 text_bytes=0
request=442 opcode=18 admission=440 transport=0 vendor=0 text_bytes=0
owned allocation=146 slot=2 generation=146 tracked=1
request=443 opcode=3 admission=441 transport=0 vendor=0 text_bytes=0
request=444 opcode=7 admission=442 transport=0 vendor=0 text_bytes=0
request=445 opcode=18 admission=443 transport=0 vendor=0 text_bytes=0
owned allocation=147 slot=2 generation=147 tracked=1
request=446 opcode=3 admission=444 transport=0 vendor=0 text_bytes=0
request=447 opcode=7 admission=445 transport=0 vendor=0 text_bytes=0
request=448 opcode=18 admission=446 transport=0 vendor=0 text_bytes=0
owned allocation=148 slot=2 generation=148 tracked=1
request=449 opcode=3 admission=447 transport=0 vendor=0 text_bytes=0
request=450 opcode=7 admission=448 transport=0 vendor=0 text_bytes=0
request=451 opcode=18 admission=449 transport=0 vendor=0 text_bytes=0
owned allocation=149 slot=2 generation=149 tracked=1
request=452 opcode=3 admission=450 transport=0 vendor=0 text_bytes=0
request=453 opcode=7 admission=451 transport=0 vendor=0 text_bytes=0
request=454 opcode=18 admission=452 transport=0 vendor=0 text_bytes=0
owned allocation=150 slot=2 generation=150 tracked=1
request=455 opcode=3 admission=453 transport=0 vendor=0 text_bytes=0
request=456 opcode=7 admission=454 transport=0 vendor=0 text_bytes=0
request=457 opcode=18 admission=455 transport=0 vendor=0 text_bytes=0
owned allocation=151 slot=2 generation=151 tracked=1
request=458 opcode=3 admission=456 transport=0 vendor=0 text_bytes=0
request=459 opcode=7 admission=457 transport=0 vendor=0 text_bytes=0
request=460 opcode=18 admission=458 transport=0 vendor=0 text_bytes=0
owned allocation=152 slot=2 generation=152 tracked=1
request=461 opcode=3 admission=459 transport=0 vendor=0 text_bytes=0
request=462 opcode=7 admission=460 transport=0 vendor=0 text_bytes=0
request=463 opcode=18 admission=461 transport=0 vendor=0 text_bytes=0
owned allocation=153 slot=2 generation=153 tracked=1
request=464 opcode=3 admission=462 transport=0 vendor=0 text_bytes=0
request=465 opcode=7 admission=463 transport=0 vendor=0 text_bytes=0
request=466 opcode=18 admission=464 transport=0 vendor=0 text_bytes=0
owned allocation=154 slot=2 generation=154 tracked=1
request=467 opcode=3 admission=465 transport=0 vendor=0 text_bytes=0
request=468 opcode=7 admission=466 transport=0 vendor=0 text_bytes=0
request=469 opcode=18 admission=467 transport=0 vendor=0 text_bytes=0
owned allocation=155 slot=2 generation=155 tracked=1
request=470 opcode=3 admission=468 transport=0 vendor=0 text_bytes=0
request=471 opcode=7 admission=469 transport=0 vendor=0 text_bytes=0
request=472 opcode=18 admission=470 transport=0 vendor=0 text_bytes=0
owned allocation=156 slot=2 generation=156 tracked=1
request=473 opcode=3 admission=471 transport=0 vendor=0 text_bytes=0
request=474 opcode=7 admission=472 transport=0 vendor=0 text_bytes=0
request=475 opcode=18 admission=473 transport=0 vendor=0 text_bytes=0
owned allocation=157 slot=2 generation=157 tracked=1
request=476 opcode=3 admission=474 transport=0 vendor=0 text_bytes=0
request=477 opcode=7 admission=475 transport=0 vendor=0 text_bytes=0
request=478 opcode=18 admission=476 transport=0 vendor=0 text_bytes=0
owned allocation=158 slot=2 generation=158 tracked=1
request=479 opcode=3 admission=477 transport=0 vendor=0 text_bytes=0
request=480 opcode=7 admission=478 transport=0 vendor=0 text_bytes=0
request=481 opcode=18 admission=479 transport=0 vendor=0 text_bytes=0
owned allocation=159 slot=2 generation=159 tracked=1
request=482 opcode=3 admission=480 transport=0 vendor=0 text_bytes=0
request=483 opcode=7 admission=481 transport=0 vendor=0 text_bytes=0
request=484 opcode=18 admission=482 transport=0 vendor=0 text_bytes=0
owned allocation=160 slot=2 generation=160 tracked=1
request=485 opcode=3 admission=483 transport=0 vendor=0 text_bytes=0
request=486 opcode=7 admission=484 transport=0 vendor=0 text_bytes=0
request=487 opcode=18 admission=485 transport=0 vendor=0 text_bytes=0
owned allocation=161 slot=2 generation=161 tracked=1
request=488 opcode=3 admission=486 transport=0 vendor=0 text_bytes=0
request=489 opcode=7 admission=487 transport=0 vendor=0 text_bytes=0
request=490 opcode=18 admission=488 transport=0 vendor=0 text_bytes=0
owned allocation=162 slot=2 generation=162 tracked=1
request=491 opcode=3 admission=489 transport=0 vendor=0 text_bytes=0
request=492 opcode=7 admission=490 transport=0 vendor=0 text_bytes=0
request=493 opcode=18 admission=491 transport=0 vendor=0 text_bytes=0
owned allocation=163 slot=2 generation=163 tracked=1
request=494 opcode=3 admission=492 transport=0 vendor=0 text_bytes=0
request=495 opcode=7 admission=493 transport=0 vendor=0 text_bytes=0
request=496 opcode=18 admission=494 transport=0 vendor=0 text_bytes=0
owned allocation=164 slot=2 generation=164 tracked=1
request=497 opcode=3 admission=495 transport=0 vendor=0 text_bytes=0
request=498 opcode=7 admission=496 transport=0 vendor=0 text_bytes=0
request=499 opcode=18 admission=497 transport=0 vendor=0 text_bytes=0
owned allocation=165 slot=2 generation=165 tracked=1
request=500 opcode=3 admission=498 transport=0 vendor=0 text_bytes=0
request=501 opcode=7 admission=499 transport=0 vendor=0 text_bytes=0
request=502 opcode=18 admission=500 transport=0 vendor=0 text_bytes=0
owned allocation=166 slot=2 generation=166 tracked=1
request=503 opcode=3 admission=501 transport=0 vendor=0 text_bytes=0
request=504 opcode=7 admission=502 transport=0 vendor=0 text_bytes=0
request=505 opcode=18 admission=503 transport=0 vendor=0 text_bytes=0
owned allocation=167 slot=2 generation=167 tracked=1
request=506 opcode=3 admission=504 transport=0 vendor=0 text_bytes=0
request=507 opcode=7 admission=505 transport=0 vendor=0 text_bytes=0
request=508 opcode=18 admission=506 transport=0 vendor=0 text_bytes=0
owned allocation=168 slot=2 generation=168 tracked=1
request=509 opcode=3 admission=507 transport=0 vendor=0 text_bytes=0
request=510 opcode=7 admission=508 transport=0 vendor=0 text_bytes=0
request=511 opcode=18 admission=509 transport=0 vendor=0 text_bytes=0
owned allocation=169 slot=2 generation=169 tracked=1
request=512 opcode=3 admission=510 transport=0 vendor=0 text_bytes=0
request=513 opcode=7 admission=511 transport=0 vendor=0 text_bytes=0
request=514 opcode=18 admission=512 transport=0 vendor=0 text_bytes=0
owned allocation=170 slot=2 generation=170 tracked=1
request=515 opcode=3 admission=513 transport=0 vendor=0 text_bytes=0
request=516 opcode=7 admission=514 transport=0 vendor=0 text_bytes=0
request=517 opcode=18 admission=515 transport=0 vendor=0 text_bytes=0
owned allocation=171 slot=2 generation=171 tracked=1
request=518 opcode=3 admission=516 transport=0 vendor=0 text_bytes=0
request=519 opcode=7 admission=517 transport=0 vendor=0 text_bytes=0
request=520 opcode=18 admission=518 transport=0 vendor=0 text_bytes=0
owned allocation=172 slot=2 generation=172 tracked=1
request=521 opcode=3 admission=519 transport=0 vendor=0 text_bytes=0
request=522 opcode=7 admission=520 transport=0 vendor=0 text_bytes=0
request=523 opcode=18 admission=521 transport=0 vendor=0 text_bytes=0
owned allocation=173 slot=2 generation=173 tracked=1
request=524 opcode=3 admission=522 transport=0 vendor=0 text_bytes=0
request=525 opcode=7 admission=523 transport=0 vendor=0 text_bytes=0
request=526 opcode=18 admission=524 transport=0 vendor=0 text_bytes=0
owned allocation=174 slot=2 generation=174 tracked=1
request=527 opcode=3 admission=525 transport=0 vendor=0 text_bytes=0
request=528 opcode=7 admission=526 transport=0 vendor=0 text_bytes=0
request=529 opcode=18 admission=527 transport=0 vendor=0 text_bytes=0
owned allocation=175 slot=2 generation=175 tracked=1
request=530 opcode=3 admission=528 transport=0 vendor=0 text_bytes=0
request=531 opcode=7 admission=529 transport=0 vendor=0 text_bytes=0
request=532 opcode=18 admission=530 transport=0 vendor=0 text_bytes=0
owned allocation=176 slot=2 generation=176 tracked=1
request=533 opcode=3 admission=531 transport=0 vendor=0 text_bytes=0
request=534 opcode=7 admission=532 transport=0 vendor=0 text_bytes=0
request=535 opcode=18 admission=533 transport=0 vendor=0 text_bytes=0
owned allocation=177 slot=2 generation=177 tracked=1
request=536 opcode=3 admission=534 transport=0 vendor=0 text_bytes=0
request=537 opcode=7 admission=535 transport=0 vendor=0 text_bytes=0
request=538 opcode=18 admission=536 transport=0 vendor=0 text_bytes=0
owned allocation=178 slot=2 generation=178 tracked=1
request=539 opcode=3 admission=537 transport=0 vendor=0 text_bytes=0
request=540 opcode=7 admission=538 transport=0 vendor=0 text_bytes=0
request=541 opcode=18 admission=539 transport=0 vendor=0 text_bytes=0
owned allocation=179 slot=2 generation=179 tracked=1
request=542 opcode=3 admission=540 transport=0 vendor=0 text_bytes=0
request=543 opcode=7 admission=541 transport=0 vendor=0 text_bytes=0
request=544 opcode=18 admission=542 transport=0 vendor=0 text_bytes=0
owned allocation=180 slot=2 generation=180 tracked=1
request=545 opcode=3 admission=543 transport=0 vendor=0 text_bytes=0
request=546 opcode=7 admission=544 transport=0 vendor=0 text_bytes=0
request=547 opcode=18 admission=545 transport=0 vendor=0 text_bytes=0
owned allocation=181 slot=2 generation=181 tracked=1
request=548 opcode=3 admission=546 transport=0 vendor=0 text_bytes=0
request=549 opcode=7 admission=547 transport=0 vendor=0 text_bytes=0
request=550 opcode=18 admission=548 transport=0 vendor=0 text_bytes=0
owned allocation=182 slot=2 generation=182 tracked=1
request=551 opcode=3 admission=549 transport=0 vendor=0 text_bytes=0
request=552 opcode=7 admission=550 transport=0 vendor=0 text_bytes=0
request=553 opcode=18 admission=551 transport=0 vendor=0 text_bytes=0
owned allocation=183 slot=2 generation=183 tracked=1
request=554 opcode=3 admission=552 transport=0 vendor=0 text_bytes=0
request=555 opcode=7 admission=553 transport=0 vendor=0 text_bytes=0
request=556 opcode=18 admission=554 transport=0 vendor=0 text_bytes=0
owned allocation=184 slot=2 generation=184 tracked=1
request=557 opcode=3 admission=555 transport=0 vendor=0 text_bytes=0
request=558 opcode=7 admission=556 transport=0 vendor=0 text_bytes=0
request=559 opcode=18 admission=557 transport=0 vendor=0 text_bytes=0
owned allocation=185 slot=2 generation=185 tracked=1
request=560 opcode=3 admission=558 transport=0 vendor=0 text_bytes=0
request=561 opcode=7 admission=559 transport=0 vendor=0 text_bytes=0
request=562 opcode=18 admission=560 transport=0 vendor=0 text_bytes=0
owned allocation=186 slot=2 generation=186 tracked=1
request=563 opcode=3 admission=561 transport=0 vendor=0 text_bytes=0
request=564 opcode=7 admission=562 transport=0 vendor=0 text_bytes=0
request=565 opcode=18 admission=563 transport=0 vendor=0 text_bytes=0
owned allocation=187 slot=2 generation=187 tracked=1
request=566 opcode=3 admission=564 transport=0 vendor=0 text_bytes=0
request=567 opcode=7 admission=565 transport=0 vendor=0 text_bytes=0
request=568 opcode=18 admission=566 transport=0 vendor=0 text_bytes=0
owned allocation=188 slot=2 generation=188 tracked=1
request=569 opcode=3 admission=567 transport=0 vendor=0 text_bytes=0
request=570 opcode=7 admission=568 transport=0 vendor=0 text_bytes=0
request=571 opcode=18 admission=569 transport=0 vendor=0 text_bytes=0
owned allocation=189 slot=2 generation=189 tracked=1
request=572 opcode=3 admission=570 transport=0 vendor=0 text_bytes=0
request=573 opcode=7 admission=571 transport=0 vendor=0 text_bytes=0
request=574 opcode=18 admission=572 transport=0 vendor=0 text_bytes=0
owned allocation=190 slot=2 generation=190 tracked=1
request=575 opcode=3 admission=573 transport=0 vendor=0 text_bytes=0
request=576 opcode=7 admission=574 transport=0 vendor=0 text_bytes=0
request=577 opcode=18 admission=575 transport=0 vendor=0 text_bytes=0
owned allocation=191 slot=2 generation=191 tracked=1
request=578 opcode=3 admission=576 transport=0 vendor=0 text_bytes=0
request=579 opcode=7 admission=577 transport=0 vendor=0 text_bytes=0
request=580 opcode=18 admission=578 transport=0 vendor=0 text_bytes=0
owned allocation=192 slot=2 generation=192 tracked=1
request=581 opcode=3 admission=579 transport=0 vendor=0 text_bytes=0
request=582 opcode=7 admission=580 transport=0 vendor=0 text_bytes=0
request=583 opcode=18 admission=581 transport=0 vendor=0 text_bytes=0
owned allocation=193 slot=2 generation=193 tracked=1
request=584 opcode=3 admission=582 transport=0 vendor=0 text_bytes=0
request=585 opcode=7 admission=583 transport=0 vendor=0 text_bytes=0
request=586 opcode=18 admission=584 transport=0 vendor=0 text_bytes=0
owned allocation=194 slot=2 generation=194 tracked=1
request=587 opcode=3 admission=585 transport=0 vendor=0 text_bytes=0
request=588 opcode=7 admission=586 transport=0 vendor=0 text_bytes=0
request=589 opcode=18 admission=587 transport=0 vendor=0 text_bytes=0
owned allocation=195 slot=2 generation=195 tracked=1
request=590 opcode=3 admission=588 transport=0 vendor=0 text_bytes=0
request=591 opcode=7 admission=589 transport=0 vendor=0 text_bytes=0
request=592 opcode=18 admission=590 transport=0 vendor=0 text_bytes=0
owned allocation=196 slot=2 generation=196 tracked=1
request=593 opcode=3 admission=591 transport=0 vendor=0 text_bytes=0
request=594 opcode=7 admission=592 transport=0 vendor=0 text_bytes=0
request=595 opcode=18 admission=593 transport=0 vendor=0 text_bytes=0
owned allocation=197 slot=2 generation=197 tracked=1
request=596 opcode=3 admission=594 transport=0 vendor=0 text_bytes=0
request=597 opcode=7 admission=595 transport=0 vendor=0 text_bytes=0
request=598 opcode=18 admission=596 transport=0 vendor=0 text_bytes=0
owned allocation=198 slot=2 generation=198 tracked=1
request=599 opcode=3 admission=597 transport=0 vendor=0 text_bytes=0
request=600 opcode=7 admission=598 transport=0 vendor=0 text_bytes=0
request=601 opcode=18 admission=599 transport=0 vendor=0 text_bytes=0
owned allocation=199 slot=2 generation=199 tracked=1
request=602 opcode=3 admission=600 transport=0 vendor=0 text_bytes=0
request=603 opcode=7 admission=601 transport=0 vendor=0 text_bytes=0
request=604 opcode=18 admission=602 transport=0 vendor=0 text_bytes=0
owned allocation=200 slot=2 generation=200 tracked=1
request=605 opcode=3 admission=603 transport=0 vendor=0 text_bytes=0
request=606 opcode=7 admission=604 transport=0 vendor=0 text_bytes=0
request=607 opcode=18 admission=605 transport=0 vendor=0 text_bytes=0
owned allocation=201 slot=2 generation=201 tracked=1
request=608 opcode=3 admission=606 transport=0 vendor=0 text_bytes=0
request=609 opcode=7 admission=607 transport=0 vendor=0 text_bytes=0
request=610 opcode=18 admission=608 transport=0 vendor=0 text_bytes=0
owned allocation=202 slot=2 generation=202 tracked=1
request=611 opcode=3 admission=609 transport=0 vendor=0 text_bytes=0
request=612 opcode=7 admission=610 transport=0 vendor=0 text_bytes=0
request=613 opcode=18 admission=611 transport=0 vendor=0 text_bytes=0
owned allocation=203 slot=2 generation=203 tracked=1
request=614 opcode=3 admission=612 transport=0 vendor=0 text_bytes=0
request=615 opcode=7 admission=613 transport=0 vendor=0 text_bytes=0
request=616 opcode=18 admission=614 transport=0 vendor=0 text_bytes=0
owned allocation=204 slot=2 generation=204 tracked=1
request=617 opcode=3 admission=615 transport=0 vendor=0 text_bytes=0
request=618 opcode=7 admission=616 transport=0 vendor=0 text_bytes=0
request=619 opcode=18 admission=617 transport=0 vendor=0 text_bytes=0
owned allocation=205 slot=2 generation=205 tracked=1
request=620 opcode=3 admission=618 transport=0 vendor=0 text_bytes=0
request=621 opcode=7 admission=619 transport=0 vendor=0 text_bytes=0
request=622 opcode=18 admission=620 transport=0 vendor=0 text_bytes=0
owned allocation=206 slot=2 generation=206 tracked=1
request=623 opcode=3 admission=621 transport=0 vendor=0 text_bytes=0
request=624 opcode=7 admission=622 transport=0 vendor=0 text_bytes=0
request=625 opcode=18 admission=623 transport=0 vendor=0 text_bytes=0
owned allocation=207 slot=2 generation=207 tracked=1
request=626 opcode=3 admission=624 transport=0 vendor=0 text_bytes=0
request=627 opcode=7 admission=625 transport=0 vendor=0 text_bytes=0
request=628 opcode=18 admission=626 transport=0 vendor=0 text_bytes=0
owned allocation=208 slot=2 generation=208 tracked=1
request=629 opcode=3 admission=627 transport=0 vendor=0 text_bytes=0
request=630 opcode=7 admission=628 transport=0 vendor=0 text_bytes=0
request=631 opcode=18 admission=629 transport=0 vendor=0 text_bytes=0
owned allocation=209 slot=2 generation=209 tracked=1
request=632 opcode=3 admission=630 transport=0 vendor=0 text_bytes=0
request=633 opcode=7 admission=631 transport=0 vendor=0 text_bytes=0
request=634 opcode=18 admission=632 transport=0 vendor=0 text_bytes=0
owned allocation=210 slot=2 generation=210 tracked=1
request=635 opcode=3 admission=633 transport=0 vendor=0 text_bytes=0
request=636 opcode=7 admission=634 transport=0 vendor=0 text_bytes=0
request=637 opcode=18 admission=635 transport=0 vendor=0 text_bytes=0
owned allocation=211 slot=2 generation=211 tracked=1
request=638 opcode=3 admission=636 transport=0 vendor=0 text_bytes=0
request=639 opcode=7 admission=637 transport=0 vendor=0 text_bytes=0
request=640 opcode=18 admission=638 transport=0 vendor=0 text_bytes=0
owned allocation=212 slot=2 generation=212 tracked=1
request=641 opcode=3 admission=639 transport=0 vendor=0 text_bytes=0
request=642 opcode=7 admission=640 transport=0 vendor=0 text_bytes=0
request=643 opcode=18 admission=641 transport=0 vendor=0 text_bytes=0
owned allocation=213 slot=2 generation=213 tracked=1
request=644 opcode=3 admission=642 transport=0 vendor=0 text_bytes=0
request=645 opcode=7 admission=643 transport=0 vendor=0 text_bytes=0
request=646 opcode=18 admission=644 transport=0 vendor=0 text_bytes=0
owned allocation=214 slot=2 generation=214 tracked=1
request=647 opcode=3 admission=645 transport=0 vendor=0 text_bytes=0
request=648 opcode=7 admission=646 transport=0 vendor=0 text_bytes=0
request=649 opcode=18 admission=647 transport=0 vendor=0 text_bytes=0
owned allocation=215 slot=2 generation=215 tracked=1
request=650 opcode=3 admission=648 transport=0 vendor=0 text_bytes=0
request=651 opcode=7 admission=649 transport=0 vendor=0 text_bytes=0
request=652 opcode=18 admission=650 transport=0 vendor=0 text_bytes=0
owned allocation=216 slot=2 generation=216 tracked=1
request=653 opcode=3 admission=651 transport=0 vendor=0 text_bytes=0
request=654 opcode=7 admission=652 transport=0 vendor=0 text_bytes=0
request=655 opcode=18 admission=653 transport=0 vendor=0 text_bytes=0
owned allocation=217 slot=2 generation=217 tracked=1
request=656 opcode=3 admission=654 transport=0 vendor=0 text_bytes=0
request=657 opcode=7 admission=655 transport=0 vendor=0 text_bytes=0
request=658 opcode=18 admission=656 transport=0 vendor=0 text_bytes=0
owned allocation=218 slot=2 generation=218 tracked=1
request=659 opcode=3 admission=657 transport=0 vendor=0 text_bytes=0
request=660 opcode=7 admission=658 transport=0 vendor=0 text_bytes=0
request=661 opcode=18 admission=659 transport=0 vendor=0 text_bytes=0
owned allocation=219 slot=2 generation=219 tracked=1
request=662 opcode=3 admission=660 transport=0 vendor=0 text_bytes=0
request=663 opcode=7 admission=661 transport=0 vendor=0 text_bytes=0
request=664 opcode=18 admission=662 transport=0 vendor=0 text_bytes=0
owned allocation=220 slot=2 generation=220 tracked=1
request=665 opcode=3 admission=663 transport=0 vendor=0 text_bytes=0
request=666 opcode=7 admission=664 transport=0 vendor=0 text_bytes=0
request=667 opcode=18 admission=665 transport=0 vendor=0 text_bytes=0
owned allocation=221 slot=2 generation=221 tracked=1
request=668 opcode=3 admission=666 transport=0 vendor=0 text_bytes=0
request=669 opcode=7 admission=667 transport=0 vendor=0 text_bytes=0
request=670 opcode=18 admission=668 transport=0 vendor=0 text_bytes=0
owned allocation=222 slot=2 generation=222 tracked=1
request=671 opcode=3 admission=669 transport=0 vendor=0 text_bytes=0
request=672 opcode=7 admission=670 transport=0 vendor=0 text_bytes=0
request=673 opcode=18 admission=671 transport=0 vendor=0 text_bytes=0
owned allocation=223 slot=2 generation=223 tracked=1
request=674 opcode=3 admission=672 transport=0 vendor=0 text_bytes=0
request=675 opcode=7 admission=673 transport=0 vendor=0 text_bytes=0
request=676 opcode=18 admission=674 transport=0 vendor=0 text_bytes=0
owned allocation=224 slot=2 generation=224 tracked=1
request=677 opcode=3 admission=675 transport=0 vendor=0 text_bytes=0
request=678 opcode=7 admission=676 transport=0 vendor=0 text_bytes=0
request=679 opcode=18 admission=677 transport=0 vendor=0 text_bytes=0
owned allocation=225 slot=2 generation=225 tracked=1
request=680 opcode=3 admission=678 transport=0 vendor=0 text_bytes=0
request=681 opcode=7 admission=679 transport=0 vendor=0 text_bytes=0
request=682 opcode=18 admission=680 transport=0 vendor=0 text_bytes=0
owned allocation=226 slot=2 generation=226 tracked=1
request=683 opcode=3 admission=681 transport=0 vendor=0 text_bytes=0
request=684 opcode=7 admission=682 transport=0 vendor=0 text_bytes=0
request=685 opcode=18 admission=683 transport=0 vendor=0 text_bytes=0
owned allocation=227 slot=2 generation=227 tracked=1
request=686 opcode=3 admission=684 transport=0 vendor=0 text_bytes=0
request=687 opcode=7 admission=685 transport=0 vendor=0 text_bytes=0
request=688 opcode=18 admission=686 transport=0 vendor=0 text_bytes=0
owned allocation=228 slot=2 generation=228 tracked=1
request=689 opcode=3 admission=687 transport=0 vendor=0 text_bytes=0
request=690 opcode=7 admission=688 transport=0 vendor=0 text_bytes=0
request=691 opcode=18 admission=689 transport=0 vendor=0 text_bytes=0
owned allocation=229 slot=2 generation=229 tracked=1
request=692 opcode=3 admission=690 transport=0 vendor=0 text_bytes=0
request=693 opcode=7 admission=691 transport=0 vendor=0 text_bytes=0
request=694 opcode=18 admission=692 transport=0 vendor=0 text_bytes=0
owned allocation=230 slot=2 generation=230 tracked=1
request=695 opcode=3 admission=693 transport=0 vendor=0 text_bytes=0
request=696 opcode=7 admission=694 transport=0 vendor=0 text_bytes=0
request=697 opcode=18 admission=695 transport=0 vendor=0 text_bytes=0
owned allocation=231 slot=2 generation=231 tracked=1
request=698 opcode=3 admission=696 transport=0 vendor=0 text_bytes=0
request=699 opcode=7 admission=697 transport=0 vendor=0 text_bytes=0
request=700 opcode=18 admission=698 transport=0 vendor=0 text_bytes=0
owned allocation=232 slot=2 generation=232 tracked=1
request=701 opcode=3 admission=699 transport=0 vendor=0 text_bytes=0
request=702 opcode=7 admission=700 transport=0 vendor=0 text_bytes=0
request=703 opcode=18 admission=701 transport=0 vendor=0 text_bytes=0
owned allocation=233 slot=2 generation=233 tracked=1
request=704 opcode=3 admission=702 transport=0 vendor=0 text_bytes=0
request=705 opcode=7 admission=703 transport=0 vendor=0 text_bytes=0
request=706 opcode=18 admission=704 transport=0 vendor=0 text_bytes=0
owned allocation=234 slot=2 generation=234 tracked=1
request=707 opcode=3 admission=705 transport=0 vendor=0 text_bytes=0
request=708 opcode=7 admission=706 transport=0 vendor=0 text_bytes=0
request=709 opcode=18 admission=707 transport=0 vendor=0 text_bytes=0
owned allocation=235 slot=2 generation=235 tracked=1
request=710 opcode=3 admission=708 transport=0 vendor=0 text_bytes=0
request=711 opcode=7 admission=709 transport=0 vendor=0 text_bytes=0
request=712 opcode=18 admission=710 transport=0 vendor=0 text_bytes=0
owned allocation=236 slot=2 generation=236 tracked=1
request=713 opcode=3 admission=711 transport=0 vendor=0 text_bytes=0
request=714 opcode=7 admission=712 transport=0 vendor=0 text_bytes=0
request=715 opcode=18 admission=713 transport=0 vendor=0 text_bytes=0
owned allocation=237 slot=2 generation=237 tracked=1
request=716 opcode=3 admission=714 transport=0 vendor=0 text_bytes=0
request=717 opcode=7 admission=715 transport=0 vendor=0 text_bytes=0
request=718 opcode=18 admission=716 transport=0 vendor=0 text_bytes=0
owned allocation=238 slot=2 generation=238 tracked=1
request=719 opcode=3 admission=717 transport=0 vendor=0 text_bytes=0
request=720 opcode=7 admission=718 transport=0 vendor=0 text_bytes=0
request=721 opcode=18 admission=719 transport=0 vendor=0 text_bytes=0
owned allocation=239 slot=2 generation=239 tracked=1
request=722 opcode=3 admission=720 transport=0 vendor=0 text_bytes=0
request=723 opcode=7 admission=721 transport=0 vendor=0 text_bytes=0
request=724 opcode=18 admission=722 transport=0 vendor=0 text_bytes=0
owned allocation=240 slot=2 generation=240 tracked=1
request=725 opcode=3 admission=723 transport=0 vendor=0 text_bytes=0
request=726 opcode=7 admission=724 transport=0 vendor=0 text_bytes=0
request=727 opcode=18 admission=725 transport=0 vendor=0 text_bytes=0
owned allocation=241 slot=2 generation=241 tracked=1
request=728 opcode=3 admission=726 transport=0 vendor=0 text_bytes=0
request=729 opcode=7 admission=727 transport=0 vendor=0 text_bytes=0
request=730 opcode=18 admission=728 transport=0 vendor=0 text_bytes=0
owned allocation=242 slot=2 generation=242 tracked=1
request=731 opcode=3 admission=729 transport=0 vendor=0 text_bytes=0
request=732 opcode=7 admission=730 transport=0 vendor=0 text_bytes=0
request=733 opcode=18 admission=731 transport=0 vendor=0 text_bytes=0
owned allocation=243 slot=2 generation=243 tracked=1
request=734 opcode=3 admission=732 transport=0 vendor=0 text_bytes=0
request=735 opcode=7 admission=733 transport=0 vendor=0 text_bytes=0
request=736 opcode=18 admission=734 transport=0 vendor=0 text_bytes=0
owned allocation=244 slot=2 generation=244 tracked=1
request=737 opcode=3 admission=735 transport=0 vendor=0 text_bytes=0
request=738 opcode=7 admission=736 transport=0 vendor=0 text_bytes=0
request=739 opcode=18 admission=737 transport=0 vendor=0 text_bytes=0
owned allocation=245 slot=2 generation=245 tracked=1
request=740 opcode=3 admission=738 transport=0 vendor=0 text_bytes=0
request=741 opcode=7 admission=739 transport=0 vendor=0 text_bytes=0
request=742 opcode=18 admission=740 transport=0 vendor=0 text_bytes=0
owned allocation=246 slot=2 generation=246 tracked=1
request=743 opcode=3 admission=741 transport=0 vendor=0 text_bytes=0
request=744 opcode=7 admission=742 transport=0 vendor=0 text_bytes=0
request=745 opcode=18 admission=743 transport=0 vendor=0 text_bytes=0
owned allocation=247 slot=2 generation=247 tracked=1
request=746 opcode=3 admission=744 transport=0 vendor=0 text_bytes=0
request=747 opcode=7 admission=745 transport=0 vendor=0 text_bytes=0
request=748 opcode=18 admission=746 transport=0 vendor=0 text_bytes=0
owned allocation=248 slot=2 generation=248 tracked=1
request=749 opcode=3 admission=747 transport=0 vendor=0 text_bytes=0
request=750 opcode=7 admission=748 transport=0 vendor=0 text_bytes=0
request=751 opcode=18 admission=749 transport=0 vendor=0 text_bytes=0
owned allocation=249 slot=2 generation=249 tracked=1
request=752 opcode=3 admission=750 transport=0 vendor=0 text_bytes=0
request=753 opcode=7 admission=751 transport=0 vendor=0 text_bytes=0
request=754 opcode=18 admission=752 transport=0 vendor=0 text_bytes=0
owned allocation=250 slot=2 generation=250 tracked=1
request=755 opcode=3 admission=753 transport=0 vendor=0 text_bytes=0
request=756 opcode=7 admission=754 transport=0 vendor=0 text_bytes=0
request=757 opcode=18 admission=755 transport=0 vendor=0 text_bytes=0
owned allocation=251 slot=2 generation=251 tracked=1
request=758 opcode=3 admission=756 transport=0 vendor=0 text_bytes=0
request=759 opcode=7 admission=757 transport=0 vendor=0 text_bytes=0
request=760 opcode=18 admission=758 transport=0 vendor=0 text_bytes=0
owned allocation=252 slot=2 generation=252 tracked=1
request=761 opcode=3 admission=759 transport=0 vendor=0 text_bytes=0
request=762 opcode=7 admission=760 transport=0 vendor=0 text_bytes=0
request=763 opcode=18 admission=761 transport=0 vendor=0 text_bytes=0
owned allocation=253 slot=2 generation=253 tracked=1
request=764 opcode=3 admission=762 transport=0 vendor=0 text_bytes=0
request=765 opcode=7 admission=763 transport=0 vendor=0 text_bytes=0
request=766 opcode=18 admission=764 transport=0 vendor=0 text_bytes=0
owned allocation=254 slot=2 generation=254 tracked=1
request=767 opcode=3 admission=765 transport=0 vendor=0 text_bytes=0
request=768 opcode=7 admission=766 transport=0 vendor=0 text_bytes=0
request=769 opcode=18 admission=767 transport=0 vendor=0 text_bytes=0
owned allocation=255 slot=2 generation=255 tracked=1
request=770 opcode=3 admission=768 transport=0 vendor=0 text_bytes=0
request=771 opcode=7 admission=769 transport=0 vendor=0 text_bytes=0
request=772 opcode=18 admission=770 transport=0 vendor=0 text_bytes=0
owned allocation=256 slot=2 generation=256 tracked=1
request=773 opcode=3 admission=771 transport=0 vendor=0 text_bytes=0
request=774 opcode=7 admission=772 transport=0 vendor=0 text_bytes=0
request=775 opcode=18 admission=773 transport=0 vendor=0 text_bytes=0
owned allocation=257 slot=2 generation=257 tracked=1
request=776 opcode=3 admission=774 transport=0 vendor=0 text_bytes=0
vendor shutdown complete; retained directory bytes=6
lifetime_totals request=777 allocations=257 ends=256 releases=256 live=0
request=777 opcode=52 admission=775 transport=0 vendor=0 text_bytes=0
request=778 opcode=7 admission=775 transport=2 vendor=0 text_bytes=0
request=779 opcode=26 admission=775 transport=4097 vendor=0 text_bytes=0
lifetime_totals request=780 allocations=257 ends=256 releases=256 live=0
request=780 opcode=4109 admission=776 transport=0 vendor=0 text_bytes=0
PASS host30 ordered shutdown;257 allocations256 releases; retained directory bytes=6
