Microsoft (R) COFF/PE Dumper Version 12.00.40629.0
Copyright (C) Microsoft Corporation.  All rights reserved.


Dump of file C:\native101\results\x86-buffer-upload-candidate-buffer_upload\x86-buffer-upload-candidate-buffer_upload.obj

File Type: COFF OBJECT

COFF SYMBOL TABLE
000 00E19EB5 ABS    notype       Static       | @comp.id
001 80000191 ABS    notype       Static       | @feat.00
002 00000000 SECT1  notype       Static       | .drectve
    Section length   C2, #relocs    0, #linenums    0, checksum        0
004 00000000 SECT2  notype       Static       | .debug$S
    Section length   C0, #relocs    0, #linenums    0, checksum        0
006 00000000 SECT3  notype       Static       | .rdata
    Section length   25, #relocs    0, #linenums    0, checksum C202FBEC
008 00000000 SECT3  notype       Static       | $SG26985
009 00000000 SECT4  notype       Static       | .text$mn
    Section length  1CD, #relocs   11, #linenums    0, checksum 35F4557B
00B 00000000 SECT5  notype       Static       | .text$x
    Section length   46, #relocs    8, #linenums    0, checksum DF11FA74
00D 00000000 SECT6  notype       Static       | .text$mn
    Section length    7, #relocs    0, #linenums    0, checksum F9769C6B, selection    2 (pick any)
00F 00000000 SECT7  notype       Static       | .text$mn
    Section length   2A, #relocs    3, #linenums    0, checksum DCD4EFED, selection    2 (pick any)
011 00000000 SECT8  notype       Static       | .text$mn
    Section length   3A, #relocs    2, #linenums    0, checksum C7A8FC3C, selection    2 (pick any)
013 00000000 SECT9  notype       Static       | .text$mn
    Section length   40, #relocs    2, #linenums    0, checksum 7629844C, selection    2 (pick any)
015 00000000 SECTA  notype       Static       | .text$mn
    Section length   20, #relocs    2, #linenums    0, checksum 8341FA3B, selection    2 (pick any)
017 00000000 SECTB  notype       Static       | .text$mn
    Section length   20, #relocs    2, #linenums    0, checksum 8341FA3B, selection    2 (pick any)
019 00000000 SECTC  notype       Static       | .text$mn
    Section length   52, #relocs    4, #linenums    0, checksum CA45CC3A, selection    2 (pick any)
01B 00000000 SECTD  notype       Static       | .text$mn
    Section length   52, #relocs    4, #linenums    0, checksum CA45CC3A, selection    2 (pick any)
01D 00000000 SECTE  notype       Static       | .text$mn
    Section length   36, #relocs    2, #linenums    0, checksum A0C244B2, selection    2 (pick any)
01F 00000000 SECTF  notype       Static       | .text$mn
    Section length   36, #relocs    2, #linenums    0, checksum A0C244B2, selection    2 (pick any)
021 00000000 SECT10 notype       Static       | .text$mn
    Section length   34, #relocs    2, #linenums    0, checksum  CFC7E80, selection    2 (pick any)
023 00000000 SECT11 notype       Static       | .text$mn
    Section length    5, #relocs    0, #linenums    0, checksum 672BE856, selection    2 (pick any)
025 00000000 SECT12 notype       Static       | .text$mn
    Section length   13, #relocs    0, #linenums    0, checksum  3A83E6A, selection    2 (pick any)
027 00000000 SECT13 notype       Static       | .text$mn
    Section length   13, #relocs    0, #linenums    0, checksum  3A83E6A, selection    2 (pick any)
029 00000000 SECT14 notype       Static       | .text$mn
    Section length    8, #relocs    0, #linenums    0, checksum 9FC65074, selection    2 (pick any)
02B 00000000 SECT15 notype       Static       | .text$mn
    Section length    8, #relocs    0, #linenums    0, checksum 9FC65074, selection    2 (pick any)
02D 00000000 SECT16 notype       Static       | .text$mn
    Section length    B, #relocs    0, #linenums    0, checksum 731C78BA, selection    2 (pick any)
02F 00000000 SECT17 notype       Static       | .text$mn
    Section length    B, #relocs    0, #linenums    0, checksum 731C78BA, selection    2 (pick any)
031 00000000 SECT18 notype       Static       | .text$mn
    Section length   10, #relocs    0, #linenums    0, checksum AC55EF42, selection    2 (pick any)
033 00000000 SECT19 notype       Static       | .text$mn
    Section length   15, #relocs    1, #linenums    0, checksum  8FF34F7, selection    2 (pick any)
035 00000000 SECT1A notype       Static       | .text$mn
    Section length   15, #relocs    1, #linenums    0, checksum  8FF34F7, selection    2 (pick any)
037 00000000 SECT1B notype       Static       | .text$mn
    Section length   B9, #relocs    8, #linenums    0, checksum   E0944A, selection    2 (pick any)
039 00000000 SECT1C notype       Static       | .text$x
    Section length   33, #relocs    6, #linenums    0, checksum 3EE20D79, selection    5 (pick associative Section 0x1B)
03B 00000000 SECT1D notype       Static       | .text$mn
    Section length   33, #relocs    2, #linenums    0, checksum A0A9D5D2, selection    2 (pick any)
03D 00000000 SECT1E notype       Static       | .text$mn
    Section length    8, #relocs    0, #linenums    0, checksum 9FC65074, selection    2 (pick any)
03F 00000000 SECT1F notype       Static       | .text$mn
    Section length   56, #relocs    4, #linenums    0, checksum 86348803, selection    2 (pick any)
041 00000000 SECT20 notype       Static       | .text$x
    Section length   23, #relocs    4, #linenums    0, checksum E353E7F8, selection    5 (pick associative Section 0x1F)
043 00000000 SECT21 notype       Static       | .text$mn
    Section length   58, #relocs    5, #linenums    0, checksum AAF97C3B, selection    2 (pick any)
045 00000000 SECT22 notype       Static       | .text$mn
    Section length   38, #relocs    2, #linenums    0, checksum 17DF2223, selection    2 (pick any)
047 00000000 SECT23 notype       Static       | .text$mn
    Section length   17, #relocs    1, #linenums    0, checksum 3BC67B9C, selection    2 (pick any)
049 00000000 SECT24 notype       Static       | .text$mn
    Section length   58, #relocs    5, #linenums    0, checksum  928D9D7, selection    2 (pick any)
04B 00000000 SECT25 notype       Static       | .text$mn
    Section length   45, #relocs    3, #linenums    0, checksum  182625D, selection    2 (pick any)
04D 00000000 SECT26 notype       Static       | .text$mn
    Section length   D0, #relocs    B, #linenums    0, checksum FA9503C9, selection    2 (pick any)
04F 00000000 SECT27 notype       Static       | .text$x
    Section length   2B, #relocs    5, #linenums    0, checksum 3949B1FB, selection    5 (pick associative Section 0x26)
051 00000000 SECT28 notype       Static       | .text$mn
    Section length   41, #relocs    3, #linenums    0, checksum DDD052A4, selection    2 (pick any)
053 00000000 SECT29 notype       Static       | .text$mn
    Section length   47, #relocs    5, #linenums    0, checksum 71FACC09, selection    2 (pick any)
055 00000000 SECT2A notype       Static       | .text$mn
    Section length    7, #relocs    0, #linenums    0, checksum 96F779C9, selection    2 (pick any)
057 00000000 SECT2B notype       Static       | .text$mn
    Section length   2A, #relocs    2, #linenums    0, checksum DD7DBD75, selection    2 (pick any)
059 00000000 SECT2C notype       Static       | .text$mn
    Section length   8C, #relocs    4, #linenums    0, checksum 2EBC7424, selection    2 (pick any)
05B 00000000 SECT2D notype       Static       | .text$x
    Section length   2C, #relocs    4, #linenums    0, checksum EBB4DEC8, selection    5 (pick associative Section 0x2C)
05D 00000000 SECT2E notype       Static       | .text$mn
    Section length   1E, #relocs    2, #linenums    0, checksum FD521FF5, selection    2 (pick any)
05F 00000000 SECT2F notype       Static       | .text$mn
    Section length   1D, #relocs    1, #linenums    0, checksum  194F6F6, selection    2 (pick any)
061 00000000 SECT30 notype       Static       | .text$mn
    Section length    D, #relocs    0, #linenums    0, checksum FEDA5EFE, selection    2 (pick any)
063 00000000 SECT31 notype       Static       | .text$mn
    Section length   11, #relocs    1, #linenums    0, checksum 3F64F992, selection    2 (pick any)
065 00000000 SECT32 notype       Static       | .text$mn
    Section length    8, #relocs    0, #linenums    0, checksum 9FC65074, selection    2 (pick any)
067 00000000 SECT33 notype       Static       | .text$mn
    Section length   3F, #relocs    3, #linenums    0, checksum DF9AA485, selection    2 (pick any)
069 00000000 SECT34 notype       Static       | .text$mn
    Section length   3F, #relocs    3, #linenums    0, checksum DF9AA485, selection    2 (pick any)
06B 00000000 SECT35 notype       Static       | .text$mn
    Section length   1C, #relocs    1, #linenums    0, checksum F4C93157, selection    2 (pick any)
06D 00000000 SECT36 notype       Static       | .text$mn
    Section length   16, #relocs    1, #linenums    0, checksum  FE9A807, selection    2 (pick any)
06F 00000000 SECT37 notype       Static       | .text$mn
    Section length   58, #relocs    4, #linenums    0, checksum CEE6C226, selection    2 (pick any)
071 00000000 SECT38 notype       Static       | .text$x
    Section length   23, #relocs    4, #linenums    0, checksum 5B6E1E5A, selection    5 (pick associative Section 0x37)
073 00000000 SECT39 notype       Static       | .text$mn
    Section length   28, #relocs    1, #linenums    0, checksum 995C1DC8, selection    2 (pick any)
075 00000000 SECT3A notype       Static       | .text$mn
    Section length   65, #relocs    4, #linenums    0, checksum  B9F694A, selection    2 (pick any)
077 00000000 SECT3B notype       Static       | .text$x
    Section length   23, #relocs    4, #linenums    0, checksum 5B6E1E5A, selection    5 (pick associative Section 0x3A)
079 00000000 SECT3C notype       Static       | .text$mn
    Section length   34, #relocs    1, #linenums    0, checksum 2B95B42E, selection    2 (pick any)
07B 00000000 SECT3D notype       Static       | .text$mn
    Section length   1C, #relocs    1, #linenums    0, checksum F4C93157, selection    2 (pick any)
07D 00000000 SECT3E notype       Static       | .text$mn
    Section length   16, #relocs    1, #linenums    0, checksum  FE9A807, selection    2 (pick any)
07F 00000000 SECT3F notype       Static       | .text$mn
    Section length   16, #relocs    1, #linenums    0, checksum  FE9A807, selection    2 (pick any)
081 00000000 SECT40 notype       Static       | .text$mn
    Section length   10, #relocs    0, #linenums    0, checksum 4436CFFC, selection    2 (pick any)
083 00000000 SECT41 notype       Static       | .text$mn
    Section length    E, #relocs    0, #linenums    0, checksum 4DE4BFBE, selection    2 (pick any)
085 00000000 SECT42 notype       Static       | .text$mn
    Section length    E, #relocs    0, #linenums    0, checksum 4DE4BFBE, selection    2 (pick any)
087 00000000 SECT43 notype       Static       | .text$mn
    Section length   FC, #relocs    D, #linenums    0, checksum 98DF2823, selection    2 (pick any)
089 00000000 SECT44 notype       Static       | .text$x
    Section length   23, #relocs    4, #linenums    0, checksum A4578A0D, selection    5 (pick associative Section 0x43)
08B 00000000 SECT45 notype       Static       | .text$mn
    Section length   21, #relocs    2, #linenums    0, checksum 7FD47114, selection    2 (pick any)
08D 00000000 SECT46 notype       Static       | .text$mn
    Section length   17, #relocs    0, #linenums    0, checksum DCB33672, selection    2 (pick any)
08F 00000000 SECT47 notype       Static       | .text$mn
    Section length   21, #relocs    0, #linenums    0, checksum  9AF886A, selection    2 (pick any)
091 00000000 SECT48 notype       Static       | .text$mn
    Section length   2F, #relocs    1, #linenums    0, checksum F165C871, selection    2 (pick any)
093 00000000 SECT49 notype       Static       | .text$mn
    Section length   21, #relocs    0, #linenums    0, checksum  9AF886A, selection    2 (pick any)
095 00000000 SECT4A notype       Static       | .text$mn
    Section length   25, #relocs    2, #linenums    0, checksum C8EE1089, selection    2 (pick any)
097 00000000 SECT4B notype       Static       | .text$mn
    Section length   25, #relocs    2, #linenums    0, checksum 41AC5AB9, selection    2 (pick any)
099 00000000 SECT4C notype       Static       | .text$mn
    Section length   25, #relocs    2, #linenums    0, checksum C8EE1089, selection    2 (pick any)
09B 00000000 SECT4D notype       Static       | .text$mn
    Section length   25, #relocs    2, #linenums    0, checksum C8EE1089, selection    2 (pick any)
09D 00000000 SECT4E notype       Static       | .text$mn
    Section length   13, #relocs    1, #linenums    0, checksum 58B0A1A3, selection    2 (pick any)
09F 00000000 SECT4F notype       Static       | .text$mn
    Section length   1B, #relocs    2, #linenums    0, checksum 423E1A34, selection    2 (pick any)
0A1 00000000 SECT50 notype       Static       | .text$mn
    Section length   13, #relocs    1, #linenums    0, checksum 58B0A1A3, selection    2 (pick any)
0A3 00000000 SECT51 notype       Static       | .text$mn
    Section length   13, #relocs    1, #linenums    0, checksum 58B0A1A3, selection    2 (pick any)
0A5 00000000 SECT52 notype       Static       | .text$mn
    Section length   1B, #relocs    2, #linenums    0, checksum 423E1A34, selection    2 (pick any)
0A7 00000000 SECT53 notype       Static       | .text$mn
    Section length   13, #relocs    1, #linenums    0, checksum 58B0A1A3, selection    2 (pick any)
0A9 00000000 SECT54 notype       Static       | .text$mn
    Section length   27, #relocs    3, #linenums    0, checksum 91EAE158, selection    2 (pick any)
0AB 00000000 SECT55 notype       Static       | .text$mn
    Section length   13, #relocs    1, #linenums    0, checksum 58B0A1A3, selection    2 (pick any)
0AD 00000000 SECT56 notype       Static       | .text$mn
    Section length   13, #relocs    1, #linenums    0, checksum 58B0A1A3, selection    2 (pick any)
0AF 00000000 SECT57 notype       Static       | .text$mn
    Section length    8, #relocs    0, #linenums    0, checksum 98CFF8A8, selection    2 (pick any)
0B1 00000000 SECT58 notype       Static       | .text$mn
    Section length    5, #relocs    0, #linenums    0, checksum 672BE856, selection    2 (pick any)
0B3 00000000 SECT59 notype       Static       | .text$mn
    Section length   8C, #relocs    6, #linenums    0, checksum 701F6409, selection    2 (pick any)
0B5 00000000 SECT5A notype       Static       | .text$x
    Section length   23, #relocs    4, #linenums    0, checksum E5A4DC84, selection    5 (pick associative Section 0x59)
0B7 00000000 SECT5B notype       Static       | .text$mn
    Section length   8B, #relocs    D, #linenums    0, checksum B3292C16, selection    2 (pick any)
0B9 00000000 SECT5C notype       Static       | .text$mn
    Section length   2C, #relocs    2, #linenums    0, checksum 1CD3401A, selection    2 (pick any)
0BB 00000000 SECT5D notype       Static       | .text$mn
    Section length   2C, #relocs    2, #linenums    0, checksum 1CD3401A, selection    2 (pick any)
0BD 00000000 SECT5E notype       Static       | .text$di
    Section length    D, #relocs    0, #linenums    0, checksum A512431E, selection    2 (pick any)
0BF 00000000 SECT5F notype       Static       | .text$di
    Section length    D, #relocs    0, #linenums    0, checksum A512431E, selection    2 (pick any)
0C1 00000000 SECT60 notype       Static       | .text$mn
    Section length   C0, #relocs    8, #linenums    0, checksum DAC98EE2, selection    2 (pick any)
0C3 00000000 SECT61 notype       Static       | .text$x
    Section length   2B, #relocs    5, #linenums    0, checksum E23F207C, selection    5 (pick associative Section 0x60)
0C5 00000000 SECT62 notype       Static       | .text$mn
    Section length   45, #relocs    4, #linenums    0, checksum 2D4CA28F, selection    2 (pick any)
0C7 00000000 SECT63 notype       Static       | .text$mn
    Section length   8A, #relocs    4, #linenums    0, checksum 6B02C405, selection    2 (pick any)
0C9 00000000 SECT64 notype       Static       | .text$mn
    Section length   14, #relocs    0, #linenums    0, checksum CCF0F6D5, selection    2 (pick any)
0CB 00000000 SECT65 notype       Static       | .text$mn
    Section length   2F, #relocs    2, #linenums    0, checksum D117847A, selection    2 (pick any)
0CD 00000000 SECT66 notype       Static       | .text$mn
    Section length   20, #relocs    1, #linenums    0, checksum 9F1E8E14, selection    2 (pick any)
0CF 00000000 SECT67 notype       Static       | .text$mn
    Section length   44, #relocs    4, #linenums    0, checksum F0D9C26C, selection    2 (pick any)
0D1 00000000 SECT68 notype       Static       | .text$mn
    Section length   18, #relocs    1, #linenums    0, checksum A0744C79, selection    2 (pick any)
0D3 00000000 SECT69 notype       Static       | .text$mn
    Section length   2C, #relocs    0, #linenums    0, checksum 92B32969, selection    2 (pick any)
0D5 00000000 SECT6A notype       Static       | .text$mn
    Section length   11, #relocs    0, #linenums    0, checksum A686E293, selection    2 (pick any)
0D7 00000000 SECT6B notype       Static       | .text$mn
    Section length   59, #relocs    2, #linenums    0, checksum E4B7F97F, selection    2 (pick any)
0D9 00000000 SECT6C notype       Static       | .text$mn
    Section length   62, #relocs    2, #linenums    0, checksum 702125DB, selection    2 (pick any)
0DB 00000000 SECT6D notype       Static       | .text$mn
    Section length   72, #relocs    3, #linenums    0, checksum 579872D5, selection    2 (pick any)
0DD 00000000 SECT6E notype       Static       | .text$mn
    Section length   B8, #relocs    8, #linenums    0, checksum 7A16F636, selection    2 (pick any)
0DF 00000000 SECT6F notype       Static       | .text$x
    Section length   23, #relocs    4, #linenums    0, checksum 35C6484E, selection    5 (pick associative Section 0x6E)
0E1 00000000 SECT70 notype       Static       | .text$mn
    Section length   4A, #relocs    2, #linenums    0, checksum 4E2BFC55, selection    2 (pick any)
0E3 00000000 SECT71 notype       Static       | .text$mn
    Section length  134, #relocs    E, #linenums    0, checksum 3B114ABF, selection    2 (pick any)
0E5 00000000 SECT72 notype       Static       | .text$x
    Section length   1B, #relocs    3, #linenums    0, checksum 2EBA18B0, selection    5 (pick associative Section 0x71)
0E7 00000000 SECT73 notype       Static       | .text$mn
    Section length   5A, #relocs    7, #linenums    0, checksum 1A50E232, selection    2 (pick any)
0E9 00000000 SECT74 notype       Static       | .text$mn
    Section length   5F, #relocs    2, #linenums    0, checksum 580019BE, selection    2 (pick any)
0EB 00000000 SECT75 notype       Static       | .text$mn
    Section length   1D, #relocs    1, #linenums    0, checksum  194F6F6, selection    2 (pick any)
0ED 00000000 SECT76 notype       Static       | .text$mn
    Section length   79, #relocs    4, #linenums    0, checksum 4A2202E2, selection    2 (pick any)
0EF 00000000 SECT77 notype       Static       | .text$mn
    Section length   11, #relocs    0, #linenums    0, checksum 4E29552D, selection    2 (pick any)
0F1 00000000 SECT78 notype       Static       | .text$mn
    Section length   17, #relocs    0, #linenums    0, checksum 20C7DECC, selection    2 (pick any)
0F3 00000000 SECT79 notype       Static       | .text$mn
    Section length   15, #relocs    2, #linenums    0, checksum 56CE9215, selection    2 (pick any)
0F5 00000000 SECT7A notype       Static       | .text$mn
    Section length   19, #relocs    1, #linenums    0, checksum BD6B49F2, selection    2 (pick any)
0F7 00000000 SECT7B notype       Static       | .text$mn
    Section length   19, #relocs    1, #linenums    0, checksum BD6B49F2, selection    2 (pick any)
0F9 00000000 SECT7C notype       Static       | .text$mn
    Section length   1B, #relocs    1, #linenums    0, checksum A083A8B9, selection    2 (pick any)
0FB 00000000 SECT7D notype       Static       | .text$mn
    Section length   1B, #relocs    1, #linenums    0, checksum A083A8B9, selection    2 (pick any)
0FD 00000000 SECT7E notype       Static       | .text$mn
    Section length   23, #relocs    1, #linenums    0, checksum  2B24C82, selection    2 (pick any)
0FF 00000000 SECT7F notype       Static       | .text$mn
    Section length   17, #relocs    0, #linenums    0, checksum E53733CD, selection    2 (pick any)
101 00000000 SECT80 notype       Static       | .text$mn
    Section length   1D, #relocs    1, #linenums    0, checksum F0D1C1B9, selection    2 (pick any)
103 00000000 SECT81 notype       Static       | .text$mn
    Section length   1D, #relocs    1, #linenums    0, checksum F0D1C1B9, selection    2 (pick any)
105 00000000 SECT82 notype       Static       | .text$mn
    Section length   19, #relocs    1, #linenums    0, checksum 92C9EDFA, selection    2 (pick any)
107 00000000 SECT83 notype       Static       | .text$mn
    Section length   19, #relocs    1, #linenums    0, checksum 92C9EDFA, selection    2 (pick any)
109 00000000 SECT84 notype       Static       | .text$mn
    Section length   23, #relocs    1, #linenums    0, checksum E27B5CE5, selection    2 (pick any)
10B 00000000 SECT85 notype       Static       | .text$mn
    Section length   17, #relocs    1, #linenums    0, checksum 65735477, selection    2 (pick any)
10D 00000000 SECT86 notype       Static       | .text$mn
    Section length    E, #relocs    0, #linenums    0, checksum 9B858C0F, selection    2 (pick any)
10F 00000000 SECT87 notype       Static       | .text$mn
    Section length    D, #relocs    1, #linenums    0, checksum F7352B9C, selection    2 (pick any)
111 00000000 SECT88 notype       Static       | .text$mn
    Section length   20, #relocs    2, #linenums    0, checksum 612629E5, selection    2 (pick any)
113 00000000 SECT89 notype       Static       | .text$mn
    Section length  106, #relocs    F, #linenums    0, checksum 28F45A91, selection    2 (pick any)
115 00000000 SECT8A notype       Static       | .text$x
    Section length   1B, #relocs    3, #linenums    0, checksum 4A0E5294, selection    5 (pick associative Section 0x89)
117 00000000 SECT8B notype       Static       | .text$mn
    Section length   2B, #relocs    2, #linenums    0, checksum  FD40F8B, selection    2 (pick any)
119 00000000 SECT8C notype       Static       | .text$mn
    Section length   1C, #relocs    1, #linenums    0, checksum ADE8146D, selection    2 (pick any)
11B 00000000 SECT8D notype       Static       | .text$mn
    Section length   14, #relocs    1, #linenums    0, checksum 867F0740, selection    2 (pick any)
11D 00000000 SECT8E notype       Static       | .text$mn
    Section length   17, #relocs    0, #linenums    0, checksum 617D3D37, selection    2 (pick any)
11F 00000000 SECT8F notype       Static       | .text$mn
    Section length  100, #relocs    E, #linenums    0, checksum 5C7AAF81, selection    2 (pick any)
121 00000000 SECT90 notype       Static       | .text$mn
    Section length   27, #relocs    1, #linenums    0, checksum D2B43191, selection    2 (pick any)
123 00000000 UNDEF  notype ()    External     | ??2@YAPAXI@Z (void * __cdecl operator new(unsigned int))
124 00000000 UNDEF  notype ()    External     | ??3@YAXPAX@Z (void __cdecl operator delete(void *))
125 00000000 UNDEF  notype ()    External     | __invalid_parameter
126 00000000 UNDEF  notype ()    External     | ??0_Lockit@std@@QAE@H@Z (public: __thiscall std::_Lockit::_Lockit(int))
127 00000000 UNDEF  notype ()    External     | ??1_Lockit@std@@QAE@XZ (public: __thiscall std::_Lockit::~_Lockit(void))
128 00000000 UNDEF  notype ()    External     | __hypot
129 00000000 SECT90 notype ()    External     | _hypot
12A 00000000 UNDEF  notype ()    External     | _memmove
12B 00000000 UNDEF  notype ()    External     | _memcpy
12C 00000000 UNDEF  notype ()    External     | _memset
12D 00000000 UNDEF  notype ()    External     | ??0exception@std@@QAE@ABQBD@Z (public: __thiscall std::exception::exception(char const * const &))
12E 00000000 UNDEF  notype ()    External     | ??0exception@std@@QAE@ABV01@@Z (public: __thiscall std::exception::exception(class std::exception const &))
12F 00000000 UNDEF  notype ()    External     | ??1exception@std@@UAE@XZ (public: virtual __thiscall std::exception::~exception(void))
130 00000000 UNDEF  notype ()    External     | ?what@exception@std@@UBEPBDXZ (public: virtual char const * __thiscall std::exception::what(void)const )
131 00000000 SECT57 notype ()    External     | ??2@YAPAXIPAX@Z (void * __cdecl operator new(unsigned int,void *))
132 00000000 SECT58 notype ()    External     | ??3@YAXPAX0@Z (void __cdecl operator delete(void *,void *))
133 00000000 UNDEF  notype ()    External     | __CrtDbgReportW
134 00000000 SECT5F notype ()    Static       | ??__Epiecewise_construct@std@@YAXXZ (void __cdecl std::`dynamic initializer for 'piecewise_construct''(void))
135 00000000 UNDEF  notype ()    External     | ?_Debug_message@std@@YAXPB_W0I@Z (void __cdecl std::_Debug_message(wchar_t const *,wchar_t const *,unsigned int))
136 00000000 SECT47 notype ()    External     | ??0_Container_proxy@std@@QAE@XZ (public: __thiscall std::_Container_proxy::_Container_proxy(void))
137 00000000 SECT46 notype ()    External     | ??0_Container_base12@std@@QAE@XZ (public: __thiscall std::_Container_base12::_Container_base12(void))
138 00000000 SECT53 notype ()    External     | ??1_Container_base12@std@@QAE@XZ (public: __thiscall std::_Container_base12::~_Container_base12(void))
139 00000000 SECT69 notype ()    External     | ?_Getpfirst@_Container_base12@std@@QBEPAPAU_Iterator_base12@2@XZ (public: struct std::_Iterator_base12 * * __thiscall std::_Container_base12::_Getpfirst(void)const )
13A 00000000 SECT6C notype ()    External     | ?_Orphan_all@_Container_base12@std@@QAEXXZ (public: void __thiscall std::_Container_base12::_Orphan_all(void))
13B 00000000 SECT74 notype ()    External     | ?_Swap_all@_Container_base12@std@@QAEXAAU12@@Z (public: void __thiscall std::_Container_base12::_Swap_all(struct std::_Container_base12 &))
13C 00000000 SECT49 notype ()    External     | ??0_Iterator_base12@std@@QAE@XZ (public: __thiscall std::_Iterator_base12::_Iterator_base12(void))
13D 00000000 SECT48 notype ()    External     | ??0_Iterator_base12@std@@QAE@ABU01@@Z (public: __thiscall std::_Iterator_base12::_Iterator_base12(struct std::_Iterator_base12 const &))
13E 00000000 SECT59 notype ()    External     | ??4_Iterator_base12@std@@QAEAAU01@ABU01@@Z (public: struct std::_Iterator_base12 & __thiscall std::_Iterator_base12::operator=(struct std::_Iterator_base12 const &))
13F 00000000 SECT54 notype ()    External     | ??1_Iterator_base12@std@@QAE@XZ (public: __thiscall std::_Iterator_base12::~_Iterator_base12(void))
140 00000000 SECT60 notype ()    External     | ?_Adopt@_Iterator_base12@std@@QAEXPBU_Container_base12@2@@Z (public: void __thiscall std::_Iterator_base12::_Adopt(struct std::_Container_base12 const *))
141 00000000 SECT64 notype ()    External     | ?_Clrcont@_Iterator_base12@std@@QAEXXZ (public: void __thiscall std::_Iterator_base12::_Clrcont(void))
142 00000000 SECT6A notype ()    External     | ?_Getpnext@_Iterator_base12@std@@QAEPAPAU12@XZ (public: struct std::_Iterator_base12 * * __thiscall std::_Iterator_base12::_Getpnext(void))
143 00000000 SECT6D notype ()    External     | ?_Orphan_me@_Iterator_base12@std@@QAEXXZ (public: void __thiscall std::_Iterator_base12::_Orphan_me(void))
144 00000000 SECT66 notype ()    External     | ?_Fill_n@std@@YAPAEPAEIE@Z (unsigned char * __cdecl std::_Fill_n(unsigned char *,unsigned int,unsigned char))
145 00000000 SECT5E notype ()    Static       | ??__Eallocator_arg@std@@YAXXZ (void __cdecl std::`dynamic initializer for 'allocator_arg''(void))
146 00000000 UNDEF  notype ()    External     | ?_Xbad_alloc@std@@YAXXZ (void __cdecl std::_Xbad_alloc(void))
147 00000000 UNDEF  notype ()    External     | ?_Xlength_error@std@@YAXPBD@Z (void __cdecl std::_Xlength_error(char const *))
148 00000000 SECT4B notype ()    External     | ??0logic_error@std@@QAE@PBD@Z (public: __thiscall std::logic_error::logic_error(char const *))
149 00000000 SECT55 notype ()    External     | ??1logic_error@std@@UAE@XZ (public: virtual __thiscall std::logic_error::~logic_error(void))
14A 00000000 SECT4A notype ()    External     | ??0logic_error@std@@QAE@ABV01@@Z (public: __thiscall std::logic_error::logic_error(class std::logic_error const &))
14B 00000000 SECT5C notype ()    External     | ??_Glogic_error@std@@UAEPAXI@Z (public: virtual void * __thiscall std::logic_error::`scalar deleting destructor'(unsigned int))
14C 00000000 UNDEF  notype ()    WeakExternal | ??_Elogic_error@std@@UAEPAXI@Z (public: virtual void * __thiscall std::logic_error::`vector deleting destructor'(unsigned int))
    Default index      14B library search
14E 00000000 SECT4D notype ()    External     | ??0out_of_range@std@@QAE@PBD@Z (public: __thiscall std::out_of_range::out_of_range(char const *))
14F 00000000 SECT56 notype ()    External     | ??1out_of_range@std@@UAE@XZ (public: virtual __thiscall std::out_of_range::~out_of_range(void))
150 00000000 SECT4C notype ()    External     | ??0out_of_range@std@@QAE@ABV01@@Z (public: __thiscall std::out_of_range::out_of_range(class std::out_of_range const &))
151 00000000 SECT5D notype ()    External     | ??_Gout_of_range@std@@UAEPAXI@Z (public: virtual void * __thiscall std::out_of_range::`scalar deleting destructor'(unsigned int))
152 00000000 UNDEF  notype ()    WeakExternal | ??_Eout_of_range@std@@UAEPAXI@Z (public: virtual void * __thiscall std::out_of_range::`vector deleting destructor'(unsigned int))
    Default index      151 library search
154 00000000 SECT4  notype ()    External     | ??0BufferUpload@MilesHost@@QAE@II@Z (public: __thiscall MilesHost::BufferUpload::BufferUpload(unsigned int,unsigned int))
155 000000A0 SECT4  notype ()    External     | ?append@BufferUpload@MilesHost@@QAE_NIPBXI@Z (public: bool __thiscall MilesHost::BufferUpload::append(unsigned int,void const *,unsigned int))
156 00000120 SECT4  notype ()    External     | ?seal@BufferUpload@MilesHost@@QAE_NXZ (public: bool __thiscall MilesHost::BufferUpload::seal(void))
157 00000150 SECT4  notype ()    External     | ?copySealed@BufferUpload@MilesHost@@QBE_NAAV?$vector@EV?$allocator@E@std@@@std@@@Z (public: bool __thiscall MilesHost::BufferUpload::copySealed(class std::vector<unsigned char,class std::allocator<unsigned char> > &)const )
158 00000000 SECT8C notype ()    External     | ?select_on_container_copy_construction@?$allocator@E@std@@QBE?AV12@XZ (public: class std::allocator<unsigned char> __thiscall std::allocator<unsigned char>::select_on_container_copy_construction(void)const )
159 00000000 SECT41 notype ()    External     | ??0?$allocator@E@std@@QAE@XZ (public: __thiscall std::allocator<unsigned char>::allocator<unsigned char>(void))
15A 00000000 SECT40 notype ()    External     | ??0?$allocator@E@std@@QAE@ABV01@@Z (public: __thiscall std::allocator<unsigned char>::allocator<unsigned char>(class std::allocator<unsigned char> const &))
15B 00000000 SECT82 notype ()    External     | ?deallocate@?$allocator@E@std@@QAEXPAEI@Z (public: void __thiscall std::allocator<unsigned char>::deallocate(unsigned char *,unsigned int))
15C 00000000 SECT7C notype ()    External     | ?allocate@?$allocator@E@std@@QAEPAEI@Z (public: unsigned char * __thiscall std::allocator<unsigned char>::allocate(unsigned int))
15D 00000000 SECT86 notype ()    External     | ?max_size@?$allocator@E@std@@QBEIXZ (public: unsigned int __thiscall std::allocator<unsigned char>::max_size(void)const )
15E 00000000 SECT87 notype ()    External     | ?max_size@?$allocator_traits@V?$allocator@E@std@@@std@@SAIABV?$allocator@E@2@@Z (public: static unsigned int __cdecl std::allocator_traits<class std::allocator<unsigned char> >::max_size(class std::allocator<unsigned char> const &))
15F 00000000 SECT8D notype ()    External     | ?select_on_container_copy_construction@?$allocator_traits@V?$allocator@E@std@@@std@@SA?AV?$allocator@E@2@ABV32@@Z (public: static class std::allocator<unsigned char> __cdecl std::allocator_traits<class std::allocator<unsigned char> >::select_on_container_copy_construction(class std::allocator<unsigned char> const &))
160 00000000 SECT8B notype ()    External     | ?select_on_container_copy_construction@?$_Wrap_alloc@V?$allocator@E@std@@@std@@QBE?AU12@XZ (public: struct std::_Wrap_alloc<class std::allocator<unsigned char> > __thiscall std::_Wrap_alloc<class std::allocator<unsigned char> >::select_on_container_copy_construction(void)const )
161 00000000 SECT3E notype ()    External     | ??0?$_Wrap_alloc@V?$allocator@E@std@@@std@@QAE@XZ (public: __thiscall std::_Wrap_alloc<class std::allocator<unsigned char> >::_Wrap_alloc<class std::allocator<unsigned char> >(void))
162 00000000 SECT3D notype ()    External     | ??0?$_Wrap_alloc@V?$allocator@E@std@@@std@@QAE@ABV?$allocator@E@1@@Z (public: __thiscall std::_Wrap_alloc<class std::allocator<unsigned char> >::_Wrap_alloc<class std::allocator<unsigned char> >(class std::allocator<unsigned char> const &))
163 00000000 SECT7A notype ()    External     | ?allocate@?$_Wrap_alloc@V?$allocator@E@std@@@std@@QAEPAEI@Z (public: unsigned char * __thiscall std::_Wrap_alloc<class std::allocator<unsigned char> >::allocate(unsigned int))
164 00000000 SECT80 notype ()    External     | ?deallocate@?$_Wrap_alloc@V?$allocator@E@std@@@std@@QAEXPAEI@Z (public: void __thiscall std::_Wrap_alloc<class std::allocator<unsigned char> >::deallocate(unsigned char *,unsigned int))
165 00000000 SECT85 notype ()    External     | ?max_size@?$_Wrap_alloc@V?$allocator@E@std@@@std@@QBEIXZ (public: unsigned int __thiscall std::_Wrap_alloc<class std::allocator<unsigned char> >::max_size(void)const )
166 00000000 SECT3C notype ()    External     | ??0?$_Vector_val@U?$_Simple_types@E@std@@@std@@QAE@XZ (public: __thiscall std::_Vector_val<struct std::_Simple_types<unsigned char> >::_Vector_val<struct std::_Simple_types<unsigned char> >(void))
167 00000000 SECT51 notype ()    External     | ??1?$_Vector_val@U?$_Simple_types@E@std@@@std@@QAE@XZ (public: __thiscall std::_Vector_val<struct std::_Simple_types<unsigned char> >::~_Vector_val<struct std::_Simple_types<unsigned char> >(void))
168 00000000 SECT37 notype ()    External     | ??0?$_Vector_alloc@$0A@U?$_Vec_base_types@EV?$allocator@E@std@@@std@@@std@@QAE@ABV?$allocator@E@1@@Z (public: __thiscall std::_Vector_alloc<0,struct std::_Vec_base_types<unsigned char,class std::allocator<unsigned char> > >::_Vector_alloc<0,struct std::_Vec_base_types<unsigned char,class std::allocator<unsigned char> > >(class std::allocator<unsigned char> const &))
169 00000000 SECT4F notype ()    External     | ??1?$_Vector_alloc@$0A@U?$_Vec_base_types@EV?$allocator@E@std@@@std@@@std@@QAE@XZ (public: __thiscall std::_Vector_alloc<0,struct std::_Vec_base_types<unsigned char,class std::allocator<unsigned char> > >::~_Vector_alloc<0,struct std::_Vec_base_types<unsigned char,class std::allocator<unsigned char> > >(void))
16A 00000000 SECT75 notype ()    External     | ?_Swap_alloc@?$_Vector_alloc@$0A@U?$_Vec_base_types@EV?$allocator@E@std@@@std@@@std@@QAEXAAV12@@Z (public: void __thiscall std::_Vector_alloc<0,struct std::_Vec_base_types<unsigned char,class std::allocator<unsigned char> > >::_Swap_alloc(class std::_Vector_alloc<0,struct std::_Vec_base_types<unsigned char,class std::allocator<unsigned char> > > &))
16B 00000000 SECT62 notype ()    External     | ?_Alloc_proxy@?$_Vector_alloc@$0A@U?$_Vec_base_types@EV?$allocator@E@std@@@std@@@std@@QAEXXZ (public: void __thiscall std::_Vector_alloc<0,struct std::_Vec_base_types<unsigned char,class std::allocator<unsigned char> > >::_Alloc_proxy(void))
16C 00000000 SECT67 notype ()    External     | ?_Free_proxy@?$_Vector_alloc@$0A@U?$_Vec_base_types@EV?$allocator@E@std@@@std@@@std@@QAEXXZ (public: void __thiscall std::_Vector_alloc<0,struct std::_Vec_base_types<unsigned char,class std::allocator<unsigned char> > >::_Free_proxy(void))
16D 00000000 SECT68 notype ()    External     | ?_Getal@?$_Vector_alloc@$0A@U?$_Vec_base_types@EV?$allocator@E@std@@@std@@@std@@QBE?AU?$_Wrap_alloc@V?$allocator@E@std@@@2@XZ (public: struct std::_Wrap_alloc<class std::allocator<unsigned char> > __thiscall std::_Vector_alloc<0,struct std::_Vec_base_types<unsigned char,class std::allocator<unsigned char> > >::_Getal(void)const )
16E 00000000 SECT45 notype ()    External     | ??0?$vector@EV?$allocator@E@std@@@std@@QAE@XZ (public: __thiscall std::vector<unsigned char,class std::allocator<unsigned char> >::vector<unsigned char,class std::allocator<unsigned char> >(void))
16F 00000000 SECT43 notype ()    External     | ??0?$vector@EV?$allocator@E@std@@@std@@QAE@ABV01@@Z (public: __thiscall std::vector<unsigned char,class std::allocator<unsigned char> >::vector<unsigned char,class std::allocator<unsigned char> >(class std::vector<unsigned char,class std::allocator<unsigned char> > const &))
170 00000000 SECT52 notype ()    External     | ??1?$vector@EV?$allocator@E@std@@@std@@QAE@XZ (public: __thiscall std::vector<unsigned char,class std::allocator<unsigned char> >::~vector<unsigned char,class std::allocator<unsigned char> >(void))
171 00000000 SECT7F notype ()    External     | ?capacity@?$vector@EV?$allocator@E@std@@@std@@QBEIXZ (public: unsigned int __thiscall std::vector<unsigned char,class std::allocator<unsigned char> >::capacity(void)const )
172 00000000 SECT78 notype ()    External     | ?_Unused_capacity@?$vector@EV?$allocator@E@std@@@std@@QBEIXZ (public: unsigned int __thiscall std::vector<unsigned char,class std::allocator<unsigned char> >::_Unused_capacity(void)const )
173 00000000 SECT7E notype ()    External     | ?begin@?$vector@EV?$allocator@E@std@@@std@@QBE?AV?$_Vector_const_iterator@V?$_Vector_val@U?$_Simple_types@E@std@@@std@@@2@XZ (public: class std::_Vector_const_iterator<class std::_Vector_val<struct std::_Simple_types<unsigned char> > > __thiscall std::vector<unsigned char,class std::allocator<unsigned char> >::begin(void)const )
174 00000000 SECT84 notype ()    External     | ?end@?$vector@EV?$allocator@E@std@@@std@@QBE?AV?$_Vector_const_iterator@V?$_Vector_val@U?$_Simple_types@E@std@@@std@@@2@XZ (public: class std::_Vector_const_iterator<class std::_Vector_val<struct std::_Simple_types<unsigned char> > > __thiscall std::vector<unsigned char,class std::allocator<unsigned char> >::end(void)const )
175 00000000 SECT89 notype ()    External     | ?resize@?$vector@EV?$allocator@E@std@@@std@@QAEXI@Z (public: void __thiscall std::vector<unsigned char,class std::allocator<unsigned char> >::resize(unsigned int))
176 00000000 SECT8E notype ()    External     | ?size@?$vector@EV?$allocator@E@std@@@std@@QBEIXZ (public: unsigned int __thiscall std::vector<unsigned char,class std::allocator<unsigned char> >::size(void)const )
177 00000000 SECT88 notype ()    External     | ?max_size@?$vector@EV?$allocator@E@std@@@std@@QBEIXZ (public: unsigned int __thiscall std::vector<unsigned char,class std::allocator<unsigned char> >::max_size(void)const )
178 00000000 SECT5B notype ()    External     | ??A?$vector@EV?$allocator@E@std@@@std@@QAEAAEI@Z (public: unsigned char & __thiscall std::vector<unsigned char,class std::allocator<unsigned char> >::operator[](unsigned int))
179 00000000 SECT70 notype ()    External     | ?_Pop_back_n@?$vector@EV?$allocator@E@std@@@std@@QAEXI@Z (public: void __thiscall std::vector<unsigned char,class std::allocator<unsigned char> >::_Pop_back_n(unsigned int))
17A 00000000 SECT8F notype ()    External     | ?swap@?$vector@EV?$allocator@E@std@@@std@@QAEXAAV12@@Z (public: void __thiscall std::vector<unsigned char,class std::allocator<unsigned char> >::swap(class std::vector<unsigned char,class std::allocator<unsigned char> > &))
17B 00000000 SECT63 notype ()    External     | ?_Buy@?$vector@EV?$allocator@E@std@@@std@@IAE_NI@Z (protected: bool __thiscall std::vector<unsigned char,class std::allocator<unsigned char> >::_Buy(unsigned int))
17C 00000000 SECT65 notype ()    External     | ?_Destroy@?$vector@EV?$allocator@E@std@@@std@@IAEXPAE0@Z (protected: void __thiscall std::vector<unsigned char,class std::allocator<unsigned char> >::_Destroy(unsigned char *,unsigned char *))
17D 00000000 SECT6B notype ()    External     | ?_Grow_to@?$vector@EV?$allocator@E@std@@@std@@IBEII@Z (protected: unsigned int __thiscall std::vector<unsigned char,class std::allocator<unsigned char> >::_Grow_to(unsigned int)const )
17E 00000000 SECT71 notype ()    External     | ?_Reallocate@?$vector@EV?$allocator@E@std@@@std@@IAEXI@Z (protected: void __thiscall std::vector<unsigned char,class std::allocator<unsigned char> >::_Reallocate(unsigned int))
17F 00000000 SECT73 notype ()    External     | ?_Reserve@?$vector@EV?$allocator@E@std@@@std@@IAEXI@Z (protected: void __thiscall std::vector<unsigned char,class std::allocator<unsigned char> >::_Reserve(unsigned int))
180 00000000 SECT76 notype ()    External     | ?_Tidy@?$vector@EV?$allocator@E@std@@@std@@IAEXXZ (protected: void __thiscall std::vector<unsigned char,class std::allocator<unsigned char> >::_Tidy(void))
181 00000000 SECT79 notype ()    External     | ?_Xlen@?$vector@EV?$allocator@E@std@@@std@@IBEXXZ (protected: void __thiscall std::vector<unsigned char,class std::allocator<unsigned char> >::_Xlen(void)const )
182 00000000 SECT6E notype ()    External     | ?_Orphan_range@?$vector@EV?$allocator@E@std@@@std@@IBEXPAE0@Z (protected: void __thiscall std::vector<unsigned char,class std::allocator<unsigned char> >::_Orphan_range(unsigned char *,unsigned char *)const )
183 00000000 SECT36 notype ()    External     | ??0?$_Iterator012@Urandom_access_iterator_tag@std@@EHPBEABEU_Iterator_base12@2@@std@@QAE@XZ (public: __thiscall std::_Iterator012<struct std::random_access_iterator_tag,unsigned char,int,unsigned char const *,unsigned char const &,struct std::_Iterator_base12>::_Iterator012<struct std::random_access_iterator_tag,unsigned char,int,unsigned char const *,unsigned char const &,struct std::_Iterator_base12>(void))
184 00000000 SECT4E notype ()    External     | ??1?$_Iterator012@Urandom_access_iterator_tag@std@@EHPBEABEU_Iterator_base12@2@@std@@QAE@XZ (public: __thiscall std::_Iterator012<struct std::random_access_iterator_tag,unsigned char,int,unsigned char const *,unsigned char const &,struct std::_Iterator_base12>::~_Iterator012<struct std::random_access_iterator_tag,unsigned char,int,unsigned char const *,unsigned char const &,struct std::_Iterator_base12>(void))
185 00000000 SECT35 notype ()    External     | ??0?$_Iterator012@Urandom_access_iterator_tag@std@@EHPBEABEU_Iterator_base12@2@@std@@QAE@ABU01@@Z (public: __thiscall std::_Iterator012<struct std::random_access_iterator_tag,unsigned char,int,unsigned char const *,unsigned char const &,struct std::_Iterator_base12>::_Iterator012<struct std::random_access_iterator_tag,unsigned char,int,unsigned char const *,unsigned char const &,struct std::_Iterator_base12>(struct std::_Iterator012<struct std::random_access_iterator_tag,unsigned char,int,unsigned char const *,unsigned char const &,struct std::_Iterator_base12> const &))
186 00000000 SECT3A notype ()    External     | ??0?$_Vector_const_iterator@V?$_Vector_val@U?$_Simple_types@E@std@@@std@@@std@@QAE@PAEPBU_Container_base12@1@@Z (public: __thiscall std::_Vector_const_iterator<class std::_Vector_val<struct std::_Simple_types<unsigned char> > >::_Vector_const_iterator<class std::_Vector_val<struct std::_Simple_types<unsigned char> > >(unsigned char *,struct std::_Container_base12 const *))
187 00000000 SECT77 notype ()    External     | ?_Unchecked@?$_Vector_const_iterator@V?$_Vector_val@U?$_Simple_types@E@std@@@std@@@std@@QBEPBEXZ (public: unsigned char const * __thiscall std::_Vector_const_iterator<class std::_Vector_val<struct std::_Simple_types<unsigned char> > >::_Unchecked(void)const )
188 00000000 SECT50 notype ()    External     | ??1?$_Vector_const_iterator@V?$_Vector_val@U?$_Simple_types@E@std@@@std@@@std@@QAE@XZ (public: __thiscall std::_Vector_const_iterator<class std::_Vector_val<struct std::_Simple_types<unsigned char> > >::~_Vector_const_iterator<class std::_Vector_val<struct std::_Simple_types<unsigned char> > >(void))
189 00000000 SECT39 notype ()    External     | ??0?$_Vector_const_iterator@V?$_Vector_val@U?$_Simple_types@E@std@@@std@@@std@@QAE@ABV01@@Z (public: __thiscall std::_Vector_const_iterator<class std::_Vector_val<struct std::_Simple_types<unsigned char> > >::_Vector_const_iterator<class std::_Vector_val<struct std::_Simple_types<unsigned char> > >(class std::_Vector_const_iterator<class std::_Vector_val<struct std::_Simple_types<unsigned char> > > const &))
18A 00000000 SECT1B notype ()    External     | ??$_Ucopy@V?$_Vector_const_iterator@V?$_Vector_val@U?$_Simple_types@E@std@@@std@@@std@@@?$vector@EV?$allocator@E@std@@@std@@IAEPAEV?$_Vector_const_iterator@V?$_Vector_val@U?$_Simple_types@E@std@@@std@@@1@0PAE@Z (protected: unsigned char * __thiscall std::vector<unsigned char,class std::allocator<unsigned char> >::_Ucopy<class std::_Vector_const_iterator<class std::_Vector_val<struct std::_Simple_types<unsigned char> > > >(class std::_Vector_const_iterator<class std::_Vector_val<struct std::_Simple_types<unsigned char> > >,class std::_Vector_const_iterator<class std::_Vector_val<struct std::_Simple_types<unsigned char> > >,unsigned char *))
18B 00000000 SECT28 notype ()    External     | ??$_Uninitialized_default_fill_n@PAEIU?$_Wrap_alloc@V?$allocator@E@std@@@std@@@std@@YAXPAEIAAU?$_Wrap_alloc@V?$allocator@E@std@@@0@@Z (void __cdecl std::_Uninitialized_default_fill_n<unsigned char *,unsigned int,struct std::_Wrap_alloc<class std::allocator<unsigned char> > >(unsigned char *,unsigned int,struct std::_Wrap_alloc<class std::allocator<unsigned char> > &))
18C 00000000 SECT7  notype ()    External     | ??$?8V?$allocator@E@std@@V01@@std@@YA_NABU?$_Wrap_alloc@V?$allocator@E@std@@@0@0@Z (bool __cdecl std::operator==<class std::allocator<unsigned char>,class std::allocator<unsigned char> >(struct std::_Wrap_alloc<class std::allocator<unsigned char> > const &,struct std::_Wrap_alloc<class std::allocator<unsigned char> > const &))
18D 00000000 SECT6  notype ()    External     | ??$?8EE@std@@YA_NABV?$allocator@E@0@0@Z (bool __cdecl std::operator==<unsigned char,unsigned char>(class std::allocator<unsigned char> const &,class std::allocator<unsigned char> const &))
18E 00000000 SECT19 notype ()    External     | ??$_Swap_adl@PAE@std@@YAXAAPAE0@Z (void __cdecl std::_Swap_adl<unsigned char *>(unsigned char * &,unsigned char * &))
18F 00000000 SECT1A notype ()    External     | ??$_Swap_adl@PAU_Container_proxy@std@@@std@@YAXAAPAU_Container_proxy@0@0@Z (void __cdecl std::_Swap_adl<struct std::_Container_proxy *>(struct std::_Container_proxy * &,struct std::_Container_proxy * &))
190 00000000 SECT10 notype ()    External     | ??$_Destroy_range@U?$_Wrap_alloc@V?$allocator@E@std@@@std@@@std@@YAXPAE0AAU?$_Wrap_alloc@V?$allocator@E@std@@@0@@Z (void __cdecl std::_Destroy_range<struct std::_Wrap_alloc<class std::allocator<unsigned char> > >(unsigned char *,unsigned char *,struct std::_Wrap_alloc<class std::allocator<unsigned char> > &))
191 00000000 SECT1D notype ()    External     | ??$_Umove@PAE@?$vector@EV?$allocator@E@std@@@std@@IAEPAEPAE00@Z (protected: unsigned char * __thiscall std::vector<unsigned char,class std::allocator<unsigned char> >::_Umove<unsigned char *>(unsigned char *,unsigned char *,unsigned char *))
192 00000000 SECT42 notype ()    External     | ??0?$allocator@U_Container_proxy@std@@@std@@QAE@XZ (public: __thiscall std::allocator<struct std::_Container_proxy>::allocator<struct std::_Container_proxy>(void))
193 00000000 SECT83 notype ()    External     | ?deallocate@?$allocator@U_Container_proxy@std@@@std@@QAEXPAU_Container_proxy@2@I@Z (public: void __thiscall std::allocator<struct std::_Container_proxy>::deallocate(struct std::_Container_proxy *,unsigned int))
194 00000000 SECT7D notype ()    External     | ?allocate@?$allocator@U_Container_proxy@std@@@std@@QAEPAU_Container_proxy@2@I@Z (public: struct std::_Container_proxy * __thiscall std::allocator<struct std::_Container_proxy>::allocate(unsigned int))
195 00000000 SECT3F notype ()    External     | ??0?$_Wrap_alloc@V?$allocator@U_Container_proxy@std@@@std@@@std@@QAE@XZ (public: __thiscall std::_Wrap_alloc<class std::allocator<struct std::_Container_proxy> >::_Wrap_alloc<class std::allocator<struct std::_Container_proxy> >(void))
196 00000000 SECT7B notype ()    External     | ?allocate@?$_Wrap_alloc@V?$allocator@U_Container_proxy@std@@@std@@@std@@QAEPAU_Container_proxy@2@I@Z (public: struct std::_Container_proxy * __thiscall std::_Wrap_alloc<class std::allocator<struct std::_Container_proxy> >::allocate(unsigned int))
197 00000000 SECT81 notype ()    External     | ?deallocate@?$_Wrap_alloc@V?$allocator@U_Container_proxy@std@@@std@@@std@@QAEXPAU_Container_proxy@2@I@Z (public: void __thiscall std::_Wrap_alloc<class std::allocator<struct std::_Container_proxy> >::deallocate(struct std::_Container_proxy *,unsigned int))
198 00000000 SECT2B notype ()    External     | ??$construct@U_Container_proxy@std@@U12@@?$_Wrap_alloc@V?$allocator@U_Container_proxy@std@@@std@@@std@@QAEXPAU_Container_proxy@1@$$QAU21@@Z (public: void __thiscall std::_Wrap_alloc<class std::allocator<struct std::_Container_proxy> >::construct<struct std::_Container_proxy,struct std::_Container_proxy>(struct std::_Container_proxy *,struct std::_Container_proxy &&))
199 00000000 SECT2F notype ()    External     | ??$destroy@U_Container_proxy@std@@@?$_Wrap_alloc@V?$allocator@U_Container_proxy@std@@@std@@@std@@QAEXPAU_Container_proxy@1@@Z (public: void __thiscall std::_Wrap_alloc<class std::allocator<struct std::_Container_proxy> >::destroy<struct std::_Container_proxy>(struct std::_Container_proxy *))
19A 00000000 SECT8  notype ()    External     | ??$_Allocate@E@std@@YAPAEIPAE@Z (unsigned char * __cdecl std::_Allocate<unsigned char>(unsigned int,unsigned char *))
19B 00000000 SECT9  notype ()    External     | ??$_Allocate@U_Container_proxy@std@@@std@@YAPAU_Container_proxy@0@IPAU10@@Z (struct std::_Container_proxy * __cdecl std::_Allocate<struct std::_Container_proxy>(unsigned int,struct std::_Container_proxy *))
19C 00000000 SECT26 notype ()    External     | ??$_Uninitialized_copy@V?$_Vector_const_iterator@V?$_Vector_val@U?$_Simple_types@E@std@@@std@@@std@@PAEU?$_Wrap_alloc@V?$allocator@E@std@@@2@@std@@YAPAEV?$_Vector_const_iterator@V?$_Vector_val@U?$_Simple_types@E@std@@@std@@@0@0PAEAAU?$_Wrap_alloc@V?$allocator@E@std@@@0@@Z (unsigned char * __cdecl std::_Uninitialized_copy<class std::_Vector_const_iterator<class std::_Vector_val<struct std::_Simple_types<unsigned char> > >,unsigned char *,struct std::_Wrap_alloc<class std::allocator<unsigned char> > >(class std::_Vector_const_iterator<class std::_Vector_val<struct std::_Simple_types<unsigned char> > >,class std::_Vector_const_iterator<class std::_Vector_val<struct std::_Simple_types<unsigned char> > >,unsigned char *,struct std::_Wrap_alloc<class std::allocator<unsigned char> > &))
19D 00000000 SECT2A notype ()    External     | ??$_Val_type@PAE@std@@YAPAEPAE@Z (unsigned char * __cdecl std::_Val_type<unsigned char *>(unsigned char *))
19E 00000000 SECT17 notype ()    External     | ??$_Ptr_cat@EE@std@@YA?AU_Scalar_ptr_iterator_tag@0@PBEPAE@Z (struct std::_Scalar_ptr_iterator_tag __cdecl std::_Ptr_cat<unsigned char,unsigned char>(unsigned char const *,unsigned char *))
19F 00000000 SECT16 notype ()    External     | ??$_Ptr_cat@EE@std@@YA?AU_Scalar_ptr_iterator_tag@0@PAE0@Z (struct std::_Scalar_ptr_iterator_tag __cdecl std::_Ptr_cat<unsigned char,unsigned char>(unsigned char *,unsigned char *))
1A0 00000000 SECT23 notype ()    External     | ??$_Uninit_def_fill_n@EIE@std@@YAXPAEIAAU?$_Wrap_alloc@V?$allocator@E@std@@@0@0U_Scalar_ptr_iterator_tag@0@@Z (void __cdecl std::_Uninit_def_fill_n<unsigned char,unsigned int,unsigned char>(unsigned char *,unsigned int,struct std::_Wrap_alloc<class std::allocator<unsigned char> > &,unsigned char *,struct std::_Scalar_ptr_iterator_tag))
1A1 00000000 SECT33 notype ()    External     | ??$swap@PAE@std@@YAXAAPAE0@Z (void __cdecl std::swap<unsigned char *>(unsigned char * &,unsigned char * &))
1A2 00000000 SECT34 notype ()    External     | ??$swap@PAU_Container_proxy@std@@@std@@YAXAAPAU_Container_proxy@0@0@Z (void __cdecl std::swap<struct std::_Container_proxy *>(struct std::_Container_proxy * &,struct std::_Container_proxy * &))
1A3 00000000 SECT11 notype ()    External     | ??$_Destroy_range@U?$_Wrap_alloc@V?$allocator@E@std@@@std@@@std@@YAXPAE0AAU?$_Wrap_alloc@V?$allocator@E@std@@@0@U_Scalar_ptr_iterator_tag@0@@Z (void __cdecl std::_Destroy_range<struct std::_Wrap_alloc<class std::allocator<unsigned char> > >(unsigned char *,unsigned char *,struct std::_Wrap_alloc<class std::allocator<unsigned char> > &,struct std::_Scalar_ptr_iterator_tag))
1A4 00000000 SECT29 notype ()    External     | ??$_Uninitialized_move@PAEPAEU?$_Wrap_alloc@V?$allocator@E@std@@@std@@@std@@YAPAEPAE00AAU?$_Wrap_alloc@V?$allocator@E@std@@@0@@Z (unsigned char * __cdecl std::_Uninitialized_move<unsigned char *,unsigned char *,struct std::_Wrap_alloc<class std::allocator<unsigned char> > >(unsigned char *,unsigned char *,unsigned char *,struct std::_Wrap_alloc<class std::allocator<unsigned char> > &))
1A5 00000000 SECT32 notype ()    External     | ??$forward@U_Container_proxy@std@@@std@@YA$$QAU_Container_proxy@0@AAU10@@Z (struct std::_Container_proxy && __cdecl std::forward<struct std::_Container_proxy>(struct std::_Container_proxy &))
1A6 00000000 SECT2E notype ()    External     | ??$construct@U_Container_proxy@std@@U12@@?$allocator_traits@V?$allocator@U_Container_proxy@std@@@std@@@std@@SAXAAV?$allocator@U_Container_proxy@std@@@1@PAU_Container_proxy@1@$$QAU31@@Z (public: static void __cdecl std::allocator_traits<class std::allocator<struct std::_Container_proxy> >::construct<struct std::_Container_proxy,struct std::_Container_proxy>(class std::allocator<struct std::_Container_proxy> &,struct std::_Container_proxy *,struct std::_Container_proxy &&))
1A7 00000000 SECT31 notype ()    External     | ??$destroy@U_Container_proxy@std@@@?$allocator_traits@V?$allocator@U_Container_proxy@std@@@std@@@std@@SAXAAV?$allocator@U_Container_proxy@std@@@1@PAU_Container_proxy@1@@Z (public: static void __cdecl std::allocator_traits<class std::allocator<struct std::_Container_proxy> >::destroy<struct std::_Container_proxy>(class std::allocator<struct std::_Container_proxy> &,struct std::_Container_proxy *))
1A8 00000000 SECT1F notype ()    External     | ??$_Unchecked@V?$_Vector_val@U?$_Simple_types@E@std@@@std@@@std@@YAPBEV?$_Vector_const_iterator@V?$_Vector_val@U?$_Simple_types@E@std@@@std@@@0@@Z (unsigned char const * __cdecl std::_Unchecked<class std::_Vector_val<struct std::_Simple_types<unsigned char> > >(class std::_Vector_const_iterator<class std::_Vector_val<struct std::_Simple_types<unsigned char> > >))
1A9 00000000 SECT1E notype ()    External     | ??$_Unchecked@PAE@std@@YAPAEPAE@Z (unsigned char * __cdecl std::_Unchecked<unsigned char *>(unsigned char *))
1AA 00000000 SECT22 notype ()    External     | ??$_Uninit_copy@PBEPAEU?$_Wrap_alloc@V?$allocator@E@std@@@std@@@std@@YAPAEPBE0PAEAAU?$_Wrap_alloc@V?$allocator@E@std@@@0@@Z (unsigned char * __cdecl std::_Uninit_copy<unsigned char const *,unsigned char *,struct std::_Wrap_alloc<class std::allocator<unsigned char> > >(unsigned char const *,unsigned char const *,unsigned char *,struct std::_Wrap_alloc<class std::allocator<unsigned char> > &))
1AB 00000000 SECT18 notype ()    External     | ??$_Rechecked@PAEPAE@std@@YAAAPAEAAPAEPAE@Z (unsigned char * & __cdecl std::_Rechecked<unsigned char *,unsigned char *>(unsigned char * &,unsigned char *))
1AC 00000000 SECT14 notype ()    External     | ??$_Move@AAPAE@std@@YA$$QAPAEAAPAE@Z (unsigned char * && __cdecl std::_Move<unsigned char * &>(unsigned char * &))
1AD 00000000 SECT15 notype ()    External     | ??$_Move@AAPAU_Container_proxy@std@@@std@@YA$$QAPAU_Container_proxy@0@AAPAU10@@Z (struct std::_Container_proxy * && __cdecl std::_Move<struct std::_Container_proxy * &>(struct std::_Container_proxy * &))
1AE 00000000 SECT25 notype ()    External     | ??$_Uninit_move@PAEPAEU?$_Wrap_alloc@V?$allocator@E@std@@@std@@@std@@YAPAEPAE00AAU?$_Wrap_alloc@V?$allocator@E@std@@@0@@Z (unsigned char * __cdecl std::_Uninit_move<unsigned char *,unsigned char *,struct std::_Wrap_alloc<class std::allocator<unsigned char> > >(unsigned char *,unsigned char *,unsigned char *,struct std::_Wrap_alloc<class std::allocator<unsigned char> > &))
1AF 00000000 SECT2C notype ()    External     | ??$construct@U_Container_proxy@std@@U12@@?$allocator@U_Container_proxy@std@@@std@@QAEXPAU_Container_proxy@1@$$QAU21@@Z (public: void __thiscall std::allocator<struct std::_Container_proxy>::construct<struct std::_Container_proxy,struct std::_Container_proxy>(struct std::_Container_proxy *,struct std::_Container_proxy &&))
1B0 00000000 SECT30 notype ()    External     | ??$destroy@U_Container_proxy@std@@@?$allocator@U_Container_proxy@std@@@std@@QAEXPAU_Container_proxy@1@@Z (public: void __thiscall std::allocator<struct std::_Container_proxy>::destroy<struct std::_Container_proxy>(struct std::_Container_proxy *))
1B1 00000000 SECT21 notype ()    External     | ??$_Uninit_copy@$$CBEE@std@@YAPAEPBE0PAEAAU?$_Wrap_alloc@V?$allocator@E@std@@@0@U_Scalar_ptr_iterator_tag@0@@Z (unsigned char * __cdecl std::_Uninit_copy<unsigned char const ,unsigned char>(unsigned char const *,unsigned char const *,unsigned char *,struct std::_Wrap_alloc<class std::allocator<unsigned char> > &,struct std::_Scalar_ptr_iterator_tag))
1B2 00000000 SECT24 notype ()    External     | ??$_Uninit_move@EEE@std@@YAPAEPAE00AAU?$_Wrap_alloc@V?$allocator@E@std@@@0@0U_Scalar_ptr_iterator_tag@0@@Z (unsigned char * __cdecl std::_Uninit_move<unsigned char,unsigned char,unsigned char>(unsigned char *,unsigned char *,unsigned char *,struct std::_Wrap_alloc<class std::allocator<unsigned char> > &,unsigned char *,struct std::_Scalar_ptr_iterator_tag))
1B3 00000000 SECTF  notype ()    External     | ??$_Debug_range@PBE@std@@YAXPBE0PB_WI@Z (void __cdecl std::_Debug_range<unsigned char const *>(unsigned char const *,unsigned char const *,wchar_t const *,unsigned int))
1B4 00000000 SECTA  notype ()    External     | ??$_Debug_pointer@E@std@@YAXPAEPB_WI@Z (void __cdecl std::_Debug_pointer<unsigned char>(unsigned char *,wchar_t const *,unsigned int))
1B5 00000000 SECTB  notype ()    External     | ??$_Debug_pointer@E@std@@YAXPBEPB_WI@Z (void __cdecl std::_Debug_pointer<unsigned char>(unsigned char const *,wchar_t const *,unsigned int))
1B6 00000000 SECTE  notype ()    External     | ??$_Debug_range@PAE@std@@YAXPAE0PB_WI@Z (void __cdecl std::_Debug_range<unsigned char *>(unsigned char *,unsigned char *,wchar_t const *,unsigned int))
1B7 00000000 SECT13 notype ()    External     | ??$_Iter_cat@PBE@std@@YA?AUrandom_access_iterator_tag@0@ABQBE@Z (struct std::random_access_iterator_tag __cdecl std::_Iter_cat<unsigned char const *>(unsigned char const * const &))
1B8 00000000 SECTD  notype ()    External     | ??$_Debug_range2@PBE@std@@YAXPBE0PB_WIUrandom_access_iterator_tag@0@@Z (void __cdecl std::_Debug_range2<unsigned char const *>(unsigned char const *,unsigned char const *,wchar_t const *,unsigned int,struct std::random_access_iterator_tag))
1B9 00000000 SECT12 notype ()    External     | ??$_Iter_cat@PAE@std@@YA?AUrandom_access_iterator_tag@0@ABQAE@Z (struct std::random_access_iterator_tag __cdecl std::_Iter_cat<unsigned char *>(unsigned char * const &))
1BA 00000000 SECTC  notype ()    External     | ??$_Debug_range2@PAE@std@@YAXPAE0PB_WIUrandom_access_iterator_tag@0@@Z (void __cdecl std::_Debug_range2<unsigned char *>(unsigned char *,unsigned char *,wchar_t const *,unsigned int,struct std::random_access_iterator_tag))
1BB 00000000 UNDEF  notype ()    External     | @__security_check_cookie@4
1BC 00000000 UNDEF  notype ()    External     | __CxxThrowException@8
1BD 00000000 UNDEF  notype ()    External     | ___CxxFrameHandler3
1BE 00000008 SECT5A notype ()    Static       | __ehhandler$??4_Iterator_base12@std@@QAEAAU01@ABU01@@Z
1BF 00000000 SECT91 notype       Static       | .sxdata
    Section length   38, #relocs    0, #linenums    0, checksum 9A2A7888
1C1 00000000 SECT5A notype ()    Static       | __unwindfunclet$??4_Iterator_base12@std@@QAEAAU01@ABU01@@Z$0
1C2 00000010 SECT61 notype ()    Static       | __ehhandler$?_Adopt@_Iterator_base12@std@@QAEXPBU_Container_base12@2@@Z
1C3 00000000 SECT61 notype ()    Static       | __unwindfunclet$?_Adopt@_Iterator_base12@std@@QAEXPBU_Container_base12@2@@Z$0
1C4 00000008 SECT61 notype ()    Static       | __unwindfunclet$?_Adopt@_Iterator_base12@std@@QAEXPBU_Container_base12@2@@Z$1
1C5 00000008 SECT5  notype ()    Static       | __ehhandler$??0BufferUpload@MilesHost@@QAE@II@Z
1C6 00000000 SECT5  notype ()    Static       | __unwindfunclet$??0BufferUpload@MilesHost@@QAE@II@Z$0
1C7 0000002B SECT5  notype ()    Static       | __ehhandler$?copySealed@BufferUpload@MilesHost@@QBE_NAAV?$vector@EV?$allocator@E@std@@@std@@@Z
1C8 00000023 SECT5  notype ()    Static       | __unwindfunclet$?copySealed@BufferUpload@MilesHost@@QBE_NAAV?$vector@EV?$allocator@E@std@@@std@@@Z$0
1C9 00000008 SECT38 notype ()    Static       | __ehhandler$??0?$_Vector_alloc@$0A@U?$_Vec_base_types@EV?$allocator@E@std@@@std@@@std@@QAE@ABV?$allocator@E@1@@Z
1CA 00000000 SECT38 notype ()    Static       | __unwindfunclet$??0?$_Vector_alloc@$0A@U?$_Vec_base_types@EV?$allocator@E@std@@@std@@@std@@QAE@ABV?$allocator@E@1@@Z$0
1CB 00000008 SECT44 notype ()    Static       | __ehhandler$??0?$vector@EV?$allocator@E@std@@@std@@QAE@ABV01@@Z
1CC 000000B7 SECT43 notype ()    Static       | __catch$??0?$vector@EV?$allocator@E@std@@@std@@QAE@ABV01@@Z$0
1CD 000000D7 SECT43 notype       Label        | $LN11
1CE 00000000 SECT44 notype ()    Static       | __unwindfunclet$??0?$vector@EV?$allocator@E@std@@@std@@QAE@ABV01@@Z$2
1CF 00000000 SECT8A notype ()    Static       | __ehhandler$?resize@?$vector@EV?$allocator@E@std@@@std@@QAEXI@Z
1D0 000000B2 SECT89 notype ()    Static       | __catch$?resize@?$vector@EV?$allocator@E@std@@@std@@QAEXI@Z$0
1D1 000000D2 SECT89 notype       Label        | $LN10
1D2 00000000 SECT72 notype ()    Static       | __ehhandler$?_Reallocate@?$vector@EV?$allocator@E@std@@@std@@IAEXI@Z
1D3 0000006C SECT71 notype ()    Static       | __catch$?_Reallocate@?$vector@EV?$allocator@E@std@@@std@@IAEXI@Z$0
1D4 0000009F SECT71 notype       Label        | $LN8
1D5 00000008 SECT6F notype ()    Static       | __ehhandler$?_Orphan_range@?$vector@EV?$allocator@E@std@@@std@@IBEXPAE0@Z
1D6 00000000 SECT6F notype ()    Static       | __unwindfunclet$?_Orphan_range@?$vector@EV?$allocator@E@std@@@std@@IBEXPAE0@Z$0
1D7 00000008 SECT3B notype ()    Static       | __ehhandler$??0?$_Vector_const_iterator@V?$_Vector_val@U?$_Simple_types@E@std@@@std@@@std@@QAE@PAEPBU_Container_base12@1@@Z
1D8 00000000 SECT3B notype ()    Static       | __unwindfunclet$??0?$_Vector_const_iterator@V?$_Vector_val@U?$_Simple_types@E@std@@@std@@@std@@QAE@PAEPBU_Container_base12@1@@Z$0
1D9 00000018 SECT1C notype ()    Static       | __ehhandler$??$_Ucopy@V?$_Vector_const_iterator@V?$_Vector_val@U?$_Simple_types@E@std@@@std@@@std@@@?$vector@EV?$allocator@E@std@@@std@@IAEPAEV?$_Vector_const_iterator@V?$_Vector_val@U?$_Simple_types@E@std@@@std@@@1@0PAE@Z
1DA 00000000 SECT1C notype ()    Static       | __unwindfunclet$??$_Ucopy@V?$_Vector_const_iterator@V?$_Vector_val@U?$_Simple_types@E@std@@@std@@@std@@@?$vector@EV?$allocator@E@std@@@std@@IAEPAEV?$_Vector_const_iterator@V?$_Vector_val@U?$_Simple_types@E@std@@@std@@@1@0PAE@Z$0
1DB 00000008 SECT1C notype ()    Static       | __unwindfunclet$??$_Ucopy@V?$_Vector_const_iterator@V?$_Vector_val@U?$_Simple_types@E@std@@@std@@@std@@@?$vector@EV?$allocator@E@std@@@std@@IAEPAEV?$_Vector_const_iterator@V?$_Vector_val@U?$_Simple_types@E@std@@@std@@@1@0PAE@Z$1
1DC 00000010 SECT1C notype ()    Static       | __unwindfunclet$??$_Ucopy@V?$_Vector_const_iterator@V?$_Vector_val@U?$_Simple_types@E@std@@@std@@@std@@@?$vector@EV?$allocator@E@std@@@std@@IAEPAEV?$_Vector_const_iterator@V?$_Vector_val@U?$_Simple_types@E@std@@@std@@@1@0PAE@Z$2
1DD 00000010 SECT27 notype ()    Static       | __ehhandler$??$_Uninitialized_copy@V?$_Vector_const_iterator@V?$_Vector_val@U?$_Simple_types@E@std@@@std@@@std@@PAEU?$_Wrap_alloc@V?$allocator@E@std@@@2@@std@@YAPAEV?$_Vector_const_iterator@V?$_Vector_val@U?$_Simple_types@E@std@@@std@@@0@0PAEAAU?$_Wrap_alloc@V?$allocator@E@std@@@0@@Z
1DE 00000000 SECT27 notype ()    Static       | __unwindfunclet$??$_Uninitialized_copy@V?$_Vector_const_iterator@V?$_Vector_val@U?$_Simple_types@E@std@@@std@@@std@@PAEU?$_Wrap_alloc@V?$allocator@E@std@@@2@@std@@YAPAEV?$_Vector_const_iterator@V?$_Vector_val@U?$_Simple_types@E@std@@@std@@@0@0PAEAAU?$_Wrap_alloc@V?$allocator@E@std@@@0@@Z$0
1DF 00000008 SECT27 notype ()    Static       | __unwindfunclet$??$_Uninitialized_copy@V?$_Vector_const_iterator@V?$_Vector_val@U?$_Simple_types@E@std@@@std@@@std@@PAEU?$_Wrap_alloc@V?$allocator@E@std@@@2@@std@@YAPAEV?$_Vector_const_iterator@V?$_Vector_val@U?$_Simple_types@E@std@@@std@@@0@0PAEAAU?$_Wrap_alloc@V?$allocator@E@std@@@0@@Z$1
1E0 00000008 SECT20 notype ()    Static       | __ehhandler$??$_Unchecked@V?$_Vector_val@U?$_Simple_types@E@std@@@std@@@std@@YAPBEV?$_Vector_const_iterator@V?$_Vector_val@U?$_Simple_types@E@std@@@std@@@0@@Z
1E1 00000000 SECT20 notype ()    Static       | __unwindfunclet$??$_Unchecked@V?$_Vector_val@U?$_Simple_types@E@std@@@std@@@std@@YAPBEV?$_Vector_const_iterator@V?$_Vector_val@U?$_Simple_types@E@std@@@std@@@0@@Z$0
1E2 00000011 SECT2D notype ()    Static       | __ehhandler$??$construct@U_Container_proxy@std@@U12@@?$allocator@U_Container_proxy@std@@@std@@QAEXPAU_Container_proxy@1@$$QAU21@@Z
1E3 00000000 SECT2D notype ()    Static       | __unwindfunclet$??$construct@U_Container_proxy@std@@U12@@?$allocator@U_Container_proxy@std@@@std@@QAEXPAU_Container_proxy@1@$$QAU21@@Z$0
1E4 00000000 SECT92 notype       Static       | .xdata$x
    Section length   2C, #relocs    2, #linenums    0, checksum A7F7E1EC, selection    5 (pick associative Section 0x59)
1E6 00000008 SECT92 notype       Static       | __ehfuncinfo$??4_Iterator_base12@std@@QAEAAU01@ABU01@@Z
1E7 00000000 SECT92 notype       Static       | __unwindtable$??4_Iterator_base12@std@@QAEAAU01@ABU01@@Z
1E8 00000000 SECT93 notype       Static       | .xdata$x
    Section length   34, #relocs    3, #linenums    0, checksum 5D3C191C, selection    5 (pick associative Section 0x60)
1EA 00000010 SECT93 notype       Static       | __ehfuncinfo$?_Adopt@_Iterator_base12@std@@QAEXPBU_Container_base12@2@@Z
1EB 00000000 SECT93 notype       Static       | __unwindtable$?_Adopt@_Iterator_base12@std@@QAEXPBU_Container_base12@2@@Z
1EC 00000000 SECT94 notype       Static       | .xdata$x
    Section length   58, #relocs    4, #linenums    0, checksum 1D921BD8
1EE 00000034 SECT94 notype       Static       | __ehfuncinfo$??0BufferUpload@MilesHost@@QAE@II@Z
1EF 00000008 SECT94 notype       Static       | __unwindtable$??0BufferUpload@MilesHost@@QAE@II@Z
1F0 00000010 SECT94 notype       Static       | __ehfuncinfo$?copySealed@BufferUpload@MilesHost@@QBE_NAAV?$vector@EV?$allocator@E@std@@@std@@@Z
1F1 00000000 SECT94 notype       Static       | __unwindtable$?copySealed@BufferUpload@MilesHost@@QBE_NAAV?$vector@EV?$allocator@E@std@@@std@@@Z
1F2 00000000 SECT95 notype       Static       | .xdata$x
    Section length   2C, #relocs    2, #linenums    0, checksum A7F7E1EC, selection    5 (pick associative Section 0x37)
1F4 00000008 SECT95 notype       Static       | __ehfuncinfo$??0?$_Vector_alloc@$0A@U?$_Vec_base_types@EV?$allocator@E@std@@@std@@@std@@QAE@ABV?$allocator@E@1@@Z
1F5 00000000 SECT95 notype       Static       | __unwindtable$??0?$_Vector_alloc@$0A@U?$_Vec_base_types@EV?$allocator@E@std@@@std@@@std@@QAE@ABV?$allocator@E@1@@Z
1F6 00000000 SECT96 notype       Static       | .xdata$x
    Section length   60, #relocs    5, #linenums    0, checksum F086F6C1, selection    5 (pick associative Section 0x43)
1F8 0000003C SECT96 notype       Static       | __ehfuncinfo$??0?$vector@EV?$allocator@E@std@@@std@@QAE@ABV01@@Z
1F9 00000024 SECT96 notype       Static       | __unwindtable$??0?$vector@EV?$allocator@E@std@@@std@@QAE@ABV01@@Z
1FA 00000010 SECT96 notype       Static       | __tryblocktable$??0?$vector@EV?$allocator@E@std@@@std@@QAE@ABV01@@Z
1FB 00000000 SECT96 notype       Static       | __catchsym$??0?$vector@EV?$allocator@E@std@@@std@@QAE@ABV01@@Z$5
1FC 00000000 SECT97 notype       Static       | .xdata$x
    Section length   58, #relocs    4, #linenums    0, checksum D5BF5650, selection    5 (pick associative Section 0x89)
1FE 00000034 SECT97 notype       Static       | __ehfuncinfo$?resize@?$vector@EV?$allocator@E@std@@@std@@QAEXI@Z
1FF 00000010 SECT97 notype       Static       | __unwindtable$?resize@?$vector@EV?$allocator@E@std@@@std@@QAEXI@Z
200 00000020 SECT97 notype       Static       | __tryblocktable$?resize@?$vector@EV?$allocator@E@std@@@std@@QAEXI@Z
201 00000000 SECT97 notype       Static       | __catchsym$?resize@?$vector@EV?$allocator@E@std@@@std@@QAEXI@Z$2
202 00000000 SECT98 notype       Static       | .xdata$x
    Section length   58, #relocs    4, #linenums    0, checksum D5BF5650, selection    5 (pick associative Section 0x71)
204 00000034 SECT98 notype       Static       | __ehfuncinfo$?_Reallocate@?$vector@EV?$allocator@E@std@@@std@@IAEXI@Z
205 00000010 SECT98 notype       Static       | __unwindtable$?_Reallocate@?$vector@EV?$allocator@E@std@@@std@@IAEXI@Z
206 00000020 SECT98 notype       Static       | __tryblocktable$?_Reallocate@?$vector@EV?$allocator@E@std@@@std@@IAEXI@Z
207 00000000 SECT98 notype       Static       | __catchsym$?_Reallocate@?$vector@EV?$allocator@E@std@@@std@@IAEXI@Z$2
208 00000000 SECT99 notype       Static       | .xdata$x
    Section length   2C, #relocs    2, #linenums    0, checksum A7F7E1EC, selection    5 (pick associative Section 0x6E)
20A 00000008 SECT99 notype       Static       | __ehfuncinfo$?_Orphan_range@?$vector@EV?$allocator@E@std@@@std@@IBEXPAE0@Z
20B 00000000 SECT99 notype       Static       | __unwindtable$?_Orphan_range@?$vector@EV?$allocator@E@std@@@std@@IBEXPAE0@Z
20C 00000000 SECT9A notype       Static       | .xdata$x
    Section length   2C, #relocs    2, #linenums    0, checksum A7F7E1EC, selection    5 (pick associative Section 0x3A)
20E 00000008 SECT9A notype       Static       | __ehfuncinfo$??0?$_Vector_const_iterator@V?$_Vector_val@U?$_Simple_types@E@std@@@std@@@std@@QAE@PAEPBU_Container_base12@1@@Z
20F 00000000 SECT9A notype       Static       | __unwindtable$??0?$_Vector_const_iterator@V?$_Vector_val@U?$_Simple_types@E@std@@@std@@@std@@QAE@PAEPBU_Container_base12@1@@Z
210 00000000 SECT9B notype       Static       | .xdata$x
    Section length   3C, #relocs    4, #linenums    0, checksum 322C3B8F, selection    5 (pick associative Section 0x1B)
212 00000018 SECT9B notype       Static       | __ehfuncinfo$??$_Ucopy@V?$_Vector_const_iterator@V?$_Vector_val@U?$_Simple_types@E@std@@@std@@@std@@@?$vector@EV?$allocator@E@std@@@std@@IAEPAEV?$_Vector_const_iterator@V?$_Vector_val@U?$_Simple_types@E@std@@@std@@@1@0PAE@Z
213 00000000 SECT9B notype       Static       | __unwindtable$??$_Ucopy@V?$_Vector_const_iterator@V?$_Vector_val@U?$_Simple_types@E@std@@@std@@@std@@@?$vector@EV?$allocator@E@std@@@std@@IAEPAEV?$_Vector_const_iterator@V?$_Vector_val@U?$_Simple_types@E@std@@@std@@@1@0PAE@Z
214 00000000 SECT9C notype       Static       | .xdata$x
    Section length   34, #relocs    3, #linenums    0, checksum 21E780FF, selection    5 (pick associative Section 0x26)
216 00000010 SECT9C notype       Static       | __ehfuncinfo$??$_Uninitialized_copy@V?$_Vector_const_iterator@V?$_Vector_val@U?$_Simple_types@E@std@@@std@@@std@@PAEU?$_Wrap_alloc@V?$allocator@E@std@@@2@@std@@YAPAEV?$_Vector_const_iterator@V?$_Vector_val@U?$_Simple_types@E@std@@@std@@@0@0PAEAAU?$_Wrap_alloc@V?$allocator@E@std@@@0@@Z
217 00000000 SECT9C notype       Static       | __unwindtable$??$_Uninitialized_copy@V?$_Vector_const_iterator@V?$_Vector_val@U?$_Simple_types@E@std@@@std@@@std@@PAEU?$_Wrap_alloc@V?$allocator@E@std@@@2@@std@@YAPAEV?$_Vector_const_iterator@V?$_Vector_val@U?$_Simple_types@E@std@@@std@@@0@0PAEAAU?$_Wrap_alloc@V?$allocator@E@std@@@0@@Z
218 00000000 SECT9D notype       Static       | .xdata$x
    Section length   2C, #relocs    2, #linenums    0, checksum A7F7E1EC, selection    5 (pick associative Section 0x1F)
21A 00000008 SECT9D notype       Static       | __ehfuncinfo$??$_Unchecked@V?$_Vector_val@U?$_Simple_types@E@std@@@std@@@std@@YAPBEV?$_Vector_const_iterator@V?$_Vector_val@U?$_Simple_types@E@std@@@std@@@0@@Z
21B 00000000 SECT9D notype       Static       | __unwindtable$??$_Unchecked@V?$_Vector_val@U?$_Simple_types@E@std@@@std@@@std@@YAPBEV?$_Vector_const_iterator@V?$_Vector_val@U?$_Simple_types@E@std@@@std@@@0@@Z
21C 00000000 SECT9E notype       Static       | .xdata$x
    Section length   2C, #relocs    2, #linenums    0, checksum A7F7E1EC, selection    5 (pick associative Section 0x2C)
21E 00000008 SECT9E notype       Static       | __ehfuncinfo$??$construct@U_Container_proxy@std@@U12@@?$allocator@U_Container_proxy@std@@@std@@QAEXPAU_Container_proxy@1@$$QAU21@@Z
21F 00000000 SECT9E notype       Static       | __unwindtable$??$construct@U_Container_proxy@std@@U12@@?$allocator@U_Container_proxy@std@@@std@@QAEXPAU_Container_proxy@1@$$QAU21@@Z
220 00000000 SECT9F notype       Static       | .bss
    Section length    2, #relocs    0, #linenums    0, checksum        0
222 00000001 SECT9F notype       Static       | _piecewise_construct
223 00000000 SECTA0 notype       Static       | .rdata
    Section length   90, #relocs    0, #linenums    0, checksum D4D3A252, selection    2 (pick any)
225 00000000 SECTA0 notype       External     | ??_C@_1JA@FLCGFIDB@?$AAC?$AA?3?$AA?2?$AAP?$AAr?$AAo?$AAg?$AAr?$AAa?$AAm?$AA?5?$AAF?$AAi?$AAl?$AAe?$AAs?$AA?5?$AA?$CI?$AAx?$AA8?$AA6?$AA?$CJ?$AA?2?$AAM?$AAi?$AAc?$AAr?$AAo?$AAs?$AAo?$AAf?$AAt@ (`string')
226 00000000 SECTA1 notype       Static       | .rdata
    Section length   32, #relocs    0, #linenums    0, checksum 1E9022EF, selection    2 (pick any)
228 00000000 SECTA1 notype       External     | ??_C@_1DC@POOIKBAO@?$AAI?$AAT?$AAE?$AAR?$AAA?$AAT?$AAO?$AAR?$AA?5?$AAL?$AAI?$AAS?$AAT?$AA?5?$AAC?$AAO?$AAR?$AAR?$AAU?$AAP?$AAT?$AAE?$AAD?$AA?$CB?$AA?$AA@ (`string')
229 00000000 SECT9F notype       Static       | _allocator_arg
22A 00000000 SECTA2 notype       Static       | .rdata
    Section length    C, #relocs    3, #linenums    0, checksum        0, selection    6 (pick largest)
22C 00000004 SECTA2 notype       External     | ??_7logic_error@std@@6B@ (const std::logic_error::`vftable')
22D 00000000 SECTA3 notype       Static       | .rdata
    Section length    C, #relocs    3, #linenums    0, checksum        0, selection    6 (pick largest)
22F 00000004 SECTA3 notype       External     | ??_7out_of_range@std@@6B@ (const std::out_of_range::`vftable')
230 00000000 SECTA4 notype       Static       | .xdata$x
    Section length   10, #relocs    2, #linenums    0, checksum        0, selection    2 (pick any)
232 00000000 SECTA4 notype       External     | __TI3?AVout_of_range@std@@
233 00000000 SECTA5 notype       Static       | .xdata$x
    Section length   10, #relocs    3, #linenums    0, checksum 29C8B4F2, selection    2 (pick any)
235 00000000 SECTA5 notype       External     | __CTA3?AVout_of_range@std@@
236 00000000 SECTA6 notype       Static       | .data$r
    Section length   1F, #relocs    1, #linenums    0, checksum F7DB74FF, selection    2 (pick any)
238 00000000 SECTA6 notype       External     | ??_R0?AVout_of_range@std@@@8 (class std::out_of_range `RTTI Type Descriptor')
239 00000000 SECTA7 notype       Static       | .xdata$x
    Section length   1C, #relocs    2, #linenums    0, checksum 44EBA1E5, selection    2 (pick any)
23B 00000000 SECTA7 notype       External     | __CT??_R0?AVout_of_range@std@@@8??0out_of_range@std@@QAE@ABV01@@Z12
23C 00000000 SECTA8 notype       Static       | .data$r
    Section length   1E, #relocs    1, #linenums    0, checksum 581E38EE, selection    2 (pick any)
23E 00000000 SECTA8 notype       External     | ??_R0?AVlogic_error@std@@@8 (class std::logic_error `RTTI Type Descriptor')
23F 00000000 SECTA9 notype       Static       | .xdata$x
    Section length   1C, #relocs    2, #linenums    0, checksum 44EBA1E5, selection    2 (pick any)
241 00000000 SECTA9 notype       External     | __CT??_R0?AVlogic_error@std@@@8??0logic_error@std@@QAE@ABV01@@Z12
242 00000000 SECTAA notype       Static       | .data$r
    Section length   1C, #relocs    1, #linenums    0, checksum 54BC55F2, selection    2 (pick any)
244 00000000 SECTAA notype       External     | ??_R0?AVexception@std@@@8 (class std::exception `RTTI Type Descriptor')
245 00000000 SECTAB notype       Static       | .xdata$x
    Section length   1C, #relocs    2, #linenums    0, checksum 44EBA1E5, selection    2 (pick any)
247 00000000 SECTAB notype       External     | __CT??_R0?AVexception@std@@@8??0exception@std@@QAE@ABV01@@Z12
248 00000000 UNDEF  notype       External     | ??_7type_info@@6B@ (const type_info::`vftable')
249 00000000 SECTAC notype       Static       | .rdata
    Section length   8C, #relocs    0, #linenums    0, checksum 101D7482, selection    2 (pick any)
24B 00000000 SECTAC notype       External     | ??_C@_1IM@CBJFJAOD@?$AAC?$AA?3?$AA?2?$AAP?$AAr?$AAo?$AAg?$AAr?$AAa?$AAm?$AA?5?$AAF?$AAi?$AAl?$AAe?$AAs?$AA?5?$AA?$CI?$AAx?$AA8?$AA6?$AA?$CJ?$AA?2?$AAM?$AAi?$AAc?$AAr?$AAo?$AAs?$AAo?$AAf?$AAt@ (`string')
24C 00000000 SECTAD notype       Static       | .rdata
    Section length   3C, #relocs    0, #linenums    0, checksum 4C8F04E7, selection    2 (pick any)
24E 00000000 SECTAD notype       External     | ??_C@_1DM@LHGCHCBA@?$AAv?$AAe?$AAc?$AAt?$AAo?$AAr?$AA?5?$AAs?$AAu?$AAb?$AAs?$AAc?$AAr?$AAi?$AAp?$AAt?$AA?5?$AAo?$AAu?$AAt?$AA?5?$AAo?$AAf?$AA?5?$AAr?$AAa?$AAn?$AAg?$AAe?$AA?$AA@ (`string')
24F 00000000 SECTAE notype       Static       | .rdata
    Section length   24, #relocs    0, #linenums    0, checksum 70812DE6, selection    2 (pick any)
251 00000000 SECTAE notype       External     | ??_C@_0CE@OFMIGAMM@Standard?5C?$CL?$CL?5Libraries?5Out?5of?5Ra@ (`string')
252 00000000 SECTAF notype       Static       | .rdata
    Section length   56, #relocs    0, #linenums    0, checksum 8F83C987, selection    2 (pick any)
254 00000000 SECTAF notype       External     | ??_C@_1FG@IBPIFFN@?$AA?$CC?$AAS?$AAt?$AAa?$AAn?$AAd?$AAa?$AAr?$AAd?$AA?5?$AAC?$AA?$CL?$AA?$CL?$AA?5?$AAL?$AAi?$AAb?$AAr?$AAa?$AAr?$AAi?$AAe?$AAs?$AA?5?$AAO?$AAu?$AAt?$AA?5?$AAo?$AAf?$AA?5?$AAR@ (`string')
255 00000000 SECTB0 notype       Static       | .rdata
    Section length    6, #relocs    0, #linenums    0, checksum 2EEB9BF7, selection    2 (pick any)
257 00000000 SECTB0 notype       External     | ??_C@_15GANGMFKL@?$AA?$CF?$AAs?$AA?$AA@ (`string')
258 00000000 SECTB1 notype       Static       | .rdata
    Section length   9A, #relocs    0, #linenums    0, checksum  AF8719D, selection    2 (pick any)
25A 00000000 SECTB1 notype       External     | ??_C@_1JK@PKCFAHNP@?$AAs?$AAt?$AAd?$AA?3?$AA?3?$AAv?$AAe?$AAc?$AAt?$AAo?$AAr?$AA?$DM?$AAu?$AAn?$AAs?$AAi?$AAg?$AAn?$AAe?$AAd?$AA?5?$AAc?$AAh?$AAa?$AAr?$AA?0?$AAc?$AAl?$AAa?$AAs?$AAs?$AA?5@ (`string')
25B 00000000 SECTB2 notype       Static       | .rdata
    Section length   1E, #relocs    0, #linenums    0, checksum F3B436A4, selection    2 (pick any)
25D 00000000 SECTB2 notype       External     | ??_C@_1BO@MEPPHOO@?$AA?$CC?$AAo?$AAu?$AAt?$AA?5?$AAo?$AAf?$AA?5?$AAr?$AAa?$AAn?$AAg?$AAe?$AA?$CC?$AA?$AA@ (`string')
25E 00000000 SECTB3 notype       Static       | .rdata
    Section length   50, #relocs    0, #linenums    0, checksum  F44E301, selection    2 (pick any)
260 00000000 SECTB3 notype       External     | ??_C@_1FA@HOJIAEBI@?$AAv?$AAe?$AAc?$AAt?$AAo?$AAr?$AA?5?$AAc?$AAo?$AAn?$AAt?$AAa?$AAi?$AAn?$AAe?$AAr?$AAs?$AA?5?$AAi?$AAn?$AAc?$AAo?$AAm?$AAp?$AAa?$AAt?$AAi?$AAb?$AAl?$AAe?$AA?5?$AAf@ (`string')
261 00000000 SECTB4 notype       Static       | .rdata
    Section length   13, #relocs    0, #linenums    0, checksum CEE728DA, selection    2 (pick any)
263 00000000 SECTB4 notype       External     | ??_C@_0BD@OLBABOEK@vector?$DMT?$DO?5too?5long?$AA@ (`string')
264 00000000 SECTB5 notype       Static       | .rdata
    Section length   8E, #relocs    0, #linenums    0, checksum 6FB757B8, selection    2 (pick any)
266 00000000 SECTB5 notype       External     | ??_C@_1IO@LEDGBKLH@?$AAC?$AA?3?$AA?2?$AAP?$AAr?$AAo?$AAg?$AAr?$AAa?$AAm?$AA?5?$AAF?$AAi?$AAl?$AAe?$AAs?$AA?5?$AA?$CI?$AAx?$AA8?$AA6?$AA?$CJ?$AA?2?$AAM?$AAi?$AAc?$AAr?$AAo?$AAs?$AAo?$AAf?$AAt@ (`string')
267 00000000 SECTB6 notype       Static       | .rdata
    Section length   2A, #relocs    0, #linenums    0, checksum 55665FBD, selection    2 (pick any)
269 00000000 SECTB6 notype       External     | ??_C@_1CK@EOPGIILJ@?$AAi?$AAn?$AAv?$AAa?$AAl?$AAi?$AAd?$AA?5?$AAn?$AAu?$AAl?$AAl?$AA?5?$AAp?$AAo?$AAi?$AAn?$AAt?$AAe?$AAr?$AA?$AA@ (`string')
26A 00000000 SECTB7 notype       Static       | .rdata
    Section length   2E, #relocs    0, #linenums    0, checksum CA385A6C, selection    2 (pick any)
26C 00000000 SECTB7 notype       External     | ??_C@_1CO@DGLIKNHI@?$AAi?$AAn?$AAv?$AAa?$AAl?$AAi?$AAd?$AA?5?$AAi?$AAt?$AAe?$AAr?$AAa?$AAt?$AAo?$AAr?$AA?5?$AAr?$AAa?$AAn?$AAg?$AAe?$AA?$AA@ (`string')
26D 00000000 SECTB8 notype       Static       | .rdata$r
    Section length   1C, #relocs    2, #linenums    0, checksum 3AD97647, selection    2 (pick any)
26F 00000000 SECTB8 notype       External     | ??_R1A@?0A@EA@exception@std@@8 (std::exception::`RTTI Base Class Descriptor at (0,-1,0,64)')
270 00000000 SECTB9 notype       Static       | .rdata$r
    Section length   10, #relocs    1, #linenums    0, checksum CCAA009E, selection    2 (pick any)
272 00000000 SECTB9 notype       External     | ??_R3exception@std@@8 (std::exception::`RTTI Class Hierarchy Descriptor')
273 00000000 SECTBA notype       Static       | .rdata$r
    Section length    5, #relocs    1, #linenums    0, checksum        0, selection    2 (pick any)
275 00000000 SECTBA notype       External     | ??_R2exception@std@@8 (std::exception::`RTTI Base Class Array')
276 00000000 SECTBB notype       Static       | .rdata$r
    Section length   14, #relocs    2, #linenums    0, checksum        0, selection    2 (pick any)
278 00000000 SECTBB notype       External     | ??_R4logic_error@std@@6B@ (const std::logic_error::`RTTI Complete Object Locator')
279 00000000 SECTBC notype       Static       | .rdata$r
    Section length   10, #relocs    1, #linenums    0, checksum 4225077D, selection    2 (pick any)
27B 00000000 SECTBC notype       External     | ??_R3logic_error@std@@8 (std::logic_error::`RTTI Class Hierarchy Descriptor')
27C 00000000 SECTBD notype       Static       | .rdata$r
    Section length    9, #relocs    2, #linenums    0, checksum        0, selection    2 (pick any)
27E 00000000 SECTBD notype       External     | ??_R2logic_error@std@@8 (std::logic_error::`RTTI Base Class Array')
27F 00000000 SECTBE notype       Static       | .rdata$r
    Section length   1C, #relocs    2, #linenums    0, checksum BBFC1360, selection    2 (pick any)
281 00000000 SECTBE notype       External     | ??_R1A@?0A@EA@logic_error@std@@8 (std::logic_error::`RTTI Base Class Descriptor at (0,-1,0,64)')
282 00000000 SECTBF notype       Static       | .rdata$r
    Section length   14, #relocs    2, #linenums    0, checksum        0, selection    2 (pick any)
284 00000000 SECTBF notype       External     | ??_R4out_of_range@std@@6B@ (const std::out_of_range::`RTTI Complete Object Locator')
285 00000000 SECTC0 notype       Static       | .rdata$r
    Section length   10, #relocs    1, #linenums    0, checksum 8E8F07E3, selection    2 (pick any)
287 00000000 SECTC0 notype       External     | ??_R3out_of_range@std@@8 (std::out_of_range::`RTTI Class Hierarchy Descriptor')
288 00000000 SECTC1 notype       Static       | .rdata$r
    Section length    D, #relocs    3, #linenums    0, checksum        0, selection    2 (pick any)
28A 00000000 SECTC1 notype       External     | ??_R2out_of_range@std@@8 (std::out_of_range::`RTTI Base Class Array')
28B 00000000 SECTC2 notype       Static       | .rdata$r
    Section length   1C, #relocs    2, #linenums    0, checksum E3E2BA48, selection    2 (pick any)
28D 00000000 SECTC2 notype       External     | ??_R1A@?0A@EA@out_of_range@std@@8 (std::out_of_range::`RTTI Base Class Descriptor at (0,-1,0,64)')
28E 00000000 UNDEF  notype       External     | ___security_cookie
28F 00000000 UNDEF  notype       External     | __fltused
290 00000000 SECTC3 notype       Static       | .CRT$XCU
    Section length    8, #relocs    2, #linenums    0, checksum        0
292 00000000 SECTC3 notype       Static       | _piecewise_construct$initializer$
293 00000004 SECTC3 notype       Static       | _allocator_arg$initializer$

String Table Size = 0x4E3A bytes

  Summary

           8 .CRT$XCU
           2 .bss
          59 .data$r
          C0 .debug$S
          C2 .drectve
         448 .rdata
          C7 .rdata$r
          38 .sxdata
          1A .text$di
        1BE8 .text$mn
         203 .text$x
         388 .xdata$x
