probe.c
Note: including file: C:\pcre-native-v3\amd64-Release\pcre-4.1\pcre.h
Note: including file:  C:\Program Files (x86)\Microsoft Visual Studio 12.0\VC\INCLUDE\stdlib.h
Note: including file:   C:\Program Files (x86)\Microsoft Visual Studio 12.0\VC\INCLUDE\crtdefs.h
Note: including file:    C:\Program Files (x86)\Microsoft Visual Studio 12.0\VC\INCLUDE\sal.h
Note: including file:     C:\Program Files (x86)\Microsoft Visual Studio 12.0\VC\INCLUDE\ConcurrencySal.h
Note: including file:    C:\Program Files (x86)\Microsoft Visual Studio 12.0\VC\INCLUDE\vadefs.h
Note: including file:   C:\Program Files (x86)\Microsoft Visual Studio 12.0\VC\INCLUDE\limits.h
Note: including file:    C:\Program Files (x86)\Microsoft Visual Studio 12.0\VC\INCLUDE\crtdefs.h
Note: including file: C:\Program Files (x86)\Microsoft Visual Studio 12.0\VC\INCLUDE\stdio.h
Note: including file:  C:\Program Files (x86)\Microsoft Visual Studio 12.0\VC\INCLUDE\crtdefs.h
Note: including file:  C:\Program Files (x86)\Microsoft Visual Studio 12.0\VC\INCLUDE\swprintf.inl
Note: including file: C:\Program Files (x86)\Microsoft Visual Studio 12.0\VC\INCLUDE\string.h
Note: including file:  C:\Program Files (x86)\Microsoft Visual Studio 12.0\VC\INCLUDE\crtdefs.h
Note: including file: C:\pr-pcre18-revision2\results\source-x64-Release\capacity.h
pcre.lib
C:\parser-integration-v3\x64-Release\pcre.lib(1) : error C2059: syntax error : '!'
C:\parser-integration-v3\x64-Release\pcre.lib(2) : error C2018: unknown character '0x60'
C:\parser-integration-v3\x64-Release\pcre.lib(3) : fatal error C1004: unexpected end-of-file found
Generating Code...
