Build started 9/30/2026 8:04:13 AM.
Project "Q:\repo\src\engine\shared\library\sharedNetwork\build\win32\sharedNetwork.vcxproj" on node 1 (Rebuild target(s)).
CoreClean:
  Creating directory "C:\tcpclient-width-v1\Release-Win32\obj/".
PrepareForBuild:
  Creating directory "C:\tcpclient-width-v1\Release-Win32\obj/sharedNetwork.tlog\".
InitializeBuildStatus:
  Creating "C:\tcpclient-width-v1\Release-Win32\obj/sharedNetwork.tlog\unsuccessfulbuild" because "AlwaysCreate" was specified.
ClCompile:
  C:\Program Files (x86)\Microsoft Visual Studio 12.0\VC\bin\CL.exe /c /I..\..\..\..\..\..\external\3rd\library\stlport453\stlport /I..\..\..\..\..\..\external\3rd\library\udplibrary /I..\..\..\..\..\..\external\ours\library\archive\include /I..\..\..\..\..\..\external\ours\library\fileInterface\include\public /I..\..\..\..\..\..\external\ours\library\unicode\include /I..\..\..\sharedCompression\include\public /I..\..\..\sharedDebug\include\public /I..\..\..\sharedFile\include\public /I..\..\..\sharedFoundation\include\public /I..\..\..\sharedFoundationTypes\include\public /I..\..\..\sharedLog\include\public /I..\..\..\sharedMath\include\public /I..\..\..\sharedMemoryBlockManager\include\public /I..\..\..\sharedMemoryManager\include\public /I..\..\..\sharedMessageDispatch\include\public /I..\..\..\sharedObject\include\public /I..\..\..\sharedRandom\include\public /I..\..\..\sharedSynchronization\include\public /I..\..\..\sharedTerrain\include\public /I..\..\..\sharedThread\include\public /I..\..\include\private /I..\..\include\public /I..\..\src\win32 /Zi /nologo /W4 /WX- /O2 /Ob1 /Oi /Ot /Oy /D WIN32 /D NDEBUG /D _MBCS /D DEBUG_LEVEL=0 /D _CRT_SECURE_NO_DEPRECATE=1 /D _USE_32BIT_TIME_T=1 /D _LIB /D _MBCS /GF /Gm- /EHsc /MT /GS /Gy /fp:precise /Zc:wchar_t- /Zc:forScope /GR /Yc"sharedNetwork\FirstSharedNetwork.h" /Fp"C:\tcpclient-width-v1\Release-Win32/sharedNetwork.pch" /Fo"C:\tcpclient-width-v1\Release-Win32/" /Fd"C:\tcpclient-width-v1\Release-Win32/sharedNetwork_r.pdb" /Gd /TP /analyze- /FC /errorReport:queue ..\..\src\win32\FirstSharedNetwork.cpp
  FirstSharedNetwork.cpp
  C:\Program Files (x86)\Microsoft Visual Studio 12.0\VC\bin\CL.exe /c /I..\..\..\..\..\..\external\3rd\library\stlport453\stlport /I..\..\..\..\..\..\external\3rd\library\udplibrary /I..\..\..\..\..\..\external\ours\library\archive\include /I..\..\..\..\..\..\external\ours\library\fileInterface\include\public /I..\..\..\..\..\..\external\ours\library\unicode\include /I..\..\..\sharedCompression\include\public /I..\..\..\sharedDebug\include\public /I..\..\..\sharedFile\include\public /I..\..\..\sharedFoundation\include\public /I..\..\..\sharedFoundationTypes\include\public /I..\..\..\sharedLog\include\public /I..\..\..\sharedMath\include\public /I..\..\..\sharedMemoryBlockManager\include\public /I..\..\..\sharedMemoryManager\include\public /I..\..\..\sharedMessageDispatch\include\public /I..\..\..\sharedObject\include\public /I..\..\..\sharedRandom\include\public /I..\..\..\sharedSynchronization\include\public /I..\..\..\sharedTerrain\include\public /I..\..\..\sharedThread\include\public /I..\..\include\private /I..\..\include\public /I..\..\src\win32 /Zi /nologo /W4 /WX- /O2 /Ob1 /Oi /Ot /Oy /D WIN32 /D NDEBUG /D _MBCS /D DEBUG_LEVEL=0 /D _CRT_SECURE_NO_DEPRECATE=1 /D _USE_32BIT_TIME_T=1 /D _LIB /D _MBCS /GF /Gm- /EHsc /MT /GS /Gy /fp:precise /Zc:wchar_t- /Zc:forScope /GR /Fo"C:\tcpclient-width-v1\Release-Win32/" /Fd"C:\tcpclient-width-v1\Release-Win32/sharedNetwork_r.pdb" /Gd /TP /analyze- /FC /errorReport:queue ..\..\src\shared\BroadcastSock.cpp ..\..\src\shared\ConfigSharedNetwork.cpp ..\..\src\shared\Connection.cpp ..\..\src\shared\ConnectionHandler.cpp ..\..\src\shared\ManagerHandler.cpp ..\..\src\shared\NetworkHandler.cpp ..\..\src\shared\NetworkSetupData.cpp ..\..\src\shared\Service.cpp ..\..\src\shared\SetupSharedNetwork.cpp ..\..\src\shared\UdpLibraryMT\Events.cpp ..\..\src\shared\UdpLibraryMT\UdpConnectionHandlerMT.cpp ..\..\src\shared\UdpLibraryMT\UdpConnectionMT.cpp ..\..\src\shared\UdpLibraryMT\UdpLibraryMT.cpp ..\..\src\shared\UdpLibraryMT\UdpManagerHandlerMT.cpp ..\..\src\shared\UdpLibraryMT\UdpManagerMT.cpp ..\..\src\shared\UdpLibraryMT\UdpMiscMT.cpp ..\..\src\win32\Address.cpp ..\..\src\win32\NetworkGetHostName.cpp ..\..\src\win32\OverlappedTcp.cpp ..\..\src\win32\Sock.cpp ..\..\src\win32\TcpClient.cpp ..\..\src\win32\TcpServer.cpp ..\..\src\win32\UdpSock.cpp
  BroadcastSock.cpp
  ConfigSharedNetwork.cpp
  Connection.cpp
  ConnectionHandler.cpp
  ManagerHandler.cpp
  NetworkHandler.cpp
  NetworkSetupData.cpp
  Service.cpp
  SetupSharedNetwork.cpp
  Events.cpp
  UdpConnectionHandlerMT.cpp
  UdpConnectionMT.cpp
  UdpLibraryMT.cpp
  UdpManagerHandlerMT.cpp
  UdpManagerMT.cpp
  UdpMiscMT.cpp
  Address.cpp
  NetworkGetHostName.cpp
  OverlappedTcp.cpp
  Sock.cpp
  Generating Code...
  Compiling...
  TcpClient.cpp
  TcpServer.cpp
  UdpSock.cpp
  Generating Code...
Lib:
  C:\Program Files (x86)\Microsoft Visual Studio 12.0\VC\bin\Lib.exe /OUT:"C:\tcpclient-width-v1\Release-Win32\sharedNetwork.lib" /NOLOGO "C:\tcpclient-width-v1\Release-Win32/BroadcastSock.obj"
  "C:\tcpclient-width-v1\Release-Win32/ConfigSharedNetwork.obj"
  "C:\tcpclient-width-v1\Release-Win32/Connection.obj"
  "C:\tcpclient-width-v1\Release-Win32/ConnectionHandler.obj"
  "C:\tcpclient-width-v1\Release-Win32/ManagerHandler.obj"
  "C:\tcpclient-width-v1\Release-Win32/NetworkHandler.obj"
  "C:\tcpclient-width-v1\Release-Win32/NetworkSetupData.obj"
  "C:\tcpclient-width-v1\Release-Win32/Service.obj"
  "C:\tcpclient-width-v1\Release-Win32/SetupSharedNetwork.obj"
  "C:\tcpclient-width-v1\Release-Win32/Events.obj"
  "C:\tcpclient-width-v1\Release-Win32/UdpConnectionHandlerMT.obj"
  "C:\tcpclient-width-v1\Release-Win32/UdpConnectionMT.obj"
  "C:\tcpclient-width-v1\Release-Win32/UdpLibraryMT.obj"
  "C:\tcpclient-width-v1\Release-Win32/UdpManagerHandlerMT.obj"
  "C:\tcpclient-width-v1\Release-Win32/UdpManagerMT.obj"
  "C:\tcpclient-width-v1\Release-Win32/UdpMiscMT.obj"
  "C:\tcpclient-width-v1\Release-Win32/Address.obj"
  "C:\tcpclient-width-v1\Release-Win32/FirstSharedNetwork.obj"
  "C:\tcpclient-width-v1\Release-Win32/NetworkGetHostName.obj"
  "C:\tcpclient-width-v1\Release-Win32/OverlappedTcp.obj"
  "C:\tcpclient-width-v1\Release-Win32/Sock.obj"
  "C:\tcpclient-width-v1\Release-Win32/TcpClient.obj"
  "C:\tcpclient-width-v1\Release-Win32/TcpServer.obj"
  "C:\tcpclient-width-v1\Release-Win32/UdpSock.obj"
  sharedNetwork.vcxproj -> C:\tcpclient-width-v1\Release-Win32/sharedNetwork.lib
FinalizeBuildStatus:
  Deleting file "C:\tcpclient-width-v1\Release-Win32\obj/sharedNetwork.tlog\unsuccessfulbuild".
  Touching "C:\tcpclient-width-v1\Release-Win32\obj/sharedNetwork.tlog\sharedNetwork.lastbuildstate".
Done Building Project "Q:\repo\src\engine\shared\library\sharedNetwork\build\win32\sharedNetwork.vcxproj" (Rebuild target(s)).

Build succeeded.
    0 Warning(s)
    0 Error(s)

Time Elapsed 00:00:07.68
