[
  {
    "cfg": "Debug",
    "variant": "actual",
    "build_exit": 0,
    "run_exit": 0,
    "stdout": "PASS 28 rejection/status checks; original vendor DLL not loaded\r\n"
  },
  {
    "cfg": "Debug",
    "variant": "mutant",
    "build_exit": 0,
    "run_exit": 1,
    "stdout": ""
  },
  {
    "cfg": "Release",
    "variant": "actual",
    "build_exit": 0,
    "run_exit": 0,
    "stdout": "PASS 28 rejection/status checks; original vendor DLL not loaded\r\n"
  },
  {
    "cfg": "Release",
    "variant": "mutant",
    "build_exit": 0,
    "run_exit": 1,
    "stdout": ""
  }
]
C:\miles-preflight-parent15\run.py:4: DeprecationWarning: Python 3.14 will, by default, filter extracted tar archives and reject files or modify their metadata. Use the filter argument to control this behavior.
  with tarfile.open(b/'input.tar') as t:t.extractall(b)
