probe.c
Note: including file: C:\pcre-native-v3\amd64-Debug\pcre-4.1\pcre.h
Note: including file:  C:\Program Files (x86)\Microsoft Visual Studio 12.0\VC\INCLUDE\stdlib.h
Note: including file:   C:\Program Files (x86)\Microsoft Visual Studio 12.0\VC\INCLUDE\crtdefs.h
Note: including file:    C:\Program Files (x86)\Microsoft Visual Studio 12.0\VC\INCLUDE\sal.h
Note: including file:     C:\Program Files (x86)\Microsoft Visual Studio 12.0\VC\INCLUDE\ConcurrencySal.h
Note: including file:    C:\Program Files (x86)\Microsoft Visual Studio 12.0\VC\INCLUDE\vadefs.h
Note: including file:   C:\Program Files (x86)\Microsoft Visual Studio 12.0\VC\INCLUDE\limits.h
Note: including file:    C:\Program Files (x86)\Microsoft Visual Studio 12.0\VC\INCLUDE\crtdefs.h
Note: including file: C:\Program Files (x86)\Microsoft Visual Studio 12.0\VC\INCLUDE\stdio.h
Note: including file:  C:\Program Files (x86)\Microsoft Visual Studio 12.0\VC\INCLUDE\crtdefs.h
Note: including file:  C:\Program Files (x86)\Microsoft Visual Studio 12.0\VC\INCLUDE\swprintf.inl
Note: including file: C:\Program Files (x86)\Microsoft Visual Studio 12.0\VC\INCLUDE\string.h
Note: including file:  C:\Program Files (x86)\Microsoft Visual Studio 12.0\VC\INCLUDE\crtdefs.h
Note: including file: C:\pr-pcre18-revision2\results\source-x64-Debug\capacity.h
pcre.lib
C:\parser-integration-v3\x64-Debug\pcre.lib(1) : error C2059: syntax error : '!'
C:\parser-integration-v3\x64-Debug\pcre.lib(2) : error C2018: unknown character '0x60'
C:\parser-integration-v3\x64-Debug\pcre.lib(3) : error C2018: unknown character '0x17'
C:\parser-integration-v3\x64-Debug\pcre.lib(3) : error C2018: unknown character '0x3'
C:\parser-integration-v3\x64-Debug\pcre.lib(3) : error C3872: '0x24': this character is not allowed in an identifier
C:\parser-integration-v3\x64-Debug\pcre.lib(3) : error C3872: '0xa0': this character is not allowed in an identifier
C:\parser-integration-v3\x64-Debug\pcre.lib(3) : error C2018: unknown character '0x1'
C:\parser-integration-v3\x64-Debug\pcre.lib(3) : error C2018: unknown character '0x60'
C:\parser-integration-v3\x64-Debug\pcre.lib(4) : error C2018: unknown character '0x5'
C:\parser-integration-v3\x64-Debug\pcre.lib(4) : error C2018: unknown character '0x3'
C:\parser-integration-v3\x64-Debug\pcre.lib(4) : error C3872: '0xa0': this character is not allowed in an identifier
C:\parser-integration-v3\x64-Debug\pcre.lib(4) : error C3872: '0x24': this character is not allowed in an identifier
C:\parser-integration-v3\x64-Debug\pcre.lib(4) : error C2018: unknown character '0x1'
C:\parser-integration-v3\x64-Debug\pcre.lib(4) : error C2018: unknown character '0x17'
C:\parser-integration-v3\x64-Debug\pcre.lib(4) : error C2018: unknown character '0x2'
C:\parser-integration-v3\x64-Debug\pcre.lib(4) : error C2018: unknown character '0x4'
C:\parser-integration-v3\x64-Debug\pcre.lib(4) : error C2018: unknown character '0x60'
C:\parser-integration-v3\x64-Debug\pcre.lib(5) : error C2018: unknown character '0x7'
C:\parser-integration-v3\x64-Debug\pcre.lib(5) : error C2018: unknown character '0x16'
C:\parser-integration-v3\x64-Debug\pcre.lib(5) : error C2018: unknown character '0x1'
C:\parser-integration-v3\x64-Debug\pcre.lib(6) : error C2018: unknown character '0x10'
C:\parser-integration-v3\x64-Debug\pcre.lib(6) : error C3872: '0x24': this character is not allowed in an identifier
C:\parser-integration-v3\x64-Debug\pcre.lib(6) : error C2017: illegal escape sequence
C:\parser-integration-v3\x64-Debug\pcre.lib(6) : error C2018: unknown character '0x1'
C:\parser-integration-v3\x64-Debug\pcre.lib(6) : error C2018: unknown character '0x40'
C:\parser-integration-v3\x64-Debug\pcre.lib(7) : error C2018: unknown character '0x1'
C:\parser-integration-v3\x64-Debug\pcre.lib(7) : error C2018: unknown character '0x40'
C:\parser-integration-v3\x64-Debug\pcre.lib(7) : error C2018: unknown character '0x10'
C:\parser-integration-v3\x64-Debug\pcre.lib(7) : error C3872: '0x24': this character is not allowed in an identifier
C:\parser-integration-v3\x64-Debug\pcre.lib(7) : error C2018: unknown character '0x5'
C:\parser-integration-v3\x64-Debug\pcre.lib(7) : error C2018: unknown character '0xe'
C:\parser-integration-v3\x64-Debug\pcre.lib(7) : error C2018: unknown character '0x14'
C:\parser-integration-v3\x64-Debug\pcre.lib(7) : error C2018: unknown character '0x1e'
C:\parser-integration-v3\x64-Debug\pcre.lib(7) : error C2018: unknown character '0x60'
C:\parser-integration-v3\x64-Debug\pcre.lib(7) : error C2018: unknown character '0x15'
C:\parser-integration-v3\x64-Debug\pcre.lib(7) : error C2018: unknown character '0x16'
C:\parser-integration-v3\x64-Debug\pcre.lib(7) : error C2018: unknown character '0xf'
C:\parser-integration-v3\x64-Debug\pcre.lib(7) : error C2018: unknown character '0x4'
C:\parser-integration-v3\x64-Debug\pcre.lib(7) : error C2018: unknown character '0x11'
C:\parser-integration-v3\x64-Debug\pcre.lib(7) : error C2017: illegal escape sequence
C:\parser-integration-v3\x64-Debug\pcre.lib(7) : error C2059: syntax error : 'bad suffix on number'
C:\parser-integration-v3\x64-Debug\pcre.lib(7) : error C2018: unknown character '0x12'
C:\parser-integration-v3\x64-Debug\pcre.lib(7) : error C2018: unknown character '0x2'
C:\parser-integration-v3\x64-Debug\pcre.lib(7) : error C2018: unknown character '0x6'
C:\parser-integration-v3\x64-Debug\pcre.lib(7) : error C2018: unknown character '0x8'
C:\parser-integration-v3\x64-Debug\pcre.lib(7) : error C2018: unknown character '0x3'
C:\parser-integration-v3\x64-Debug\pcre.lib(8) : error C2018: unknown character '0x1'
C:\parser-integration-v3\x64-Debug\pcre.lib(8) : error C2018: unknown character '0x10'
C:\parser-integration-v3\x64-Debug\pcre.lib(8) : error C2018: unknown character '0x18'
C:\parser-integration-v3\x64-Debug\pcre.lib(8) : error C2018: unknown character '0xe'
C:\parser-integration-v3\x64-Debug\pcre.lib(8) : error C2018: unknown character '0xf'
C:\parser-integration-v3\x64-Debug\pcre.lib(8) : error C2018: unknown character '0x40'
C:\parser-integration-v3\x64-Debug\pcre.lib(8) : error C2018: unknown character '0x11'
C:\parser-integration-v3\x64-Debug\pcre.lib(8) : error C2018: unknown character '0x12'
C:\parser-integration-v3\x64-Debug\pcre.lib(8) : error C2018: unknown character '0x13'
C:\parser-integration-v3\x64-Debug\pcre.lib(8) : error C2018: unknown character '0x14'
C:\parser-integration-v3\x64-Debug\pcre.lib(8) : error C2018: unknown character '0x60'
C:\parser-integration-v3\x64-Debug\pcre.lib(8) : error C2018: unknown character '0x15'
C:\parser-integration-v3\x64-Debug\pcre.lib(8) : error C2018: unknown character '0x16'
C:\parser-integration-v3\x64-Debug\pcre.lib(8) : error C2018: unknown character '0x17'
C:\parser-integration-v3\x64-Debug\pcre.lib(8) : error C2018: unknown character '0x19'
C:\parser-integration-v3\x64-Debug\pcre.lib(8) : fatal error C1004: unexpected end-of-file found
Generating Code...
