probe.cpp
Note: including file: C:\pr-imemmove18-v1\candidate\src\engine\shared\library\sharedFoundation\include\public\sharedFoundation/FirstSharedFoundation.h
Note: including file:  c:\pr-imemmove18-v1\candidate\src\engine\shared\library\sharedfoundation\include\public\sharedfoundation\../../../src/shared/FirstSharedFoundation.h
Note: including file:   c:\pr-imemmove18-v1\candidate\src\engine\shared\library\sharedfoundation\src\shared\../../../../../../engine/shared/library/sharedFoundationTypes/include/public/sharedFoundationTypes/FoundationTypes.h
Note: including file:    c:\pr-imemmove18-v1\candidate\src\engine\shared\library\sharedfoundationtypes\include\public\sharedfoundationtypes\../../../src/shared/FoundationTypes.h
Note: including file:     c:\pr-imemmove18-v1\candidate\src\engine\shared\library\sharedfoundationtypes\src\shared\../win32/FoundationTypesWin32.h
c:\pr-imemmove18-v1\candidate\src\engine\shared\library\sharedfoundationtypes\src\shared\../win32/FoundationTypesWin32.h(16) : warning C4005: 'PLATFORM_WIN32' : macro redefinition
        command-line arguments :  see previous definition of 'PLATFORM_WIN32'
Note: including file:   c:\pr-imemmove18-v1\candidate\src\engine\shared\library\sharedfoundation\src\shared\../../../../../../engine/shared/library/sharedFoundation/include/public/sharedFoundation/FirstPlatform.h
Note: including file:    c:\pr-imemmove18-v1\candidate\src\engine\shared\library\sharedfoundation\include\public\sharedfoundation\../../../src/win32/FirstPlatform.h
Note: including file:     c:\pr-imemmove18-v1\candidate\src\engine\shared\library\sharedfoundation\src\win32\../../../../../../engine/shared/library/sharedFoundation/include/public/sharedFoundation/WindowsWrapper.h
Note: including file:      c:\pr-imemmove18-v1\candidate\src\engine\shared\library\sharedfoundation\include\public\sharedfoundation\../../../src/win32/WindowsWrapper.h
Note: including file:       C:\Program Files (x86)\Windows Kits\8.1\include\um\windows.h
Note: including file:        C:\Program Files (x86)\Windows Kits\8.1\include\shared\winapifamily.h
Note: including file:        C:\Program Files (x86)\Windows Kits\8.1\include\shared\sdkddkver.h
Note: including file:        C:\Program Files (x86)\Microsoft Visual Studio 12.0\VC\INCLUDE\excpt.h
Note: including file:         C:\Program Files (x86)\Microsoft Visual Studio 12.0\VC\INCLUDE\crtdefs.h
Note: including file:          C:\Program Files (x86)\Microsoft Visual Studio 12.0\VC\INCLUDE\sal.h
Note: including file:           C:\Program Files (x86)\Microsoft Visual Studio 12.0\VC\INCLUDE\ConcurrencySal.h
Note: including file:          C:\Program Files (x86)\Microsoft Visual Studio 12.0\VC\INCLUDE\vadefs.h
Note: including file:        C:\Program Files (x86)\Microsoft Visual Studio 12.0\VC\INCLUDE\stdarg.h
Note: including file:         C:\Program Files (x86)\Microsoft Visual Studio 12.0\VC\INCLUDE\crtdefs.h
Note: including file:        C:\Program Files (x86)\Windows Kits\8.1\include\shared\windef.h
Note: including file:         C:\Program Files (x86)\Windows Kits\8.1\include\shared\minwindef.h
Note: including file:          C:\Program Files (x86)\Windows Kits\8.1\include\shared\specstrings.h
Note: including file:           C:\Program Files (x86)\Windows Kits\8.1\include\shared\specstrings_strict.h
Note: including file:            C:\Program Files (x86)\Windows Kits\8.1\include\shared\specstrings_undef.h
Note: including file:           C:\Program Files (x86)\Windows Kits\8.1\include\shared\driverspecs.h
Note: including file:            c:\program files (x86)\windows kits\8.1\include\shared\sdv_driverspecs.h
Note: including file:          C:\Program Files (x86)\Windows Kits\8.1\include\um\winnt.h
Note: including file:           C:\Program Files (x86)\Microsoft Visual Studio 12.0\VC\INCLUDE\ctype.h
Note: including file:            C:\Program Files (x86)\Microsoft Visual Studio 12.0\VC\INCLUDE\crtdefs.h
Note: including file:           C:\Program Files (x86)\Windows Kits\8.1\include\shared\kernelspecs.h
Note: including file:           C:\Program Files (x86)\Windows Kits\8.1\include\shared\basetsd.h
Note: including file:           C:\Program Files (x86)\Windows Kits\8.1\include\shared\guiddef.h
Note: including file:            C:\Program Files (x86)\Microsoft Visual Studio 12.0\VC\INCLUDE\string.h
Note: including file:             C:\Program Files (x86)\Microsoft Visual Studio 12.0\VC\INCLUDE\crtdefs.h
Note: including file:           c:\program files (x86)\windows kits\8.1\include\shared\pshpack4.h
Note: including file:           c:\program files (x86)\windows kits\8.1\include\shared\poppack.h
Note: including file:           c:\program files (x86)\windows kits\8.1\include\shared\pshpack4.h
Note: including file:           c:\program files (x86)\windows kits\8.1\include\shared\poppack.h
Note: including file:           C:\Program Files (x86)\Windows Kits\8.1\include\shared\pshpack4.h
Note: including file:           C:\Program Files (x86)\Windows Kits\8.1\include\shared\poppack.h
Note: including file:           c:\program files (x86)\windows kits\8.1\include\shared\pshpack4.h
Note: including file:           c:\program files (x86)\windows kits\8.1\include\shared\pshpack2.h
Note: including file:           c:\program files (x86)\windows kits\8.1\include\shared\poppack.h
Note: including file:           c:\program files (x86)\windows kits\8.1\include\shared\pshpack2.h
Note: including file:           C:\Program Files (x86)\Windows Kits\8.1\include\shared\pshpack2.h
Note: including file:           C:\Program Files (x86)\Windows Kits\8.1\include\shared\poppack.h
Note: including file:           c:\program files (x86)\windows kits\8.1\include\shared\poppack.h
Note: including file:           c:\program files (x86)\windows kits\8.1\include\shared\pshpack8.h
Note: including file:           c:\program files (x86)\windows kits\8.1\include\shared\poppack.h
Note: including file:           c:\program files (x86)\windows kits\8.1\include\shared\poppack.h
Note: including file:           C:\Program Files (x86)\Windows Kits\8.1\include\shared\apiset.h
Note: including file:           C:\Program Files (x86)\Windows Kits\8.1\include\shared\ktmtypes.h
Note: including file:        C:\Program Files (x86)\Windows Kits\8.1\include\um\winbase.h
Note: including file:         C:\Program Files (x86)\Windows Kits\8.1\include\shared\apisetcconv.h
Note: including file:         C:\Program Files (x86)\Windows Kits\8.1\include\um\minwinbase.h
Note: including file:         C:\Program Files (x86)\Windows Kits\8.1\include\um\processenv.h
Note: including file:         C:\Program Files (x86)\Windows Kits\8.1\include\um\fileapi.h
Note: including file:         C:\Program Files (x86)\Windows Kits\8.1\include\um\debugapi.h
Note: including file:         C:\Program Files (x86)\Windows Kits\8.1\include\um\utilapiset.h
Note: including file:         C:\Program Files (x86)\Windows Kits\8.1\include\um\handleapi.h
Note: including file:         C:\Program Files (x86)\Windows Kits\8.1\include\um\errhandlingapi.h
Note: including file:         C:\Program Files (x86)\Windows Kits\8.1\include\um\fibersapi.h
Note: including file:         C:\Program Files (x86)\Windows Kits\8.1\include\um\namedpipeapi.h
Note: including file:         C:\Program Files (x86)\Windows Kits\8.1\include\um\profileapi.h
Note: including file:         C:\Program Files (x86)\Windows Kits\8.1\include\um\heapapi.h
Note: including file:         C:\Program Files (x86)\Windows Kits\8.1\include\um\ioapiset.h
Note: including file:         C:\Program Files (x86)\Windows Kits\8.1\include\um\synchapi.h
Note: including file:         C:\Program Files (x86)\Windows Kits\8.1\include\um\interlockedapi.h
Note: including file:         C:\Program Files (x86)\Windows Kits\8.1\include\um\processthreadsapi.h
Note: including file:         C:\Program Files (x86)\Windows Kits\8.1\include\um\sysinfoapi.h
Note: including file:         C:\Program Files (x86)\Windows Kits\8.1\include\um\memoryapi.h
Note: including file:         C:\Program Files (x86)\Windows Kits\8.1\include\um\threadpoollegacyapiset.h
Note: including file:         C:\Program Files (x86)\Windows Kits\8.1\include\um\threadpoolapiset.h
Note: including file:         C:\Program Files (x86)\Windows Kits\8.1\include\um\bemapiset.h
Note: including file:         C:\Program Files (x86)\Windows Kits\8.1\include\um\jobapi.h
Note: including file:         C:\Program Files (x86)\Windows Kits\8.1\include\um\wow64apiset.h
Note: including file:         C:\Program Files (x86)\Windows Kits\8.1\include\um\libloaderapi.h
Note: including file:         C:\Program Files (x86)\Windows Kits\8.1\include\um\securitybaseapi.h
Note: including file:         C:\Program Files (x86)\Windows Kits\8.1\include\um\namespaceapi.h
Note: including file:         C:\Program Files (x86)\Windows Kits\8.1\include\um\systemtopologyapi.h
Note: including file:         C:\Program Files (x86)\Windows Kits\8.1\include\um\processtopologyapi.h
Note: including file:         C:\Program Files (x86)\Windows Kits\8.1\include\um\securityappcontainer.h
Note: including file:         C:\Program Files (x86)\Windows Kits\8.1\include\um\realtimeapiset.h
Note: including file:         C:\Program Files (x86)\Windows Kits\8.1\include\shared\winerror.h
Note: including file:         C:\Program Files (x86)\Windows Kits\8.1\include\um\timezoneapi.h
Note: including file:        C:\Program Files (x86)\Windows Kits\8.1\include\um\wingdi.h
Note: including file:         C:\Program Files (x86)\Windows Kits\8.1\include\shared\pshpack1.h
Note: including file:         C:\Program Files (x86)\Windows Kits\8.1\include\shared\poppack.h
Note: including file:         C:\Program Files (x86)\Windows Kits\8.1\include\shared\pshpack2.h
Note: including file:         C:\Program Files (x86)\Windows Kits\8.1\include\shared\poppack.h
Note: including file:         C:\Program Files (x86)\Windows Kits\8.1\include\shared\pshpack4.h
Note: including file:         C:\Program Files (x86)\Windows Kits\8.1\include\shared\poppack.h
Note: including file:         C:\Program Files (x86)\Windows Kits\8.1\include\shared\pshpack4.h
Note: including file:         C:\Program Files (x86)\Windows Kits\8.1\include\shared\poppack.h
Note: including file:        C:\Program Files (x86)\Windows Kits\8.1\include\um\winuser.h
Note: including file:         C:\Program Files (x86)\Windows Kits\8.1\include\shared\pshpack2.h
Note: including file:         C:\Program Files (x86)\Windows Kits\8.1\include\shared\poppack.h
Note: including file:         C:\Program Files (x86)\Windows Kits\8.1\include\shared\tvout.h
Note: including file:        C:\Program Files (x86)\Windows Kits\8.1\include\um\winnls.h
Note: including file:         C:\Program Files (x86)\Windows Kits\8.1\include\um\datetimeapi.h
Note: including file:         C:\Program Files (x86)\Windows Kits\8.1\include\um\stringapiset.h
Note: including file:          C:\Program Files (x86)\Windows Kits\8.1\include\um\winnls.h
Note: including file:        C:\Program Files (x86)\Windows Kits\8.1\include\um\wincon.h
Note: including file:         C:\Program Files (x86)\Windows Kits\8.1\include\um\consoleapi.h
Note: including file:        C:\Program Files (x86)\Windows Kits\8.1\include\um\winver.h
Note: including file:         C:\Program Files (x86)\Windows Kits\8.1\include\um\verrsrc.h
Note: including file:        C:\Program Files (x86)\Windows Kits\8.1\include\um\winreg.h
Note: including file:         C:\Program Files (x86)\Windows Kits\8.1\include\um\reason.h
Note: including file:        C:\Program Files (x86)\Windows Kits\8.1\include\um\winnetwk.h
Note: including file:         C:\Program Files (x86)\Windows Kits\8.1\include\shared\wnnc.h
Note: including file:        C:\Program Files (x86)\Windows Kits\8.1\include\shared\stralign.h
Note: including file:        C:\Program Files (x86)\Windows Kits\8.1\include\um\imm.h
Note: including file:         C:\Program Files (x86)\Windows Kits\8.1\include\um\ime_cmodes.h
Note: including file:       C:\Program Files (x86)\Windows Kits\8.1\include\shared\wtypes.h
Note: including file:        c:\program files (x86)\windows kits\8.1\include\shared\rpc.h
Note: including file:         C:\Program Files (x86)\Windows Kits\8.1\include\shared\rpcdce.h
Note: including file:          C:\Program Files (x86)\Windows Kits\8.1\include\shared\rpcdcep.h
Note: including file:         C:\Program Files (x86)\Windows Kits\8.1\include\um\rpcnsi.h
Note: including file:         C:\Program Files (x86)\Windows Kits\8.1\include\shared\rpcnterr.h
Note: including file:         C:\Program Files (x86)\Windows Kits\8.1\include\shared\rpcasync.h
Note: including file:        c:\program files (x86)\windows kits\8.1\include\shared\rpcndr.h
Note: including file:         C:\Program Files (x86)\Windows Kits\8.1\include\shared\pshpack8.h
Note: including file:         C:\Program Files (x86)\Windows Kits\8.1\include\um\rpcnsip.h
Note: including file:         C:\Program Files (x86)\Windows Kits\8.1\include\shared\rpcsal.h
Note: including file:         C:\Program Files (x86)\Windows Kits\8.1\include\shared\poppack.h
Note: including file:        c:\program files (x86)\windows kits\8.1\include\shared\wtypesbase.h
Note: including file:         c:\program files (x86)\windows kits\8.1\include\shared\guiddef.h
Note: including file:     c:\pr-imemmove18-v1\candidate\src\engine\shared\library\sharedfoundation\src\win32\../../../../../../engine/shared/library/sharedFoundation/src/win32/PlatformGlue.h
Note: including file:      C:\Program Files (x86)\Microsoft Visual Studio 12.0\VC\INCLUDE\time.h
Note: including file:       C:\Program Files (x86)\Microsoft Visual Studio 12.0\VC\INCLUDE\crtdefs.h
Note: including file:       C:\Program Files (x86)\Microsoft Visual Studio 12.0\VC\INCLUDE\wtime.inl
Note: including file:       C:\Program Files (x86)\Microsoft Visual Studio 12.0\VC\INCLUDE\time.inl
Note: including file:   c:\pr-imemmove18-v1\candidate\src\engine\shared\library\sharedfoundation\src\shared\../../../../../../engine/shared/library/sharedMemoryManager/include/public/sharedMemoryManager/MemoryManager.h
Note: including file:    c:\pr-imemmove18-v1\candidate\src\engine\shared\library\sharedmemorymanager\include\public\sharedmemorymanager\../../../src/shared/MemoryManager.h
Note: including file:     c:\pr-imemmove18-v1\candidate\src\engine\shared\library\sharedmemorymanager\src\shared\../../../../../../engine/shared/library/sharedDebug/include/public/sharedDebug/DebugHelp.h
Note: including file:      c:\pr-imemmove18-v1\candidate\src\engine\shared\library\shareddebug\include\public\shareddebug\../../../src/win32/DebugHelp.h
Note: including file:     C:\Program Files (x86)\Microsoft Visual Studio 12.0\VC\INCLUDE\new
Note: including file:      C:\Program Files (x86)\Microsoft Visual Studio 12.0\VC\INCLUDE\exception
Note: including file:       C:\Program Files (x86)\Microsoft Visual Studio 12.0\VC\INCLUDE\xstddef
Note: including file:        C:\Program Files (x86)\Microsoft Visual Studio 12.0\VC\INCLUDE\stdlib.h
Note: including file:         C:\Program Files (x86)\Microsoft Visual Studio 12.0\VC\INCLUDE\crtdefs.h
Note: including file:         C:\Program Files (x86)\Microsoft Visual Studio 12.0\VC\INCLUDE\limits.h
Note: including file:          C:\Program Files (x86)\Microsoft Visual Studio 12.0\VC\INCLUDE\crtdefs.h
Note: including file:        C:\Program Files (x86)\Microsoft Visual Studio 12.0\VC\INCLUDE\cstddef
Note: including file:         C:\Program Files (x86)\Microsoft Visual Studio 12.0\VC\INCLUDE\yvals.h
Note: including file:          C:\Program Files (x86)\Microsoft Visual Studio 12.0\VC\INCLUDE\xkeycheck.h
Note: including file:          C:\Program Files (x86)\Microsoft Visual Studio 12.0\VC\INCLUDE\crtdefs.h
Note: including file:          C:\Program Files (x86)\Microsoft Visual Studio 12.0\VC\INCLUDE\use_ansi.h
Note: including file:         C:\Program Files (x86)\Microsoft Visual Studio 12.0\VC\INCLUDE\stddef.h
Note: including file:          C:\Program Files (x86)\Microsoft Visual Studio 12.0\VC\INCLUDE\crtdefs.h
Note: including file:        C:\Program Files (x86)\Microsoft Visual Studio 12.0\VC\INCLUDE\initializer_list
Note: including file:        C:\Program Files (x86)\Microsoft Visual Studio 12.0\VC\INCLUDE\xtr1common
Note: including file:       C:\Program Files (x86)\Microsoft Visual Studio 12.0\VC\INCLUDE\eh.h
Note: including file:        C:\Program Files (x86)\Microsoft Visual Studio 12.0\VC\INCLUDE\crtdefs.h
Note: including file:       C:\Program Files (x86)\Microsoft Visual Studio 12.0\VC\INCLUDE\malloc.h
Note: including file:        C:\Program Files (x86)\Microsoft Visual Studio 12.0\VC\INCLUDE\crtdefs.h
Note: including file:     c:\pr-imemmove18-v1\candidate\src\engine\shared\library\sharedmemorymanager\src\shared\../../../../../../engine/shared/library/sharedMemoryManager/include/public/sharedMemoryManager/OsNewDel.h
Note: including file:      c:\pr-imemmove18-v1\candidate\src\engine\shared\library\sharedmemorymanager\include\public\sharedmemorymanager\../../../src/win32/OsNewDel.h
Note: including file:   C:\Program Files (x86)\Microsoft Visual Studio 12.0\VC\INCLUDE\cfloat
Note: including file:    C:\Program Files (x86)\Microsoft Visual Studio 12.0\VC\INCLUDE\float.h
Note: including file:     C:\Program Files (x86)\Microsoft Visual Studio 12.0\VC\INCLUDE\crtdefs.h
Note: including file:     C:\Program Files (x86)\Microsoft Visual Studio 12.0\VC\INCLUDE\crtwrn.h
Note: including file:      C:\Program Files (x86)\Microsoft Visual Studio 12.0\VC\INCLUDE\crtdefs.h
Note: including file:   C:\Program Files (x86)\Microsoft Visual Studio 12.0\VC\INCLUDE\math.h
Note: including file:    C:\Program Files (x86)\Microsoft Visual Studio 12.0\VC\INCLUDE\crtdefs.h
Note: including file:   c:\pr-imemmove18-v1\candidate\src\engine\shared\library\sharedfoundation\src\shared\../../../../../../engine/shared/library/sharedFoundation/include/public/sharedFoundation/MacroFoundation.h
Note: including file:    c:\pr-imemmove18-v1\candidate\src\engine\shared\library\sharedfoundation\include\public\sharedfoundation\../../../src/shared/MacroFoundation.h
Note: including file:   c:\pr-imemmove18-v1\candidate\src\engine\shared\library\sharedfoundation\src\shared\../../../../../../engine/shared/library/sharedFoundation/include/public/sharedFoundation/Binary.h
Note: including file:    c:\pr-imemmove18-v1\candidate\src\engine\shared\library\sharedfoundation\include\public\sharedfoundation\../../../src/shared/Binary.h
Note: including file:   c:\pr-imemmove18-v1\candidate\src\engine\shared\library\sharedfoundation\src\shared\../../../../../../engine/shared/library/sharedFoundation/include/public/sharedFoundation/Fatal.h
Note: including file:    c:\pr-imemmove18-v1\candidate\src\engine\shared\library\sharedfoundation\include\public\sharedfoundation\../../../src/shared/Fatal.h
Note: including file:   c:\pr-imemmove18-v1\candidate\src\engine\shared\library\sharedfoundation\src\shared\../../../../../../engine/shared/library/sharedFoundation/include/public/sharedFoundation/StlForwardDeclaration.h
Note: including file:    c:\pr-imemmove18-v1\candidate\src\engine\shared\library\sharedfoundation\include\public\sharedfoundation\../../../src/shared/StlForwardDeclaration.h
Note: including file:   c:\pr-imemmove18-v1\candidate\src\engine\shared\library\sharedfoundation\src\shared\../../../../../../engine/shared/library/sharedFoundation/include/public/sharedFoundation/Misc.h
Note: including file:    c:\pr-imemmove18-v1\candidate\src\engine\shared\library\sharedfoundation\include\public\sharedfoundation\../../../src/shared/Misc.h
Note: including file:   c:\pr-imemmove18-v1\candidate\src\engine\shared\library\sharedfoundation\src\shared\../../../../../../engine/shared/library/sharedDebug/include/public/sharedDebug/RemoteDebug.h
Note: including file:    c:\pr-imemmove18-v1\candidate\src\engine\shared\library\shareddebug\include\public\shareddebug\../../../src/shared/RemoteDebug.h
Note: including file:   c:\pr-imemmove18-v1\candidate\src\engine\shared\library\sharedfoundation\src\shared\../../../../../../engine/shared/library/sharedDebug/include/public/sharedDebug/Report.h
Note: including file:    c:\pr-imemmove18-v1\candidate\src\engine\shared\library\shareddebug\include\public\shareddebug\../../../src/shared/Report.h
Note: including file:   c:\pr-imemmove18-v1\candidate\src\engine\shared\library\sharedfoundation\src\shared\../../../../../../engine/shared/library/sharedFoundation/include/public/sharedFoundation/FloatMath.h
Note: including file:    c:\pr-imemmove18-v1\candidate\src\engine\shared\library\sharedfoundation\include\public\sharedfoundation\../../../src/shared/FloatMath.h
Note: including file:   c:\pr-imemmove18-v1\candidate\src\engine\shared\library\sharedfoundation\src\shared\../../../../../../engine/shared/library/sharedFoundation/include/public/sharedFoundation/SafeCast.h
Note: including file:    c:\pr-imemmove18-v1\candidate\src\engine\shared\library\sharedfoundation\include\public\sharedfoundation\../../../src/shared/SafeCast.h
Note: including file: C:\Program Files (x86)\Microsoft Visual Studio 12.0\VC\INCLUDE\stdio.h
Note: including file:  C:\Program Files (x86)\Microsoft Visual Studio 12.0\VC\INCLUDE\crtdefs.h
Note: including file:  C:\Program Files (x86)\Microsoft Visual Studio 12.0\VC\INCLUDE\swprintf.inl
