C:\Program Files (x86)\Microsoft Visual Studio 12.0\VC\bin\cl.exe
Microsoft (R) C/C++ Optimizing Compiler Version 18.00.40629 for x86
Copyright (C) Microsoft Corporation.  All rights reserved.

cl /EHsc
   /W4
   /Y-
   /DWIN32
   /volatile:ms
   /Gy
   /MTd
   /Od
   /I"C:\http-candidate23\source\src"
   /I"C:\http-candidate23\results-v1\Debug-Win32-stock"
   "C:\http-candidate23\results-v1\Debug-Win32-stock\probe.cpp"
   /Fo"C:\http-candidate23\results-v1\Debug-Win32-stock\probe.obj"
   /Fe"C:\http-candidate23\results-v1\Debug-Win32-stock\probe.exe"
   /link
   /MAP:"C:\http-candidate23\results-v1\Debug-Win32-stock\probe.map"
   kernel32.lib

cl : Command line warning D9002 : ignoring unknown option '/MAP:C:\http-candidate23\results-v1\Debug-Win32-stock\probe.map'
probe.cpp
Microsoft (R) Incremental Linker Version 12.00.40629.0
Copyright (C) Microsoft Corporation.  All rights reserved.

/out:C:\http-candidate23\results-v1\Debug-Win32-stock\probe.exe 
C:\http-candidate23\results-v1\Debug-Win32-stock\probe.obj 
kernel32.lib 
