event=entry tick=188577207 thread=304 cw=027f mxcsr=00001f80
ALSA lib control.c:1575:(snd_ctl_open_noupdate) [error.control] Invalid CTL hw:0
ALSA lib control.c:1575:(snd_ctl_open_noupdate) [error.control] Invalid CTL hw:1
ALSA lib control.c:1575:(snd_ctl_open_noupdate) [error.control] Invalid CTL hw:0
ALSA lib control.c:1575:(snd_ctl_open_noupdate) [error.control] Invalid CTL hw:1
runtime-resource-version=7.2a wave-devices=1
startup=1 error=
event=startup tick=188577245 thread=304 cw=027f mxcsr=00001f80
event=decode-start tick=188577245 thread=304 cw=027f mxcsr=00001f80
decode-okay=1 bytes=428588 error=
event=decode-end tick=188577245 thread=304 cw=027f mxcsr=00001fa0
module=C:\vendor-miles-probe\probe.exe
module=C:\windows\system32\ntdll.dll
module=C:\windows\system32\kernel32.dll
module=C:\windows\system32\kernelbase.dll
module=C:\windows\system32\WINMM.dll
module=C:\windows\system32\advapi32.dll
module=C:\windows\system32\msvcrt.dll
module=C:\windows\system32\sechost.dll
module=C:\windows\system32\ucrtbase.dll
module=C:\windows\system32\msacm32.dll
module=C:\windows\system32\user32.dll
module=C:\windows\system32\gdi32.dll
module=C:\windows\system32\win32u.dll
module=C:\windows\system32\ole32.dll
module=C:\windows\system32\combase.dll
module=C:\windows\system32\rpcrt4.dll
module=C:\windows\system32\cryptbase.dll
module=C:\windows\system32\coml2.dll
module=C:\windows\system32\imm32.dll
module=C:\vendor-miles-probe\Mss32.dll
module=c:\windows\system32\winex11.drv
module=C:\windows\system32\uxtheme.dll
module=C:\windows\system32\mmdevapi.dll
module=C:\windows\system32\oleaut32.dll
module=C:\windows\system32\version.dll
module=C:\vendor-miles-probe\miles\mssmp3.asi
module=C:\vendor-miles-probe\miles\mssogg.asi
module=C:\vendor-miles-probe\miles\mssvoice.asi
driver=0082CFE0 error=
module=C:\vendor-miles-probe\probe.exe
module=C:\windows\system32\ntdll.dll
module=C:\windows\system32\kernel32.dll
module=C:\windows\system32\kernelbase.dll
module=C:\windows\system32\WINMM.dll
module=C:\windows\system32\advapi32.dll
module=C:\windows\system32\msvcrt.dll
module=C:\windows\system32\sechost.dll
module=C:\windows\system32\ucrtbase.dll
module=C:\windows\system32\msacm32.dll
module=C:\windows\system32\user32.dll
module=C:\windows\system32\gdi32.dll
module=C:\windows\system32\win32u.dll
module=C:\windows\system32\ole32.dll
module=C:\windows\system32\combase.dll
module=C:\windows\system32\rpcrt4.dll
module=C:\windows\system32\cryptbase.dll
module=C:\windows\system32\coml2.dll
module=C:\windows\system32\imm32.dll
module=C:\vendor-miles-probe\Mss32.dll
module=c:\windows\system32\winex11.drv
module=C:\windows\system32\uxtheme.dll
module=C:\windows\system32\mmdevapi.dll
module=C:\windows\system32\oleaut32.dll
module=C:\windows\system32\version.dll
module=C:\vendor-miles-probe\miles\mssmp3.asi
module=C:\vendor-miles-probe\miles\mssogg.asi
module=C:\vendor-miles-probe\miles\mssvoice.asi
module=C:\windows\system32\DSOUND.DLL
sample-accepted=1
event=sample-start tick=188577320 thread=304 cw=027f mxcsr=00001fa0
sample tick=188577320 status=4 position=64 total=204
sample tick=188577320 status=4 position=64 total=204
sample tick=188577336 status=4 position=72 total=204
sample tick=188577336 status=4 position=80 total=204
sample tick=188577352 status=4 position=96 total=204
sample tick=188577363 status=4 position=104 total=204
sample tick=188577379 status=4 position=112 total=204
sample tick=188577379 status=4 position=128 total=204
sample tick=188577395 status=4 position=144 total=204
sample tick=188577411 status=4 position=144 total=204
sample tick=188577411 status=4 position=161 total=204
sample tick=188577427 status=4 position=169 total=204
sample tick=188577443 status=4 position=177 total=204
sample tick=188577443 status=4 position=193 total=204
sample tick=188577459 status=4 position=201 total=204
event=sample-eos tick=188577459 thread=328 cw=027f mxcsr=00001f80
stream=00889C00 error=
event=stream-start tick=188577475 thread=304 cw=027f mxcsr=00001fa0
stream tick=188577475 status=4
stream tick=188577475 status=4
stream tick=188577491 status=4
stream tick=188577491 status=4
stream tick=188577507 status=4
stream tick=188577523 status=4
stream tick=188577523 status=4
stream tick=188577539 status=4
stream tick=188577555 status=4
stream tick=188577555 status=4
stream tick=188577571 status=4
stream tick=188577571 status=4
stream tick=188577587 status=4
stream tick=188577603 status=4
stream tick=188577603 status=4
stream tick=188577619 status=4
stream tick=188577635 status=4
stream tick=188577635 status=4
stream tick=188577652 status=4
stream tick=188577668 status=4
stream tick=188577668 status=4
stream tick=188577684 status=4
stream tick=188577684 status=4
stream tick=188577700 status=4
stream tick=188577716 status=4
stream tick=188577716 status=4
stream tick=188577732 status=4
event=stream-eos tick=188577732 thread=328 cw=027f mxcsr=00001f80
module=C:\vendor-miles-probe\probe.exe
module=C:\windows\system32\ntdll.dll
module=C:\windows\system32\kernel32.dll
module=C:\windows\system32\kernelbase.dll
module=C:\windows\system32\WINMM.dll
module=C:\windows\system32\advapi32.dll
module=C:\windows\system32\msvcrt.dll
module=C:\windows\system32\sechost.dll
module=C:\windows\system32\ucrtbase.dll
module=C:\windows\system32\msacm32.dll
module=C:\windows\system32\user32.dll
module=C:\windows\system32\gdi32.dll
module=C:\windows\system32\win32u.dll
module=C:\windows\system32\ole32.dll
module=C:\windows\system32\combase.dll
module=C:\windows\system32\rpcrt4.dll
module=C:\windows\system32\cryptbase.dll
module=C:\windows\system32\coml2.dll
module=C:\windows\system32\imm32.dll
module=C:\vendor-miles-probe\Mss32.dll
module=c:\windows\system32\winex11.drv
module=C:\windows\system32\uxtheme.dll
module=C:\windows\system32\mmdevapi.dll
module=C:\windows\system32\oleaut32.dll
module=C:\windows\system32\version.dll
module=C:\vendor-miles-probe\miles\mssmp3.asi
module=C:\vendor-miles-probe\miles\mssogg.asi
module=C:\vendor-miles-probe\miles\mssvoice.asi
module=C:\windows\system32\DSOUND.DLL
event=shutdown tick=188577764 thread=304 cw=027f mxcsr=00001fa0
sample-eos=1 stream-eos=1
