codec.cpp
tests.cpp
C:\miles-transport-candidate-v2\transport-candidate\tests.cpp(29) : warning C4127: conditional expression is constant
C:\miles-transport-candidate-v2\transport-candidate\tests.cpp(47) : warning C4127: conditional expression is constant
C:\miles-transport-candidate-v2\transport-candidate\tests.cpp(50) : warning C4127: conditional expression is constant
C:\miles-transport-candidate-v2\transport-candidate\tests.cpp(52) : warning C4127: conditional expression is constant
C:\miles-transport-candidate-v2\transport-candidate\tests.cpp(55) : warning C4127: conditional expression is constant
C:\miles-transport-candidate-v2\transport-candidate\tests.cpp(61) : warning C4127: conditional expression is constant
C:\miles-transport-candidate-v2\transport-candidate\tests.cpp(66) : warning C4127: conditional expression is constant
C:\miles-transport-candidate-v2\transport-candidate\tests.cpp(70) : warning C4127: conditional expression is constant
C:\miles-transport-candidate-v2\transport-candidate\tests.cpp(71) : warning C4127: conditional expression is constant
C:\miles-transport-candidate-v2\transport-candidate\tests.cpp(72) : warning C4127: conditional expression is constant
C:\miles-transport-candidate-v2\transport-candidate\tests.cpp(76) : warning C4127: conditional expression is constant
C:\miles-transport-candidate-v2\transport-candidate\tests.cpp(84) : warning C4127: conditional expression is constant
C:\miles-transport-candidate-v2\transport-candidate\tests.cpp(86) : warning C4127: conditional expression is constant
C:\miles-transport-candidate-v2\transport-candidate\tests.cpp(88) : warning C4127: conditional expression is constant
C:\miles-transport-candidate-v2\transport-candidate\tests.cpp(93) : warning C4127: conditional expression is constant
C:\miles-transport-candidate-v2\transport-candidate\tests.cpp(101) : warning C4127: conditional expression is constant
C:\miles-transport-candidate-v2\transport-candidate\tests.cpp(103) : warning C4127: conditional expression is constant
C:\miles-transport-candidate-v2\transport-candidate\tests.cpp(105) : warning C4127: conditional expression is constant
C:\miles-transport-candidate-v2\transport-candidate\tests.cpp(107) : warning C4127: conditional expression is constant
C:\miles-transport-candidate-v2\transport-candidate\tests.cpp(110) : warning C4127: conditional expression is constant
C:\miles-transport-candidate-v2\transport-candidate\tests.cpp(111) : warning C4127: conditional expression is constant
C:\miles-transport-candidate-v2\transport-candidate\tests.cpp(112) : warning C4127: conditional expression is constant
C:\miles-transport-candidate-v2\transport-candidate\tests.cpp(113) : warning C4127: conditional expression is constant
C:\miles-transport-candidate-v2\transport-candidate\tests.cpp(114) : warning C4127: conditional expression is constant
C:\miles-transport-candidate-v2\transport-candidate\tests.cpp(116) : warning C4127: conditional expression is constant
C:\miles-transport-candidate-v2\transport-candidate\tests.cpp(119) : warning C4127: conditional expression is constant
C:\miles-transport-candidate-v2\transport-candidate\tests.cpp(122) : warning C4127: conditional expression is constant
C:\miles-transport-candidate-v2\transport-candidate\tests.cpp(125) : warning C4127: conditional expression is constant
C:\miles-transport-candidate-v2\transport-candidate\tests.cpp(126) : warning C4127: conditional expression is constant
C:\miles-transport-candidate-v2\transport-candidate\tests.cpp(127) : warning C4127: conditional expression is constant
C:\miles-transport-candidate-v2\transport-candidate\tests.cpp(128) : warning C4127: conditional expression is constant
C:\miles-transport-candidate-v2\transport-candidate\tests.cpp(130) : warning C4127: conditional expression is constant
C:\miles-transport-candidate-v2\transport-candidate\tests.cpp(132) : warning C4127: conditional expression is constant
C:\miles-transport-candidate-v2\transport-candidate\tests.cpp(138) : warning C4127: conditional expression is constant
C:\miles-transport-candidate-v2\transport-candidate\tests.cpp(143) : warning C4127: conditional expression is constant
C:\miles-transport-candidate-v2\transport-candidate\tests.cpp(148) : warning C4127: conditional expression is constant
C:\miles-transport-candidate-v2\transport-candidate\tests.cpp(149) : warning C4127: conditional expression is constant
C:\miles-transport-candidate-v2\transport-candidate\tests.cpp(150) : warning C4127: conditional expression is constant
C:\miles-transport-candidate-v2\transport-candidate\tests.cpp(151) : warning C4127: conditional expression is constant
C:\miles-transport-candidate-v2\transport-candidate\tests.cpp(152) : warning C4127: conditional expression is constant
C:\miles-transport-candidate-v2\transport-candidate\tests.cpp(153) : warning C4127: conditional expression is constant
C:\miles-transport-candidate-v2\transport-candidate\tests.cpp(154) : warning C4127: conditional expression is constant
C:\miles-transport-candidate-v2\transport-candidate\tests.cpp(155) : warning C4127: conditional expression is constant
C:\miles-transport-candidate-v2\transport-candidate\tests.cpp(156) : warning C4127: conditional expression is constant
C:\miles-transport-candidate-v2\transport-candidate\tests.cpp(157) : warning C4127: conditional expression is constant
C:\miles-transport-candidate-v2\transport-candidate\tests.cpp(158) : warning C4127: conditional expression is constant
C:\miles-transport-candidate-v2\transport-candidate\tests.cpp(159) : warning C4127: conditional expression is constant
C:\miles-transport-candidate-v2\transport-candidate\tests.cpp(160) : warning C4127: conditional expression is constant
C:\miles-transport-candidate-v2\transport-candidate\tests.cpp(161) : warning C4127: conditional expression is constant
C:\miles-transport-candidate-v2\transport-candidate\tests.cpp(162) : warning C4127: conditional expression is constant
C:\miles-transport-candidate-v2\transport-candidate\tests.cpp(163) : warning C4127: conditional expression is constant
C:\miles-transport-candidate-v2\transport-candidate\tests.cpp(164) : warning C4127: conditional expression is constant
C:\miles-transport-candidate-v2\transport-candidate\tests.cpp(166) : warning C4127: conditional expression is constant
C:\miles-transport-candidate-v2\transport-candidate\tests.cpp(169) : warning C4127: conditional expression is constant
C:\miles-transport-candidate-v2\transport-candidate\tests.cpp(170) : warning C4127: conditional expression is constant
Generating Code...
412/412 checks passed
