C:\Program Files (x86)\Microsoft Visual Studio 12.0\VC\bin\amd64\cl.exe
Microsoft (R) C/C++ Optimizing Compiler Version 18.00.40629 for x64
Copyright (C) Microsoft Corporation.  All rights reserved.

cl /EHsc
   /W4
   /Y-
   /DWIN32
   /volatile:ms
   /Gy
   /MT
   /O2
   /I"C:\http-candidate23\source\src"
   /I"C:\http-candidate23\results-v1\Release-x64-stock"
   "C:\http-candidate23\results-v1\Release-x64-stock\probe.cpp"
   /Fo"C:\http-candidate23\results-v1\Release-x64-stock\probe.obj"
   /Fe"C:\http-candidate23\results-v1\Release-x64-stock\probe.exe"
   /link
   /MAP:"C:\http-candidate23\results-v1\Release-x64-stock\probe.map"
   kernel32.lib

cl : Command line warning D9002 : ignoring unknown option '/MAP:C:\http-candidate23\results-v1\Release-x64-stock\probe.map'
probe.cpp
c:\http-candidate23\results-v1\release-x64-stock\VeCritsec.hpp(43) : error C4235: nonstandard extension used : '__asm' keyword not supported on this architecture
c:\http-candidate23\results-v1\release-x64-stock\VeCritsec.hpp(45) : error C2065: 'mov' : undeclared identifier
c:\http-candidate23\results-v1\release-x64-stock\VeCritsec.hpp(45) : error C2146: syntax error : missing ';' before identifier 'esi'
c:\http-candidate23\results-v1\release-x64-stock\VeCritsec.hpp(45) : error C2065: 'esi' : undeclared identifier
c:\http-candidate23\results-v1\release-x64-stock\VeCritsec.hpp(46) : error C2061: syntax error : identifier 'lock'
c:\http-candidate23\results-v1\release-x64-stock\VeCritsec.hpp(52) : warning C4573: the usage of 'VeCritsec::m_uThreadID' requires the compiler to capture 'this' but the current default capture mode does not allow it
c:\http-candidate23\results-v1\release-x64-stock\VeCritsec.hpp(52) : error C3493: 'uCallingThread' cannot be implicitly captured because no default capture mode has been specified
c:\http-candidate23\results-v1\release-x64-stock\VeCritsec.hpp(53) : warning C4573: the usage of 'VeCritsec::m_uLockCount' requires the compiler to capture 'this' but the current default capture mode does not allow it
c:\http-candidate23\results-v1\release-x64-stock\VeCritsec.hpp(91) : warning C4573: the usage of 'VeCritsec::m_uLockCount' requires the compiler to capture 'this' but the current default capture mode does not allow it
c:\http-candidate23\results-v1\release-x64-stock\VeCritsec.hpp(92) : warning C4573: the usage of 'VeCritsec::m_uLockCount' requires the compiler to capture 'this' but the current default capture mode does not allow it
c:\http-candidate23\results-v1\release-x64-stock\VeCritsec.hpp(94) : warning C4573: the usage of 'VeCritsec::m_uThreadID' requires the compiler to capture 'this' but the current default capture mode does not allow it
c:\http-candidate23\results-v1\release-x64-stock\VeCritsec.hpp(95) : warning C4573: the usage of 'VeCritsec::m_iLock' requires the compiler to capture 'this' but the current default capture mode does not allow it
c:\http-candidate23\results-v1\release-x64-stock\VeCritsec.hpp(105) : warning C4573: the usage of 'VeCritsec::trylock' requires the compiler to capture 'this' but the current default capture mode does not allow it
c:\http-candidate23\results-v1\release-x64-stock\VeCritsec.hpp(112) : warning C4573: the usage of 'VeCritsec::yield_thread' requires the compiler to capture 'this' but the current default capture mode does not allow it
C:\http-candidate23\results-v1\Release-x64-stock\probe.cpp(23) : error C3493: 'value' cannot be implicitly captured because no default capture mode has been specified
C:\http-candidate23\results-v1\Release-x64-stock\probe.cpp(23) : error C3493: 'name' cannot be implicitly captured because no default capture mode has been specified
C:\http-candidate23\results-v1\Release-x64-stock\probe.cpp(28) : error C3493: 'handle' cannot be implicitly captured because no default capture mode has been specified
C:\http-candidate23\results-v1\Release-x64-stock\probe.cpp(34) : error C3487: 'HANDLE': all return expressions in a lambda must have the same type: previously it was 'bool'
C:\http-candidate23\results-v1\Release-x64-stock\probe.cpp(38) : error C3493: 'lock' cannot be implicitly captured because no default capture mode has been specified
C:\http-candidate23\results-v1\Release-x64-stock\probe.cpp(49) : error C3493: 'opaque' cannot be implicitly captured because no default capture mode has been specified
C:\http-candidate23\results-v1\Release-x64-stock\probe.cpp(52) : error C3487: 'int': all return expressions in a lambda must have the same type: previously it was 'bool'
C:\http-candidate23\results-v1\Release-x64-stock\probe.cpp(62) : error C3487: 'int': all return expressions in a lambda must have the same type: previously it was 'bool'
C:\http-candidate23\results-v1\Release-x64-stock\probe.cpp(66) : error C3493: 'thread' cannot be implicitly captured because no default capture mode has been specified
C:\http-candidate23\results-v1\Release-x64-stock\probe.cpp(102) : error C3487: 'int': all return expressions in a lambda must have the same type: previously it was 'bool'
C:\http-candidate23\results-v1\Release-x64-stock\probe.cpp(117) : error C3487: 'int': all return expressions in a lambda must have the same type: previously it was 'bool'
C:\http-candidate23\results-v1\Release-x64-stock\probe.cpp(139) : error C3487: 'int': all return expressions in a lambda must have the same type: previously it was 'bool'
C:\http-candidate23\results-v1\Release-x64-stock\probe.cpp(141) : error C3487: 'int': all return expressions in a lambda must have the same type: previously it was 'bool'
