Build started 9/30/2026 8:07:02 AM.
Project "Q:\repo\src\external\ours\library\crypto\build\win32\crypto.vcxproj" on node 1 (Rebuild target(s)).
CoreClean:
  Creating directory "C:\crypto-complete-v3\Debug-Win32\obj/".
PrepareForBuild:
  Creating directory "C:\crypto-complete-v3\Debug-Win32\obj/crypto.tlog\".
InitializeBuildStatus:
  Creating "C:\crypto-complete-v3\Debug-Win32\obj/crypto.tlog\unsuccessfulbuild" because "AlwaysCreate" was specified.
ClCompile:
  C:\Program Files (x86)\Microsoft Visual Studio 12.0\VC\bin\CL.exe /c /I..\..\..\..\..\..\external\3rd\library\stlport453\stlport /I..\..\src\shared\core /I..\..\src\shared\original /I..\..\src\shared\wrapper /I..\..\src\win32 /I..\..\include /Zi /nologo /W4 /WX /Od /Ob1 /Oy- /D WIN32 /D _DEBUG /D _MBCS /D DEBUG_LEVEL=2 /D _CRT_SECURE_NO_DEPRECATE=1 /D _USE_32BIT_TIME_T=1 /D _LIB /D _MBCS /Gm /EHsc /RTC1 /MTd /GS /Gy /fp:precise /Zc:wchar_t- /Zc:forScope /GR /Yc"FirstCrypto.h" /Fp"C:\crypto-complete-v3\Debug-Win32/crypto.pch" /Fo"C:\crypto-complete-v3\Debug-Win32/" /Fd"C:\crypto-complete-v3\Debug-Win32/crypto_d.pdb" /Gd /TP /analyze- /FC /errorReport:queue ..\..\src\win32\FirstCrypto.cpp
  FirstCrypto.cpp
  C:\Program Files (x86)\Microsoft Visual Studio 12.0\VC\bin\CL.exe /c /I..\..\..\..\..\..\external\3rd\library\stlport453\stlport /I..\..\src\shared\core /I..\..\src\shared\original /I..\..\src\shared\wrapper /I..\..\src\win32 /I..\..\include /Zi /nologo /W4 /WX /Od /Ob1 /Oy- /D WIN32 /D _DEBUG /D _MBCS /D DEBUG_LEVEL=2 /D _CRT_SECURE_NO_DEPRECATE=1 /D _USE_32BIT_TIME_T=1 /D _LIB /D _MBCS /Gm /EHsc /RTC1 /MTd /GS /Gy /fp:precise /Zc:wchar_t- /Zc:forScope /GR /Fo"C:\crypto-complete-v3\Debug-Win32/" /Fd"C:\crypto-complete-v3\Debug-Win32/crypto_d.pdb" /Gd /TP /analyze- /FC /errorReport:queue ..\..\src\shared\original\cryptlib.cpp ..\..\src\shared\original\filters.cpp ..\..\src\shared\original\iterhash.cpp ..\..\src\shared\original\md5.cpp ..\..\src\shared\original\misc.cpp ..\..\src\shared\original\mqueue.cpp ..\..\src\shared\original\queue.cpp ..\..\src\shared\original\tftables.cpp ..\..\src\shared\original\twofish.cpp ..\..\src\shared\wrapper\Hash.cpp ..\..\src\shared\wrapper\MD5Hash.cpp ..\..\src\shared\wrapper\TwofishCrypt.cpp ..\..\src\shared\wrapper\TwofishDecryptor.cpp ..\..\src\shared\wrapper\TwofishEncryptor.cpp
  TwofishEncryptor.cpp
  TwofishDecryptor.cpp
  TwofishCrypt.cpp
  MD5Hash.cpp
  Hash.cpp
  twofish.cpp
  tftables.cpp
  queue.cpp
  mqueue.cpp
  misc.cpp
  md5.cpp
  iterhash.cpp
  filters.cpp
  cryptlib.cpp
  Generating Code...
Lib:
  C:\Program Files (x86)\Microsoft Visual Studio 12.0\VC\bin\Lib.exe /OUT:"C:\crypto-complete-v3\Debug-Win32\crypto.lib" /NOLOGO "C:\crypto-complete-v3\Debug-Win32/cryptlib.obj"
  "C:\crypto-complete-v3\Debug-Win32/filters.obj"
  "C:\crypto-complete-v3\Debug-Win32/iterhash.obj"
  "C:\crypto-complete-v3\Debug-Win32/md5.obj"
  "C:\crypto-complete-v3\Debug-Win32/misc.obj"
  "C:\crypto-complete-v3\Debug-Win32/mqueue.obj"
  "C:\crypto-complete-v3\Debug-Win32/queue.obj"
  "C:\crypto-complete-v3\Debug-Win32/tftables.obj"
  "C:\crypto-complete-v3\Debug-Win32/twofish.obj"
  "C:\crypto-complete-v3\Debug-Win32/Hash.obj"
  "C:\crypto-complete-v3\Debug-Win32/MD5Hash.obj"
  "C:\crypto-complete-v3\Debug-Win32/TwofishCrypt.obj"
  "C:\crypto-complete-v3\Debug-Win32/TwofishDecryptor.obj"
  "C:\crypto-complete-v3\Debug-Win32/TwofishEncryptor.obj"
  "C:\crypto-complete-v3\Debug-Win32/FirstCrypto.obj"
  crypto.vcxproj -> C:\crypto-complete-v3\Debug-Win32/crypto.lib
FinalizeBuildStatus:
  Deleting file "C:\crypto-complete-v3\Debug-Win32\obj/crypto.tlog\unsuccessfulbuild".
  Touching "C:\crypto-complete-v3\Debug-Win32\obj/crypto.tlog\crypto.lastbuildstate".
Done Building Project "Q:\repo\src\external\ours\library\crypto\build\win32\crypto.vcxproj" (Rebuild target(s)).

Build succeeded.
    0 Warning(s)
    0 Error(s)

Time Elapsed 00:00:02.79
