Microsoft (R) COFF/PE Dumper Version 12.00.40629.0
Copyright (C) Microsoft Corporation.  All rights reserved.


Dump of file C:\native86\results\x86-host-file-consumption49-file_tokens\x86-host-file-consumption49-file_tokens.obj

File Type: COFF OBJECT

COFF SYMBOL TABLE
000 00E19EB5 ABS    notype       Static       | @comp.id
001 80000191 ABS    notype       Static       | @feat.00
002 00000000 SECT1  notype       Static       | .drectve
    Section length   C2, #relocs    0, #linenums    0, checksum        0
004 00000000 SECT2  notype       Static       | .debug$S
    Section length   B8, #relocs    0, #linenums    0, checksum        0
006 00000000 SECT3  notype       Static       | .text$mn
    Section length  6D3, #relocs   27, #linenums    0, checksum DCAA1E1A
008 00000000 SECT4  notype       Static       | .text$x
    Section length   2E, #relocs    5, #linenums    0, checksum AA6E904B
00A 00000000 SECT5  notype       Static       | .text$mn
    Section length   3E, #relocs    2, #linenums    0, checksum 6B70BEF5, selection    2 (pick any)
00C 00000000 SECT6  notype       Static       | .text$mn
    Section length   40, #relocs    2, #linenums    0, checksum 7629844C, selection    2 (pick any)
00E 00000000 SECT7  notype       Static       | .text$mn
    Section length   20, #relocs    2, #linenums    0, checksum 8341FA3B, selection    2 (pick any)
010 00000000 SECT8  notype       Static       | .text$mn
    Section length   52, #relocs    4, #linenums    0, checksum CA45CC3A, selection    2 (pick any)
012 00000000 SECT9  notype       Static       | .text$mn
    Section length   36, #relocs    2, #linenums    0, checksum A0C244B2, selection    2 (pick any)
014 00000000 SECTA  notype       Static       | .text$mn
    Section length   34, #relocs    2, #linenums    0, checksum  CFC7E80, selection    2 (pick any)
016 00000000 SECTB  notype       Static       | .text$mn
    Section length   26, #relocs    1, #linenums    0, checksum 466EC509, selection    2 (pick any)
018 00000000 SECTC  notype       Static       | .text$mn
    Section length   13, #relocs    0, #linenums    0, checksum  3A83E6A, selection    2 (pick any)
01A 00000000 SECTD  notype       Static       | .text$mn
    Section length    B, #relocs    0, #linenums    0, checksum 731C78BA, selection    2 (pick any)
01C 00000000 SECTE  notype       Static       | .text$mn
    Section length   10, #relocs    0, #linenums    0, checksum AC55EF42, selection    2 (pick any)
01E 00000000 SECTF  notype       Static       | .text$mn
    Section length   33, #relocs    2, #linenums    0, checksum A0A9D5D2, selection    2 (pick any)
020 00000000 SECT10 notype       Static       | .text$mn
    Section length    8, #relocs    0, #linenums    0, checksum 9FC65074, selection    2 (pick any)
022 00000000 SECT11 notype       Static       | .text$mn
    Section length   45, #relocs    3, #linenums    0, checksum  182625D, selection    2 (pick any)
024 00000000 SECT12 notype       Static       | .text$mn
    Section length   EC, #relocs    A, #linenums    0, checksum CCB90645, selection    2 (pick any)
026 00000000 SECT13 notype       Static       | .text$x
    Section length   1B, #relocs    3, #linenums    0, checksum 56F72B9E, selection    5 (pick associative Section 0x12)
028 00000000 SECT14 notype       Static       | .text$mn
    Section length   47, #relocs    5, #linenums    0, checksum 71FACC09, selection    2 (pick any)
02A 00000000 SECT15 notype       Static       | .text$mn
    Section length    7, #relocs    0, #linenums    0, checksum 96F779C9, selection    2 (pick any)
02C 00000000 SECT16 notype       Static       | .text$mn
    Section length    8, #relocs    0, #linenums    0, checksum 9FC65074, selection    2 (pick any)
02E 00000000 SECT17 notype       Static       | .text$mn
    Section length   2A, #relocs    2, #linenums    0, checksum DD7DBD75, selection    2 (pick any)
030 00000000 SECT18 notype       Static       | .text$mn
    Section length   8F, #relocs    4, #linenums    0, checksum 6D88C9F3, selection    2 (pick any)
032 00000000 SECT19 notype       Static       | .text$x
    Section length   2C, #relocs    4, #linenums    0, checksum FCE570C4, selection    5 (pick associative Section 0x18)
034 00000000 SECT1A notype       Static       | .text$mn
    Section length   1E, #relocs    2, #linenums    0, checksum FD521FF5, selection    2 (pick any)
036 00000000 SECT1B notype       Static       | .text$mn
    Section length   2A, #relocs    2, #linenums    0, checksum DD7DBD75, selection    2 (pick any)
038 00000000 SECT1C notype       Static       | .text$mn
    Section length   8C, #relocs    4, #linenums    0, checksum 2EBC7424, selection    2 (pick any)
03A 00000000 SECT1D notype       Static       | .text$x
    Section length   2C, #relocs    4, #linenums    0, checksum EBB4DEC8, selection    5 (pick associative Section 0x1C)
03C 00000000 SECT1E notype       Static       | .text$mn
    Section length   1E, #relocs    2, #linenums    0, checksum FD521FF5, selection    2 (pick any)
03E 00000000 SECT1F notype       Static       | .text$mn
    Section length   1D, #relocs    1, #linenums    0, checksum  194F6F6, selection    2 (pick any)
040 00000000 SECT20 notype       Static       | .text$mn
    Section length    D, #relocs    0, #linenums    0, checksum FEDA5EFE, selection    2 (pick any)
042 00000000 SECT21 notype       Static       | .text$mn
    Section length   11, #relocs    1, #linenums    0, checksum 3F64F992, selection    2 (pick any)
044 00000000 SECT22 notype       Static       | .text$mn
    Section length   1D, #relocs    1, #linenums    0, checksum  194F6F6, selection    2 (pick any)
046 00000000 SECT23 notype       Static       | .text$mn
    Section length    D, #relocs    0, #linenums    0, checksum FEDA5EFE, selection    2 (pick any)
048 00000000 SECT24 notype       Static       | .text$mn
    Section length   11, #relocs    1, #linenums    0, checksum 3F64F992, selection    2 (pick any)
04A 00000000 SECT25 notype       Static       | .text$mn
    Section length    8, #relocs    0, #linenums    0, checksum 9FC65074, selection    2 (pick any)
04C 00000000 SECT26 notype       Static       | .text$mn
    Section length    8, #relocs    0, #linenums    0, checksum 9FC65074, selection    2 (pick any)
04E 00000000 SECT27 notype       Static       | .text$mn
    Section length   20, #relocs    1, #linenums    0, checksum 60481A75, selection    2 (pick any)
050 00000000 SECT28 notype       Static       | .text$mn
    Section length   58, #relocs    4, #linenums    0, checksum CEE6C226, selection    2 (pick any)
052 00000000 SECT29 notype       Static       | .text$x
    Section length   23, #relocs    4, #linenums    0, checksum 5B6E1E5A, selection    5 (pick associative Section 0x28)
054 00000000 SECT2A notype       Static       | .text$mn
    Section length   34, #relocs    1, #linenums    0, checksum 2B95B42E, selection    2 (pick any)
056 00000000 SECT2B notype       Static       | .text$mn
    Section length   16, #relocs    1, #linenums    0, checksum  FE9A807, selection    2 (pick any)
058 00000000 SECT2C notype       Static       | .text$mn
    Section length   16, #relocs    1, #linenums    0, checksum  FE9A807, selection    2 (pick any)
05A 00000000 SECT2D notype       Static       | .text$mn
    Section length    E, #relocs    0, #linenums    0, checksum 4DE4BFBE, selection    2 (pick any)
05C 00000000 SECT2E notype       Static       | .text$mn
    Section length    E, #relocs    0, #linenums    0, checksum 4DE4BFBE, selection    2 (pick any)
05E 00000000 SECT2F notype       Static       | .text$mn
    Section length    E, #relocs    0, #linenums    0, checksum 4DE4BFBE, selection    2 (pick any)
060 00000000 SECT30 notype       Static       | .text$mn
    Section length   1C, #relocs    1, #linenums    0, checksum F4C93157, selection    2 (pick any)
062 00000000 SECT31 notype       Static       | .text$mn
    Section length   21, #relocs    2, #linenums    0, checksum 7FD47114, selection    2 (pick any)
064 00000000 SECT32 notype       Static       | .text$mn
    Section length   53, #relocs    0, #linenums    0, checksum AD4A962C, selection    2 (pick any)
066 00000000 SECT33 notype       Static       | .text$mn
    Section length   4C, #relocs    1, #linenums    0, checksum 82C7FD81, selection    2 (pick any)
068 00000000 SECT34 notype       Static       | .text$mn
    Section length   27, #relocs    0, #linenums    0, checksum CDE3493F, selection    2 (pick any)
06A 00000000 SECT35 notype       Static       | .text$mn
    Section length   91, #relocs    7, #linenums    0, checksum D555FFB8, selection    2 (pick any)
06C 00000000 SECT36 notype       Static       | .text$x
    Section length   23, #relocs    4, #linenums    0, checksum 7E659544, selection    5 (pick associative Section 0x35)
06E 00000000 SECT37 notype       Static       | .text$mn
    Section length   17, #relocs    0, #linenums    0, checksum DCB33672, selection    2 (pick any)
070 00000000 SECT38 notype       Static       | .text$mn
    Section length   21, #relocs    0, #linenums    0, checksum  9AF886A, selection    2 (pick any)
072 00000000 SECT39 notype       Static       | .text$mn
    Section length   25, #relocs    2, #linenums    0, checksum C8EE1089, selection    2 (pick any)
074 00000000 SECT3A notype       Static       | .text$mn
    Section length   25, #relocs    2, #linenums    0, checksum C8EE1089, selection    2 (pick any)
076 00000000 SECT3B notype       Static       | .text$mn
    Section length   25, #relocs    2, #linenums    0, checksum C8EE1089, selection    2 (pick any)
078 00000000 SECT3C notype       Static       | .text$mn
    Section length   25, #relocs    2, #linenums    0, checksum 41AC5AB9, selection    2 (pick any)
07A 00000000 SECT3D notype       Static       | .text$mn
    Section length   1B, #relocs    2, #linenums    0, checksum 423E1A34, selection    2 (pick any)
07C 00000000 SECT3E notype       Static       | .text$mn
    Section length   13, #relocs    1, #linenums    0, checksum 58B0A1A3, selection    2 (pick any)
07E 00000000 SECT3F notype       Static       | .text$mn
    Section length   13, #relocs    1, #linenums    0, checksum 58B0A1A3, selection    2 (pick any)
080 00000000 SECT40 notype       Static       | .text$mn
    Section length   1B, #relocs    2, #linenums    0, checksum 423E1A34, selection    2 (pick any)
082 00000000 SECT41 notype       Static       | .text$mn
    Section length   16, #relocs    1, #linenums    0, checksum A0FD2B19, selection    2 (pick any)
084 00000000 SECT42 notype       Static       | .text$mn
    Section length   21, #relocs    1, #linenums    0, checksum 6CFCCAF8, selection    2 (pick any)
086 00000000 SECT43 notype       Static       | .text$mn
    Section length   13, #relocs    1, #linenums    0, checksum 58B0A1A3, selection    2 (pick any)
088 00000000 SECT44 notype       Static       | .text$mn
    Section length   13, #relocs    1, #linenums    0, checksum 58B0A1A3, selection    2 (pick any)
08A 00000000 SECT45 notype       Static       | .text$mn
    Section length   13, #relocs    1, #linenums    0, checksum 58B0A1A3, selection    2 (pick any)
08C 00000000 SECT46 notype       Static       | .text$mn
    Section length   13, #relocs    1, #linenums    0, checksum 58B0A1A3, selection    2 (pick any)
08E 00000000 SECT47 notype       Static       | .text$mn
    Section length    8, #relocs    0, #linenums    0, checksum 98CFF8A8, selection    2 (pick any)
090 00000000 SECT48 notype       Static       | .text$mn
    Section length    5, #relocs    0, #linenums    0, checksum 672BE856, selection    2 (pick any)
092 00000000 SECT49 notype       Static       | .text$mn
    Section length   16, #relocs    0, #linenums    0, checksum 4C0A8664, selection    2 (pick any)
094 00000000 SECT4A notype       Static       | .text$mn
    Section length   8C, #relocs    D, #linenums    0, checksum  621ECEC, selection    2 (pick any)
096 00000000 SECT4B notype       Static       | .text$mn
    Section length   8C, #relocs    D, #linenums    0, checksum 7C5F3D75, selection    2 (pick any)
098 00000000 SECT4C notype       Static       | .text$mn
    Section length   37, #relocs    1, #linenums    0, checksum B0A53702, selection    2 (pick any)
09A 00000000 SECT4D notype       Static       | .text$mn
    Section length   6A, #relocs    5, #linenums    0, checksum  533A73F, selection    2 (pick any)
09C 00000000 SECT4E notype       Static       | .text$mn
    Section length   2C, #relocs    2, #linenums    0, checksum 1CD3401A, selection    2 (pick any)
09E 00000000 SECT4F notype       Static       | .text$mn
    Section length   2C, #relocs    2, #linenums    0, checksum 1CD3401A, selection    2 (pick any)
0A0 00000000 SECT50 notype       Static       | .text$di
    Section length    D, #relocs    0, #linenums    0, checksum A512431E, selection    2 (pick any)
0A2 00000000 SECT51 notype       Static       | .text$di
    Section length    D, #relocs    0, #linenums    0, checksum A512431E, selection    2 (pick any)
0A4 00000000 SECT52 notype       Static       | .text$mn
    Section length   45, #relocs    4, #linenums    0, checksum 2D4CA28F, selection    2 (pick any)
0A6 00000000 SECT53 notype       Static       | .text$mn
    Section length   14, #relocs    0, #linenums    0, checksum CCF0F6D5, selection    2 (pick any)
0A8 00000000 SECT54 notype       Static       | .text$mn
    Section length   28, #relocs    2, #linenums    0, checksum 718EAD27, selection    2 (pick any)
0AA 00000000 SECT55 notype       Static       | .text$mn
    Section length   2F, #relocs    2, #linenums    0, checksum D117847A, selection    2 (pick any)
0AC 00000000 SECT56 notype       Static       | .text$mn
    Section length   44, #relocs    4, #linenums    0, checksum F0D9C26C, selection    2 (pick any)
0AE 00000000 SECT57 notype       Static       | .text$mn
    Section length   18, #relocs    1, #linenums    0, checksum A0744C79, selection    2 (pick any)
0B0 00000000 SECT58 notype       Static       | .text$mn
    Section length   2C, #relocs    0, #linenums    0, checksum 92B32969, selection    2 (pick any)
0B2 00000000 SECT59 notype       Static       | .text$mn
    Section length   11, #relocs    0, #linenums    0, checksum A686E293, selection    2 (pick any)
0B4 00000000 SECT5A notype       Static       | .text$mn
    Section length   59, #relocs    2, #linenums    0, checksum E4B7F97F, selection    2 (pick any)
0B6 00000000 SECT5B notype       Static       | .text$mn
    Section length   38, #relocs    0, #linenums    0, checksum 5498FD17, selection    2 (pick any)
0B8 00000000 SECT5C notype       Static       | .text$mn
    Section length   62, #relocs    2, #linenums    0, checksum 702125DB, selection    2 (pick any)
0BA 00000000 SECT5D notype       Static       | .text$mn
    Section length   B8, #relocs    8, #linenums    0, checksum 7A16F636, selection    2 (pick any)
0BC 00000000 SECT5E notype       Static       | .text$x
    Section length   23, #relocs    4, #linenums    0, checksum 35C6484E, selection    5 (pick associative Section 0x5D)
0BE 00000000 SECT5F notype       Static       | .text$mn
    Section length  13E, #relocs    E, #linenums    0, checksum 54E06127, selection    2 (pick any)
0C0 00000000 SECT60 notype       Static       | .text$x
    Section length   1B, #relocs    3, #linenums    0, checksum 2EBA18B0, selection    5 (pick associative Section 0x5F)
0C2 00000000 SECT61 notype       Static       | .text$mn
    Section length   5A, #relocs    7, #linenums    0, checksum 1A50E232, selection    2 (pick any)
0C4 00000000 SECT62 notype       Static       | .text$mn
    Section length   83, #relocs    4, #linenums    0, checksum 9AEB118E, selection    2 (pick any)
0C6 00000000 SECT63 notype       Static       | .text$mn
    Section length   1F, #relocs    0, #linenums    0, checksum ACD6CC14, selection    2 (pick any)
0C8 00000000 SECT64 notype       Static       | .text$mn
    Section length   15, #relocs    2, #linenums    0, checksum 56CE9215, selection    2 (pick any)
0CA 00000000 SECT65 notype       Static       | .text$mn
    Section length   19, #relocs    1, #linenums    0, checksum BD6B49F2, selection    2 (pick any)
0CC 00000000 SECT66 notype       Static       | .text$mn
    Section length   19, #relocs    1, #linenums    0, checksum BD6B49F2, selection    2 (pick any)
0CE 00000000 SECT67 notype       Static       | .text$mn
    Section length   1B, #relocs    1, #linenums    0, checksum A083A8B9, selection    2 (pick any)
0D0 00000000 SECT68 notype       Static       | .text$mn
    Section length   1B, #relocs    1, #linenums    0, checksum A083A8B9, selection    2 (pick any)
0D2 00000000 SECT69 notype       Static       | .text$mn
    Section length   45, #relocs    1, #linenums    0, checksum CB79C9E5, selection    2 (pick any)
0D4 00000000 SECT6A notype       Static       | .text$mn
    Section length   B3, #relocs    3, #linenums    0, checksum 3A6AC53E, selection    2 (pick any)
0D6 00000000 SECT6B notype       Static       | .text$mn
    Section length   1F, #relocs    0, #linenums    0, checksum 366C75EF, selection    2 (pick any)
0D8 00000000 SECT6C notype       Static       | .text$mn
    Section length   1D, #relocs    1, #linenums    0, checksum F0D1C1B9, selection    2 (pick any)
0DA 00000000 SECT6D notype       Static       | .text$mn
    Section length   1D, #relocs    1, #linenums    0, checksum F0D1C1B9, selection    2 (pick any)
0DC 00000000 SECT6E notype       Static       | .text$mn
    Section length   19, #relocs    1, #linenums    0, checksum 92C9EDFA, selection    2 (pick any)
0DE 00000000 SECT6F notype       Static       | .text$mn
    Section length   19, #relocs    1, #linenums    0, checksum 92C9EDFA, selection    2 (pick any)
0E0 00000000 SECT70 notype       Static       | .text$mn
    Section length   94, #relocs    3, #linenums    0, checksum 580CCFA5, selection    2 (pick any)
0E2 00000000 SECT71 notype       Static       | .text$mn
    Section length    E, #relocs    0, #linenums    0, checksum 4DE4BFBE, selection    2 (pick any)
0E4 00000000 SECT72 notype       Static       | .text$mn
    Section length   27, #relocs    0, #linenums    0, checksum  7547AFD, selection    2 (pick any)
0E6 00000000 SECT73 notype       Static       | .text$mn
    Section length   17, #relocs    1, #linenums    0, checksum 65735477, selection    2 (pick any)
0E8 00000000 SECT74 notype       Static       | .text$mn
    Section length   10, #relocs    0, #linenums    0, checksum 8DEB5BCE, selection    2 (pick any)
0EA 00000000 SECT75 notype       Static       | .text$mn
    Section length    D, #relocs    1, #linenums    0, checksum F7352B9C, selection    2 (pick any)
0EC 00000000 SECT76 notype       Static       | .text$mn
    Section length   20, #relocs    2, #linenums    0, checksum 612629E5, selection    2 (pick any)
0EE 00000000 SECT77 notype       Static       | .text$mn
    Section length   97, #relocs    1, #linenums    0, checksum 734B1E1B, selection    2 (pick any)
0F0 00000000 SECT78 notype       Static       | .text$mn
    Section length  11D, #relocs    D, #linenums    0, checksum D57225F6, selection    2 (pick any)
0F2 00000000 SECT79 notype       Static       | .text$mn
    Section length  174, #relocs    9, #linenums    0, checksum 16DD6058, selection    2 (pick any)
0F4 00000000 SECT7A notype       Static       | .text$mn
    Section length  116, #relocs    5, #linenums    0, checksum E8416FFF, selection    2 (pick any)
0F6 00000000 SECT7B notype       Static       | .text$mn
    Section length  12A, #relocs    A, #linenums    0, checksum C1CC30E2, selection    2 (pick any)
0F8 00000000 SECT7C notype       Static       | .text$mn
    Section length   76, #relocs    4, #linenums    0, checksum B828A72B, selection    2 (pick any)
0FA 00000000 SECT7D notype       Static       | .text$mn
    Section length   71, #relocs    0, #linenums    0, checksum 276AC823, selection    2 (pick any)
0FC 00000000 SECT7E notype       Static       | .text$mn
    Section length   43, #relocs    0, #linenums    0, checksum 8D3E6E5C, selection    2 (pick any)
0FE 00000000 SECT7F notype       Static       | .text$mn
    Section length   1F, #relocs    0, #linenums    0, checksum E25D3968, selection    2 (pick any)
100 00000000 SECT80 notype       Static       | .text$mn
    Section length   27, #relocs    1, #linenums    0, checksum D2B43191, selection    2 (pick any)
102 00000000 UNDEF  notype ()    External     | ??_L@YGXPAXIHP6EX0@Z1@Z (void __stdcall `eh vector constructor iterator'(void *,unsigned int,int,void (__thiscall*)(void *),void (__thiscall*)(void *)))
103 00000000 UNDEF  notype ()    External     | ??_M@YGXPAXIHP6EX0@Z@Z (void __stdcall `eh vector destructor iterator'(void *,unsigned int,int,void (__thiscall*)(void *)))
104 00000000 UNDEF  notype ()    External     | ??2@YAPAXI@Z (void * __cdecl operator new(unsigned int))
105 00000000 UNDEF  notype ()    External     | ??3@YAXPAX@Z (void __cdecl operator delete(void *))
106 00000000 UNDEF  notype ()    External     | __invalid_parameter
107 00000000 UNDEF  notype ()    External     | ??0_Lockit@std@@QAE@H@Z (public: __thiscall std::_Lockit::_Lockit(int))
108 00000000 UNDEF  notype ()    External     | ??1_Lockit@std@@QAE@XZ (public: __thiscall std::_Lockit::~_Lockit(void))
109 00000000 UNDEF  notype ()    External     | ??0exception@std@@QAE@ABQBD@Z (public: __thiscall std::exception::exception(char const * const &))
10A 00000000 UNDEF  notype ()    External     | ??0exception@std@@QAE@ABV01@@Z (public: __thiscall std::exception::exception(class std::exception const &))
10B 00000000 UNDEF  notype ()    External     | ??1exception@std@@UAE@XZ (public: virtual __thiscall std::exception::~exception(void))
10C 00000000 UNDEF  notype ()    External     | ?what@exception@std@@UBEPBDXZ (public: virtual char const * __thiscall std::exception::what(void)const )
10D 00000000 UNDEF  notype ()    External     | __hypot
10E 00000000 SECT80 notype ()    External     | _hypot
10F 00000000 SECT47 notype ()    External     | ??2@YAPAXIPAX@Z (void * __cdecl operator new(unsigned int,void *))
110 00000000 SECT48 notype ()    External     | ??3@YAXPAX0@Z (void __cdecl operator delete(void *,void *))
111 00000000 UNDEF  notype ()    External     | ??_V@YAXPAX@Z (void __cdecl operator delete[](void *))
112 00000000 UNDEF  notype ()    External     | ??_U@YAPAXI@Z (void * __cdecl operator new[](unsigned int))
113 00000000 UNDEF  notype ()    External     | __CrtDbgReportW
114 00000000 SECT51 notype ()    Static       | ??__Epiecewise_construct@std@@YAXXZ (void __cdecl std::`dynamic initializer for 'piecewise_construct''(void))
115 00000000 UNDEF  notype ()    External     | ?_Debug_message@std@@YAXPB_W0I@Z (void __cdecl std::_Debug_message(wchar_t const *,wchar_t const *,unsigned int))
116 00000000 SECT38 notype ()    External     | ??0_Container_proxy@std@@QAE@XZ (public: __thiscall std::_Container_proxy::_Container_proxy(void))
117 00000000 SECT37 notype ()    External     | ??0_Container_base12@std@@QAE@XZ (public: __thiscall std::_Container_base12::_Container_base12(void))
118 00000000 SECT44 notype ()    External     | ??1_Container_base12@std@@QAE@XZ (public: __thiscall std::_Container_base12::~_Container_base12(void))
119 00000000 SECT58 notype ()    External     | ?_Getpfirst@_Container_base12@std@@QBEPAPAU_Iterator_base12@2@XZ (public: struct std::_Iterator_base12 * * __thiscall std::_Container_base12::_Getpfirst(void)const )
11A 00000000 SECT5C notype ()    External     | ?_Orphan_all@_Container_base12@std@@QAEXXZ (public: void __thiscall std::_Container_base12::_Orphan_all(void))
11B 00000000 SECT53 notype ()    External     | ?_Clrcont@_Iterator_base12@std@@QAEXXZ (public: void __thiscall std::_Iterator_base12::_Clrcont(void))
11C 00000000 SECT59 notype ()    External     | ?_Getpnext@_Iterator_base12@std@@QAEPAPAU12@XZ (public: struct std::_Iterator_base12 * * __thiscall std::_Iterator_base12::_Getpnext(void))
11D 00000000 SECT50 notype ()    Static       | ??__Eallocator_arg@std@@YAXXZ (void __cdecl std::`dynamic initializer for 'allocator_arg''(void))
11E 00000000 UNDEF  notype ()    External     | ?_Xbad_alloc@std@@YAXXZ (void __cdecl std::_Xbad_alloc(void))
11F 00000000 UNDEF  notype ()    External     | ?_Xlength_error@std@@YAXPBD@Z (void __cdecl std::_Xlength_error(char const *))
120 00000000 SECT3C notype ()    External     | ??0logic_error@std@@QAE@PBD@Z (public: __thiscall std::logic_error::logic_error(char const *))
121 00000000 SECT46 notype ()    External     | ??1logic_error@std@@UAE@XZ (public: virtual __thiscall std::logic_error::~logic_error(void))
122 00000000 SECT3B notype ()    External     | ??0logic_error@std@@QAE@ABV01@@Z (public: __thiscall std::logic_error::logic_error(class std::logic_error const &))
123 00000000 SECT4F notype ()    External     | ??_Glogic_error@std@@UAEPAXI@Z (public: virtual void * __thiscall std::logic_error::`scalar deleting destructor'(unsigned int))
124 00000000 UNDEF  notype ()    WeakExternal | ??_Elogic_error@std@@UAEPAXI@Z (public: virtual void * __thiscall std::logic_error::`vector deleting destructor'(unsigned int))
    Default index      123 library search
126 00000000 SECT3A notype ()    External     | ??0invalid_argument@std@@QAE@PBD@Z (public: __thiscall std::invalid_argument::invalid_argument(char const *))
127 00000000 SECT45 notype ()    External     | ??1invalid_argument@std@@UAE@XZ (public: virtual __thiscall std::invalid_argument::~invalid_argument(void))
128 00000000 SECT39 notype ()    External     | ??0invalid_argument@std@@QAE@ABV01@@Z (public: __thiscall std::invalid_argument::invalid_argument(class std::invalid_argument const &))
129 00000000 SECT4E notype ()    External     | ??_Ginvalid_argument@std@@UAEPAXI@Z (public: virtual void * __thiscall std::invalid_argument::`scalar deleting destructor'(unsigned int))
12A 00000000 UNDEF  notype ()    WeakExternal | ??_Einvalid_argument@std@@UAEPAXI@Z (public: virtual void * __thiscall std::invalid_argument::`vector deleting destructor'(unsigned int))
    Default index      129 library search
12C 00000000 SECT72 notype ()    External     | ?knownResource@MilesTransport@@YA_NI@Z (bool __cdecl MilesTransport::knownResource(unsigned int))
12D 00000000 SECT34 notype ()    External     | ??0Reservation@ResourceRegistry@MilesTransport@@QAE@XZ (public: __thiscall MilesTransport::ResourceRegistry::Reservation::Reservation(void))
12E 00000000 SECT42 notype ()    External     | ??1Reservation@ResourceRegistry@MilesTransport@@QAE@XZ (public: __thiscall MilesTransport::ResourceRegistry::Reservation::~Reservation(void))
12F 00000000 SECT32 notype ()    External     | ??0Entry@ResourceRegistry@MilesTransport@@QAE@XZ (public: __thiscall MilesTransport::ResourceRegistry::Entry::Entry(void))
130 00000000 SECT2D notype ()    External     | ??0?$allocator@UEntry@ResourceRegistry@MilesTransport@@@std@@QAE@XZ (public: __thiscall std::allocator<struct MilesTransport::ResourceRegistry::Entry>::allocator<struct MilesTransport::ResourceRegistry::Entry>(void))
131 00000000 SECT6E notype ()    External     | ?deallocate@?$allocator@UEntry@ResourceRegistry@MilesTransport@@@std@@QAEXPAUEntry@ResourceRegistry@MilesTransport@@I@Z (public: void __thiscall std::allocator<struct MilesTransport::ResourceRegistry::Entry>::deallocate(struct MilesTransport::ResourceRegistry::Entry *,unsigned int))
132 00000000 SECT67 notype ()    External     | ?allocate@?$allocator@UEntry@ResourceRegistry@MilesTransport@@@std@@QAEPAUEntry@ResourceRegistry@MilesTransport@@I@Z (public: struct MilesTransport::ResourceRegistry::Entry * __thiscall std::allocator<struct MilesTransport::ResourceRegistry::Entry>::allocate(unsigned int))
133 00000000 SECT74 notype ()    External     | ?max_size@?$allocator@UEntry@ResourceRegistry@MilesTransport@@@std@@QBEIXZ (public: unsigned int __thiscall std::allocator<struct MilesTransport::ResourceRegistry::Entry>::max_size(void)const )
134 00000000 SECT75 notype ()    External     | ?max_size@?$allocator_traits@V?$allocator@UEntry@ResourceRegistry@MilesTransport@@@std@@@std@@SAIABV?$allocator@UEntry@ResourceRegistry@MilesTransport@@@2@@Z (public: static unsigned int __cdecl std::allocator_traits<class std::allocator<struct MilesTransport::ResourceRegistry::Entry> >::max_size(class std::allocator<struct MilesTransport::ResourceRegistry::Entry> const &))
135 00000000 SECT2B notype ()    External     | ??0?$_Wrap_alloc@V?$allocator@UEntry@ResourceRegistry@MilesTransport@@@std@@@std@@QAE@XZ (public: __thiscall std::_Wrap_alloc<class std::allocator<struct MilesTransport::ResourceRegistry::Entry> >::_Wrap_alloc<class std::allocator<struct MilesTransport::ResourceRegistry::Entry> >(void))
136 00000000 SECT65 notype ()    External     | ?allocate@?$_Wrap_alloc@V?$allocator@UEntry@ResourceRegistry@MilesTransport@@@std@@@std@@QAEPAUEntry@ResourceRegistry@MilesTransport@@I@Z (public: struct MilesTransport::ResourceRegistry::Entry * __thiscall std::_Wrap_alloc<class std::allocator<struct MilesTransport::ResourceRegistry::Entry> >::allocate(unsigned int))
137 00000000 SECT6C notype ()    External     | ?deallocate@?$_Wrap_alloc@V?$allocator@UEntry@ResourceRegistry@MilesTransport@@@std@@@std@@QAEXPAUEntry@ResourceRegistry@MilesTransport@@I@Z (public: void __thiscall std::_Wrap_alloc<class std::allocator<struct MilesTransport::ResourceRegistry::Entry> >::deallocate(struct MilesTransport::ResourceRegistry::Entry *,unsigned int))
138 00000000 SECT73 notype ()    External     | ?max_size@?$_Wrap_alloc@V?$allocator@UEntry@ResourceRegistry@MilesTransport@@@std@@@std@@QBEIXZ (public: unsigned int __thiscall std::_Wrap_alloc<class std::allocator<struct MilesTransport::ResourceRegistry::Entry> >::max_size(void)const )
139 00000000 SECT2A notype ()    External     | ??0?$_Vector_val@U?$_Simple_types@UEntry@ResourceRegistry@MilesTransport@@@std@@@std@@QAE@XZ (public: __thiscall std::_Vector_val<struct std::_Simple_types<struct MilesTransport::ResourceRegistry::Entry> >::_Vector_val<struct std::_Simple_types<struct MilesTransport::ResourceRegistry::Entry> >(void))
13A 00000000 SECT3E notype ()    External     | ??1?$_Vector_val@U?$_Simple_types@UEntry@ResourceRegistry@MilesTransport@@@std@@@std@@QAE@XZ (public: __thiscall std::_Vector_val<struct std::_Simple_types<struct MilesTransport::ResourceRegistry::Entry> >::~_Vector_val<struct std::_Simple_types<struct MilesTransport::ResourceRegistry::Entry> >(void))
13B 00000000 SECT28 notype ()    External     | ??0?$_Vector_alloc@$0A@U?$_Vec_base_types@UEntry@ResourceRegistry@MilesTransport@@V?$allocator@UEntry@ResourceRegistry@MilesTransport@@@std@@@std@@@std@@QAE@ABV?$allocator@UEntry@ResourceRegistry@MilesTransport@@@1@@Z (public: __thiscall std::_Vector_alloc<0,struct std::_Vec_base_types<struct MilesTransport::ResourceRegistry::Entry,class std::allocator<struct MilesTransport::ResourceRegistry::Entry> > >::_Vector_alloc<0,struct std::_Vec_base_types<struct MilesTransport::ResourceRegistry::Entry,class std::allocator<struct MilesTransport::ResourceRegistry::Entry> > >(class std::allocator<struct MilesTransport::ResourceRegistry::Entry> const &))
13C 00000000 SECT3D notype ()    External     | ??1?$_Vector_alloc@$0A@U?$_Vec_base_types@UEntry@ResourceRegistry@MilesTransport@@V?$allocator@UEntry@ResourceRegistry@MilesTransport@@@std@@@std@@@std@@QAE@XZ (public: __thiscall std::_Vector_alloc<0,struct std::_Vec_base_types<struct MilesTransport::ResourceRegistry::Entry,class std::allocator<struct MilesTransport::ResourceRegistry::Entry> > >::~_Vector_alloc<0,struct std::_Vec_base_types<struct MilesTransport::ResourceRegistry::Entry,class std::allocator<struct MilesTransport::ResourceRegistry::Entry> > >(void))
13D 00000000 SECT52 notype ()    External     | ?_Alloc_proxy@?$_Vector_alloc@$0A@U?$_Vec_base_types@UEntry@ResourceRegistry@MilesTransport@@V?$allocator@UEntry@ResourceRegistry@MilesTransport@@@std@@@std@@@std@@QAEXXZ (public: void __thiscall std::_Vector_alloc<0,struct std::_Vec_base_types<struct MilesTransport::ResourceRegistry::Entry,class std::allocator<struct MilesTransport::ResourceRegistry::Entry> > >::_Alloc_proxy(void))
13E 00000000 SECT56 notype ()    External     | ?_Free_proxy@?$_Vector_alloc@$0A@U?$_Vec_base_types@UEntry@ResourceRegistry@MilesTransport@@V?$allocator@UEntry@ResourceRegistry@MilesTransport@@@std@@@std@@@std@@QAEXXZ (public: void __thiscall std::_Vector_alloc<0,struct std::_Vec_base_types<struct MilesTransport::ResourceRegistry::Entry,class std::allocator<struct MilesTransport::ResourceRegistry::Entry> > >::_Free_proxy(void))
13F 00000000 SECT57 notype ()    External     | ?_Getal@?$_Vector_alloc@$0A@U?$_Vec_base_types@UEntry@ResourceRegistry@MilesTransport@@V?$allocator@UEntry@ResourceRegistry@MilesTransport@@@std@@@std@@@std@@QBE?AU?$_Wrap_alloc@V?$allocator@UEntry@ResourceRegistry@MilesTransport@@@std@@@2@XZ (public: struct std::_Wrap_alloc<class std::allocator<struct MilesTransport::ResourceRegistry::Entry> > __thiscall std::_Vector_alloc<0,struct std::_Vec_base_types<struct MilesTransport::ResourceRegistry::Entry,class std::allocator<struct MilesTransport::ResourceRegistry::Entry> > >::_Getal(void)const )
140 00000000 SECT31 notype ()    External     | ??0?$vector@UEntry@ResourceRegistry@MilesTransport@@V?$allocator@UEntry@ResourceRegistry@MilesTransport@@@std@@@std@@QAE@XZ (public: __thiscall std::vector<struct MilesTransport::ResourceRegistry::Entry,class std::allocator<struct MilesTransport::ResourceRegistry::Entry> >::vector<struct MilesTransport::ResourceRegistry::Entry,class std::allocator<struct MilesTransport::ResourceRegistry::Entry> >(void))
141 00000000 SECT78 notype ()    External     | ?push_back@?$vector@UEntry@ResourceRegistry@MilesTransport@@V?$allocator@UEntry@ResourceRegistry@MilesTransport@@@std@@@std@@QAEX$$QAUEntry@ResourceRegistry@MilesTransport@@@Z (public: void __thiscall std::vector<struct MilesTransport::ResourceRegistry::Entry,class std::allocator<struct MilesTransport::ResourceRegistry::Entry> >::push_back(struct MilesTransport::ResourceRegistry::Entry &&))
142 00000000 SECT40 notype ()    External     | ??1?$vector@UEntry@ResourceRegistry@MilesTransport@@V?$allocator@UEntry@ResourceRegistry@MilesTransport@@@std@@@std@@QAE@XZ (public: __thiscall std::vector<struct MilesTransport::ResourceRegistry::Entry,class std::allocator<struct MilesTransport::ResourceRegistry::Entry> >::~vector<struct MilesTransport::ResourceRegistry::Entry,class std::allocator<struct MilesTransport::ResourceRegistry::Entry> >(void))
143 00000000 SECT6B notype ()    External     | ?capacity@?$vector@UEntry@ResourceRegistry@MilesTransport@@V?$allocator@UEntry@ResourceRegistry@MilesTransport@@@std@@@std@@QBEIXZ (public: unsigned int __thiscall std::vector<struct MilesTransport::ResourceRegistry::Entry,class std::allocator<struct MilesTransport::ResourceRegistry::Entry> >::capacity(void)const )
144 00000000 SECT63 notype ()    External     | ?_Unused_capacity@?$vector@UEntry@ResourceRegistry@MilesTransport@@V?$allocator@UEntry@ResourceRegistry@MilesTransport@@@std@@@std@@QBEIXZ (public: unsigned int __thiscall std::vector<struct MilesTransport::ResourceRegistry::Entry,class std::allocator<struct MilesTransport::ResourceRegistry::Entry> >::_Unused_capacity(void)const )
145 00000000 SECT7F notype ()    External     | ?size@?$vector@UEntry@ResourceRegistry@MilesTransport@@V?$allocator@UEntry@ResourceRegistry@MilesTransport@@@std@@@std@@QBEIXZ (public: unsigned int __thiscall std::vector<struct MilesTransport::ResourceRegistry::Entry,class std::allocator<struct MilesTransport::ResourceRegistry::Entry> >::size(void)const )
146 00000000 SECT76 notype ()    External     | ?max_size@?$vector@UEntry@ResourceRegistry@MilesTransport@@V?$allocator@UEntry@ResourceRegistry@MilesTransport@@@std@@@std@@QBEIXZ (public: unsigned int __thiscall std::vector<struct MilesTransport::ResourceRegistry::Entry,class std::allocator<struct MilesTransport::ResourceRegistry::Entry> >::max_size(void)const )
147 00000000 SECT4B notype ()    External     | ??A?$vector@UEntry@ResourceRegistry@MilesTransport@@V?$allocator@UEntry@ResourceRegistry@MilesTransport@@@std@@@std@@QBEABUEntry@ResourceRegistry@MilesTransport@@I@Z (public: struct MilesTransport::ResourceRegistry::Entry const & __thiscall std::vector<struct MilesTransport::ResourceRegistry::Entry,class std::allocator<struct MilesTransport::ResourceRegistry::Entry> >::operator[](unsigned int)const )
148 00000000 SECT4A notype ()    External     | ??A?$vector@UEntry@ResourceRegistry@MilesTransport@@V?$allocator@UEntry@ResourceRegistry@MilesTransport@@@std@@@std@@QAEAAUEntry@ResourceRegistry@MilesTransport@@I@Z (public: struct MilesTransport::ResourceRegistry::Entry & __thiscall std::vector<struct MilesTransport::ResourceRegistry::Entry,class std::allocator<struct MilesTransport::ResourceRegistry::Entry> >::operator[](unsigned int))
149 00000000 SECT55 notype ()    External     | ?_Destroy@?$vector@UEntry@ResourceRegistry@MilesTransport@@V?$allocator@UEntry@ResourceRegistry@MilesTransport@@@std@@@std@@IAEXPAUEntry@ResourceRegistry@MilesTransport@@0@Z (protected: void __thiscall std::vector<struct MilesTransport::ResourceRegistry::Entry,class std::allocator<struct MilesTransport::ResourceRegistry::Entry> >::_Destroy(struct MilesTransport::ResourceRegistry::Entry *,struct MilesTransport::ResourceRegistry::Entry *))
14A 00000000 SECT5A notype ()    External     | ?_Grow_to@?$vector@UEntry@ResourceRegistry@MilesTransport@@V?$allocator@UEntry@ResourceRegistry@MilesTransport@@@std@@@std@@IBEII@Z (protected: unsigned int __thiscall std::vector<struct MilesTransport::ResourceRegistry::Entry,class std::allocator<struct MilesTransport::ResourceRegistry::Entry> >::_Grow_to(unsigned int)const )
14B 00000000 SECT5B notype ()    External     | ?_Inside@?$vector@UEntry@ResourceRegistry@MilesTransport@@V?$allocator@UEntry@ResourceRegistry@MilesTransport@@@std@@@std@@IBE_NPBUEntry@ResourceRegistry@MilesTransport@@@Z (protected: bool __thiscall std::vector<struct MilesTransport::ResourceRegistry::Entry,class std::allocator<struct MilesTransport::ResourceRegistry::Entry> >::_Inside(struct MilesTransport::ResourceRegistry::Entry const *)const )
14C 00000000 SECT5F notype ()    External     | ?_Reallocate@?$vector@UEntry@ResourceRegistry@MilesTransport@@V?$allocator@UEntry@ResourceRegistry@MilesTransport@@@std@@@std@@IAEXI@Z (protected: void __thiscall std::vector<struct MilesTransport::ResourceRegistry::Entry,class std::allocator<struct MilesTransport::ResourceRegistry::Entry> >::_Reallocate(unsigned int))
14D 00000000 SECT61 notype ()    External     | ?_Reserve@?$vector@UEntry@ResourceRegistry@MilesTransport@@V?$allocator@UEntry@ResourceRegistry@MilesTransport@@@std@@@std@@IAEXI@Z (protected: void __thiscall std::vector<struct MilesTransport::ResourceRegistry::Entry,class std::allocator<struct MilesTransport::ResourceRegistry::Entry> >::_Reserve(unsigned int))
14E 00000000 SECT62 notype ()    External     | ?_Tidy@?$vector@UEntry@ResourceRegistry@MilesTransport@@V?$allocator@UEntry@ResourceRegistry@MilesTransport@@@std@@@std@@IAEXXZ (protected: void __thiscall std::vector<struct MilesTransport::ResourceRegistry::Entry,class std::allocator<struct MilesTransport::ResourceRegistry::Entry> >::_Tidy(void))
14F 00000000 SECT64 notype ()    External     | ?_Xlen@?$vector@UEntry@ResourceRegistry@MilesTransport@@V?$allocator@UEntry@ResourceRegistry@MilesTransport@@@std@@@std@@IBEXXZ (protected: void __thiscall std::vector<struct MilesTransport::ResourceRegistry::Entry,class std::allocator<struct MilesTransport::ResourceRegistry::Entry> >::_Xlen(void)const )
150 00000000 SECT5D notype ()    External     | ?_Orphan_range@?$vector@UEntry@ResourceRegistry@MilesTransport@@V?$allocator@UEntry@ResourceRegistry@MilesTransport@@@std@@@std@@IBEXPAUEntry@ResourceRegistry@MilesTransport@@0@Z (protected: void __thiscall std::vector<struct MilesTransport::ResourceRegistry::Entry,class std::allocator<struct MilesTransport::ResourceRegistry::Entry> >::_Orphan_range(struct MilesTransport::ResourceRegistry::Entry *,struct MilesTransport::ResourceRegistry::Entry *)const )
151 00000000 SECT70 notype ()    External     | ?entry@ResourceRegistry@MilesTransport@@AAEPAUEntry@12@ABUHandle@MilesWire@@@Z (private: struct MilesTransport::ResourceRegistry::Entry * __thiscall MilesTransport::ResourceRegistry::entry(struct MilesWire::Handle const &))
152 00000000 SECT7E notype ()    External     | ?same@ResourceRegistry@MilesTransport@@CA_NABUHandle@MilesWire@@0@Z (private: static bool __cdecl MilesTransport::ResourceRegistry::same(struct MilesWire::Handle const &,struct MilesWire::Handle const &))
153 00000000 SECT7D notype ()    External     | ?retireEntry@ResourceRegistry@MilesTransport@@AAEXAAUEntry@12@@Z (private: void __thiscall MilesTransport::ResourceRegistry::retireEntry(struct MilesTransport::ResourceRegistry::Entry &))
154 00000000 SECT7C notype ()    External     | ?retireBorrowed@ResourceRegistry@MilesTransport@@AAEXABUHandle@MilesWire@@@Z (private: void __thiscall MilesTransport::ResourceRegistry::retireBorrowed(struct MilesWire::Handle const &))
155 00000000 SECT35 notype ()    External     | ??0ResourceRegistry@MilesTransport@@QAE@II@Z (public: __thiscall MilesTransport::ResourceRegistry::ResourceRegistry(unsigned int,unsigned int))
156 00000000 SECT79 notype ()    External     | ?reserve@ResourceRegistry@MilesTransport@@QAE_NW4ResourceKind@MilesWire@@ABUHandle@4@AAVReservation@12@@Z (public: bool __thiscall MilesTransport::ResourceRegistry::reserve(enum MilesWire::ResourceKind,struct MilesWire::Handle const &,class MilesTransport::ResourceRegistry::Reservation &))
157 00000000 SECT6A notype ()    External     | ?cancel@ResourceRegistry@MilesTransport@@QAEXAAVReservation@12@@Z (public: void __thiscall MilesTransport::ResourceRegistry::cancel(class MilesTransport::ResourceRegistry::Reservation &))
158 00000000 SECT77 notype ()    External     | ?publish@ResourceRegistry@MilesTransport@@QAE_NAAVReservation@12@PAXAAUHandle@MilesWire@@@Z (public: bool __thiscall MilesTransport::ResourceRegistry::publish(class MilesTransport::ResourceRegistry::Reservation &,void *,struct MilesWire::Handle &))
159 00000000 SECT7A notype ()    External     | ?resolve@ResourceRegistry@MilesTransport@@QBE_NABUHandle@MilesWire@@W4ResourceKind@4@AAPAX@Z (public: bool __thiscall MilesTransport::ResourceRegistry::resolve(struct MilesWire::Handle const &,enum MilesWire::ResourceKind,void * &)const )
15A 00000000 SECT69 notype ()    External     | ?beginClose@ResourceRegistry@MilesTransport@@QAE_NABUHandle@MilesWire@@@Z (public: bool __thiscall MilesTransport::ResourceRegistry::beginClose(struct MilesWire::Handle const &))
15B 00000000 SECT7B notype ()    External     | ?retire@ResourceRegistry@MilesTransport@@QAE_NABUHandle@MilesWire@@@Z (public: bool __thiscall MilesTransport::ResourceRegistry::retire(struct MilesWire::Handle const &))
15C 00000000 SECT43 notype ()    External     | ??1ResourceRegistry@MilesTransport@@QAE@XZ (public: __thiscall MilesTransport::ResourceRegistry::~ResourceRegistry(void))
15D 00000000 SECT3  notype ()    External     | ??0FileTokens@MilesHostFiles49@@QAE@I@Z (public: __thiscall MilesHostFiles49::FileTokens::FileTokens(unsigned int))
15E 00000100 SECT3  notype ()    External     | ??1FileTokens@MilesHostFiles49@@QAE@XZ (public: __thiscall MilesHostFiles49::FileTokens::~FileTokens(void))
15F 00000120 SECT3  notype ()    External     | ?reserveOpen@FileTokens@MilesHostFiles49@@QAE_NAAI@Z (public: bool __thiscall MilesHostFiles49::FileTokens::reserveOpen(unsigned int &))
160 00000250 SECT3  notype ()    External     | ?cancelOpen@FileTokens@MilesHostFiles49@@QAE_NI@Z (public: bool __thiscall MilesHostFiles49::FileTokens::cancelOpen(unsigned int))
161 000002B0 SECT3  notype ()    External     | ?publishOpen@FileTokens@MilesHostFiles49@@QAE_NIABUHandle@MilesWire@@@Z (public: bool __thiscall MilesHostFiles49::FileTokens::publishOpen(unsigned int,struct MilesWire::Handle const &))
162 000003F0 SECT3  notype ()    External     | ?resolve@FileTokens@MilesHostFiles49@@QBE_NIAAUHandle@MilesWire@@@Z (public: bool __thiscall MilesHostFiles49::FileTokens::resolve(unsigned int,struct MilesWire::Handle &)const )
163 00000470 SECT3  notype ()    External     | ?beginClose@FileTokens@MilesHostFiles49@@QAE_NI@Z (public: bool __thiscall MilesHostFiles49::FileTokens::beginClose(unsigned int))
164 000004D0 SECT3  notype ()    External     | ?finishClose@FileTokens@MilesHostFiles49@@QAE_NI@Z (public: bool __thiscall MilesHostFiles49::FileTokens::finishClose(unsigned int))
165 00000000 SECT33 notype ()    External     | ??0Record@FileTokens@MilesHostFiles49@@QAE@XZ (public: __thiscall MilesHostFiles49::FileTokens::Record::Record(void))
166 00000000 SECT41 notype ()    External     | ??1Record@FileTokens@MilesHostFiles49@@QAE@XZ (public: __thiscall MilesHostFiles49::FileTokens::Record::~Record(void))
167 00000000 SECT4D notype ()    External     | ??_ERecord@FileTokens@MilesHostFiles49@@QAEPAXI@Z (public: void * __thiscall MilesHostFiles49::FileTokens::Record::`vector deleting destructor'(unsigned int))
168 00000000 SECT2F notype ()    External     | ??0?$default_delete@$$BY0A@URecord@FileTokens@MilesHostFiles49@@@std@@QAE@XZ (public: __thiscall std::default_delete<struct MilesHostFiles49::FileTokens::Record [0]>::default_delete<struct MilesHostFiles49::FileTokens::Record [0]>(void))
169 00000000 SECT4C notype ()    External     | ??R?$default_delete@$$BY0A@URecord@FileTokens@MilesHostFiles49@@@std@@QBEXPAURecord@FileTokens@MilesHostFiles49@@@Z (public: void __thiscall std::default_delete<struct MilesHostFiles49::FileTokens::Record [0]>::operator()(struct MilesHostFiles49::FileTokens::Record *)const )
16A 00000000 SECT27 notype ()    External     | ??0?$_Unique_ptr_base@URecord@FileTokens@MilesHostFiles49@@U?$default_delete@$$BY0A@URecord@FileTokens@MilesHostFiles49@@@std@@$00@std@@QAE@PAURecord@FileTokens@MilesHostFiles49@@@Z (public: __thiscall std::_Unique_ptr_base<struct MilesHostFiles49::FileTokens::Record,struct std::default_delete<struct MilesHostFiles49::FileTokens::Record [0]>,1>::_Unique_ptr_base<struct MilesHostFiles49::FileTokens::Record,struct std::default_delete<struct MilesHostFiles49::FileTokens::Record [0]>,1>(struct MilesHostFiles49::FileTokens::Record *))
16B 00000000 SECT71 notype ()    External     | ?get_deleter@?$_Unique_ptr_base@URecord@FileTokens@MilesHostFiles49@@U?$default_delete@$$BY0A@URecord@FileTokens@MilesHostFiles49@@@std@@$00@std@@QAEAAU?$default_delete@$$BY0A@URecord@FileTokens@MilesHostFiles49@@@2@XZ (public: struct std::default_delete<struct MilesHostFiles49::FileTokens::Record [0]> & __thiscall std::_Unique_ptr_base<struct MilesHostFiles49::FileTokens::Record,struct std::default_delete<struct MilesHostFiles49::FileTokens::Record [0]>,1>::get_deleter(void))
16C 00000000 SECT30 notype ()    External     | ??0?$unique_ptr@$$BY0A@URecord@FileTokens@MilesHostFiles49@@U?$default_delete@$$BY0A@URecord@FileTokens@MilesHostFiles49@@@std@@@std@@QAE@PAURecord@FileTokens@MilesHostFiles49@@@Z (public: __thiscall std::unique_ptr<struct MilesHostFiles49::FileTokens::Record [0],struct std::default_delete<struct MilesHostFiles49::FileTokens::Record [0]> >::unique_ptr<struct MilesHostFiles49::FileTokens::Record [0],struct std::default_delete<struct MilesHostFiles49::FileTokens::Record [0]> >(struct MilesHostFiles49::FileTokens::Record *))
16D 00000000 SECT3F notype ()    External     | ??1?$unique_ptr@$$BY0A@URecord@FileTokens@MilesHostFiles49@@U?$default_delete@$$BY0A@URecord@FileTokens@MilesHostFiles49@@@std@@@std@@QAE@XZ (public: __thiscall std::unique_ptr<struct MilesHostFiles49::FileTokens::Record [0],struct std::default_delete<struct MilesHostFiles49::FileTokens::Record [0]> >::~unique_ptr<struct MilesHostFiles49::FileTokens::Record [0],struct std::default_delete<struct MilesHostFiles49::FileTokens::Record [0]> >(void))
16E 00000000 SECT49 notype ()    External     | ??A?$unique_ptr@$$BY0A@URecord@FileTokens@MilesHostFiles49@@U?$default_delete@$$BY0A@URecord@FileTokens@MilesHostFiles49@@@std@@@std@@QBEAAURecord@FileTokens@MilesHostFiles49@@I@Z (public: struct MilesHostFiles49::FileTokens::Record & __thiscall std::unique_ptr<struct MilesHostFiles49::FileTokens::Record [0],struct std::default_delete<struct MilesHostFiles49::FileTokens::Record [0]> >::operator[](unsigned int)const )
16F 00000000 SECT54 notype ()    External     | ?_Delete@?$unique_ptr@$$BY0A@URecord@FileTokens@MilesHostFiles49@@U?$default_delete@$$BY0A@URecord@FileTokens@MilesHostFiles49@@@std@@@std@@AAEXXZ (private: void __thiscall std::unique_ptr<struct MilesHostFiles49::FileTokens::Record [0],struct std::default_delete<struct MilesHostFiles49::FileTokens::Record [0]> >::_Delete(void))
170 00000590 SECT3  notype ()    External     | ?find@FileTokens@MilesHostFiles49@@AAEPAURecord@12@I@Z (private: struct MilesHostFiles49::FileTokens::Record * __thiscall MilesHostFiles49::FileTokens::find(unsigned int))
171 00000610 SECT3  notype ()    External     | ?find@FileTokens@MilesHostFiles49@@ABEPBURecord@12@I@Z (private: struct MilesHostFiles49::FileTokens::Record const * __thiscall MilesHostFiles49::FileTokens::find(unsigned int)const )
172 00000690 SECT3  notype ()    External     | ?same@?A0x6d21dcef@MilesHostFiles49@@YA_NABUHandle@MilesWire@@0@Z (bool __cdecl MilesHostFiles49::`anonymous namespace'::same(struct MilesWire::Handle const &,struct MilesWire::Handle const &))
173 00000000 SECT16 notype ()    External     | ??$addressof@UEntry@ResourceRegistry@MilesTransport@@@std@@YAPAUEntry@ResourceRegistry@MilesTransport@@AAU123@@Z (struct MilesTransport::ResourceRegistry::Entry * __cdecl std::addressof<struct MilesTransport::ResourceRegistry::Entry>(struct MilesTransport::ResourceRegistry::Entry &))
174 00000000 SECT25 notype ()    External     | ??$forward@UEntry@ResourceRegistry@MilesTransport@@@std@@YA$$QAUEntry@ResourceRegistry@MilesTransport@@AAU123@@Z (struct MilesTransport::ResourceRegistry::Entry && __cdecl std::forward<struct MilesTransport::ResourceRegistry::Entry>(struct MilesTransport::ResourceRegistry::Entry &))
175 00000000 SECT17 notype ()    External     | ??$construct@UEntry@ResourceRegistry@MilesTransport@@U123@@?$_Wrap_alloc@V?$allocator@UEntry@ResourceRegistry@MilesTransport@@@std@@@std@@QAEXPAUEntry@ResourceRegistry@MilesTransport@@$$QAU234@@Z (public: void __thiscall std::_Wrap_alloc<class std::allocator<struct MilesTransport::ResourceRegistry::Entry> >::construct<struct MilesTransport::ResourceRegistry::Entry,struct MilesTransport::ResourceRegistry::Entry>(struct MilesTransport::ResourceRegistry::Entry *,struct MilesTransport::ResourceRegistry::Entry &&))
176 00000000 SECTA  notype ()    External     | ??$_Destroy_range@U?$_Wrap_alloc@V?$allocator@UEntry@ResourceRegistry@MilesTransport@@@std@@@std@@@std@@YAXPAUEntry@ResourceRegistry@MilesTransport@@0AAU?$_Wrap_alloc@V?$allocator@UEntry@ResourceRegistry@MilesTransport@@@std@@@0@@Z (void __cdecl std::_Destroy_range<struct std::_Wrap_alloc<class std::allocator<struct MilesTransport::ResourceRegistry::Entry> > >(struct MilesTransport::ResourceRegistry::Entry *,struct MilesTransport::ResourceRegistry::Entry *,struct std::_Wrap_alloc<class std::allocator<struct MilesTransport::ResourceRegistry::Entry> > &))
177 00000000 SECTF  notype ()    External     | ??$_Umove@PAUEntry@ResourceRegistry@MilesTransport@@@?$vector@UEntry@ResourceRegistry@MilesTransport@@V?$allocator@UEntry@ResourceRegistry@MilesTransport@@@std@@@std@@IAEPAUEntry@ResourceRegistry@MilesTransport@@PAU234@00@Z (protected: struct MilesTransport::ResourceRegistry::Entry * __thiscall std::vector<struct MilesTransport::ResourceRegistry::Entry,class std::allocator<struct MilesTransport::ResourceRegistry::Entry> >::_Umove<struct MilesTransport::ResourceRegistry::Entry *>(struct MilesTransport::ResourceRegistry::Entry *,struct MilesTransport::ResourceRegistry::Entry *,struct MilesTransport::ResourceRegistry::Entry *))
178 00000000 SECT2E notype ()    External     | ??0?$allocator@U_Container_proxy@std@@@std@@QAE@XZ (public: __thiscall std::allocator<struct std::_Container_proxy>::allocator<struct std::_Container_proxy>(void))
179 00000000 SECT6F notype ()    External     | ?deallocate@?$allocator@U_Container_proxy@std@@@std@@QAEXPAU_Container_proxy@2@I@Z (public: void __thiscall std::allocator<struct std::_Container_proxy>::deallocate(struct std::_Container_proxy *,unsigned int))
17A 00000000 SECT68 notype ()    External     | ?allocate@?$allocator@U_Container_proxy@std@@@std@@QAEPAU_Container_proxy@2@I@Z (public: struct std::_Container_proxy * __thiscall std::allocator<struct std::_Container_proxy>::allocate(unsigned int))
17B 00000000 SECT2C notype ()    External     | ??0?$_Wrap_alloc@V?$allocator@U_Container_proxy@std@@@std@@@std@@QAE@XZ (public: __thiscall std::_Wrap_alloc<class std::allocator<struct std::_Container_proxy> >::_Wrap_alloc<class std::allocator<struct std::_Container_proxy> >(void))
17C 00000000 SECT66 notype ()    External     | ?allocate@?$_Wrap_alloc@V?$allocator@U_Container_proxy@std@@@std@@@std@@QAEPAU_Container_proxy@2@I@Z (public: struct std::_Container_proxy * __thiscall std::_Wrap_alloc<class std::allocator<struct std::_Container_proxy> >::allocate(unsigned int))
17D 00000000 SECT6D notype ()    External     | ?deallocate@?$_Wrap_alloc@V?$allocator@U_Container_proxy@std@@@std@@@std@@QAEXPAU_Container_proxy@2@I@Z (public: void __thiscall std::_Wrap_alloc<class std::allocator<struct std::_Container_proxy> >::deallocate(struct std::_Container_proxy *,unsigned int))
17E 00000000 SECT1B notype ()    External     | ??$construct@U_Container_proxy@std@@U12@@?$_Wrap_alloc@V?$allocator@U_Container_proxy@std@@@std@@@std@@QAEXPAU_Container_proxy@1@$$QAU21@@Z (public: void __thiscall std::_Wrap_alloc<class std::allocator<struct std::_Container_proxy> >::construct<struct std::_Container_proxy,struct std::_Container_proxy>(struct std::_Container_proxy *,struct std::_Container_proxy &&))
17F 00000000 SECT22 notype ()    External     | ??$destroy@U_Container_proxy@std@@@?$_Wrap_alloc@V?$allocator@U_Container_proxy@std@@@std@@@std@@QAEXPAU_Container_proxy@1@@Z (public: void __thiscall std::_Wrap_alloc<class std::allocator<struct std::_Container_proxy> >::destroy<struct std::_Container_proxy>(struct std::_Container_proxy *))
180 00000000 SECT5  notype ()    External     | ??$_Allocate@UEntry@ResourceRegistry@MilesTransport@@@std@@YAPAUEntry@ResourceRegistry@MilesTransport@@IPAU123@@Z (struct MilesTransport::ResourceRegistry::Entry * __cdecl std::_Allocate<struct MilesTransport::ResourceRegistry::Entry>(unsigned int,struct MilesTransport::ResourceRegistry::Entry *))
181 00000000 SECT6  notype ()    External     | ??$_Allocate@U_Container_proxy@std@@@std@@YAPAU_Container_proxy@0@IPAU10@@Z (struct std::_Container_proxy * __cdecl std::_Allocate<struct std::_Container_proxy>(unsigned int,struct std::_Container_proxy *))
182 00000000 SECT1A notype ()    External     | ??$construct@UEntry@ResourceRegistry@MilesTransport@@U123@@?$allocator_traits@V?$allocator@UEntry@ResourceRegistry@MilesTransport@@@std@@@std@@SAXAAV?$allocator@UEntry@ResourceRegistry@MilesTransport@@@1@PAUEntry@ResourceRegistry@MilesTransport@@$$QAU345@@Z (public: static void __cdecl std::allocator_traits<class std::allocator<struct MilesTransport::ResourceRegistry::Entry> >::construct<struct MilesTransport::ResourceRegistry::Entry,struct MilesTransport::ResourceRegistry::Entry>(class std::allocator<struct MilesTransport::ResourceRegistry::Entry> &,struct MilesTransport::ResourceRegistry::Entry *,struct MilesTransport::ResourceRegistry::Entry &&))
183 00000000 SECTD  notype ()    External     | ??$_Ptr_cat@UEntry@ResourceRegistry@MilesTransport@@U123@@std@@YA?AU_Nonscalar_ptr_iterator_tag@0@PAUEntry@ResourceRegistry@MilesTransport@@0@Z (struct std::_Nonscalar_ptr_iterator_tag __cdecl std::_Ptr_cat<struct MilesTransport::ResourceRegistry::Entry,struct MilesTransport::ResourceRegistry::Entry>(struct MilesTransport::ResourceRegistry::Entry *,struct MilesTransport::ResourceRegistry::Entry *))
184 00000000 SECTB  notype ()    External     | ??$_Destroy_range@U?$_Wrap_alloc@V?$allocator@UEntry@ResourceRegistry@MilesTransport@@@std@@@std@@@std@@YAXPAUEntry@ResourceRegistry@MilesTransport@@0AAU?$_Wrap_alloc@V?$allocator@UEntry@ResourceRegistry@MilesTransport@@@std@@@0@U_Nonscalar_ptr_iterator_tag@0@@Z (void __cdecl std::_Destroy_range<struct std::_Wrap_alloc<class std::allocator<struct MilesTransport::ResourceRegistry::Entry> > >(struct MilesTransport::ResourceRegistry::Entry *,struct MilesTransport::ResourceRegistry::Entry *,struct std::_Wrap_alloc<class std::allocator<struct MilesTransport::ResourceRegistry::Entry> > &,struct std::_Nonscalar_ptr_iterator_tag))
185 00000000 SECT14 notype ()    External     | ??$_Uninitialized_move@PAUEntry@ResourceRegistry@MilesTransport@@PAU123@U?$_Wrap_alloc@V?$allocator@UEntry@ResourceRegistry@MilesTransport@@@std@@@std@@@std@@YAPAUEntry@ResourceRegistry@MilesTransport@@PAU123@00AAU?$_Wrap_alloc@V?$allocator@UEntry@ResourceRegistry@MilesTransport@@@std@@@0@@Z (struct MilesTransport::ResourceRegistry::Entry * __cdecl std::_Uninitialized_move<struct MilesTransport::ResourceRegistry::Entry *,struct MilesTransport::ResourceRegistry::Entry *,struct std::_Wrap_alloc<class std::allocator<struct MilesTransport::ResourceRegistry::Entry> > >(struct MilesTransport::ResourceRegistry::Entry *,struct MilesTransport::ResourceRegistry::Entry *,struct MilesTransport::ResourceRegistry::Entry *,struct std::_Wrap_alloc<class std::allocator<struct MilesTransport::ResourceRegistry::Entry> > &))
186 00000000 SECT26 notype ()    External     | ??$forward@U_Container_proxy@std@@@std@@YA$$QAU_Container_proxy@0@AAU10@@Z (struct std::_Container_proxy && __cdecl std::forward<struct std::_Container_proxy>(struct std::_Container_proxy &))
187 00000000 SECT1E notype ()    External     | ??$construct@U_Container_proxy@std@@U12@@?$allocator_traits@V?$allocator@U_Container_proxy@std@@@std@@@std@@SAXAAV?$allocator@U_Container_proxy@std@@@1@PAU_Container_proxy@1@$$QAU31@@Z (public: static void __cdecl std::allocator_traits<class std::allocator<struct std::_Container_proxy> >::construct<struct std::_Container_proxy,struct std::_Container_proxy>(class std::allocator<struct std::_Container_proxy> &,struct std::_Container_proxy *,struct std::_Container_proxy &&))
188 00000000 SECT24 notype ()    External     | ??$destroy@U_Container_proxy@std@@@?$allocator_traits@V?$allocator@U_Container_proxy@std@@@std@@@std@@SAXAAV?$allocator@U_Container_proxy@std@@@1@PAU_Container_proxy@1@@Z (public: static void __cdecl std::allocator_traits<class std::allocator<struct std::_Container_proxy> >::destroy<struct std::_Container_proxy>(class std::allocator<struct std::_Container_proxy> &,struct std::_Container_proxy *))
189 00000000 SECT18 notype ()    External     | ??$construct@UEntry@ResourceRegistry@MilesTransport@@U123@@?$allocator@UEntry@ResourceRegistry@MilesTransport@@@std@@QAEXPAUEntry@ResourceRegistry@MilesTransport@@$$QAU234@@Z (public: void __thiscall std::allocator<struct MilesTransport::ResourceRegistry::Entry>::construct<struct MilesTransport::ResourceRegistry::Entry,struct MilesTransport::ResourceRegistry::Entry>(struct MilesTransport::ResourceRegistry::Entry *,struct MilesTransport::ResourceRegistry::Entry &&))
18A 00000000 SECT1F notype ()    External     | ??$destroy@UEntry@ResourceRegistry@MilesTransport@@@?$_Wrap_alloc@V?$allocator@UEntry@ResourceRegistry@MilesTransport@@@std@@@std@@QAEXPAUEntry@ResourceRegistry@MilesTransport@@@Z (public: void __thiscall std::_Wrap_alloc<class std::allocator<struct MilesTransport::ResourceRegistry::Entry> >::destroy<struct MilesTransport::ResourceRegistry::Entry>(struct MilesTransport::ResourceRegistry::Entry *))
18B 00000000 SECT10 notype ()    External     | ??$_Unchecked@PAUEntry@ResourceRegistry@MilesTransport@@@std@@YAPAUEntry@ResourceRegistry@MilesTransport@@PAU123@@Z (struct MilesTransport::ResourceRegistry::Entry * __cdecl std::_Unchecked<struct MilesTransport::ResourceRegistry::Entry *>(struct MilesTransport::ResourceRegistry::Entry *))
18C 00000000 SECT11 notype ()    External     | ??$_Uninit_move@PAUEntry@ResourceRegistry@MilesTransport@@PAU123@U?$_Wrap_alloc@V?$allocator@UEntry@ResourceRegistry@MilesTransport@@@std@@@std@@@std@@YAPAUEntry@ResourceRegistry@MilesTransport@@PAU123@00AAU?$_Wrap_alloc@V?$allocator@UEntry@ResourceRegistry@MilesTransport@@@std@@@0@@Z (struct MilesTransport::ResourceRegistry::Entry * __cdecl std::_Uninit_move<struct MilesTransport::ResourceRegistry::Entry *,struct MilesTransport::ResourceRegistry::Entry *,struct std::_Wrap_alloc<class std::allocator<struct MilesTransport::ResourceRegistry::Entry> > >(struct MilesTransport::ResourceRegistry::Entry *,struct MilesTransport::ResourceRegistry::Entry *,struct MilesTransport::ResourceRegistry::Entry *,struct std::_Wrap_alloc<class std::allocator<struct MilesTransport::ResourceRegistry::Entry> > &))
18D 00000000 SECTE  notype ()    External     | ??$_Rechecked@PAUEntry@ResourceRegistry@MilesTransport@@PAU123@@std@@YAAAPAUEntry@ResourceRegistry@MilesTransport@@AAPAU123@PAU123@@Z (struct MilesTransport::ResourceRegistry::Entry * & __cdecl std::_Rechecked<struct MilesTransport::ResourceRegistry::Entry *,struct MilesTransport::ResourceRegistry::Entry *>(struct MilesTransport::ResourceRegistry::Entry * &,struct MilesTransport::ResourceRegistry::Entry *))
18E 00000000 SECT1C notype ()    External     | ??$construct@U_Container_proxy@std@@U12@@?$allocator@U_Container_proxy@std@@@std@@QAEXPAU_Container_proxy@1@$$QAU21@@Z (public: void __thiscall std::allocator<struct std::_Container_proxy>::construct<struct std::_Container_proxy,struct std::_Container_proxy>(struct std::_Container_proxy *,struct std::_Container_proxy &&))
18F 00000000 SECT23 notype ()    External     | ??$destroy@U_Container_proxy@std@@@?$allocator@U_Container_proxy@std@@@std@@QAEXPAU_Container_proxy@1@@Z (public: void __thiscall std::allocator<struct std::_Container_proxy>::destroy<struct std::_Container_proxy>(struct std::_Container_proxy *))
190 00000000 SECT21 notype ()    External     | ??$destroy@UEntry@ResourceRegistry@MilesTransport@@@?$allocator_traits@V?$allocator@UEntry@ResourceRegistry@MilesTransport@@@std@@@std@@SAXAAV?$allocator@UEntry@ResourceRegistry@MilesTransport@@@1@PAUEntry@ResourceRegistry@MilesTransport@@@Z (public: static void __cdecl std::allocator_traits<class std::allocator<struct MilesTransport::ResourceRegistry::Entry> >::destroy<struct MilesTransport::ResourceRegistry::Entry>(class std::allocator<struct MilesTransport::ResourceRegistry::Entry> &,struct MilesTransport::ResourceRegistry::Entry *))
191 00000000 SECT15 notype ()    External     | ??$_Val_type@PAUEntry@ResourceRegistry@MilesTransport@@@std@@YAPAUEntry@ResourceRegistry@MilesTransport@@PAU123@@Z (struct MilesTransport::ResourceRegistry::Entry * __cdecl std::_Val_type<struct MilesTransport::ResourceRegistry::Entry *>(struct MilesTransport::ResourceRegistry::Entry *))
192 00000000 SECT12 notype ()    External     | ??$_Uninit_move@PAUEntry@ResourceRegistry@MilesTransport@@PAU123@V?$allocator@UEntry@ResourceRegistry@MilesTransport@@@std@@U123@@std@@YAPAUEntry@ResourceRegistry@MilesTransport@@PAU123@00AAU?$_Wrap_alloc@V?$allocator@UEntry@ResourceRegistry@MilesTransport@@@std@@@0@0U_Nonscalar_ptr_iterator_tag@0@@Z (struct MilesTransport::ResourceRegistry::Entry * __cdecl std::_Uninit_move<struct MilesTransport::ResourceRegistry::Entry *,struct MilesTransport::ResourceRegistry::Entry *,class std::allocator<struct MilesTransport::ResourceRegistry::Entry>,struct MilesTransport::ResourceRegistry::Entry>(struct MilesTransport::ResourceRegistry::Entry *,struct MilesTransport::ResourceRegistry::Entry *,struct MilesTransport::ResourceRegistry::Entry *,struct std::_Wrap_alloc<class std::allocator<struct MilesTransport::ResourceRegistry::Entry> > &,struct MilesTransport::ResourceRegistry::Entry *,struct std::_Nonscalar_ptr_iterator_tag))
193 00000000 SECT20 notype ()    External     | ??$destroy@UEntry@ResourceRegistry@MilesTransport@@@?$allocator@UEntry@ResourceRegistry@MilesTransport@@@std@@QAEXPAUEntry@ResourceRegistry@MilesTransport@@@Z (public: void __thiscall std::allocator<struct MilesTransport::ResourceRegistry::Entry>::destroy<struct MilesTransport::ResourceRegistry::Entry>(struct MilesTransport::ResourceRegistry::Entry *))
194 00000000 SECT9  notype ()    External     | ??$_Debug_range@PAUEntry@ResourceRegistry@MilesTransport@@@std@@YAXPAUEntry@ResourceRegistry@MilesTransport@@0PB_WI@Z (void __cdecl std::_Debug_range<struct MilesTransport::ResourceRegistry::Entry *>(struct MilesTransport::ResourceRegistry::Entry *,struct MilesTransport::ResourceRegistry::Entry *,wchar_t const *,unsigned int))
195 00000000 SECT7  notype ()    External     | ??$_Debug_pointer@UEntry@ResourceRegistry@MilesTransport@@@std@@YAXPAUEntry@ResourceRegistry@MilesTransport@@PB_WI@Z (void __cdecl std::_Debug_pointer<struct MilesTransport::ResourceRegistry::Entry>(struct MilesTransport::ResourceRegistry::Entry *,wchar_t const *,unsigned int))
196 00000000 SECTC  notype ()    External     | ??$_Iter_cat@PAUEntry@ResourceRegistry@MilesTransport@@@std@@YA?AUrandom_access_iterator_tag@0@ABQAUEntry@ResourceRegistry@MilesTransport@@@Z (struct std::random_access_iterator_tag __cdecl std::_Iter_cat<struct MilesTransport::ResourceRegistry::Entry *>(struct MilesTransport::ResourceRegistry::Entry * const &))
197 00000000 SECT8  notype ()    External     | ??$_Debug_range2@PAUEntry@ResourceRegistry@MilesTransport@@@std@@YAXPAUEntry@ResourceRegistry@MilesTransport@@0PB_WIUrandom_access_iterator_tag@0@@Z (void __cdecl std::_Debug_range2<struct MilesTransport::ResourceRegistry::Entry *>(struct MilesTransport::ResourceRegistry::Entry *,struct MilesTransport::ResourceRegistry::Entry *,wchar_t const *,unsigned int,struct std::random_access_iterator_tag))
198 00000000 UNDEF  notype ()    External     | @__security_check_cookie@4
199 00000000 UNDEF  notype ()    External     | __CxxThrowException@8
19A 00000000 UNDEF  notype ()    External     | ___CxxFrameHandler3
19B 00000008 SECT29 notype ()    Static       | __ehhandler$??0?$_Vector_alloc@$0A@U?$_Vec_base_types@UEntry@ResourceRegistry@MilesTransport@@V?$allocator@UEntry@ResourceRegistry@MilesTransport@@@std@@@std@@@std@@QAE@ABV?$allocator@UEntry@ResourceRegistry@MilesTransport@@@1@@Z
19C 00000000 SECT81 notype       Static       | .sxdata
    Section length   20, #relocs    0, #linenums    0, checksum  63AEA91
19E 00000000 SECT29 notype ()    Static       | __unwindfunclet$??0?$_Vector_alloc@$0A@U?$_Vec_base_types@UEntry@ResourceRegistry@MilesTransport@@V?$allocator@UEntry@ResourceRegistry@MilesTransport@@@std@@@std@@@std@@QAE@ABV?$allocator@UEntry@ResourceRegistry@MilesTransport@@@1@@Z$0
19F 00000000 SECT60 notype ()    Static       | __ehhandler$?_Reallocate@?$vector@UEntry@ResourceRegistry@MilesTransport@@V?$allocator@UEntry@ResourceRegistry@MilesTransport@@@std@@@std@@IAEXI@Z
1A0 0000006C SECT5F notype ()    Static       | __catch$?_Reallocate@?$vector@UEntry@ResourceRegistry@MilesTransport@@V?$allocator@UEntry@ResourceRegistry@MilesTransport@@@std@@@std@@IAEXI@Z$0
1A1 0000009F SECT5F notype       Label        | $LN8
1A2 00000008 SECT5E notype ()    Static       | __ehhandler$?_Orphan_range@?$vector@UEntry@ResourceRegistry@MilesTransport@@V?$allocator@UEntry@ResourceRegistry@MilesTransport@@@std@@@std@@IBEXPAUEntry@ResourceRegistry@MilesTransport@@0@Z
1A3 00000000 SECT5E notype ()    Static       | __unwindfunclet$?_Orphan_range@?$vector@UEntry@ResourceRegistry@MilesTransport@@V?$allocator@UEntry@ResourceRegistry@MilesTransport@@@std@@@std@@IBEXPAUEntry@ResourceRegistry@MilesTransport@@0@Z$0
1A4 00000008 SECT36 notype ()    Static       | __ehhandler$??0ResourceRegistry@MilesTransport@@QAE@II@Z
1A5 00000000 SECT36 notype ()    Static       | __unwindfunclet$??0ResourceRegistry@MilesTransport@@QAE@II@Z$0
1A6 00000013 SECT4  notype ()    Static       | __ehhandler$??0FileTokens@MilesHostFiles49@@QAE@I@Z
1A7 00000000 SECT4  notype ()    Static       | __unwindfunclet$??0FileTokens@MilesHostFiles49@@QAE@I@Z$0
1A8 00000008 SECT4  notype ()    Static       | __unwindfunclet$??0FileTokens@MilesHostFiles49@@QAE@I@Z$1
1A9 00000011 SECT19 notype ()    Static       | __ehhandler$??$construct@UEntry@ResourceRegistry@MilesTransport@@U123@@?$allocator@UEntry@ResourceRegistry@MilesTransport@@@std@@QAEXPAUEntry@ResourceRegistry@MilesTransport@@$$QAU234@@Z
1AA 00000000 SECT19 notype ()    Static       | __unwindfunclet$??$construct@UEntry@ResourceRegistry@MilesTransport@@U123@@?$allocator@UEntry@ResourceRegistry@MilesTransport@@@std@@QAEXPAUEntry@ResourceRegistry@MilesTransport@@$$QAU234@@Z$0
1AB 00000011 SECT1D notype ()    Static       | __ehhandler$??$construct@U_Container_proxy@std@@U12@@?$allocator@U_Container_proxy@std@@@std@@QAEXPAU_Container_proxy@1@$$QAU21@@Z
1AC 00000000 SECT1D notype ()    Static       | __unwindfunclet$??$construct@U_Container_proxy@std@@U12@@?$allocator@U_Container_proxy@std@@@std@@QAEXPAU_Container_proxy@1@$$QAU21@@Z$0
1AD 00000000 SECT13 notype ()    Static       | __ehhandler$??$_Uninit_move@PAUEntry@ResourceRegistry@MilesTransport@@PAU123@V?$allocator@UEntry@ResourceRegistry@MilesTransport@@@std@@U123@@std@@YAPAUEntry@ResourceRegistry@MilesTransport@@PAU123@00AAU?$_Wrap_alloc@V?$allocator@UEntry@ResourceRegistry@MilesTransport@@@std@@@0@0U_Nonscalar_ptr_iterator_tag@0@@Z
1AE 00000097 SECT12 notype ()    Static       | __catch$??$_Uninit_move@PAUEntry@ResourceRegistry@MilesTransport@@PAU123@V?$allocator@UEntry@ResourceRegistry@MilesTransport@@@std@@U123@@std@@YAPAUEntry@ResourceRegistry@MilesTransport@@PAU123@00AAU?$_Wrap_alloc@V?$allocator@UEntry@ResourceRegistry@MilesTransport@@@std@@@0@0U_Nonscalar_ptr_iterator_tag@0@@Z$0
1AF 000000D0 SECT12 notype       Label        | $LN13
1B0 00000000 SECT82 notype       Static       | .xdata$x
    Section length   2C, #relocs    2, #linenums    0, checksum A7F7E1EC, selection    5 (pick associative Section 0x28)
1B2 00000008 SECT82 notype       Static       | __ehfuncinfo$??0?$_Vector_alloc@$0A@U?$_Vec_base_types@UEntry@ResourceRegistry@MilesTransport@@V?$allocator@UEntry@ResourceRegistry@MilesTransport@@@std@@@std@@@std@@QAE@ABV?$allocator@UEntry@ResourceRegistry@MilesTransport@@@1@@Z
1B3 00000000 SECT82 notype       Static       | __unwindtable$??0?$_Vector_alloc@$0A@U?$_Vec_base_types@UEntry@ResourceRegistry@MilesTransport@@V?$allocator@UEntry@ResourceRegistry@MilesTransport@@@std@@@std@@@std@@QAE@ABV?$allocator@UEntry@ResourceRegistry@MilesTransport@@@1@@Z
1B4 00000000 SECT83 notype       Static       | .xdata$x
    Section length   58, #relocs    4, #linenums    0, checksum D5BF5650, selection    5 (pick associative Section 0x5F)
1B6 00000034 SECT83 notype       Static       | __ehfuncinfo$?_Reallocate@?$vector@UEntry@ResourceRegistry@MilesTransport@@V?$allocator@UEntry@ResourceRegistry@MilesTransport@@@std@@@std@@IAEXI@Z
1B7 00000010 SECT83 notype       Static       | __unwindtable$?_Reallocate@?$vector@UEntry@ResourceRegistry@MilesTransport@@V?$allocator@UEntry@ResourceRegistry@MilesTransport@@@std@@@std@@IAEXI@Z
1B8 00000020 SECT83 notype       Static       | __tryblocktable$?_Reallocate@?$vector@UEntry@ResourceRegistry@MilesTransport@@V?$allocator@UEntry@ResourceRegistry@MilesTransport@@@std@@@std@@IAEXI@Z
1B9 00000000 SECT83 notype       Static       | __catchsym$?_Reallocate@?$vector@UEntry@ResourceRegistry@MilesTransport@@V?$allocator@UEntry@ResourceRegistry@MilesTransport@@@std@@@std@@IAEXI@Z$2
1BA 00000000 SECT84 notype       Static       | .xdata$x
    Section length   2C, #relocs    2, #linenums    0, checksum A7F7E1EC, selection    5 (pick associative Section 0x5D)
1BC 00000008 SECT84 notype       Static       | __ehfuncinfo$?_Orphan_range@?$vector@UEntry@ResourceRegistry@MilesTransport@@V?$allocator@UEntry@ResourceRegistry@MilesTransport@@@std@@@std@@IBEXPAUEntry@ResourceRegistry@MilesTransport@@0@Z
1BD 00000000 SECT84 notype       Static       | __unwindtable$?_Orphan_range@?$vector@UEntry@ResourceRegistry@MilesTransport@@V?$allocator@UEntry@ResourceRegistry@MilesTransport@@@std@@@std@@IBEXPAUEntry@ResourceRegistry@MilesTransport@@0@Z
1BE 00000000 SECT85 notype       Static       | .xdata$x
    Section length   2C, #relocs    2, #linenums    0, checksum A7F7E1EC, selection    5 (pick associative Section 0x35)
1C0 00000008 SECT85 notype       Static       | __ehfuncinfo$??0ResourceRegistry@MilesTransport@@QAE@II@Z
1C1 00000000 SECT85 notype       Static       | __unwindtable$??0ResourceRegistry@MilesTransport@@QAE@II@Z
1C2 00000000 SECT86 notype       Static       | .xdata$x
    Section length   34, #relocs    3, #linenums    0, checksum 21E780FF
1C4 00000010 SECT86 notype       Static       | __ehfuncinfo$??0FileTokens@MilesHostFiles49@@QAE@I@Z
1C5 00000000 SECT86 notype       Static       | __unwindtable$??0FileTokens@MilesHostFiles49@@QAE@I@Z
1C6 00000000 SECT87 notype       Static       | .xdata$x
    Section length   2C, #relocs    2, #linenums    0, checksum A7F7E1EC, selection    5 (pick associative Section 0x18)
1C8 00000008 SECT87 notype       Static       | __ehfuncinfo$??$construct@UEntry@ResourceRegistry@MilesTransport@@U123@@?$allocator@UEntry@ResourceRegistry@MilesTransport@@@std@@QAEXPAUEntry@ResourceRegistry@MilesTransport@@$$QAU234@@Z
1C9 00000000 SECT87 notype       Static       | __unwindtable$??$construct@UEntry@ResourceRegistry@MilesTransport@@U123@@?$allocator@UEntry@ResourceRegistry@MilesTransport@@@std@@QAEXPAUEntry@ResourceRegistry@MilesTransport@@$$QAU234@@Z
1CA 00000000 SECT88 notype       Static       | .xdata$x
    Section length   2C, #relocs    2, #linenums    0, checksum A7F7E1EC, selection    5 (pick associative Section 0x1C)
1CC 00000008 SECT88 notype       Static       | __ehfuncinfo$??$construct@U_Container_proxy@std@@U12@@?$allocator@U_Container_proxy@std@@@std@@QAEXPAU_Container_proxy@1@$$QAU21@@Z
1CD 00000000 SECT88 notype       Static       | __unwindtable$??$construct@U_Container_proxy@std@@U12@@?$allocator@U_Container_proxy@std@@@std@@QAEXPAU_Container_proxy@1@$$QAU21@@Z
1CE 00000000 SECT89 notype       Static       | .xdata$x
    Section length   58, #relocs    4, #linenums    0, checksum D5BF5650, selection    5 (pick associative Section 0x12)
1D0 00000034 SECT89 notype       Static       | __ehfuncinfo$??$_Uninit_move@PAUEntry@ResourceRegistry@MilesTransport@@PAU123@V?$allocator@UEntry@ResourceRegistry@MilesTransport@@@std@@U123@@std@@YAPAUEntry@ResourceRegistry@MilesTransport@@PAU123@00AAU?$_Wrap_alloc@V?$allocator@UEntry@ResourceRegistry@MilesTransport@@@std@@@0@0U_Nonscalar_ptr_iterator_tag@0@@Z
1D1 00000010 SECT89 notype       Static       | __unwindtable$??$_Uninit_move@PAUEntry@ResourceRegistry@MilesTransport@@PAU123@V?$allocator@UEntry@ResourceRegistry@MilesTransport@@@std@@U123@@std@@YAPAUEntry@ResourceRegistry@MilesTransport@@PAU123@00AAU?$_Wrap_alloc@V?$allocator@UEntry@ResourceRegistry@MilesTransport@@@std@@@0@0U_Nonscalar_ptr_iterator_tag@0@@Z
1D2 00000020 SECT89 notype       Static       | __tryblocktable$??$_Uninit_move@PAUEntry@ResourceRegistry@MilesTransport@@PAU123@V?$allocator@UEntry@ResourceRegistry@MilesTransport@@@std@@U123@@std@@YAPAUEntry@ResourceRegistry@MilesTransport@@PAU123@00AAU?$_Wrap_alloc@V?$allocator@UEntry@ResourceRegistry@MilesTransport@@@std@@@0@0U_Nonscalar_ptr_iterator_tag@0@@Z
1D3 00000000 SECT89 notype       Static       | __catchsym$??$_Uninit_move@PAUEntry@ResourceRegistry@MilesTransport@@PAU123@V?$allocator@UEntry@ResourceRegistry@MilesTransport@@@std@@U123@@std@@YAPAUEntry@ResourceRegistry@MilesTransport@@PAU123@00AAU?$_Wrap_alloc@V?$allocator@UEntry@ResourceRegistry@MilesTransport@@@std@@@0@0U_Nonscalar_ptr_iterator_tag@0@@Z$2
1D4 00000000 SECT8A notype       Static       | .bss
    Section length    2, #relocs    0, #linenums    0, checksum        0
1D6 00000001 SECT8A notype       Static       | _piecewise_construct
1D7 00000000 SECT8A notype       Static       | _allocator_arg
1D8 00000000 SECT8B notype       Static       | .rdata
    Section length    C, #relocs    3, #linenums    0, checksum        0, selection    6 (pick largest)
1DA 00000004 SECT8B notype       External     | ??_7logic_error@std@@6B@ (const std::logic_error::`vftable')
1DB 00000000 SECT8C notype       Static       | .rdata
    Section length    C, #relocs    3, #linenums    0, checksum        0, selection    6 (pick largest)
1DD 00000004 SECT8C notype       External     | ??_7invalid_argument@std@@6B@ (const std::invalid_argument::`vftable')
1DE 00000000 SECT8D notype       Static       | .xdata$x
    Section length   10, #relocs    2, #linenums    0, checksum        0, selection    2 (pick any)
1E0 00000000 SECT8D notype       External     | __TI3?AVinvalid_argument@std@@
1E1 00000000 SECT8E notype       Static       | .xdata$x
    Section length   10, #relocs    3, #linenums    0, checksum 29C8B4F2, selection    2 (pick any)
1E3 00000000 SECT8E notype       External     | __CTA3?AVinvalid_argument@std@@
1E4 00000000 SECT8F notype       Static       | .data$r
    Section length   23, #relocs    1, #linenums    0, checksum 106500BA, selection    2 (pick any)
1E6 00000000 SECT8F notype       External     | ??_R0?AVinvalid_argument@std@@@8 (class std::invalid_argument `RTTI Type Descriptor')
1E7 00000000 SECT90 notype       Static       | .xdata$x
    Section length   1C, #relocs    2, #linenums    0, checksum 44EBA1E5, selection    2 (pick any)
1E9 00000000 SECT90 notype       External     | __CT??_R0?AVinvalid_argument@std@@@8??0invalid_argument@std@@QAE@ABV01@@Z12
1EA 00000000 SECT91 notype       Static       | .data$r
    Section length   1E, #relocs    1, #linenums    0, checksum 581E38EE, selection    2 (pick any)
1EC 00000000 SECT91 notype       External     | ??_R0?AVlogic_error@std@@@8 (class std::logic_error `RTTI Type Descriptor')
1ED 00000000 SECT92 notype       Static       | .xdata$x
    Section length   1C, #relocs    2, #linenums    0, checksum 44EBA1E5, selection    2 (pick any)
1EF 00000000 SECT92 notype       External     | __CT??_R0?AVlogic_error@std@@@8??0logic_error@std@@QAE@ABV01@@Z12
1F0 00000000 SECT93 notype       Static       | .data$r
    Section length   1C, #relocs    1, #linenums    0, checksum 54BC55F2, selection    2 (pick any)
1F2 00000000 SECT93 notype       External     | ??_R0?AVexception@std@@@8 (class std::exception `RTTI Type Descriptor')
1F3 00000000 SECT94 notype       Static       | .xdata$x
    Section length   1C, #relocs    2, #linenums    0, checksum 44EBA1E5, selection    2 (pick any)
1F5 00000000 SECT94 notype       External     | __CT??_R0?AVexception@std@@@8??0exception@std@@QAE@ABV01@@Z12
1F6 00000000 SECT95 notype       Static       | .rdata
    Section length   14, #relocs    0, #linenums    0, checksum B8181385, selection    2 (pick any)
1F8 00000000 SECT95 notype       External     | ??_C@_0BE@EIDCHHPH@zero?5registry?5bound?$AA@ (`string')
1F9 00000000 UNDEF  notype       External     | ??_7type_info@@6B@ (const type_info::`vftable')
1FA 00000000 SECT96 notype       Static       | .rdata
    Section length   8C, #relocs    0, #linenums    0, checksum 101D7482, selection    2 (pick any)
1FC 00000000 SECT96 notype       External     | ??_C@_1IM@CBJFJAOD@?$AAC?$AA?3?$AA?2?$AAP?$AAr?$AAo?$AAg?$AAr?$AAa?$AAm?$AA?5?$AAF?$AAi?$AAl?$AAe?$AAs?$AA?5?$AA?$CI?$AAx?$AA8?$AA6?$AA?$CJ?$AA?2?$AAM?$AAi?$AAc?$AAr?$AAo?$AAs?$AAo?$AAf?$AAt@ (`string')
1FD 00000000 SECT97 notype       Static       | .rdata
    Section length   3C, #relocs    0, #linenums    0, checksum 4C8F04E7, selection    2 (pick any)
1FF 00000000 SECT97 notype       External     | ??_C@_1DM@LHGCHCBA@?$AAv?$AAe?$AAc?$AAt?$AAo?$AAr?$AA?5?$AAs?$AAu?$AAb?$AAs?$AAc?$AAr?$AAi?$AAp?$AAt?$AA?5?$AAo?$AAu?$AAt?$AA?5?$AAo?$AAf?$AA?5?$AAr?$AAa?$AAn?$AAg?$AAe?$AA?$AA@ (`string')
200 00000000 SECT98 notype       Static       | .rdata
    Section length   24, #relocs    0, #linenums    0, checksum 70812DE6, selection    2 (pick any)
202 00000000 SECT98 notype       External     | ??_C@_0CE@OFMIGAMM@Standard?5C?$CL?$CL?5Libraries?5Out?5of?5Ra@ (`string')
203 00000000 SECT99 notype       Static       | .rdata
    Section length   56, #relocs    0, #linenums    0, checksum 8F83C987, selection    2 (pick any)
205 00000000 SECT99 notype       External     | ??_C@_1FG@IBPIFFN@?$AA?$CC?$AAS?$AAt?$AAa?$AAn?$AAd?$AAa?$AAr?$AAd?$AA?5?$AAC?$AA?$CL?$AA?$CL?$AA?5?$AAL?$AAi?$AAb?$AAr?$AAa?$AAr?$AAi?$AAe?$AAs?$AA?5?$AAO?$AAu?$AAt?$AA?5?$AAo?$AAf?$AA?5?$AAR@ (`string')
206 00000000 SECT9A notype       Static       | .rdata
    Section length    6, #relocs    0, #linenums    0, checksum 2EEB9BF7, selection    2 (pick any)
208 00000000 SECT9A notype       External     | ??_C@_15GANGMFKL@?$AA?$CF?$AAs?$AA?$AA@ (`string')
209 00000000 SECT9B notype       Static       | .rdata
    Section length  11E, #relocs    0, #linenums    0, checksum BB4B684E, selection    2 (pick any)
20B 00000000 SECT9B notype       External     | ??_C@_1BBO@MELCEMIF@?$AAs?$AAt?$AAd?$AA?3?$AA?3?$AAv?$AAe?$AAc?$AAt?$AAo?$AAr?$AA?$DM?$AAs?$AAt?$AAr?$AAu?$AAc?$AAt?$AA?5?$AAM?$AAi?$AAl?$AAe?$AAs?$AAT?$AAr?$AAa?$AAn?$AAs?$AAp?$AAo?$AAr@ (`string')
20C 00000000 SECT9C notype       Static       | .rdata
    Section length   1E, #relocs    0, #linenums    0, checksum F3B436A4, selection    2 (pick any)
20E 00000000 SECT9C notype       External     | ??_C@_1BO@MEPPHOO@?$AA?$CC?$AAo?$AAu?$AAt?$AA?5?$AAo?$AAf?$AA?5?$AAr?$AAa?$AAn?$AAg?$AAe?$AA?$CC?$AA?$AA@ (`string')
20F 00000000 SECT9D notype       Static       | .rdata
    Section length   13, #relocs    0, #linenums    0, checksum CEE728DA, selection    2 (pick any)
211 00000000 SECT9D notype       External     | ??_C@_0BD@OLBABOEK@vector?$DMT?$DO?5too?5long?$AA@ (`string')
212 00000000 SECT9E notype       Static       | .rdata
    Section length   8E, #relocs    0, #linenums    0, checksum 6FB757B8, selection    2 (pick any)
214 00000000 SECT9E notype       External     | ??_C@_1IO@LEDGBKLH@?$AAC?$AA?3?$AA?2?$AAP?$AAr?$AAo?$AAg?$AAr?$AAa?$AAm?$AA?5?$AAF?$AAi?$AAl?$AAe?$AAs?$AA?5?$AA?$CI?$AAx?$AA8?$AA6?$AA?$CJ?$AA?2?$AAM?$AAi?$AAc?$AAr?$AAo?$AAs?$AAo?$AAf?$AAt@ (`string')
215 00000000 SECT9F notype       Static       | .rdata
    Section length   2A, #relocs    0, #linenums    0, checksum 55665FBD, selection    2 (pick any)
217 00000000 SECT9F notype       External     | ??_C@_1CK@EOPGIILJ@?$AAi?$AAn?$AAv?$AAa?$AAl?$AAi?$AAd?$AA?5?$AAn?$AAu?$AAl?$AAl?$AA?5?$AAp?$AAo?$AAi?$AAn?$AAt?$AAe?$AAr?$AA?$AA@ (`string')
218 00000000 SECTA0 notype       Static       | .rdata
    Section length   2E, #relocs    0, #linenums    0, checksum CA385A6C, selection    2 (pick any)
21A 00000000 SECTA0 notype       External     | ??_C@_1CO@DGLIKNHI@?$AAi?$AAn?$AAv?$AAa?$AAl?$AAi?$AAd?$AA?5?$AAi?$AAt?$AAe?$AAr?$AAa?$AAt?$AAo?$AAr?$AA?5?$AAr?$AAa?$AAn?$AAg?$AAe?$AA?$AA@ (`string')
21B 00000000 SECTA1 notype       Static       | .rdata$r
    Section length   1C, #relocs    2, #linenums    0, checksum 3AD97647, selection    2 (pick any)
21D 00000000 SECTA1 notype       External     | ??_R1A@?0A@EA@exception@std@@8 (std::exception::`RTTI Base Class Descriptor at (0,-1,0,64)')
21E 00000000 SECTA2 notype       Static       | .rdata$r
    Section length   10, #relocs    1, #linenums    0, checksum CCAA009E, selection    2 (pick any)
220 00000000 SECTA2 notype       External     | ??_R3exception@std@@8 (std::exception::`RTTI Class Hierarchy Descriptor')
221 00000000 SECTA3 notype       Static       | .rdata$r
    Section length    5, #relocs    1, #linenums    0, checksum        0, selection    2 (pick any)
223 00000000 SECTA3 notype       External     | ??_R2exception@std@@8 (std::exception::`RTTI Base Class Array')
224 00000000 SECTA4 notype       Static       | .rdata$r
    Section length   14, #relocs    2, #linenums    0, checksum        0, selection    2 (pick any)
226 00000000 SECTA4 notype       External     | ??_R4logic_error@std@@6B@ (const std::logic_error::`RTTI Complete Object Locator')
227 00000000 SECTA5 notype       Static       | .rdata$r
    Section length   10, #relocs    1, #linenums    0, checksum 4225077D, selection    2 (pick any)
229 00000000 SECTA5 notype       External     | ??_R3logic_error@std@@8 (std::logic_error::`RTTI Class Hierarchy Descriptor')
22A 00000000 SECTA6 notype       Static       | .rdata$r
    Section length    9, #relocs    2, #linenums    0, checksum        0, selection    2 (pick any)
22C 00000000 SECTA6 notype       External     | ??_R2logic_error@std@@8 (std::logic_error::`RTTI Base Class Array')
22D 00000000 SECTA7 notype       Static       | .rdata$r
    Section length   1C, #relocs    2, #linenums    0, checksum BBFC1360, selection    2 (pick any)
22F 00000000 SECTA7 notype       External     | ??_R1A@?0A@EA@logic_error@std@@8 (std::logic_error::`RTTI Base Class Descriptor at (0,-1,0,64)')
230 00000000 SECTA8 notype       Static       | .rdata$r
    Section length   14, #relocs    2, #linenums    0, checksum        0, selection    2 (pick any)
232 00000000 SECTA8 notype       External     | ??_R4invalid_argument@std@@6B@ (const std::invalid_argument::`RTTI Complete Object Locator')
233 00000000 SECTA9 notype       Static       | .rdata$r
    Section length   10, #relocs    1, #linenums    0, checksum 8E8F07E3, selection    2 (pick any)
235 00000000 SECTA9 notype       External     | ??_R3invalid_argument@std@@8 (std::invalid_argument::`RTTI Class Hierarchy Descriptor')
236 00000000 SECTAA notype       Static       | .rdata$r
    Section length    D, #relocs    3, #linenums    0, checksum        0, selection    2 (pick any)
238 00000000 SECTAA notype       External     | ??_R2invalid_argument@std@@8 (std::invalid_argument::`RTTI Base Class Array')
239 00000000 SECTAB notype       Static       | .rdata$r
    Section length   1C, #relocs    2, #linenums    0, checksum E3E2BA48, selection    2 (pick any)
23B 00000000 SECTAB notype       External     | ??_R1A@?0A@EA@invalid_argument@std@@8 (std::invalid_argument::`RTTI Base Class Descriptor at (0,-1,0,64)')
23C 00000000 UNDEF  notype       External     | ___security_cookie
23D 00000000 UNDEF  notype       External     | __fltused
23E 00000000 SECTAC notype       Static       | .CRT$XCU
    Section length    8, #relocs    2, #linenums    0, checksum        0
240 00000000 SECTAC notype       Static       | _piecewise_construct$initializer$
241 00000004 SECTAC notype       Static       | _allocator_arg$initializer$

String Table Size = 0x5A99 bytes

  Summary

           8 .CRT$XCU
           2 .bss
          5D .data$r
          B8 .debug$S
          C2 .drectve
         3A9 .rdata
          C7 .rdata$r
          20 .sxdata
          1A .text$di
        220C .text$mn
         125 .text$x
         234 .xdata$x
