event=entry tick=188462656 thread=300 cw=027f mxcsr=00001f80
ALSA lib control.c:1575:(snd_ctl_open_noupdate) [error.control] Invalid CTL hw:0
ALSA lib control.c:1575:(snd_ctl_open_noupdate) [error.control] Invalid CTL hw:1
ALSA lib control.c:1575:(snd_ctl_open_noupdate) [error.control] Invalid CTL hw:0
ALSA lib control.c:1575:(snd_ctl_open_noupdate) [error.control] Invalid CTL hw:1
runtime-resource-version=7.2a wave-devices=1
startup=1 error=
event=startup tick=188462844 thread=300 cw=027f mxcsr=00001f80
event=decode-start tick=188462846 thread=300 cw=027f mxcsr=00001f80
decode-okay=1 bytes=428588 error=
event=decode-end tick=188462847 thread=300 cw=027f mxcsr=00001fa0
module=C:\vendor-miles-probe\probe.exe
module=C:\windows\system32\ntdll.dll
module=C:\windows\system32\kernel32.dll
module=C:\windows\system32\kernelbase.dll
module=C:\windows\system32\WINMM.dll
module=C:\windows\system32\advapi32.dll
module=C:\windows\system32\msvcrt.dll
module=C:\windows\system32\sechost.dll
module=C:\windows\system32\ucrtbase.dll
module=C:\windows\system32\msacm32.dll
module=C:\windows\system32\user32.dll
module=C:\windows\system32\gdi32.dll
module=C:\windows\system32\win32u.dll
module=C:\windows\system32\ole32.dll
module=C:\windows\system32\combase.dll
module=C:\windows\system32\rpcrt4.dll
module=C:\windows\system32\cryptbase.dll
module=C:\windows\system32\coml2.dll
module=C:\windows\system32\imm32.dll
module=C:\vendor-miles-probe\Mss32.dll
module=c:\windows\system32\winex11.drv
module=C:\windows\system32\uxtheme.dll
module=C:\windows\system32\mmdevapi.dll
module=C:\windows\system32\oleaut32.dll
module=C:\windows\system32\version.dll
module=C:\vendor-miles-probe\miles\mssmp3.asi
module=C:\vendor-miles-probe\miles\mssogg.asi
module=C:\vendor-miles-probe\miles\mssvoice.asi
driver=0082CFE0 error=
module=C:\vendor-miles-probe\probe.exe
module=C:\windows\system32\ntdll.dll
module=C:\windows\system32\kernel32.dll
module=C:\windows\system32\kernelbase.dll
module=C:\windows\system32\WINMM.dll
module=C:\windows\system32\advapi32.dll
module=C:\windows\system32\msvcrt.dll
module=C:\windows\system32\sechost.dll
module=C:\windows\system32\ucrtbase.dll
module=C:\windows\system32\msacm32.dll
module=C:\windows\system32\user32.dll
module=C:\windows\system32\gdi32.dll
module=C:\windows\system32\win32u.dll
module=C:\windows\system32\ole32.dll
module=C:\windows\system32\combase.dll
module=C:\windows\system32\rpcrt4.dll
module=C:\windows\system32\cryptbase.dll
module=C:\windows\system32\coml2.dll
module=C:\windows\system32\imm32.dll
module=C:\vendor-miles-probe\Mss32.dll
module=c:\windows\system32\winex11.drv
module=C:\windows\system32\uxtheme.dll
module=C:\windows\system32\mmdevapi.dll
module=C:\windows\system32\oleaut32.dll
module=C:\windows\system32\version.dll
module=C:\vendor-miles-probe\miles\mssmp3.asi
module=C:\vendor-miles-probe\miles\mssogg.asi
module=C:\vendor-miles-probe\miles\mssvoice.asi
module=C:\windows\system32\DSOUND.DLL
sample-accepted=1
event=sample-start tick=188463144 thread=300 cw=027f mxcsr=00001fa0
sample tick=188463144 status=4 position=8 total=204
sample tick=188463144 status=4 position=16 total=204
sample tick=188463162 status=4 position=16 total=204
sample tick=188463162 status=4 position=40 total=204
sample tick=188463178 status=4 position=48 total=204
sample tick=188463194 status=4 position=48 total=204
sample tick=188463194 status=4 position=72 total=204
sample tick=188463210 status=4 position=72 total=204
sample tick=188463226 status=4 position=96 total=204
sample tick=188463226 status=4 position=96 total=204
sample tick=188463242 status=4 position=112 total=204
sample tick=188463258 status=4 position=112 total=204
sample tick=188463258 status=4 position=136 total=204
sample tick=188463275 status=4 position=144 total=204
sample tick=188463291 status=4 position=144 total=204
sample tick=188463291 status=4 position=161 total=204
sample tick=188463307 status=4 position=169 total=204
sample tick=188463323 status=4 position=177 total=204
sample tick=188463323 status=4 position=201 total=204
event=sample-eos tick=188463339 thread=300 cw=027f mxcsr=00001fa0
sample tick=188463339 status=2 position=204 total=204
stream=008784E0 error=
event=stream-start tick=188463358 thread=300 cw=027f mxcsr=00001fa0
stream tick=188463358 status=4
stream tick=188463358 status=4
stream tick=188463375 status=4
stream tick=188463375 status=4
stream tick=188463391 status=4
stream tick=188463407 status=4
stream tick=188463407 status=4
stream tick=188463423 status=4
stream tick=188463439 status=4
stream tick=188463439 status=4
stream tick=188463455 status=4
stream tick=188463471 status=4
stream tick=188463471 status=4
stream tick=188463487 status=4
stream tick=188463503 status=4
stream tick=188463503 status=4
stream tick=188463519 status=4
stream tick=188463535 status=4
stream tick=188463535 status=4
stream tick=188463551 status=4
stream tick=188463567 status=4
stream tick=188463567 status=4
stream tick=188463587 status=4
stream tick=188463587 status=4
stream tick=188463603 status=4
event=stream-eos tick=188463603 thread=324 cw=027f mxcsr=00001f80
module=C:\vendor-miles-probe\probe.exe
module=C:\windows\system32\ntdll.dll
module=C:\windows\system32\kernel32.dll
module=C:\windows\system32\kernelbase.dll
module=C:\windows\system32\WINMM.dll
module=C:\windows\system32\advapi32.dll
module=C:\windows\system32\msvcrt.dll
module=C:\windows\system32\sechost.dll
module=C:\windows\system32\ucrtbase.dll
module=C:\windows\system32\msacm32.dll
module=C:\windows\system32\user32.dll
module=C:\windows\system32\gdi32.dll
module=C:\windows\system32\win32u.dll
module=C:\windows\system32\ole32.dll
module=C:\windows\system32\combase.dll
module=C:\windows\system32\rpcrt4.dll
module=C:\windows\system32\cryptbase.dll
module=C:\windows\system32\coml2.dll
module=C:\windows\system32\imm32.dll
module=C:\vendor-miles-probe\Mss32.dll
module=c:\windows\system32\winex11.drv
module=C:\windows\system32\uxtheme.dll
module=C:\windows\system32\mmdevapi.dll
module=C:\windows\system32\oleaut32.dll
module=C:\windows\system32\version.dll
module=C:\vendor-miles-probe\miles\mssmp3.asi
module=C:\vendor-miles-probe\miles\mssogg.asi
module=C:\vendor-miles-probe\miles\mssvoice.asi
module=C:\windows\system32\DSOUND.DLL
event=shutdown tick=188463665 thread=300 cw=027f mxcsr=00001fa0
sample-eos=1 stream-eos=1
