buffer_upload_mutant.cpp
tests.cpp
C:\miles-upload-parent17\buffer-upload-candidate\tests.cpp(12) : error C2220: warning treated as error - no 'object' file generated
C:\miles-upload-parent17\buffer-upload-candidate\tests.cpp(12) : warning C4127: conditional expression is constant
C:\miles-upload-parent17\buffer-upload-candidate\tests.cpp(13) : warning C4127: conditional expression is constant
C:\miles-upload-parent17\buffer-upload-candidate\tests.cpp(14) : warning C4127: conditional expression is constant
C:\miles-upload-parent17\buffer-upload-candidate\tests.cpp(15) : warning C4127: conditional expression is constant
C:\miles-upload-parent17\buffer-upload-candidate\tests.cpp(16) : warning C4127: conditional expression is constant
C:\miles-upload-parent17\buffer-upload-candidate\tests.cpp(17) : warning C4127: conditional expression is constant
C:\miles-upload-parent17\buffer-upload-candidate\tests.cpp(18) : warning C4127: conditional expression is constant
C:\miles-upload-parent17\buffer-upload-candidate\tests.cpp(19) : warning C4127: conditional expression is constant
C:\miles-upload-parent17\buffer-upload-candidate\tests.cpp(20) : warning C4127: conditional expression is constant
C:\miles-upload-parent17\buffer-upload-candidate\tests.cpp(21) : warning C4127: conditional expression is constant
C:\miles-upload-parent17\buffer-upload-candidate\tests.cpp(22) : warning C4127: conditional expression is constant
C:\miles-upload-parent17\buffer-upload-candidate\tests.cpp(23) : warning C4127: conditional expression is constant
C:\miles-upload-parent17\buffer-upload-candidate\tests.cpp(24) : warning C4127: conditional expression is constant
C:\miles-upload-parent17\buffer-upload-candidate\tests.cpp(26) : warning C4127: conditional expression is constant
C:\miles-upload-parent17\buffer-upload-candidate\tests.cpp(27) : warning C4127: conditional expression is constant
C:\miles-upload-parent17\buffer-upload-candidate\tests.cpp(28) : warning C4127: conditional expression is constant
C:\miles-upload-parent17\buffer-upload-candidate\tests.cpp(29) : warning C4127: conditional expression is constant
C:\miles-upload-parent17\buffer-upload-candidate\tests.cpp(30) : warning C4127: conditional expression is constant
C:\miles-upload-parent17\buffer-upload-candidate\tests.cpp(32) : warning C4127: conditional expression is constant
C:\miles-upload-parent17\buffer-upload-candidate\tests.cpp(34) : warning C4127: conditional expression is constant
C:\miles-upload-parent17\buffer-upload-candidate\tests.cpp(36) : warning C4127: conditional expression is constant
C:\miles-upload-parent17\buffer-upload-candidate\tests.cpp(37) : warning C4127: conditional expression is constant
C:\miles-upload-parent17\buffer-upload-candidate\tests.cpp(38) : warning C4127: conditional expression is constant
C:\miles-upload-parent17\buffer-upload-candidate\tests.cpp(40) : warning C4127: conditional expression is constant
C:\miles-upload-parent17\buffer-upload-candidate\tests.cpp(42) : warning C4127: conditional expression is constant
C:\miles-upload-parent17\buffer-upload-candidate\tests.cpp(47) : warning C4127: conditional expression is constant
C:\miles-upload-parent17\buffer-upload-candidate\tests.cpp(48) : warning C4127: conditional expression is constant
C:\miles-upload-parent17\buffer-upload-candidate\tests.cpp(50) : warning C4127: conditional expression is constant
C:\miles-upload-parent17\buffer-upload-candidate\tests.cpp(51) : warning C4127: conditional expression is constant
Generating Code...
