Microsoft (R) COFF/PE Dumper Version 12.00.40629.0
Copyright (C) Microsoft Corporation.  All rights reserved.


Dump of file C:\native94\results\x86-session-version22-session_version_host\x86-session-version22-session_version_host.obj

File Type: COFF OBJECT

COFF SYMBOL TABLE
000 00E19EB5 ABS    notype       Static       | @comp.id
001 80000191 ABS    notype       Static       | @feat.00
002 00000000 SECT1  notype       Static       | .drectve
    Section length   F0, #relocs    0, #linenums    0, checksum        0
004 00000000 SECT2  notype       Static       | .debug$S
    Section length   C0, #relocs    0, #linenums    0, checksum        0
006 00000000 SECT3  notype       Static       | .rdata
    Section length    A, #relocs    0, #linenums    0, checksum 64C0364D
008 00000000 SECT3  notype       Static       | $SG96010
009 00000000 SECT4  notype       Static       | .text$mn
    Section length  18D, #relocs   14, #linenums    0, checksum B348734F
00B 00000000 SECT5  notype       Static       | .text$x
    Section length   35, #relocs    6, #linenums    0, checksum AA84DCE0
00D 00000000 SECT6  notype       Static       | .text$mn
    Section length   3A, #relocs    2, #linenums    0, checksum C7A8FC3C, selection    2 (pick any)
00F 00000000 SECT7  notype       Static       | .text$mn
    Section length   40, #relocs    2, #linenums    0, checksum 7629844C, selection    2 (pick any)
011 00000000 SECT8  notype       Static       | .text$mn
    Section length   34, #relocs    2, #linenums    0, checksum  CFC7E80, selection    2 (pick any)
013 00000000 SECT9  notype       Static       | .text$mn
    Section length    5, #relocs    0, #linenums    0, checksum 672BE856, selection    2 (pick any)
015 00000000 SECTA  notype       Static       | .text$mn
    Section length    B, #relocs    0, #linenums    0, checksum 731C78BA, selection    2 (pick any)
017 00000000 SECTB  notype       Static       | .text$mn
    Section length   1C, #relocs    1, #linenums    0, checksum  242DC2E, selection    2 (pick any)
019 00000000 SECTC  notype       Static       | .text$mn
    Section length   45, #relocs    3, #linenums    0, checksum E2EB8079, selection    2 (pick any)
01B 00000000 SECTD  notype       Static       | .text$mn
    Section length    7, #relocs    0, #linenums    0, checksum 96F779C9, selection    2 (pick any)
01D 00000000 SECTE  notype       Static       | .text$mn
    Section length    8, #relocs    0, #linenums    0, checksum 9FC65074, selection    2 (pick any)
01F 00000000 SECTF  notype       Static       | .text$mn
    Section length   2A, #relocs    2, #linenums    0, checksum DD7DBD75, selection    2 (pick any)
021 00000000 SECT10 notype       Static       | .text$mn
    Section length   8C, #relocs    4, #linenums    0, checksum 2EBC7424, selection    2 (pick any)
023 00000000 SECT11 notype       Static       | .text$x
    Section length   2C, #relocs    4, #linenums    0, checksum EBB4DEC8, selection    5 (pick associative Section 0x10)
025 00000000 SECT12 notype       Static       | .text$mn
    Section length   1E, #relocs    2, #linenums    0, checksum FD521FF5, selection    2 (pick any)
027 00000000 SECT13 notype       Static       | .text$mn
    Section length   1D, #relocs    1, #linenums    0, checksum  194F6F6, selection    2 (pick any)
029 00000000 SECT14 notype       Static       | .text$mn
    Section length    D, #relocs    0, #linenums    0, checksum FEDA5EFE, selection    2 (pick any)
02B 00000000 SECT15 notype       Static       | .text$mn
    Section length   11, #relocs    1, #linenums    0, checksum 3F64F992, selection    2 (pick any)
02D 00000000 SECT16 notype       Static       | .text$mn
    Section length    8, #relocs    0, #linenums    0, checksum 9FC65074, selection    2 (pick any)
02F 00000000 SECT17 notype       Static       | .text$mn
    Section length   58, #relocs    4, #linenums    0, checksum CEE6C226, selection    2 (pick any)
031 00000000 SECT18 notype       Static       | .text$x
    Section length   23, #relocs    4, #linenums    0, checksum 5B6E1E5A, selection    5 (pick associative Section 0x17)
033 00000000 SECT19 notype       Static       | .text$mn
    Section length   34, #relocs    1, #linenums    0, checksum 2B95B42E, selection    2 (pick any)
035 00000000 SECT1A notype       Static       | .text$mn
    Section length   16, #relocs    1, #linenums    0, checksum  FE9A807, selection    2 (pick any)
037 00000000 SECT1B notype       Static       | .text$mn
    Section length   16, #relocs    1, #linenums    0, checksum  FE9A807, selection    2 (pick any)
039 00000000 SECT1C notype       Static       | .text$mn
    Section length    E, #relocs    0, #linenums    0, checksum 4DE4BFBE, selection    2 (pick any)
03B 00000000 SECT1D notype       Static       | .text$mn
    Section length    E, #relocs    0, #linenums    0, checksum 4DE4BFBE, selection    2 (pick any)
03D 00000000 SECT1E notype       Static       | .text$mn
    Section length   74, #relocs    6, #linenums    0, checksum DD374FDC, selection    2 (pick any)
03F 00000000 SECT1F notype       Static       | .text$x
    Section length   23, #relocs    4, #linenums    0, checksum 2973A6F7, selection    5 (pick associative Section 0x1E)
041 00000000 SECT20 notype       Static       | .text$mn
    Section length   21, #relocs    0, #linenums    0, checksum  7EE8099, selection    2 (pick any)
043 00000000 SECT21 notype       Static       | .text$mn
    Section length   18, #relocs    0, #linenums    0, checksum 929BE4BF, selection    2 (pick any)
045 00000000 SECT22 notype       Static       | .text$mn
    Section length   17, #relocs    0, #linenums    0, checksum DCB33672, selection    2 (pick any)
047 00000000 SECT23 notype       Static       | .text$mn
    Section length   21, #relocs    0, #linenums    0, checksum  9AF886A, selection    2 (pick any)
049 00000000 SECT24 notype       Static       | .text$mn
    Section length   1B, #relocs    2, #linenums    0, checksum 423E1A34, selection    2 (pick any)
04B 00000000 SECT25 notype       Static       | .text$mn
    Section length   13, #relocs    1, #linenums    0, checksum 58B0A1A3, selection    2 (pick any)
04D 00000000 SECT26 notype       Static       | .text$mn
    Section length   1B, #relocs    2, #linenums    0, checksum 423E1A34, selection    2 (pick any)
04F 00000000 SECT27 notype       Static       | .text$mn
    Section length   1F, #relocs    1, #linenums    0, checksum 60897D38, selection    2 (pick any)
051 00000000 SECT28 notype       Static       | .text$mn
    Section length   13, #relocs    1, #linenums    0, checksum 58B0A1A3, selection    2 (pick any)
053 00000000 SECT29 notype       Static       | .text$mn
    Section length    8, #relocs    0, #linenums    0, checksum 98CFF8A8, selection    2 (pick any)
055 00000000 SECT2A notype       Static       | .text$mn
    Section length    5, #relocs    0, #linenums    0, checksum 672BE856, selection    2 (pick any)
057 00000000 SECT2B notype       Static       | .text$mn
    Section length   8B, #relocs    D, #linenums    0, checksum B3292C16, selection    2 (pick any)
059 00000000 SECT2C notype       Static       | .text$di
    Section length    D, #relocs    0, #linenums    0, checksum A512431E, selection    2 (pick any)
05B 00000000 SECT2D notype       Static       | .text$di
    Section length    D, #relocs    0, #linenums    0, checksum A512431E, selection    2 (pick any)
05D 00000000 SECT2E notype       Static       | .text$mn
    Section length   45, #relocs    4, #linenums    0, checksum 2D4CA28F, selection    2 (pick any)
05F 00000000 SECT2F notype       Static       | .text$mn
    Section length   8A, #relocs    4, #linenums    0, checksum 6B02C405, selection    2 (pick any)
061 00000000 SECT30 notype       Static       | .text$mn
    Section length   A9, #relocs    7, #linenums    0, checksum 8C96EED8, selection    2 (pick any)
063 00000000 SECT31 notype       Static       | .text$x
    Section length   1B, #relocs    3, #linenums    0, checksum 4A0E5294, selection    5 (pick associative Section 0x30)
065 00000000 SECT32 notype       Static       | .text$mn
    Section length   2F, #relocs    2, #linenums    0, checksum D117847A, selection    2 (pick any)
067 00000000 SECT33 notype       Static       | .text$mn
    Section length   20, #relocs    1, #linenums    0, checksum 9F1E8E14, selection    2 (pick any)
069 00000000 SECT34 notype       Static       | .text$mn
    Section length   44, #relocs    4, #linenums    0, checksum F0D9C26C, selection    2 (pick any)
06B 00000000 SECT35 notype       Static       | .text$mn
    Section length   18, #relocs    1, #linenums    0, checksum A0744C79, selection    2 (pick any)
06D 00000000 SECT36 notype       Static       | .text$mn
    Section length   62, #relocs    2, #linenums    0, checksum 702125DB, selection    2 (pick any)
06F 00000000 SECT37 notype       Static       | .text$mn
    Section length   79, #relocs    4, #linenums    0, checksum 4A2202E2, selection    2 (pick any)
071 00000000 SECT38 notype       Static       | .text$mn
    Section length   39, #relocs    2, #linenums    0, checksum 94CC63F6, selection    2 (pick any)
073 00000000 SECT39 notype       Static       | .text$mn
    Section length   15, #relocs    2, #linenums    0, checksum 56CE9215, selection    2 (pick any)
075 00000000 SECT3A notype       Static       | .text$mn
    Section length   19, #relocs    1, #linenums    0, checksum BD6B49F2, selection    2 (pick any)
077 00000000 SECT3B notype       Static       | .text$mn
    Section length   19, #relocs    1, #linenums    0, checksum BD6B49F2, selection    2 (pick any)
079 00000000 SECT3C notype       Static       | .text$mn
    Section length   1B, #relocs    1, #linenums    0, checksum A083A8B9, selection    2 (pick any)
07B 00000000 SECT3D notype       Static       | .text$mn
    Section length   1B, #relocs    1, #linenums    0, checksum A083A8B9, selection    2 (pick any)
07D 00000000 SECT3E notype       Static       | .text$mn
    Section length   11, #relocs    0, #linenums    0, checksum 8BD9B82C, selection    2 (pick any)
07F 00000000 SECT3F notype       Static       | .text$mn
    Section length   1D, #relocs    1, #linenums    0, checksum F0D1C1B9, selection    2 (pick any)
081 00000000 SECT40 notype       Static       | .text$mn
    Section length   1D, #relocs    1, #linenums    0, checksum F0D1C1B9, selection    2 (pick any)
083 00000000 SECT41 notype       Static       | .text$mn
    Section length   19, #relocs    1, #linenums    0, checksum 92C9EDFA, selection    2 (pick any)
085 00000000 SECT42 notype       Static       | .text$mn
    Section length   19, #relocs    1, #linenums    0, checksum 92C9EDFA, selection    2 (pick any)
087 00000000 SECT43 notype       Static       | .text$mn
    Section length   17, #relocs    1, #linenums    0, checksum 65735477, selection    2 (pick any)
089 00000000 SECT44 notype       Static       | .text$mn
    Section length    E, #relocs    0, #linenums    0, checksum 9B858C0F, selection    2 (pick any)
08B 00000000 SECT45 notype       Static       | .text$mn
    Section length    D, #relocs    1, #linenums    0, checksum F7352B9C, selection    2 (pick any)
08D 00000000 SECT46 notype       Static       | .text$mn
    Section length   20, #relocs    2, #linenums    0, checksum 612629E5, selection    2 (pick any)
08F 00000000 SECT47 notype       Static       | .text$mn
    Section length   17, #relocs    0, #linenums    0, checksum 617D3D37, selection    2 (pick any)
091 00000000 SECT48 notype       Static       | .text$mn
    Section length   27, #relocs    1, #linenums    0, checksum D2B43191, selection    2 (pick any)
093 00000000 UNDEF  notype ()    External     | ??2@YAPAXI@Z (void * __cdecl operator new(unsigned int))
094 00000000 UNDEF  notype ()    External     | ??3@YAXPAX@Z (void __cdecl operator delete(void *))
095 00000000 UNDEF  notype ()    External     | __invalid_parameter
096 00000000 UNDEF  notype ()    External     | ??0_Lockit@std@@QAE@H@Z (public: __thiscall std::_Lockit::_Lockit(int))
097 00000000 UNDEF  notype ()    External     | ??1_Lockit@std@@QAE@XZ (public: __thiscall std::_Lockit::~_Lockit(void))
098 00000000 UNDEF  notype ()    External     | _memset
099 00000000 UNDEF  notype ()    External     | __hypot
09A 00000000 SECT48 notype ()    External     | _hypot
09B 00000000 SECT29 notype ()    External     | ??2@YAPAXIPAX@Z (void * __cdecl operator new(unsigned int,void *))
09C 00000000 SECT2A notype ()    External     | ??3@YAXPAX0@Z (void __cdecl operator delete(void *,void *))
09D 00000000 UNDEF  notype ()    External     | __CrtDbgReportW
09E 00000000 SECT2D notype ()    Static       | ??__Epiecewise_construct@std@@YAXXZ (void __cdecl std::`dynamic initializer for 'piecewise_construct''(void))
09F 00000000 UNDEF  notype ()    External     | ?_Debug_message@std@@YAXPB_W0I@Z (void __cdecl std::_Debug_message(wchar_t const *,wchar_t const *,unsigned int))
0A0 00000000 SECT23 notype ()    External     | ??0_Container_proxy@std@@QAE@XZ (public: __thiscall std::_Container_proxy::_Container_proxy(void))
0A1 00000000 SECT22 notype ()    External     | ??0_Container_base12@std@@QAE@XZ (public: __thiscall std::_Container_base12::_Container_base12(void))
0A2 00000000 SECT28 notype ()    External     | ??1_Container_base12@std@@QAE@XZ (public: __thiscall std::_Container_base12::~_Container_base12(void))
0A3 00000000 SECT36 notype ()    External     | ?_Orphan_all@_Container_base12@std@@QAEXXZ (public: void __thiscall std::_Container_base12::_Orphan_all(void))
0A4 00000000 SECT33 notype ()    External     | ?_Fill_n@std@@YAPAEPAEIE@Z (unsigned char * __cdecl std::_Fill_n(unsigned char *,unsigned int,unsigned char))
0A5 00000000 SECT2C notype ()    Static       | ??__Eallocator_arg@std@@YAXXZ (void __cdecl std::`dynamic initializer for 'allocator_arg''(void))
0A6 00000000 UNDEF  notype ()    External     | ?_Xbad_alloc@std@@YAXXZ (void __cdecl std::_Xbad_alloc(void))
0A7 00000000 UNDEF  notype ()    External     | ?_Xlength_error@std@@YAXPBD@Z (void __cdecl std::_Xlength_error(char const *))
0A8 00000000 SECT20 notype ()    External     | ??0Bytes@MilesTransport@@QAE@PBXI@Z (public: __thiscall MilesTransport::Bytes::Bytes(void const *,unsigned int))
0A9 00000000 UNDEF  notype ()    External     | ?validateQuery@MilesSessionVersion@@YA_NUBytes@MilesTransport@@AAUHeader@MilesWire@@AAI@Z (bool __cdecl MilesSessionVersion::validateQuery(struct MilesTransport::Bytes,struct MilesWire::Header &,unsigned int &))
0AA 00000000 UNDEF  notype ()    External     | ?makeReply@MilesSessionVersion@@YA_NABUHeader@MilesWire@@UBytes@MilesTransport@@AAV?$vector@EV?$allocator@E@std@@@std@@@Z (bool __cdecl MilesSessionVersion::makeReply(struct MilesWire::Header const &,struct MilesTransport::Bytes,class std::vector<unsigned char,class std::allocator<unsigned char> > &))
0AB 00000000 SECT4  notype ()    External     | ?queryNativeVersion@MilesSessionVersion@@YA_NUBytes@MilesTransport@@AAV?$vector@EV?$allocator@E@std@@@std@@@Z (bool __cdecl MilesSessionVersion::queryNativeVersion(struct MilesTransport::Bytes,class std::vector<unsigned char,class std::allocator<unsigned char> > &))
0AC 00000000 UNDEF  notype       External     | __imp__FreeLibrary@4
0AD 00000000 UNDEF  notype       External     | __imp__LoadStringA@16
0AE 00000000 UNDEF  notype       External     | __imp__LoadLibraryA@4
0AF 00000000 SECT21 notype ()    External     | ??0ModulePin@?A0x617c4b45@MilesSessionVersion@@QAE@PAUHINSTANCE__@@@Z (public: __thiscall MilesSessionVersion::`anonymous namespace'::ModulePin::ModulePin(struct HINSTANCE__ *))
0B0 00000000 SECT27 notype ()    External     | ??1ModulePin@?A0x617c4b45@MilesSessionVersion@@QAE@XZ (public: __thiscall MilesSessionVersion::`anonymous namespace'::ModulePin::~ModulePin(void))
0B1 00000000 SECT1C notype ()    External     | ??0?$allocator@E@std@@QAE@XZ (public: __thiscall std::allocator<unsigned char>::allocator<unsigned char>(void))
0B2 00000000 SECT41 notype ()    External     | ?deallocate@?$allocator@E@std@@QAEXPAEI@Z (public: void __thiscall std::allocator<unsigned char>::deallocate(unsigned char *,unsigned int))
0B3 00000000 SECT3C notype ()    External     | ?allocate@?$allocator@E@std@@QAEPAEI@Z (public: unsigned char * __thiscall std::allocator<unsigned char>::allocate(unsigned int))
0B4 00000000 SECT44 notype ()    External     | ?max_size@?$allocator@E@std@@QBEIXZ (public: unsigned int __thiscall std::allocator<unsigned char>::max_size(void)const )
0B5 00000000 SECT45 notype ()    External     | ?max_size@?$allocator_traits@V?$allocator@E@std@@@std@@SAIABV?$allocator@E@2@@Z (public: static unsigned int __cdecl std::allocator_traits<class std::allocator<unsigned char> >::max_size(class std::allocator<unsigned char> const &))
0B6 00000000 SECT1A notype ()    External     | ??0?$_Wrap_alloc@V?$allocator@E@std@@@std@@QAE@XZ (public: __thiscall std::_Wrap_alloc<class std::allocator<unsigned char> >::_Wrap_alloc<class std::allocator<unsigned char> >(void))
0B7 00000000 SECT3A notype ()    External     | ?allocate@?$_Wrap_alloc@V?$allocator@E@std@@@std@@QAEPAEI@Z (public: unsigned char * __thiscall std::_Wrap_alloc<class std::allocator<unsigned char> >::allocate(unsigned int))
0B8 00000000 SECT3F notype ()    External     | ?deallocate@?$_Wrap_alloc@V?$allocator@E@std@@@std@@QAEXPAEI@Z (public: void __thiscall std::_Wrap_alloc<class std::allocator<unsigned char> >::deallocate(unsigned char *,unsigned int))
0B9 00000000 SECT43 notype ()    External     | ?max_size@?$_Wrap_alloc@V?$allocator@E@std@@@std@@QBEIXZ (public: unsigned int __thiscall std::_Wrap_alloc<class std::allocator<unsigned char> >::max_size(void)const )
0BA 00000000 SECT19 notype ()    External     | ??0?$_Vector_val@U?$_Simple_types@E@std@@@std@@QAE@XZ (public: __thiscall std::_Vector_val<struct std::_Simple_types<unsigned char> >::_Vector_val<struct std::_Simple_types<unsigned char> >(void))
0BB 00000000 SECT25 notype ()    External     | ??1?$_Vector_val@U?$_Simple_types@E@std@@@std@@QAE@XZ (public: __thiscall std::_Vector_val<struct std::_Simple_types<unsigned char> >::~_Vector_val<struct std::_Simple_types<unsigned char> >(void))
0BC 00000000 SECT17 notype ()    External     | ??0?$_Vector_alloc@$0A@U?$_Vec_base_types@EV?$allocator@E@std@@@std@@@std@@QAE@ABV?$allocator@E@1@@Z (public: __thiscall std::_Vector_alloc<0,struct std::_Vec_base_types<unsigned char,class std::allocator<unsigned char> > >::_Vector_alloc<0,struct std::_Vec_base_types<unsigned char,class std::allocator<unsigned char> > >(class std::allocator<unsigned char> const &))
0BD 00000000 SECT24 notype ()    External     | ??1?$_Vector_alloc@$0A@U?$_Vec_base_types@EV?$allocator@E@std@@@std@@@std@@QAE@XZ (public: __thiscall std::_Vector_alloc<0,struct std::_Vec_base_types<unsigned char,class std::allocator<unsigned char> > >::~_Vector_alloc<0,struct std::_Vec_base_types<unsigned char,class std::allocator<unsigned char> > >(void))
0BE 00000000 SECT2E notype ()    External     | ?_Alloc_proxy@?$_Vector_alloc@$0A@U?$_Vec_base_types@EV?$allocator@E@std@@@std@@@std@@QAEXXZ (public: void __thiscall std::_Vector_alloc<0,struct std::_Vec_base_types<unsigned char,class std::allocator<unsigned char> > >::_Alloc_proxy(void))
0BF 00000000 SECT34 notype ()    External     | ?_Free_proxy@?$_Vector_alloc@$0A@U?$_Vec_base_types@EV?$allocator@E@std@@@std@@@std@@QAEXXZ (public: void __thiscall std::_Vector_alloc<0,struct std::_Vec_base_types<unsigned char,class std::allocator<unsigned char> > >::_Free_proxy(void))
0C0 00000000 SECT35 notype ()    External     | ?_Getal@?$_Vector_alloc@$0A@U?$_Vec_base_types@EV?$allocator@E@std@@@std@@@std@@QBE?AU?$_Wrap_alloc@V?$allocator@E@std@@@2@XZ (public: struct std::_Wrap_alloc<class std::allocator<unsigned char> > __thiscall std::_Vector_alloc<0,struct std::_Vec_base_types<unsigned char,class std::allocator<unsigned char> > >::_Getal(void)const )
0C1 00000000 SECT1E notype ()    External     | ??0?$vector@EV?$allocator@E@std@@@std@@QAE@IABE@Z (public: __thiscall std::vector<unsigned char,class std::allocator<unsigned char> >::vector<unsigned char,class std::allocator<unsigned char> >(unsigned int,unsigned char const &))
0C2 00000000 SECT30 notype ()    External     | ?_Construct_n@?$vector@EV?$allocator@E@std@@@std@@QAEXIPBE@Z (public: void __thiscall std::vector<unsigned char,class std::allocator<unsigned char> >::_Construct_n(unsigned int,unsigned char const *))
0C3 00000000 SECT26 notype ()    External     | ??1?$vector@EV?$allocator@E@std@@@std@@QAE@XZ (public: __thiscall std::vector<unsigned char,class std::allocator<unsigned char> >::~vector<unsigned char,class std::allocator<unsigned char> >(void))
0C4 00000000 SECT47 notype ()    External     | ?size@?$vector@EV?$allocator@E@std@@@std@@QBEIXZ (public: unsigned int __thiscall std::vector<unsigned char,class std::allocator<unsigned char> >::size(void)const )
0C5 00000000 SECT46 notype ()    External     | ?max_size@?$vector@EV?$allocator@E@std@@@std@@QBEIXZ (public: unsigned int __thiscall std::vector<unsigned char,class std::allocator<unsigned char> >::max_size(void)const )
0C6 00000000 SECT2B notype ()    External     | ??A?$vector@EV?$allocator@E@std@@@std@@QAEAAEI@Z (public: unsigned char & __thiscall std::vector<unsigned char,class std::allocator<unsigned char> >::operator[](unsigned int))
0C7 00000000 SECT3E notype ()    External     | ?data@?$vector@EV?$allocator@E@std@@@std@@QAEPAEXZ (public: unsigned char * __thiscall std::vector<unsigned char,class std::allocator<unsigned char> >::data(void))
0C8 00000000 SECT2F notype ()    External     | ?_Buy@?$vector@EV?$allocator@E@std@@@std@@IAE_NI@Z (protected: bool __thiscall std::vector<unsigned char,class std::allocator<unsigned char> >::_Buy(unsigned int))
0C9 00000000 SECT32 notype ()    External     | ?_Destroy@?$vector@EV?$allocator@E@std@@@std@@IAEXPAE0@Z (protected: void __thiscall std::vector<unsigned char,class std::allocator<unsigned char> >::_Destroy(unsigned char *,unsigned char *))
0CA 00000000 SECT37 notype ()    External     | ?_Tidy@?$vector@EV?$allocator@E@std@@@std@@IAEXXZ (protected: void __thiscall std::vector<unsigned char,class std::allocator<unsigned char> >::_Tidy(void))
0CB 00000000 SECT38 notype ()    External     | ?_Ufill@?$vector@EV?$allocator@E@std@@@std@@IAEPAEPAEIPBE@Z (protected: unsigned char * __thiscall std::vector<unsigned char,class std::allocator<unsigned char> >::_Ufill(unsigned char *,unsigned int,unsigned char const *))
0CC 00000000 SECT39 notype ()    External     | ?_Xlen@?$vector@EV?$allocator@E@std@@@std@@IBEXXZ (protected: void __thiscall std::vector<unsigned char,class std::allocator<unsigned char> >::_Xlen(void)const )
0CD 00000000 SECTE  notype ()    External     | ??$addressof@$$CBE@std@@YAPBEABE@Z (unsigned char const * __cdecl std::addressof<unsigned char const >(unsigned char const &))
0CE 00000000 SECT1D notype ()    External     | ??0?$allocator@U_Container_proxy@std@@@std@@QAE@XZ (public: __thiscall std::allocator<struct std::_Container_proxy>::allocator<struct std::_Container_proxy>(void))
0CF 00000000 SECT42 notype ()    External     | ?deallocate@?$allocator@U_Container_proxy@std@@@std@@QAEXPAU_Container_proxy@2@I@Z (public: void __thiscall std::allocator<struct std::_Container_proxy>::deallocate(struct std::_Container_proxy *,unsigned int))
0D0 00000000 SECT3D notype ()    External     | ?allocate@?$allocator@U_Container_proxy@std@@@std@@QAEPAU_Container_proxy@2@I@Z (public: struct std::_Container_proxy * __thiscall std::allocator<struct std::_Container_proxy>::allocate(unsigned int))
0D1 00000000 SECT1B notype ()    External     | ??0?$_Wrap_alloc@V?$allocator@U_Container_proxy@std@@@std@@@std@@QAE@XZ (public: __thiscall std::_Wrap_alloc<class std::allocator<struct std::_Container_proxy> >::_Wrap_alloc<class std::allocator<struct std::_Container_proxy> >(void))
0D2 00000000 SECT3B notype ()    External     | ?allocate@?$_Wrap_alloc@V?$allocator@U_Container_proxy@std@@@std@@@std@@QAEPAU_Container_proxy@2@I@Z (public: struct std::_Container_proxy * __thiscall std::_Wrap_alloc<class std::allocator<struct std::_Container_proxy> >::allocate(unsigned int))
0D3 00000000 SECT40 notype ()    External     | ?deallocate@?$_Wrap_alloc@V?$allocator@U_Container_proxy@std@@@std@@@std@@QAEXPAU_Container_proxy@2@I@Z (public: void __thiscall std::_Wrap_alloc<class std::allocator<struct std::_Container_proxy> >::deallocate(struct std::_Container_proxy *,unsigned int))
0D4 00000000 SECTF  notype ()    External     | ??$construct@U_Container_proxy@std@@U12@@?$_Wrap_alloc@V?$allocator@U_Container_proxy@std@@@std@@@std@@QAEXPAU_Container_proxy@1@$$QAU21@@Z (public: void __thiscall std::_Wrap_alloc<class std::allocator<struct std::_Container_proxy> >::construct<struct std::_Container_proxy,struct std::_Container_proxy>(struct std::_Container_proxy *,struct std::_Container_proxy &&))
0D5 00000000 SECT13 notype ()    External     | ??$destroy@U_Container_proxy@std@@@?$_Wrap_alloc@V?$allocator@U_Container_proxy@std@@@std@@@std@@QAEXPAU_Container_proxy@1@@Z (public: void __thiscall std::_Wrap_alloc<class std::allocator<struct std::_Container_proxy> >::destroy<struct std::_Container_proxy>(struct std::_Container_proxy *))
0D6 00000000 SECT8  notype ()    External     | ??$_Destroy_range@U?$_Wrap_alloc@V?$allocator@E@std@@@std@@@std@@YAXPAE0AAU?$_Wrap_alloc@V?$allocator@E@std@@@0@@Z (void __cdecl std::_Destroy_range<struct std::_Wrap_alloc<class std::allocator<unsigned char> > >(unsigned char *,unsigned char *,struct std::_Wrap_alloc<class std::allocator<unsigned char> > &))
0D7 00000000 SECTC  notype ()    External     | ??$_Uninitialized_fill_n@PAEIEU?$_Wrap_alloc@V?$allocator@E@std@@@std@@@std@@YAXPAEIPBEAAU?$_Wrap_alloc@V?$allocator@E@std@@@0@@Z (void __cdecl std::_Uninitialized_fill_n<unsigned char *,unsigned int,unsigned char,struct std::_Wrap_alloc<class std::allocator<unsigned char> > >(unsigned char *,unsigned int,unsigned char const *,struct std::_Wrap_alloc<class std::allocator<unsigned char> > &))
0D8 00000000 SECT6  notype ()    External     | ??$_Allocate@E@std@@YAPAEIPAE@Z (unsigned char * __cdecl std::_Allocate<unsigned char>(unsigned int,unsigned char *))
0D9 00000000 SECT7  notype ()    External     | ??$_Allocate@U_Container_proxy@std@@@std@@YAPAU_Container_proxy@0@IPAU10@@Z (struct std::_Container_proxy * __cdecl std::_Allocate<struct std::_Container_proxy>(unsigned int,struct std::_Container_proxy *))
0DA 00000000 SECT16 notype ()    External     | ??$forward@U_Container_proxy@std@@@std@@YA$$QAU_Container_proxy@0@AAU10@@Z (struct std::_Container_proxy && __cdecl std::forward<struct std::_Container_proxy>(struct std::_Container_proxy &))
0DB 00000000 SECT12 notype ()    External     | ??$construct@U_Container_proxy@std@@U12@@?$allocator_traits@V?$allocator@U_Container_proxy@std@@@std@@@std@@SAXAAV?$allocator@U_Container_proxy@std@@@1@PAU_Container_proxy@1@$$QAU31@@Z (public: static void __cdecl std::allocator_traits<class std::allocator<struct std::_Container_proxy> >::construct<struct std::_Container_proxy,struct std::_Container_proxy>(class std::allocator<struct std::_Container_proxy> &,struct std::_Container_proxy *,struct std::_Container_proxy &&))
0DC 00000000 SECT15 notype ()    External     | ??$destroy@U_Container_proxy@std@@@?$allocator_traits@V?$allocator@U_Container_proxy@std@@@std@@@std@@SAXAAV?$allocator@U_Container_proxy@std@@@1@PAU_Container_proxy@1@@Z (public: static void __cdecl std::allocator_traits<class std::allocator<struct std::_Container_proxy> >::destroy<struct std::_Container_proxy>(class std::allocator<struct std::_Container_proxy> &,struct std::_Container_proxy *))
0DD 00000000 SECTA  notype ()    External     | ??$_Ptr_cat@EE@std@@YA?AU_Scalar_ptr_iterator_tag@0@PAE0@Z (struct std::_Scalar_ptr_iterator_tag __cdecl std::_Ptr_cat<unsigned char,unsigned char>(unsigned char *,unsigned char *))
0DE 00000000 SECT9  notype ()    External     | ??$_Destroy_range@U?$_Wrap_alloc@V?$allocator@E@std@@@std@@@std@@YAXPAE0AAU?$_Wrap_alloc@V?$allocator@E@std@@@0@U_Scalar_ptr_iterator_tag@0@@Z (void __cdecl std::_Destroy_range<struct std::_Wrap_alloc<class std::allocator<unsigned char> > >(unsigned char *,unsigned char *,struct std::_Wrap_alloc<class std::allocator<unsigned char> > &,struct std::_Scalar_ptr_iterator_tag))
0DF 00000000 SECTD  notype ()    External     | ??$_Val_type@PAE@std@@YAPAEPAE@Z (unsigned char * __cdecl std::_Val_type<unsigned char *>(unsigned char *))
0E0 00000000 SECTB  notype ()    External     | ??$_Uninit_fill_n@EIEE@std@@YAXPAEIPBEAAU?$_Wrap_alloc@V?$allocator@E@std@@@0@0U_Scalar_ptr_iterator_tag@0@@Z (void __cdecl std::_Uninit_fill_n<unsigned char,unsigned int,unsigned char,unsigned char>(unsigned char *,unsigned int,unsigned char const *,struct std::_Wrap_alloc<class std::allocator<unsigned char> > &,unsigned char *,struct std::_Scalar_ptr_iterator_tag))
0E1 00000000 SECT10 notype ()    External     | ??$construct@U_Container_proxy@std@@U12@@?$allocator@U_Container_proxy@std@@@std@@QAEXPAU_Container_proxy@1@$$QAU21@@Z (public: void __thiscall std::allocator<struct std::_Container_proxy>::construct<struct std::_Container_proxy,struct std::_Container_proxy>(struct std::_Container_proxy *,struct std::_Container_proxy &&))
0E2 00000000 SECT14 notype ()    External     | ??$destroy@U_Container_proxy@std@@@?$allocator@U_Container_proxy@std@@@std@@QAEXPAU_Container_proxy@1@@Z (public: void __thiscall std::allocator<struct std::_Container_proxy>::destroy<struct std::_Container_proxy>(struct std::_Container_proxy *))
0E3 00000000 UNDEF  notype ()    External     | @__security_check_cookie@4
0E4 00000000 UNDEF  notype ()    External     | __CxxThrowException@8
0E5 00000000 UNDEF  notype ()    External     | ___CxxFrameHandler3
0E6 00000000 UNDEF  notype ()    External     | _memset
0E7 00000010 SECT5  notype ()    Static       | __ehhandler$?queryNativeVersion@MilesSessionVersion@@YA_NUBytes@MilesTransport@@AAV?$vector@EV?$allocator@E@std@@@std@@@Z
0E8 00000000 SECT49 notype       Static       | .sxdata
    Section length   14, #relocs    0, #linenums    0, checksum AD33D8EC
0EA 00000000 SECT5  notype ()    Static       | __unwindfunclet$?queryNativeVersion@MilesSessionVersion@@YA_NUBytes@MilesTransport@@AAV?$vector@EV?$allocator@E@std@@@std@@@Z$0
0EB 00000008 SECT5  notype ()    Static       | __unwindfunclet$?queryNativeVersion@MilesSessionVersion@@YA_NUBytes@MilesTransport@@AAV?$vector@EV?$allocator@E@std@@@std@@@Z$1
0EC 00000008 SECT18 notype ()    Static       | __ehhandler$??0?$_Vector_alloc@$0A@U?$_Vec_base_types@EV?$allocator@E@std@@@std@@@std@@QAE@ABV?$allocator@E@1@@Z
0ED 00000000 SECT18 notype ()    Static       | __unwindfunclet$??0?$_Vector_alloc@$0A@U?$_Vec_base_types@EV?$allocator@E@std@@@std@@@std@@QAE@ABV?$allocator@E@1@@Z$0
0EE 00000008 SECT1F notype ()    Static       | __ehhandler$??0?$vector@EV?$allocator@E@std@@@std@@QAE@IABE@Z
0EF 00000000 SECT1F notype ()    Static       | __unwindfunclet$??0?$vector@EV?$allocator@E@std@@@std@@QAE@IABE@Z$0
0F0 00000000 SECT31 notype ()    Static       | __ehhandler$?_Construct_n@?$vector@EV?$allocator@E@std@@@std@@QAEXIPBE@Z
0F1 0000006E SECT30 notype ()    Static       | __catch$?_Construct_n@?$vector@EV?$allocator@E@std@@@std@@QAEXIPBE@Z$0
0F2 0000008E SECT30 notype       Label        | $LN8
0F3 00000011 SECT11 notype ()    Static       | __ehhandler$??$construct@U_Container_proxy@std@@U12@@?$allocator@U_Container_proxy@std@@@std@@QAEXPAU_Container_proxy@1@$$QAU21@@Z
0F4 00000000 SECT11 notype ()    Static       | __unwindfunclet$??$construct@U_Container_proxy@std@@U12@@?$allocator@U_Container_proxy@std@@@std@@QAEXPAU_Container_proxy@1@$$QAU21@@Z$0
0F5 00000000 SECT4A notype       Static       | .xdata$x
    Section length   34, #relocs    3, #linenums    0, checksum 21E780FF
0F7 00000010 SECT4A notype       Static       | __ehfuncinfo$?queryNativeVersion@MilesSessionVersion@@YA_NUBytes@MilesTransport@@AAV?$vector@EV?$allocator@E@std@@@std@@@Z
0F8 00000000 SECT4A notype       Static       | __unwindtable$?queryNativeVersion@MilesSessionVersion@@YA_NUBytes@MilesTransport@@AAV?$vector@EV?$allocator@E@std@@@std@@@Z
0F9 00000000 SECT4B notype       Static       | .xdata$x
    Section length   2C, #relocs    2, #linenums    0, checksum A7F7E1EC, selection    5 (pick associative Section 0x17)
0FB 00000008 SECT4B notype       Static       | __ehfuncinfo$??0?$_Vector_alloc@$0A@U?$_Vec_base_types@EV?$allocator@E@std@@@std@@@std@@QAE@ABV?$allocator@E@1@@Z
0FC 00000000 SECT4B notype       Static       | __unwindtable$??0?$_Vector_alloc@$0A@U?$_Vec_base_types@EV?$allocator@E@std@@@std@@@std@@QAE@ABV?$allocator@E@1@@Z
0FD 00000000 SECT4C notype       Static       | .xdata$x
    Section length   2C, #relocs    2, #linenums    0, checksum A7F7E1EC, selection    5 (pick associative Section 0x1E)
0FF 00000008 SECT4C notype       Static       | __ehfuncinfo$??0?$vector@EV?$allocator@E@std@@@std@@QAE@IABE@Z
100 00000000 SECT4C notype       Static       | __unwindtable$??0?$vector@EV?$allocator@E@std@@@std@@QAE@IABE@Z
101 00000000 SECT4D notype       Static       | .xdata$x
    Section length   58, #relocs    4, #linenums    0, checksum D5BF5650, selection    5 (pick associative Section 0x30)
103 00000034 SECT4D notype       Static       | __ehfuncinfo$?_Construct_n@?$vector@EV?$allocator@E@std@@@std@@QAEXIPBE@Z
104 00000010 SECT4D notype       Static       | __unwindtable$?_Construct_n@?$vector@EV?$allocator@E@std@@@std@@QAEXIPBE@Z
105 00000020 SECT4D notype       Static       | __tryblocktable$?_Construct_n@?$vector@EV?$allocator@E@std@@@std@@QAEXIPBE@Z
106 00000000 SECT4D notype       Static       | __catchsym$?_Construct_n@?$vector@EV?$allocator@E@std@@@std@@QAEXIPBE@Z$2
107 00000000 SECT4E notype       Static       | .xdata$x
    Section length   2C, #relocs    2, #linenums    0, checksum A7F7E1EC, selection    5 (pick associative Section 0x10)
109 00000008 SECT4E notype       Static       | __ehfuncinfo$??$construct@U_Container_proxy@std@@U12@@?$allocator@U_Container_proxy@std@@@std@@QAEXPAU_Container_proxy@1@$$QAU21@@Z
10A 00000000 SECT4E notype       Static       | __unwindtable$??$construct@U_Container_proxy@std@@U12@@?$allocator@U_Container_proxy@std@@@std@@QAEXPAU_Container_proxy@1@$$QAU21@@Z
10B 00000000 SECT4F notype       Static       | .bss
    Section length    2, #relocs    0, #linenums    0, checksum        0
10D 00000001 SECT4F notype       Static       | _piecewise_construct
10E 00000000 SECT4F notype       Static       | _allocator_arg
10F 00000000 SECT50 notype       Static       | .rdata
    Section length   8C, #relocs    0, #linenums    0, checksum 101D7482, selection    2 (pick any)
111 00000000 SECT50 notype       External     | ??_C@_1IM@CBJFJAOD@?$AAC?$AA?3?$AA?2?$AAP?$AAr?$AAo?$AAg?$AAr?$AAa?$AAm?$AA?5?$AAF?$AAi?$AAl?$AAe?$AAs?$AA?5?$AA?$CI?$AAx?$AA8?$AA6?$AA?$CJ?$AA?2?$AAM?$AAi?$AAc?$AAr?$AAo?$AAs?$AAo?$AAf?$AAt@ (`string')
112 00000000 SECT51 notype       Static       | .rdata
    Section length   3C, #relocs    0, #linenums    0, checksum 4C8F04E7, selection    2 (pick any)
114 00000000 SECT51 notype       External     | ??_C@_1DM@LHGCHCBA@?$AAv?$AAe?$AAc?$AAt?$AAo?$AAr?$AA?5?$AAs?$AAu?$AAb?$AAs?$AAc?$AAr?$AAi?$AAp?$AAt?$AA?5?$AAo?$AAu?$AAt?$AA?5?$AAo?$AAf?$AA?5?$AAr?$AAa?$AAn?$AAg?$AAe?$AA?$AA@ (`string')
115 00000000 SECT52 notype       Static       | .rdata
    Section length   24, #relocs    0, #linenums    0, checksum 70812DE6, selection    2 (pick any)
117 00000000 SECT52 notype       External     | ??_C@_0CE@OFMIGAMM@Standard?5C?$CL?$CL?5Libraries?5Out?5of?5Ra@ (`string')
118 00000000 SECT53 notype       Static       | .rdata
    Section length   56, #relocs    0, #linenums    0, checksum 8F83C987, selection    2 (pick any)
11A 00000000 SECT53 notype       External     | ??_C@_1FG@IBPIFFN@?$AA?$CC?$AAS?$AAt?$AAa?$AAn?$AAd?$AAa?$AAr?$AAd?$AA?5?$AAC?$AA?$CL?$AA?$CL?$AA?5?$AAL?$AAi?$AAb?$AAr?$AAa?$AAr?$AAi?$AAe?$AAs?$AA?5?$AAO?$AAu?$AAt?$AA?5?$AAo?$AAf?$AA?5?$AAR@ (`string')
11B 00000000 SECT54 notype       Static       | .rdata
    Section length    6, #relocs    0, #linenums    0, checksum 2EEB9BF7, selection    2 (pick any)
11D 00000000 SECT54 notype       External     | ??_C@_15GANGMFKL@?$AA?$CF?$AAs?$AA?$AA@ (`string')
11E 00000000 SECT55 notype       Static       | .rdata
    Section length   1E, #relocs    0, #linenums    0, checksum F3B436A4, selection    2 (pick any)
120 00000000 SECT55 notype       External     | ??_C@_1BO@MEPPHOO@?$AA?$CC?$AAo?$AAu?$AAt?$AA?5?$AAo?$AAf?$AA?5?$AAr?$AAa?$AAn?$AAg?$AAe?$AA?$CC?$AA?$AA@ (`string')
121 00000000 SECT56 notype       Static       | .rdata
    Section length   9A, #relocs    0, #linenums    0, checksum  AF8719D, selection    2 (pick any)
123 00000000 SECT56 notype       External     | ??_C@_1JK@PKCFAHNP@?$AAs?$AAt?$AAd?$AA?3?$AA?3?$AAv?$AAe?$AAc?$AAt?$AAo?$AAr?$AA?$DM?$AAu?$AAn?$AAs?$AAi?$AAg?$AAn?$AAe?$AAd?$AA?5?$AAc?$AAh?$AAa?$AAr?$AA?0?$AAc?$AAl?$AAa?$AAs?$AAs?$AA?5@ (`string')
124 00000000 SECT57 notype       Static       | .rdata
    Section length   13, #relocs    0, #linenums    0, checksum CEE728DA, selection    2 (pick any)
126 00000000 SECT57 notype       External     | ??_C@_0BD@OLBABOEK@vector?$DMT?$DO?5too?5long?$AA@ (`string')
127 00000000 UNDEF  notype       External     | ___security_cookie
128 00000000 UNDEF  notype       External     | __fltused
129 00000000 SECT58 notype       Static       | .CRT$XCU
    Section length    8, #relocs    2, #linenums    0, checksum        0
12B 00000000 SECT58 notype       Static       | _piecewise_construct$initializer$
12C 00000004 SECT58 notype       Static       | _allocator_arg$initializer$

String Table Size = 0x20B3 bytes

  Summary

           8 .CRT$XCU
           2 .bss
          C0 .debug$S
          F0 .drectve
         21D .rdata
          14 .sxdata
          1A .text$di
         B5F .text$mn
          C2 .text$x
         110 .xdata$x
