Microsoft (R) COFF/PE Dumper Version 12.00.40629.0
Copyright (C) Microsoft Corporation.  All rights reserved.


Dump of file C:\native77\results\x86-host-runtime50-host_file_runtime\x86-host-runtime50-host_file_runtime.obj

File Type: COFF OBJECT

COFF SYMBOL TABLE
000 00E19EB5 ABS    notype       Static       | @comp.id
001 80000191 ABS    notype       Static       | @feat.00
002 00000000 SECT1  notype       Static       | .drectve
    Section length  34F, #relocs    0, #linenums    0, checksum        0
004 00000000 SECT2  notype       Static       | .debug$S
    Section length   B4, #relocs    0, #linenums    0, checksum        0
006 00000000 SECT3  notype       Static       | .tls$
    Section length    1, #relocs    0, #linenums    0, checksum        0
008 00000000 SECT3  notype       External     | ?insideCallback@?A0x6ad9e9b8@MilesHostRuntime50@@3_NA (bool MilesHostRuntime50::`anonymous namespace'::insideCallback)
009 00000000 SECT4  notype       Static       | .text$mn
    Section length  E16, #relocs   91, #linenums    0, checksum 69F172DF
00B 00000000 SECT5  notype       Static       | .text$x
    Section length   C8, #relocs   14, #linenums    0, checksum B55CD3ED
00D 00000000 SECT6  notype       Static       | .text$mn
    Section length   3A, #relocs    2, #linenums    0, checksum C7A8FC3C, selection    2 (pick any)
00F 00000000 SECT7  notype       Static       | .text$mn
    Section length   40, #relocs    2, #linenums    0, checksum 7629844C, selection    2 (pick any)
011 00000000 SECT8  notype       Static       | .text$mn
    Section length   20, #relocs    2, #linenums    0, checksum 8341FA3B, selection    2 (pick any)
013 00000000 SECT9  notype       Static       | .text$mn
    Section length   34, #relocs    2, #linenums    0, checksum  CFC7E80, selection    2 (pick any)
015 00000000 SECTA  notype       Static       | .text$mn
    Section length    5, #relocs    0, #linenums    0, checksum 672BE856, selection    2 (pick any)
017 00000000 SECTB  notype       Static       | .text$mn
    Section length    B, #relocs    0, #linenums    0, checksum 731C78BA, selection    2 (pick any)
019 00000000 SECTC  notype       Static       | .text$mn
    Section length    8, #relocs    0, #linenums    0, checksum 9FC65074, selection    2 (pick any)
01B 00000000 SECTD  notype       Static       | .text$mn
    Section length   2A, #relocs    2, #linenums    0, checksum DD7DBD75, selection    2 (pick any)
01D 00000000 SECTE  notype       Static       | .text$mn
    Section length   86, #relocs    4, #linenums    0, checksum 7F38CCE3, selection    2 (pick any)
01F 00000000 SECTF  notype       Static       | .text$x
    Section length   2C, #relocs    4, #linenums    0, checksum EBB4DEC8, selection    5 (pick associative Section 0xE)
021 00000000 SECT10 notype       Static       | .text$mn
    Section length   1E, #relocs    2, #linenums    0, checksum FD521FF5, selection    2 (pick any)
023 00000000 SECT11 notype       Static       | .text$mn
    Section length   2A, #relocs    2, #linenums    0, checksum DD7DBD75, selection    2 (pick any)
025 00000000 SECT12 notype       Static       | .text$mn
    Section length   8C, #relocs    4, #linenums    0, checksum 2EBC7424, selection    2 (pick any)
027 00000000 SECT13 notype       Static       | .text$x
    Section length   2C, #relocs    4, #linenums    0, checksum EBB4DEC8, selection    5 (pick associative Section 0x12)
029 00000000 SECT14 notype       Static       | .text$mn
    Section length   1E, #relocs    2, #linenums    0, checksum FD521FF5, selection    2 (pick any)
02B 00000000 SECT15 notype       Static       | .text$mn
    Section length   1D, #relocs    1, #linenums    0, checksum  194F6F6, selection    2 (pick any)
02D 00000000 SECT16 notype       Static       | .text$mn
    Section length    D, #relocs    0, #linenums    0, checksum FEDA5EFE, selection    2 (pick any)
02F 00000000 SECT17 notype       Static       | .text$mn
    Section length   11, #relocs    1, #linenums    0, checksum 3F64F992, selection    2 (pick any)
031 00000000 SECT18 notype       Static       | .text$mn
    Section length   1D, #relocs    1, #linenums    0, checksum  194F6F6, selection    2 (pick any)
033 00000000 SECT19 notype       Static       | .text$mn
    Section length    D, #relocs    0, #linenums    0, checksum FEDA5EFE, selection    2 (pick any)
035 00000000 SECT1A notype       Static       | .text$mn
    Section length   11, #relocs    1, #linenums    0, checksum 3F64F992, selection    2 (pick any)
037 00000000 SECT1B notype       Static       | .text$mn
    Section length    8, #relocs    0, #linenums    0, checksum 9FC65074, selection    2 (pick any)
039 00000000 SECT1C notype       Static       | .text$mn
    Section length    8, #relocs    0, #linenums    0, checksum 9FC65074, selection    2 (pick any)
03B 00000000 SECT1D notype       Static       | .text$mn
    Section length   58, #relocs    4, #linenums    0, checksum CEE6C226, selection    2 (pick any)
03D 00000000 SECT1E notype       Static       | .text$x
    Section length   23, #relocs    4, #linenums    0, checksum 5B6E1E5A, selection    5 (pick associative Section 0x1D)
03F 00000000 SECT1F notype       Static       | .text$mn
    Section length   2A, #relocs    1, #linenums    0, checksum DDEC8C52, selection    2 (pick any)
041 00000000 SECT20 notype       Static       | .text$mn
    Section length   58, #relocs    4, #linenums    0, checksum CEE6C226, selection    2 (pick any)
043 00000000 SECT21 notype       Static       | .text$x
    Section length   23, #relocs    4, #linenums    0, checksum 5B6E1E5A, selection    5 (pick associative Section 0x20)
045 00000000 SECT22 notype       Static       | .text$mn
    Section length   34, #relocs    1, #linenums    0, checksum 2B95B42E, selection    2 (pick any)
047 00000000 SECT23 notype       Static       | .text$mn
    Section length   16, #relocs    1, #linenums    0, checksum  FE9A807, selection    2 (pick any)
049 00000000 SECT24 notype       Static       | .text$mn
    Section length   16, #relocs    1, #linenums    0, checksum  FE9A807, selection    2 (pick any)
04B 00000000 SECT25 notype       Static       | .text$mn
    Section length   16, #relocs    1, #linenums    0, checksum  FE9A807, selection    2 (pick any)
04D 00000000 SECT26 notype       Static       | .text$mn
    Section length    E, #relocs    0, #linenums    0, checksum 4DE4BFBE, selection    2 (pick any)
04F 00000000 SECT27 notype       Static       | .text$mn
    Section length    E, #relocs    0, #linenums    0, checksum 4DE4BFBE, selection    2 (pick any)
051 00000000 SECT28 notype       Static       | .text$mn
    Section length    E, #relocs    0, #linenums    0, checksum 4DE4BFBE, selection    2 (pick any)
053 00000000 SECT29 notype       Static       | .text$mn
    Section length   73, #relocs    6, #linenums    0, checksum 87DD930B, selection    2 (pick any)
055 00000000 SECT2A notype       Static       | .text$x
    Section length   23, #relocs    4, #linenums    0, checksum 2973A6F7, selection    5 (pick associative Section 0x29)
057 00000000 SECT2B notype       Static       | .text$mn
    Section length   21, #relocs    2, #linenums    0, checksum 7FD47114, selection    2 (pick any)
059 00000000 SECT2C notype       Static       | .text$mn
    Section length   21, #relocs    0, #linenums    0, checksum  7EE8099, selection    2 (pick any)
05B 00000000 SECT2D notype       Static       | .text$mn
    Section length   63, #relocs    4, #linenums    0, checksum  F1642CD, selection    2 (pick any)
05D 00000000 SECT2E notype       Static       | .text$x
    Section length   23, #relocs    4, #linenums    0, checksum 5B6E1E5A, selection    5 (pick associative Section 0x2D)
05F 00000000 SECT2F notype       Static       | .text$mn
    Section length   17, #relocs    0, #linenums    0, checksum DCB33672, selection    2 (pick any)
061 00000000 SECT30 notype       Static       | .text$mn
    Section length   21, #relocs    0, #linenums    0, checksum  9AF886A, selection    2 (pick any)
063 00000000 SECT31 notype       Static       | .text$mn
    Section length   1F, #relocs    2, #linenums    0, checksum 6D4DB221, selection    2 (pick any)
065 00000000 SECT32 notype       Static       | .text$mn
    Section length   1F, #relocs    2, #linenums    0, checksum 6D4DB221, selection    2 (pick any)
067 00000000 SECT33 notype       Static       | .text$mn
    Section length   1F, #relocs    2, #linenums    0, checksum 6D4DB221, selection    2 (pick any)
069 00000000 SECT34 notype       Static       | .text$mn
    Section length   17, #relocs    1, #linenums    0, checksum DCB33672, selection    2 (pick any)
06B 00000000 SECT35 notype       Static       | .text$mn
    Section length   21, #relocs    0, #linenums    0, checksum  7EE8099, selection    2 (pick any)
06D 00000000 SECT36 notype       Static       | .text$mn
    Section length   18, #relocs    0, #linenums    0, checksum 929BE4BF, selection    2 (pick any)
06F 00000000 SECT37 notype       Static       | .text$mn
    Section length   1B, #relocs    2, #linenums    0, checksum 423E1A34, selection    2 (pick any)
071 00000000 SECT38 notype       Static       | .text$mn
    Section length   13, #relocs    1, #linenums    0, checksum 58B0A1A3, selection    2 (pick any)
073 00000000 SECT39 notype       Static       | .text$mn
    Section length   1B, #relocs    2, #linenums    0, checksum 423E1A34, selection    2 (pick any)
075 00000000 SECT3A notype       Static       | .text$mn
    Section length   13, #relocs    1, #linenums    0, checksum 58B0A1A3, selection    2 (pick any)
077 00000000 SECT3B notype       Static       | .text$mn
    Section length   1F, #relocs    2, #linenums    0, checksum EC8D52DE, selection    2 (pick any)
079 00000000 SECT3C notype       Static       | .text$mn
    Section length   1B, #relocs    2, #linenums    0, checksum 423E1A34, selection    2 (pick any)
07B 00000000 SECT3D notype       Static       | .text$mn
    Section length   19, #relocs    1, #linenums    0, checksum 78875CA5, selection    2 (pick any)
07D 00000000 SECT3E notype       Static       | .text$mn
    Section length   1E, #relocs    2, #linenums    0, checksum 910983E1, selection    2 (pick any)
07F 00000000 SECT3F notype       Static       | .text$mn
    Section length   13, #relocs    1, #linenums    0, checksum 58B0A1A3, selection    2 (pick any)
081 00000000 SECT40 notype       Static       | .text$mn
    Section length   13, #relocs    1, #linenums    0, checksum 58B0A1A3, selection    2 (pick any)
083 00000000 SECT41 notype       Static       | .text$mn
    Section length   13, #relocs    1, #linenums    0, checksum 58B0A1A3, selection    2 (pick any)
085 00000000 SECT42 notype       Static       | .text$mn
    Section length   13, #relocs    1, #linenums    0, checksum 58B0A1A3, selection    2 (pick any)
087 00000000 SECT43 notype       Static       | .text$mn
    Section length   14, #relocs    1, #linenums    0, checksum CCF0F6D5, selection    2 (pick any)
089 00000000 SECT44 notype       Static       | .text$mn
    Section length    8, #relocs    0, #linenums    0, checksum 98CFF8A8, selection    2 (pick any)
08B 00000000 SECT45 notype       Static       | .text$mn
    Section length    5, #relocs    0, #linenums    0, checksum 672BE856, selection    2 (pick any)
08D 00000000 SECT46 notype       Static       | .text$mn
    Section length   2A, #relocs    0, #linenums    0, checksum E0046220, selection    2 (pick any)
08F 00000000 SECT47 notype       Static       | .text$mn
    Section length   59, #relocs    5, #linenums    0, checksum 10075928, selection    2 (pick any)
091 00000000 SECT48 notype       Static       | .text$mn
    Section length   8B, #relocs    D, #linenums    0, checksum A7A21D9D, selection    2 (pick any)
093 00000000 SECT49 notype       Static       | .text$mn
    Section length   2C, #relocs    2, #linenums    0, checksum 1CD3401A, selection    2 (pick any)
095 00000000 SECT4A notype       Static       | .text$mn
    Section length   2C, #relocs    2, #linenums    0, checksum 1CD3401A, selection    2 (pick any)
097 00000000 SECT4B notype       Static       | .text$mn
    Section length   2C, #relocs    2, #linenums    0, checksum 1CD3401A, selection    2 (pick any)
099 00000000 SECT4C notype       Static       | .text$mn
    Section length   2C, #relocs    2, #linenums    0, checksum 1CD3401A, selection    2 (pick any)
09B 00000000 SECT4D notype       Static       | .text$di
    Section length   1C, #relocs    4, #linenums    0, checksum 4132C22A, selection    2 (pick any)
09D 00000000 SECT4E notype       Static       | .text$di
    Section length   1C, #relocs    4, #linenums    0, checksum 4132C22A, selection    2 (pick any)
09F 00000000 SECT4F notype       Static       | .text$di
    Section length   1C, #relocs    4, #linenums    0, checksum 4132C22A, selection    2 (pick any)
0A1 00000000 SECT50 notype       Static       | .text$di
    Section length   11, #relocs    2, #linenums    0, checksum 7B49A454, selection    2 (pick any)
0A3 00000000 SECT51 notype       Static       | .text$di
    Section length   11, #relocs    2, #linenums    0, checksum 7B49A454, selection    2 (pick any)
0A5 00000000 SECT52 notype       Static       | .text$di
    Section length   11, #relocs    2, #linenums    0, checksum 7B49A454, selection    2 (pick any)
0A7 00000000 SECT53 notype       Static       | .text$di
    Section length   11, #relocs    2, #linenums    0, checksum 7B49A454, selection    2 (pick any)
0A9 00000000 SECT54 notype       Static       | .text$di
    Section length    D, #relocs    0, #linenums    0, checksum A512431E, selection    2 (pick any)
0AB 00000000 SECT55 notype       Static       | .text$di
    Section length    D, #relocs    0, #linenums    0, checksum A512431E, selection    2 (pick any)
0AD 00000000 SECT56 notype       Static       | .text$yd
    Section length    F, #relocs    2, #linenums    0, checksum 9106F312, selection    2 (pick any)
0AF 00000000 SECT57 notype       Static       | .text$yd
    Section length    F, #relocs    2, #linenums    0, checksum 9106F312, selection    2 (pick any)
0B1 00000000 SECT58 notype       Static       | .text$yd
    Section length    F, #relocs    2, #linenums    0, checksum 9106F312, selection    2 (pick any)
0B3 00000000 SECT59 notype       Static       | .text$mn
    Section length   45, #relocs    4, #linenums    0, checksum 2D4CA28F, selection    2 (pick any)
0B5 00000000 SECT5A notype       Static       | .text$mn
    Section length   45, #relocs    4, #linenums    0, checksum 2D4CA28F, selection    2 (pick any)
0B7 00000000 SECT5B notype       Static       | .text$mn
    Section length  1B8, #relocs   13, #linenums    0, checksum EB62EAEC, selection    2 (pick any)
0B9 00000000 SECT5C notype       Static       | .text$x
    Section length   1B, #relocs    3, #linenums    0, checksum   1944A8, selection    5 (pick associative Section 0x5B)
0BB 00000000 SECT5D notype       Static       | .text$mn
    Section length   2F, #relocs    2, #linenums    0, checksum D117847A, selection    2 (pick any)
0BD 00000000 SECT5E notype       Static       | .text$mn
    Section length   34, #relocs    2, #linenums    0, checksum F3F7B1D2, selection    2 (pick any)
0BF 00000000 SECT5F notype       Static       | .text$mn
    Section length   44, #relocs    4, #linenums    0, checksum F0D9C26C, selection    2 (pick any)
0C1 00000000 SECT60 notype       Static       | .text$mn
    Section length   44, #relocs    4, #linenums    0, checksum F0D9C26C, selection    2 (pick any)
0C3 00000000 SECT61 notype       Static       | .text$mn
    Section length   18, #relocs    1, #linenums    0, checksum A0744C79, selection    2 (pick any)
0C5 00000000 SECT62 notype       Static       | .text$mn
    Section length   18, #relocs    1, #linenums    0, checksum A0744C79, selection    2 (pick any)
0C7 00000000 SECT63 notype       Static       | .text$mn
    Section length   A7, #relocs    5, #linenums    0, checksum DA1F29AD, selection    2 (pick any)
0C9 00000000 SECT64 notype       Static       | .text$mn
    Section length   3B, #relocs    2, #linenums    0, checksum 7CC80510, selection    2 (pick any)
0CB 00000000 SECT65 notype       Static       | .text$mn
    Section length   36, #relocs    1, #linenums    0, checksum 4227202D, selection    2 (pick any)
0CD 00000000 SECT66 notype       Static       | .text$mn
    Section length   36, #relocs    1, #linenums    0, checksum 4227202D, selection    2 (pick any)
0CF 00000000 SECT67 notype       Static       | .text$mn
    Section length   62, #relocs    2, #linenums    0, checksum 702125DB, selection    2 (pick any)
0D1 00000000 SECT68 notype       Static       | .text$mn
    Section length   A2, #relocs    7, #linenums    0, checksum A8E63E5A, selection    2 (pick any)
0D3 00000000 SECT69 notype       Static       | .text$mn
    Section length   79, #relocs    4, #linenums    0, checksum 4A2202E2, selection    2 (pick any)
0D5 00000000 SECT6A notype       Static       | .text$mn
    Section length   15, #relocs    2, #linenums    0, checksum 56CE9215, selection    2 (pick any)
0D7 00000000 SECT6B notype       Static       | .text$mn
    Section length   15, #relocs    2, #linenums    0, checksum 56CE9215, selection    2 (pick any)
0D9 00000000 SECT6C notype       Static       | .text$mn
    Section length   19, #relocs    1, #linenums    0, checksum BD6B49F2, selection    2 (pick any)
0DB 00000000 SECT6D notype       Static       | .text$mn
    Section length   19, #relocs    1, #linenums    0, checksum BD6B49F2, selection    2 (pick any)
0DD 00000000 SECT6E notype       Static       | .text$mn
    Section length   1B, #relocs    1, #linenums    0, checksum A083A8B9, selection    2 (pick any)
0DF 00000000 SECT6F notype       Static       | .text$mn
    Section length   1B, #relocs    1, #linenums    0, checksum A083A8B9, selection    2 (pick any)
0E1 00000000 SECT70 notype       Static       | .text$mn
    Section length   AC, #relocs    A, #linenums    0, checksum 7C822FF0, selection    2 (pick any)
0E3 00000000 SECT71 notype       Static       | .text$mn
    Section length   3C, #relocs    4, #linenums    0, checksum A39928A7, selection    2 (pick any)
0E5 00000000 SECT72 notype       Static       | .text$mn
    Section length   99, #relocs    9, #linenums    0, checksum CE33BC29, selection    2 (pick any)
0E7 00000000 SECT73 notype       Static       | .text$mn
    Section length    F, #relocs    0, #linenums    0, checksum AACBD152, selection    2 (pick any)
0E9 00000000 SECT74 notype       Static       | .text$mn
    Section length   11, #relocs    0, #linenums    0, checksum 8BD9B82C, selection    2 (pick any)
0EB 00000000 SECT75 notype       Static       | .text$mn
    Section length   11, #relocs    0, #linenums    0, checksum 8BD9B82C, selection    2 (pick any)
0ED 00000000 SECT76 notype       Static       | .text$mn
    Section length   30, #relocs    1, #linenums    0, checksum 6C8536B1, selection    2 (pick any)
0EF 00000000 SECT77 notype       Static       | .text$mn
    Section length   1D, #relocs    1, #linenums    0, checksum F0D1C1B9, selection    2 (pick any)
0F1 00000000 SECT78 notype       Static       | .text$mn
    Section length   1D, #relocs    1, #linenums    0, checksum F0D1C1B9, selection    2 (pick any)
0F3 00000000 SECT79 notype       Static       | .text$mn
    Section length   1D, #relocs    1, #linenums    0, checksum F0D1C1B9, selection    2 (pick any)
0F5 00000000 SECT7A notype       Static       | .text$mn
    Section length   19, #relocs    1, #linenums    0, checksum 92C9EDFA, selection    2 (pick any)
0F7 00000000 SECT7B notype       Static       | .text$mn
    Section length   19, #relocs    1, #linenums    0, checksum 92C9EDFA, selection    2 (pick any)
0F9 00000000 SECT7C notype       Static       | .text$mn
    Section length   19, #relocs    1, #linenums    0, checksum 92C9EDFA, selection    2 (pick any)
0FB 00000000 SECT7D notype       Static       | .text$mn
    Section length   4B, #relocs    5, #linenums    0, checksum 40C3EEC3, selection    2 (pick any)
0FD 00000000 SECT7E notype       Static       | .text$mn
    Section length   20, #relocs    1, #linenums    0, checksum 8F9A443F, selection    2 (pick any)
0FF 00000000 SECT7F notype       Static       | .text$mn
    Section length   2E, #relocs    0, #linenums    0, checksum 22D1A561, selection    2 (pick any)
101 00000000 SECT80 notype       Static       | .text$mn
    Section length   47, #relocs    3, #linenums    0, checksum 4822A361, selection    2 (pick any)
103 00000000 SECT81 notype       Static       | .text$mn
    Section length   2F, #relocs    1, #linenums    0, checksum FCD58444, selection    2 (pick any)
105 00000000 SECT82 notype       Static       | .text$mn
    Section length   2F, #relocs    2, #linenums    0, checksum 569EC4C3, selection    2 (pick any)
107 00000000 SECT83 notype       Static       | .text$mn
    Section length   87, #relocs    5, #linenums    0, checksum 97154B86, selection    2 (pick any)
109 00000000 SECT84 notype       Static       | .text$mn
    Section length    A, #relocs    1, #linenums    0, checksum 71A05264, selection    2 (pick any)
10B 00000000 SECT85 notype       Static       | .text$mn
    Section length   2D, #relocs    1, #linenums    0, checksum D77FF0AF, selection    2 (pick any)
10D 00000000 SECT86 notype       Static       | .text$mn
    Section length    B, #relocs    0, #linenums    0, checksum 51DA49A8, selection    2 (pick any)
10F 00000000 SECT87 notype       Static       | .text$mn
    Section length   17, #relocs    1, #linenums    0, checksum 65735477, selection    2 (pick any)
111 00000000 SECT88 notype       Static       | .text$mn
    Section length    E, #relocs    0, #linenums    0, checksum 9B858C0F, selection    2 (pick any)
113 00000000 SECT89 notype       Static       | .text$mn
    Section length    D, #relocs    1, #linenums    0, checksum F7352B9C, selection    2 (pick any)
115 00000000 SECT8A notype       Static       | .text$mn
    Section length   3E, #relocs    2, #linenums    0, checksum  39D25AC, selection    2 (pick any)
117 00000000 SECT8B notype       Static       | .text$mn
    Section length   52, #relocs    3, #linenums    0, checksum DDF7750B, selection    2 (pick any)
119 00000000 SECT8C notype       Static       | .text$mn
    Section length   55, #relocs    3, #linenums    0, checksum 13D21CA1, selection    2 (pick any)
11B 00000000 SECT8D notype       Static       | .text$mn
    Section length   52, #relocs    3, #linenums    0, checksum DDF7750B, selection    2 (pick any)
11D 00000000 SECT8E notype       Static       | .text$mn
    Section length   30, #relocs    1, #linenums    0, checksum 6C8536B1, selection    2 (pick any)
11F 00000000 SECT8F notype       Static       | .text$mn
    Section length   10, #relocs    1, #linenums    0, checksum 5243C04C, selection    2 (pick any)
121 00000000 SECT90 notype       Static       | .text$mn
    Section length   10, #relocs    1, #linenums    0, checksum 5243C04C, selection    2 (pick any)
123 00000000 SECT91 notype       Static       | .text$mn
    Section length   10, #relocs    1, #linenums    0, checksum 5243C04C, selection    2 (pick any)
125 00000000 SECT92 notype       Static       | .text$mn
    Section length   11, #relocs    0, #linenums    0, checksum EB392FAE, selection    2 (pick any)
127 00000000 SECT93 notype       Static       | .text$mn
    Section length   11, #relocs    0, #linenums    0, checksum 88BEC91B, selection    2 (pick any)
129 00000000 SECT94 notype       Static       | .text$mn
    Section length   35, #relocs    1, #linenums    0, checksum F73A75F5, selection    2 (pick any)
12B 00000000 SECT95 notype       Static       | .text$mn
    Section length   11, #relocs    0, #linenums    0, checksum EB392FAE, selection    2 (pick any)
12D 00000000 SECT96 notype       Static       | .text$mn
    Section length   17, #relocs    0, #linenums    0, checksum 617D3D37, selection    2 (pick any)
12F 00000000 SECT97 notype       Static       | .text$mn
    Section length   11, #relocs    0, #linenums    0, checksum 2AF800AA, selection    2 (pick any)
131 00000000 SECT98 notype       Static       | .text$mn
    Section length    A, #relocs    1, #linenums    0, checksum 71A05264, selection    2 (pick any)
133 00000000 SECT99 notype       Static       | .text$mn
    Section length   10, #relocs    0, #linenums    0, checksum F32B4464, selection    2 (pick any)
135 00000000 SECT9A notype       Static       | .text$mn
    Section length   10, #relocs    0, #linenums    0, checksum F32B4464, selection    2 (pick any)
137 00000000 SECT9B notype       Static       | .text$mn
    Section length   11, #relocs    0, #linenums    0, checksum 7A68DCE9, selection    2 (pick any)
139 00000000 SECT9C notype       Static       | .text$mn
    Section length   11, #relocs    0, #linenums    0, checksum 790FADDE, selection    2 (pick any)
13B 00000000 SECT9D notype       Static       | .text$mn
    Section length   27, #relocs    1, #linenums    0, checksum D2B43191, selection    2 (pick any)
13D 00000000 UNDEF  notype ()    External     | __purecall
13E 00000000 UNDEF  notype ()    External     | ??2@YAPAXI@Z (void * __cdecl operator new(unsigned int))
13F 00000000 UNDEF  notype ()    External     | ??3@YAXPAX@Z (void __cdecl operator delete(void *))
140 00000000 UNDEF  notype ()    External     | _atexit
141 00000000 UNDEF  notype ()    External     | __invalid_parameter
142 00000000 UNDEF  notype ()    External     | _memcpy
143 00000000 UNDEF  notype ()    External     | _strlen
144 00000000 UNDEF  notype ()    External     | _memmove
145 00000000 UNDEF  notype       External     | __imp__InitializeCriticalSection@4
146 00000000 UNDEF  notype       External     | __imp__EnterCriticalSection@4
147 00000000 UNDEF  notype       External     | __imp__LeaveCriticalSection@4
148 00000000 UNDEF  notype       External     | __imp__SetEvent@4
149 00000000 UNDEF  notype       External     | __imp__ResetEvent@4
14A 00000000 UNDEF  notype       External     | __imp__WaitForSingleObject@8
14B 00000000 UNDEF  notype       External     | __imp__CreateEventA@16
14C 00000000 UNDEF  notype       External     | __imp__Sleep@4
14D 00000000 UNDEF  notype       External     | __imp__GetCurrentProcess@0
14E 00000000 UNDEF  notype       External     | __imp__TerminateProcess@8
14F 00000000 UNDEF  notype       External     | __imp__CreateThread@24
150 00000000 UNDEF  notype       External     | __imp__GetTickCount64@0
151 00000000 UNDEF  notype       External     | __imp__RaiseFailFastException@12
152 00000000 UNDEF  notype       External     | __imp__WaitForMultipleObjects@16
153 00000000 UNDEF  notype ()    External     | ??0_Lockit@std@@QAE@H@Z (public: __thiscall std::_Lockit::_Lockit(int))
154 00000000 UNDEF  notype ()    External     | ??1_Lockit@std@@QAE@XZ (public: __thiscall std::_Lockit::~_Lockit(void))
155 00000000 UNDEF  notype ()    External     | __hypot
156 00000000 SECT9D notype ()    External     | _hypot
157 00000000 SECT86 notype ()    External     | ?max@?$numeric_limits@_K@std@@SA_KXZ (public: static unsigned __int64 __cdecl std::numeric_limits<unsigned __int64>::max(void))
158 00000000 SECT44 notype ()    External     | ??2@YAPAXIPAX@Z (void * __cdecl operator new(unsigned int,void *))
159 00000000 SECT45 notype ()    External     | ??3@YAXPAX0@Z (void __cdecl operator delete(void *,void *))
15A 00000000 UNDEF  notype ()    External     | __CrtDbgReportW
15B 00000000 SECT85 notype ()    External     | ?length@?$char_traits@D@std@@SAIPBD@Z (public: static unsigned int __cdecl std::char_traits<char>::length(char const *))
15C 00000000 SECT76 notype ()    External     | ?copy@?$char_traits@D@std@@SAPADPADPBDI@Z (public: static char * __cdecl std::char_traits<char>::copy(char *,char const *,unsigned int))
15D 00000000 SECT8E notype ()    External     | ?move@?$char_traits@D@std@@SAPADPADPBDI@Z (public: static char * __cdecl std::char_traits<char>::move(char *,char const *,unsigned int))
15E 00000000 SECT73 notype ()    External     | ?assign@?$char_traits@D@std@@SAXAADABD@Z (public: static void __cdecl std::char_traits<char>::assign(char &,char const &))
15F 00000000 SECT55 notype ()    Static       | ??__Epiecewise_construct@std@@YAXXZ (void __cdecl std::`dynamic initializer for 'piecewise_construct''(void))
160 00000000 UNDEF  notype ()    External     | ?_Debug_message@std@@YAXPB_W0I@Z (void __cdecl std::_Debug_message(wchar_t const *,wchar_t const *,unsigned int))
161 00000000 SECT30 notype ()    External     | ??0_Container_proxy@std@@QAE@XZ (public: __thiscall std::_Container_proxy::_Container_proxy(void))
162 00000000 SECT2F notype ()    External     | ??0_Container_base12@std@@QAE@XZ (public: __thiscall std::_Container_base12::_Container_base12(void))
163 00000000 SECT3F notype ()    External     | ??1_Container_base12@std@@QAE@XZ (public: __thiscall std::_Container_base12::~_Container_base12(void))
164 00000000 SECT67 notype ()    External     | ?_Orphan_all@_Container_base12@std@@QAEXXZ (public: void __thiscall std::_Container_base12::_Orphan_all(void))
165 00000000 SECT54 notype ()    Static       | ??__Eallocator_arg@std@@YAXXZ (void __cdecl std::`dynamic initializer for 'allocator_arg''(void))
166 00000000 UNDEF  notype ()    External     | ?_Xbad_alloc@std@@YAXXZ (void __cdecl std::_Xbad_alloc(void))
167 00000000 UNDEF  notype ()    External     | ?_Xlength_error@std@@YAXPBD@Z (void __cdecl std::_Xlength_error(char const *))
168 00000000 UNDEF  notype ()    External     | ?_Xout_of_range@std@@YAXPBD@Z (void __cdecl std::_Xout_of_range(char const *))
169 00000000 SECT26 notype ()    External     | ??0?$allocator@D@std@@QAE@XZ (public: __thiscall std::allocator<char>::allocator<char>(void))
16A 00000000 SECT7A notype ()    External     | ?deallocate@?$allocator@D@std@@QAEXPADI@Z (public: void __thiscall std::allocator<char>::deallocate(char *,unsigned int))
16B 00000000 SECT6E notype ()    External     | ?allocate@?$allocator@D@std@@QAEPADI@Z (public: char * __thiscall std::allocator<char>::allocate(unsigned int))
16C 00000000 SECT88 notype ()    External     | ?max_size@?$allocator@D@std@@QBEIXZ (public: unsigned int __thiscall std::allocator<char>::max_size(void)const )
16D 00000000 SECT89 notype ()    External     | ?max_size@?$allocator_traits@V?$allocator@D@std@@@std@@SAIABV?$allocator@D@2@@Z (public: static unsigned int __cdecl std::allocator_traits<class std::allocator<char> >::max_size(class std::allocator<char> const &))
16E 00000000 SECT23 notype ()    External     | ??0?$_Wrap_alloc@V?$allocator@D@std@@@std@@QAE@XZ (public: __thiscall std::_Wrap_alloc<class std::allocator<char> >::_Wrap_alloc<class std::allocator<char> >(void))
16F 00000000 SECT6C notype ()    External     | ?allocate@?$_Wrap_alloc@V?$allocator@D@std@@@std@@QAEPADI@Z (public: char * __thiscall std::_Wrap_alloc<class std::allocator<char> >::allocate(unsigned int))
170 00000000 SECT77 notype ()    External     | ?deallocate@?$_Wrap_alloc@V?$allocator@D@std@@@std@@QAEXPADI@Z (public: void __thiscall std::_Wrap_alloc<class std::allocator<char> >::deallocate(char *,unsigned int))
171 00000000 SECT87 notype ()    External     | ?max_size@?$_Wrap_alloc@V?$allocator@D@std@@@std@@QBEIXZ (public: unsigned int __thiscall std::_Wrap_alloc<class std::allocator<char> >::max_size(void)const )
172 00000000 SECT1F notype ()    External     | ??0?$_String_val@U?$_Simple_types@D@std@@@std@@QAE@XZ (public: __thiscall std::_String_val<struct std::_Simple_types<char> >::_String_val<struct std::_Simple_types<char> >(void))
173 00000000 SECT65 notype ()    External     | ?_Myptr@?$_String_val@U?$_Simple_types@D@std@@@std@@QAEPADXZ (public: char * __thiscall std::_String_val<struct std::_Simple_types<char> >::_Myptr(void))
174 00000000 SECT66 notype ()    External     | ?_Myptr@?$_String_val@U?$_Simple_types@D@std@@@std@@QBEPBDXZ (public: char const * __thiscall std::_String_val<struct std::_Simple_types<char> >::_Myptr(void)const )
175 00000000 SECT38 notype ()    External     | ??1?$_String_val@U?$_Simple_types@D@std@@@std@@QAE@XZ (public: __thiscall std::_String_val<struct std::_Simple_types<char> >::~_String_val<struct std::_Simple_types<char> >(void))
176 00000000 SECT1D notype ()    External     | ??0?$_String_alloc@$0A@U?$_String_base_types@DV?$allocator@D@std@@@std@@@std@@QAE@ABV?$allocator@D@1@@Z (public: __thiscall std::_String_alloc<0,struct std::_String_base_types<char,class std::allocator<char> > >::_String_alloc<0,struct std::_String_base_types<char,class std::allocator<char> > >(class std::allocator<char> const &))
177 00000000 SECT37 notype ()    External     | ??1?$_String_alloc@$0A@U?$_String_base_types@DV?$allocator@D@std@@@std@@@std@@QAE@XZ (public: __thiscall std::_String_alloc<0,struct std::_String_base_types<char,class std::allocator<char> > >::~_String_alloc<0,struct std::_String_base_types<char,class std::allocator<char> > >(void))
178 00000000 SECT59 notype ()    External     | ?_Alloc_proxy@?$_String_alloc@$0A@U?$_String_base_types@DV?$allocator@D@std@@@std@@@std@@QAEXXZ (public: void __thiscall std::_String_alloc<0,struct std::_String_base_types<char,class std::allocator<char> > >::_Alloc_proxy(void))
179 00000000 SECT5F notype ()    External     | ?_Free_proxy@?$_String_alloc@$0A@U?$_String_base_types@DV?$allocator@D@std@@@std@@@std@@QAEXXZ (public: void __thiscall std::_String_alloc<0,struct std::_String_base_types<char,class std::allocator<char> > >::_Free_proxy(void))
17A 00000000 SECT61 notype ()    External     | ?_Getal@?$_String_alloc@$0A@U?$_String_base_types@DV?$allocator@D@std@@@std@@@std@@QBE?AU?$_Wrap_alloc@V?$allocator@D@std@@@2@XZ (public: struct std::_Wrap_alloc<class std::allocator<char> > __thiscall std::_String_alloc<0,struct std::_String_base_types<char,class std::allocator<char> > >::_Getal(void)const )
17B 00000000 SECT29 notype ()    External     | ??0?$basic_string@DU?$char_traits@D@std@@V?$allocator@D@2@@std@@QAE@PBD@Z (public: __thiscall std::basic_string<char,struct std::char_traits<char>,class std::allocator<char> >::basic_string<char,struct std::char_traits<char>,class std::allocator<char> >(char const *))
17C 00000000 SECT3B notype ()    External     | ??1?$basic_string@DU?$char_traits@D@std@@V?$allocator@D@2@@std@@QAE@XZ (public: __thiscall std::basic_string<char,struct std::char_traits<char>,class std::allocator<char> >::~basic_string<char,struct std::char_traits<char>,class std::allocator<char> >(void))
17D 00000000 SECT70 notype ()    External     | ?assign@?$basic_string@DU?$char_traits@D@std@@V?$allocator@D@2@@std@@QAEAAV12@ABV12@II@Z (public: class std::basic_string<char,struct std::char_traits<char>,class std::allocator<char> > & __thiscall std::basic_string<char,struct std::char_traits<char>,class std::allocator<char> >::assign(class std::basic_string<char,struct std::char_traits<char>,class std::allocator<char> > const &,unsigned int,unsigned int))
17E 00000000 SECT72 notype ()    External     | ?assign@?$basic_string@DU?$char_traits@D@std@@V?$allocator@D@2@@std@@QAEAAV12@PBDI@Z (public: class std::basic_string<char,struct std::char_traits<char>,class std::allocator<char> > & __thiscall std::basic_string<char,struct std::char_traits<char>,class std::allocator<char> >::assign(char const *,unsigned int))
17F 00000000 SECT71 notype ()    External     | ?assign@?$basic_string@DU?$char_traits@D@std@@V?$allocator@D@2@@std@@QAEAAV12@PBD@Z (public: class std::basic_string<char,struct std::char_traits<char>,class std::allocator<char> > & __thiscall std::basic_string<char,struct std::char_traits<char>,class std::allocator<char> >::assign(char const *))
180 00000000 SECT82 notype ()    External     | ?erase@?$basic_string@DU?$char_traits@D@std@@V?$allocator@D@2@@std@@QAEAAV12@I@Z (public: class std::basic_string<char,struct std::char_traits<char>,class std::allocator<char> > & __thiscall std::basic_string<char,struct std::char_traits<char>,class std::allocator<char> >::erase(unsigned int))
181 00000000 SECT83 notype ()    External     | ?erase@?$basic_string@DU?$char_traits@D@std@@V?$allocator@D@2@@std@@QAEAAV12@II@Z (public: class std::basic_string<char,struct std::char_traits<char>,class std::allocator<char> > & __thiscall std::basic_string<char,struct std::char_traits<char>,class std::allocator<char> >::erase(unsigned int,unsigned int))
182 00000000 SECT95 notype ()    External     | ?size@?$basic_string@DU?$char_traits@D@std@@V?$allocator@D@2@@std@@QBEIXZ (public: unsigned int __thiscall std::basic_string<char,struct std::char_traits<char>,class std::allocator<char> >::size(void)const )
183 00000000 SECT8A notype ()    External     | ?max_size@?$basic_string@DU?$char_traits@D@std@@V?$allocator@D@2@@std@@QBEIXZ (public: unsigned int __thiscall std::basic_string<char,struct std::char_traits<char>,class std::allocator<char> >::max_size(void)const )
184 00000000 SECT5B notype ()    External     | ?_Copy@?$basic_string@DU?$char_traits@D@std@@V?$allocator@D@2@@std@@QAEXII@Z (public: void __thiscall std::basic_string<char,struct std::char_traits<char>,class std::allocator<char> >::_Copy(unsigned int,unsigned int))
185 00000000 SECT5E notype ()    External     | ?_Eos@?$basic_string@DU?$char_traits@D@std@@V?$allocator@D@2@@std@@QAEXI@Z (public: void __thiscall std::basic_string<char,struct std::char_traits<char>,class std::allocator<char> >::_Eos(unsigned int))
186 00000000 SECT63 notype ()    External     | ?_Grow@?$basic_string@DU?$char_traits@D@std@@V?$allocator@D@2@@std@@QAE_NI_N@Z (public: bool __thiscall std::basic_string<char,struct std::char_traits<char>,class std::allocator<char> >::_Grow(unsigned int,bool))
187 00000000 SECT64 notype ()    External     | ?_Inside@?$basic_string@DU?$char_traits@D@std@@V?$allocator@D@2@@std@@QAE_NPBD@Z (public: bool __thiscall std::basic_string<char,struct std::char_traits<char>,class std::allocator<char> >::_Inside(char const *))
188 00000000 SECT68 notype ()    External     | ?_Tidy@?$basic_string@DU?$char_traits@D@std@@V?$allocator@D@2@@std@@QAEX_NI@Z (public: void __thiscall std::basic_string<char,struct std::char_traits<char>,class std::allocator<char> >::_Tidy(bool,unsigned int))
189 00000000 SECT6A notype ()    External     | ?_Xlen@?$basic_string@DU?$char_traits@D@std@@V?$allocator@D@2@@std@@QBEXXZ (public: void __thiscall std::basic_string<char,struct std::char_traits<char>,class std::allocator<char> >::_Xlen(void)const )
18A 00000000 SECT6B notype ()    External     | ?_Xran@?$basic_string@DU?$char_traits@D@std@@V?$allocator@D@2@@std@@QBEXXZ (public: void __thiscall std::basic_string<char,struct std::char_traits<char>,class std::allocator<char> >::_Xran(void)const )
18B 00000000 SECT2C notype ()    External     | ??0Bytes@MilesTransport@@QAE@PBXI@Z (public: __thiscall MilesTransport::Bytes::Bytes(void const *,unsigned int))
18C 00000000 UNDEF  notype ()    External     | ?encodeCall@MilesTransport@@YA_NUHeader@MilesWire@@ABUCall@3@UBytes@1@2AAV?$vector@EV?$allocator@E@std@@@std@@@Z (bool __cdecl MilesTransport::encodeCall(struct MilesWire::Header,struct MilesWire::Call const &,struct MilesTransport::Bytes,struct MilesTransport::Bytes,class std::vector<unsigned char,class std::allocator<unsigned char> > &))
18D 00000000 UNDEF  notype ()    External     | ??0Endpoint@MilesPipe@@QAE@PAXI@Z (public: __thiscall MilesPipe::Endpoint::Endpoint(void *,unsigned int))
18E 00000000 UNDEF  notype ()    External     | ??1Endpoint@MilesPipe@@QAE@XZ (public: __thiscall MilesPipe::Endpoint::~Endpoint(void))
18F 00000000 UNDEF  notype ()    External     | ?send@Endpoint@MilesPipe@@QAE_NUBytes@MilesTransport@@@Z (public: bool __thiscall MilesPipe::Endpoint::send(struct MilesTransport::Bytes))
190 00000000 UNDEF  notype ()    External     | ?takeFrame@Endpoint@MilesPipe@@QAE_NAAV?$vector@EV?$allocator@E@std@@@std@@@Z (public: bool __thiscall MilesPipe::Endpoint::takeFrame(class std::vector<unsigned char,class std::allocator<unsigned char> > &))
191 00000000 UNDEF  notype ()    External     | ?pump@Endpoint@MilesPipe@@QAEXXZ (public: void __thiscall MilesPipe::Endpoint::pump(void))
192 00000000 SECT97 notype ()    External     | ?state@Endpoint@MilesPipe@@QBE?AW4State@12@XZ (public: enum MilesPipe::Endpoint::State __thiscall MilesPipe::Endpoint::state(void)const )
193 00000000 SECT93 notype ()    External     | ?readPending@Endpoint@MilesPipe@@QBE_NXZ (public: bool __thiscall MilesPipe::Endpoint::readPending(void)const )
194 00000000 SECT92 notype ()    External     | ?readEvent@Endpoint@MilesPipe@@QBEPAXXZ (public: void * __thiscall MilesPipe::Endpoint::readEvent(void)const )
195 00000000 SECT9B notype ()    External     | ?writeEvent@Endpoint@MilesPipe@@QBEPAXXZ (public: void * __thiscall MilesPipe::Endpoint::writeEvent(void)const )
196 00000000 SECT9C notype ()    External     | ?writePending@Endpoint@MilesPipe@@QBE_NXZ (public: bool __thiscall MilesPipe::Endpoint::writePending(void)const )
197 00000000 SECT94 notype ()    External     | ?sendBusy@Endpoint@MilesPipe@@QBE_NXZ (public: bool __thiscall MilesPipe::Endpoint::sendBusy(void)const )
198 00000000 SECT27 notype ()    External     | ??0?$allocator@E@std@@QAE@XZ (public: __thiscall std::allocator<unsigned char>::allocator<unsigned char>(void))
199 00000000 SECT7B notype ()    External     | ?deallocate@?$allocator@E@std@@QAEXPAEI@Z (public: void __thiscall std::allocator<unsigned char>::deallocate(unsigned char *,unsigned int))
19A 00000000 SECT24 notype ()    External     | ??0?$_Wrap_alloc@V?$allocator@E@std@@@std@@QAE@XZ (public: __thiscall std::_Wrap_alloc<class std::allocator<unsigned char> >::_Wrap_alloc<class std::allocator<unsigned char> >(void))
19B 00000000 SECT78 notype ()    External     | ?deallocate@?$_Wrap_alloc@V?$allocator@E@std@@@std@@QAEXPAEI@Z (public: void __thiscall std::_Wrap_alloc<class std::allocator<unsigned char> >::deallocate(unsigned char *,unsigned int))
19C 00000000 SECT22 notype ()    External     | ??0?$_Vector_val@U?$_Simple_types@E@std@@@std@@QAE@XZ (public: __thiscall std::_Vector_val<struct std::_Simple_types<unsigned char> >::_Vector_val<struct std::_Simple_types<unsigned char> >(void))
19D 00000000 SECT3A notype ()    External     | ??1?$_Vector_val@U?$_Simple_types@E@std@@@std@@QAE@XZ (public: __thiscall std::_Vector_val<struct std::_Simple_types<unsigned char> >::~_Vector_val<struct std::_Simple_types<unsigned char> >(void))
19E 00000000 SECT20 notype ()    External     | ??0?$_Vector_alloc@$0A@U?$_Vec_base_types@EV?$allocator@E@std@@@std@@@std@@QAE@ABV?$allocator@E@1@@Z (public: __thiscall std::_Vector_alloc<0,struct std::_Vec_base_types<unsigned char,class std::allocator<unsigned char> > >::_Vector_alloc<0,struct std::_Vec_base_types<unsigned char,class std::allocator<unsigned char> > >(class std::allocator<unsigned char> const &))
19F 00000000 SECT39 notype ()    External     | ??1?$_Vector_alloc@$0A@U?$_Vec_base_types@EV?$allocator@E@std@@@std@@@std@@QAE@XZ (public: __thiscall std::_Vector_alloc<0,struct std::_Vec_base_types<unsigned char,class std::allocator<unsigned char> > >::~_Vector_alloc<0,struct std::_Vec_base_types<unsigned char,class std::allocator<unsigned char> > >(void))
1A0 00000000 SECT5A notype ()    External     | ?_Alloc_proxy@?$_Vector_alloc@$0A@U?$_Vec_base_types@EV?$allocator@E@std@@@std@@@std@@QAEXXZ (public: void __thiscall std::_Vector_alloc<0,struct std::_Vec_base_types<unsigned char,class std::allocator<unsigned char> > >::_Alloc_proxy(void))
1A1 00000000 SECT60 notype ()    External     | ?_Free_proxy@?$_Vector_alloc@$0A@U?$_Vec_base_types@EV?$allocator@E@std@@@std@@@std@@QAEXXZ (public: void __thiscall std::_Vector_alloc<0,struct std::_Vec_base_types<unsigned char,class std::allocator<unsigned char> > >::_Free_proxy(void))
1A2 00000000 SECT62 notype ()    External     | ?_Getal@?$_Vector_alloc@$0A@U?$_Vec_base_types@EV?$allocator@E@std@@@std@@@std@@QBE?AU?$_Wrap_alloc@V?$allocator@E@std@@@2@XZ (public: struct std::_Wrap_alloc<class std::allocator<unsigned char> > __thiscall std::_Vector_alloc<0,struct std::_Vec_base_types<unsigned char,class std::allocator<unsigned char> > >::_Getal(void)const )
1A3 00000000 SECT2B notype ()    External     | ??0?$vector@EV?$allocator@E@std@@@std@@QAE@XZ (public: __thiscall std::vector<unsigned char,class std::allocator<unsigned char> >::vector<unsigned char,class std::allocator<unsigned char> >(void))
1A4 00000000 SECT3C notype ()    External     | ??1?$vector@EV?$allocator@E@std@@@std@@QAE@XZ (public: __thiscall std::vector<unsigned char,class std::allocator<unsigned char> >::~vector<unsigned char,class std::allocator<unsigned char> >(void))
1A5 00000000 SECT96 notype ()    External     | ?size@?$vector@EV?$allocator@E@std@@@std@@QBEIXZ (public: unsigned int __thiscall std::vector<unsigned char,class std::allocator<unsigned char> >::size(void)const )
1A6 00000000 SECT7F notype ()    External     | ?empty@?$vector@EV?$allocator@E@std@@@std@@QBE_NXZ (public: bool __thiscall std::vector<unsigned char,class std::allocator<unsigned char> >::empty(void)const )
1A7 00000000 SECT48 notype ()    External     | ??A?$vector@EV?$allocator@E@std@@@std@@QBEABEI@Z (public: unsigned char const & __thiscall std::vector<unsigned char,class std::allocator<unsigned char> >::operator[](unsigned int)const )
1A8 00000000 SECT5D notype ()    External     | ?_Destroy@?$vector@EV?$allocator@E@std@@@std@@IAEXPAE0@Z (protected: void __thiscall std::vector<unsigned char,class std::allocator<unsigned char> >::_Destroy(unsigned char *,unsigned char *))
1A9 00000000 SECT69 notype ()    External     | ?_Tidy@?$vector@EV?$allocator@E@std@@@std@@IAEXXZ (protected: void __thiscall std::vector<unsigned char,class std::allocator<unsigned char> >::_Tidy(void))
1AA 00000000 UNDEF  notype ()    External     | ??0FileTokens@MilesHostFiles49@@QAE@I@Z (public: __thiscall MilesHostFiles49::FileTokens::FileTokens(unsigned int))
1AB 00000000 UNDEF  notype ()    External     | ??1FileTokens@MilesHostFiles49@@QAE@XZ (public: __thiscall MilesHostFiles49::FileTokens::~FileTokens(void))
1AC 00000000 UNDEF  notype ()    External     | ?resolve@FileTokens@MilesHostFiles49@@QBE_NIAAUHandle@MilesWire@@@Z (public: bool __thiscall MilesHostFiles49::FileTokens::resolve(unsigned int,struct MilesWire::Handle &)const )
1AD 00000000 SECT36 notype ()    External     | ??0id@locale@std@@QAE@I@Z (public: __thiscall std::locale::id::id(unsigned int))
1AE 00000000 SECT8  notype ()    External     | ??$_Debug_pointer@D@std@@YAXPBDPB_WI@Z (void __cdecl std::_Debug_pointer<char>(char const *,wchar_t const *,unsigned int))
1AF 00000000 SECT84 notype ()    External     | ?generic_category@std@@YAABVerror_category@1@XZ (class std::error_category const & __cdecl std::generic_category(void))
1B0 00000000 SECT98 notype ()    External     | ?system_category@std@@YAABVerror_category@1@XZ (class std::error_category const & __cdecl std::system_category(void))
1B1 00000000 SECT34 notype ()    External     | ??0error_category@std@@QAE@XZ (public: __thiscall std::error_category::error_category(void))
1B2 00000000 SECT43 notype ()    External     | ??1error_category@std@@UAE@XZ (public: virtual __thiscall std::error_category::~error_category(void))
1B3 00000000 SECT7E notype ()    External     | ?default_error_condition@error_category@std@@UBE?AVerror_condition@2@H@Z (public: virtual class std::error_condition __thiscall std::error_category::default_error_condition(int)const )
1B4 00000000 SECT81 notype ()    External     | ?equivalent@error_category@std@@UBE_NHABVerror_condition@2@@Z (public: virtual bool __thiscall std::error_category::equivalent(int,class std::error_condition const &)const )
1B5 00000000 SECT80 notype ()    External     | ?equivalent@error_category@std@@UBE_NABVerror_code@2@H@Z (public: virtual bool __thiscall std::error_category::equivalent(class std::error_code const &,int)const )
1B6 00000000 SECT46 notype ()    External     | ??8error_category@std@@QBE_NABV01@@Z (public: bool __thiscall std::error_category::operator==(class std::error_category const &)const )
1B7 00000000 SECT4C notype ()    External     | ??_Gerror_category@std@@UAEPAXI@Z (public: virtual void * __thiscall std::error_category::`scalar deleting destructor'(unsigned int))
1B8 00000000 UNDEF  notype ()    WeakExternal | ??_Eerror_category@std@@UAEPAXI@Z (public: virtual void * __thiscall std::error_category::`vector deleting destructor'(unsigned int))
    Default index      1B7 library search
1BA 00000000 SECT99 notype ()    External     | ?value@error_code@std@@QBEHXZ (public: int __thiscall std::error_code::value(void)const )
1BB 00000000 SECT74 notype ()    External     | ?category@error_code@std@@QBEABVerror_category@2@XZ (public: class std::error_category const & __thiscall std::error_code::category(void)const )
1BC 00000000 SECT35 notype ()    External     | ??0error_condition@std@@QAE@HABVerror_category@1@@Z (public: __thiscall std::error_condition::error_condition(int,class std::error_category const &))
1BD 00000000 SECT9A notype ()    External     | ?value@error_condition@std@@QBEHXZ (public: int __thiscall std::error_condition::value(void)const )
1BE 00000000 SECT75 notype ()    External     | ?category@error_condition@std@@QBEABVerror_category@2@XZ (public: class std::error_category const & __thiscall std::error_condition::category(void)const )
1BF 00000000 SECT47 notype ()    External     | ??8error_condition@std@@QBE_NABV01@@Z (public: bool __thiscall std::error_condition::operator==(class std::error_condition const &)const )
1C0 00000000 UNDEF  notype ()    External     | ?_Syserror_map@std@@YAPBDH@Z (char const * __cdecl std::_Syserror_map(int))
1C1 00000000 UNDEF  notype ()    External     | ?_Winerror_map@std@@YAPBDH@Z (char const * __cdecl std::_Winerror_map(int))
1C2 00000000 SECT31 notype ()    External     | ??0_Generic_error_category@std@@QAE@XZ (public: __thiscall std::_Generic_error_category::_Generic_error_category(void))
1C3 00000000 SECT8F notype ()    External     | ?name@_Generic_error_category@std@@UBEPBDXZ (public: virtual char const * __thiscall std::_Generic_error_category::name(void)const )
1C4 00000000 SECT8B notype ()    External     | ?message@_Generic_error_category@std@@UBE?AV?$basic_string@DU?$char_traits@D@std@@V?$allocator@D@2@@2@H@Z (public: virtual class std::basic_string<char,struct std::char_traits<char>,class std::allocator<char> > __thiscall std::_Generic_error_category::message(int)const )
1C5 00000000 SECT40 notype ()    External     | ??1_Generic_error_category@std@@UAE@XZ (public: virtual __thiscall std::_Generic_error_category::~_Generic_error_category(void))
1C6 00000000 SECT49 notype ()    External     | ??_G_Generic_error_category@std@@UAEPAXI@Z (public: virtual void * __thiscall std::_Generic_error_category::`scalar deleting destructor'(unsigned int))
1C7 00000000 UNDEF  notype ()    WeakExternal | ??_E_Generic_error_category@std@@UAEPAXI@Z (public: virtual void * __thiscall std::_Generic_error_category::`vector deleting destructor'(unsigned int))
    Default index      1C6 library search
1C9 00000000 SECT32 notype ()    External     | ??0_Iostream_error_category@std@@QAE@XZ (public: __thiscall std::_Iostream_error_category::_Iostream_error_category(void))
1CA 00000000 SECT90 notype ()    External     | ?name@_Iostream_error_category@std@@UBEPBDXZ (public: virtual char const * __thiscall std::_Iostream_error_category::name(void)const )
1CB 00000000 SECT8C notype ()    External     | ?message@_Iostream_error_category@std@@UBE?AV?$basic_string@DU?$char_traits@D@std@@V?$allocator@D@2@@2@H@Z (public: virtual class std::basic_string<char,struct std::char_traits<char>,class std::allocator<char> > __thiscall std::_Iostream_error_category::message(int)const )
1CC 00000000 SECT41 notype ()    External     | ??1_Iostream_error_category@std@@UAE@XZ (public: virtual __thiscall std::_Iostream_error_category::~_Iostream_error_category(void))
1CD 00000000 SECT4A notype ()    External     | ??_G_Iostream_error_category@std@@UAEPAXI@Z (public: virtual void * __thiscall std::_Iostream_error_category::`scalar deleting destructor'(unsigned int))
1CE 00000000 UNDEF  notype ()    WeakExternal | ??_E_Iostream_error_category@std@@UAEPAXI@Z (public: virtual void * __thiscall std::_Iostream_error_category::`vector deleting destructor'(unsigned int))
    Default index      1CD library search
1D0 00000000 SECT33 notype ()    External     | ??0_System_error_category@std@@QAE@XZ (public: __thiscall std::_System_error_category::_System_error_category(void))
1D1 00000000 SECT91 notype ()    External     | ?name@_System_error_category@std@@UBEPBDXZ (public: virtual char const * __thiscall std::_System_error_category::name(void)const )
1D2 00000000 SECT8D notype ()    External     | ?message@_System_error_category@std@@UBE?AV?$basic_string@DU?$char_traits@D@std@@V?$allocator@D@2@@2@H@Z (public: virtual class std::basic_string<char,struct std::char_traits<char>,class std::allocator<char> > __thiscall std::_System_error_category::message(int)const )
1D3 00000000 SECT7D notype ()    External     | ?default_error_condition@_System_error_category@std@@UBE?AVerror_condition@2@H@Z (public: virtual class std::error_condition __thiscall std::_System_error_category::default_error_condition(int)const )
1D4 00000000 SECT42 notype ()    External     | ??1_System_error_category@std@@UAE@XZ (public: virtual __thiscall std::_System_error_category::~_System_error_category(void))
1D5 00000000 SECT4B notype ()    External     | ??_G_System_error_category@std@@UAEPAXI@Z (public: virtual void * __thiscall std::_System_error_category::`scalar deleting destructor'(unsigned int))
1D6 00000000 UNDEF  notype ()    WeakExternal | ??_E_System_error_category@std@@UAEPAXI@Z (public: virtual void * __thiscall std::_System_error_category::`vector deleting destructor'(unsigned int))
    Default index      1D5 library search
1D8 00000000 UNDEF  notype ()    External     | ??0Request@MilesFileChannel26@@QAE@XZ (public: __thiscall MilesFileChannel26::Request::Request(void))
1D9 00000000 UNDEF  notype ()    External     | ?decodeRequest@MilesFileChannel26@@YA?AW4Validation@1@UBytes@MilesTransport@@ABUAssociation@1@AAVRequest@1@@Z (enum MilesFileChannel26::Validation __cdecl MilesFileChannel26::decodeRequest(struct MilesTransport::Bytes,struct MilesFileChannel26::Association const &,class MilesFileChannel26::Request &))
1DA 00000000 SECT3D notype ()    External     | ??1Request@MilesFileChannel26@@QAE@XZ (public: __thiscall MilesFileChannel26::Request::~Request(void))
1DB 00000000 UNDEF  notype ()    External     | ??0ReplyTransaction@MilesHostFiles49@@QAE@AAVFileTokens@1@ABVRequest@MilesFileChannel26@@_KIPAXI@Z (public: __thiscall MilesHostFiles49::ReplyTransaction::ReplyTransaction(class MilesHostFiles49::FileTokens &,class MilesFileChannel26::Request const &,unsigned __int64,unsigned int,void *,unsigned int))
1DC 00000000 UNDEF  notype ()    External     | ??1ReplyTransaction@MilesHostFiles49@@QAE@XZ (public: __thiscall MilesHostFiles49::ReplyTransaction::~ReplyTransaction(void))
1DD 00000000 UNDEF  notype ()    External     | ?beginSend@ReplyTransaction@MilesHostFiles49@@QAE_NXZ (public: bool __thiscall MilesHostFiles49::ReplyTransaction::beginSend(void))
1DE 00000000 UNDEF  notype ()    External     | ?consume@ReplyTransaction@MilesHostFiles49@@QAE_NUBytes@MilesTransport@@@Z (public: bool __thiscall MilesHostFiles49::ReplyTransaction::consume(struct MilesTransport::Bytes))
1DF 00000000 UNDEF  notype ()    External     | ?ack@ReplyTransaction@MilesHostFiles49@@QBE?AUBytes@MilesTransport@@XZ (public: struct MilesTransport::Bytes __thiscall MilesHostFiles49::ReplyTransaction::ack(void)const )
1E0 00000000 UNDEF  notype ()    External     | ?observeAckWriteComplete@ReplyTransaction@MilesHostFiles49@@QAE_NXZ (public: bool __thiscall MilesHostFiles49::ReplyTransaction::observeAckWriteComplete(void))
1E1 00000000 UNDEF  notype ()    External     | ?result@ReplyTransaction@MilesHostFiles49@@QBE_NAAI0@Z (public: bool __thiscall MilesHostFiles49::ReplyTransaction::result(unsigned int &,unsigned int &)const )
1E2 00000000 UNDEF  notype ()    External     | ?snapshot@MilesHostContext@@YA?AW4SnapshotResult@1@_KAAUOrigin@1@@Z (enum MilesHostContext::SnapshotResult __cdecl MilesHostContext::snapshot(unsigned __int64,struct MilesHostContext::Origin &))
1E3 00000000 SECT4  notype ()    External     | ?fatal@MilesHostRuntime50@@YAXXZ (void __cdecl MilesHostRuntime50::fatal(void))
1E4 00000030 SECT4  notype ()    External     | ??0Runtime@MilesHostRuntime50@@QAE@PAX_K11I@Z (public: __thiscall MilesHostRuntime50::Runtime::Runtime(void *,unsigned __int64,unsigned __int64,unsigned __int64,unsigned int))
1E5 00000240 SECT4  notype ()    External     | ??1Runtime@MilesHostRuntime50@@QAE@XZ (public: __thiscall MilesHostRuntime50::Runtime::~Runtime(void))
1E6 00000260 SECT4  notype ()    External     | ?invoke@Runtime@MilesHostRuntime50@@QAEIIIPBDHIPAXAAI@Z (public: unsigned int __thiscall MilesHostRuntime50::Runtime::invoke(unsigned int,unsigned int,char const *,int,unsigned int,void *,unsigned int &))
1E7 00000000 SECT2D notype ()    External     | ??0Ticket@Runtime@MilesHostRuntime50@@QAE@XZ (public: __thiscall MilesHostRuntime50::Runtime::Ticket::Ticket(void))
1E8 00000000 SECT3E notype ()    External     | ??1Ticket@Runtime@MilesHostRuntime50@@QAE@XZ (public: __thiscall MilesHostRuntime50::Runtime::Ticket::~Ticket(void))
1E9 00000860 SECT4  notype ()    External     | ?entry@Runtime@MilesHostRuntime50@@CGKPAX@Z (private: static unsigned long __stdcall MilesHostRuntime50::Runtime::entry(void *))
1EA 000008D0 SECT4  notype ()    External     | ?run@Runtime@MilesHostRuntime50@@AAEXXZ (private: void __thiscall MilesHostRuntime50::Runtime::run(void))
1EB 00000BD0 SECT4  notype ()    External     | ?signal@?A0x6ad9e9b8@MilesHostRuntime50@@YAXPAX@Z (void __cdecl MilesHostRuntime50::`anonymous namespace'::signal(void *))
1EC 00000BF0 SECT4  notype ()    External     | ?await@?A0x6ad9e9b8@MilesHostRuntime50@@YAXPAX@Z (void __cdecl MilesHostRuntime50::`anonymous namespace'::await(void *))
1ED 00000C10 SECT4  notype ()    External     | ?bytes@?A0x6ad9e9b8@MilesHostRuntime50@@YA?AUBytes@MilesTransport@@ABV?$vector@EV?$allocator@E@std@@@std@@@Z (struct MilesTransport::Bytes __cdecl MilesHostRuntime50::`anonymous namespace'::bytes(class std::vector<unsigned char,class std::allocator<unsigned char> > const &))
1EE 00000C60 SECT4  notype ()    External     | ?pumpWait@?A0x6ad9e9b8@MilesHostRuntime50@@YAXAAVEndpoint@MilesPipe@@PAXK@Z (void __cdecl MilesHostRuntime50::`anonymous namespace'::pumpWait(class MilesPipe::Endpoint &,void *,unsigned long))
1EF 00000D30 SECT4  notype ()    External     | ?healthy@?A0x6ad9e9b8@MilesHostRuntime50@@YAXAAVEndpoint@MilesPipe@@@Z (void __cdecl MilesHostRuntime50::`anonymous namespace'::healthy(class MilesPipe::Endpoint &))
1F0 00000D50 SECT4  notype ()    External     | ?send@?A0x6ad9e9b8@MilesHostRuntime50@@YAXAAVEndpoint@MilesPipe@@UBytes@MilesTransport@@@Z (void __cdecl MilesHostRuntime50::`anonymous namespace'::send(class MilesPipe::Endpoint &,struct MilesTransport::Bytes))
1F1 00000000 SECTD  notype ()    External     | ??$construct@PADAAPAD@?$_Wrap_alloc@V?$allocator@D@std@@@std@@QAEXPAPADAAPAD@Z (public: void __thiscall std::_Wrap_alloc<class std::allocator<char> >::construct<char *,char * &>(char * *,char * &))
1F2 00000000 SECT15 notype ()    External     | ??$destroy@PAD@?$_Wrap_alloc@V?$allocator@D@std@@@std@@QAEXPAPAD@Z (public: void __thiscall std::_Wrap_alloc<class std::allocator<char> >::destroy<char *>(char * *))
1F3 00000000 SECTC  notype ()    External     | ??$addressof@D@std@@YAPADAAD@Z (char * __cdecl std::addressof<char>(char &))
1F4 00000000 SECT28 notype ()    External     | ??0?$allocator@U_Container_proxy@std@@@std@@QAE@XZ (public: __thiscall std::allocator<struct std::_Container_proxy>::allocator<struct std::_Container_proxy>(void))
1F5 00000000 SECT7C notype ()    External     | ?deallocate@?$allocator@U_Container_proxy@std@@@std@@QAEXPAU_Container_proxy@2@I@Z (public: void __thiscall std::allocator<struct std::_Container_proxy>::deallocate(struct std::_Container_proxy *,unsigned int))
1F6 00000000 SECT6F notype ()    External     | ?allocate@?$allocator@U_Container_proxy@std@@@std@@QAEPAU_Container_proxy@2@I@Z (public: struct std::_Container_proxy * __thiscall std::allocator<struct std::_Container_proxy>::allocate(unsigned int))
1F7 00000000 SECT12 notype ()    External     | ??$construct@U_Container_proxy@std@@U12@@?$allocator@U_Container_proxy@std@@@std@@QAEXPAU_Container_proxy@1@$$QAU21@@Z (public: void __thiscall std::allocator<struct std::_Container_proxy>::construct<struct std::_Container_proxy,struct std::_Container_proxy>(struct std::_Container_proxy *,struct std::_Container_proxy &&))
1F8 00000000 SECT19 notype ()    External     | ??$destroy@U_Container_proxy@std@@@?$allocator@U_Container_proxy@std@@@std@@QAEXPAU_Container_proxy@1@@Z (public: void __thiscall std::allocator<struct std::_Container_proxy>::destroy<struct std::_Container_proxy>(struct std::_Container_proxy *))
1F9 00000000 SECT25 notype ()    External     | ??0?$_Wrap_alloc@V?$allocator@U_Container_proxy@std@@@std@@@std@@QAE@XZ (public: __thiscall std::_Wrap_alloc<class std::allocator<struct std::_Container_proxy> >::_Wrap_alloc<class std::allocator<struct std::_Container_proxy> >(void))
1FA 00000000 SECT6D notype ()    External     | ?allocate@?$_Wrap_alloc@V?$allocator@U_Container_proxy@std@@@std@@@std@@QAEPAU_Container_proxy@2@I@Z (public: struct std::_Container_proxy * __thiscall std::_Wrap_alloc<class std::allocator<struct std::_Container_proxy> >::allocate(unsigned int))
1FB 00000000 SECT79 notype ()    External     | ?deallocate@?$_Wrap_alloc@V?$allocator@U_Container_proxy@std@@@std@@@std@@QAEXPAU_Container_proxy@2@I@Z (public: void __thiscall std::_Wrap_alloc<class std::allocator<struct std::_Container_proxy> >::deallocate(struct std::_Container_proxy *,unsigned int))
1FC 00000000 SECT11 notype ()    External     | ??$construct@U_Container_proxy@std@@U12@@?$_Wrap_alloc@V?$allocator@U_Container_proxy@std@@@std@@@std@@QAEXPAU_Container_proxy@1@$$QAU21@@Z (public: void __thiscall std::_Wrap_alloc<class std::allocator<struct std::_Container_proxy> >::construct<struct std::_Container_proxy,struct std::_Container_proxy>(struct std::_Container_proxy *,struct std::_Container_proxy &&))
1FD 00000000 SECT18 notype ()    External     | ??$destroy@U_Container_proxy@std@@@?$_Wrap_alloc@V?$allocator@U_Container_proxy@std@@@std@@@std@@QAEXPAU_Container_proxy@1@@Z (public: void __thiscall std::_Wrap_alloc<class std::allocator<struct std::_Container_proxy> >::destroy<struct std::_Container_proxy>(struct std::_Container_proxy *))
1FE 00000000 SECT9  notype ()    External     | ??$_Destroy_range@U?$_Wrap_alloc@V?$allocator@E@std@@@std@@@std@@YAXPAE0AAU?$_Wrap_alloc@V?$allocator@E@std@@@0@@Z (void __cdecl std::_Destroy_range<struct std::_Wrap_alloc<class std::allocator<unsigned char> > >(unsigned char *,unsigned char *,struct std::_Wrap_alloc<class std::allocator<unsigned char> > &))
1FF 00000000 SECT7  notype ()    External     | ??$_Allocate@U_Container_proxy@std@@@std@@YAPAU_Container_proxy@0@IPAU10@@Z (struct std::_Container_proxy * __cdecl std::_Allocate<struct std::_Container_proxy>(unsigned int,struct std::_Container_proxy *))
200 00000000 SECT6  notype ()    External     | ??$_Allocate@D@std@@YAPADIPAD@Z (char * __cdecl std::_Allocate<char>(unsigned int,char *))
201 00000000 SECT4D notype ()    Static       | ??__E?_Generic_object@?$_Error_objects@H@std@@2V_Generic_error_category@2@A@@YAXXZ (void __cdecl `dynamic initializer for 'public: static class std::_Generic_error_category std::_Error_objects<int>::_Generic_object''(void))
202 00000000 SECT56 notype ()    Static       | ??__F?_Generic_object@?$_Error_objects@H@std@@2V_Generic_error_category@2@A@@YAXXZ (void __cdecl `dynamic atexit destructor for 'public: static class std::_Generic_error_category std::_Error_objects<int>::_Generic_object''(void))
203 00000000 SECT4E notype ()    Static       | ??__E?_Iostream_object@?$_Error_objects@H@std@@2V_Iostream_error_category@2@A@@YAXXZ (void __cdecl `dynamic initializer for 'public: static class std::_Iostream_error_category std::_Error_objects<int>::_Iostream_object''(void))
204 00000000 SECT57 notype ()    Static       | ??__F?_Iostream_object@?$_Error_objects@H@std@@2V_Iostream_error_category@2@A@@YAXXZ (void __cdecl `dynamic atexit destructor for 'public: static class std::_Iostream_error_category std::_Error_objects<int>::_Iostream_object''(void))
205 00000000 SECT4F notype ()    Static       | ??__E?_System_object@?$_Error_objects@H@std@@2V_System_error_category@2@A@@YAXXZ (void __cdecl `dynamic initializer for 'public: static class std::_System_error_category std::_Error_objects<int>::_System_object''(void))
206 00000000 SECT58 notype ()    Static       | ??__F?_System_object@?$_Error_objects@H@std@@2V_System_error_category@2@A@@YAXXZ (void __cdecl `dynamic atexit destructor for 'public: static class std::_System_error_category std::_Error_objects<int>::_System_object''(void))
207 00000000 SECT1B notype ()    External     | ??$forward@AAPAD@std@@YAAAPADAAPAD@Z (char * & __cdecl std::forward<char * &>(char * &))
208 00000000 SECT10 notype ()    External     | ??$construct@PADAAPAD@?$allocator_traits@V?$allocator@D@std@@@std@@SAXAAV?$allocator@D@1@PAPADAAPAD@Z (public: static void __cdecl std::allocator_traits<class std::allocator<char> >::construct<char *,char * &>(class std::allocator<char> &,char * *,char * &))
209 00000000 SECT17 notype ()    External     | ??$destroy@PAD@?$allocator_traits@V?$allocator@D@std@@@std@@SAXAAV?$allocator@D@1@PAPAD@Z (public: static void __cdecl std::allocator_traits<class std::allocator<char> >::destroy<char *>(class std::allocator<char> &,char * *))
20A 00000000 SECT1C notype ()    External     | ??$forward@U_Container_proxy@std@@@std@@YA$$QAU_Container_proxy@0@AAU10@@Z (struct std::_Container_proxy && __cdecl std::forward<struct std::_Container_proxy>(struct std::_Container_proxy &))
20B 00000000 SECT14 notype ()    External     | ??$construct@U_Container_proxy@std@@U12@@?$allocator_traits@V?$allocator@U_Container_proxy@std@@@std@@@std@@SAXAAV?$allocator@U_Container_proxy@std@@@1@PAU_Container_proxy@1@$$QAU31@@Z (public: static void __cdecl std::allocator_traits<class std::allocator<struct std::_Container_proxy> >::construct<struct std::_Container_proxy,struct std::_Container_proxy>(class std::allocator<struct std::_Container_proxy> &,struct std::_Container_proxy *,struct std::_Container_proxy &&))
20C 00000000 SECT1A notype ()    External     | ??$destroy@U_Container_proxy@std@@@?$allocator_traits@V?$allocator@U_Container_proxy@std@@@std@@@std@@SAXAAV?$allocator@U_Container_proxy@std@@@1@PAU_Container_proxy@1@@Z (public: static void __cdecl std::allocator_traits<class std::allocator<struct std::_Container_proxy> >::destroy<struct std::_Container_proxy>(class std::allocator<struct std::_Container_proxy> &,struct std::_Container_proxy *))
20D 00000000 SECTB  notype ()    External     | ??$_Ptr_cat@EE@std@@YA?AU_Scalar_ptr_iterator_tag@0@PAE0@Z (struct std::_Scalar_ptr_iterator_tag __cdecl std::_Ptr_cat<unsigned char,unsigned char>(unsigned char *,unsigned char *))
20E 00000000 SECTA  notype ()    External     | ??$_Destroy_range@U?$_Wrap_alloc@V?$allocator@E@std@@@std@@@std@@YAXPAE0AAU?$_Wrap_alloc@V?$allocator@E@std@@@0@U_Scalar_ptr_iterator_tag@0@@Z (void __cdecl std::_Destroy_range<struct std::_Wrap_alloc<class std::allocator<unsigned char> > >(unsigned char *,unsigned char *,struct std::_Wrap_alloc<class std::allocator<unsigned char> > &,struct std::_Scalar_ptr_iterator_tag))
20F 00000000 SECT50 notype ()    Static       | ??__E?id@?$num_put@DV?$back_insert_iterator@V?$basic_string@DU?$char_traits@D@std@@V?$allocator@D@2@@std@@@std@@@std@@2V0locale@2@A@@YAXXZ (void __cdecl `dynamic initializer for 'public: static class std::locale::id std::num_put<char,class std::back_insert_iterator<class std::basic_string<char,struct std::char_traits<char>,class std::allocator<char> > > >::id''(void))
210 00000000 SECT51 notype ()    Static       | ??__E?id@?$num_put@_WV?$back_insert_iterator@V?$basic_string@_WU?$char_traits@_W@std@@V?$allocator@_W@2@@std@@@std@@@std@@2V0locale@2@A@@YAXXZ (void __cdecl `dynamic initializer for 'public: static class std::locale::id std::num_put<wchar_t,class std::back_insert_iterator<class std::basic_string<wchar_t,struct std::char_traits<wchar_t>,class std::allocator<wchar_t> > > >::id''(void))
211 00000000 SECT52 notype ()    Static       | ??__E?id@?$numpunct@D@std@@2V0locale@2@A@@YAXXZ (void __cdecl `dynamic initializer for 'public: static class std::locale::id std::numpunct<char>::id''(void))
212 00000000 SECT53 notype ()    Static       | ??__E?id@?$numpunct@_W@std@@2V0locale@2@A@@YAXXZ (void __cdecl `dynamic initializer for 'public: static class std::locale::id std::numpunct<wchar_t>::id''(void))
213 00000000 SECTE  notype ()    External     | ??$construct@PADAAPAD@?$allocator@D@std@@QAEXPAPADAAPAD@Z (public: void __thiscall std::allocator<char>::construct<char *,char * &>(char * *,char * &))
214 00000000 SECT16 notype ()    External     | ??$destroy@PAD@?$allocator@D@std@@QAEXPAPAD@Z (public: void __thiscall std::allocator<char>::destroy<char *>(char * *))
215 00000000 UNDEF  notype ()    External     | @__security_check_cookie@4
216 00000000 UNDEF  notype ()    External     | __CxxThrowException@8
217 00000000 UNDEF  notype ()    External     | ___CxxFrameHandler3
218 00000000 UNDEF  notype ()    External     | _memset
219 00000008 SECT1E notype ()    Static       | __ehhandler$??0?$_String_alloc@$0A@U?$_String_base_types@DV?$allocator@D@std@@@std@@@std@@QAE@ABV?$allocator@D@1@@Z
21A 00000000 SECT9E notype       Static       | .sxdata
    Section length   2C, #relocs    0, #linenums    0, checksum C8A8367D
21C 00000000 SECT1E notype ()    Static       | __unwindfunclet$??0?$_String_alloc@$0A@U?$_String_base_types@DV?$allocator@D@std@@@std@@@std@@QAE@ABV?$allocator@D@1@@Z$0
21D 00000008 SECT2A notype ()    Static       | __ehhandler$??0?$basic_string@DU?$char_traits@D@std@@V?$allocator@D@2@@std@@QAE@PBD@Z
21E 00000000 SECT2A notype ()    Static       | __unwindfunclet$??0?$basic_string@DU?$char_traits@D@std@@V?$allocator@D@2@@std@@QAE@PBD@Z$0
21F 00000000 SECT5C notype ()    Static       | __ehhandler$?_Copy@?$basic_string@DU?$char_traits@D@std@@V?$allocator@D@2@@std@@QAEXII@Z
220 000000CF SECT5B notype ()    Static       | __catch$?_Copy@?$basic_string@DU?$char_traits@D@std@@V?$allocator@D@2@@std@@QAEXII@Z$0
221 00000105 SECT5B notype ()    Static       | __catch$?_Copy@?$basic_string@DU?$char_traits@D@std@@V?$allocator@D@2@@std@@QAEXII@Z$1
222 00000129 SECT5B notype       Label        | $LN17
223 0000013F SECT5B notype       Label        | $LN19
224 00000008 SECT21 notype ()    Static       | __ehhandler$??0?$_Vector_alloc@$0A@U?$_Vec_base_types@EV?$allocator@E@std@@@std@@@std@@QAE@ABV?$allocator@E@1@@Z
225 00000000 SECT21 notype ()    Static       | __unwindfunclet$??0?$_Vector_alloc@$0A@U?$_Vec_base_types@EV?$allocator@E@std@@@std@@@std@@QAE@ABV?$allocator@E@1@@Z$0
226 0000000B SECT5  notype ()    Static       | __ehhandler$??0Runtime@MilesHostRuntime50@@QAE@PAX_K11I@Z
227 00000000 SECT5  notype ()    Static       | __unwindfunclet$??0Runtime@MilesHostRuntime50@@QAE@PAX_K11I@Z$0
228 00000047 SECT5  notype ()    Static       | __ehhandler$?invoke@Runtime@MilesHostRuntime50@@QAEIIIPBDHIPAXAAI@Z
229 00000026 SECT5  notype ()    Static       | __unwindfunclet$?invoke@Runtime@MilesHostRuntime50@@QAEIIIPBDHIPAXAAI@Z$0
22A 00000031 SECT5  notype ()    Static       | __unwindfunclet$?invoke@Runtime@MilesHostRuntime50@@QAEIIIPBDHIPAXAAI@Z$1
22B 0000003C SECT5  notype ()    Static       | __unwindfunclet$?invoke@Runtime@MilesHostRuntime50@@QAEIIIPBDHIPAXAAI@Z$2
22C 00000008 SECT2E notype ()    Static       | __ehhandler$??0Ticket@Runtime@MilesHostRuntime50@@QAE@XZ
22D 00000000 SECT2E notype ()    Static       | __unwindfunclet$??0Ticket@Runtime@MilesHostRuntime50@@QAE@XZ$0
22E 0000006F SECT5  notype ()    Static       | __ehhandler$?entry@Runtime@MilesHostRuntime50@@CGKPAX@Z
22F 0000089A SECT4  notype ()    Static       | __catch$?entry@Runtime@MilesHostRuntime50@@CGKPAX@Z$0
230 000008AE SECT4  notype       Label        | $LN7
231 000000A0 SECT5  notype ()    Static       | __ehhandler$?run@Runtime@MilesHostRuntime50@@AAEXXZ
232 0000008A SECT5  notype ()    Static       | __unwindfunclet$?run@Runtime@MilesHostRuntime50@@AAEXXZ$0
233 00000095 SECT5  notype ()    Static       | __unwindfunclet$?run@Runtime@MilesHostRuntime50@@AAEXXZ$1
234 00000011 SECT13 notype ()    Static       | __ehhandler$??$construct@U_Container_proxy@std@@U12@@?$allocator@U_Container_proxy@std@@@std@@QAEXPAU_Container_proxy@1@$$QAU21@@Z
235 00000000 SECT13 notype ()    Static       | __unwindfunclet$??$construct@U_Container_proxy@std@@U12@@?$allocator@U_Container_proxy@std@@@std@@QAEXPAU_Container_proxy@1@$$QAU21@@Z$0
236 00000011 SECTF  notype ()    Static       | __ehhandler$??$construct@PADAAPAD@?$allocator@D@std@@QAEXPAPADAAPAD@Z
237 00000000 SECTF  notype ()    Static       | __unwindfunclet$??$construct@PADAAPAD@?$allocator@D@std@@QAEXPAPADAAPAD@Z$0
238 00000000 SECT9F notype       Static       | .xdata$x
    Section length   2C, #relocs    2, #linenums    0, checksum A7F7E1EC, selection    5 (pick associative Section 0x1D)
23A 00000008 SECT9F notype       Static       | __ehfuncinfo$??0?$_String_alloc@$0A@U?$_String_base_types@DV?$allocator@D@std@@@std@@@std@@QAE@ABV?$allocator@D@1@@Z
23B 00000000 SECT9F notype       Static       | __unwindtable$??0?$_String_alloc@$0A@U?$_String_base_types@DV?$allocator@D@std@@@std@@@std@@QAE@ABV?$allocator@D@1@@Z
23C 00000000 SECTA0 notype       Static       | .xdata$x
    Section length   2C, #relocs    2, #linenums    0, checksum A7F7E1EC, selection    5 (pick associative Section 0x29)
23E 00000008 SECTA0 notype       Static       | __ehfuncinfo$??0?$basic_string@DU?$char_traits@D@std@@V?$allocator@D@2@@std@@QAE@PBD@Z
23F 00000000 SECTA0 notype       Static       | __unwindtable$??0?$basic_string@DU?$char_traits@D@std@@V?$allocator@D@2@@std@@QAE@PBD@Z
240 00000000 SECTA1 notype       Static       | .xdata$x
    Section length   8C, #relocs    6, #linenums    0, checksum EB9508FD, selection    5 (pick associative Section 0x5B)
242 00000040 SECTA1 notype       Static       | __ehfuncinfo$?_Copy@?$basic_string@DU?$char_traits@D@std@@V?$allocator@D@2@@std@@QAEXII@Z
243 00000020 SECTA1 notype       Static       | __unwindtable$?_Copy@?$basic_string@DU?$char_traits@D@std@@V?$allocator@D@2@@std@@QAEXII@Z
244 00000064 SECTA1 notype       Static       | __tryblocktable$?_Copy@?$basic_string@DU?$char_traits@D@std@@V?$allocator@D@2@@std@@QAEXII@Z
245 00000010 SECTA1 notype       Static       | __catchsym$?_Copy@?$basic_string@DU?$char_traits@D@std@@V?$allocator@D@2@@std@@QAEXII@Z$4
246 00000000 SECTA1 notype       Static       | __catchsym$?_Copy@?$basic_string@DU?$char_traits@D@std@@V?$allocator@D@2@@std@@QAEXII@Z$5
247 00000000 SECTA2 notype       Static       | .xdata$x
    Section length   2C, #relocs    2, #linenums    0, checksum A7F7E1EC, selection    5 (pick associative Section 0x20)
249 00000008 SECTA2 notype       Static       | __ehfuncinfo$??0?$_Vector_alloc@$0A@U?$_Vec_base_types@EV?$allocator@E@std@@@std@@@std@@QAE@ABV?$allocator@E@1@@Z
24A 00000000 SECTA2 notype       Static       | __unwindtable$??0?$_Vector_alloc@$0A@U?$_Vec_base_types@EV?$allocator@E@std@@@std@@@std@@QAE@ABV?$allocator@E@1@@Z
24B 00000000 SECTA3 notype       Static       | .xdata$x
    Section length   F4, #relocs    D, #linenums    0, checksum 548AA7B5
24D 000000D0 SECTA3 notype       Static       | __ehfuncinfo$??0Runtime@MilesHostRuntime50@@QAE@PAX_K11I@Z
24E 00000000 SECTA3 notype       Static       | __unwindtable$??0Runtime@MilesHostRuntime50@@QAE@PAX_K11I@Z
24F 000000AC SECTA3 notype       Static       | __ehfuncinfo$?invoke@Runtime@MilesHostRuntime50@@QAEIIIPBDHIPAXAAI@Z
250 0000004C SECTA3 notype       Static       | __unwindtable$?invoke@Runtime@MilesHostRuntime50@@QAEIIIPBDHIPAXAAI@Z
251 00000000 SECTA4 notype       Static       | .xdata$x
    Section length   2C, #relocs    2, #linenums    0, checksum A7F7E1EC, selection    5 (pick associative Section 0x2D)
253 00000008 SECTA4 notype       Static       | __ehfuncinfo$??0Ticket@Runtime@MilesHostRuntime50@@QAE@XZ
254 00000000 SECTA4 notype       Static       | __unwindtable$??0Ticket@Runtime@MilesHostRuntime50@@QAE@XZ
255 00000088 SECTA3 notype       Static       | __ehfuncinfo$?entry@Runtime@MilesHostRuntime50@@CGKPAX@Z
256 00000028 SECTA3 notype       Static       | __unwindtable$?entry@Runtime@MilesHostRuntime50@@CGKPAX@Z
257 00000038 SECTA3 notype       Static       | __tryblocktable$?entry@Runtime@MilesHostRuntime50@@CGKPAX@Z
258 00000018 SECTA3 notype       Static       | __catchsym$?entry@Runtime@MilesHostRuntime50@@CGKPAX@Z$2
259 00000064 SECTA3 notype       Static       | __ehfuncinfo$?run@Runtime@MilesHostRuntime50@@AAEXXZ
25A 00000008 SECTA3 notype       Static       | __unwindtable$?run@Runtime@MilesHostRuntime50@@AAEXXZ
25B 00000000 SECTA5 notype       Static       | .xdata$x
    Section length   2C, #relocs    2, #linenums    0, checksum A7F7E1EC, selection    5 (pick associative Section 0x12)
25D 00000008 SECTA5 notype       Static       | __ehfuncinfo$??$construct@U_Container_proxy@std@@U12@@?$allocator@U_Container_proxy@std@@@std@@QAEXPAU_Container_proxy@1@$$QAU21@@Z
25E 00000000 SECTA5 notype       Static       | __unwindtable$??$construct@U_Container_proxy@std@@U12@@?$allocator@U_Container_proxy@std@@@std@@QAEXPAU_Container_proxy@1@$$QAU21@@Z
25F 00000000 SECTA6 notype       Static       | .xdata$x
    Section length   2C, #relocs    2, #linenums    0, checksum A7F7E1EC, selection    5 (pick associative Section 0xE)
261 00000008 SECTA6 notype       Static       | __ehfuncinfo$??$construct@PADAAPAD@?$allocator@D@std@@QAEXPAPADAAPAD@Z
262 00000000 SECTA6 notype       Static       | __unwindtable$??$construct@PADAAPAD@?$allocator@D@std@@QAEXPAPADAAPAD@Z
263 00000000 SECTA7 notype       Static       | .bss
    Section length    2, #relocs    0, #linenums    0, checksum        0
265 00000001 SECTA7 notype       Static       | _piecewise_construct
266 00000000 SECTA7 notype       Static       | _allocator_arg
267 00000000 UNDEF  notype       External     | ??_7type_info@@6B@ (const type_info::`vftable')
268 00000000 SECTA8 notype       Static       | .rdata
    Section length   1C, #relocs    7, #linenums    0, checksum        0, selection    6 (pick largest)
26A 00000004 SECTA8 notype       External     | ??_7error_category@std@@6B@ (const std::error_category::`vftable')
26B 00000000 SECTA9 notype       Static       | .rdata
    Section length   1C, #relocs    7, #linenums    0, checksum        0, selection    6 (pick largest)
26D 00000004 SECTA9 notype       External     | ??_7_Generic_error_category@std@@6B@ (const std::_Generic_error_category::`vftable')
26E 00000000 SECTAA notype       Static       | .rdata
    Section length    8, #relocs    0, #linenums    0, checksum A86CFC2B, selection    2 (pick any)
270 00000000 SECTAA notype       External     | ??_C@_07DCLBNMLN@generic?$AA@ (`string')
271 00000000 SECTAB notype       Static       | .rdata
    Section length    E, #relocs    0, #linenums    0, checksum 3BD6D632, selection    2 (pick any)
273 00000000 SECTAB notype       External     | ??_C@_0O@BFJCFAAK@unknown?5error?$AA@ (`string')
274 00000000 SECTAC notype       Static       | .rdata
    Section length   1C, #relocs    7, #linenums    0, checksum        0, selection    6 (pick largest)
276 00000004 SECTAC notype       External     | ??_7_Iostream_error_category@std@@6B@ (const std::_Iostream_error_category::`vftable')
277 00000000 SECTAD notype       Static       | .rdata
    Section length    9, #relocs    0, #linenums    0, checksum A29400EA, selection    2 (pick any)
279 00000000 SECTAD notype       External     | ??_C@_08LLGCOLLL@iostream?$AA@ (`string')
27A 00000000 SECTAE notype       Static       | .rdata
    Section length   16, #relocs    0, #linenums    0, checksum A7E7FC63, selection    2 (pick any)
27C 00000000 SECTAE notype       External     | ??_C@_0BG@PADBLCHM@iostream?5stream?5error?$AA@ (`string')
27D 00000000 SECTAF notype       Static       | .rdata
    Section length   1C, #relocs    7, #linenums    0, checksum        0, selection    6 (pick largest)
27F 00000004 SECTAF notype       External     | ??_7_System_error_category@std@@6B@ (const std::_System_error_category::`vftable')
280 00000000 SECTB0 notype       Static       | .rdata
    Section length    7, #relocs    0, #linenums    0, checksum 35CD274A, selection    2 (pick any)
282 00000000 SECTB0 notype       External     | ??_C@_06FHFOAHML@system?$AA@ (`string')
283 00000000 SECTB1 notype       Static       | .bss
    Section length    4, #relocs    0, #linenums    0, checksum        0, selection    2 (pick any)
285 00000000 SECTB1 notype       External     | ?_Generic_object@?$_Error_objects@H@std@@2V_Generic_error_category@2@A (public: static class std::_Generic_error_category std::_Error_objects<int>::_Generic_object)
286 00000000 SECTB2 notype       Static       | .bss
    Section length    4, #relocs    0, #linenums    0, checksum        0, selection    2 (pick any)
288 00000000 SECTB2 notype       External     | ?_Iostream_object@?$_Error_objects@H@std@@2V_Iostream_error_category@2@A (public: static class std::_Iostream_error_category std::_Error_objects<int>::_Iostream_object)
289 00000000 SECTB3 notype       Static       | .bss
    Section length    4, #relocs    0, #linenums    0, checksum        0, selection    2 (pick any)
28B 00000000 SECTB3 notype       External     | ?_System_object@?$_Error_objects@H@std@@2V_System_error_category@2@A (public: static class std::_System_error_category std::_Error_objects<int>::_System_object)
28C 00000000 SECTB4 notype       Static       | .bss
    Section length    4, #relocs    0, #linenums    0, checksum        0, selection    2 (pick any)
28E 00000000 SECTB4 notype       External     | ?id@?$num_put@DV?$back_insert_iterator@V?$basic_string@DU?$char_traits@D@std@@V?$allocator@D@2@@std@@@std@@@std@@2V0locale@2@A (public: static class std::locale::id std::num_put<char,class std::back_insert_iterator<class std::basic_string<char,struct std::char_traits<char>,class std::allocator<char> > > >::id)
28F 00000000 SECTB5 notype       Static       | .bss
    Section length    4, #relocs    0, #linenums    0, checksum        0, selection    2 (pick any)
291 00000000 SECTB5 notype       External     | ?id@?$num_put@_WV?$back_insert_iterator@V?$basic_string@_WU?$char_traits@_W@std@@V?$allocator@_W@2@@std@@@std@@@std@@2V0locale@2@A (public: static class std::locale::id std::num_put<wchar_t,class std::back_insert_iterator<class std::basic_string<wchar_t,struct std::char_traits<wchar_t>,class std::allocator<wchar_t> > > >::id)
292 00000000 SECTB6 notype       Static       | .rdata
    Section length   8E, #relocs    0, #linenums    0, checksum 813BAE69, selection    2 (pick any)
294 00000000 SECTB6 notype       External     | ??_C@_1IO@FKLKODGG@?$AAC?$AA?3?$AA?2?$AAP?$AAr?$AAo?$AAg?$AAr?$AAa?$AAm?$AA?5?$AAF?$AAi?$AAl?$AAe?$AAs?$AA?5?$AA?$CI?$AAx?$AA8?$AA6?$AA?$CJ?$AA?2?$AAM?$AAi?$AAc?$AAr?$AAo?$AAs?$AAo?$AAf?$AAt@ (`string')
295 00000000 SECTB7 notype       Static       | .rdata
    Section length   8C, #relocs    0, #linenums    0, checksum 101D7482, selection    2 (pick any)
297 00000000 SECTB7 notype       External     | ??_C@_1IM@CBJFJAOD@?$AAC?$AA?3?$AA?2?$AAP?$AAr?$AAo?$AAg?$AAr?$AAa?$AAm?$AA?5?$AAF?$AAi?$AAl?$AAe?$AAs?$AA?5?$AA?$CI?$AAx?$AA8?$AA6?$AA?$CJ?$AA?2?$AAM?$AAi?$AAc?$AAr?$AAo?$AAs?$AAo?$AAf?$AAt@ (`string')
298 00000000 SECTB8 notype       Static       | .rdata
    Section length   3C, #relocs    0, #linenums    0, checksum 4C8F04E7, selection    2 (pick any)
29A 00000000 SECTB8 notype       External     | ??_C@_1DM@LHGCHCBA@?$AAv?$AAe?$AAc?$AAt?$AAo?$AAr?$AA?5?$AAs?$AAu?$AAb?$AAs?$AAc?$AAr?$AAi?$AAp?$AAt?$AA?5?$AAo?$AAu?$AAt?$AA?5?$AAo?$AAf?$AA?5?$AAr?$AAa?$AAn?$AAg?$AAe?$AA?$AA@ (`string')
29B 00000000 SECTB9 notype       Static       | .rdata
    Section length   24, #relocs    0, #linenums    0, checksum 70812DE6, selection    2 (pick any)
29D 00000000 SECTB9 notype       External     | ??_C@_0CE@OFMIGAMM@Standard?5C?$CL?$CL?5Libraries?5Out?5of?5Ra@ (`string')
29E 00000000 SECTBA notype       Static       | .rdata
    Section length   56, #relocs    0, #linenums    0, checksum 8F83C987, selection    2 (pick any)
2A0 00000000 SECTBA notype       External     | ??_C@_1FG@IBPIFFN@?$AA?$CC?$AAS?$AAt?$AAa?$AAn?$AAd?$AAa?$AAr?$AAd?$AA?5?$AAC?$AA?$CL?$AA?$CL?$AA?5?$AAL?$AAi?$AAb?$AAr?$AAa?$AAr?$AAi?$AAe?$AAs?$AA?5?$AAO?$AAu?$AAt?$AA?5?$AAo?$AAf?$AA?5?$AAR@ (`string')
2A1 00000000 SECTBB notype       Static       | .rdata
    Section length    6, #relocs    0, #linenums    0, checksum 2EEB9BF7, selection    2 (pick any)
2A3 00000000 SECTBB notype       External     | ??_C@_15GANGMFKL@?$AA?$CF?$AAs?$AA?$AA@ (`string')
2A4 00000000 SECTBC notype       Static       | .rdata
    Section length   1E, #relocs    0, #linenums    0, checksum F3B436A4, selection    2 (pick any)
2A6 00000000 SECTBC notype       External     | ??_C@_1BO@MEPPHOO@?$AA?$CC?$AAo?$AAu?$AAt?$AA?5?$AAo?$AAf?$AA?5?$AAr?$AAa?$AAn?$AAg?$AAe?$AA?$CC?$AA?$AA@ (`string')
2A7 00000000 SECTBD notype       Static       | .rdata
    Section length   9A, #relocs    0, #linenums    0, checksum  AF8719D, selection    2 (pick any)
2A9 00000000 SECTBD notype       External     | ??_C@_1JK@PKCFAHNP@?$AAs?$AAt?$AAd?$AA?3?$AA?3?$AAv?$AAe?$AAc?$AAt?$AAo?$AAr?$AA?$DM?$AAu?$AAn?$AAs?$AAi?$AAg?$AAn?$AAe?$AAd?$AA?5?$AAc?$AAh?$AAa?$AAr?$AA?0?$AAc?$AAl?$AAa?$AAs?$AAs?$AA?5@ (`string')
2AA 00000000 SECTBE notype       Static       | .bss
    Section length    4, #relocs    0, #linenums    0, checksum        0, selection    2 (pick any)
2AC 00000000 SECTBE notype       External     | ?id@?$numpunct@D@std@@2V0locale@2@A (public: static class std::locale::id std::numpunct<char>::id)
2AD 00000000 SECTBF notype       Static       | .bss
    Section length    4, #relocs    0, #linenums    0, checksum        0, selection    2 (pick any)
2AF 00000000 SECTBF notype       External     | ?id@?$numpunct@_W@std@@2V0locale@2@A (public: static class std::locale::id std::numpunct<wchar_t>::id)
2B0 00000000 SECTC0 notype       Static       | .rdata
    Section length   10, #relocs    0, #linenums    0, checksum 869C5FA0, selection    2 (pick any)
2B2 00000000 SECTC0 notype       External     | ??_C@_0BA@JFNIOLAK@string?5too?5long?$AA@ (`string')
2B3 00000000 SECTC1 notype       Static       | .rdata
    Section length   18, #relocs    0, #linenums    0, checksum 79C52538, selection    2 (pick any)
2B5 00000000 SECTC1 notype       External     | ??_C@_0BI@CFPLBAOH@invalid?5string?5position?$AA@ (`string')
2B6 00000000 SECTC2 notype       Static       | .rdata
    Section length   2A, #relocs    0, #linenums    0, checksum 55665FBD, selection    2 (pick any)
2B8 00000000 SECTC2 notype       External     | ??_C@_1CK@EOPGIILJ@?$AAi?$AAn?$AAv?$AAa?$AAl?$AAi?$AAd?$AA?5?$AAn?$AAu?$AAl?$AAl?$AA?5?$AAp?$AAo?$AAi?$AAn?$AAt?$AAe?$AAr?$AA?$AA@ (`string')
2B9 00000000 SECTC3 notype       Static       | .rdata$r
    Section length   14, #relocs    2, #linenums    0, checksum        0, selection    2 (pick any)
2BB 00000000 SECTC3 notype       External     | ??_R4error_category@std@@6B@ (const std::error_category::`RTTI Complete Object Locator')
2BC 00000000 SECTC4 notype       Static       | .data$r
    Section length   21, #relocs    1, #linenums    0, checksum 57781CE5, selection    2 (pick any)
2BE 00000000 SECTC4 notype       External     | ??_R0?AVerror_category@std@@@8 (class std::error_category `RTTI Type Descriptor')
2BF 00000000 SECTC5 notype       Static       | .rdata$r
    Section length   10, #relocs    1, #linenums    0, checksum CCAA009E, selection    2 (pick any)
2C1 00000000 SECTC5 notype       External     | ??_R3error_category@std@@8 (std::error_category::`RTTI Class Hierarchy Descriptor')
2C2 00000000 SECTC6 notype       Static       | .rdata$r
    Section length    5, #relocs    1, #linenums    0, checksum        0, selection    2 (pick any)
2C4 00000000 SECTC6 notype       External     | ??_R2error_category@std@@8 (std::error_category::`RTTI Base Class Array')
2C5 00000000 SECTC7 notype       Static       | .rdata$r
    Section length   1C, #relocs    2, #linenums    0, checksum 3AD97647, selection    2 (pick any)
2C7 00000000 SECTC7 notype       External     | ??_R1A@?0A@EA@error_category@std@@8 (std::error_category::`RTTI Base Class Descriptor at (0,-1,0,64)')
2C8 00000000 SECTC8 notype       Static       | .rdata$r
    Section length   14, #relocs    2, #linenums    0, checksum        0, selection    2 (pick any)
2CA 00000000 SECTC8 notype       External     | ??_R4_Generic_error_category@std@@6B@ (const std::_Generic_error_category::`RTTI Complete Object Locator')
2CB 00000000 SECTC9 notype       Static       | .data$r
    Section length   2A, #relocs    1, #linenums    0, checksum 61E25741, selection    2 (pick any)
2CD 00000000 SECTC9 notype       External     | ??_R0?AV_Generic_error_category@std@@@8 (class std::_Generic_error_category `RTTI Type Descriptor')
2CE 00000000 SECTCA notype       Static       | .rdata$r
    Section length   10, #relocs    1, #linenums    0, checksum 4225077D, selection    2 (pick any)
2D0 00000000 SECTCA notype       External     | ??_R3_Generic_error_category@std@@8 (std::_Generic_error_category::`RTTI Class Hierarchy Descriptor')
2D1 00000000 SECTCB notype       Static       | .rdata$r
    Section length    9, #relocs    2, #linenums    0, checksum        0, selection    2 (pick any)
2D3 00000000 SECTCB notype       External     | ??_R2_Generic_error_category@std@@8 (std::_Generic_error_category::`RTTI Base Class Array')
2D4 00000000 SECTCC notype       Static       | .rdata$r
    Section length   1C, #relocs    2, #linenums    0, checksum BBFC1360, selection    2 (pick any)
2D6 00000000 SECTCC notype       External     | ??_R1A@?0A@EA@_Generic_error_category@std@@8 (std::_Generic_error_category::`RTTI Base Class Descriptor at (0,-1,0,64)')
2D7 00000000 SECTCD notype       Static       | .rdata$r
    Section length   14, #relocs    2, #linenums    0, checksum        0, selection    2 (pick any)
2D9 00000000 SECTCD notype       External     | ??_R4_Iostream_error_category@std@@6B@ (const std::_Iostream_error_category::`RTTI Complete Object Locator')
2DA 00000000 SECTCE notype       Static       | .data$r
    Section length   2B, #relocs    1, #linenums    0, checksum 9ABBB05D, selection    2 (pick any)
2DC 00000000 SECTCE notype       External     | ??_R0?AV_Iostream_error_category@std@@@8 (class std::_Iostream_error_category `RTTI Type Descriptor')
2DD 00000000 SECTCF notype       Static       | .rdata$r
    Section length   10, #relocs    1, #linenums    0, checksum 8E8F07E3, selection    2 (pick any)
2DF 00000000 SECTCF notype       External     | ??_R3_Iostream_error_category@std@@8 (std::_Iostream_error_category::`RTTI Class Hierarchy Descriptor')
2E0 00000000 SECTD0 notype       Static       | .rdata$r
    Section length    D, #relocs    3, #linenums    0, checksum        0, selection    2 (pick any)
2E2 00000000 SECTD0 notype       External     | ??_R2_Iostream_error_category@std@@8 (std::_Iostream_error_category::`RTTI Base Class Array')
2E3 00000000 SECTD1 notype       Static       | .rdata$r
    Section length   1C, #relocs    2, #linenums    0, checksum E3E2BA48, selection    2 (pick any)
2E5 00000000 SECTD1 notype       External     | ??_R1A@?0A@EA@_Iostream_error_category@std@@8 (std::_Iostream_error_category::`RTTI Base Class Descriptor at (0,-1,0,64)')
2E6 00000000 SECTD2 notype       Static       | .rdata$r
    Section length   14, #relocs    2, #linenums    0, checksum        0, selection    2 (pick any)
2E8 00000000 SECTD2 notype       External     | ??_R4_System_error_category@std@@6B@ (const std::_System_error_category::`RTTI Complete Object Locator')
2E9 00000000 SECTD3 notype       Static       | .data$r
    Section length   29, #relocs    1, #linenums    0, checksum FF15FF41, selection    2 (pick any)
2EB 00000000 SECTD3 notype       External     | ??_R0?AV_System_error_category@std@@@8 (class std::_System_error_category `RTTI Type Descriptor')
2EC 00000000 SECTD4 notype       Static       | .rdata$r
    Section length   10, #relocs    1, #linenums    0, checksum 8E8F07E3, selection    2 (pick any)
2EE 00000000 SECTD4 notype       External     | ??_R3_System_error_category@std@@8 (std::_System_error_category::`RTTI Class Hierarchy Descriptor')
2EF 00000000 SECTD5 notype       Static       | .rdata$r
    Section length    D, #relocs    3, #linenums    0, checksum        0, selection    2 (pick any)
2F1 00000000 SECTD5 notype       External     | ??_R2_System_error_category@std@@8 (std::_System_error_category::`RTTI Base Class Array')
2F2 00000000 SECTD6 notype       Static       | .rdata$r
    Section length   1C, #relocs    2, #linenums    0, checksum E3E2BA48, selection    2 (pick any)
2F4 00000000 SECTD6 notype       External     | ??_R1A@?0A@EA@_System_error_category@std@@8 (std::_System_error_category::`RTTI Base Class Descriptor at (0,-1,0,64)')
2F5 00000000 UNDEF  notype       External     | ___security_cookie
2F6 00000000 UNDEF  notype       External     | __fltused
2F7 00000000 UNDEF  notype       External     | __tls_array
2F8 00000000 UNDEF  notype       External     | __tls_index
2F9 00000000 SECTD7 notype       Static       | .CRT$XCU
    Section length    8, #relocs    2, #linenums    0, checksum        0
2FB 00000000 SECTD7 notype       Static       | _piecewise_construct$initializer$
2FC 00000004 SECTD7 notype       Static       | _allocator_arg$initializer$
2FD 00000000 SECTD8 notype       Static       | .CRT$XCU
    Section length    4, #relocs    1, #linenums    0, checksum        0, selection    5 (pick associative Section 0xB1)
2FF 00000000 SECTD8 notype       Static       | ?_Generic_object$initializer$@?$_Error_objects@H@std@@2P6AXXZA (public: static void (__cdecl* std::_Error_objects<int>::_Generic_object$initializer$)(void))
300 00000000 SECTD9 notype       Static       | .CRT$XCU
    Section length    4, #relocs    1, #linenums    0, checksum        0, selection    5 (pick associative Section 0xB2)
302 00000000 SECTD9 notype       Static       | ?_Iostream_object$initializer$@?$_Error_objects@H@std@@2P6AXXZA (public: static void (__cdecl* std::_Error_objects<int>::_Iostream_object$initializer$)(void))
303 00000000 SECTDA notype       Static       | .CRT$XCU
    Section length    4, #relocs    1, #linenums    0, checksum        0, selection    5 (pick associative Section 0xB3)
305 00000000 SECTDA notype       Static       | ?_System_object$initializer$@?$_Error_objects@H@std@@2P6AXXZA (public: static void (__cdecl* std::_Error_objects<int>::_System_object$initializer$)(void))
306 00000000 SECTDB notype       Static       | .CRT$XCU
    Section length    4, #relocs    1, #linenums    0, checksum        0, selection    5 (pick associative Section 0xB4)
308 00000000 SECTDB notype       Static       | ?id$initializer$@?$num_put@DV?$back_insert_iterator@V?$basic_string@DU?$char_traits@D@std@@V?$allocator@D@2@@std@@@std@@@std@@2P6AXXZA (public: static void (__cdecl* std::num_put<char,class std::back_insert_iterator<class std::basic_string<char,struct std::char_traits<char>,class std::allocator<char> > > >::id$initializer$)(void))
309 00000000 SECTDC notype       Static       | .CRT$XCU
    Section length    4, #relocs    1, #linenums    0, checksum        0, selection    5 (pick associative Section 0xB5)
30B 00000000 SECTDC notype       Static       | ?id$initializer$@?$num_put@_WV?$back_insert_iterator@V?$basic_string@_WU?$char_traits@_W@std@@V?$allocator@_W@2@@std@@@std@@@std@@2P6AXXZA (public: static void (__cdecl* std::num_put<wchar_t,class std::back_insert_iterator<class std::basic_string<wchar_t,struct std::char_traits<wchar_t>,class std::allocator<wchar_t> > > >::id$initializer$)(void))
30C 00000000 SECTDD notype       Static       | .CRT$XCU
    Section length    4, #relocs    1, #linenums    0, checksum        0, selection    5 (pick associative Section 0xBE)
30E 00000000 SECTDD notype       Static       | ?id$initializer$@?$numpunct@D@std@@2P6AXXZA (public: static void (__cdecl* std::numpunct<char>::id$initializer$)(void))
30F 00000000 SECTDE notype       Static       | .CRT$XCU
    Section length    4, #relocs    1, #linenums    0, checksum        0, selection    5 (pick associative Section 0xBF)
311 00000000 SECTDE notype       Static       | ?id$initializer$@?$numpunct@_W@std@@2P6AXXZA (public: static void (__cdecl* std::numpunct<wchar_t>::id$initializer$)(void))

String Table Size = 0x4ECE bytes

  Summary

          24 .CRT$XCU
          1E .bss
          9F .data$r
          B4 .debug$S
         34F .drectve
         38C .rdata
         128 .rdata$r
          2C .sxdata
          B2 .text$di
        25A4 .text$mn
         1C7 .text$x
          2D .text$yd
           1 .tls$
         288 .xdata$x
