Microsoft (R) Build Engine version 12.0.40629.0
[Microsoft .NET Framework, version 4.0.30319.42000]
Copyright (C) Microsoft Corporation. All rights reserved.

Build started 9/29/2026 9:31:35 AM.
     1>Project "C:\ci-dpvs-review\hardened\source\src\external\3rd\library\dpvs\implementation\msvc8\dpvs.vcxproj" on node 1 (Rebuild target(s)).
     1>CoreClean:
         Creating directory ".\..\..\..\..\..\..\compile\win32\dpvs\Release\".
       PrepareForBuild:
         Creating directory ".\..\..\..\..\..\..\compile\win32\dpvs\Release\dpvs.tlog\".
       InitializeBuildStatus:
         Creating ".\..\..\..\..\..\..\compile\win32\dpvs\Release\dpvs.tlog\unsuccessfulbuild" because "AlwaysCreate" was specified.
       MakeDirsForCl:
         Creating directory "C:\ci-dpvs-review\hardened\source\src\external\3rd\library\dpvs\implementation\msvc8\.\release".
       ClCompile:
         C:\Program Files (x86)\Microsoft Visual Studio 12.0\VC\bin\CL.exe /c /I..\..\interface /I..\include /Zi /nologo /W4 /WX- /O2 /Ob1 /Oy- /D WIN32 /D NDEBUG /D _WINDOWS /D DPVS_DLL /D DPVS_BUILD_LIBRARY /D _VC80_UPGRADE=0x0600 /D _WINDLL /GF /Gm- /EHsc /MT /GS /Gy /fp:precise /Zc:wchar_t /Zc:forScope /FAs /Fa".\release/" /Fo".\release/" /Fd".\release/vc120.pdb" /Gd /TP /analyze- /errorReport:queue ..\sources\dpvsAABB.cpp ..\sources\dpvsArray.cpp ..\sources\dpvsBitMath.cpp ..\sources\dpvsBlockBuffer.cpp ..\sources\dpvsBounds.cpp ..\sources\dpvsClipPolygon.cpp ..\sources\dpvsDatabase.cpp ..\sources\dpvsDataPasser.cpp ..\sources\dpvsDebug.cpp ..\sources\dpvsGameCube.cpp ..\sources\dpvsHZBuffer.cpp ..\sources\dpvsImpCamera.cpp ..\sources\dpvsImpCell.cpp ..\sources\dpvsImpCommander.cpp ..\sources\dpvsImpMeshModel.cpp ..\sources\dpvsImpMiscModel.cpp ..\sources\dpvsImpModel.cpp ..\sources\dpvsImpObject.cpp ..\sources\dpvsImpPhysicalPortal.cpp ..\sources\dpvsImpRegionOfInfluence.cpp ..\sources\dpvsImpVirtualPortal.cpp ..\sources\dpvsInstanceCount.cpp ..\sources\dpvsIntersect.cpp ..\sources\dpvsLibraryServices.cpp ..\sources\dpvsMath.cpp ..\sources\dpvsMatrix.cpp ..\sources\dpvsMatrixConverter.cpp ..\sources\dpvsMemory.cpp ..\sources\dpvsMemoryPool.cpp ..\sources\dpvsMesh.cpp ..\sources\dpvsMT.cpp ..\sources\dpvsNameHash.cpp ..\sources\dpvsOBB.cpp ..\sources\dpvsOcclusionBuffer.cpp ..\sources\dpvsOcclusionBuffer_Buffer.cpp ..\sources\dpvsOcclusionBuffer_CacheFiller.cpp ..\sources\dpvsOcclusionBuffer_Edges.cpp ..\sources\dpvsOcclusionBuffer_Render.cpp ..\sources\dpvsOcclusionBuffer_Stencil.cpp ..\sources\dpvsOcclusionBuffer_Test.cpp ..\sources\dpvsOcclusionBuffer_ZGradient.cpp ..\sources\dpvsOcclusionBuffer_ZGradientPS2.cpp ..\sources\dpvsPPCTest.cpp ..\sources\dpvsPS2Test.cpp ..\sources\dpvsRandom.cpp ..\sources\dpvsRectangle.cpp ..\sources\dpvsRecursionSolver.cpp ..\sources\dpvsRemoteDebugger.cpp ..\sources\dpvsScratchpad.cpp ..\sources\dpvsSilhouette.cpp ..\sources\dpvsSilhouetteCache.cpp ..\sources\dpvsSilhouetteCacheCommon.cpp ..\sources\dpvsSilhouetteMath.cpp ..\sources\dpvsStatistics.cpp ..\sources\dpvsSurface.cpp ..\sources\dpvsSweepAndPrune.cpp ..\sources\dpvsSystem.cpp ..\sources\dpvsTempAllocator.cpp ..\sources\dpvsTempArray.cpp ..\sources\dpvsUtility.cpp ..\sources\dpvsVisibilityQuery.cpp ..\sources\dpvsVisibilityQuery_Resolve.cpp ..\sources\dpvsVisibilityQuery_Test.cpp ..\sources\dpvsVisibilityQuery_Traverse.cpp ..\sources\dpvsVQData.cpp ..\sources\dpvsWindows.cpp ..\sources\dpvsWrapper.cpp ..\sources\dpvsWrapperCreate.cpp ..\sources\dpvsWriteQueue.cpp ..\sources\dpvsX86.cpp
         dpvsAABB.cpp
         dpvsArray.cpp
         dpvsBitMath.cpp
         dpvsBlockBuffer.cpp
         dpvsBounds.cpp
         dpvsClipPolygon.cpp
         dpvsDatabase.cpp
     1>C:\ci-dpvs-review\hardened\source\src\external\3rd\library\dpvs\implementation\include\dpvsTempArray.hpp(72): warning C4291: 'void *operator new(size_t,void *)' : no matching operator delete found; memory will not be freed if initialization throws an exception [C:\ci-dpvs-review\hardened\source\src\external\3rd\library\dpvs\implementation\msvc8\dpvs.vcxproj]
                 c:\ci-dpvs-review\hardened\source\src\external\3rd\library\dpvs\implementation\include\dpvsNew.hpp(35) : see declaration of 'operator new'
                 C:\ci-dpvs-review\hardened\source\src\external\3rd\library\dpvs\implementation\include\dpvsTempArray.hpp(60) : while compiling class template member function 'DPVS::TempArray<DPVS::AABB,false>::TempArray(int)'
                 ..\sources\dpvsDatabase.cpp(2187) : see reference to function template instantiation 'DPVS::TempArray<DPVS::AABB,false>::TempArray(int)' being compiled
                 ..\sources\dpvsDatabase.cpp(2187) : see reference to class template instantiation 'DPVS::TempArray<DPVS::AABB,false>' being compiled
     1>c:\ci-dpvs-review\hardened\source\src\external\3rd\library\dpvs\implementation\include\dpvsNew.hpp(181): warning C4291: 'void *operator new(size_t,void *)' : no matching operator delete found; memory will not be freed if initialization throws an exception [C:\ci-dpvs-review\hardened\source\src\external\3rd\library\dpvs\implementation\msvc8\dpvs.vcxproj]
                 c:\ci-dpvs-review\hardened\source\src\external\3rd\library\dpvs\implementation\include\dpvsNew.hpp(35) : see declaration of 'operator new'
                 ..\sources\dpvsDatabase.cpp(1030) : see reference to function template instantiation 'T *DPVS::NEW<DPVS::Node>(void)' being compiled
                 with
                 [
                     T=DPVS::Node
                 ]
                 c:\ci-dpvs-review\hardened\source\src\external\3rd\library\dpvs\implementation\include\dpvsNew.hpp(35) : see declaration of 'operator new'
                 c:\ci-dpvs-review\hardened\source\src\external\3rd\library\dpvs\implementation\include\dpvsNew.hpp(35) : see declaration of 'operator new'
                 c:\ci-dpvs-review\hardened\source\src\external\3rd\library\dpvs\implementation\include\dpvsNew.hpp(35) : see declaration of 'operator new'
     1>c:\ci-dpvs-review\hardened\source\src\external\3rd\library\dpvs\implementation\include\dpvsNew.hpp(193): warning C4291: 'void *operator new(size_t,void *)' : no matching operator delete found; memory will not be freed if initialization throws an exception [C:\ci-dpvs-review\hardened\source\src\external\3rd\library\dpvs\implementation\msvc8\dpvs.vcxproj]
                 c:\ci-dpvs-review\hardened\source\src\external\3rd\library\dpvs\implementation\include\dpvsNew.hpp(35) : see declaration of 'operator new'
                 c:\ci-dpvs-review\hardened\source\src\external\3rd\library\dpvs\implementation\include\dpvsArray.hpp(78) : see reference to function template instantiation 'T *DPVS::NEW_ARRAY<T>(int)' being compiled
                 with
                 [
                     T=DPVS::TraversalElement
                 ]
                 c:\ci-dpvs-review\hardened\source\src\external\3rd\library\dpvs\implementation\include\dpvsArray.hpp(70) : while compiling class template member function 'void DPVS::Array<Item>::resize(int)'
                 with
                 [
                     Item=DPVS::TraversalElement
                 ]
                 C:\ci-dpvs-review\hardened\source\src\external\3rd\library\dpvs\implementation\include\dpvsPriorityQueue.hpp(56) : see reference to function template instantiation 'void DPVS::Array<Item>::resize(int)' being compiled
                 with
                 [
                     Item=DPVS::TraversalElement
                 ]
                 C:\ci-dpvs-review\hardened\source\src\external\3rd\library\dpvs\implementation\include\dpvsPriorityQueue.hpp(68) : see reference to class template instantiation 'DPVS::Array<Item>' being compiled
                 with
                 [
                     Item=DPVS::TraversalElement
                 ]
                 ..\sources\dpvsDatabase.cpp(397) : see reference to class template instantiation 'DPVS::PQueue<DPVS::TraversalElement>' being compiled
         dpvsDataPasser.cpp
         dpvsDebug.cpp
     1>c:\ci-dpvs-review\hardened\source\src\external\3rd\library\dpvs\implementation\include\dpvsNew.hpp(181): warning C4291: 'void *operator new(size_t,void *)' : no matching operator delete found; memory will not be freed if initialization throws an exception [C:\ci-dpvs-review\hardened\source\src\external\3rd\library\dpvs\implementation\msvc8\dpvs.vcxproj]
                 c:\ci-dpvs-review\hardened\source\src\external\3rd\library\dpvs\implementation\include\dpvsNew.hpp(35) : see declaration of 'operator new'
                 ..\sources\dpvsDebug.cpp(79) : see reference to function template instantiation 'T *DPVS::NEW<DPVS::Surface>(void)' being compiled
                 with
                 [
                     T=DPVS::Surface
                 ]
         dpvsGameCube.cpp
         dpvsHZBuffer.cpp
     1>..\sources\dpvsHZBuffer.cpp(1163): warning C4291: 'void *operator new(size_t,void *)' : no matching operator delete found; memory will not be freed if initialization throws an exception [C:\ci-dpvs-review\hardened\source\src\external\3rd\library\dpvs\implementation\msvc8\dpvs.vcxproj]
                 c:\ci-dpvs-review\hardened\source\src\external\3rd\library\dpvs\implementation\include\dpvsNew.hpp(35) : see declaration of 'operator new'
         dpvsImpCamera.cpp
     1>c:\ci-dpvs-review\hardened\source\src\external\3rd\library\dpvs\implementation\include\dpvsNew.hpp(181): warning C4291: 'void *operator new(size_t,void *)' : no matching operator delete found; memory will not be freed if initialization throws an exception [C:\ci-dpvs-review\hardened\source\src\external\3rd\library\dpvs\implementation\msvc8\dpvs.vcxproj]
                 c:\ci-dpvs-review\hardened\source\src\external\3rd\library\dpvs\implementation\include\dpvsNew.hpp(35) : see declaration of 'operator new'
                 ..\sources\dpvsImpCamera.cpp(90) : see reference to function template instantiation 'T *DPVS::NEW<DPVS::VisibilityQuery>(void)' being compiled
                 with
                 [
                     T=DPVS::VisibilityQuery
                 ]
         dpvsImpCell.cpp
     1>c:\ci-dpvs-review\hardened\source\src\external\3rd\library\dpvs\implementation\include\dpvsNew.hpp(181): warning C4291: 'void *operator new(size_t,void *)' : no matching operator delete found; memory will not be freed if initialization throws an exception [C:\ci-dpvs-review\hardened\source\src\external\3rd\library\dpvs\implementation\msvc8\dpvs.vcxproj]
                 c:\ci-dpvs-review\hardened\source\src\external\3rd\library\dpvs\implementation\include\dpvsNew.hpp(35) : see declaration of 'operator new'
                 ..\sources\dpvsImpCell.cpp(56) : see reference to function template instantiation 'T *DPVS::NEW<DPVS::IDatabase>(void)' being compiled
                 with
                 [
                     T=DPVS::IDatabase
                 ]
         dpvsImpCommander.cpp
         dpvsImpMeshModel.cpp
     1>C:\ci-dpvs-review\hardened\source\src\external\3rd\library\dpvs\implementation\include\dpvsTempArray.hpp(72): warning C4291: 'void *operator new(size_t,void *)' : no matching operator delete found; memory will not be freed if initialization throws an exception [C:\ci-dpvs-review\hardened\source\src\external\3rd\library\dpvs\implementation\msvc8\dpvs.vcxproj]
                 c:\ci-dpvs-review\hardened\source\src\external\3rd\library\dpvs\implementation\include\dpvsNew.hpp(35) : see declaration of 'operator new'
                 C:\ci-dpvs-review\hardened\source\src\external\3rd\library\dpvs\implementation\include\dpvsTempArray.hpp(60) : while compiling class template member function 'DPVS::TempArray<DPVS::Vector3i,false>::TempArray(int)'
                 ..\sources\dpvsImpMeshModel.cpp(395) : see reference to function template instantiation 'DPVS::TempArray<DPVS::Vector3i,false>::TempArray(int)' being compiled
                 ..\sources\dpvsImpMeshModel.cpp(395) : see reference to class template instantiation 'DPVS::TempArray<DPVS::Vector3i,false>' being compiled
                 c:\ci-dpvs-review\hardened\source\src\external\3rd\library\dpvs\implementation\include\dpvsNew.hpp(35) : see declaration of 'operator new'
                 c:\ci-dpvs-review\hardened\source\src\external\3rd\library\dpvs\implementation\include\dpvsNew.hpp(35) : see declaration of 'operator new'
         dpvsImpMiscModel.cpp
         dpvsImpModel.cpp
         dpvsImpObject.cpp
     1>c:\ci-dpvs-review\hardened\source\src\external\3rd\library\dpvs\implementation\include\dpvsNew.hpp(181): warning C4291: 'void *operator new(size_t,void *)' : no matching operator delete found; memory will not be freed if initialization throws an exception [C:\ci-dpvs-review\hardened\source\src\external\3rd\library\dpvs\implementation\msvc8\dpvs.vcxproj]
                 c:\ci-dpvs-review\hardened\source\src\external\3rd\library\dpvs\implementation\include\dpvsNew.hpp(35) : see declaration of 'operator new'
                 ..\sources\dpvsImpObject.cpp(1642) : see reference to function template instantiation 'T *DPVS::NEW<DPVS::ImpObject::Dynamic>(void)' being compiled
                 with
                 [
                     T=DPVS::ImpObject::Dynamic
                 ]
         dpvsImpPhysicalPortal.cpp
     1>c:\ci-dpvs-review\hardened\source\src\external\3rd\library\dpvs\implementation\include\dpvsNew.hpp(181): warning C4291: 'void *operator new(size_t,void *)' : no matching operator delete found; memory will not be freed if initialization throws an exception [C:\ci-dpvs-review\hardened\source\src\external\3rd\library\dpvs\implementation\msvc8\dpvs.vcxproj]
                 c:\ci-dpvs-review\hardened\source\src\external\3rd\library\dpvs\implementation\include\dpvsNew.hpp(35) : see declaration of 'operator new'
                 ..\sources\dpvsImpPhysicalPortal.cpp(82) : see reference to function template instantiation 'T *DPVS::NEW<DPVS::Set<DPVS::ImpVirtualPortal *>>(void)' being compiled
                 with
                 [
                     T=DPVS::Set<DPVS::ImpVirtualPortal *>
                 ]
         dpvsImpRegionOfInfluence.cpp
         Generating Code...
         Compiling...
         dpvsImpVirtualPortal.cpp
     1>c:\ci-dpvs-review\hardened\source\src\external\3rd\library\dpvs\implementation\include\dpvsNew.hpp(181): warning C4291: 'void *operator new(size_t,void *)' : no matching operator delete found; memory will not be freed if initialization throws an exception [C:\ci-dpvs-review\hardened\source\src\external\3rd\library\dpvs\implementation\msvc8\dpvs.vcxproj]
                 c:\ci-dpvs-review\hardened\source\src\external\3rd\library\dpvs\implementation\include\dpvsNew.hpp(35) : see declaration of 'operator new'
                 ..\sources\dpvsImpVirtualPortal.cpp(44) : see reference to function template instantiation 'T *DPVS::NEW<DPVS::Matrix4x3>(void)' being compiled
                 with
                 [
                     T=DPVS::Matrix4x3
                 ]
         dpvsInstanceCount.cpp
         dpvsIntersect.cpp
         dpvsLibraryServices.cpp
     1>..\sources\dpvsLibraryServices.cpp(80): warning C4996: 'sprintf': This function or variable may be unsafe. Consider using sprintf_s instead. To disable deprecation, use _CRT_SECURE_NO_WARNINGS. See online help for details. [C:\ci-dpvs-review\hardened\source\src\external\3rd\library\dpvs\implementation\msvc8\dpvs.vcxproj]
                 C:\Program Files (x86)\Microsoft Visual Studio 12.0\VC\include\stdio.h(356) : see declaration of 'sprintf'
         dpvsMath.cpp
         dpvsMatrix.cpp
         dpvsMatrixConverter.cpp
         dpvsMemory.cpp
         dpvsMemoryPool.cpp
         dpvsMesh.cpp
     1>c:\ci-dpvs-review\hardened\source\src\external\3rd\library\dpvs\implementation\include\dpvsNew.hpp(193): warning C4291: 'void *operator new(size_t,void *)' : no matching operator delete found; memory will not be freed if initialization throws an exception [C:\ci-dpvs-review\hardened\source\src\external\3rd\library\dpvs\implementation\msvc8\dpvs.vcxproj]
                 c:\ci-dpvs-review\hardened\source\src\external\3rd\library\dpvs\implementation\include\dpvsNew.hpp(35) : see declaration of 'operator new'
                 ..\sources\dpvsMesh.cpp(126) : see reference to function template instantiation 'T *DPVS::NEW_ARRAY<DPVS::Vector3>(int)' being compiled
                 with
                 [
                     T=DPVS::Vector3
                 ]
         dpvsMT.cpp
         dpvsNameHash.cpp
     1>c:\ci-dpvs-review\hardened\source\src\external\3rd\library\dpvs\implementation\include\dpvsNew.hpp(181): warning C4291: 'void *operator new(size_t,void *)' : no matching operator delete found; memory will not be freed if initialization throws an exception [C:\ci-dpvs-review\hardened\source\src\external\3rd\library\dpvs\implementation\msvc8\dpvs.vcxproj]
                 c:\ci-dpvs-review\hardened\source\src\external\3rd\library\dpvs\implementation\include\dpvsNew.hpp(35) : see declaration of 'operator new'
                 ..\sources\dpvsNameHash.cpp(87) : see reference to function template instantiation 'T *DPVS::NEW<DPVS::Hash<const void *,char *>>(void)' being compiled
                 with
                 [
                     T=DPVS::Hash<const void *,char *>
                 ]
         dpvsOBB.cpp
     1>C:\ci-dpvs-review\hardened\source\src\external\3rd\library\dpvs\implementation\include\dpvsTempArray.hpp(72): warning C4291: 'void *operator new(size_t,void *)' : no matching operator delete found; memory will not be freed if initialization throws an exception [C:\ci-dpvs-review\hardened\source\src\external\3rd\library\dpvs\implementation\msvc8\dpvs.vcxproj]
                 c:\ci-dpvs-review\hardened\source\src\external\3rd\library\dpvs\implementation\include\dpvsNew.hpp(35) : see declaration of 'operator new'
                 C:\ci-dpvs-review\hardened\source\src\external\3rd\library\dpvs\implementation\include\dpvsTempArray.hpp(60) : while compiling class template member function 'DPVS::TempArray<DPVS::Vector3,false>::TempArray(int)'
                 ..\sources\dpvsOBB.cpp(173) : see reference to function template instantiation 'DPVS::TempArray<DPVS::Vector3,false>::TempArray(int)' being compiled
                 ..\sources\dpvsOBB.cpp(173) : see reference to class template instantiation 'DPVS::TempArray<DPVS::Vector3,false>' being compiled
         dpvsOcclusionBuffer.cpp
     1>..\sources\dpvsOcclusionBuffer.cpp(217): warning C4291: 'void *operator new(size_t,void *)' : no matching operator delete found; memory will not be freed if initialization throws an exception [C:\ci-dpvs-review\hardened\source\src\external\3rd\library\dpvs\implementation\msvc8\dpvs.vcxproj]
                 c:\ci-dpvs-review\hardened\source\src\external\3rd\library\dpvs\implementation\include\dpvsNew.hpp(35) : see declaration of 'operator new'
     1>..\sources\dpvsOcclusionBuffer.cpp(218): warning C4291: 'void *operator new(size_t,void *)' : no matching operator delete found; memory will not be freed if initialization throws an exception [C:\ci-dpvs-review\hardened\source\src\external\3rd\library\dpvs\implementation\msvc8\dpvs.vcxproj]
                 c:\ci-dpvs-review\hardened\source\src\external\3rd\library\dpvs\implementation\include\dpvsNew.hpp(35) : see declaration of 'operator new'
     1>c:\ci-dpvs-review\hardened\source\src\external\3rd\library\dpvs\implementation\include\dpvsNew.hpp(181): warning C4291: 'void *operator new(size_t,void *)' : no matching operator delete found; memory will not be freed if initialization throws an exception [C:\ci-dpvs-review\hardened\source\src\external\3rd\library\dpvs\implementation\msvc8\dpvs.vcxproj]
                 c:\ci-dpvs-review\hardened\source\src\external\3rd\library\dpvs\implementation\include\dpvsNew.hpp(35) : see declaration of 'operator new'
                 ..\sources\dpvsOcclusionBuffer.cpp(210) : see reference to function template instantiation 'T *DPVS::NEW<DPVS::OcclusionBuffer::Cache>(void)' being compiled
                 with
                 [
                     T=DPVS::OcclusionBuffer::Cache
                 ]
                 c:\ci-dpvs-review\hardened\source\src\external\3rd\library\dpvs\implementation\include\dpvsNew.hpp(35) : see declaration of 'operator new'
     1>c:\ci-dpvs-review\hardened\source\src\external\3rd\library\dpvs\implementation\include\dpvsNew.hpp(193): warning C4291: 'void *operator new(size_t,void *)' : no matching operator delete found; memory will not be freed if initialization throws an exception [C:\ci-dpvs-review\hardened\source\src\external\3rd\library\dpvs\implementation\msvc8\dpvs.vcxproj]
                 c:\ci-dpvs-review\hardened\source\src\external\3rd\library\dpvs\implementation\include\dpvsNew.hpp(35) : see declaration of 'operator new'
                 c:\ci-dpvs-review\hardened\source\src\external\3rd\library\dpvs\implementation\include\dpvsArray.hpp(78) : see reference to function template instantiation 'T *DPVS::NEW_ARRAY<T>(int)' being compiled
                 with
                 [
                     T=DPVS::OcclusionBuffer::EdgeManager::Entry
                 ]
                 c:\ci-dpvs-review\hardened\source\src\external\3rd\library\dpvs\implementation\include\dpvsArray.hpp(70) : while compiling class template member function 'void DPVS::Array<DPVS::OcclusionBuffer::EdgeManager::Entry>::resize(int)'
                 ..\sources\dpvsOcclusionBuffer.cpp(303) : see reference to function template instantiation 'void DPVS::Array<DPVS::OcclusionBuffer::EdgeManager::Entry>::resize(int)' being compiled
                 C:\ci-dpvs-review\hardened\source\src\external\3rd\library\dpvs\implementation\include\dpvsOcclusionBuffer.hpp(246) : see reference to class template instantiation 'DPVS::Array<DPVS::OcclusionBuffer::EdgeManager::Entry>' being compiled
                 c:\ci-dpvs-review\hardened\source\src\external\3rd\library\dpvs\implementation\include\dpvsNew.hpp(35) : see declaration of 'operator new'
                 c:\ci-dpvs-review\hardened\source\src\external\3rd\library\dpvs\implementation\include\dpvsNew.hpp(35) : see declaration of 'operator new'
         dpvsOcclusionBuffer_Buffer.cpp
     1>c:\ci-dpvs-review\hardened\source\src\external\3rd\library\dpvs\implementation\include\dpvsNew.hpp(193): warning C4291: 'void *operator new(size_t,void *)' : no matching operator delete found; memory will not be freed if initialization throws an exception [C:\ci-dpvs-review\hardened\source\src\external\3rd\library\dpvs\implementation\msvc8\dpvs.vcxproj]
                 c:\ci-dpvs-review\hardened\source\src\external\3rd\library\dpvs\implementation\include\dpvsNew.hpp(35) : see declaration of 'operator new'
                 ..\sources\dpvsOcclusionBuffer_Buffer.cpp(158) : see reference to function template instantiation 'T *DPVS::NEW_ARRAY<DPVS::QWORD>(int)' being compiled
                 with
                 [
                     T=DPVS::QWORD
                 ]
     1>c:\ci-dpvs-review\hardened\source\src\external\3rd\library\dpvs\implementation\include\dpvsNew.hpp(181): warning C4291: 'void *operator new(size_t,void *)' : no matching operator delete found; memory will not be freed if initialization throws an exception [C:\ci-dpvs-review\hardened\source\src\external\3rd\library\dpvs\implementation\msvc8\dpvs.vcxproj]
                 c:\ci-dpvs-review\hardened\source\src\external\3rd\library\dpvs\implementation\include\dpvsNew.hpp(35) : see declaration of 'operator new'
                 ..\sources\dpvsOcclusionBuffer_Buffer.cpp(733) : see reference to function template instantiation 'T *DPVS::NEW<DPVS::Surface>(void)' being compiled
                 with
                 [
                     T=DPVS::Surface
                 ]
         dpvsOcclusionBuffer_CacheFiller.cpp
         dpvsOcclusionBuffer_Edges.cpp
     1>c:\ci-dpvs-review\hardened\source\src\external\3rd\library\dpvs\implementation\include\dpvsNew.hpp(193): warning C4291: 'void *operator new(size_t,void *)' : no matching operator delete found; memory will not be freed if initialization throws an exception [C:\ci-dpvs-review\hardened\source\src\external\3rd\library\dpvs\implementation\msvc8\dpvs.vcxproj]
                 c:\ci-dpvs-review\hardened\source\src\external\3rd\library\dpvs\implementation\include\dpvsNew.hpp(35) : see declaration of 'operator new'
                 c:\ci-dpvs-review\hardened\source\src\external\3rd\library\dpvs\implementation\include\dpvsArray.hpp(243) : see reference to function template instantiation 'T *DPVS::NEW_ARRAY<T>(int)' being compiled
                 with
                 [
                     T=DPVS::OcclusionBuffer::Edge
                 ]
                 c:\ci-dpvs-review\hardened\source\src\external\3rd\library\dpvs\implementation\include\dpvsArray.hpp(237) : while compiling class template member function 'void DPVS::DynamicArray<DPVS::OcclusionBuffer::Edge>::resize(size_t)'
                 c:\ci-dpvs-review\hardened\source\src\external\3rd\library\dpvs\implementation\include\dpvsArray.hpp(268) : see reference to function template instantiation 'void DPVS::DynamicArray<DPVS::OcclusionBuffer::Edge>::resize(size_t)' being compiled
                 c:\ci-dpvs-review\hardened\source\src\external\3rd\library\dpvs\implementation\include\dpvsArray.hpp(203) : while compiling class template member function 'DPVS::OcclusionBuffer::Edge &DPVS::DynamicArray<DPVS::OcclusionBuffer::Edge>::operator [](size_t) const'
                 ..\sources\dpvsOcclusionBuffer_Edges.cpp(636) : see reference to function template instantiation 'DPVS::OcclusionBuffer::Edge &DPVS::DynamicArray<DPVS::OcclusionBuffer::Edge>::operator [](size_t) const' being compiled
                 C:\ci-dpvs-review\hardened\source\src\external\3rd\library\dpvs\implementation\include\dpvsOcclusionBuffer.hpp(340) : see reference to class template instantiation 'DPVS::DynamicArray<DPVS::OcclusionBuffer::Edge>' being compiled
         dpvsOcclusionBuffer_Render.cpp
         dpvsOcclusionBuffer_Stencil.cpp
         dpvsOcclusionBuffer_Test.cpp
         Generating Code...
         Compiling...
         dpvsOcclusionBuffer_ZGradient.cpp
     1>..\sources\dpvsOcclusionBuffer_ZGradient.cpp(453): warning C4918: 'p' : invalid character in pragma optimization list [C:\ci-dpvs-review\hardened\source\src\external\3rd\library\dpvs\implementation\msvc8\dpvs.vcxproj]
         dpvsOcclusionBuffer_ZGradientPS2.cpp
         dpvsPPCTest.cpp
         dpvsPS2Test.cpp
         dpvsRandom.cpp
         dpvsRectangle.cpp
         dpvsRecursionSolver.cpp
     1>c:\ci-dpvs-review\hardened\source\src\external\3rd\library\dpvs\implementation\include\dpvsNew.hpp(181): warning C4291: 'void *operator new(size_t,void *)' : no matching operator delete found; memory will not be freed if initialization throws an exception [C:\ci-dpvs-review\hardened\source\src\external\3rd\library\dpvs\implementation\msvc8\dpvs.vcxproj]
                 c:\ci-dpvs-review\hardened\source\src\external\3rd\library\dpvs\implementation\include\dpvsNew.hpp(35) : see declaration of 'operator new'
                 ..\sources\dpvsRecursionSolver.cpp(76) : see reference to function template instantiation 'T *DPVS::NEW<DPVS::Hash<DPVS::RecursionSolver::Transition,int>>(void)' being compiled
                 with
                 [
                     T=DPVS::Hash<DPVS::RecursionSolver::Transition,int>
                 ]
     1>c:\ci-dpvs-review\hardened\source\src\external\3rd\library\dpvs\implementation\include\dpvsNew.hpp(193): warning C4291: 'void *operator new(size_t,void *)' : no matching operator delete found; memory will not be freed if initialization throws an exception [C:\ci-dpvs-review\hardened\source\src\external\3rd\library\dpvs\implementation\msvc8\dpvs.vcxproj]
                 c:\ci-dpvs-review\hardened\source\src\external\3rd\library\dpvs\implementation\include\dpvsNew.hpp(35) : see declaration of 'operator new'
                 c:\ci-dpvs-review\hardened\source\src\external\3rd\library\dpvs\implementation\include\dpvsArray.hpp(243) : see reference to function template instantiation 'T *DPVS::NEW_ARRAY<T>(int)' being compiled
                 with
                 [
                     T=DPVS::RecursionSolver::Transition
                 ]
                 c:\ci-dpvs-review\hardened\source\src\external\3rd\library\dpvs\implementation\include\dpvsArray.hpp(237) : while compiling class template member function 'void DPVS::DynamicArray<DPVS::RecursionSolver::Transition>::resize(size_t)'
                 c:\ci-dpvs-review\hardened\source\src\external\3rd\library\dpvs\implementation\include\dpvsArray.hpp(268) : see reference to function template instantiation 'void DPVS::DynamicArray<DPVS::RecursionSolver::Transition>::resize(size_t)' being compiled
                 c:\ci-dpvs-review\hardened\source\src\external\3rd\library\dpvs\implementation\include\dpvsArray.hpp(209) : while compiling class template member function 'DPVS::DynamicArray<DPVS::RecursionSolver::Transition>::DynamicArray(void)'
                 ..\sources\dpvsRecursionSolver.cpp(80) : see reference to function template instantiation 'DPVS::DynamicArray<DPVS::RecursionSolver::Transition>::DynamicArray(void)' being compiled
                 C:\ci-dpvs-review\hardened\source\src\external\3rd\library\dpvs\implementation\include\dpvsRecursionSolver.hpp(116) : see reference to class template instantiation 'DPVS::DynamicArray<DPVS::RecursionSolver::Transition>' being compiled
                 c:\ci-dpvs-review\hardened\source\src\external\3rd\library\dpvs\implementation\include\dpvsNew.hpp(35) : see declaration of 'operator new'
         dpvsRemoteDebugger.cpp
         dpvsScratchpad.cpp
         dpvsSilhouette.cpp
     1>c:\ci-dpvs-review\hardened\source\src\external\3rd\library\dpvs\implementation\include\dpvsNew.hpp(193): warning C4291: 'void *operator new(size_t,void *)' : no matching operator delete found; memory will not be freed if initialization throws an exception [C:\ci-dpvs-review\hardened\source\src\external\3rd\library\dpvs\implementation\msvc8\dpvs.vcxproj]
                 c:\ci-dpvs-review\hardened\source\src\external\3rd\library\dpvs\implementation\include\dpvsNew.hpp(35) : see declaration of 'operator new'
                 c:\ci-dpvs-review\hardened\source\src\external\3rd\library\dpvs\implementation\include\dpvsArray.hpp(99) : see reference to function template instantiation 'T *DPVS::NEW_ARRAY<T>(int)' being compiled
                 with
                 [
                     T=DPVS::Vector2
                 ]
                 c:\ci-dpvs-review\hardened\source\src\external\3rd\library\dpvs\implementation\include\dpvsArray.hpp(92) : while compiling class template member function 'void DPVS::Array<DPVS::Vector2>::reset(int)'
                 ..\sources\dpvsSilhouette.cpp(188) : see reference to function template instantiation 'void DPVS::Array<DPVS::Vector2>::reset(int)' being compiled
                 C:\ci-dpvs-review\hardened\source\src\external\3rd\library\dpvs\implementation\include\dpvsSilhouette.hpp(85) : see reference to class template instantiation 'DPVS::Array<DPVS::Vector2>' being compiled
                 c:\ci-dpvs-review\hardened\source\src\external\3rd\library\dpvs\implementation\include\dpvsNew.hpp(35) : see declaration of 'operator new'
         dpvsSilhouetteCache.cpp
     1>c:\ci-dpvs-review\hardened\source\src\external\3rd\library\dpvs\implementation\include\dpvsNew.hpp(181): warning C4291: 'void *operator new(size_t,void *)' : no matching operator delete found; memory will not be freed if initialization throws an exception [C:\ci-dpvs-review\hardened\source\src\external\3rd\library\dpvs\implementation\msvc8\dpvs.vcxproj]
                 c:\ci-dpvs-review\hardened\source\src\external\3rd\library\dpvs\implementation\include\dpvsNew.hpp(35) : see declaration of 'operator new'
                 ..\sources\dpvsSilhouetteCache.cpp(354) : see reference to function template instantiation 'T *DPVS::NEW<DPVS::SilhouetteCache::Node>(void)' being compiled
                 with
                 [
                     T=DPVS::SilhouetteCache::Node
                 ]
     1>c:\ci-dpvs-review\hardened\source\src\external\3rd\library\dpvs\implementation\include\dpvsNew.hpp(193): warning C4291: 'void *operator new(size_t,void *)' : no matching operator delete found; memory will not be freed if initialization throws an exception [C:\ci-dpvs-review\hardened\source\src\external\3rd\library\dpvs\implementation\msvc8\dpvs.vcxproj]
                 c:\ci-dpvs-review\hardened\source\src\external\3rd\library\dpvs\implementation\include\dpvsNew.hpp(35) : see declaration of 'operator new'
                 c:\ci-dpvs-review\hardened\source\src\external\3rd\library\dpvs\implementation\include\dpvsArray.hpp(99) : see reference to function template instantiation 'T *DPVS::NEW_ARRAY<T>(int)' being compiled
                 with
                 [
                     T=DPVS::SilhouetteCache::CachedVertex
                 ]
                 c:\ci-dpvs-review\hardened\source\src\external\3rd\library\dpvs\implementation\include\dpvsArray.hpp(92) : while compiling class template member function 'void DPVS::Array<DPVS::SilhouetteCache::CachedVertex>::reset(int)'
                 ..\sources\dpvsSilhouetteCache.cpp(571) : see reference to function template instantiation 'void DPVS::Array<DPVS::SilhouetteCache::CachedVertex>::reset(int)' being compiled
                 C:\ci-dpvs-review\hardened\source\src\external\3rd\library\dpvs\implementation\include\dpvsSilhouetteCache.hpp(232) : see reference to class template instantiation 'DPVS::Array<DPVS::SilhouetteCache::CachedVertex>' being compiled
         dpvsSilhouetteCacheCommon.cpp
     1>C:\ci-dpvs-review\hardened\source\src\external\3rd\library\dpvs\implementation\include\dpvsTempArray.hpp(72): warning C4291: 'void *operator new(size_t,void *)' : no matching operator delete found; memory will not be freed if initialization throws an exception [C:\ci-dpvs-review\hardened\source\src\external\3rd\library\dpvs\implementation\msvc8\dpvs.vcxproj]
                 c:\ci-dpvs-review\hardened\source\src\external\3rd\library\dpvs\implementation\include\dpvsNew.hpp(35) : see declaration of 'operator new'
                 C:\ci-dpvs-review\hardened\source\src\external\3rd\library\dpvs\implementation\include\dpvsTempArray.hpp(60) : while compiling class template member function 'DPVS::TempArray<DPVS::Vector4,false>::TempArray(int)'
                 ..\sources\dpvsSilhouetteCacheCommon.cpp(310) : see reference to function template instantiation 'DPVS::TempArray<DPVS::Vector4,false>::TempArray(int)' being compiled
                 ..\sources\dpvsSilhouetteCacheCommon.cpp(310) : see reference to class template instantiation 'DPVS::TempArray<DPVS::Vector4,false>' being compiled
                 c:\ci-dpvs-review\hardened\source\src\external\3rd\library\dpvs\implementation\include\dpvsNew.hpp(35) : see declaration of 'operator new'
                 c:\ci-dpvs-review\hardened\source\src\external\3rd\library\dpvs\implementation\include\dpvsNew.hpp(35) : see declaration of 'operator new'
     1>c:\ci-dpvs-review\hardened\source\src\external\3rd\library\dpvs\implementation\include\dpvsNew.hpp(181): warning C4291: 'void *operator new(size_t,void *)' : no matching operator delete found; memory will not be freed if initialization throws an exception [C:\ci-dpvs-review\hardened\source\src\external\3rd\library\dpvs\implementation\msvc8\dpvs.vcxproj]
                 c:\ci-dpvs-review\hardened\source\src\external\3rd\library\dpvs\implementation\include\dpvsNew.hpp(35) : see declaration of 'operator new'
                 ..\sources\dpvsSilhouetteCacheCommon.cpp(96) : see reference to function template instantiation 'T *DPVS::NEW<DPVS::SilhouetteCache>(void)' being compiled
                 with
                 [
                     T=DPVS::SilhouetteCache
                 ]
                 c:\ci-dpvs-review\hardened\source\src\external\3rd\library\dpvs\implementation\include\dpvsNew.hpp(35) : see declaration of 'operator new'
                 c:\ci-dpvs-review\hardened\source\src\external\3rd\library\dpvs\implementation\include\dpvsNew.hpp(35) : see declaration of 'operator new'
     1>c:\ci-dpvs-review\hardened\source\src\external\3rd\library\dpvs\implementation\include\dpvsNew.hpp(193): warning C4291: 'void *operator new(size_t,void *)' : no matching operator delete found; memory will not be freed if initialization throws an exception [C:\ci-dpvs-review\hardened\source\src\external\3rd\library\dpvs\implementation\msvc8\dpvs.vcxproj]
                 c:\ci-dpvs-review\hardened\source\src\external\3rd\library\dpvs\implementation\include\dpvsNew.hpp(35) : see declaration of 'operator new'
                 c:\ci-dpvs-review\hardened\source\src\external\3rd\library\dpvs\implementation\include\dpvsArray.hpp(99) : see reference to function template instantiation 'T *DPVS::NEW_ARRAY<T>(int)' being compiled
                 with
                 [
                     T=DPVS::SilhouetteCache::CachedVertex
                 ]
                 c:\ci-dpvs-review\hardened\source\src\external\3rd\library\dpvs\implementation\include\dpvsArray.hpp(92) : while compiling class template member function 'void DPVS::Array<DPVS::SilhouetteCache::CachedVertex>::reset(int)'
                 ..\sources\dpvsSilhouetteCacheCommon.cpp(1078) : see reference to function template instantiation 'void DPVS::Array<DPVS::SilhouetteCache::CachedVertex>::reset(int)' being compiled
                 C:\ci-dpvs-review\hardened\source\src\external\3rd\library\dpvs\implementation\include\dpvsSilhouetteCache.hpp(232) : see reference to class template instantiation 'DPVS::Array<DPVS::SilhouetteCache::CachedVertex>' being compiled
                 c:\ci-dpvs-review\hardened\source\src\external\3rd\library\dpvs\implementation\include\dpvsNew.hpp(35) : see declaration of 'operator new'
         dpvsSilhouetteMath.cpp
         dpvsStatistics.cpp
         dpvsSurface.cpp
         dpvsSweepAndPrune.cpp
     1>C:\ci-dpvs-review\hardened\source\src\external\3rd\library\dpvs\implementation\include\dpvsTempArray.hpp(72): warning C4291: 'void *operator new(size_t,void *)' : no matching operator delete found; memory will not be freed if initialization throws an exception [C:\ci-dpvs-review\hardened\source\src\external\3rd\library\dpvs\implementation\msvc8\dpvs.vcxproj]
                 c:\ci-dpvs-review\hardened\source\src\external\3rd\library\dpvs\implementation\include\dpvsNew.hpp(35) : see declaration of 'operator new'
                 C:\ci-dpvs-review\hardened\source\src\external\3rd\library\dpvs\implementation\include\dpvsTempArray.hpp(60) : while compiling class template member function 'DPVS::TempArray<DPVS::ImpSweepAndPrune::ROIData,false>::TempArray(int)'
                 ..\sources\dpvsSweepAndPrune.cpp(687) : see reference to function template instantiation 'DPVS::TempArray<DPVS::ImpSweepAndPrune::ROIData,false>::TempArray(int)' being compiled
                 ..\sources\dpvsSweepAndPrune.cpp(687) : see reference to class template instantiation 'DPVS::TempArray<DPVS::ImpSweepAndPrune::ROIData,false>' being compiled
     1>c:\ci-dpvs-review\hardened\source\src\external\3rd\library\dpvs\implementation\include\dpvsNew.hpp(181): warning C4291: 'void *operator new(size_t,void *)' : no matching operator delete found; memory will not be freed if initialization throws an exception [C:\ci-dpvs-review\hardened\source\src\external\3rd\library\dpvs\implementation\msvc8\dpvs.vcxproj]
                 c:\ci-dpvs-review\hardened\source\src\external\3rd\library\dpvs\implementation\include\dpvsNew.hpp(35) : see declaration of 'operator new'
                 ..\sources\dpvsSweepAndPrune.cpp(1050) : see reference to function template instantiation 'T *DPVS::NEW<DPVS::ImpSweepAndPrune>(void)' being compiled
                 with
                 [
                     T=DPVS::ImpSweepAndPrune
                 ]
         dpvsSystem.cpp
         dpvsTempAllocator.cpp
         dpvsTempArray.cpp
         dpvsUtility.cpp
     1>C:\ci-dpvs-review\hardened\source\src\external\3rd\library\dpvs\implementation\include\dpvsTempArray.hpp(72): warning C4291: 'void *operator new(size_t,void *)' : no matching operator delete found; memory will not be freed if initialization throws an exception [C:\ci-dpvs-review\hardened\source\src\external\3rd\library\dpvs\implementation\msvc8\dpvs.vcxproj]
                 c:\ci-dpvs-review\hardened\source\src\external\3rd\library\dpvs\implementation\include\dpvsNew.hpp(35) : see declaration of 'operator new'
                 C:\ci-dpvs-review\hardened\source\src\external\3rd\library\dpvs\implementation\include\dpvsTempArray.hpp(60) : while compiling class template member function 'DPVS::TempArray<DPVS::Vector3i,true>::TempArray(int)'
                 ..\sources\dpvsUtility.cpp(1383) : see reference to function template instantiation 'DPVS::TempArray<DPVS::Vector3i,true>::TempArray(int)' being compiled
                 ..\sources\dpvsUtility.cpp(1383) : see reference to class template instantiation 'DPVS::TempArray<DPVS::Vector3i,true>' being compiled
     1>c:\ci-dpvs-review\hardened\source\src\external\3rd\library\dpvs\implementation\include\dpvsNew.hpp(181): warning C4291: 'void *operator new(size_t,void *)' : no matching operator delete found; memory will not be freed if initialization throws an exception [C:\ci-dpvs-review\hardened\source\src\external\3rd\library\dpvs\implementation\msvc8\dpvs.vcxproj]
                 c:\ci-dpvs-review\hardened\source\src\external\3rd\library\dpvs\implementation\include\dpvsNew.hpp(35) : see declaration of 'operator new'
                 ..\sources\dpvsUtility.cpp(510) : see reference to function template instantiation 'T *DPVS::NEW<ImpObjectSplitter::Object>(void)' being compiled
                 with
                 [
                     T=ImpObjectSplitter::Object
                 ]
     1>c:\ci-dpvs-review\hardened\source\src\external\3rd\library\dpvs\implementation\include\dpvsNew.hpp(193): warning C4291: 'void *operator new(size_t,void *)' : no matching operator delete found; memory will not be freed if initialization throws an exception [C:\ci-dpvs-review\hardened\source\src\external\3rd\library\dpvs\implementation\msvc8\dpvs.vcxproj]
                 c:\ci-dpvs-review\hardened\source\src\external\3rd\library\dpvs\implementation\include\dpvsNew.hpp(35) : see declaration of 'operator new'
                 c:\ci-dpvs-review\hardened\source\src\external\3rd\library\dpvs\implementation\include\dpvsArray.hpp(99) : see reference to function template instantiation 'T *DPVS::NEW_ARRAY<T>(int)' being compiled
                 with
                 [
                     T=ImpObjectSplitter::Vertex
                 ]
                 c:\ci-dpvs-review\hardened\source\src\external\3rd\library\dpvs\implementation\include\dpvsArray.hpp(92) : while compiling class template member function 'void DPVS::Array<ImpObjectSplitter::Vertex>::reset(int)'
                 ..\sources\dpvsUtility.cpp(1185) : see reference to function template instantiation 'void DPVS::Array<ImpObjectSplitter::Vertex>::reset(int)' being compiled
                 ..\sources\dpvsUtility.cpp(158) : see reference to class template instantiation 'DPVS::Array<ImpObjectSplitter::Vertex>' being compiled
                 c:\ci-dpvs-review\hardened\source\src\external\3rd\library\dpvs\implementation\include\dpvsNew.hpp(35) : see declaration of 'operator new'
                 c:\ci-dpvs-review\hardened\source\src\external\3rd\library\dpvs\implementation\include\dpvsNew.hpp(35) : see declaration of 'operator new'
         Generating Code...
         Compiling...
         dpvsVisibilityQuery.cpp
     1>..\sources\dpvsVisibilityQuery.cpp(838): warning C4291: 'void *operator new(size_t,void *)' : no matching operator delete found; memory will not be freed if initialization throws an exception [C:\ci-dpvs-review\hardened\source\src\external\3rd\library\dpvs\implementation\msvc8\dpvs.vcxproj]
                 c:\ci-dpvs-review\hardened\source\src\external\3rd\library\dpvs\implementation\include\dpvsNew.hpp(35) : see declaration of 'operator new'
     1>..\sources\dpvsVisibilityQuery.cpp(839): warning C4291: 'void *operator new(size_t,void *)' : no matching operator delete found; memory will not be freed if initialization throws an exception [C:\ci-dpvs-review\hardened\source\src\external\3rd\library\dpvs\implementation\msvc8\dpvs.vcxproj]
                 c:\ci-dpvs-review\hardened\source\src\external\3rd\library\dpvs\implementation\include\dpvsNew.hpp(35) : see declaration of 'operator new'
     1>c:\ci-dpvs-review\hardened\source\src\external\3rd\library\dpvs\implementation\include\dpvsNew.hpp(181): warning C4291: 'void *operator new(size_t,void *)' : no matching operator delete found; memory will not be freed if initialization throws an exception [C:\ci-dpvs-review\hardened\source\src\external\3rd\library\dpvs\implementation\msvc8\dpvs.vcxproj]
                 c:\ci-dpvs-review\hardened\source\src\external\3rd\library\dpvs\implementation\include\dpvsNew.hpp(35) : see declaration of 'operator new'
                 ..\sources\dpvsVisibilityQuery.cpp(105) : see reference to function template instantiation 'T *DPVS::NEW<DPVS::SweepAndPrune>(void)' being compiled
                 with
                 [
                     T=DPVS::SweepAndPrune
                 ]
                 c:\ci-dpvs-review\hardened\source\src\external\3rd\library\dpvs\implementation\include\dpvsNew.hpp(35) : see declaration of 'operator new'
         dpvsVisibilityQuery_Resolve.cpp
         dpvsVisibilityQuery_Test.cpp
     1>..\sources\dpvsVisibilityQuery_Test.cpp(361): warning C4291: 'void *operator new(size_t,void *)' : no matching operator delete found; memory will not be freed if initialization throws an exception [C:\ci-dpvs-review\hardened\source\src\external\3rd\library\dpvs\implementation\msvc8\dpvs.vcxproj]
                 c:\ci-dpvs-review\hardened\source\src\external\3rd\library\dpvs\implementation\include\dpvsNew.hpp(35) : see declaration of 'operator new'
         dpvsVisibilityQuery_Traverse.cpp
         dpvsVQData.cpp
         dpvsWindows.cpp
         dpvsWrapper.cpp
     1>..\sources\dpvsWrapper.cpp(1364): warning C4996: 'sprintf': This function or variable may be unsafe. Consider using sprintf_s instead. To disable deprecation, use _CRT_SECURE_NO_WARNINGS. See online help for details. [C:\ci-dpvs-review\hardened\source\src\external\3rd\library\dpvs\implementation\msvc8\dpvs.vcxproj]
                 C:\Program Files (x86)\Microsoft Visual Studio 12.0\VC\include\stdio.h(356) : see declaration of 'sprintf'
     1>..\sources\dpvsWrapper.cpp(2480): warning C4291: 'void *operator new(size_t,void *)' : no matching operator delete found; memory will not be freed if initialization throws an exception [C:\ci-dpvs-review\hardened\source\src\external\3rd\library\dpvs\implementation\msvc8\dpvs.vcxproj]
                 c:\ci-dpvs-review\hardened\source\src\external\3rd\library\dpvs\implementation\include\dpvsNew.hpp(35) : see declaration of 'operator new'
         dpvsWrapperCreate.cpp
     1>..\sources\dpvsWrapperCreate.cpp(411): warning C4291: 'void *operator new(size_t,void *)' : no matching operator delete found; memory will not be freed if initialization throws an exception [C:\ci-dpvs-review\hardened\source\src\external\3rd\library\dpvs\implementation\msvc8\dpvs.vcxproj]
                 c:\ci-dpvs-review\hardened\source\src\external\3rd\library\dpvs\implementation\include\dpvsNew.hpp(35) : see declaration of 'operator new'
     1>..\sources\dpvsWrapperCreate.cpp(428): warning C4291: 'void *operator new(size_t,void *)' : no matching operator delete found; memory will not be freed if initialization throws an exception [C:\ci-dpvs-review\hardened\source\src\external\3rd\library\dpvs\implementation\msvc8\dpvs.vcxproj]
                 c:\ci-dpvs-review\hardened\source\src\external\3rd\library\dpvs\implementation\include\dpvsNew.hpp(35) : see declaration of 'operator new'
     1>..\sources\dpvsWrapperCreate.cpp(429): warning C4291: 'void *operator new(size_t,void *)' : no matching operator delete found; memory will not be freed if initialization throws an exception [C:\ci-dpvs-review\hardened\source\src\external\3rd\library\dpvs\implementation\msvc8\dpvs.vcxproj]
                 c:\ci-dpvs-review\hardened\source\src\external\3rd\library\dpvs\implementation\include\dpvsNew.hpp(35) : see declaration of 'operator new'
     1>..\sources\dpvsWrapperCreate.cpp(514): warning C4291: 'void *operator new(size_t,void *)' : no matching operator delete found; memory will not be freed if initialization throws an exception [C:\ci-dpvs-review\hardened\source\src\external\3rd\library\dpvs\implementation\msvc8\dpvs.vcxproj]
                 c:\ci-dpvs-review\hardened\source\src\external\3rd\library\dpvs\implementation\include\dpvsNew.hpp(35) : see declaration of 'operator new'
     1>..\sources\dpvsWrapperCreate.cpp(515): warning C4291: 'void *operator new(size_t,void *)' : no matching operator delete found; memory will not be freed if initialization throws an exception [C:\ci-dpvs-review\hardened\source\src\external\3rd\library\dpvs\implementation\msvc8\dpvs.vcxproj]
                 c:\ci-dpvs-review\hardened\source\src\external\3rd\library\dpvs\implementation\include\dpvsNew.hpp(35) : see declaration of 'operator new'
     1>..\sources\dpvsWrapperCreate.cpp(542): warning C4291: 'void *operator new(size_t,void *)' : no matching operator delete found; memory will not be freed if initialization throws an exception [C:\ci-dpvs-review\hardened\source\src\external\3rd\library\dpvs\implementation\msvc8\dpvs.vcxproj]
                 c:\ci-dpvs-review\hardened\source\src\external\3rd\library\dpvs\implementation\include\dpvsNew.hpp(35) : see declaration of 'operator new'
     1>..\sources\dpvsWrapperCreate.cpp(543): warning C4291: 'void *operator new(size_t,void *)' : no matching operator delete found; memory will not be freed if initialization throws an exception [C:\ci-dpvs-review\hardened\source\src\external\3rd\library\dpvs\implementation\msvc8\dpvs.vcxproj]
                 c:\ci-dpvs-review\hardened\source\src\external\3rd\library\dpvs\implementation\include\dpvsNew.hpp(35) : see declaration of 'operator new'
     1>..\sources\dpvsWrapperCreate.cpp(569): warning C4291: 'void *operator new(size_t,void *)' : no matching operator delete found; memory will not be freed if initialization throws an exception [C:\ci-dpvs-review\hardened\source\src\external\3rd\library\dpvs\implementation\msvc8\dpvs.vcxproj]
                 c:\ci-dpvs-review\hardened\source\src\external\3rd\library\dpvs\implementation\include\dpvsNew.hpp(35) : see declaration of 'operator new'
     1>..\sources\dpvsWrapperCreate.cpp(570): warning C4291: 'void *operator new(size_t,void *)' : no matching operator delete found; memory will not be freed if initialization throws an exception [C:\ci-dpvs-review\hardened\source\src\external\3rd\library\dpvs\implementation\msvc8\dpvs.vcxproj]
                 c:\ci-dpvs-review\hardened\source\src\external\3rd\library\dpvs\implementation\include\dpvsNew.hpp(35) : see declaration of 'operator new'
     1>..\sources\dpvsWrapperCreate.cpp(600): warning C4291: 'void *operator new(size_t,void *)' : no matching operator delete found; memory will not be freed if initialization throws an exception [C:\ci-dpvs-review\hardened\source\src\external\3rd\library\dpvs\implementation\msvc8\dpvs.vcxproj]
                 c:\ci-dpvs-review\hardened\source\src\external\3rd\library\dpvs\implementation\include\dpvsNew.hpp(35) : see declaration of 'operator new'
     1>..\sources\dpvsWrapperCreate.cpp(601): warning C4291: 'void *operator new(size_t,void *)' : no matching operator delete found; memory will not be freed if initialization throws an exception [C:\ci-dpvs-review\hardened\source\src\external\3rd\library\dpvs\implementation\msvc8\dpvs.vcxproj]
                 c:\ci-dpvs-review\hardened\source\src\external\3rd\library\dpvs\implementation\include\dpvsNew.hpp(35) : see declaration of 'operator new'
     1>..\sources\dpvsWrapperCreate.cpp(626): warning C4291: 'void *operator new(size_t,void *)' : no matching operator delete found; memory will not be freed if initialization throws an exception [C:\ci-dpvs-review\hardened\source\src\external\3rd\library\dpvs\implementation\msvc8\dpvs.vcxproj]
                 c:\ci-dpvs-review\hardened\source\src\external\3rd\library\dpvs\implementation\include\dpvsNew.hpp(35) : see declaration of 'operator new'
     1>..\sources\dpvsWrapperCreate.cpp(627): warning C4291: 'void *operator new(size_t,void *)' : no matching operator delete found; memory will not be freed if initialization throws an exception [C:\ci-dpvs-review\hardened\source\src\external\3rd\library\dpvs\implementation\msvc8\dpvs.vcxproj]
                 c:\ci-dpvs-review\hardened\source\src\external\3rd\library\dpvs\implementation\include\dpvsNew.hpp(35) : see declaration of 'operator new'
     1>..\sources\dpvsWrapperCreate.cpp(652): warning C4291: 'void *operator new(size_t,void *)' : no matching operator delete found; memory will not be freed if initialization throws an exception [C:\ci-dpvs-review\hardened\source\src\external\3rd\library\dpvs\implementation\msvc8\dpvs.vcxproj]
                 c:\ci-dpvs-review\hardened\source\src\external\3rd\library\dpvs\implementation\include\dpvsNew.hpp(35) : see declaration of 'operator new'
     1>..\sources\dpvsWrapperCreate.cpp(653): warning C4291: 'void *operator new(size_t,void *)' : no matching operator delete found; memory will not be freed if initialization throws an exception [C:\ci-dpvs-review\hardened\source\src\external\3rd\library\dpvs\implementation\msvc8\dpvs.vcxproj]
                 c:\ci-dpvs-review\hardened\source\src\external\3rd\library\dpvs\implementation\include\dpvsNew.hpp(35) : see declaration of 'operator new'
     1>..\sources\dpvsWrapperCreate.cpp(697): warning C4291: 'void *operator new(size_t,void *)' : no matching operator delete found; memory will not be freed if initialization throws an exception [C:\ci-dpvs-review\hardened\source\src\external\3rd\library\dpvs\implementation\msvc8\dpvs.vcxproj]
                 c:\ci-dpvs-review\hardened\source\src\external\3rd\library\dpvs\implementation\include\dpvsNew.hpp(35) : see declaration of 'operator new'
     1>..\sources\dpvsWrapperCreate.cpp(698): warning C4291: 'void *operator new(size_t,void *)' : no matching operator delete found; memory will not be freed if initialization throws an exception [C:\ci-dpvs-review\hardened\source\src\external\3rd\library\dpvs\implementation\msvc8\dpvs.vcxproj]
                 c:\ci-dpvs-review\hardened\source\src\external\3rd\library\dpvs\implementation\include\dpvsNew.hpp(35) : see declaration of 'operator new'
     1>..\sources\dpvsWrapperCreate.cpp(741): warning C4291: 'void *operator new(size_t,void *)' : no matching operator delete found; memory will not be freed if initialization throws an exception [C:\ci-dpvs-review\hardened\source\src\external\3rd\library\dpvs\implementation\msvc8\dpvs.vcxproj]
                 c:\ci-dpvs-review\hardened\source\src\external\3rd\library\dpvs\implementation\include\dpvsNew.hpp(35) : see declaration of 'operator new'
     1>..\sources\dpvsWrapperCreate.cpp(742): warning C4291: 'void *operator new(size_t,void *)' : no matching operator delete found; memory will not be freed if initialization throws an exception [C:\ci-dpvs-review\hardened\source\src\external\3rd\library\dpvs\implementation\msvc8\dpvs.vcxproj]
                 c:\ci-dpvs-review\hardened\source\src\external\3rd\library\dpvs\implementation\include\dpvsNew.hpp(35) : see declaration of 'operator new'
     1>..\sources\dpvsWrapperCreate.cpp(767): warning C4291: 'void *operator new(size_t,void *)' : no matching operator delete found; memory will not be freed if initialization throws an exception [C:\ci-dpvs-review\hardened\source\src\external\3rd\library\dpvs\implementation\msvc8\dpvs.vcxproj]
                 c:\ci-dpvs-review\hardened\source\src\external\3rd\library\dpvs\implementation\include\dpvsNew.hpp(35) : see declaration of 'operator new'
     1>..\sources\dpvsWrapperCreate.cpp(768): warning C4291: 'void *operator new(size_t,void *)' : no matching operator delete found; memory will not be freed if initialization throws an exception [C:\ci-dpvs-review\hardened\source\src\external\3rd\library\dpvs\implementation\msvc8\dpvs.vcxproj]
                 c:\ci-dpvs-review\hardened\source\src\external\3rd\library\dpvs\implementation\include\dpvsNew.hpp(35) : see declaration of 'operator new'
     1>..\sources\dpvsWrapperCreate.cpp(795): warning C4291: 'void *operator new(size_t,void *)' : no matching operator delete found; memory will not be freed if initialization throws an exception [C:\ci-dpvs-review\hardened\source\src\external\3rd\library\dpvs\implementation\msvc8\dpvs.vcxproj]
                 c:\ci-dpvs-review\hardened\source\src\external\3rd\library\dpvs\implementation\include\dpvsNew.hpp(35) : see declaration of 'operator new'
     1>..\sources\dpvsWrapperCreate.cpp(796): warning C4291: 'void *operator new(size_t,void *)' : no matching operator delete found; memory will not be freed if initialization throws an exception [C:\ci-dpvs-review\hardened\source\src\external\3rd\library\dpvs\implementation\msvc8\dpvs.vcxproj]
                 c:\ci-dpvs-review\hardened\source\src\external\3rd\library\dpvs\implementation\include\dpvsNew.hpp(35) : see declaration of 'operator new'
     1>c:\ci-dpvs-review\hardened\source\src\external\3rd\library\dpvs\implementation\include\dpvsNew.hpp(181): warning C4291: 'void *operator new(size_t,void *)' : no matching operator delete found; memory will not be freed if initialization throws an exception [C:\ci-dpvs-review\hardened\source\src\external\3rd\library\dpvs\implementation\msvc8\dpvs.vcxproj]
                 c:\ci-dpvs-review\hardened\source\src\external\3rd\library\dpvs\implementation\include\dpvsNew.hpp(35) : see declaration of 'operator new'
                 ..\sources\dpvsWrapperCreate.cpp(410) : see reference to function template instantiation 'T *DPVS::NEW<DPVS::ImpCamera>(void)' being compiled
                 with
                 [
                     T=DPVS::ImpCamera
                 ]
         dpvsWriteQueue.cpp
     1>c:\ci-dpvs-review\hardened\source\src\external\3rd\library\dpvs\implementation\include\dpvsNew.hpp(193): warning C4291: 'void *operator new(size_t,void *)' : no matching operator delete found; memory will not be freed if initialization throws an exception [C:\ci-dpvs-review\hardened\source\src\external\3rd\library\dpvs\implementation\msvc8\dpvs.vcxproj]
                 c:\ci-dpvs-review\hardened\source\src\external\3rd\library\dpvs\implementation\include\dpvsNew.hpp(35) : see declaration of 'operator new'
                 ..\sources\dpvsWriteQueue.cpp(458) : see reference to function template instantiation 'T *DPVS::NEW_ARRAY<DPVS::WriteQueue::Bucket>(int)' being compiled
                 with
                 [
                     T=DPVS::WriteQueue::Bucket
                 ]
                 c:\ci-dpvs-review\hardened\source\src\external\3rd\library\dpvs\implementation\include\dpvsNew.hpp(35) : see declaration of 'operator new'
         dpvsX86.cpp
         Generating Code...
       ResourceCompile:
         C:\Program Files (x86)\Windows Kits\8.1\bin\x86\rc.exe /D NDEBUG /D _VC80_UPGRADE=0x0600 /l"0x0409" /I\work\swg\s1\src\external\3rd\library\dpvs\implementation\sources /nologo /fo".\..\..\..\..\..\..\compile\win32\dpvs\Release\dpvsVersion.res" ..\sources\dpvsVersion.rc 
       Link:
         C:\Program Files (x86)\Microsoft Visual Studio 12.0\VC\bin\link.exe /ERRORREPORT:QUEUE /OUT:".\..\..\..\..\..\..\compile\win32\dpvs\Release\dpvs.dll" /INCREMENTAL:NO /NOLOGO /LIBPATH:..\flexlm\release /LIBPATH:..\..\..\remotedebugger\library\ /LIBPATH:"..\..\..\hl\lib\win32-x86-msvc" odbc32.lib odbccp32.lib kernel32.lib user32.lib gdi32.lib winspool.lib comdlg32.lib advapi32.lib shell32.lib ole32.lib oleaut32.lib uuid.lib odbc32.lib odbccp32.lib /MANIFEST /MANIFESTUAC:"level='asInvoker' uiAccess='false'" /manifest:embed /DEBUG /PDB:".\..\..\..\..\..\..\compile\win32\dpvs\Release\dpvs.pdb" /MAP:".\..\..\..\..\..\..\compile\win32\dpvs\Release\dpvs.map" /SUBSYSTEM:WINDOWS /TLBID:1 /DYNAMICBASE:NO /NXCOMPAT /IMPLIB:".\..\..\..\..\..\..\compile\win32\dpvs\Release\dpvs.lib" /MACHINE:X86 /SAFESEH /DLL .\..\..\..\..\..\..\compile\win32\dpvs\Release\dpvsVersion.res
         .\release/dpvsAABB.obj
         .\release/dpvsArray.obj
         .\release/dpvsBitMath.obj
         .\release/dpvsBlockBuffer.obj
         .\release/dpvsBounds.obj
         .\release/dpvsClipPolygon.obj
         .\release/dpvsDatabase.obj
         .\release/dpvsDataPasser.obj
         .\release/dpvsDebug.obj
         .\release/dpvsGameCube.obj
         .\release/dpvsHZBuffer.obj
         .\release/dpvsImpCamera.obj
         .\release/dpvsImpCell.obj
         .\release/dpvsImpCommander.obj
         .\release/dpvsImpMeshModel.obj
         .\release/dpvsImpMiscModel.obj
         .\release/dpvsImpModel.obj
         .\release/dpvsImpObject.obj
         .\release/dpvsImpPhysicalPortal.obj
         .\release/dpvsImpRegionOfInfluence.obj
         .\release/dpvsImpVirtualPortal.obj
         .\release/dpvsInstanceCount.obj
         .\release/dpvsIntersect.obj
         .\release/dpvsLibraryServices.obj
         .\release/dpvsMath.obj
         .\release/dpvsMatrix.obj
         .\release/dpvsMatrixConverter.obj
         .\release/dpvsMemory.obj
         .\release/dpvsMemoryPool.obj
         .\release/dpvsMesh.obj
         .\release/dpvsMT.obj
         .\release/dpvsNameHash.obj
         .\release/dpvsOBB.obj
         .\release/dpvsOcclusionBuffer.obj
         .\release/dpvsOcclusionBuffer_Buffer.obj
         .\release/dpvsOcclusionBuffer_CacheFiller.obj
         .\release/dpvsOcclusionBuffer_Edges.obj
         .\release/dpvsOcclusionBuffer_Render.obj
         .\release/dpvsOcclusionBuffer_Stencil.obj
         .\release/dpvsOcclusionBuffer_Test.obj
         .\release/dpvsOcclusionBuffer_ZGradient.obj
         .\release/dpvsOcclusionBuffer_ZGradientPS2.obj
         .\release/dpvsPPCTest.obj
         .\release/dpvsPS2Test.obj
         .\release/dpvsRandom.obj
         .\release/dpvsRectangle.obj
         .\release/dpvsRecursionSolver.obj
         .\release/dpvsRemoteDebugger.obj
         .\release/dpvsScratchpad.obj
         .\release/dpvsSilhouette.obj
         .\release/dpvsSilhouetteCache.obj
         .\release/dpvsSilhouetteCacheCommon.obj
         .\release/dpvsSilhouetteMath.obj
         .\release/dpvsStatistics.obj
         .\release/dpvsSurface.obj
         .\release/dpvsSweepAndPrune.obj
         .\release/dpvsSystem.obj
         .\release/dpvsTempAllocator.obj
         .\release/dpvsTempArray.obj
         .\release/dpvsUtility.obj
         .\release/dpvsVisibilityQuery.obj
         .\release/dpvsVisibilityQuery_Resolve.obj
         .\release/dpvsVisibilityQuery_Test.obj
         .\release/dpvsVisibilityQuery_Traverse.obj
         .\release/dpvsVQData.obj
         .\release/dpvsWindows.obj
         .\release/dpvsWrapper.obj
         .\release/dpvsWrapperCreate.obj
         .\release/dpvsWriteQueue.obj
         .\release/dpvsX86.obj
            Creating library .\..\..\..\..\..\..\compile\win32\dpvs\Release\dpvs.lib and object .\..\..\..\..\..\..\compile\win32\dpvs\Release\dpvs.exp
         dpvs.vcxproj -> C:\ci-dpvs-review\hardened\source\src\external\3rd\library\dpvs\implementation\msvc8\.\..\..\..\..\..\..\compile\win32\dpvs\Release\dpvs.dll
       FinalizeBuildStatus:
         Deleting file ".\..\..\..\..\..\..\compile\win32\dpvs\Release\dpvs.tlog\unsuccessfulbuild".
         Touching ".\..\..\..\..\..\..\compile\win32\dpvs\Release\dpvs.tlog\dpvs.lastbuildstate".
     1>Done Building Project "C:\ci-dpvs-review\hardened\source\src\external\3rd\library\dpvs\implementation\msvc8\dpvs.vcxproj" (Rebuild target(s)).

Build succeeded.

       "C:\ci-dpvs-review\hardened\source\src\external\3rd\library\dpvs\implementation\msvc8\dpvs.vcxproj" (Rebuild target) (1) ->
       (ClCompile target) -> 
         C:\ci-dpvs-review\hardened\source\src\external\3rd\library\dpvs\implementation\include\dpvsTempArray.hpp(72): warning C4291: 'void *operator new(size_t,void *)' : no matching operator delete found; memory will not be freed if initialization throws an exception [C:\ci-dpvs-review\hardened\source\src\external\3rd\library\dpvs\implementation\msvc8\dpvs.vcxproj]
         c:\ci-dpvs-review\hardened\source\src\external\3rd\library\dpvs\implementation\include\dpvsNew.hpp(181): warning C4291: 'void *operator new(size_t,void *)' : no matching operator delete found; memory will not be freed if initialization throws an exception [C:\ci-dpvs-review\hardened\source\src\external\3rd\library\dpvs\implementation\msvc8\dpvs.vcxproj]
         c:\ci-dpvs-review\hardened\source\src\external\3rd\library\dpvs\implementation\include\dpvsNew.hpp(193): warning C4291: 'void *operator new(size_t,void *)' : no matching operator delete found; memory will not be freed if initialization throws an exception [C:\ci-dpvs-review\hardened\source\src\external\3rd\library\dpvs\implementation\msvc8\dpvs.vcxproj]
         c:\ci-dpvs-review\hardened\source\src\external\3rd\library\dpvs\implementation\include\dpvsNew.hpp(181): warning C4291: 'void *operator new(size_t,void *)' : no matching operator delete found; memory will not be freed if initialization throws an exception [C:\ci-dpvs-review\hardened\source\src\external\3rd\library\dpvs\implementation\msvc8\dpvs.vcxproj]
         ..\sources\dpvsHZBuffer.cpp(1163): warning C4291: 'void *operator new(size_t,void *)' : no matching operator delete found; memory will not be freed if initialization throws an exception [C:\ci-dpvs-review\hardened\source\src\external\3rd\library\dpvs\implementation\msvc8\dpvs.vcxproj]
         c:\ci-dpvs-review\hardened\source\src\external\3rd\library\dpvs\implementation\include\dpvsNew.hpp(181): warning C4291: 'void *operator new(size_t,void *)' : no matching operator delete found; memory will not be freed if initialization throws an exception [C:\ci-dpvs-review\hardened\source\src\external\3rd\library\dpvs\implementation\msvc8\dpvs.vcxproj]
         c:\ci-dpvs-review\hardened\source\src\external\3rd\library\dpvs\implementation\include\dpvsNew.hpp(181): warning C4291: 'void *operator new(size_t,void *)' : no matching operator delete found; memory will not be freed if initialization throws an exception [C:\ci-dpvs-review\hardened\source\src\external\3rd\library\dpvs\implementation\msvc8\dpvs.vcxproj]
         C:\ci-dpvs-review\hardened\source\src\external\3rd\library\dpvs\implementation\include\dpvsTempArray.hpp(72): warning C4291: 'void *operator new(size_t,void *)' : no matching operator delete found; memory will not be freed if initialization throws an exception [C:\ci-dpvs-review\hardened\source\src\external\3rd\library\dpvs\implementation\msvc8\dpvs.vcxproj]
         c:\ci-dpvs-review\hardened\source\src\external\3rd\library\dpvs\implementation\include\dpvsNew.hpp(181): warning C4291: 'void *operator new(size_t,void *)' : no matching operator delete found; memory will not be freed if initialization throws an exception [C:\ci-dpvs-review\hardened\source\src\external\3rd\library\dpvs\implementation\msvc8\dpvs.vcxproj]
         c:\ci-dpvs-review\hardened\source\src\external\3rd\library\dpvs\implementation\include\dpvsNew.hpp(181): warning C4291: 'void *operator new(size_t,void *)' : no matching operator delete found; memory will not be freed if initialization throws an exception [C:\ci-dpvs-review\hardened\source\src\external\3rd\library\dpvs\implementation\msvc8\dpvs.vcxproj]
         c:\ci-dpvs-review\hardened\source\src\external\3rd\library\dpvs\implementation\include\dpvsNew.hpp(181): warning C4291: 'void *operator new(size_t,void *)' : no matching operator delete found; memory will not be freed if initialization throws an exception [C:\ci-dpvs-review\hardened\source\src\external\3rd\library\dpvs\implementation\msvc8\dpvs.vcxproj]
         ..\sources\dpvsLibraryServices.cpp(80): warning C4996: 'sprintf': This function or variable may be unsafe. Consider using sprintf_s instead. To disable deprecation, use _CRT_SECURE_NO_WARNINGS. See online help for details. [C:\ci-dpvs-review\hardened\source\src\external\3rd\library\dpvs\implementation\msvc8\dpvs.vcxproj]
         c:\ci-dpvs-review\hardened\source\src\external\3rd\library\dpvs\implementation\include\dpvsNew.hpp(193): warning C4291: 'void *operator new(size_t,void *)' : no matching operator delete found; memory will not be freed if initialization throws an exception [C:\ci-dpvs-review\hardened\source\src\external\3rd\library\dpvs\implementation\msvc8\dpvs.vcxproj]
         c:\ci-dpvs-review\hardened\source\src\external\3rd\library\dpvs\implementation\include\dpvsNew.hpp(181): warning C4291: 'void *operator new(size_t,void *)' : no matching operator delete found; memory will not be freed if initialization throws an exception [C:\ci-dpvs-review\hardened\source\src\external\3rd\library\dpvs\implementation\msvc8\dpvs.vcxproj]
         C:\ci-dpvs-review\hardened\source\src\external\3rd\library\dpvs\implementation\include\dpvsTempArray.hpp(72): warning C4291: 'void *operator new(size_t,void *)' : no matching operator delete found; memory will not be freed if initialization throws an exception [C:\ci-dpvs-review\hardened\source\src\external\3rd\library\dpvs\implementation\msvc8\dpvs.vcxproj]
         ..\sources\dpvsOcclusionBuffer.cpp(217): warning C4291: 'void *operator new(size_t,void *)' : no matching operator delete found; memory will not be freed if initialization throws an exception [C:\ci-dpvs-review\hardened\source\src\external\3rd\library\dpvs\implementation\msvc8\dpvs.vcxproj]
         ..\sources\dpvsOcclusionBuffer.cpp(218): warning C4291: 'void *operator new(size_t,void *)' : no matching operator delete found; memory will not be freed if initialization throws an exception [C:\ci-dpvs-review\hardened\source\src\external\3rd\library\dpvs\implementation\msvc8\dpvs.vcxproj]
         c:\ci-dpvs-review\hardened\source\src\external\3rd\library\dpvs\implementation\include\dpvsNew.hpp(181): warning C4291: 'void *operator new(size_t,void *)' : no matching operator delete found; memory will not be freed if initialization throws an exception [C:\ci-dpvs-review\hardened\source\src\external\3rd\library\dpvs\implementation\msvc8\dpvs.vcxproj]
         c:\ci-dpvs-review\hardened\source\src\external\3rd\library\dpvs\implementation\include\dpvsNew.hpp(193): warning C4291: 'void *operator new(size_t,void *)' : no matching operator delete found; memory will not be freed if initialization throws an exception [C:\ci-dpvs-review\hardened\source\src\external\3rd\library\dpvs\implementation\msvc8\dpvs.vcxproj]
         c:\ci-dpvs-review\hardened\source\src\external\3rd\library\dpvs\implementation\include\dpvsNew.hpp(193): warning C4291: 'void *operator new(size_t,void *)' : no matching operator delete found; memory will not be freed if initialization throws an exception [C:\ci-dpvs-review\hardened\source\src\external\3rd\library\dpvs\implementation\msvc8\dpvs.vcxproj]
         c:\ci-dpvs-review\hardened\source\src\external\3rd\library\dpvs\implementation\include\dpvsNew.hpp(181): warning C4291: 'void *operator new(size_t,void *)' : no matching operator delete found; memory will not be freed if initialization throws an exception [C:\ci-dpvs-review\hardened\source\src\external\3rd\library\dpvs\implementation\msvc8\dpvs.vcxproj]
         c:\ci-dpvs-review\hardened\source\src\external\3rd\library\dpvs\implementation\include\dpvsNew.hpp(193): warning C4291: 'void *operator new(size_t,void *)' : no matching operator delete found; memory will not be freed if initialization throws an exception [C:\ci-dpvs-review\hardened\source\src\external\3rd\library\dpvs\implementation\msvc8\dpvs.vcxproj]
         ..\sources\dpvsOcclusionBuffer_ZGradient.cpp(453): warning C4918: 'p' : invalid character in pragma optimization list [C:\ci-dpvs-review\hardened\source\src\external\3rd\library\dpvs\implementation\msvc8\dpvs.vcxproj]
         c:\ci-dpvs-review\hardened\source\src\external\3rd\library\dpvs\implementation\include\dpvsNew.hpp(181): warning C4291: 'void *operator new(size_t,void *)' : no matching operator delete found; memory will not be freed if initialization throws an exception [C:\ci-dpvs-review\hardened\source\src\external\3rd\library\dpvs\implementation\msvc8\dpvs.vcxproj]
         c:\ci-dpvs-review\hardened\source\src\external\3rd\library\dpvs\implementation\include\dpvsNew.hpp(193): warning C4291: 'void *operator new(size_t,void *)' : no matching operator delete found; memory will not be freed if initialization throws an exception [C:\ci-dpvs-review\hardened\source\src\external\3rd\library\dpvs\implementation\msvc8\dpvs.vcxproj]
         c:\ci-dpvs-review\hardened\source\src\external\3rd\library\dpvs\implementation\include\dpvsNew.hpp(193): warning C4291: 'void *operator new(size_t,void *)' : no matching operator delete found; memory will not be freed if initialization throws an exception [C:\ci-dpvs-review\hardened\source\src\external\3rd\library\dpvs\implementation\msvc8\dpvs.vcxproj]
         c:\ci-dpvs-review\hardened\source\src\external\3rd\library\dpvs\implementation\include\dpvsNew.hpp(181): warning C4291: 'void *operator new(size_t,void *)' : no matching operator delete found; memory will not be freed if initialization throws an exception [C:\ci-dpvs-review\hardened\source\src\external\3rd\library\dpvs\implementation\msvc8\dpvs.vcxproj]
         c:\ci-dpvs-review\hardened\source\src\external\3rd\library\dpvs\implementation\include\dpvsNew.hpp(193): warning C4291: 'void *operator new(size_t,void *)' : no matching operator delete found; memory will not be freed if initialization throws an exception [C:\ci-dpvs-review\hardened\source\src\external\3rd\library\dpvs\implementation\msvc8\dpvs.vcxproj]
         C:\ci-dpvs-review\hardened\source\src\external\3rd\library\dpvs\implementation\include\dpvsTempArray.hpp(72): warning C4291: 'void *operator new(size_t,void *)' : no matching operator delete found; memory will not be freed if initialization throws an exception [C:\ci-dpvs-review\hardened\source\src\external\3rd\library\dpvs\implementation\msvc8\dpvs.vcxproj]
         c:\ci-dpvs-review\hardened\source\src\external\3rd\library\dpvs\implementation\include\dpvsNew.hpp(181): warning C4291: 'void *operator new(size_t,void *)' : no matching operator delete found; memory will not be freed if initialization throws an exception [C:\ci-dpvs-review\hardened\source\src\external\3rd\library\dpvs\implementation\msvc8\dpvs.vcxproj]
         c:\ci-dpvs-review\hardened\source\src\external\3rd\library\dpvs\implementation\include\dpvsNew.hpp(193): warning C4291: 'void *operator new(size_t,void *)' : no matching operator delete found; memory will not be freed if initialization throws an exception [C:\ci-dpvs-review\hardened\source\src\external\3rd\library\dpvs\implementation\msvc8\dpvs.vcxproj]
         C:\ci-dpvs-review\hardened\source\src\external\3rd\library\dpvs\implementation\include\dpvsTempArray.hpp(72): warning C4291: 'void *operator new(size_t,void *)' : no matching operator delete found; memory will not be freed if initialization throws an exception [C:\ci-dpvs-review\hardened\source\src\external\3rd\library\dpvs\implementation\msvc8\dpvs.vcxproj]
         c:\ci-dpvs-review\hardened\source\src\external\3rd\library\dpvs\implementation\include\dpvsNew.hpp(181): warning C4291: 'void *operator new(size_t,void *)' : no matching operator delete found; memory will not be freed if initialization throws an exception [C:\ci-dpvs-review\hardened\source\src\external\3rd\library\dpvs\implementation\msvc8\dpvs.vcxproj]
         C:\ci-dpvs-review\hardened\source\src\external\3rd\library\dpvs\implementation\include\dpvsTempArray.hpp(72): warning C4291: 'void *operator new(size_t,void *)' : no matching operator delete found; memory will not be freed if initialization throws an exception [C:\ci-dpvs-review\hardened\source\src\external\3rd\library\dpvs\implementation\msvc8\dpvs.vcxproj]
         c:\ci-dpvs-review\hardened\source\src\external\3rd\library\dpvs\implementation\include\dpvsNew.hpp(181): warning C4291: 'void *operator new(size_t,void *)' : no matching operator delete found; memory will not be freed if initialization throws an exception [C:\ci-dpvs-review\hardened\source\src\external\3rd\library\dpvs\implementation\msvc8\dpvs.vcxproj]
         c:\ci-dpvs-review\hardened\source\src\external\3rd\library\dpvs\implementation\include\dpvsNew.hpp(193): warning C4291: 'void *operator new(size_t,void *)' : no matching operator delete found; memory will not be freed if initialization throws an exception [C:\ci-dpvs-review\hardened\source\src\external\3rd\library\dpvs\implementation\msvc8\dpvs.vcxproj]
         ..\sources\dpvsVisibilityQuery.cpp(838): warning C4291: 'void *operator new(size_t,void *)' : no matching operator delete found; memory will not be freed if initialization throws an exception [C:\ci-dpvs-review\hardened\source\src\external\3rd\library\dpvs\implementation\msvc8\dpvs.vcxproj]
         ..\sources\dpvsVisibilityQuery.cpp(839): warning C4291: 'void *operator new(size_t,void *)' : no matching operator delete found; memory will not be freed if initialization throws an exception [C:\ci-dpvs-review\hardened\source\src\external\3rd\library\dpvs\implementation\msvc8\dpvs.vcxproj]
         c:\ci-dpvs-review\hardened\source\src\external\3rd\library\dpvs\implementation\include\dpvsNew.hpp(181): warning C4291: 'void *operator new(size_t,void *)' : no matching operator delete found; memory will not be freed if initialization throws an exception [C:\ci-dpvs-review\hardened\source\src\external\3rd\library\dpvs\implementation\msvc8\dpvs.vcxproj]
         ..\sources\dpvsVisibilityQuery_Test.cpp(361): warning C4291: 'void *operator new(size_t,void *)' : no matching operator delete found; memory will not be freed if initialization throws an exception [C:\ci-dpvs-review\hardened\source\src\external\3rd\library\dpvs\implementation\msvc8\dpvs.vcxproj]
         ..\sources\dpvsWrapper.cpp(1364): warning C4996: 'sprintf': This function or variable may be unsafe. Consider using sprintf_s instead. To disable deprecation, use _CRT_SECURE_NO_WARNINGS. See online help for details. [C:\ci-dpvs-review\hardened\source\src\external\3rd\library\dpvs\implementation\msvc8\dpvs.vcxproj]
         ..\sources\dpvsWrapper.cpp(2480): warning C4291: 'void *operator new(size_t,void *)' : no matching operator delete found; memory will not be freed if initialization throws an exception [C:\ci-dpvs-review\hardened\source\src\external\3rd\library\dpvs\implementation\msvc8\dpvs.vcxproj]
         ..\sources\dpvsWrapperCreate.cpp(411): warning C4291: 'void *operator new(size_t,void *)' : no matching operator delete found; memory will not be freed if initialization throws an exception [C:\ci-dpvs-review\hardened\source\src\external\3rd\library\dpvs\implementation\msvc8\dpvs.vcxproj]
         ..\sources\dpvsWrapperCreate.cpp(428): warning C4291: 'void *operator new(size_t,void *)' : no matching operator delete found; memory will not be freed if initialization throws an exception [C:\ci-dpvs-review\hardened\source\src\external\3rd\library\dpvs\implementation\msvc8\dpvs.vcxproj]
         ..\sources\dpvsWrapperCreate.cpp(429): warning C4291: 'void *operator new(size_t,void *)' : no matching operator delete found; memory will not be freed if initialization throws an exception [C:\ci-dpvs-review\hardened\source\src\external\3rd\library\dpvs\implementation\msvc8\dpvs.vcxproj]
         ..\sources\dpvsWrapperCreate.cpp(514): warning C4291: 'void *operator new(size_t,void *)' : no matching operator delete found; memory will not be freed if initialization throws an exception [C:\ci-dpvs-review\hardened\source\src\external\3rd\library\dpvs\implementation\msvc8\dpvs.vcxproj]
         ..\sources\dpvsWrapperCreate.cpp(515): warning C4291: 'void *operator new(size_t,void *)' : no matching operator delete found; memory will not be freed if initialization throws an exception [C:\ci-dpvs-review\hardened\source\src\external\3rd\library\dpvs\implementation\msvc8\dpvs.vcxproj]
         ..\sources\dpvsWrapperCreate.cpp(542): warning C4291: 'void *operator new(size_t,void *)' : no matching operator delete found; memory will not be freed if initialization throws an exception [C:\ci-dpvs-review\hardened\source\src\external\3rd\library\dpvs\implementation\msvc8\dpvs.vcxproj]
         ..\sources\dpvsWrapperCreate.cpp(543): warning C4291: 'void *operator new(size_t,void *)' : no matching operator delete found; memory will not be freed if initialization throws an exception [C:\ci-dpvs-review\hardened\source\src\external\3rd\library\dpvs\implementation\msvc8\dpvs.vcxproj]
         ..\sources\dpvsWrapperCreate.cpp(569): warning C4291: 'void *operator new(size_t,void *)' : no matching operator delete found; memory will not be freed if initialization throws an exception [C:\ci-dpvs-review\hardened\source\src\external\3rd\library\dpvs\implementation\msvc8\dpvs.vcxproj]
         ..\sources\dpvsWrapperCreate.cpp(570): warning C4291: 'void *operator new(size_t,void *)' : no matching operator delete found; memory will not be freed if initialization throws an exception [C:\ci-dpvs-review\hardened\source\src\external\3rd\library\dpvs\implementation\msvc8\dpvs.vcxproj]
         ..\sources\dpvsWrapperCreate.cpp(600): warning C4291: 'void *operator new(size_t,void *)' : no matching operator delete found; memory will not be freed if initialization throws an exception [C:\ci-dpvs-review\hardened\source\src\external\3rd\library\dpvs\implementation\msvc8\dpvs.vcxproj]
         ..\sources\dpvsWrapperCreate.cpp(601): warning C4291: 'void *operator new(size_t,void *)' : no matching operator delete found; memory will not be freed if initialization throws an exception [C:\ci-dpvs-review\hardened\source\src\external\3rd\library\dpvs\implementation\msvc8\dpvs.vcxproj]
         ..\sources\dpvsWrapperCreate.cpp(626): warning C4291: 'void *operator new(size_t,void *)' : no matching operator delete found; memory will not be freed if initialization throws an exception [C:\ci-dpvs-review\hardened\source\src\external\3rd\library\dpvs\implementation\msvc8\dpvs.vcxproj]
         ..\sources\dpvsWrapperCreate.cpp(627): warning C4291: 'void *operator new(size_t,void *)' : no matching operator delete found; memory will not be freed if initialization throws an exception [C:\ci-dpvs-review\hardened\source\src\external\3rd\library\dpvs\implementation\msvc8\dpvs.vcxproj]
         ..\sources\dpvsWrapperCreate.cpp(652): warning C4291: 'void *operator new(size_t,void *)' : no matching operator delete found; memory will not be freed if initialization throws an exception [C:\ci-dpvs-review\hardened\source\src\external\3rd\library\dpvs\implementation\msvc8\dpvs.vcxproj]
         ..\sources\dpvsWrapperCreate.cpp(653): warning C4291: 'void *operator new(size_t,void *)' : no matching operator delete found; memory will not be freed if initialization throws an exception [C:\ci-dpvs-review\hardened\source\src\external\3rd\library\dpvs\implementation\msvc8\dpvs.vcxproj]
         ..\sources\dpvsWrapperCreate.cpp(697): warning C4291: 'void *operator new(size_t,void *)' : no matching operator delete found; memory will not be freed if initialization throws an exception [C:\ci-dpvs-review\hardened\source\src\external\3rd\library\dpvs\implementation\msvc8\dpvs.vcxproj]
         ..\sources\dpvsWrapperCreate.cpp(698): warning C4291: 'void *operator new(size_t,void *)' : no matching operator delete found; memory will not be freed if initialization throws an exception [C:\ci-dpvs-review\hardened\source\src\external\3rd\library\dpvs\implementation\msvc8\dpvs.vcxproj]
         ..\sources\dpvsWrapperCreate.cpp(741): warning C4291: 'void *operator new(size_t,void *)' : no matching operator delete found; memory will not be freed if initialization throws an exception [C:\ci-dpvs-review\hardened\source\src\external\3rd\library\dpvs\implementation\msvc8\dpvs.vcxproj]
         ..\sources\dpvsWrapperCreate.cpp(742): warning C4291: 'void *operator new(size_t,void *)' : no matching operator delete found; memory will not be freed if initialization throws an exception [C:\ci-dpvs-review\hardened\source\src\external\3rd\library\dpvs\implementation\msvc8\dpvs.vcxproj]
         ..\sources\dpvsWrapperCreate.cpp(767): warning C4291: 'void *operator new(size_t,void *)' : no matching operator delete found; memory will not be freed if initialization throws an exception [C:\ci-dpvs-review\hardened\source\src\external\3rd\library\dpvs\implementation\msvc8\dpvs.vcxproj]
         ..\sources\dpvsWrapperCreate.cpp(768): warning C4291: 'void *operator new(size_t,void *)' : no matching operator delete found; memory will not be freed if initialization throws an exception [C:\ci-dpvs-review\hardened\source\src\external\3rd\library\dpvs\implementation\msvc8\dpvs.vcxproj]
         ..\sources\dpvsWrapperCreate.cpp(795): warning C4291: 'void *operator new(size_t,void *)' : no matching operator delete found; memory will not be freed if initialization throws an exception [C:\ci-dpvs-review\hardened\source\src\external\3rd\library\dpvs\implementation\msvc8\dpvs.vcxproj]
         ..\sources\dpvsWrapperCreate.cpp(796): warning C4291: 'void *operator new(size_t,void *)' : no matching operator delete found; memory will not be freed if initialization throws an exception [C:\ci-dpvs-review\hardened\source\src\external\3rd\library\dpvs\implementation\msvc8\dpvs.vcxproj]
         c:\ci-dpvs-review\hardened\source\src\external\3rd\library\dpvs\implementation\include\dpvsNew.hpp(181): warning C4291: 'void *operator new(size_t,void *)' : no matching operator delete found; memory will not be freed if initialization throws an exception [C:\ci-dpvs-review\hardened\source\src\external\3rd\library\dpvs\implementation\msvc8\dpvs.vcxproj]
         c:\ci-dpvs-review\hardened\source\src\external\3rd\library\dpvs\implementation\include\dpvsNew.hpp(193): warning C4291: 'void *operator new(size_t,void *)' : no matching operator delete found; memory will not be freed if initialization throws an exception [C:\ci-dpvs-review\hardened\source\src\external\3rd\library\dpvs\implementation\msvc8\dpvs.vcxproj]

    67 Warning(s)
    0 Error(s)

Time Elapsed 00:00:05.82
