{
  "scope": "portable real mapper/owner/selected-services/Invocation/codec with scripted worker/job; no ABI/Windows/engine/vendor evidence",
  "first_attempt": true,
  "build_command": [
    "/usr/bin/clang++",
    "-std=c++11",
    "-Wall",
    "-Wextra",
    "-Wpedantic",
    "-Werror",
    "-O1",
    "-g",
    "-fsanitize=address,undefined",
    "-fno-sanitize-recover=all",
    "-fno-omit-frame-pointer",
    "-include",
    "/home/akilleez/Work/client-wire-validation/vendor-options/miles-integration-seam/callback-composition49/portable-v1/native35_compat.h",
    "/home/akilleez/Work/client-wire-validation/vendor-options/miles-integration-seam/callback-composition49/candidate/callback-control45/tests.cpp",
    "/home/akilleez/Work/client-wire-validation/vendor-options/miles-integration-seam/callback-composition49/candidate/callback-composition46/selected_fixture.cpp",
    "/home/akilleez/Work/client-wire-validation/vendor-options/miles-integration-seam/callback-composition49/candidate/callback-control45/host_association_mapper.cpp",
    "/home/akilleez/Work/client-wire-validation/vendor-options/miles-integration-seam/callback-composition49/candidate/session-file-admission34/coordinator.cpp",
    "/home/akilleez/Work/client-wire-validation/vendor-options/miles-integration-seam/callback-composition49/candidate/file-owner36/session_file_owner.cpp",
    "/home/akilleez/Work/client-wire-validation/vendor-options/miles-integration-seam/callback-composition49/candidate/file-owner36/portable_job.cpp",
    "/home/akilleez/Work/client-wire-validation/vendor-options/miles-integration-seam/callback-composition49/candidate/selected-file-services44/selected_services.cpp",
    "/home/akilleez/Work/client-wire-validation/vendor-options/miles-integration-seam/callback-composition49/candidate/file-channel26/file_channel.cpp",
    "/home/akilleez/Work/client-wire-validation/vendor-options/miles-integration-seam/callback-composition49/candidate/transport-candidate/codec.cpp",
    "-o",
    "/home/akilleez/Work/client-wire-validation/vendor-options/miles-integration-seam/callback-composition49/evidence-v1/composition49-portable"
  ],
  "run_command": [
    "/home/akilleez/Work/client-wire-validation/vendor-options/miles-integration-seam/callback-composition49/evidence-v1/composition49-portable"
  ],
  "ASAN_OPTIONS": "detect_leaks=1:halt_on_error=1:abort_on_error=1",
  "UBSAN_OPTIONS": "halt_on_error=1:print_stacktrace=1",
  "start_epoch": 1790787188.55789,
  "build_exit": 0,
  "run_exit": 0,
  "end_epoch": 1790787192.5941203,
  "frozen_inputs_changed": [],
  "scenario_counts": {
    "PASS forward-before-ACK join and distinct wire/local IDs": 1,
    "PASS ACK-before-forward join": 1,
    "PASS unsolicited callback during unrelated command": 1,
    "PASS idle callback open-close lifetime": 1,
    "PASS causal/session/lane/lease validation": 1,
    "PASS unsupported lock actions rejected before admission": 1,
    "PASS reverse replay before and after ACK": 1,
    "PASS early/stale/duplicate/peer-intake ACK rejection": 1,
    "PASS uncertain file execution retains forward and callback pins": 1,
    "PASS reverse storage capacity fails before second file admission": 1,
    "PASS malformed frame rejected": 1,
    "PASS two sessions select distinct retained tables through mapper-owner-job-invocation": 1,
    "PASS selected callback exception retains table through uncertain path": 1,
    "PASS multiple causal callbacks ACK out of order": 1,
    "PASS second causal callback arrives while returned waiting": 1,
    "PASS stale wrong and duplicate forward return cannot release pins": 1,
    "PASS valid envelope owner target and open-field rejection": 1,
    "PASS zero callback forward return settles": 1,
    "PASS duplicate reply queue observation fails with ownership retained": 1,
    "PASS causal callback after settled is refused before file admission": 1,
    "PASS failed open with nonzero local output publishes no resource and reuses one slot": 1,
    "PASS forward return while actual portable job Pending then completion and ACK": 1,
    "PASS isolated Invocation retains selected table and context without session owner": 1
  },
  "all_scenarios_exactly_once": true,
  "pass": true
}
