controller-start tick=188859537 thread=516 pointer=8
event=entry tick=188859600 thread=524 cw=027f mxcsr=00001f80
ALSA lib control.c:1575:(snd_ctl_open_noupdate) [error.control] Invalid CTL hw:0
ALSA lib control.c:1575:(snd_ctl_open_noupdate) [error.control] Invalid CTL hw:1
ALSA lib control.c:1575:(snd_ctl_open_noupdate) [error.control] Invalid CTL hw:0
ALSA lib control.c:1575:(snd_ctl_open_noupdate) [error.control] Invalid CTL hw:1
runtime-resource-version=7.2a wave-devices=1
startup=1 error=
event=startup tick=188859719 thread=524 cw=027f mxcsr=00001f80
event=decode-start tick=188859720 thread=524 cw=027f mxcsr=00001f80
decode-okay=1 bytes=428588 error=
event=decode-end tick=188859720 thread=524 cw=027f mxcsr=00001fa0
module=C:\vendor-miles-probe\miles-command-host.exe
module=C:\windows\system32\ntdll.dll
module=C:\windows\system32\kernel32.dll
module=C:\windows\system32\kernelbase.dll
module=C:\windows\system32\WINMM.dll
module=C:\windows\system32\advapi32.dll
module=C:\windows\system32\msvcrt.dll
module=C:\windows\system32\sechost.dll
module=C:\windows\system32\ucrtbase.dll
module=C:\windows\system32\msacm32.dll
module=C:\windows\system32\user32.dll
module=C:\windows\system32\gdi32.dll
module=C:\windows\system32\win32u.dll
module=C:\windows\system32\ole32.dll
module=C:\windows\system32\combase.dll
module=C:\windows\system32\rpcrt4.dll
module=C:\windows\system32\cryptbase.dll
module=C:\windows\system32\coml2.dll
module=C:\windows\system32\imm32.dll
module=C:\vendor-miles-probe\Mss32.dll
module=c:\windows\system32\winex11.drv
module=C:\windows\system32\uxtheme.dll
module=C:\windows\system32\mmdevapi.dll
module=C:\windows\system32\oleaut32.dll
module=C:\windows\system32\version.dll
module=C:\vendor-miles-probe\miles\mssmp3.asi
module=C:\vendor-miles-probe\miles\mssogg.asi
module=C:\vendor-miles-probe\miles\mssvoice.asi
driver=00837E80 error=
module=C:\vendor-miles-probe\miles-command-host.exe
module=C:\windows\system32\ntdll.dll
module=C:\windows\system32\kernel32.dll
module=C:\windows\system32\kernelbase.dll
module=C:\windows\system32\WINMM.dll
module=C:\windows\system32\advapi32.dll
module=C:\windows\system32\msvcrt.dll
module=C:\windows\system32\sechost.dll
module=C:\windows\system32\ucrtbase.dll
module=C:\windows\system32\msacm32.dll
module=C:\windows\system32\user32.dll
module=C:\windows\system32\gdi32.dll
module=C:\windows\system32\win32u.dll
module=C:\windows\system32\ole32.dll
module=C:\windows\system32\combase.dll
module=C:\windows\system32\rpcrt4.dll
module=C:\windows\system32\cryptbase.dll
module=C:\windows\system32\coml2.dll
module=C:\windows\system32\imm32.dll
module=C:\vendor-miles-probe\Mss32.dll
module=c:\windows\system32\winex11.drv
module=C:\windows\system32\uxtheme.dll
module=C:\windows\system32\mmdevapi.dll
module=C:\windows\system32\oleaut32.dll
module=C:\windows\system32\version.dll
module=C:\vendor-miles-probe\miles\mssmp3.asi
module=C:\vendor-miles-probe\miles\mssogg.asi
module=C:\vendor-miles-probe\miles\mssvoice.asi
module=C:\windows\system32\DSOUND.DLL
stream=0082C7A0 error=
event=stream-start tick=188859792 thread=524 cw=027f mxcsr=00001fa0
stream tick=188859793 status=4
stream tick=188859793 status=4
stream tick=188859809 status=4
stream tick=188859809 status=4
stream tick=188859825 status=4
stream tick=188859836 status=4
stream tick=188859852 status=4
stream tick=188859852 status=4
stream tick=188859868 status=4
stream tick=188859884 status=4
stream tick=188859884 status=4
stream tick=188859900 status=4
stream tick=188859900 status=4
stream tick=188859916 status=4
stream tick=188859932 status=4
stream tick=188859932 status=4
stream tick=188859948 status=4
stream tick=188859964 status=4
stream tick=188859964 status=4
stream tick=188859980 status=4
stream tick=188859996 status=4
stream tick=188859996 status=4
stream tick=188860012 status=4
stream tick=188860012 status=4
stream tick=188860028 status=4
stream tick=188860045 status=4
stream tick=188860045 status=4
event=stream-eos tick=188860061 thread=572 cw=027f mxcsr=00001f80
event=stream-drain-start tick=188860061 thread=524 cw=027f mxcsr=00001fa0
event=stream-drain-end tick=188860576 thread=524 cw=027f mxcsr=00001fa0
module=C:\vendor-miles-probe\miles-command-host.exe
module=C:\windows\system32\ntdll.dll
module=C:\windows\system32\kernel32.dll
module=C:\windows\system32\kernelbase.dll
module=C:\windows\system32\WINMM.dll
module=C:\windows\system32\advapi32.dll
module=C:\windows\system32\msvcrt.dll
module=C:\windows\system32\sechost.dll
module=C:\windows\system32\ucrtbase.dll
module=C:\windows\system32\msacm32.dll
module=C:\windows\system32\user32.dll
module=C:\windows\system32\gdi32.dll
module=C:\windows\system32\win32u.dll
module=C:\windows\system32\ole32.dll
module=C:\windows\system32\combase.dll
module=C:\windows\system32\rpcrt4.dll
module=C:\windows\system32\cryptbase.dll
module=C:\windows\system32\coml2.dll
module=C:\windows\system32\imm32.dll
module=C:\vendor-miles-probe\Mss32.dll
module=c:\windows\system32\winex11.drv
module=C:\windows\system32\uxtheme.dll
module=C:\windows\system32\mmdevapi.dll
module=C:\windows\system32\oleaut32.dll
module=C:\windows\system32\version.dll
module=C:\vendor-miles-probe\miles\mssmp3.asi
module=C:\vendor-miles-probe\miles\mssogg.asi
module=C:\vendor-miles-probe\miles\mssvoice.asi
module=C:\windows\system32\DSOUND.DLL
event=shutdown tick=188860599 thread=524 cw=027f mxcsr=00001fa0
sample-eos=0 stream-eos=1
controller-end tick=188860600 child=0 command-written=1
