Microsoft (R) COFF/PE Dumper Version 12.00.40629.0
Copyright (C) Microsoft Corporation.  All rights reserved.


Dump of file C:\native-operations62\results\amd64\native-calls\native-calls.obj

File Type: COFF OBJECT

COFF SYMBOL TABLE
000 00E19EB5 ABS    notype       Static       | @comp.id
001 80000190 ABS    notype       Static       | @feat.00
002 00000000 SECT1  notype       Static       | .drectve
    Section length   C1, #relocs    0, #linenums    0, checksum        0
004 00000000 SECT2  notype       Static       | .debug$S
    Section length   94, #relocs    0, #linenums    0, checksum        0
006 00000000 SECT3  notype       Static       | .text$mn
    Section length   98, #relocs    1, #linenums    0, checksum CE348F79, selection    1 (pick no duplicates)
008 00000000 SECT4  notype       Static       | .text$mn
    Section length    7, #relocs    1, #linenums    0, checksum 9A0130A6, selection    1 (pick no duplicates)
00A 00000000 SECT5  notype       Static       | .text$mn
    Section length    7, #relocs    1, #linenums    0, checksum 9A0130A6, selection    1 (pick no duplicates)
00C 00000000 SECT6  notype       Static       | .text$mn
    Section length    7, #relocs    1, #linenums    0, checksum 9A0130A6, selection    1 (pick no duplicates)
00E 00000000 SECT7  notype       Static       | .text$mn
    Section length    7, #relocs    1, #linenums    0, checksum 9A0130A6, selection    1 (pick no duplicates)
010 00000000 SECT8  notype       Static       | .text$mn
    Section length    7, #relocs    1, #linenums    0, checksum 9A0130A6, selection    1 (pick no duplicates)
012 00000000 SECT9  notype       Static       | .text$mn
    Section length    7, #relocs    1, #linenums    0, checksum 9A0130A6, selection    1 (pick no duplicates)
014 00000000 SECTA  notype       Static       | .text$mn
    Section length    7, #relocs    1, #linenums    0, checksum 9A0130A6, selection    1 (pick no duplicates)
016 00000000 SECTB  notype       Static       | .text$mn
    Section length    7, #relocs    1, #linenums    0, checksum 9A0130A6, selection    1 (pick no duplicates)
018 00000000 SECTC  notype       Static       | .text$mn
    Section length    7, #relocs    1, #linenums    0, checksum 9A0130A6, selection    1 (pick no duplicates)
01A 00000000 SECTD  notype       Static       | .text$mn
    Section length    7, #relocs    1, #linenums    0, checksum 9A0130A6, selection    1 (pick no duplicates)
01C 00000000 SECTE  notype       Static       | .text$mn
    Section length    7, #relocs    1, #linenums    0, checksum 9A0130A6, selection    1 (pick no duplicates)
01E 00000000 SECTF  notype       Static       | .text$mn
    Section length    7, #relocs    1, #linenums    0, checksum 9A0130A6, selection    1 (pick no duplicates)
020 00000000 SECT10 notype       Static       | .text$mn
    Section length    7, #relocs    1, #linenums    0, checksum 9A0130A6, selection    1 (pick no duplicates)
022 00000000 SECT11 notype       Static       | .text$mn
    Section length    7, #relocs    1, #linenums    0, checksum 9A0130A6, selection    1 (pick no duplicates)
024 00000000 SECT12 notype       Static       | .text$mn
    Section length    7, #relocs    1, #linenums    0, checksum 9A0130A6, selection    1 (pick no duplicates)
026 00000000 SECT13 notype       Static       | .text$mn
    Section length    7, #relocs    1, #linenums    0, checksum 9A0130A6, selection    1 (pick no duplicates)
028 00000000 SECT14 notype       Static       | .text$mn
    Section length    7, #relocs    1, #linenums    0, checksum 9A0130A6, selection    1 (pick no duplicates)
02A 00000000 SECT15 notype       Static       | .text$mn
    Section length    7, #relocs    1, #linenums    0, checksum 9A0130A6, selection    1 (pick no duplicates)
02C 00000000 SECT16 notype       Static       | .text$mn
    Section length    7, #relocs    1, #linenums    0, checksum 9A0130A6, selection    1 (pick no duplicates)
02E 00000000 SECT17 notype       Static       | .text$mn
    Section length    7, #relocs    1, #linenums    0, checksum 9A0130A6, selection    1 (pick no duplicates)
030 00000000 SECT18 notype       Static       | .text$mn
    Section length    7, #relocs    1, #linenums    0, checksum 9A0130A6, selection    1 (pick no duplicates)
032 00000000 SECT19 notype       Static       | .text$mn
    Section length    7, #relocs    1, #linenums    0, checksum 9A0130A6, selection    1 (pick no duplicates)
034 00000000 SECT1A notype       Static       | .text$mn
    Section length    7, #relocs    1, #linenums    0, checksum 9A0130A6, selection    1 (pick no duplicates)
036 00000000 SECT1B notype       Static       | .text$mn
    Section length    7, #relocs    1, #linenums    0, checksum 9A0130A6, selection    1 (pick no duplicates)
038 00000000 SECT1C notype       Static       | .text$mn
    Section length    7, #relocs    1, #linenums    0, checksum 9A0130A6, selection    1 (pick no duplicates)
03A 00000000 SECT1D notype       Static       | .text$mn
    Section length    7, #relocs    1, #linenums    0, checksum 9A0130A6, selection    1 (pick no duplicates)
03C 00000000 SECT1E notype       Static       | .text$mn
    Section length    7, #relocs    1, #linenums    0, checksum 9A0130A6, selection    1 (pick no duplicates)
03E 00000000 SECT1F notype       Static       | .text$mn
    Section length    7, #relocs    1, #linenums    0, checksum 9A0130A6, selection    1 (pick no duplicates)
040 00000000 SECT20 notype       Static       | .text$mn
    Section length    7, #relocs    1, #linenums    0, checksum 9A0130A6, selection    1 (pick no duplicates)
042 00000000 SECT21 notype       Static       | .text$mn
    Section length    7, #relocs    1, #linenums    0, checksum 9A0130A6, selection    1 (pick no duplicates)
044 00000000 SECT22 notype       Static       | .text$mn
    Section length    7, #relocs    1, #linenums    0, checksum 9A0130A6, selection    1 (pick no duplicates)
046 00000000 SECT23 notype       Static       | .text$mn
    Section length    7, #relocs    1, #linenums    0, checksum 9A0130A6, selection    1 (pick no duplicates)
048 00000000 SECT24 notype       Static       | .text$mn
    Section length    7, #relocs    1, #linenums    0, checksum 9A0130A6, selection    1 (pick no duplicates)
04A 00000000 SECT25 notype       Static       | .text$mn
    Section length    7, #relocs    1, #linenums    0, checksum 9A0130A6, selection    1 (pick no duplicates)
04C 00000000 SECT26 notype       Static       | .text$mn
    Section length    7, #relocs    1, #linenums    0, checksum 9A0130A6, selection    1 (pick no duplicates)
04E 00000000 SECT27 notype       Static       | .text$mn
    Section length    7, #relocs    1, #linenums    0, checksum 9A0130A6, selection    1 (pick no duplicates)
050 00000000 SECT28 notype       Static       | .text$mn
    Section length    7, #relocs    1, #linenums    0, checksum 9A0130A6, selection    1 (pick no duplicates)
052 00000000 SECT29 notype       Static       | .text$mn
    Section length    7, #relocs    1, #linenums    0, checksum 9A0130A6, selection    1 (pick no duplicates)
054 00000000 SECT2A notype       Static       | .text$mn
    Section length    7, #relocs    1, #linenums    0, checksum 9A0130A6, selection    1 (pick no duplicates)
056 00000000 SECT2B notype       Static       | .text$mn
    Section length    7, #relocs    1, #linenums    0, checksum 9A0130A6, selection    1 (pick no duplicates)
058 00000000 SECT2C notype       Static       | .text$mn
    Section length    7, #relocs    1, #linenums    0, checksum 9A0130A6, selection    1 (pick no duplicates)
05A 00000000 SECT2D notype       Static       | .text$mn
    Section length    7, #relocs    1, #linenums    0, checksum 9A0130A6, selection    1 (pick no duplicates)
05C 00000000 SECT2E notype       Static       | .text$mn
    Section length    7, #relocs    1, #linenums    0, checksum 9A0130A6, selection    1 (pick no duplicates)
05E 00000000 SECT2F notype       Static       | .text$mn
    Section length    7, #relocs    1, #linenums    0, checksum 9A0130A6, selection    1 (pick no duplicates)
060 00000000 SECT30 notype       Static       | .text$mn
    Section length    7, #relocs    1, #linenums    0, checksum 9A0130A6, selection    1 (pick no duplicates)
062 00000000 SECT31 notype       Static       | .text$mn
    Section length    7, #relocs    1, #linenums    0, checksum 9A0130A6, selection    1 (pick no duplicates)
064 00000000 SECT32 notype       Static       | .text$mn
    Section length    7, #relocs    1, #linenums    0, checksum 9A0130A6, selection    1 (pick no duplicates)
066 00000000 SECT33 notype       Static       | .text$mn
    Section length    7, #relocs    1, #linenums    0, checksum 9A0130A6, selection    1 (pick no duplicates)
068 00000000 SECT34 notype       Static       | .text$mn
    Section length    7, #relocs    1, #linenums    0, checksum 9A0130A6, selection    1 (pick no duplicates)
06A 00000000 SECT1A notype ()    External     | ?set_listener_3D_position@ClientMilesNativeCalls60@@YAXPEAUDigitalDriver@ClientMiles@@MMM@Z (void __cdecl ClientMilesNativeCalls60::set_listener_3D_position(struct ClientMiles::DigitalDriver *,float,float,float))
06B 00000000 SECT1B notype ()    External     | ?set_listener_3D_velocity_vector@ClientMilesNativeCalls60@@YAXPEAUDigitalDriver@ClientMiles@@MMM@Z (void __cdecl ClientMilesNativeCalls60::set_listener_3D_velocity_vector(struct ClientMiles::DigitalDriver *,float,float,float))
06C 00000000 SECT19 notype ()    External     | ?set_listener_3D_orientation@ClientMilesNativeCalls60@@YAXPEAUDigitalDriver@ClientMiles@@MMMMMM@Z (void __cdecl ClientMilesNativeCalls60::set_listener_3D_orientation(struct ClientMiles::DigitalDriver *,float,float,float,float,float,float))
06D 00000000 SECT18 notype ()    External     | ?set_3D_rolloff_factor@ClientMilesNativeCalls60@@YAXPEAUDigitalDriver@ClientMiles@@M@Z (void __cdecl ClientMilesNativeCalls60::set_3D_rolloff_factor(struct ClientMiles::DigitalDriver *,float))
06E 00000000 SECT17 notype ()    External     | ?serve@ClientMilesNativeCalls60@@YAXXZ (void __cdecl ClientMilesNativeCalls60::serve(void))
06F 00000000 SECTD  notype ()    External     | ?lock@ClientMilesNativeCalls60@@YAXXZ (void __cdecl ClientMilesNativeCalls60::lock(void))
070 00000000 SECT34 notype ()    External     | ?unlock@ClientMilesNativeCalls60@@YAXXZ (void __cdecl ClientMilesNativeCalls60::unlock(void))
071 00000000 SECT10 notype ()    External     | ?room_type@ClientMilesNativeCalls60@@YAHPEAUDigitalDriver@ClientMiles@@@Z (int __cdecl ClientMilesNativeCalls60::room_type(struct ClientMiles::DigitalDriver *))
072 00000000 SECT1D notype ()    External     | ?set_room_type@ClientMilesNativeCalls60@@YAXPEAUDigitalDriver@ClientMiles@@H@Z (void __cdecl ClientMilesNativeCalls60::set_room_type(struct ClientMiles::DigitalDriver *,int))
073 00000000 SECT7  notype ()    External     | ?digital_CPU_percent@ClientMilesNativeCalls60@@YAHPEAUDigitalDriver@ClientMiles@@@Z (int __cdecl ClientMilesNativeCalls60::digital_CPU_percent(struct ClientMiles::DigitalDriver *))
074 00000000 SECT8  notype ()    External     | ?digital_latency@ClientMilesNativeCalls60@@YAHPEAUDigitalDriver@ClientMiles@@@Z (int __cdecl ClientMilesNativeCalls60::digital_latency(struct ClientMiles::DigitalDriver *))
075 00000000 SECTC  notype ()    External     | ?get_timer_highest_delay@ClientMilesNativeCalls60@@YAIXZ (unsigned int __cdecl ClientMilesNativeCalls60::get_timer_highest_delay(void))
076 00000000 SECT4  notype ()    External     | ?active_sample_count@ClientMilesNativeCalls60@@YAHPEAUDigitalDriver@ClientMiles@@@Z (int __cdecl ClientMilesNativeCalls60::active_sample_count(struct ClientMiles::DigitalDriver *))
077 00000000 SECT5  notype ()    External     | ?allocate_sample_handle@ClientMilesNativeCalls60@@YAPEAUSample@ClientMiles@@PEAUDigitalDriver@3@@Z (struct ClientMiles::Sample * __cdecl ClientMilesNativeCalls60::allocate_sample_handle(struct ClientMiles::DigitalDriver *))
078 00000000 SECT1C notype ()    External     | ?set_named_sample_file@ClientMilesNativeCalls60@@YAHPEAUSample@ClientMiles@@PEBDPEBXIH@Z (int __cdecl ClientMilesNativeCalls60::set_named_sample_file(struct ClientMiles::Sample *,char const *,void const *,unsigned int,int))
079 00000000 SECT21 notype ()    External     | ?set_sample_file@ClientMilesNativeCalls60@@YAHPEAUSample@ClientMiles@@PEBXH@Z (int __cdecl ClientMilesNativeCalls60::set_sample_file(struct ClientMiles::Sample *,void const *,int))
07A 00000000 SECTF  notype ()    External     | ?release_sample_handle@ClientMilesNativeCalls60@@YAXPEAUSample@ClientMiles@@@Z (void __cdecl ClientMilesNativeCalls60::release_sample_handle(struct ClientMiles::Sample *))
07B 00000000 SECT2E notype ()    External     | ?start_sample@ClientMilesNativeCalls60@@YAXPEAUSample@ClientMiles@@@Z (void __cdecl ClientMilesNativeCalls60::start_sample(struct ClientMiles::Sample *))
07C 00000000 SECT30 notype ()    External     | ?stop_sample@ClientMilesNativeCalls60@@YAXPEAUSample@ClientMiles@@@Z (void __cdecl ClientMilesNativeCalls60::stop_sample(struct ClientMiles::Sample *))
07D 00000000 SECT9  notype ()    External     | ?end_sample@ClientMilesNativeCalls60@@YAXPEAUSample@ClientMiles@@@Z (void __cdecl ClientMilesNativeCalls60::end_sample(struct ClientMiles::Sample *))
07E 00000000 SECT15 notype ()    External     | ?sample_status@ClientMilesNativeCalls60@@YAIPEAUSample@ClientMiles@@@Z (unsigned int __cdecl ClientMilesNativeCalls60::sample_status(struct ClientMiles::Sample *))
07F 00000000 SECT11 notype ()    External     | ?sample_ms_position@ClientMilesNativeCalls60@@YAXPEAUSample@ClientMiles@@PEAH1@Z (void __cdecl ClientMilesNativeCalls60::sample_ms_position(struct ClientMiles::Sample *,int *,int *))
080 00000000 SECT24 notype ()    External     | ?set_sample_ms_position@ClientMilesNativeCalls60@@YAXPEAUSample@ClientMiles@@H@Z (void __cdecl ClientMilesNativeCalls60::set_sample_ms_position(struct ClientMiles::Sample *,int))
081 00000000 SECT28 notype ()    External     | ?set_sample_position@ClientMilesNativeCalls60@@YAXPEAUSample@ClientMiles@@I@Z (void __cdecl ClientMilesNativeCalls60::set_sample_position(struct ClientMiles::Sample *,unsigned int))
082 00000000 SECT13 notype ()    External     | ?sample_position@ClientMilesNativeCalls60@@YAIPEAUSample@ClientMiles@@@Z (unsigned int __cdecl ClientMilesNativeCalls60::sample_position(struct ClientMiles::Sample *))
083 00000000 SECT23 notype ()    External     | ?set_sample_loop_count@ClientMilesNativeCalls60@@YAXPEAUSample@ClientMiles@@H@Z (void __cdecl ClientMilesNativeCalls60::set_sample_loop_count(struct ClientMiles::Sample *,int))
084 00000000 SECT22 notype ()    External     | ?set_sample_loop_block@ClientMilesNativeCalls60@@YAXPEAUSample@ClientMiles@@HH@Z (void __cdecl ClientMilesNativeCalls60::set_sample_loop_block(struct ClientMiles::Sample *,int,int))
085 00000000 SECT1F notype ()    External     | ?set_sample_3D_position@ClientMilesNativeCalls60@@YAXPEAUSample@ClientMiles@@MMM@Z (void __cdecl ClientMilesNativeCalls60::set_sample_3D_position(struct ClientMiles::Sample *,float,float,float))
086 00000000 SECT20 notype ()    External     | ?set_sample_3D_velocity_vector@ClientMilesNativeCalls60@@YAXPEAUSample@ClientMiles@@MMM@Z (void __cdecl ClientMilesNativeCalls60::set_sample_3D_velocity_vector(struct ClientMiles::Sample *,float,float,float))
087 00000000 SECT1E notype ()    External     | ?set_sample_3D_distances@ClientMilesNativeCalls60@@YAXPEAUSample@ClientMiles@@MMH@Z (void __cdecl ClientMilesNativeCalls60::set_sample_3D_distances(struct ClientMiles::Sample *,float,float,int))
088 00000000 SECT26 notype ()    External     | ?set_sample_occlusion@ClientMilesNativeCalls60@@YAXPEAUSample@ClientMiles@@M@Z (void __cdecl ClientMilesNativeCalls60::set_sample_occlusion(struct ClientMiles::Sample *,float))
089 00000000 SECT25 notype ()    External     | ?set_sample_obstruction@ClientMilesNativeCalls60@@YAXPEAUSample@ClientMiles@@M@Z (void __cdecl ClientMilesNativeCalls60::set_sample_obstruction(struct ClientMiles::Sample *,float))
08A 00000000 SECT14 notype ()    External     | ?sample_reverb_levels@ClientMilesNativeCalls60@@YAXPEAUSample@ClientMiles@@PEAM1@Z (void __cdecl ClientMilesNativeCalls60::sample_reverb_levels(struct ClientMiles::Sample *,float *,float *))
08B 00000000 SECT2A notype ()    External     | ?set_sample_volume_levels@ClientMilesNativeCalls60@@YAXPEAUSample@ClientMiles@@MM@Z (void __cdecl ClientMilesNativeCalls60::set_sample_volume_levels(struct ClientMiles::Sample *,float,float))
08C 00000000 SECT16 notype ()    External     | ?sample_volume_levels@ClientMilesNativeCalls60@@YAXPEAUSample@ClientMiles@@PEAM1@Z (void __cdecl ClientMilesNativeCalls60::sample_volume_levels(struct ClientMiles::Sample *,float *,float *))
08D 00000000 SECT29 notype ()    External     | ?set_sample_reverb_levels@ClientMilesNativeCalls60@@YAXPEAUSample@ClientMiles@@MM@Z (void __cdecl ClientMilesNativeCalls60::set_sample_reverb_levels(struct ClientMiles::Sample *,float,float))
08E 00000000 SECT27 notype ()    External     | ?set_sample_playback_rate@ClientMilesNativeCalls60@@YAXPEAUSample@ClientMiles@@H@Z (void __cdecl ClientMilesNativeCalls60::set_sample_playback_rate(struct ClientMiles::Sample *,int))
08F 00000000 SECT12 notype ()    External     | ?sample_playback_rate@ClientMilesNativeCalls60@@YAHPEAUSample@ClientMiles@@@Z (int __cdecl ClientMilesNativeCalls60::sample_playback_rate(struct ClientMiles::Sample *))
090 00000000 SECTE  notype ()    External     | ?open_stream@ClientMilesNativeCalls60@@YAPEAUOwnedStream@ClientMiles@@PEAUDigitalDriver@3@PEBDH@Z (struct ClientMiles::OwnedStream * __cdecl ClientMilesNativeCalls60::open_stream(struct ClientMiles::DigitalDriver *,char const *,int))
091 00000000 SECT6  notype ()    External     | ?close_stream@ClientMilesNativeCalls60@@YAXPEAUOwnedStream@ClientMiles@@@Z (void __cdecl ClientMilesNativeCalls60::close_stream(struct ClientMiles::OwnedStream *))
092 00000000 SECT32 notype ()    External     | ?stream_sample_handle@ClientMilesNativeCalls60@@YAPEAUSample@ClientMiles@@PEAUOwnedStream@3@@Z (struct ClientMiles::Sample * __cdecl ClientMilesNativeCalls60::stream_sample_handle(struct ClientMiles::OwnedStream *))
093 00000000 SECT2F notype ()    External     | ?start_stream@ClientMilesNativeCalls60@@YAXPEAUOwnedStream@ClientMiles@@@Z (void __cdecl ClientMilesNativeCalls60::start_stream(struct ClientMiles::OwnedStream *))
094 00000000 SECT2C notype ()    External     | ?set_stream_loop_count@ClientMilesNativeCalls60@@YAXPEAUOwnedStream@ClientMiles@@H@Z (void __cdecl ClientMilesNativeCalls60::set_stream_loop_count(struct ClientMiles::OwnedStream *,int))
095 00000000 SECT2B notype ()    External     | ?set_stream_loop_block@ClientMilesNativeCalls60@@YAXPEAUOwnedStream@ClientMiles@@HH@Z (void __cdecl ClientMilesNativeCalls60::set_stream_loop_block(struct ClientMiles::OwnedStream *,int,int))
096 00000000 SECT33 notype ()    External     | ?stream_status@ClientMilesNativeCalls60@@YAHPEAUOwnedStream@ClientMiles@@@Z (int __cdecl ClientMilesNativeCalls60::stream_status(struct ClientMiles::OwnedStream *))
097 00000000 SECT2D notype ()    External     | ?set_stream_ms_position@ClientMilesNativeCalls60@@YAXPEAUOwnedStream@ClientMiles@@H@Z (void __cdecl ClientMilesNativeCalls60::set_stream_ms_position(struct ClientMiles::OwnedStream *,int))
098 00000000 SECT31 notype ()    External     | ?stream_ms_position@ClientMilesNativeCalls60@@YAXPEAUOwnedStream@ClientMiles@@PEAH1@Z (void __cdecl ClientMilesNativeCalls60::stream_ms_position(struct ClientMiles::OwnedStream *,int *,int *))
099 00000000 SECTB  notype ()    External     | ?file_type@ClientMilesNativeCalls60@@YAHPEBXI@Z (int __cdecl ClientMilesNativeCalls60::file_type(void const *,unsigned int))
09A 00000000 SECTA  notype ()    External     | ?file_error@ClientMilesNativeCalls60@@YAHXZ (int __cdecl ClientMilesNativeCalls60::file_error(void))
09B 00000000 SECT3  notype ()    External     | ?WAV_info@ClientMilesNativeCalls60@@YAHPEBXPEAUSampleInformation@ClientMiles@@@Z (int __cdecl ClientMilesNativeCalls60::WAV_info(void const *,struct ClientMiles::SampleInformation *))
09C 00000000 UNDEF  notype       External     | __imp_AIL_get_timer_highest_delay
09D 00000000 UNDEF  notype       External     | __imp_AIL_serve
09E 00000000 UNDEF  notype       External     | __imp_AIL_file_error
09F 00000000 UNDEF  notype       External     | __imp_AIL_lock
0A0 00000000 UNDEF  notype       External     | __imp_AIL_unlock
0A1 00000000 UNDEF  notype       External     | __imp_AIL_digital_CPU_percent
0A2 00000000 UNDEF  notype       External     | __imp_AIL_digital_latency
0A3 00000000 UNDEF  notype       External     | __imp_AIL_allocate_sample_handle
0A4 00000000 UNDEF  notype       External     | __imp_AIL_release_sample_handle
0A5 00000000 UNDEF  notype       External     | __imp_AIL_set_sample_file
0A6 00000000 UNDEF  notype       External     | __imp_AIL_set_named_sample_file
0A7 00000000 UNDEF  notype       External     | __imp_AIL_start_sample
0A8 00000000 UNDEF  notype       External     | __imp_AIL_stop_sample
0A9 00000000 UNDEF  notype       External     | __imp_AIL_end_sample
0AA 00000000 UNDEF  notype       External     | __imp_AIL_set_sample_playback_rate
0AB 00000000 UNDEF  notype       External     | __imp_AIL_set_sample_volume_levels
0AC 00000000 UNDEF  notype       External     | __imp_AIL_set_sample_reverb_levels
0AD 00000000 UNDEF  notype       External     | __imp_AIL_set_sample_loop_count
0AE 00000000 UNDEF  notype       External     | __imp_AIL_set_sample_loop_block
0AF 00000000 UNDEF  notype       External     | __imp_AIL_sample_status
0B0 00000000 UNDEF  notype       External     | __imp_AIL_sample_playback_rate
0B1 00000000 UNDEF  notype       External     | __imp_AIL_sample_volume_levels
0B2 00000000 UNDEF  notype       External     | __imp_AIL_sample_reverb_levels
0B3 00000000 UNDEF  notype       External     | __imp_AIL_set_sample_position
0B4 00000000 UNDEF  notype       External     | __imp_AIL_sample_position
0B5 00000000 UNDEF  notype       External     | __imp_AIL_active_sample_count
0B6 00000000 UNDEF  notype       External     | __imp_AIL_set_sample_ms_position
0B7 00000000 UNDEF  notype       External     | __imp_AIL_sample_ms_position
0B8 00000000 UNDEF  notype       External     | __imp_AIL_open_stream
0B9 00000000 UNDEF  notype       External     | __imp_AIL_close_stream
0BA 00000000 UNDEF  notype       External     | __imp_AIL_stream_sample_handle
0BB 00000000 UNDEF  notype       External     | __imp_AIL_start_stream
0BC 00000000 UNDEF  notype       External     | __imp_AIL_set_stream_loop_count
0BD 00000000 UNDEF  notype       External     | __imp_AIL_set_stream_loop_block
0BE 00000000 UNDEF  notype       External     | __imp_AIL_stream_status
0BF 00000000 UNDEF  notype       External     | __imp_AIL_set_stream_ms_position
0C0 00000000 UNDEF  notype       External     | __imp_AIL_stream_ms_position
0C1 00000000 UNDEF  notype       External     | __imp_AIL_WAV_info
0C2 00000000 UNDEF  notype       External     | __imp_AIL_file_type
0C3 00000000 UNDEF  notype       External     | __imp_AIL_room_type
0C4 00000000 UNDEF  notype       External     | __imp_AIL_set_room_type
0C5 00000000 UNDEF  notype       External     | __imp_AIL_set_3D_rolloff_factor
0C6 00000000 UNDEF  notype       External     | __imp_AIL_set_sample_obstruction
0C7 00000000 UNDEF  notype       External     | __imp_AIL_set_sample_occlusion
0C8 00000000 UNDEF  notype       External     | __imp_AIL_set_sample_3D_distances
0C9 00000000 UNDEF  notype       External     | __imp_AIL_set_sample_3D_position
0CA 00000000 UNDEF  notype       External     | __imp_AIL_set_sample_3D_velocity_vector
0CB 00000000 UNDEF  notype       External     | __imp_AIL_set_listener_3D_position
0CC 00000000 UNDEF  notype       External     | __imp_AIL_set_listener_3D_velocity_vector
0CD 00000000 UNDEF  notype       External     | __imp_AIL_set_listener_3D_orientation
0CE 00000000 SECT3  notype       Label        | $LN6
0CF 00000000 SECT35 notype       Static       | .xdata
    Section length    C, #relocs    0, #linenums    0, checksum DC73F8E8, selection    5 (pick associative Section 0x3)
0D1 00000000 SECT35 notype       Static       | $unwind$?WAV_info@ClientMilesNativeCalls60@@YAHPEBXPEAUSampleInformation@ClientMiles@@@Z
0D2 00000000 SECT36 notype       Static       | .pdata
    Section length    C, #relocs    3, #linenums    0, checksum FC65AF44, selection    5 (pick associative Section 0x3)
0D4 00000000 SECT36 notype       Static       | $pdata$?WAV_info@ClientMilesNativeCalls60@@YAHPEBXPEAUSampleInformation@ClientMiles@@@Z
0D5 00000000 UNDEF  notype       External     | _fltused

String Table Size = 0x1584 bytes

  Summary

          94 .debug$S
          C1 .drectve
           C .pdata
         1EF .text$mn
           C .xdata
