export=vx_on_application_exit resolved=1
export=destroy_resp resolved=1
export=destroy_evt resolved=1
export=vx_get_message resolved=1
export=vx_issue_request resolved=1
export=vx_strdup resolved=1
export=vx_req_connector_initiate_shutdown_create resolved=1
export=vx_req_account_logout_create resolved=1
export=vx_req_connector_create_create resolved=1
export=vx_req_account_login_create resolved=1
export=vx_req_account_channel_add_moderator_create resolved=1
export=vx_req_account_channel_remove_moderator_create resolved=1
export=vx_req_channel_ban_user_create resolved=1
export=vx_req_channel_kick_user_create resolved=1
export=vx_req_channel_mute_user_create resolved=1
export=vx_req_channel_mute_all_users_create resolved=1
export=vx_req_account_channel_update_create resolved=1
export=vx_req_account_channel_get_moderators_create resolved=1
export=vx_req_sessiongroup_create_create resolved=1
export=vx_req_sessiongroup_add_session_create resolved=1
export=vx_req_sessiongroup_remove_session_create resolved=1
export=vx_req_sessiongroup_terminate_create resolved=1
export=vx_req_session_create_create resolved=1
export=vx_req_session_terminate_create resolved=1
export=vx_req_session_media_disconnect_create resolved=1
export=vx_req_session_send_message_create resolved=1
export=vx_req_connector_mute_local_mic_create resolved=1
export=vx_req_connector_mute_local_speaker_create resolved=1
export=vx_req_connector_set_local_mic_volume_create resolved=1
export=vx_req_connector_set_local_speaker_volume_create resolved=1
export=vx_req_session_set_participant_mute_for_me_create resolved=1
export=vx_req_session_set_participant_volume_for_me_create resolved=1
export=vx_req_aux_get_render_devices_create resolved=1
export=vx_req_aux_set_render_device_create resolved=1
export=vx_req_aux_get_capture_devices_create resolved=1
export=vx_req_aux_set_capture_device_create resolved=1
export=vx_req_aux_start_buffer_capture_create resolved=1
export=vx_req_aux_play_audio_buffer_create resolved=1
export=vx_req_aux_render_audio_stop_create resolved=1
export=vx_req_session_set_3d_position_create resolved=1
export=vx_req_sessiongroup_set_tx_session_create resolved=1
export=vx_req_aux_global_monitor_keyboard_mouse_create resolved=1
export=vx_req_session_mute_local_speaker_create resolved=1
export=vx_req_session_set_local_speaker_volume_create resolved=1
export=vx_req_session_send_notification_create resolved=1
export=vx_req_aux_capture_audio_start_create resolved=1
export=vx_req_aux_capture_audio_stop_create resolved=1
export=vx_req_aux_set_mic_level_create resolved=1
export=vx_req_aux_set_speaker_level_create resolved=1
export=vx_req_aux_diagnostic_state_dump_create resolved=1
export=vx_alloc_sdk_handle resolved=1
export=vx_free_sdk_handle resolved=1
sdk-version=3.0.0005.7314
request-type=87 expected=87
xml-roundtrip=1 type=87
exports=52 missing=0 local_lifecycle=1 pointer_bits=32 no_request_issued=1
